1
 x13



                                ***********************************************
                                *                                             *
                                *  NUMERICAL ELECTROMAGNETICS CODE (NEC-5)    *
                                *                                             *
                                ***********************************************




                      **********************************************************

                          Dipole in free space                                                         
                                                                                                       
                          EZNEC Pro/2+ v. 7.0.4  2026-08-25 16:07:08                                   
                                                                                                       
                          ! Written by EZNEC/Pro+ v. 7.0 in NEC-5 format.                              
                                                                                                       

                      **********************************************************





                                 - - - STRUCTURE SPECIFICATION - - -

                                     COORDINATES MUST BE INPUT IN
                                     METERS OR BE SCALED TO METERS
                                     BEFORE STRUCTURE INPUT IS ENDED

 Model definition commands:

 GW    1    11  0.00000E+00 -2.50000E-01  0.00000E+00  0.00000E+00  2.50000E-01  0.00000E+00  5.00000E-04
 GE    0   -1

 Number of nodes :    12
 Number of wire elements :    11
 Number of patch elements:     0
 Number unknowns:    10




 ***** INPUT LINE  1  FR   0    1    0    0  3.37000E+02  0.00000E+00  0.00000E+00  0.00000E+00  0.00000E+00  0.00000E+00
 ***** INPUT LINE  2  GN  -1    0    0    0  0.00000E+00  0.00000E+00  0.00000E+00  0.00000E+00  0.00000E+00  0.00000E+00
 ***** INPUT LINE  3  EX   4    1    6    0  1.41421E+00  0.00000E+00  0.00000E+00  0.00000E+00  0.00000E+00  0.00000E+00
 ***** INPUT LINE  4  PQ   0    0    0    0  0.00000E+00  0.00000E+00  0.00000E+00  0.00000E+00  0.00000E+00  0.00000E+00
 ***** INPUT LINE  5  XQ   0    0    0    0  0.00000E+00  0.00000E+00  0.00000E+00  0.00000E+00  0.00000E+00  0.00000E+00




                                 - - - - - - FREQUENCY - - - - - -

                                    FREQUENCY= 3.3700E+02 MHZ
                                    WAVELENGTH= 8.8961E-01 METERS



                                  - - - ANTENNA ENVIRONMENT - - -

                                            FREE SPACE



                               - - - STRUCTURE IMPEDANCE LOADING - - -

                                   THIS STRUCTURE IS NOT LOADED
ALLOCATE CM:            100



                                - - - MATRIX TIMING - - -

                        FILL=    0.000 SEC.,  FACTOR=    0.000 SEC.



                                          - - - ANTENNA INPUT PARAMETERS - - -

   TAG   SEG.    VOLTAGE (VOLTS)         CURRENT (AMPS)         IMPEDANCE (OHMS)        ADMITTANCE (MHOS)      POWER
   NO.   NO.    REAL        IMAG.       REAL        IMAG.       REAL        IMAG.       REAL        IMAG.     (WATTS)
   1     6 1  1.7157E+02  2.3416E+02  1.4142E+00  0.0000E+00  1.2132E+02  1.6557E+02  2.8794E-03 -3.9298E-03  1.2132E+02



                                       - - - Wire Currents - - -

                             Lengths normalized by wavelength (or 2.*pi/CABS(k))

  Elem.  Tag            Coord. of seg. center          Seg.            - - - Current (Amps) - - -
   No.   No.     X            Y            Z           Length       Real         Imag.        Mag.         Phase
      1    1  0.00000E+00 -2.55473E-01  0.00000E+00  5.10947E-02  2.78515E-01 -4.94688E-02  2.82874E-01  -10.0716
      2    1  0.00000E+00 -2.04379E-01  0.00000E+00  5.10947E-02  7.79745E-01 -1.29119E-01  7.90363E-01   -9.4024
      3    1  0.00000E+00 -1.53284E-01  0.00000E+00  5.10947E-02  1.16844E+00 -1.70901E-01  1.18088E+00   -8.3213
      4    1  0.00000E+00 -1.02189E-01  0.00000E+00  5.10947E-02  1.43086E+00 -1.74221E-01  1.44142E+00   -6.9422
      5    1  0.00000E+00 -5.10947E-02  0.00000E+00  5.10947E-02  1.54439E+00 -1.37136E-01  1.55047E+00   -5.0743
      6    1  0.00000E+00  3.89995E-17  0.00000E+00  5.10947E-02  1.48786E+00 -5.41659E-02  1.48884E+00   -2.0849
      7    1  0.00000E+00  5.10947E-02  0.00000E+00  5.10947E-02  1.41186E+00 -3.92524E-02  1.41241E+00   -1.5925
      8    1  0.00000E+00  1.02189E-01  0.00000E+00  5.10947E-02  1.32323E+00 -9.39847E-02  1.32656E+00   -4.0627
      9    1  0.00000E+00  1.53284E-01  0.00000E+00  5.10947E-02  1.08399E+00 -1.07387E-01  1.08930E+00   -5.6576
     10    1  0.00000E+00  2.04379E-01  0.00000E+00  5.10947E-02  7.24458E-01 -8.71888E-02  7.29686E-01   -6.8626
     11    1  0.00000E+00  2.55473E-01  0.00000E+00  5.10947E-02  2.58938E-01 -3.45344E-02  2.61231E-01   -7.5967



                             - - - Wire Charge Densities - - -

                     Lengths normalized by wavelength (or 2.*pi/CABS(k))

  ELEM.  TAG          Coord. of Seg. Center           Seg.        Charge Density (C/m)
   No.   No.     X            Y            Z          Length        Mag.         Phase
      1    1  0.00000E+00 -2.55473E-01  0.00000E+00  5.10947E-02  5.87810E-09   79.9284
      2    1  0.00000E+00 -2.04379E-01  0.00000E+00  5.10947E-02  4.67028E-09   82.2825
      3    1  0.00000E+00 -1.53284E-01  0.00000E+00  5.10947E-02  3.45754E-09   86.0021
      4    1  0.00000E+00 -1.02189E-01  0.00000E+00  5.10947E-02  2.01114E-09   94.9079
      5    1  0.00000E+00 -5.10947E-02  0.00000E+00  5.10947E-02  6.96186E-10  149.2905
      6    1  0.00000E+00  3.89995E-17  0.00000E+00  5.10947E-02  1.89967E-09 -126.3347
      7    1  0.00000E+00  5.10947E-02  0.00000E+00  5.10947E-02  8.17120E-10   -3.4265
      8    1  0.00000E+00  1.02189E-01  0.00000E+00  5.10947E-02  1.82159E-09  -79.8289
      9    1  0.00000E+00  1.53284E-01  0.00000E+00  5.10947E-02  3.17864E-09  -90.7783
     10    1  0.00000E+00  2.04379E-01  0.00000E+00  5.10947E-02  4.30923E-09  -95.0128
     11    1  0.00000E+00  2.55473E-01  0.00000E+00  5.10947E-02  5.42835E-09  -97.5967



                                        - - - POWER BUDGET - - -

                                           INPUT POWER   = 1.2132E+02 WATTS
                                           RADIATED POWER= 1.2132E+02 WATTS
                                           WIRE LOSS     = 0.0000E+00 WATTS
                                           EFFICIENCY    = 100.00 PERCENT




 ***** INPUT LINE  6  EN   0    0    0    0  0.00000E+00  0.00000E+00  0.00000E+00  0.00000E+00  0.00000E+00  0.00000E+00

 RUN TIME =     0.000
