1
 momwire 0.70.0 bspline avx2


                                ***********************************************
                                *                                             *
                                *  NUMERICAL ELECTROMAGNETICS CODE (NEC-4.2)  *
                                *                                             *
                                ***********************************************




                      **********************************************************

                          Dipole in free space                                                         
                                                                                                       
                          EZNEC Pro/2+ v. 7.0.4  2026-10-03 16:29:26                                   
                                                                                                       
                          ! Written by EZNEC/Pro+ v. 7.0 in NEC-4.2 format.                            
                                                                                                       

                      **********************************************************





                                 - - - STRUCTURE SPECIFICATION - - -

                                     COORDINATES MUST BE INPUT IN
                                     METERS OR BE SCALED TO METERS
                                     BEFORE STRUCTURE INPUT IS ENDED


  WIRE                                                                               NO. OF    FIRST  LAST     TAG
  NO.        X1         Y1         Z1          X2         Y2         Z2      RADIUS   SEG.     SEG.   SEG.     NO.
     1    0.00000   -0.25000    0.00000     0.00000    0.25000    0.00000    0.00050     11        1    11       1

   TOTAL SEGMENTS USED=   11     NO. SEG. IN A SYMMETRIC CELL=   11     SYMMETRY FLAG=  0


         - MULTIPLE WIRE JUNCTIONS -
 JUNCTION    SEGMENTS  (- FOR END 1, + FOR END 2)
  NONE




                                 - - - - SEGMENTATION DATA - - - -

                                        COORDINATES IN METERS

                         I+ AND I- INDICATE THE SEGMENTS BEFORE AND AFTER I


  SEG.   COORDINATES OF SEG. CENTER     SEG.     ORIENTATION ANGLES    WIRE    CONNECTION DATA   TAG
  NO.       X         Y         Z       LENGTH     ALPHA     BETA      RADIUS    I-   I    I+    NO.
     1   0.00000  -0.22727   0.00000   0.04545    0.00000  90.00000   0.00050     0    1    2      1
     2   0.00000  -0.18182   0.00000   0.04545    0.00000  90.00000   0.00050     1    2    3      1
     3   0.00000  -0.13636   0.00000   0.04545    0.00000  90.00000   0.00050     2    3    4      1
     4   0.00000  -0.09091   0.00000   0.04545    0.00000  90.00000   0.00050     3    4    5      1
     5   0.00000  -0.04545   0.00000   0.04545    0.00000  90.00000   0.00050     4    5    6      1
     6   0.00000   0.00000   0.00000   0.04545    0.00000  90.00000   0.00050     5    6    7      1
     7   0.00000   0.04545   0.00000   0.04545    0.00000  90.00000   0.00050     6    7    8      1
     8   0.00000   0.09091   0.00000   0.04545    0.00000  90.00000   0.00050     7    8    9      1
     9   0.00000   0.13636   0.00000   0.04545    0.00000  90.00000   0.00050     8    9   10      1
    10   0.00000   0.18182   0.00000   0.04545    0.00000  90.00000   0.00050     9   10   11      1
    11   0.00000   0.22727   0.00000   0.04545    0.00000  90.00000   0.00050    10   11    0      1




 ***** INPUT LINE  1  FR   0    1    0    0  2.99793E+02  0.00000E+00  0.00000E+00  0.00000E+00  0.00000E+00  0.00000E+00
 ***** INPUT LINE  2  GN  -1    0    0    0  0.00000E+00  0.00000E+00  0.00000E+00  0.00000E+00  0.00000E+00  0.00000E+00
 ***** INPUT LINE  3  EX   6    1    6    0  1.41421E+00  0.00000E+00  0.00000E+00  0.00000E+00  0.00000E+00  0.00000E+00
 ***** INPUT LINE  4  PQ   0    0    0    0  0.00000E+00  0.00000E+00  0.00000E+00  0.00000E+00  0.00000E+00  0.00000E+00
 ***** INPUT LINE  5  XQ   0    0    0    0  0.00000E+00  0.00000E+00  0.00000E+00  0.00000E+00  0.00000E+00  0.00000E+00




                                 - - - - - - FREQUENCY - - - - - -

                                    FREQUENCY= 2.9979E+02 MHZ
                                    WAVELENGTH= 1.0000E+00 METERS



                                  - - - ANTENNA ENVIRONMENT - - -

                                            FREE SPACE



                               - - - STRUCTURE IMPEDANCE LOADING - - -

                                   THIS STRUCTURE IS NOT LOADED



                                - - - MATRIX TIMING - - -

                        FILL=    0.003 SEC.,  FACTOR=    0.000 SEC.



                                          - - - ANTENNA INPUT PARAMETERS - - -

   TAG   SEG.    VOLTAGE (VOLTS)         CURRENT (AMPS)         IMPEDANCE (OHMS)        ADMITTANCE (MHOS)      POWER
   NO.   NO.    REAL        IMAG.       REAL        IMAG.       REAL        IMAG.       REAL        IMAG.     (WATTS)
     1     6 1.16136E+02 6.49342E+01 1.41421E+00 0.00000E+00 8.21202E+01 4.59154E+01 9.27707E-03-5.18704E-03 8.21203E+01



                             - - - CURRENTS AND LOCATION - - -

                     LENGTHS NORMALIZED BY WAVELENGTH (OR 2.*PI/CABS(K))

  SEG.  TAG    COORD. OF SEG. CENTER     SEG.            - - - CURRENT (AMPS) - - -
  NO.   NO.     X        Y        Z      LENGTH     REAL        IMAG.       MAG.        PHASE
     1    1   0.0000  -0.2273   0.0000  0.04545   2.4049E-01 -2.5007E-02  2.4179E-01   -5.936
     2    1   0.0000  -0.1818   0.0000  0.04545   6.6346E-01 -6.2436E-02  6.6639E-01   -5.376
     3    1   0.0000  -0.1364   0.0000  0.04545   9.9193E-01 -7.7233E-02  9.9494E-01   -4.452
     4    1   0.0000  -0.0909   0.0000  0.04545   1.2350E+00 -7.2324E-02  1.2372E+00   -3.351
     5    1   0.0000  -0.0455   0.0000  0.04545   1.3716E+00 -4.1527E-02  1.3722E+00   -1.734
     6    1   0.0000   0.0000   0.0000  0.04545   1.4142E+00  9.9923E-17  1.4142E+00    0.000
     7    1   0.0000   0.0455   0.0000  0.04545   1.3716E+00 -4.1527E-02  1.3722E+00   -1.734
     8    1   0.0000   0.0909   0.0000  0.04545   1.2350E+00 -7.2324E-02  1.2372E+00   -3.351
     9    1   0.0000   0.1364   0.0000  0.04545   9.9193E-01 -7.7233E-02  9.9494E-01   -4.452
    10    1   0.0000   0.1818   0.0000  0.04545   6.6346E-01 -6.2436E-02  6.6639E-01   -5.376
    11    1   0.0000   0.2273   0.0000  0.04545   2.4049E-01 -2.5007E-02  2.4179E-01   -5.936



                                  - - - CHARGE DENSITIES - - -

                       LENGTHS NORMALIZED TO WAVELENGTH (OR 2.*PI/CABS(K))


  SEG.  TAG    COORD. OF SEG. CENTER     SEG.          CHARGE DENSITY (COULOMBS/METER)
  NO.   NO.     X        Y        Z      LENGTH     REAL        IMAG.       MAG.        PHASE
     1E   1   0.0000  -0.2500   0.0000  0.04545   7.8225E-10  6.6848E-09  6.7304E-09   83.326
     1    1   0.0000  -0.2273   0.0000  0.04545   5.8413E-10  5.6176E-09  5.6479E-09   84.064
     2    1   0.0000  -0.1818   0.0000  0.04545   2.9016E-10  4.2624E-09  4.2722E-09   86.106
     3    1   0.0000  -0.1364   0.0000  0.04545   5.5484E-11  3.4105E-09  3.4110E-09   89.068
     4    1   0.0000  -0.0909   0.0000  0.04545  -1.7014E-10  2.2683E-09  2.2746E-09   94.290
     5    1   0.0000  -0.0455   0.0000  0.04545  -5.4925E-10  9.2062E-10  1.0720E-09  120.821
     6    1   0.0000   0.0000   0.0000  0.04545   0.0000E+00  0.0000E+00  0.0000E+00    0.000
     7    1   0.0000   0.0455   0.0000  0.04545   5.4925E-10 -9.2062E-10  1.0720E-09  -59.179
     8    1   0.0000   0.0909   0.0000  0.04545   1.7014E-10 -2.2683E-09  2.2746E-09  -85.710
     9    1   0.0000   0.1364   0.0000  0.04545  -5.5484E-11 -3.4105E-09  3.4110E-09  -90.932
    10    1   0.0000   0.1818   0.0000  0.04545  -2.9016E-10 -4.2624E-09  4.2722E-09  -93.894
    11    1   0.0000   0.2273   0.0000  0.04545  -5.8413E-10 -5.6176E-09  5.6479E-09  -95.936
    11E   1   0.0000   0.2500   0.0000  0.04545  -7.8225E-10 -6.6848E-09  6.7304E-09  -96.674



                                        - - - POWER BUDGET - - -

                                           INPUT POWER   = 8.2120E+01 WATTS
                                           RADIATED POWER= 8.2120E+01 WATTS
                                           WIRE LOSS     = 0.0000E+00 WATTS
                                           EFFICIENCY    = 100.00 PERCENT




 ***** INPUT LINE  6  EN   0    0    0    0  0.00000E+00  0.00000E+00  0.00000E+00  0.00000E+00  0.00000E+00  0.00000E+00

 RUN TIME =     0.006
