1
 momwire 0.70.0 bspline avx2


                                ***********************************************
                                *                                             *
                                *  NUMERICAL ELECTROMAGNETICS CODE (NEC-4.2)  *
                                *                                             *
                                ***********************************************




                      **********************************************************

                          Dipole in free space                                                         
                                                                                                       
                          EZNEC Pro/2+ v. 7.0.4  2026-10-03 16:31:02                                   
                                                                                                       
                          ! Written by EZNEC/Pro+ v. 7.0 in NEC-4.2 format.                            
                                                                                                       

                      **********************************************************





                                 - - - STRUCTURE SPECIFICATION - - -

                                     COORDINATES MUST BE INPUT IN
                                     METERS OR BE SCALED TO METERS
                                     BEFORE STRUCTURE INPUT IS ENDED


  WIRE                                                                               NO. OF    FIRST  LAST     TAG
  NO.        X1         Y1         Z1          X2         Y2         Z2      RADIUS   SEG.     SEG.   SEG.     NO.
     1    0.00000   -0.25000    0.00000     0.00000    0.25000    0.00000    0.00050     11        1    11       1

   TOTAL SEGMENTS USED=   11     NO. SEG. IN A SYMMETRIC CELL=   11     SYMMETRY FLAG=  0


         - MULTIPLE WIRE JUNCTIONS -
 JUNCTION    SEGMENTS  (- FOR END 1, + FOR END 2)
  NONE




                                 - - - - SEGMENTATION DATA - - - -

                                        COORDINATES IN METERS

                         I+ AND I- INDICATE THE SEGMENTS BEFORE AND AFTER I


  SEG.   COORDINATES OF SEG. CENTER     SEG.     ORIENTATION ANGLES    WIRE    CONNECTION DATA   TAG
  NO.       X         Y         Z       LENGTH     ALPHA     BETA      RADIUS    I-   I    I+    NO.
     1   0.00000  -0.22727   0.00000   0.04545    0.00000  90.00000   0.00050     0    1    2      1
     2   0.00000  -0.18182   0.00000   0.04545    0.00000  90.00000   0.00050     1    2    3      1
     3   0.00000  -0.13636   0.00000   0.04545    0.00000  90.00000   0.00050     2    3    4      1
     4   0.00000  -0.09091   0.00000   0.04545    0.00000  90.00000   0.00050     3    4    5      1
     5   0.00000  -0.04545   0.00000   0.04545    0.00000  90.00000   0.00050     4    5    6      1
     6   0.00000   0.00000   0.00000   0.04545    0.00000  90.00000   0.00050     5    6    7      1
     7   0.00000   0.04545   0.00000   0.04545    0.00000  90.00000   0.00050     6    7    8      1
     8   0.00000   0.09091   0.00000   0.04545    0.00000  90.00000   0.00050     7    8    9      1
     9   0.00000   0.13636   0.00000   0.04545    0.00000  90.00000   0.00050     8    9   10      1
    10   0.00000   0.18182   0.00000   0.04545    0.00000  90.00000   0.00050     9   10   11      1
    11   0.00000   0.22727   0.00000   0.04545    0.00000  90.00000   0.00050    10   11    0      1




 ***** INPUT LINE  1  FR   0    1    0    0  2.99793E+02  0.00000E+00  0.00000E+00  0.00000E+00  0.00000E+00  0.00000E+00
 ***** INPUT LINE  2  GN  -1    0    0    0  0.00000E+00  0.00000E+00  0.00000E+00  0.00000E+00  0.00000E+00  0.00000E+00
 ***** INPUT LINE  3  EX   6    1    6    0  1.41421E+00  0.00000E+00  0.00000E+00  0.00000E+00  0.00000E+00  0.00000E+00
 ***** INPUT LINE  4  PQ   0    0    0    0  0.00000E+00  0.00000E+00  0.00000E+00  0.00000E+00  0.00000E+00  0.00000E+00
 ***** INPUT LINE  5  RP   0  361    1 1000  9.00000E+01  0.00000E+00 -1.00000E+00  0.00000E+00  0.00000E+00  0.00000E+00




                                 - - - - - - FREQUENCY - - - - - -

                                    FREQUENCY= 2.9979E+02 MHZ
                                    WAVELENGTH= 1.0000E+00 METERS



                                  - - - ANTENNA ENVIRONMENT - - -

                                            FREE SPACE



                               - - - STRUCTURE IMPEDANCE LOADING - - -

                                   THIS STRUCTURE IS NOT LOADED



                                - - - MATRIX TIMING - - -

                        FILL=    0.003 SEC.,  FACTOR=    0.000 SEC.



                                          - - - ANTENNA INPUT PARAMETERS - - -

   TAG   SEG.    VOLTAGE (VOLTS)         CURRENT (AMPS)         IMPEDANCE (OHMS)        ADMITTANCE (MHOS)      POWER
   NO.   NO.    REAL        IMAG.       REAL        IMAG.       REAL        IMAG.       REAL        IMAG.     (WATTS)
     1     6 1.16136E+02 6.49342E+01 1.41421E+00 0.00000E+00 8.21202E+01 4.59154E+01 9.27707E-03-5.18704E-03 8.21203E+01



                             - - - CURRENTS AND LOCATION - - -

                     LENGTHS NORMALIZED BY WAVELENGTH (OR 2.*PI/CABS(K))

  SEG.  TAG    COORD. OF SEG. CENTER     SEG.            - - - CURRENT (AMPS) - - -
  NO.   NO.     X        Y        Z      LENGTH     REAL        IMAG.       MAG.        PHASE
     1    1   0.0000  -0.2273   0.0000  0.04545   2.4049E-01 -2.5007E-02  2.4179E-01   -5.936
     2    1   0.0000  -0.1818   0.0000  0.04545   6.6346E-01 -6.2436E-02  6.6639E-01   -5.376
     3    1   0.0000  -0.1364   0.0000  0.04545   9.9193E-01 -7.7233E-02  9.9494E-01   -4.452
     4    1   0.0000  -0.0909   0.0000  0.04545   1.2350E+00 -7.2324E-02  1.2372E+00   -3.351
     5    1   0.0000  -0.0455   0.0000  0.04545   1.3716E+00 -4.1527E-02  1.3722E+00   -1.734
     6    1   0.0000   0.0000   0.0000  0.04545   1.4142E+00  9.9923E-17  1.4142E+00    0.000
     7    1   0.0000   0.0455   0.0000  0.04545   1.3716E+00 -4.1527E-02  1.3722E+00   -1.734
     8    1   0.0000   0.0909   0.0000  0.04545   1.2350E+00 -7.2324E-02  1.2372E+00   -3.351
     9    1   0.0000   0.1364   0.0000  0.04545   9.9193E-01 -7.7233E-02  9.9494E-01   -4.452
    10    1   0.0000   0.1818   0.0000  0.04545   6.6346E-01 -6.2436E-02  6.6639E-01   -5.376
    11    1   0.0000   0.2273   0.0000  0.04545   2.4049E-01 -2.5007E-02  2.4179E-01   -5.936



                                  - - - CHARGE DENSITIES - - -

                       LENGTHS NORMALIZED TO WAVELENGTH (OR 2.*PI/CABS(K))


  SEG.  TAG    COORD. OF SEG. CENTER     SEG.          CHARGE DENSITY (COULOMBS/METER)
  NO.   NO.     X        Y        Z      LENGTH     REAL        IMAG.       MAG.        PHASE
     1E   1   0.0000  -0.2500   0.0000  0.04545   7.8225E-10  6.6848E-09  6.7304E-09   83.326
     1    1   0.0000  -0.2273   0.0000  0.04545   5.8413E-10  5.6176E-09  5.6479E-09   84.064
     2    1   0.0000  -0.1818   0.0000  0.04545   2.9016E-10  4.2624E-09  4.2722E-09   86.106
     3    1   0.0000  -0.1364   0.0000  0.04545   5.5484E-11  3.4105E-09  3.4110E-09   89.068
     4    1   0.0000  -0.0909   0.0000  0.04545  -1.7014E-10  2.2683E-09  2.2746E-09   94.290
     5    1   0.0000  -0.0455   0.0000  0.04545  -5.4925E-10  9.2062E-10  1.0720E-09  120.821
     6    1   0.0000   0.0000   0.0000  0.04545   0.0000E+00  0.0000E+00  0.0000E+00    0.000
     7    1   0.0000   0.0455   0.0000  0.04545   5.4925E-10 -9.2062E-10  1.0720E-09  -59.179
     8    1   0.0000   0.0909   0.0000  0.04545   1.7014E-10 -2.2683E-09  2.2746E-09  -85.710
     9    1   0.0000   0.1364   0.0000  0.04545  -5.5484E-11 -3.4105E-09  3.4110E-09  -90.932
    10    1   0.0000   0.1818   0.0000  0.04545  -2.9016E-10 -4.2624E-09  4.2722E-09  -93.894
    11    1   0.0000   0.2273   0.0000  0.04545  -5.8413E-10 -5.6176E-09  5.6479E-09  -95.936
    11E   1   0.0000   0.2500   0.0000  0.04545  -7.8225E-10 -6.6848E-09  6.7304E-09  -96.674



                                        - - - POWER BUDGET - - -

                                           INPUT POWER   = 8.2120E+01 WATTS
                                           RADIATED POWER= 8.2120E+01 WATTS
                                           WIRE LOSS     = 0.0000E+00 WATTS
                                           EFFICIENCY    = 100.00 PERCENT



                                                - - - RADIATION PATTERNS - - -

  - - ANGLES - -          - POWER GAINS -        - - - POLARIZATION - - -    - - - E(THETA) - - -    - - - E(PHI) - - -
  THETA     PHI        VERT.   HOR.    TOTAL      AXIAL     TILT   SENSE     MAGNITUDE    PHASE      MAGNITUDE    PHASE 
 DEGREES  DEGREES       DB      DB      DB        RATIO     DEG.               VOLTS     DEGREES       VOLTS     DEGREES
   90.00     0.00    -999.99    2.10    2.10    0.00000   -90.00  LINEAR    0.00000E+00     0.00    8.93177E+01   -93.16
   89.00     0.00    -999.99    2.10    2.10    0.00000   -90.00  LINEAR    0.00000E+00     0.00    8.93177E+01   -93.16
   88.00     0.00    -999.99    2.10    2.10    0.00000   -90.00  LINEAR    0.00000E+00     0.00    8.93177E+01   -93.16
   87.00     0.00    -999.99    2.10    2.10    0.00000   -90.00  LINEAR    0.00000E+00     0.00    8.93177E+01   -93.16
   86.00     0.00    -999.99    2.10    2.10    0.00000   -90.00  LINEAR    0.00000E+00     0.00    8.93177E+01   -93.16
   85.00     0.00    -999.99    2.10    2.10    0.00000   -90.00  LINEAR    0.00000E+00     0.00    8.93177E+01   -93.16
   84.00     0.00    -999.99    2.10    2.10    0.00000   -90.00  LINEAR    0.00000E+00     0.00    8.93177E+01   -93.16
   83.00     0.00    -999.99    2.10    2.10    0.00000   -90.00  LINEAR    0.00000E+00     0.00    8.93177E+01   -93.16
   82.00     0.00    -999.99    2.10    2.10    0.00000   -90.00  LINEAR    0.00000E+00     0.00    8.93177E+01   -93.16
   81.00     0.00    -999.99    2.10    2.10    0.00000   -90.00  LINEAR    0.00000E+00     0.00    8.93177E+01   -93.16
   80.00     0.00    -999.99    2.10    2.10    0.00000   -90.00  LINEAR    0.00000E+00     0.00    8.93177E+01   -93.16
   79.00     0.00    -999.99    2.10    2.10    0.00000   -90.00  LINEAR    0.00000E+00     0.00    8.93177E+01   -93.16
   78.00     0.00    -999.99    2.10    2.10    0.00000   -90.00  LINEAR    0.00000E+00     0.00    8.93177E+01   -93.16
   77.00     0.00    -999.99    2.10    2.10    0.00000   -90.00  LINEAR    0.00000E+00     0.00    8.93177E+01   -93.16
   76.00     0.00    -999.99    2.10    2.10    0.00000   -90.00  LINEAR    0.00000E+00     0.00    8.93177E+01   -93.16
   75.00     0.00    -999.99    2.10    2.10    0.00000   -90.00  LINEAR    0.00000E+00     0.00    8.93177E+01   -93.16
   74.00     0.00    -999.99    2.10    2.10    0.00000   -90.00  LINEAR    0.00000E+00     0.00    8.93177E+01   -93.16
   73.00     0.00    -999.99    2.10    2.10    0.00000   -90.00  LINEAR    0.00000E+00     0.00    8.93177E+01   -93.16
   72.00     0.00    -999.99    2.10    2.10    0.00000   -90.00  LINEAR    0.00000E+00     0.00    8.93177E+01   -93.16
   71.00     0.00    -999.99    2.10    2.10    0.00000   -90.00  LINEAR    0.00000E+00     0.00    8.93177E+01   -93.16
   70.00     0.00    -999.99    2.10    2.10    0.00000   -90.00  LINEAR    0.00000E+00     0.00    8.93177E+01   -93.16
   69.00     0.00    -999.99    2.10    2.10    0.00000   -90.00  LINEAR    0.00000E+00     0.00    8.93177E+01   -93.16
   68.00     0.00    -999.99    2.10    2.10    0.00000   -90.00  LINEAR    0.00000E+00     0.00    8.93177E+01   -93.16
   67.00     0.00    -999.99    2.10    2.10    0.00000   -90.00  LINEAR    0.00000E+00     0.00    8.93177E+01   -93.16
   66.00     0.00    -999.99    2.10    2.10    0.00000   -90.00  LINEAR    0.00000E+00     0.00    8.93177E+01   -93.16
   65.00     0.00    -999.99    2.10    2.10    0.00000   -90.00  LINEAR    0.00000E+00     0.00    8.93177E+01   -93.16
   64.00     0.00    -999.99    2.10    2.10    0.00000   -90.00  LINEAR    0.00000E+00     0.00    8.93177E+01   -93.16
   63.00     0.00    -999.99    2.10    2.10    0.00000   -90.00  LINEAR    0.00000E+00     0.00    8.93177E+01   -93.16
   62.00     0.00    -999.99    2.10    2.10    0.00000   -90.00  LINEAR    0.00000E+00     0.00    8.93177E+01   -93.16
   61.00     0.00    -999.99    2.10    2.10    0.00000   -90.00  LINEAR    0.00000E+00     0.00    8.93177E+01   -93.16
   60.00     0.00    -999.99    2.10    2.10    0.00000   -90.00  LINEAR    0.00000E+00     0.00    8.93177E+01   -93.16
   59.00     0.00    -999.99    2.10    2.10    0.00000   -90.00  LINEAR    0.00000E+00     0.00    8.93177E+01   -93.16
   58.00     0.00    -999.99    2.10    2.10    0.00000   -90.00  LINEAR    0.00000E+00     0.00    8.93177E+01   -93.16
   57.00     0.00    -999.99    2.10    2.10    0.00000   -90.00  LINEAR    0.00000E+00     0.00    8.93177E+01   -93.16
   56.00     0.00    -999.99    2.10    2.10    0.00000   -90.00  LINEAR    0.00000E+00     0.00    8.93177E+01   -93.16
   55.00     0.00    -999.99    2.10    2.10    0.00000   -90.00  LINEAR    0.00000E+00     0.00    8.93177E+01   -93.16
   54.00     0.00    -999.99    2.10    2.10    0.00000   -90.00  LINEAR    0.00000E+00     0.00    8.93177E+01   -93.16
   53.00     0.00    -999.99    2.10    2.10    0.00000   -90.00  LINEAR    0.00000E+00     0.00    8.93177E+01   -93.16
   52.00     0.00    -999.99    2.10    2.10    0.00000   -90.00  LINEAR    0.00000E+00     0.00    8.93177E+01   -93.16
   51.00     0.00    -999.99    2.10    2.10    0.00000   -90.00  LINEAR    0.00000E+00     0.00    8.93177E+01   -93.16
   50.00     0.00    -999.99    2.10    2.10    0.00000   -90.00  LINEAR    0.00000E+00     0.00    8.93177E+01   -93.16
   49.00     0.00    -999.99    2.10    2.10    0.00000   -90.00  LINEAR    0.00000E+00     0.00    8.93177E+01   -93.16
   48.00     0.00    -999.99    2.10    2.10    0.00000   -90.00  LINEAR    0.00000E+00     0.00    8.93177E+01   -93.16
   47.00     0.00    -999.99    2.10    2.10    0.00000   -90.00  LINEAR    0.00000E+00     0.00    8.93177E+01   -93.16
   46.00     0.00    -999.99    2.10    2.10    0.00000   -90.00  LINEAR    0.00000E+00     0.00    8.93177E+01   -93.16
   45.00     0.00    -999.99    2.10    2.10    0.00000   -90.00  LINEAR    0.00000E+00     0.00    8.93177E+01   -93.16
   44.00     0.00    -999.99    2.10    2.10    0.00000   -90.00  LINEAR    0.00000E+00     0.00    8.93177E+01   -93.16
   43.00     0.00    -999.99    2.10    2.10    0.00000   -90.00  LINEAR    0.00000E+00     0.00    8.93177E+01   -93.16
   42.00     0.00    -999.99    2.10    2.10    0.00000   -90.00  LINEAR    0.00000E+00     0.00    8.93177E+01   -93.16
   41.00     0.00    -999.99    2.10    2.10    0.00000   -90.00  LINEAR    0.00000E+00     0.00    8.93177E+01   -93.16
   40.00     0.00    -999.99    2.10    2.10    0.00000   -90.00  LINEAR    0.00000E+00     0.00    8.93177E+01   -93.16
   39.00     0.00    -999.99    2.10    2.10    0.00000   -90.00  LINEAR    0.00000E+00     0.00    8.93177E+01   -93.16
   38.00     0.00    -999.99    2.10    2.10    0.00000   -90.00  LINEAR    0.00000E+00     0.00    8.93177E+01   -93.16
   37.00     0.00    -999.99    2.10    2.10    0.00000   -90.00  LINEAR    0.00000E+00     0.00    8.93177E+01   -93.16
   36.00     0.00    -999.99    2.10    2.10    0.00000   -90.00  LINEAR    0.00000E+00     0.00    8.93177E+01   -93.16
   35.00     0.00    -999.99    2.10    2.10    0.00000   -90.00  LINEAR    0.00000E+00     0.00    8.93177E+01   -93.16
   34.00     0.00    -999.99    2.10    2.10    0.00000   -90.00  LINEAR    0.00000E+00     0.00    8.93177E+01   -93.16
   33.00     0.00    -999.99    2.10    2.10    0.00000   -90.00  LINEAR    0.00000E+00     0.00    8.93177E+01   -93.16
   32.00     0.00    -999.99    2.10    2.10    0.00000   -90.00  LINEAR    0.00000E+00     0.00    8.93177E+01   -93.16
   31.00     0.00    -999.99    2.10    2.10    0.00000   -90.00  LINEAR    0.00000E+00     0.00    8.93177E+01   -93.16
   30.00     0.00    -999.99    2.10    2.10    0.00000   -90.00  LINEAR    0.00000E+00     0.00    8.93177E+01   -93.16
   29.00     0.00    -999.99    2.10    2.10    0.00000   -90.00  LINEAR    0.00000E+00     0.00    8.93177E+01   -93.16
   28.00     0.00    -999.99    2.10    2.10    0.00000   -90.00  LINEAR    0.00000E+00     0.00    8.93177E+01   -93.16
   27.00     0.00    -999.99    2.10    2.10    0.00000   -90.00  LINEAR    0.00000E+00     0.00    8.93177E+01   -93.16
   26.00     0.00    -999.99    2.10    2.10    0.00000   -90.00  LINEAR    0.00000E+00     0.00    8.93177E+01   -93.16
   25.00     0.00    -999.99    2.10    2.10    0.00000   -90.00  LINEAR    0.00000E+00     0.00    8.93177E+01   -93.16
   24.00     0.00    -999.99    2.10    2.10    0.00000   -90.00  LINEAR    0.00000E+00     0.00    8.93177E+01   -93.16
   23.00     0.00    -999.99    2.10    2.10    0.00000   -90.00  LINEAR    0.00000E+00     0.00    8.93177E+01   -93.16
   22.00     0.00    -999.99    2.10    2.10    0.00000   -90.00  LINEAR    0.00000E+00     0.00    8.93177E+01   -93.16
   21.00     0.00    -999.99    2.10    2.10    0.00000   -90.00  LINEAR    0.00000E+00     0.00    8.93177E+01   -93.16
   20.00     0.00    -999.99    2.10    2.10    0.00000   -90.00  LINEAR    0.00000E+00     0.00    8.93177E+01   -93.16
   19.00     0.00    -999.99    2.10    2.10    0.00000   -90.00  LINEAR    0.00000E+00     0.00    8.93177E+01   -93.16
   18.00     0.00    -999.99    2.10    2.10    0.00000   -90.00  LINEAR    0.00000E+00     0.00    8.93177E+01   -93.16
   17.00     0.00    -999.99    2.10    2.10    0.00000   -90.00  LINEAR    0.00000E+00     0.00    8.93177E+01   -93.16
   16.00     0.00    -999.99    2.10    2.10    0.00000   -90.00  LINEAR    0.00000E+00     0.00    8.93177E+01   -93.16
   15.00     0.00    -999.99    2.10    2.10    0.00000   -90.00  LINEAR    0.00000E+00     0.00    8.93177E+01   -93.16
   14.00     0.00    -999.99    2.10    2.10    0.00000   -90.00  LINEAR    0.00000E+00     0.00    8.93177E+01   -93.16
   13.00     0.00    -999.99    2.10    2.10    0.00000   -90.00  LINEAR    0.00000E+00     0.00    8.93177E+01   -93.16
   12.00     0.00    -999.99    2.10    2.10    0.00000   -90.00  LINEAR    0.00000E+00     0.00    8.93177E+01   -93.16
   11.00     0.00    -999.99    2.10    2.10    0.00000   -90.00  LINEAR    0.00000E+00     0.00    8.93177E+01   -93.16
   10.00     0.00    -999.99    2.10    2.10    0.00000   -90.00  LINEAR    0.00000E+00     0.00    8.93177E+01   -93.16
    9.00     0.00    -999.99    2.10    2.10    0.00000   -90.00  LINEAR    0.00000E+00     0.00    8.93177E+01   -93.16
    8.00     0.00    -999.99    2.10    2.10    0.00000   -90.00  LINEAR    0.00000E+00     0.00    8.93177E+01   -93.16
    7.00     0.00    -999.99    2.10    2.10    0.00000   -90.00  LINEAR    0.00000E+00     0.00    8.93177E+01   -93.16
    6.00     0.00    -999.99    2.10    2.10    0.00000   -90.00  LINEAR    0.00000E+00     0.00    8.93177E+01   -93.16
    5.00     0.00    -999.99    2.10    2.10    0.00000   -90.00  LINEAR    0.00000E+00     0.00    8.93177E+01   -93.16
    4.00     0.00    -999.99    2.10    2.10    0.00000   -90.00  LINEAR    0.00000E+00     0.00    8.93177E+01   -93.16
    3.00     0.00    -999.99    2.10    2.10    0.00000   -90.00  LINEAR    0.00000E+00     0.00    8.93177E+01   -93.16
    2.00     0.00    -999.99    2.10    2.10    0.00000   -90.00  LINEAR    0.00000E+00     0.00    8.93177E+01   -93.16
    1.00     0.00    -999.99    2.10    2.10    0.00000   -90.00  LINEAR    0.00000E+00     0.00    8.93177E+01   -93.16
    0.00     0.00    -999.99    2.10    2.10    0.00000   -90.00  LINEAR    0.00000E+00     0.00    8.93177E+01   -93.16
   -1.00     0.00    -999.99    2.10    2.10    0.00000   -90.00  LINEAR    0.00000E+00     0.00    8.93177E+01   -93.16
   -2.00     0.00    -999.99    2.10    2.10    0.00000   -90.00  LINEAR    0.00000E+00     0.00    8.93177E+01   -93.16
   -3.00     0.00    -999.99    2.10    2.10    0.00000   -90.00  LINEAR    0.00000E+00     0.00    8.93177E+01   -93.16
   -4.00     0.00    -999.99    2.10    2.10    0.00000   -90.00  LINEAR    0.00000E+00     0.00    8.93177E+01   -93.16
   -5.00     0.00    -999.99    2.10    2.10    0.00000   -90.00  LINEAR    0.00000E+00     0.00    8.93177E+01   -93.16
   -6.00     0.00    -999.99    2.10    2.10    0.00000   -90.00  LINEAR    0.00000E+00     0.00    8.93177E+01   -93.16
   -7.00     0.00    -999.99    2.10    2.10    0.00000   -90.00  LINEAR    0.00000E+00     0.00    8.93177E+01   -93.16
   -8.00     0.00    -999.99    2.10    2.10    0.00000   -90.00  LINEAR    0.00000E+00     0.00    8.93177E+01   -93.16
   -9.00     0.00    -999.99    2.10    2.10    0.00000   -90.00  LINEAR    0.00000E+00     0.00    8.93177E+01   -93.16
  -10.00     0.00    -999.99    2.10    2.10    0.00000   -90.00  LINEAR    0.00000E+00     0.00    8.93177E+01   -93.16
  -11.00     0.00    -999.99    2.10    2.10    0.00000   -90.00  LINEAR    0.00000E+00     0.00    8.93177E+01   -93.16
  -12.00     0.00    -999.99    2.10    2.10    0.00000   -90.00  LINEAR    0.00000E+00     0.00    8.93177E+01   -93.16
  -13.00     0.00    -999.99    2.10    2.10    0.00000   -90.00  LINEAR    0.00000E+00     0.00    8.93177E+01   -93.16
  -14.00     0.00    -999.99    2.10    2.10    0.00000   -90.00  LINEAR    0.00000E+00     0.00    8.93177E+01   -93.16
  -15.00     0.00    -999.99    2.10    2.10    0.00000   -90.00  LINEAR    0.00000E+00     0.00    8.93177E+01   -93.16
  -16.00     0.00    -999.99    2.10    2.10    0.00000   -90.00  LINEAR    0.00000E+00     0.00    8.93177E+01   -93.16
  -17.00     0.00    -999.99    2.10    2.10    0.00000   -90.00  LINEAR    0.00000E+00     0.00    8.93177E+01   -93.16
  -18.00     0.00    -999.99    2.10    2.10    0.00000   -90.00  LINEAR    0.00000E+00     0.00    8.93177E+01   -93.16
  -19.00     0.00    -999.99    2.10    2.10    0.00000   -90.00  LINEAR    0.00000E+00     0.00    8.93177E+01   -93.16
  -20.00     0.00    -999.99    2.10    2.10    0.00000   -90.00  LINEAR    0.00000E+00     0.00    8.93177E+01   -93.16
  -21.00     0.00    -999.99    2.10    2.10    0.00000   -90.00  LINEAR    0.00000E+00     0.00    8.93177E+01   -93.16
  -22.00     0.00    -999.99    2.10    2.10    0.00000   -90.00  LINEAR    0.00000E+00     0.00    8.93177E+01   -93.16
  -23.00     0.00    -999.99    2.10    2.10    0.00000   -90.00  LINEAR    0.00000E+00     0.00    8.93177E+01   -93.16
  -24.00     0.00    -999.99    2.10    2.10    0.00000   -90.00  LINEAR    0.00000E+00     0.00    8.93177E+01   -93.16
  -25.00     0.00    -999.99    2.10    2.10    0.00000   -90.00  LINEAR    0.00000E+00     0.00    8.93177E+01   -93.16
  -26.00     0.00    -999.99    2.10    2.10    0.00000   -90.00  LINEAR    0.00000E+00     0.00    8.93177E+01   -93.16
  -27.00     0.00    -999.99    2.10    2.10    0.00000   -90.00  LINEAR    0.00000E+00     0.00    8.93177E+01   -93.16
  -28.00     0.00    -999.99    2.10    2.10    0.00000   -90.00  LINEAR    0.00000E+00     0.00    8.93177E+01   -93.16
  -29.00     0.00    -999.99    2.10    2.10    0.00000   -90.00  LINEAR    0.00000E+00     0.00    8.93177E+01   -93.16
  -30.00     0.00    -999.99    2.10    2.10    0.00000   -90.00  LINEAR    0.00000E+00     0.00    8.93177E+01   -93.16
  -31.00     0.00    -999.99    2.10    2.10    0.00000   -90.00  LINEAR    0.00000E+00     0.00    8.93177E+01   -93.16
  -32.00     0.00    -999.99    2.10    2.10    0.00000   -90.00  LINEAR    0.00000E+00     0.00    8.93177E+01   -93.16
  -33.00     0.00    -999.99    2.10    2.10    0.00000   -90.00  LINEAR    0.00000E+00     0.00    8.93177E+01   -93.16
  -34.00     0.00    -999.99    2.10    2.10    0.00000   -90.00  LINEAR    0.00000E+00     0.00    8.93177E+01   -93.16
  -35.00     0.00    -999.99    2.10    2.10    0.00000   -90.00  LINEAR    0.00000E+00     0.00    8.93177E+01   -93.16
  -36.00     0.00    -999.99    2.10    2.10    0.00000   -90.00  LINEAR    0.00000E+00     0.00    8.93177E+01   -93.16
  -37.00     0.00    -999.99    2.10    2.10    0.00000   -90.00  LINEAR    0.00000E+00     0.00    8.93177E+01   -93.16
  -38.00     0.00    -999.99    2.10    2.10    0.00000   -90.00  LINEAR    0.00000E+00     0.00    8.93177E+01   -93.16
  -39.00     0.00    -999.99    2.10    2.10    0.00000   -90.00  LINEAR    0.00000E+00     0.00    8.93177E+01   -93.16
  -40.00     0.00    -999.99    2.10    2.10    0.00000   -90.00  LINEAR    0.00000E+00     0.00    8.93177E+01   -93.16
  -41.00     0.00    -999.99    2.10    2.10    0.00000   -90.00  LINEAR    0.00000E+00     0.00    8.93177E+01   -93.16
  -42.00     0.00    -999.99    2.10    2.10    0.00000   -90.00  LINEAR    0.00000E+00     0.00    8.93177E+01   -93.16
  -43.00     0.00    -999.99    2.10    2.10    0.00000   -90.00  LINEAR    0.00000E+00     0.00    8.93177E+01   -93.16
  -44.00     0.00    -999.99    2.10    2.10    0.00000   -90.00  LINEAR    0.00000E+00     0.00    8.93177E+01   -93.16
  -45.00     0.00    -999.99    2.10    2.10    0.00000   -90.00  LINEAR    0.00000E+00     0.00    8.93177E+01   -93.16
  -46.00     0.00    -999.99    2.10    2.10    0.00000   -90.00  LINEAR    0.00000E+00     0.00    8.93177E+01   -93.16
  -47.00     0.00    -999.99    2.10    2.10    0.00000   -90.00  LINEAR    0.00000E+00     0.00    8.93177E+01   -93.16
  -48.00     0.00    -999.99    2.10    2.10    0.00000   -90.00  LINEAR    0.00000E+00     0.00    8.93177E+01   -93.16
  -49.00     0.00    -999.99    2.10    2.10    0.00000   -90.00  LINEAR    0.00000E+00     0.00    8.93177E+01   -93.16
  -50.00     0.00    -999.99    2.10    2.10    0.00000   -90.00  LINEAR    0.00000E+00     0.00    8.93177E+01   -93.16
  -51.00     0.00    -999.99    2.10    2.10    0.00000   -90.00  LINEAR    0.00000E+00     0.00    8.93177E+01   -93.16
  -52.00     0.00    -999.99    2.10    2.10    0.00000   -90.00  LINEAR    0.00000E+00     0.00    8.93177E+01   -93.16
  -53.00     0.00    -999.99    2.10    2.10    0.00000   -90.00  LINEAR    0.00000E+00     0.00    8.93177E+01   -93.16
  -54.00     0.00    -999.99    2.10    2.10    0.00000   -90.00  LINEAR    0.00000E+00     0.00    8.93177E+01   -93.16
  -55.00     0.00    -999.99    2.10    2.10    0.00000   -90.00  LINEAR    0.00000E+00     0.00    8.93177E+01   -93.16
  -56.00     0.00    -999.99    2.10    2.10    0.00000   -90.00  LINEAR    0.00000E+00     0.00    8.93177E+01   -93.16
  -57.00     0.00    -999.99    2.10    2.10    0.00000   -90.00  LINEAR    0.00000E+00     0.00    8.93177E+01   -93.16
  -58.00     0.00    -999.99    2.10    2.10    0.00000   -90.00  LINEAR    0.00000E+00     0.00    8.93177E+01   -93.16
  -59.00     0.00    -999.99    2.10    2.10    0.00000   -90.00  LINEAR    0.00000E+00     0.00    8.93177E+01   -93.16
  -60.00     0.00    -999.99    2.10    2.10    0.00000   -90.00  LINEAR    0.00000E+00     0.00    8.93177E+01   -93.16
  -61.00     0.00    -999.99    2.10    2.10    0.00000   -90.00  LINEAR    0.00000E+00     0.00    8.93177E+01   -93.16
  -62.00     0.00    -999.99    2.10    2.10    0.00000   -90.00  LINEAR    0.00000E+00     0.00    8.93177E+01   -93.16
  -63.00     0.00    -999.99    2.10    2.10    0.00000   -90.00  LINEAR    0.00000E+00     0.00    8.93177E+01   -93.16
  -64.00     0.00    -999.99    2.10    2.10    0.00000   -90.00  LINEAR    0.00000E+00     0.00    8.93177E+01   -93.16
  -65.00     0.00    -999.99    2.10    2.10    0.00000   -90.00  LINEAR    0.00000E+00     0.00    8.93177E+01   -93.16
  -66.00     0.00    -999.99    2.10    2.10    0.00000   -90.00  LINEAR    0.00000E+00     0.00    8.93177E+01   -93.16
  -67.00     0.00    -999.99    2.10    2.10    0.00000   -90.00  LINEAR    0.00000E+00     0.00    8.93177E+01   -93.16
  -68.00     0.00    -999.99    2.10    2.10    0.00000   -90.00  LINEAR    0.00000E+00     0.00    8.93177E+01   -93.16
  -69.00     0.00    -999.99    2.10    2.10    0.00000   -90.00  LINEAR    0.00000E+00     0.00    8.93177E+01   -93.16
  -70.00     0.00    -999.99    2.10    2.10    0.00000   -90.00  LINEAR    0.00000E+00     0.00    8.93177E+01   -93.16
  -71.00     0.00    -999.99    2.10    2.10    0.00000   -90.00  LINEAR    0.00000E+00     0.00    8.93177E+01   -93.16
  -72.00     0.00    -999.99    2.10    2.10    0.00000   -90.00  LINEAR    0.00000E+00     0.00    8.93177E+01   -93.16
  -73.00     0.00    -999.99    2.10    2.10    0.00000   -90.00  LINEAR    0.00000E+00     0.00    8.93177E+01   -93.16
  -74.00     0.00    -999.99    2.10    2.10    0.00000   -90.00  LINEAR    0.00000E+00     0.00    8.93177E+01   -93.16
  -75.00     0.00    -999.99    2.10    2.10    0.00000   -90.00  LINEAR    0.00000E+00     0.00    8.93177E+01   -93.16
  -76.00     0.00    -999.99    2.10    2.10    0.00000   -90.00  LINEAR    0.00000E+00     0.00    8.93177E+01   -93.16
  -77.00     0.00    -999.99    2.10    2.10    0.00000   -90.00  LINEAR    0.00000E+00     0.00    8.93177E+01   -93.16
  -78.00     0.00    -999.99    2.10    2.10    0.00000   -90.00  LINEAR    0.00000E+00     0.00    8.93177E+01   -93.16
  -79.00     0.00    -999.99    2.10    2.10    0.00000   -90.00  LINEAR    0.00000E+00     0.00    8.93177E+01   -93.16
  -80.00     0.00    -999.99    2.10    2.10    0.00000   -90.00  LINEAR    0.00000E+00     0.00    8.93177E+01   -93.16
  -81.00     0.00    -999.99    2.10    2.10    0.00000   -90.00  LINEAR    0.00000E+00     0.00    8.93177E+01   -93.16
  -82.00     0.00    -999.99    2.10    2.10    0.00000   -90.00  LINEAR    0.00000E+00     0.00    8.93177E+01   -93.16
  -83.00     0.00    -999.99    2.10    2.10    0.00000   -90.00  LINEAR    0.00000E+00     0.00    8.93177E+01   -93.16
  -84.00     0.00    -999.99    2.10    2.10    0.00000   -90.00  LINEAR    0.00000E+00     0.00    8.93177E+01   -93.16
  -85.00     0.00    -999.99    2.10    2.10    0.00000   -90.00  LINEAR    0.00000E+00     0.00    8.93177E+01   -93.16
  -86.00     0.00    -999.99    2.10    2.10    0.00000   -90.00  LINEAR    0.00000E+00     0.00    8.93177E+01   -93.16
  -87.00     0.00    -999.99    2.10    2.10    0.00000   -90.00  LINEAR    0.00000E+00     0.00    8.93177E+01   -93.16
  -88.00     0.00    -999.99    2.10    2.10    0.00000   -90.00  LINEAR    0.00000E+00     0.00    8.93177E+01   -93.16
  -89.00     0.00    -999.99    2.10    2.10    0.00000   -90.00  LINEAR    0.00000E+00     0.00    8.93177E+01   -93.16
  -90.00     0.00    -999.99    2.10    2.10    0.00000   -90.00  LINEAR    0.00000E+00     0.00    8.93177E+01   -93.16
  -91.00     0.00    -999.99    2.10    2.10    0.00000   -90.00  LINEAR    0.00000E+00     0.00    8.93177E+01   -93.16
  -92.00     0.00    -999.99    2.10    2.10    0.00000   -90.00  LINEAR    0.00000E+00     0.00    8.93177E+01   -93.16
  -93.00     0.00    -999.99    2.10    2.10    0.00000   -90.00  LINEAR    0.00000E+00     0.00    8.93177E+01   -93.16
  -94.00     0.00    -999.99    2.10    2.10    0.00000   -90.00  LINEAR    0.00000E+00     0.00    8.93177E+01   -93.16
  -95.00     0.00    -999.99    2.10    2.10    0.00000   -90.00  LINEAR    0.00000E+00     0.00    8.93177E+01   -93.16
  -96.00     0.00    -999.99    2.10    2.10    0.00000   -90.00  LINEAR    0.00000E+00     0.00    8.93177E+01   -93.16
  -97.00     0.00    -999.99    2.10    2.10    0.00000   -90.00  LINEAR    0.00000E+00     0.00    8.93177E+01   -93.16
  -98.00     0.00    -999.99    2.10    2.10    0.00000   -90.00  LINEAR    0.00000E+00     0.00    8.93177E+01   -93.16
  -99.00     0.00    -999.99    2.10    2.10    0.00000   -90.00  LINEAR    0.00000E+00     0.00    8.93177E+01   -93.16
 -100.00     0.00    -999.99    2.10    2.10    0.00000   -90.00  LINEAR    0.00000E+00     0.00    8.93177E+01   -93.16
 -101.00     0.00    -999.99    2.10    2.10    0.00000   -90.00  LINEAR    0.00000E+00     0.00    8.93177E+01   -93.16
 -102.00     0.00    -999.99    2.10    2.10    0.00000   -90.00  LINEAR    0.00000E+00     0.00    8.93177E+01   -93.16
 -103.00     0.00    -999.99    2.10    2.10    0.00000   -90.00  LINEAR    0.00000E+00     0.00    8.93177E+01   -93.16
 -104.00     0.00    -999.99    2.10    2.10    0.00000   -90.00  LINEAR    0.00000E+00     0.00    8.93177E+01   -93.16
 -105.00     0.00    -999.99    2.10    2.10    0.00000   -90.00  LINEAR    0.00000E+00     0.00    8.93177E+01   -93.16
 -106.00     0.00    -999.99    2.10    2.10    0.00000   -90.00  LINEAR    0.00000E+00     0.00    8.93177E+01   -93.16
 -107.00     0.00    -999.99    2.10    2.10    0.00000   -90.00  LINEAR    0.00000E+00     0.00    8.93177E+01   -93.16
 -108.00     0.00    -999.99    2.10    2.10    0.00000   -90.00  LINEAR    0.00000E+00     0.00    8.93177E+01   -93.16
 -109.00     0.00    -999.99    2.10    2.10    0.00000   -90.00  LINEAR    0.00000E+00     0.00    8.93177E+01   -93.16
 -110.00     0.00    -999.99    2.10    2.10    0.00000   -90.00  LINEAR    0.00000E+00     0.00    8.93177E+01   -93.16
 -111.00     0.00    -999.99    2.10    2.10    0.00000   -90.00  LINEAR    0.00000E+00     0.00    8.93177E+01   -93.16
 -112.00     0.00    -999.99    2.10    2.10    0.00000   -90.00  LINEAR    0.00000E+00     0.00    8.93177E+01   -93.16
 -113.00     0.00    -999.99    2.10    2.10    0.00000   -90.00  LINEAR    0.00000E+00     0.00    8.93177E+01   -93.16
 -114.00     0.00    -999.99    2.10    2.10    0.00000   -90.00  LINEAR    0.00000E+00     0.00    8.93177E+01   -93.16
 -115.00     0.00    -999.99    2.10    2.10    0.00000   -90.00  LINEAR    0.00000E+00     0.00    8.93177E+01   -93.16
 -116.00     0.00    -999.99    2.10    2.10    0.00000   -90.00  LINEAR    0.00000E+00     0.00    8.93177E+01   -93.16
 -117.00     0.00    -999.99    2.10    2.10    0.00000   -90.00  LINEAR    0.00000E+00     0.00    8.93177E+01   -93.16
 -118.00     0.00    -999.99    2.10    2.10    0.00000   -90.00  LINEAR    0.00000E+00     0.00    8.93177E+01   -93.16
 -119.00     0.00    -999.99    2.10    2.10    0.00000   -90.00  LINEAR    0.00000E+00     0.00    8.93177E+01   -93.16
 -120.00     0.00    -999.99    2.10    2.10    0.00000   -90.00  LINEAR    0.00000E+00     0.00    8.93177E+01   -93.16
 -121.00     0.00    -999.99    2.10    2.10    0.00000   -90.00  LINEAR    0.00000E+00     0.00    8.93177E+01   -93.16
 -122.00     0.00    -999.99    2.10    2.10    0.00000   -90.00  LINEAR    0.00000E+00     0.00    8.93177E+01   -93.16
 -123.00     0.00    -999.99    2.10    2.10    0.00000   -90.00  LINEAR    0.00000E+00     0.00    8.93177E+01   -93.16
 -124.00     0.00    -999.99    2.10    2.10    0.00000   -90.00  LINEAR    0.00000E+00     0.00    8.93177E+01   -93.16
 -125.00     0.00    -999.99    2.10    2.10    0.00000   -90.00  LINEAR    0.00000E+00     0.00    8.93177E+01   -93.16
 -126.00     0.00    -999.99    2.10    2.10    0.00000   -90.00  LINEAR    0.00000E+00     0.00    8.93177E+01   -93.16
 -127.00     0.00    -999.99    2.10    2.10    0.00000   -90.00  LINEAR    0.00000E+00     0.00    8.93177E+01   -93.16
 -128.00     0.00    -999.99    2.10    2.10    0.00000   -90.00  LINEAR    0.00000E+00     0.00    8.93177E+01   -93.16
 -129.00     0.00    -999.99    2.10    2.10    0.00000   -90.00  LINEAR    0.00000E+00     0.00    8.93177E+01   -93.16
 -130.00     0.00    -999.99    2.10    2.10    0.00000   -90.00  LINEAR    0.00000E+00     0.00    8.93177E+01   -93.16
 -131.00     0.00    -999.99    2.10    2.10    0.00000   -90.00  LINEAR    0.00000E+00     0.00    8.93177E+01   -93.16
 -132.00     0.00    -999.99    2.10    2.10    0.00000   -90.00  LINEAR    0.00000E+00     0.00    8.93177E+01   -93.16
 -133.00     0.00    -999.99    2.10    2.10    0.00000   -90.00  LINEAR    0.00000E+00     0.00    8.93177E+01   -93.16
 -134.00     0.00    -999.99    2.10    2.10    0.00000   -90.00  LINEAR    0.00000E+00     0.00    8.93177E+01   -93.16
 -135.00     0.00    -999.99    2.10    2.10    0.00000   -90.00  LINEAR    0.00000E+00     0.00    8.93177E+01   -93.16
 -136.00     0.00    -999.99    2.10    2.10    0.00000   -90.00  LINEAR    0.00000E+00     0.00    8.93177E+01   -93.16
 -137.00     0.00    -999.99    2.10    2.10    0.00000   -90.00  LINEAR    0.00000E+00     0.00    8.93177E+01   -93.16
 -138.00     0.00    -999.99    2.10    2.10    0.00000   -90.00  LINEAR    0.00000E+00     0.00    8.93177E+01   -93.16
 -139.00     0.00    -999.99    2.10    2.10    0.00000   -90.00  LINEAR    0.00000E+00     0.00    8.93177E+01   -93.16
 -140.00     0.00    -999.99    2.10    2.10    0.00000   -90.00  LINEAR    0.00000E+00     0.00    8.93177E+01   -93.16
 -141.00     0.00    -999.99    2.10    2.10    0.00000   -90.00  LINEAR    0.00000E+00     0.00    8.93177E+01   -93.16
 -142.00     0.00    -999.99    2.10    2.10    0.00000   -90.00  LINEAR    0.00000E+00     0.00    8.93177E+01   -93.16
 -143.00     0.00    -999.99    2.10    2.10    0.00000   -90.00  LINEAR    0.00000E+00     0.00    8.93177E+01   -93.16
 -144.00     0.00    -999.99    2.10    2.10    0.00000   -90.00  LINEAR    0.00000E+00     0.00    8.93177E+01   -93.16
 -145.00     0.00    -999.99    2.10    2.10    0.00000   -90.00  LINEAR    0.00000E+00     0.00    8.93177E+01   -93.16
 -146.00     0.00    -999.99    2.10    2.10    0.00000   -90.00  LINEAR    0.00000E+00     0.00    8.93177E+01   -93.16
 -147.00     0.00    -999.99    2.10    2.10    0.00000   -90.00  LINEAR    0.00000E+00     0.00    8.93177E+01   -93.16
 -148.00     0.00    -999.99    2.10    2.10    0.00000   -90.00  LINEAR    0.00000E+00     0.00    8.93177E+01   -93.16
 -149.00     0.00    -999.99    2.10    2.10    0.00000   -90.00  LINEAR    0.00000E+00     0.00    8.93177E+01   -93.16
 -150.00     0.00    -999.99    2.10    2.10    0.00000   -90.00  LINEAR    0.00000E+00     0.00    8.93177E+01   -93.16
 -151.00     0.00    -999.99    2.10    2.10    0.00000   -90.00  LINEAR    0.00000E+00     0.00    8.93177E+01   -93.16
 -152.00     0.00    -999.99    2.10    2.10    0.00000   -90.00  LINEAR    0.00000E+00     0.00    8.93177E+01   -93.16
 -153.00     0.00    -999.99    2.10    2.10    0.00000   -90.00  LINEAR    0.00000E+00     0.00    8.93177E+01   -93.16
 -154.00     0.00    -999.99    2.10    2.10    0.00000   -90.00  LINEAR    0.00000E+00     0.00    8.93177E+01   -93.16
 -155.00     0.00    -999.99    2.10    2.10    0.00000   -90.00  LINEAR    0.00000E+00     0.00    8.93177E+01   -93.16
 -156.00     0.00    -999.99    2.10    2.10    0.00000   -90.00  LINEAR    0.00000E+00     0.00    8.93177E+01   -93.16
 -157.00     0.00    -999.99    2.10    2.10    0.00000   -90.00  LINEAR    0.00000E+00     0.00    8.93177E+01   -93.16
 -158.00     0.00    -999.99    2.10    2.10    0.00000   -90.00  LINEAR    0.00000E+00     0.00    8.93177E+01   -93.16
 -159.00     0.00    -999.99    2.10    2.10    0.00000   -90.00  LINEAR    0.00000E+00     0.00    8.93177E+01   -93.16
 -160.00     0.00    -999.99    2.10    2.10    0.00000   -90.00  LINEAR    0.00000E+00     0.00    8.93177E+01   -93.16
 -161.00     0.00    -999.99    2.10    2.10    0.00000   -90.00  LINEAR    0.00000E+00     0.00    8.93177E+01   -93.16
 -162.00     0.00    -999.99    2.10    2.10    0.00000   -90.00  LINEAR    0.00000E+00     0.00    8.93177E+01   -93.16
 -163.00     0.00    -999.99    2.10    2.10    0.00000   -90.00  LINEAR    0.00000E+00     0.00    8.93177E+01   -93.16
 -164.00     0.00    -999.99    2.10    2.10    0.00000   -90.00  LINEAR    0.00000E+00     0.00    8.93177E+01   -93.16
 -165.00     0.00    -999.99    2.10    2.10    0.00000   -90.00  LINEAR    0.00000E+00     0.00    8.93177E+01   -93.16
 -166.00     0.00    -999.99    2.10    2.10    0.00000   -90.00  LINEAR    0.00000E+00     0.00    8.93177E+01   -93.16
 -167.00     0.00    -999.99    2.10    2.10    0.00000   -90.00  LINEAR    0.00000E+00     0.00    8.93177E+01   -93.16
 -168.00     0.00    -999.99    2.10    2.10    0.00000   -90.00  LINEAR    0.00000E+00     0.00    8.93177E+01   -93.16
 -169.00     0.00    -999.99    2.10    2.10    0.00000   -90.00  LINEAR    0.00000E+00     0.00    8.93177E+01   -93.16
 -170.00     0.00    -999.99    2.10    2.10    0.00000   -90.00  LINEAR    0.00000E+00     0.00    8.93177E+01   -93.16
 -171.00     0.00    -999.99    2.10    2.10    0.00000   -90.00  LINEAR    0.00000E+00     0.00    8.93177E+01   -93.16
 -172.00     0.00    -999.99    2.10    2.10    0.00000   -90.00  LINEAR    0.00000E+00     0.00    8.93177E+01   -93.16
 -173.00     0.00    -999.99    2.10    2.10    0.00000   -90.00  LINEAR    0.00000E+00     0.00    8.93177E+01   -93.16
 -174.00     0.00    -999.99    2.10    2.10    0.00000   -90.00  LINEAR    0.00000E+00     0.00    8.93177E+01   -93.16
 -175.00     0.00    -999.99    2.10    2.10    0.00000   -90.00  LINEAR    0.00000E+00     0.00    8.93177E+01   -93.16
 -176.00     0.00    -999.99    2.10    2.10    0.00000   -90.00  LINEAR    0.00000E+00     0.00    8.93177E+01   -93.16
 -177.00     0.00    -999.99    2.10    2.10    0.00000   -90.00  LINEAR    0.00000E+00     0.00    8.93177E+01   -93.16
 -178.00     0.00    -999.99    2.10    2.10    0.00000   -90.00  LINEAR    0.00000E+00     0.00    8.93177E+01   -93.16
 -179.00     0.00    -999.99    2.10    2.10    0.00000   -90.00  LINEAR    0.00000E+00     0.00    8.93177E+01   -93.16
 -180.00     0.00    -999.99    2.10    2.10    0.00000   -90.00  LINEAR    0.00000E+00     0.00    8.93177E+01   -93.16
 -181.00     0.00    -999.99    2.10    2.10    0.00000   -90.00  LINEAR    0.00000E+00     0.00    8.93177E+01   -93.16
 -182.00     0.00    -999.99    2.10    2.10    0.00000   -90.00  LINEAR    0.00000E+00     0.00    8.93177E+01   -93.16
 -183.00     0.00    -999.99    2.10    2.10    0.00000   -90.00  LINEAR    0.00000E+00     0.00    8.93177E+01   -93.16
 -184.00     0.00    -999.99    2.10    2.10    0.00000   -90.00  LINEAR    0.00000E+00     0.00    8.93177E+01   -93.16
 -185.00     0.00    -999.99    2.10    2.10    0.00000   -90.00  LINEAR    0.00000E+00     0.00    8.93177E+01   -93.16
 -186.00     0.00    -999.99    2.10    2.10    0.00000   -90.00  LINEAR    0.00000E+00     0.00    8.93177E+01   -93.16
 -187.00     0.00    -999.99    2.10    2.10    0.00000   -90.00  LINEAR    0.00000E+00     0.00    8.93177E+01   -93.16
 -188.00     0.00    -999.99    2.10    2.10    0.00000   -90.00  LINEAR    0.00000E+00     0.00    8.93177E+01   -93.16
 -189.00     0.00    -999.99    2.10    2.10    0.00000   -90.00  LINEAR    0.00000E+00     0.00    8.93177E+01   -93.16
 -190.00     0.00    -999.99    2.10    2.10    0.00000   -90.00  LINEAR    0.00000E+00     0.00    8.93177E+01   -93.16
 -191.00     0.00    -999.99    2.10    2.10    0.00000   -90.00  LINEAR    0.00000E+00     0.00    8.93177E+01   -93.16
 -192.00     0.00    -999.99    2.10    2.10    0.00000   -90.00  LINEAR    0.00000E+00     0.00    8.93177E+01   -93.16
 -193.00     0.00    -999.99    2.10    2.10    0.00000   -90.00  LINEAR    0.00000E+00     0.00    8.93177E+01   -93.16
 -194.00     0.00    -999.99    2.10    2.10    0.00000   -90.00  LINEAR    0.00000E+00     0.00    8.93177E+01   -93.16
 -195.00     0.00    -999.99    2.10    2.10    0.00000   -90.00  LINEAR    0.00000E+00     0.00    8.93177E+01   -93.16
 -196.00     0.00    -999.99    2.10    2.10    0.00000   -90.00  LINEAR    0.00000E+00     0.00    8.93177E+01   -93.16
 -197.00     0.00    -999.99    2.10    2.10    0.00000   -90.00  LINEAR    0.00000E+00     0.00    8.93177E+01   -93.16
 -198.00     0.00    -999.99    2.10    2.10    0.00000   -90.00  LINEAR    0.00000E+00     0.00    8.93177E+01   -93.16
 -199.00     0.00    -999.99    2.10    2.10    0.00000   -90.00  LINEAR    0.00000E+00     0.00    8.93177E+01   -93.16
 -200.00     0.00    -999.99    2.10    2.10    0.00000   -90.00  LINEAR    0.00000E+00     0.00    8.93177E+01   -93.16
 -201.00     0.00    -999.99    2.10    2.10    0.00000   -90.00  LINEAR    0.00000E+00     0.00    8.93177E+01   -93.16
 -202.00     0.00    -999.99    2.10    2.10    0.00000   -90.00  LINEAR    0.00000E+00     0.00    8.93177E+01   -93.16
 -203.00     0.00    -999.99    2.10    2.10    0.00000   -90.00  LINEAR    0.00000E+00     0.00    8.93177E+01   -93.16
 -204.00     0.00    -999.99    2.10    2.10    0.00000   -90.00  LINEAR    0.00000E+00     0.00    8.93177E+01   -93.16
 -205.00     0.00    -999.99    2.10    2.10    0.00000   -90.00  LINEAR    0.00000E+00     0.00    8.93177E+01   -93.16
 -206.00     0.00    -999.99    2.10    2.10    0.00000   -90.00  LINEAR    0.00000E+00     0.00    8.93177E+01   -93.16
 -207.00     0.00    -999.99    2.10    2.10    0.00000   -90.00  LINEAR    0.00000E+00     0.00    8.93177E+01   -93.16
 -208.00     0.00    -999.99    2.10    2.10    0.00000   -90.00  LINEAR    0.00000E+00     0.00    8.93177E+01   -93.16
 -209.00     0.00    -999.99    2.10    2.10    0.00000   -90.00  LINEAR    0.00000E+00     0.00    8.93177E+01   -93.16
 -210.00     0.00    -999.99    2.10    2.10    0.00000   -90.00  LINEAR    0.00000E+00     0.00    8.93177E+01   -93.16
 -211.00     0.00    -999.99    2.10    2.10    0.00000   -90.00  LINEAR    0.00000E+00     0.00    8.93177E+01   -93.16
 -212.00     0.00    -999.99    2.10    2.10    0.00000   -90.00  LINEAR    0.00000E+00     0.00    8.93177E+01   -93.16
 -213.00     0.00    -999.99    2.10    2.10    0.00000   -90.00  LINEAR    0.00000E+00     0.00    8.93177E+01   -93.16
 -214.00     0.00    -999.99    2.10    2.10    0.00000   -90.00  LINEAR    0.00000E+00     0.00    8.93177E+01   -93.16
 -215.00     0.00    -999.99    2.10    2.10    0.00000   -90.00  LINEAR    0.00000E+00     0.00    8.93177E+01   -93.16
 -216.00     0.00    -999.99    2.10    2.10    0.00000   -90.00  LINEAR    0.00000E+00     0.00    8.93177E+01   -93.16
 -217.00     0.00    -999.99    2.10    2.10    0.00000   -90.00  LINEAR    0.00000E+00     0.00    8.93177E+01   -93.16
 -218.00     0.00    -999.99    2.10    2.10    0.00000   -90.00  LINEAR    0.00000E+00     0.00    8.93177E+01   -93.16
 -219.00     0.00    -999.99    2.10    2.10    0.00000   -90.00  LINEAR    0.00000E+00     0.00    8.93177E+01   -93.16
 -220.00     0.00    -999.99    2.10    2.10    0.00000   -90.00  LINEAR    0.00000E+00     0.00    8.93177E+01   -93.16
 -221.00     0.00    -999.99    2.10    2.10    0.00000   -90.00  LINEAR    0.00000E+00     0.00    8.93177E+01   -93.16
 -222.00     0.00    -999.99    2.10    2.10    0.00000   -90.00  LINEAR    0.00000E+00     0.00    8.93177E+01   -93.16
 -223.00     0.00    -999.99    2.10    2.10    0.00000   -90.00  LINEAR    0.00000E+00     0.00    8.93177E+01   -93.16
 -224.00     0.00    -999.99    2.10    2.10    0.00000   -90.00  LINEAR    0.00000E+00     0.00    8.93177E+01   -93.16
 -225.00     0.00    -999.99    2.10    2.10    0.00000   -90.00  LINEAR    0.00000E+00     0.00    8.93177E+01   -93.16
 -226.00     0.00    -999.99    2.10    2.10    0.00000   -90.00  LINEAR    0.00000E+00     0.00    8.93177E+01   -93.16
 -227.00     0.00    -999.99    2.10    2.10    0.00000   -90.00  LINEAR    0.00000E+00     0.00    8.93177E+01   -93.16
 -228.00     0.00    -999.99    2.10    2.10    0.00000   -90.00  LINEAR    0.00000E+00     0.00    8.93177E+01   -93.16
 -229.00     0.00    -999.99    2.10    2.10    0.00000   -90.00  LINEAR    0.00000E+00     0.00    8.93177E+01   -93.16
 -230.00     0.00    -999.99    2.10    2.10    0.00000   -90.00  LINEAR    0.00000E+00     0.00    8.93177E+01   -93.16
 -231.00     0.00    -999.99    2.10    2.10    0.00000   -90.00  LINEAR    0.00000E+00     0.00    8.93177E+01   -93.16
 -232.00     0.00    -999.99    2.10    2.10    0.00000   -90.00  LINEAR    0.00000E+00     0.00    8.93177E+01   -93.16
 -233.00     0.00    -999.99    2.10    2.10    0.00000   -90.00  LINEAR    0.00000E+00     0.00    8.93177E+01   -93.16
 -234.00     0.00    -999.99    2.10    2.10    0.00000   -90.00  LINEAR    0.00000E+00     0.00    8.93177E+01   -93.16
 -235.00     0.00    -999.99    2.10    2.10    0.00000   -90.00  LINEAR    0.00000E+00     0.00    8.93177E+01   -93.16
 -236.00     0.00    -999.99    2.10    2.10    0.00000   -90.00  LINEAR    0.00000E+00     0.00    8.93177E+01   -93.16
 -237.00     0.00    -999.99    2.10    2.10    0.00000   -90.00  LINEAR    0.00000E+00     0.00    8.93177E+01   -93.16
 -238.00     0.00    -999.99    2.10    2.10    0.00000   -90.00  LINEAR    0.00000E+00     0.00    8.93177E+01   -93.16
 -239.00     0.00    -999.99    2.10    2.10    0.00000   -90.00  LINEAR    0.00000E+00     0.00    8.93177E+01   -93.16
 -240.00     0.00    -999.99    2.10    2.10    0.00000   -90.00  LINEAR    0.00000E+00     0.00    8.93177E+01   -93.16
 -241.00     0.00    -999.99    2.10    2.10    0.00000   -90.00  LINEAR    0.00000E+00     0.00    8.93177E+01   -93.16
 -242.00     0.00    -999.99    2.10    2.10    0.00000   -90.00  LINEAR    0.00000E+00     0.00    8.93177E+01   -93.16
 -243.00     0.00    -999.99    2.10    2.10    0.00000   -90.00  LINEAR    0.00000E+00     0.00    8.93177E+01   -93.16
 -244.00     0.00    -999.99    2.10    2.10    0.00000   -90.00  LINEAR    0.00000E+00     0.00    8.93177E+01   -93.16
 -245.00     0.00    -999.99    2.10    2.10    0.00000   -90.00  LINEAR    0.00000E+00     0.00    8.93177E+01   -93.16
 -246.00     0.00    -999.99    2.10    2.10    0.00000   -90.00  LINEAR    0.00000E+00     0.00    8.93177E+01   -93.16
 -247.00     0.00    -999.99    2.10    2.10    0.00000   -90.00  LINEAR    0.00000E+00     0.00    8.93177E+01   -93.16
 -248.00     0.00    -999.99    2.10    2.10    0.00000   -90.00  LINEAR    0.00000E+00     0.00    8.93177E+01   -93.16
 -249.00     0.00    -999.99    2.10    2.10    0.00000   -90.00  LINEAR    0.00000E+00     0.00    8.93177E+01   -93.16
 -250.00     0.00    -999.99    2.10    2.10    0.00000   -90.00  LINEAR    0.00000E+00     0.00    8.93177E+01   -93.16
 -251.00     0.00    -999.99    2.10    2.10    0.00000   -90.00  LINEAR    0.00000E+00     0.00    8.93177E+01   -93.16
 -252.00     0.00    -999.99    2.10    2.10    0.00000   -90.00  LINEAR    0.00000E+00     0.00    8.93177E+01   -93.16
 -253.00     0.00    -999.99    2.10    2.10    0.00000   -90.00  LINEAR    0.00000E+00     0.00    8.93177E+01   -93.16
 -254.00     0.00    -999.99    2.10    2.10    0.00000   -90.00  LINEAR    0.00000E+00     0.00    8.93177E+01   -93.16
 -255.00     0.00    -999.99    2.10    2.10    0.00000   -90.00  LINEAR    0.00000E+00     0.00    8.93177E+01   -93.16
 -256.00     0.00    -999.99    2.10    2.10    0.00000   -90.00  LINEAR    0.00000E+00     0.00    8.93177E+01   -93.16
 -257.00     0.00    -999.99    2.10    2.10    0.00000   -90.00  LINEAR    0.00000E+00     0.00    8.93177E+01   -93.16
 -258.00     0.00    -999.99    2.10    2.10    0.00000   -90.00  LINEAR    0.00000E+00     0.00    8.93177E+01   -93.16
 -259.00     0.00    -999.99    2.10    2.10    0.00000   -90.00  LINEAR    0.00000E+00     0.00    8.93177E+01   -93.16
 -260.00     0.00    -999.99    2.10    2.10    0.00000   -90.00  LINEAR    0.00000E+00     0.00    8.93177E+01   -93.16
 -261.00     0.00    -999.99    2.10    2.10    0.00000   -90.00  LINEAR    0.00000E+00     0.00    8.93177E+01   -93.16
 -262.00     0.00    -999.99    2.10    2.10    0.00000   -90.00  LINEAR    0.00000E+00     0.00    8.93177E+01   -93.16
 -263.00     0.00    -999.99    2.10    2.10    0.00000   -90.00  LINEAR    0.00000E+00     0.00    8.93177E+01   -93.16
 -264.00     0.00    -999.99    2.10    2.10    0.00000   -90.00  LINEAR    0.00000E+00     0.00    8.93177E+01   -93.16
 -265.00     0.00    -999.99    2.10    2.10    0.00000   -90.00  LINEAR    0.00000E+00     0.00    8.93177E+01   -93.16
 -266.00     0.00    -999.99    2.10    2.10    0.00000   -90.00  LINEAR    0.00000E+00     0.00    8.93177E+01   -93.16
 -267.00     0.00    -999.99    2.10    2.10    0.00000   -90.00  LINEAR    0.00000E+00     0.00    8.93177E+01   -93.16
 -268.00     0.00    -999.99    2.10    2.10    0.00000   -90.00  LINEAR    0.00000E+00     0.00    8.93177E+01   -93.16
 -269.00     0.00    -999.99    2.10    2.10    0.00000   -90.00  LINEAR    0.00000E+00     0.00    8.93177E+01   -93.16
 -270.00     0.00    -999.99    2.10    2.10    0.00000   -90.00  LINEAR    0.00000E+00     0.00    8.93177E+01   -93.16






 ***** INPUT LINE  6  EN   0    0    0    0  0.00000E+00  0.00000E+00  0.00000E+00  0.00000E+00  0.00000E+00  0.00000E+00

 RUN TIME =     0.010
