1
 momwire 0.70.0 bspline avx2


                                ***********************************************
                                *                                             *
                                *  NUMERICAL ELECTROMAGNETICS CODE (NEC-4.2)  *
                                *                                             *
                                ***********************************************




                      **********************************************************

                          Dipole in free space                                                         
                                                                                                       
                          EZNEC Pro/2+ v. 7.0.4  2026-10-03 16:32:54                                   
                                                                                                       
                          ! Written by EZNEC/Pro+ v. 7.0 in NEC-4.2 format.                            
                                                                                                       

                      **********************************************************





                                 - - - STRUCTURE SPECIFICATION - - -

                                     COORDINATES MUST BE INPUT IN
                                     METERS OR BE SCALED TO METERS
                                     BEFORE STRUCTURE INPUT IS ENDED


  WIRE                                                                               NO. OF    FIRST  LAST     TAG
  NO.        X1         Y1         Z1          X2         Y2         Z2      RADIUS   SEG.     SEG.   SEG.     NO.
     1    0.00000   -0.25000    0.00000     0.00000    0.25000    0.00000    0.00050     11        1    11       1

   TOTAL SEGMENTS USED=   11     NO. SEG. IN A SYMMETRIC CELL=   11     SYMMETRY FLAG=  0


         - MULTIPLE WIRE JUNCTIONS -
 JUNCTION    SEGMENTS  (- FOR END 1, + FOR END 2)
  NONE




                                 - - - - SEGMENTATION DATA - - - -

                                        COORDINATES IN METERS

                         I+ AND I- INDICATE THE SEGMENTS BEFORE AND AFTER I


  SEG.   COORDINATES OF SEG. CENTER     SEG.     ORIENTATION ANGLES    WIRE    CONNECTION DATA   TAG
  NO.       X         Y         Z       LENGTH     ALPHA     BETA      RADIUS    I-   I    I+    NO.
     1   0.00000  -0.22727   0.00000   0.04545    0.00000  90.00000   0.00050     0    1    2      1
     2   0.00000  -0.18182   0.00000   0.04545    0.00000  90.00000   0.00050     1    2    3      1
     3   0.00000  -0.13636   0.00000   0.04545    0.00000  90.00000   0.00050     2    3    4      1
     4   0.00000  -0.09091   0.00000   0.04545    0.00000  90.00000   0.00050     3    4    5      1
     5   0.00000  -0.04545   0.00000   0.04545    0.00000  90.00000   0.00050     4    5    6      1
     6   0.00000   0.00000   0.00000   0.04545    0.00000  90.00000   0.00050     5    6    7      1
     7   0.00000   0.04545   0.00000   0.04545    0.00000  90.00000   0.00050     6    7    8      1
     8   0.00000   0.09091   0.00000   0.04545    0.00000  90.00000   0.00050     7    8    9      1
     9   0.00000   0.13636   0.00000   0.04545    0.00000  90.00000   0.00050     8    9   10      1
    10   0.00000   0.18182   0.00000   0.04545    0.00000  90.00000   0.00050     9   10   11      1
    11   0.00000   0.22727   0.00000   0.04545    0.00000  90.00000   0.00050    10   11    0      1




 ***** INPUT LINE  1  FR   0    1    0    0  2.99793E+02  0.00000E+00  0.00000E+00  0.00000E+00  0.00000E+00  0.00000E+00
 ***** INPUT LINE  2  GN  -1    0    0    0  0.00000E+00  0.00000E+00  0.00000E+00  0.00000E+00  0.00000E+00  0.00000E+00
 ***** INPUT LINE  3  EX   6    1    6    0  1.41421E+00  0.00000E+00  0.00000E+00  0.00000E+00  0.00000E+00  0.00000E+00
 ***** INPUT LINE  4  PQ   0    0    0    0  0.00000E+00  0.00000E+00  0.00000E+00  0.00000E+00  0.00000E+00  0.00000E+00
 ***** INPUT LINE  5  RP   0    1  361 1000  9.00000E+01  0.00000E+00  0.00000E+00  1.00000E+00  0.00000E+00  0.00000E+00




                                 - - - - - - FREQUENCY - - - - - -

                                    FREQUENCY= 2.9979E+02 MHZ
                                    WAVELENGTH= 1.0000E+00 METERS



                                  - - - ANTENNA ENVIRONMENT - - -

                                            FREE SPACE



                               - - - STRUCTURE IMPEDANCE LOADING - - -

                                   THIS STRUCTURE IS NOT LOADED



                                - - - MATRIX TIMING - - -

                        FILL=    0.003 SEC.,  FACTOR=    0.000 SEC.



                                          - - - ANTENNA INPUT PARAMETERS - - -

   TAG   SEG.    VOLTAGE (VOLTS)         CURRENT (AMPS)         IMPEDANCE (OHMS)        ADMITTANCE (MHOS)      POWER
   NO.   NO.    REAL        IMAG.       REAL        IMAG.       REAL        IMAG.       REAL        IMAG.     (WATTS)
     1     6 1.16136E+02 6.49342E+01 1.41421E+00 0.00000E+00 8.21202E+01 4.59154E+01 9.27707E-03-5.18704E-03 8.21203E+01



                             - - - CURRENTS AND LOCATION - - -

                     LENGTHS NORMALIZED BY WAVELENGTH (OR 2.*PI/CABS(K))

  SEG.  TAG    COORD. OF SEG. CENTER     SEG.            - - - CURRENT (AMPS) - - -
  NO.   NO.     X        Y        Z      LENGTH     REAL        IMAG.       MAG.        PHASE
     1    1   0.0000  -0.2273   0.0000  0.04545   2.4049E-01 -2.5007E-02  2.4179E-01   -5.936
     2    1   0.0000  -0.1818   0.0000  0.04545   6.6346E-01 -6.2436E-02  6.6639E-01   -5.376
     3    1   0.0000  -0.1364   0.0000  0.04545   9.9193E-01 -7.7233E-02  9.9494E-01   -4.452
     4    1   0.0000  -0.0909   0.0000  0.04545   1.2350E+00 -7.2324E-02  1.2372E+00   -3.351
     5    1   0.0000  -0.0455   0.0000  0.04545   1.3716E+00 -4.1527E-02  1.3722E+00   -1.734
     6    1   0.0000   0.0000   0.0000  0.04545   1.4142E+00  9.9923E-17  1.4142E+00    0.000
     7    1   0.0000   0.0455   0.0000  0.04545   1.3716E+00 -4.1527E-02  1.3722E+00   -1.734
     8    1   0.0000   0.0909   0.0000  0.04545   1.2350E+00 -7.2324E-02  1.2372E+00   -3.351
     9    1   0.0000   0.1364   0.0000  0.04545   9.9193E-01 -7.7233E-02  9.9494E-01   -4.452
    10    1   0.0000   0.1818   0.0000  0.04545   6.6346E-01 -6.2436E-02  6.6639E-01   -5.376
    11    1   0.0000   0.2273   0.0000  0.04545   2.4049E-01 -2.5007E-02  2.4179E-01   -5.936



                                  - - - CHARGE DENSITIES - - -

                       LENGTHS NORMALIZED TO WAVELENGTH (OR 2.*PI/CABS(K))


  SEG.  TAG    COORD. OF SEG. CENTER     SEG.          CHARGE DENSITY (COULOMBS/METER)
  NO.   NO.     X        Y        Z      LENGTH     REAL        IMAG.       MAG.        PHASE
     1E   1   0.0000  -0.2500   0.0000  0.04545   7.8225E-10  6.6848E-09  6.7304E-09   83.326
     1    1   0.0000  -0.2273   0.0000  0.04545   5.8413E-10  5.6176E-09  5.6479E-09   84.064
     2    1   0.0000  -0.1818   0.0000  0.04545   2.9016E-10  4.2624E-09  4.2722E-09   86.106
     3    1   0.0000  -0.1364   0.0000  0.04545   5.5484E-11  3.4105E-09  3.4110E-09   89.068
     4    1   0.0000  -0.0909   0.0000  0.04545  -1.7014E-10  2.2683E-09  2.2746E-09   94.290
     5    1   0.0000  -0.0455   0.0000  0.04545  -5.4925E-10  9.2062E-10  1.0720E-09  120.821
     6    1   0.0000   0.0000   0.0000  0.04545   0.0000E+00  0.0000E+00  0.0000E+00    0.000
     7    1   0.0000   0.0455   0.0000  0.04545   5.4925E-10 -9.2062E-10  1.0720E-09  -59.179
     8    1   0.0000   0.0909   0.0000  0.04545   1.7014E-10 -2.2683E-09  2.2746E-09  -85.710
     9    1   0.0000   0.1364   0.0000  0.04545  -5.5484E-11 -3.4105E-09  3.4110E-09  -90.932
    10    1   0.0000   0.1818   0.0000  0.04545  -2.9016E-10 -4.2624E-09  4.2722E-09  -93.894
    11    1   0.0000   0.2273   0.0000  0.04545  -5.8413E-10 -5.6176E-09  5.6479E-09  -95.936
    11E   1   0.0000   0.2500   0.0000  0.04545  -7.8225E-10 -6.6848E-09  6.7304E-09  -96.674



                                        - - - POWER BUDGET - - -

                                           INPUT POWER   = 8.2120E+01 WATTS
                                           RADIATED POWER= 8.2120E+01 WATTS
                                           WIRE LOSS     = 0.0000E+00 WATTS
                                           EFFICIENCY    = 100.00 PERCENT



                                                - - - RADIATION PATTERNS - - -

  - - ANGLES - -          - POWER GAINS -        - - - POLARIZATION - - -    - - - E(THETA) - - -    - - - E(PHI) - - -
  THETA     PHI        VERT.   HOR.    TOTAL      AXIAL     TILT   SENSE     MAGNITUDE    PHASE      MAGNITUDE    PHASE 
 DEGREES  DEGREES       DB      DB      DB        RATIO     DEG.               VOLTS     DEGREES       VOLTS     DEGREES
   90.00     0.00    -999.99    2.10    2.10    0.00000   -90.00  LINEAR    0.00000E+00     0.00    8.93177E+01   -93.16
   90.00     1.00    -999.99    2.09    2.09    0.00000   -90.00  LINEAR    0.00000E+00     0.00    8.92973E+01   -93.16
   90.00     2.00    -999.99    2.09    2.09    0.00000   -90.00  LINEAR    0.00000E+00     0.00    8.92362E+01   -93.16
   90.00     3.00    -999.99    2.08    2.08    0.00000   -90.00  LINEAR    0.00000E+00     0.00    8.91343E+01   -93.16
   90.00     4.00    -999.99    2.06    2.06    0.00000   -90.00  LINEAR    0.00000E+00     0.00    8.89918E+01   -93.16
   90.00     5.00    -999.99    2.05    2.05    0.00000   -90.00  LINEAR    0.00000E+00     0.00    8.88090E+01   -93.16
   90.00     6.00    -999.99    2.02    2.02    0.00000   -90.00  LINEAR    0.00000E+00     0.00    8.85861E+01   -93.16
   90.00     7.00    -999.99    2.00    2.00    0.00000   -90.00  LINEAR    0.00000E+00     0.00    8.83233E+01   -93.15
   90.00     8.00    -999.99    1.97    1.97    0.00000   -90.00  LINEAR    0.00000E+00     0.00    8.80211E+01   -93.15
   90.00     9.00    -999.99    1.93    1.93    0.00000   -90.00  LINEAR    0.00000E+00     0.00    8.76797E+01   -93.15
   90.00    10.00    -999.99    1.90    1.90    0.00000   -90.00  LINEAR    0.00000E+00     0.00    8.72997E+01   -93.15
   90.00    11.00    -999.99    1.86    1.86    0.00000   -90.00  LINEAR    0.00000E+00     0.00    8.68815E+01   -93.15
   90.00    12.00    -999.99    1.81    1.81    0.00000   -90.00  LINEAR    0.00000E+00     0.00    8.64257E+01   -93.14
   90.00    13.00    -999.99    1.76    1.76    0.00000   -90.00  LINEAR    0.00000E+00     0.00    8.59329E+01   -93.14
   90.00    14.00    -999.99    1.71    1.71    0.00000   -90.00  LINEAR    0.00000E+00     0.00    8.54036E+01   -93.14
   90.00    15.00    -999.99    1.65    1.65    0.00000   -90.00  LINEAR    0.00000E+00     0.00    8.48386E+01   -93.13
   90.00    16.00    -999.99    1.59    1.59    0.00000   -90.00  LINEAR    0.00000E+00     0.00    8.42385E+01   -93.13
   90.00    17.00    -999.99    1.52    1.52    0.00000   -90.00  LINEAR    0.00000E+00     0.00    8.36041E+01   -93.13
   90.00    18.00    -999.99    1.45    1.45    0.00000   -90.00  LINEAR    0.00000E+00     0.00    8.29362E+01   -93.12
   90.00    19.00    -999.99    1.38    1.38    0.00000   -90.00  LINEAR    0.00000E+00     0.00    8.22356E+01   -93.12
   90.00    20.00    -999.99    1.30    1.30    0.00000   -90.00  LINEAR    0.00000E+00     0.00    8.15031E+01   -93.11
   90.00    21.00    -999.99    1.22    1.22    0.00000   -90.00  LINEAR    0.00000E+00     0.00    8.07396E+01   -93.11
   90.00    22.00    -999.99    1.13    1.13    0.00000   -90.00  LINEAR    0.00000E+00     0.00    7.99459E+01   -93.10
   90.00    23.00    -999.99    1.04    1.04    0.00000   -90.00  LINEAR    0.00000E+00     0.00    7.91231E+01   -93.10
   90.00    24.00    -999.99    0.95    0.95    0.00000   -90.00  LINEAR    0.00000E+00     0.00    7.82719E+01   -93.09
   90.00    25.00    -999.99    0.85    0.85    0.00000   -90.00  LINEAR    0.00000E+00     0.00    7.73935E+01   -93.09
   90.00    26.00    -999.99    0.75    0.75    0.00000   -90.00  LINEAR    0.00000E+00     0.00    7.64887E+01   -93.08
   90.00    27.00    -999.99    0.64    0.64    0.00000   -90.00  LINEAR    0.00000E+00     0.00    7.55585E+01   -93.08
   90.00    28.00    -999.99    0.53    0.53    0.00000   -90.00  LINEAR    0.00000E+00     0.00    7.46040E+01   -93.07
   90.00    29.00    -999.99    0.42    0.42    0.00000   -90.00  LINEAR    0.00000E+00     0.00    7.36261E+01   -93.06
   90.00    30.00    -999.99    0.30    0.30    0.00000   -90.00  LINEAR    0.00000E+00     0.00    7.26259E+01   -93.06
   90.00    31.00    -999.99    0.18    0.18    0.00000   -90.00  LINEAR    0.00000E+00     0.00    7.16043E+01   -93.05
   90.00    32.00    -999.99    0.05    0.05    0.00000   -90.00  LINEAR    0.00000E+00     0.00    7.05623E+01   -93.04
   90.00    33.00    -999.99   -0.08   -0.08    0.00000   -90.00  LINEAR    0.00000E+00     0.00    6.95010E+01   -93.04
   90.00    34.00    -999.99   -0.22   -0.22    0.00000   -90.00  LINEAR    0.00000E+00     0.00    6.84214E+01   -93.03
   90.00    35.00    -999.99   -0.36   -0.36    0.00000   -90.00  LINEAR    0.00000E+00     0.00    6.73244E+01   -93.02
   90.00    36.00    -999.99   -0.50   -0.50    0.00000   -90.00  LINEAR    0.00000E+00     0.00    6.62111E+01   -93.02
   90.00    37.00    -999.99   -0.65   -0.65    0.00000   -90.00  LINEAR    0.00000E+00     0.00    6.50824E+01   -93.01
   90.00    38.00    -999.99   -0.81   -0.81    0.00000   -90.00  LINEAR    0.00000E+00     0.00    6.39393E+01   -93.00
   90.00    39.00    -999.99   -0.97   -0.97    0.00000   -90.00  LINEAR    0.00000E+00     0.00    6.27828E+01   -92.99
   90.00    40.00    -999.99   -1.13   -1.13    0.00000   -90.00  LINEAR    0.00000E+00     0.00    6.16137E+01   -92.99
   90.00    41.00    -999.99   -1.30   -1.30    0.00000   -90.00  LINEAR    0.00000E+00     0.00    6.04331E+01   -92.98
   90.00    42.00    -999.99   -1.47   -1.47    0.00000   -90.00  LINEAR    0.00000E+00     0.00    5.92417E+01   -92.97
   90.00    43.00    -999.99   -1.65   -1.65    0.00000   -90.00  LINEAR    0.00000E+00     0.00    5.80405E+01   -92.96
   90.00    44.00    -999.99   -1.83   -1.83    0.00000   -90.00  LINEAR    0.00000E+00     0.00    5.68303E+01   -92.96
   90.00    45.00    -999.99   -2.02   -2.02    0.00000   -90.00  LINEAR    0.00000E+00     0.00    5.56120E+01   -92.95
   90.00    46.00    -999.99   -2.21   -2.21    0.00000   -90.00  LINEAR    0.00000E+00     0.00    5.43863E+01   -92.94
   90.00    47.00    -999.99   -2.41   -2.41    0.00000   -90.00  LINEAR    0.00000E+00     0.00    5.31540E+01   -92.93
   90.00    48.00    -999.99   -2.62   -2.62    0.00000   -90.00  LINEAR    0.00000E+00     0.00    5.19159E+01   -92.92
   90.00    49.00    -999.99   -2.83   -2.83    0.00000   -90.00  LINEAR    0.00000E+00     0.00    5.06726E+01   -92.92
   90.00    50.00    -999.99   -3.04   -3.04    0.00000   -90.00  LINEAR    0.00000E+00     0.00    4.94250E+01   -92.91
   90.00    51.00    -999.99   -3.27   -3.27    0.00000   -90.00  LINEAR    0.00000E+00     0.00    4.81735E+01   -92.90
   90.00    52.00    -999.99   -3.50   -3.50    0.00000   -90.00  LINEAR    0.00000E+00     0.00    4.69190E+01   -92.89
   90.00    53.00    -999.99   -3.73   -3.73    0.00000   -90.00  LINEAR    0.00000E+00     0.00    4.56618E+01   -92.88
   90.00    54.00    -999.99   -3.97   -3.97    0.00000   -90.00  LINEAR    0.00000E+00     0.00    4.44027E+01   -92.88
   90.00    55.00    -999.99   -4.22   -4.22    0.00000   -90.00  LINEAR    0.00000E+00     0.00    4.31421E+01   -92.87
   90.00    56.00    -999.99   -4.48   -4.48    0.00000   -90.00  LINEAR    0.00000E+00     0.00    4.18806E+01   -92.86
   90.00    57.00    -999.99   -4.75   -4.75    0.00000   -90.00  LINEAR    0.00000E+00     0.00    4.06186E+01   -92.85
   90.00    58.00    -999.99   -5.02   -5.02    0.00000   -90.00  LINEAR    0.00000E+00     0.00    3.93565E+01   -92.84
   90.00    59.00    -999.99   -5.31   -5.31    0.00000   -90.00  LINEAR    0.00000E+00     0.00    3.80948E+01   -92.84
   90.00    60.00    -999.99   -5.60   -5.60    0.00000   -90.00  LINEAR    0.00000E+00     0.00    3.68337E+01   -92.83
   90.00    61.00    -999.99   -5.90   -5.90    0.00000   -90.00  LINEAR    0.00000E+00     0.00    3.55737E+01   -92.82
   90.00    62.00    -999.99   -6.21   -6.21    0.00000   -90.00  LINEAR    0.00000E+00     0.00    3.43151E+01   -92.81
   90.00    63.00    -999.99   -6.54   -6.54    0.00000   -90.00  LINEAR    0.00000E+00     0.00    3.30581E+01   -92.81
   90.00    64.00    -999.99   -6.87   -6.87    0.00000   -90.00  LINEAR    0.00000E+00     0.00    3.18029E+01   -92.80
   90.00    65.00    -999.99   -7.22   -7.22    0.00000   -90.00  LINEAR    0.00000E+00     0.00    3.05499E+01   -92.79
   90.00    66.00    -999.99   -7.59   -7.59    0.00000   -90.00  LINEAR    0.00000E+00     0.00    2.92991E+01   -92.79
   90.00    67.00    -999.99   -7.96   -7.96    0.00000   -90.00  LINEAR    0.00000E+00     0.00    2.80507E+01   -92.78
   90.00    68.00    -999.99   -8.36   -8.36    0.00000   -90.00  LINEAR    0.00000E+00     0.00    2.68049E+01   -92.77
   90.00    69.00    -999.99   -8.77   -8.77    0.00000   -90.00  LINEAR    0.00000E+00     0.00    2.55617E+01   -92.77
   90.00    70.00    -999.99   -9.20   -9.20    0.00000   -90.00  LINEAR    0.00000E+00     0.00    2.43212E+01   -92.76
   90.00    71.00    -999.99   -9.66   -9.66    0.00000   -90.00  LINEAR    0.00000E+00     0.00    2.30835E+01   -92.76
   90.00    72.00    -999.99  -10.13  -10.13    0.00000   -90.00  LINEAR    0.00000E+00     0.00    2.18485E+01   -92.75
   90.00    73.00    -999.99  -10.64  -10.64    0.00000   -90.00  LINEAR    0.00000E+00     0.00    2.06164E+01   -92.75
   90.00    74.00    -999.99  -11.17  -11.17    0.00000   -90.00  LINEAR    0.00000E+00     0.00    1.93869E+01   -92.74
   90.00    75.00    -999.99  -11.74  -11.74    0.00000   -90.00  LINEAR    0.00000E+00     0.00    1.81602E+01   -92.74
   90.00    76.00    -999.99  -12.35  -12.35    0.00000   -90.00  LINEAR    0.00000E+00     0.00    1.69362E+01   -92.73
   90.00    77.00    -999.99  -13.00  -13.00    0.00000   -90.00  LINEAR    0.00000E+00     0.00    1.57146E+01   -92.73
   90.00    78.00    -999.99  -13.70  -13.70    0.00000   -90.00  LINEAR    0.00000E+00     0.00    1.44956E+01   -92.73
   90.00    79.00    -999.99  -14.46  -14.46    0.00000   -90.00  LINEAR    0.00000E+00     0.00    1.32788E+01   -92.72
   90.00    80.00    -999.99  -15.29  -15.29    0.00000   -90.00  LINEAR    0.00000E+00     0.00    1.20643E+01   -92.72
   90.00    81.00    -999.99  -16.21  -16.21    0.00000   -90.00  LINEAR    0.00000E+00     0.00    1.08517E+01   -92.72
   90.00    82.00    -999.99  -17.24  -17.24    0.00000   -90.00  LINEAR    0.00000E+00     0.00    9.64109E+00   -92.71
   90.00    83.00    -999.99  -18.40  -18.40    0.00000   -90.00  LINEAR    0.00000E+00     0.00    8.43213E+00   -92.71
   90.00    84.00    -999.99  -19.75  -19.75    0.00000   -90.00  LINEAR    0.00000E+00     0.00    7.22468E+00   -92.71
   90.00    85.00    -999.99  -21.33  -21.33    0.00000   -90.00  LINEAR    0.00000E+00     0.00    6.01853E+00   -92.71
   90.00    86.00    -999.99  -23.27  -23.27    0.00000   -90.00  LINEAR    0.00000E+00     0.00    4.81348E+00   -92.71
   90.00    87.00    -999.99  -25.77  -25.77    0.00000   -90.00  LINEAR    0.00000E+00     0.00    3.60933E+00   -92.70
   90.00    88.00    -999.99  -29.30  -29.30    0.00000   -90.00  LINEAR    0.00000E+00     0.00    2.40584E+00   -92.70
   90.00    89.00    -999.99  -35.32  -35.32    0.00000   -90.00  LINEAR    0.00000E+00     0.00    1.20281E+00   -92.70
   90.00    90.00    -999.99 -999.99 -999.99    0.00000     0.00            0.00000E+00     0.00    0.00000E+00     0.00
   90.00    91.00    -999.99  -35.32  -35.32    0.00000    90.00  LINEAR    0.00000E+00     0.00    1.20281E+00    87.30
   90.00    92.00    -999.99  -29.30  -29.30    0.00000    90.00  LINEAR    0.00000E+00     0.00    2.40584E+00    87.30
   90.00    93.00    -999.99  -25.77  -25.77    0.00000    90.00  LINEAR    0.00000E+00     0.00    3.60933E+00    87.30
   90.00    94.00    -999.99  -23.27  -23.27    0.00000    90.00  LINEAR    0.00000E+00     0.00    4.81348E+00    87.29
   90.00    95.00    -999.99  -21.33  -21.33    0.00000    90.00  LINEAR    0.00000E+00     0.00    6.01853E+00    87.29
   90.00    96.00    -999.99  -19.75  -19.75    0.00000    90.00  LINEAR    0.00000E+00     0.00    7.22468E+00    87.29
   90.00    97.00    -999.99  -18.40  -18.40    0.00000    90.00  LINEAR    0.00000E+00     0.00    8.43213E+00    87.29
   90.00    98.00    -999.99  -17.24  -17.24    0.00000    90.00  LINEAR    0.00000E+00     0.00    9.64109E+00    87.29
   90.00    99.00    -999.99  -16.21  -16.21    0.00000    90.00  LINEAR    0.00000E+00     0.00    1.08517E+01    87.28
   90.00   100.00    -999.99  -15.29  -15.29    0.00000    90.00  LINEAR    0.00000E+00     0.00    1.20643E+01    87.28
   90.00   101.00    -999.99  -14.46  -14.46    0.00000    90.00  LINEAR    0.00000E+00     0.00    1.32788E+01    87.28
   90.00   102.00    -999.99  -13.70  -13.70    0.00000    90.00  LINEAR    0.00000E+00     0.00    1.44956E+01    87.27
   90.00   103.00    -999.99  -13.00  -13.00    0.00000    90.00  LINEAR    0.00000E+00     0.00    1.57146E+01    87.27
   90.00   104.00    -999.99  -12.35  -12.35    0.00000    90.00  LINEAR    0.00000E+00     0.00    1.69362E+01    87.27
   90.00   105.00    -999.99  -11.74  -11.74    0.00000    90.00  LINEAR    0.00000E+00     0.00    1.81602E+01    87.26
   90.00   106.00    -999.99  -11.17  -11.17    0.00000    90.00  LINEAR    0.00000E+00     0.00    1.93869E+01    87.26
   90.00   107.00    -999.99  -10.64  -10.64    0.00000    90.00  LINEAR    0.00000E+00     0.00    2.06164E+01    87.25
   90.00   108.00    -999.99  -10.13  -10.13    0.00000    90.00  LINEAR    0.00000E+00     0.00    2.18485E+01    87.25
   90.00   109.00    -999.99   -9.66   -9.66    0.00000    90.00  LINEAR    0.00000E+00     0.00    2.30835E+01    87.24
   90.00   110.00    -999.99   -9.20   -9.20    0.00000    90.00  LINEAR    0.00000E+00     0.00    2.43212E+01    87.24
   90.00   111.00    -999.99   -8.77   -8.77    0.00000    90.00  LINEAR    0.00000E+00     0.00    2.55617E+01    87.23
   90.00   112.00    -999.99   -8.36   -8.36    0.00000    90.00  LINEAR    0.00000E+00     0.00    2.68049E+01    87.23
   90.00   113.00    -999.99   -7.96   -7.96    0.00000    90.00  LINEAR    0.00000E+00     0.00    2.80507E+01    87.22
   90.00   114.00    -999.99   -7.59   -7.59    0.00000    90.00  LINEAR    0.00000E+00     0.00    2.92991E+01    87.21
   90.00   115.00    -999.99   -7.22   -7.22    0.00000    90.00  LINEAR    0.00000E+00     0.00    3.05499E+01    87.21
   90.00   116.00    -999.99   -6.87   -6.87    0.00000    90.00  LINEAR    0.00000E+00     0.00    3.18029E+01    87.20
   90.00   117.00    -999.99   -6.54   -6.54    0.00000    90.00  LINEAR    0.00000E+00     0.00    3.30581E+01    87.19
   90.00   118.00    -999.99   -6.21   -6.21    0.00000    90.00  LINEAR    0.00000E+00     0.00    3.43151E+01    87.19
   90.00   119.00    -999.99   -5.90   -5.90    0.00000    90.00  LINEAR    0.00000E+00     0.00    3.55737E+01    87.18
   90.00   120.00    -999.99   -5.60   -5.60    0.00000    90.00  LINEAR    0.00000E+00     0.00    3.68337E+01    87.17
   90.00   121.00    -999.99   -5.31   -5.31    0.00000    90.00  LINEAR    0.00000E+00     0.00    3.80948E+01    87.16
   90.00   122.00    -999.99   -5.02   -5.02    0.00000    90.00  LINEAR    0.00000E+00     0.00    3.93565E+01    87.16
   90.00   123.00    -999.99   -4.75   -4.75    0.00000    90.00  LINEAR    0.00000E+00     0.00    4.06186E+01    87.15
   90.00   124.00    -999.99   -4.48   -4.48    0.00000    90.00  LINEAR    0.00000E+00     0.00    4.18806E+01    87.14
   90.00   125.00    -999.99   -4.22   -4.22    0.00000    90.00  LINEAR    0.00000E+00     0.00    4.31421E+01    87.13
   90.00   126.00    -999.99   -3.97   -3.97    0.00000    90.00  LINEAR    0.00000E+00     0.00    4.44027E+01    87.12
   90.00   127.00    -999.99   -3.73   -3.73    0.00000    90.00  LINEAR    0.00000E+00     0.00    4.56618E+01    87.12
   90.00   128.00    -999.99   -3.50   -3.50    0.00000    90.00  LINEAR    0.00000E+00     0.00    4.69190E+01    87.11
   90.00   129.00    -999.99   -3.27   -3.27    0.00000    90.00  LINEAR    0.00000E+00     0.00    4.81735E+01    87.10
   90.00   130.00    -999.99   -3.04   -3.04    0.00000    90.00  LINEAR    0.00000E+00     0.00    4.94250E+01    87.09
   90.00   131.00    -999.99   -2.83   -2.83    0.00000    90.00  LINEAR    0.00000E+00     0.00    5.06726E+01    87.08
   90.00   132.00    -999.99   -2.62   -2.62    0.00000    90.00  LINEAR    0.00000E+00     0.00    5.19159E+01    87.08
   90.00   133.00    -999.99   -2.41   -2.41    0.00000    90.00  LINEAR    0.00000E+00     0.00    5.31540E+01    87.07
   90.00   134.00    -999.99   -2.21   -2.21    0.00000    90.00  LINEAR    0.00000E+00     0.00    5.43863E+01    87.06
   90.00   135.00    -999.99   -2.02   -2.02    0.00000    90.00  LINEAR    0.00000E+00     0.00    5.56120E+01    87.05
   90.00   136.00    -999.99   -1.83   -1.83    0.00000    90.00  LINEAR    0.00000E+00     0.00    5.68303E+01    87.04
   90.00   137.00    -999.99   -1.65   -1.65    0.00000    90.00  LINEAR    0.00000E+00     0.00    5.80405E+01    87.04
   90.00   138.00    -999.99   -1.47   -1.47    0.00000    90.00  LINEAR    0.00000E+00     0.00    5.92417E+01    87.03
   90.00   139.00    -999.99   -1.30   -1.30    0.00000    90.00  LINEAR    0.00000E+00     0.00    6.04331E+01    87.02
   90.00   140.00    -999.99   -1.13   -1.13    0.00000    90.00  LINEAR    0.00000E+00     0.00    6.16137E+01    87.01
   90.00   141.00    -999.99   -0.97   -0.97    0.00000    90.00  LINEAR    0.00000E+00     0.00    6.27828E+01    87.01
   90.00   142.00    -999.99   -0.81   -0.81    0.00000    90.00  LINEAR    0.00000E+00     0.00    6.39393E+01    87.00
   90.00   143.00    -999.99   -0.65   -0.65    0.00000    90.00  LINEAR    0.00000E+00     0.00    6.50824E+01    86.99
   90.00   144.00    -999.99   -0.50   -0.50    0.00000    90.00  LINEAR    0.00000E+00     0.00    6.62111E+01    86.98
   90.00   145.00    -999.99   -0.36   -0.36    0.00000    90.00  LINEAR    0.00000E+00     0.00    6.73244E+01    86.98
   90.00   146.00    -999.99   -0.22   -0.22    0.00000    90.00  LINEAR    0.00000E+00     0.00    6.84214E+01    86.97
   90.00   147.00    -999.99   -0.08   -0.08    0.00000    90.00  LINEAR    0.00000E+00     0.00    6.95010E+01    86.96
   90.00   148.00    -999.99    0.05    0.05    0.00000    90.00  LINEAR    0.00000E+00     0.00    7.05623E+01    86.96
   90.00   149.00    -999.99    0.18    0.18    0.00000    90.00  LINEAR    0.00000E+00     0.00    7.16043E+01    86.95
   90.00   150.00    -999.99    0.30    0.30    0.00000    90.00  LINEAR    0.00000E+00     0.00    7.26259E+01    86.94
   90.00   151.00    -999.99    0.42    0.42    0.00000    90.00  LINEAR    0.00000E+00     0.00    7.36261E+01    86.94
   90.00   152.00    -999.99    0.53    0.53    0.00000    90.00  LINEAR    0.00000E+00     0.00    7.46040E+01    86.93
   90.00   153.00    -999.99    0.64    0.64    0.00000    90.00  LINEAR    0.00000E+00     0.00    7.55585E+01    86.92
   90.00   154.00    -999.99    0.75    0.75    0.00000    90.00  LINEAR    0.00000E+00     0.00    7.64887E+01    86.92
   90.00   155.00    -999.99    0.85    0.85    0.00000    90.00  LINEAR    0.00000E+00     0.00    7.73935E+01    86.91
   90.00   156.00    -999.99    0.95    0.95    0.00000    90.00  LINEAR    0.00000E+00     0.00    7.82719E+01    86.91
   90.00   157.00    -999.99    1.04    1.04    0.00000    90.00  LINEAR    0.00000E+00     0.00    7.91231E+01    86.90
   90.00   158.00    -999.99    1.13    1.13    0.00000    90.00  LINEAR    0.00000E+00     0.00    7.99459E+01    86.90
   90.00   159.00    -999.99    1.22    1.22    0.00000    90.00  LINEAR    0.00000E+00     0.00    8.07396E+01    86.89
   90.00   160.00    -999.99    1.30    1.30    0.00000    90.00  LINEAR    0.00000E+00     0.00    8.15031E+01    86.89
   90.00   161.00    -999.99    1.38    1.38    0.00000    90.00  LINEAR    0.00000E+00     0.00    8.22356E+01    86.88
   90.00   162.00    -999.99    1.45    1.45    0.00000    90.00  LINEAR    0.00000E+00     0.00    8.29362E+01    86.88
   90.00   163.00    -999.99    1.52    1.52    0.00000    90.00  LINEAR    0.00000E+00     0.00    8.36041E+01    86.87
   90.00   164.00    -999.99    1.59    1.59    0.00000    90.00  LINEAR    0.00000E+00     0.00    8.42385E+01    86.87
   90.00   165.00    -999.99    1.65    1.65    0.00000    90.00  LINEAR    0.00000E+00     0.00    8.48386E+01    86.87
   90.00   166.00    -999.99    1.71    1.71    0.00000    90.00  LINEAR    0.00000E+00     0.00    8.54036E+01    86.86
   90.00   167.00    -999.99    1.76    1.76    0.00000    90.00  LINEAR    0.00000E+00     0.00    8.59329E+01    86.86
   90.00   168.00    -999.99    1.81    1.81    0.00000    90.00  LINEAR    0.00000E+00     0.00    8.64257E+01    86.86
   90.00   169.00    -999.99    1.86    1.86    0.00000    90.00  LINEAR    0.00000E+00     0.00    8.68815E+01    86.85
   90.00   170.00    -999.99    1.90    1.90    0.00000    90.00  LINEAR    0.00000E+00     0.00    8.72997E+01    86.85
   90.00   171.00    -999.99    1.93    1.93    0.00000    90.00  LINEAR    0.00000E+00     0.00    8.76797E+01    86.85
   90.00   172.00    -999.99    1.97    1.97    0.00000    90.00  LINEAR    0.00000E+00     0.00    8.80211E+01    86.85
   90.00   173.00    -999.99    2.00    2.00    0.00000    90.00  LINEAR    0.00000E+00     0.00    8.83233E+01    86.85
   90.00   174.00    -999.99    2.02    2.02    0.00000    90.00  LINEAR    0.00000E+00     0.00    8.85861E+01    86.84
   90.00   175.00    -999.99    2.05    2.05    0.00000    90.00  LINEAR    0.00000E+00     0.00    8.88090E+01    86.84
   90.00   176.00    -999.99    2.06    2.06    0.00000    90.00  LINEAR    0.00000E+00     0.00    8.89918E+01    86.84
   90.00   177.00    -999.99    2.08    2.08    0.00000    90.00  LINEAR    0.00000E+00     0.00    8.91343E+01    86.84
   90.00   178.00    -999.99    2.09    2.09    0.00000    90.00  LINEAR    0.00000E+00     0.00    8.92362E+01    86.84
   90.00   179.00    -999.99    2.09    2.09    0.00000    90.00  LINEAR    0.00000E+00     0.00    8.92973E+01    86.84
   90.00   180.00    -999.99    2.10    2.10    0.00000    90.00  LINEAR    0.00000E+00     0.00    8.93177E+01    86.84
   90.00   181.00    -999.99    2.09    2.09    0.00000    90.00  LINEAR    0.00000E+00     0.00    8.92973E+01    86.84
   90.00   182.00    -999.99    2.09    2.09    0.00000    90.00  LINEAR    0.00000E+00     0.00    8.92362E+01    86.84
   90.00   183.00    -999.99    2.08    2.08    0.00000    90.00  LINEAR    0.00000E+00     0.00    8.91343E+01    86.84
   90.00   184.00    -999.99    2.06    2.06    0.00000    90.00  LINEAR    0.00000E+00     0.00    8.89918E+01    86.84
   90.00   185.00    -999.99    2.05    2.05    0.00000    90.00  LINEAR    0.00000E+00     0.00    8.88090E+01    86.84
   90.00   186.00    -999.99    2.02    2.02    0.00000    90.00  LINEAR    0.00000E+00     0.00    8.85861E+01    86.84
   90.00   187.00    -999.99    2.00    2.00    0.00000    90.00  LINEAR    0.00000E+00     0.00    8.83233E+01    86.85
   90.00   188.00    -999.99    1.97    1.97    0.00000    90.00  LINEAR    0.00000E+00     0.00    8.80211E+01    86.85
   90.00   189.00    -999.99    1.93    1.93    0.00000    90.00  LINEAR    0.00000E+00     0.00    8.76797E+01    86.85
   90.00   190.00    -999.99    1.90    1.90    0.00000    90.00  LINEAR    0.00000E+00     0.00    8.72997E+01    86.85
   90.00   191.00    -999.99    1.86    1.86    0.00000    90.00  LINEAR    0.00000E+00     0.00    8.68815E+01    86.85
   90.00   192.00    -999.99    1.81    1.81    0.00000    90.00  LINEAR    0.00000E+00     0.00    8.64257E+01    86.86
   90.00   193.00    -999.99    1.76    1.76    0.00000    90.00  LINEAR    0.00000E+00     0.00    8.59329E+01    86.86
   90.00   194.00    -999.99    1.71    1.71    0.00000    90.00  LINEAR    0.00000E+00     0.00    8.54036E+01    86.86
   90.00   195.00    -999.99    1.65    1.65    0.00000    90.00  LINEAR    0.00000E+00     0.00    8.48386E+01    86.87
   90.00   196.00    -999.99    1.59    1.59    0.00000    90.00  LINEAR    0.00000E+00     0.00    8.42385E+01    86.87
   90.00   197.00    -999.99    1.52    1.52    0.00000    90.00  LINEAR    0.00000E+00     0.00    8.36041E+01    86.87
   90.00   198.00    -999.99    1.45    1.45    0.00000    90.00  LINEAR    0.00000E+00     0.00    8.29362E+01    86.88
   90.00   199.00    -999.99    1.38    1.38    0.00000    90.00  LINEAR    0.00000E+00     0.00    8.22356E+01    86.88
   90.00   200.00    -999.99    1.30    1.30    0.00000    90.00  LINEAR    0.00000E+00     0.00    8.15031E+01    86.89
   90.00   201.00    -999.99    1.22    1.22    0.00000    90.00  LINEAR    0.00000E+00     0.00    8.07396E+01    86.89
   90.00   202.00    -999.99    1.13    1.13    0.00000    90.00  LINEAR    0.00000E+00     0.00    7.99459E+01    86.90
   90.00   203.00    -999.99    1.04    1.04    0.00000    90.00  LINEAR    0.00000E+00     0.00    7.91231E+01    86.90
   90.00   204.00    -999.99    0.95    0.95    0.00000    90.00  LINEAR    0.00000E+00     0.00    7.82719E+01    86.91
   90.00   205.00    -999.99    0.85    0.85    0.00000    90.00  LINEAR    0.00000E+00     0.00    7.73935E+01    86.91
   90.00   206.00    -999.99    0.75    0.75    0.00000    90.00  LINEAR    0.00000E+00     0.00    7.64887E+01    86.92
   90.00   207.00    -999.99    0.64    0.64    0.00000    90.00  LINEAR    0.00000E+00     0.00    7.55585E+01    86.92
   90.00   208.00    -999.99    0.53    0.53    0.00000    90.00  LINEAR    0.00000E+00     0.00    7.46040E+01    86.93
   90.00   209.00    -999.99    0.42    0.42    0.00000    90.00  LINEAR    0.00000E+00     0.00    7.36261E+01    86.94
   90.00   210.00    -999.99    0.30    0.30    0.00000    90.00  LINEAR    0.00000E+00     0.00    7.26259E+01    86.94
   90.00   211.00    -999.99    0.18    0.18    0.00000    90.00  LINEAR    0.00000E+00     0.00    7.16043E+01    86.95
   90.00   212.00    -999.99    0.05    0.05    0.00000    90.00  LINEAR    0.00000E+00     0.00    7.05623E+01    86.96
   90.00   213.00    -999.99   -0.08   -0.08    0.00000    90.00  LINEAR    0.00000E+00     0.00    6.95010E+01    86.96
   90.00   214.00    -999.99   -0.22   -0.22    0.00000    90.00  LINEAR    0.00000E+00     0.00    6.84214E+01    86.97
   90.00   215.00    -999.99   -0.36   -0.36    0.00000    90.00  LINEAR    0.00000E+00     0.00    6.73244E+01    86.98
   90.00   216.00    -999.99   -0.50   -0.50    0.00000    90.00  LINEAR    0.00000E+00     0.00    6.62111E+01    86.98
   90.00   217.00    -999.99   -0.65   -0.65    0.00000    90.00  LINEAR    0.00000E+00     0.00    6.50824E+01    86.99
   90.00   218.00    -999.99   -0.81   -0.81    0.00000    90.00  LINEAR    0.00000E+00     0.00    6.39393E+01    87.00
   90.00   219.00    -999.99   -0.97   -0.97    0.00000    90.00  LINEAR    0.00000E+00     0.00    6.27828E+01    87.01
   90.00   220.00    -999.99   -1.13   -1.13    0.00000    90.00  LINEAR    0.00000E+00     0.00    6.16137E+01    87.01
   90.00   221.00    -999.99   -1.30   -1.30    0.00000    90.00  LINEAR    0.00000E+00     0.00    6.04331E+01    87.02
   90.00   222.00    -999.99   -1.47   -1.47    0.00000    90.00  LINEAR    0.00000E+00     0.00    5.92417E+01    87.03
   90.00   223.00    -999.99   -1.65   -1.65    0.00000    90.00  LINEAR    0.00000E+00     0.00    5.80405E+01    87.04
   90.00   224.00    -999.99   -1.83   -1.83    0.00000    90.00  LINEAR    0.00000E+00     0.00    5.68303E+01    87.04
   90.00   225.00    -999.99   -2.02   -2.02    0.00000    90.00  LINEAR    0.00000E+00     0.00    5.56120E+01    87.05
   90.00   226.00    -999.99   -2.21   -2.21    0.00000    90.00  LINEAR    0.00000E+00     0.00    5.43863E+01    87.06
   90.00   227.00    -999.99   -2.41   -2.41    0.00000    90.00  LINEAR    0.00000E+00     0.00    5.31540E+01    87.07
   90.00   228.00    -999.99   -2.62   -2.62    0.00000    90.00  LINEAR    0.00000E+00     0.00    5.19159E+01    87.08
   90.00   229.00    -999.99   -2.83   -2.83    0.00000    90.00  LINEAR    0.00000E+00     0.00    5.06726E+01    87.08
   90.00   230.00    -999.99   -3.04   -3.04    0.00000    90.00  LINEAR    0.00000E+00     0.00    4.94250E+01    87.09
   90.00   231.00    -999.99   -3.27   -3.27    0.00000    90.00  LINEAR    0.00000E+00     0.00    4.81735E+01    87.10
   90.00   232.00    -999.99   -3.50   -3.50    0.00000    90.00  LINEAR    0.00000E+00     0.00    4.69190E+01    87.11
   90.00   233.00    -999.99   -3.73   -3.73    0.00000    90.00  LINEAR    0.00000E+00     0.00    4.56618E+01    87.12
   90.00   234.00    -999.99   -3.97   -3.97    0.00000    90.00  LINEAR    0.00000E+00     0.00    4.44027E+01    87.12
   90.00   235.00    -999.99   -4.22   -4.22    0.00000    90.00  LINEAR    0.00000E+00     0.00    4.31421E+01    87.13
   90.00   236.00    -999.99   -4.48   -4.48    0.00000    90.00  LINEAR    0.00000E+00     0.00    4.18806E+01    87.14
   90.00   237.00    -999.99   -4.75   -4.75    0.00000    90.00  LINEAR    0.00000E+00     0.00    4.06186E+01    87.15
   90.00   238.00    -999.99   -5.02   -5.02    0.00000    90.00  LINEAR    0.00000E+00     0.00    3.93565E+01    87.16
   90.00   239.00    -999.99   -5.31   -5.31    0.00000    90.00  LINEAR    0.00000E+00     0.00    3.80948E+01    87.16
   90.00   240.00    -999.99   -5.60   -5.60    0.00000    90.00  LINEAR    0.00000E+00     0.00    3.68337E+01    87.17
   90.00   241.00    -999.99   -5.90   -5.90    0.00000    90.00  LINEAR    0.00000E+00     0.00    3.55737E+01    87.18
   90.00   242.00    -999.99   -6.21   -6.21    0.00000    90.00  LINEAR    0.00000E+00     0.00    3.43151E+01    87.19
   90.00   243.00    -999.99   -6.54   -6.54    0.00000    90.00  LINEAR    0.00000E+00     0.00    3.30581E+01    87.19
   90.00   244.00    -999.99   -6.87   -6.87    0.00000    90.00  LINEAR    0.00000E+00     0.00    3.18029E+01    87.20
   90.00   245.00    -999.99   -7.22   -7.22    0.00000    90.00  LINEAR    0.00000E+00     0.00    3.05499E+01    87.21
   90.00   246.00    -999.99   -7.59   -7.59    0.00000    90.00  LINEAR    0.00000E+00     0.00    2.92991E+01    87.21
   90.00   247.00    -999.99   -7.96   -7.96    0.00000    90.00  LINEAR    0.00000E+00     0.00    2.80507E+01    87.22
   90.00   248.00    -999.99   -8.36   -8.36    0.00000    90.00  LINEAR    0.00000E+00     0.00    2.68049E+01    87.23
   90.00   249.00    -999.99   -8.77   -8.77    0.00000    90.00  LINEAR    0.00000E+00     0.00    2.55617E+01    87.23
   90.00   250.00    -999.99   -9.20   -9.20    0.00000    90.00  LINEAR    0.00000E+00     0.00    2.43212E+01    87.24
   90.00   251.00    -999.99   -9.66   -9.66    0.00000    90.00  LINEAR    0.00000E+00     0.00    2.30835E+01    87.24
   90.00   252.00    -999.99  -10.13  -10.13    0.00000    90.00  LINEAR    0.00000E+00     0.00    2.18485E+01    87.25
   90.00   253.00    -999.99  -10.64  -10.64    0.00000    90.00  LINEAR    0.00000E+00     0.00    2.06164E+01    87.25
   90.00   254.00    -999.99  -11.17  -11.17    0.00000    90.00  LINEAR    0.00000E+00     0.00    1.93869E+01    87.26
   90.00   255.00    -999.99  -11.74  -11.74    0.00000    90.00  LINEAR    0.00000E+00     0.00    1.81602E+01    87.26
   90.00   256.00    -999.99  -12.35  -12.35    0.00000    90.00  LINEAR    0.00000E+00     0.00    1.69362E+01    87.27
   90.00   257.00    -999.99  -13.00  -13.00    0.00000    90.00  LINEAR    0.00000E+00     0.00    1.57146E+01    87.27
   90.00   258.00    -999.99  -13.70  -13.70    0.00000    90.00  LINEAR    0.00000E+00     0.00    1.44956E+01    87.27
   90.00   259.00    -999.99  -14.46  -14.46    0.00000    90.00  LINEAR    0.00000E+00     0.00    1.32788E+01    87.28
   90.00   260.00    -999.99  -15.29  -15.29    0.00000    90.00  LINEAR    0.00000E+00     0.00    1.20643E+01    87.28
   90.00   261.00    -999.99  -16.21  -16.21    0.00000    90.00  LINEAR    0.00000E+00     0.00    1.08517E+01    87.28
   90.00   262.00    -999.99  -17.24  -17.24    0.00000    90.00  LINEAR    0.00000E+00     0.00    9.64109E+00    87.29
   90.00   263.00    -999.99  -18.40  -18.40    0.00000    90.00  LINEAR    0.00000E+00     0.00    8.43213E+00    87.29
   90.00   264.00    -999.99  -19.75  -19.75    0.00000    90.00  LINEAR    0.00000E+00     0.00    7.22468E+00    87.29
   90.00   265.00    -999.99  -21.33  -21.33    0.00000    90.00  LINEAR    0.00000E+00     0.00    6.01853E+00    87.29
   90.00   266.00    -999.99  -23.27  -23.27    0.00000    90.00  LINEAR    0.00000E+00     0.00    4.81348E+00    87.29
   90.00   267.00    -999.99  -25.77  -25.77    0.00000    90.00  LINEAR    0.00000E+00     0.00    3.60933E+00    87.30
   90.00   268.00    -999.99  -29.30  -29.30    0.00000    90.00  LINEAR    0.00000E+00     0.00    2.40584E+00    87.30
   90.00   269.00    -999.99  -35.32  -35.32    0.00000    90.00  LINEAR    0.00000E+00     0.00    1.20281E+00    87.30
   90.00   270.00    -999.99 -999.99 -999.99    0.00000     0.00            0.00000E+00     0.00    0.00000E+00     0.00
   90.00   271.00    -999.99  -35.32  -35.32    0.00000   -90.00  LINEAR    0.00000E+00     0.00    1.20281E+00   -92.70
   90.00   272.00    -999.99  -29.30  -29.30    0.00000   -90.00  LINEAR    0.00000E+00     0.00    2.40584E+00   -92.70
   90.00   273.00    -999.99  -25.77  -25.77    0.00000   -90.00  LINEAR    0.00000E+00     0.00    3.60933E+00   -92.70
   90.00   274.00    -999.99  -23.27  -23.27    0.00000   -90.00  LINEAR    0.00000E+00     0.00    4.81348E+00   -92.71
   90.00   275.00    -999.99  -21.33  -21.33    0.00000   -90.00  LINEAR    0.00000E+00     0.00    6.01853E+00   -92.71
   90.00   276.00    -999.99  -19.75  -19.75    0.00000   -90.00  LINEAR    0.00000E+00     0.00    7.22468E+00   -92.71
   90.00   277.00    -999.99  -18.40  -18.40    0.00000   -90.00  LINEAR    0.00000E+00     0.00    8.43213E+00   -92.71
   90.00   278.00    -999.99  -17.24  -17.24    0.00000   -90.00  LINEAR    0.00000E+00     0.00    9.64109E+00   -92.71
   90.00   279.00    -999.99  -16.21  -16.21    0.00000   -90.00  LINEAR    0.00000E+00     0.00    1.08517E+01   -92.72
   90.00   280.00    -999.99  -15.29  -15.29    0.00000   -90.00  LINEAR    0.00000E+00     0.00    1.20643E+01   -92.72
   90.00   281.00    -999.99  -14.46  -14.46    0.00000   -90.00  LINEAR    0.00000E+00     0.00    1.32788E+01   -92.72
   90.00   282.00    -999.99  -13.70  -13.70    0.00000   -90.00  LINEAR    0.00000E+00     0.00    1.44956E+01   -92.73
   90.00   283.00    -999.99  -13.00  -13.00    0.00000   -90.00  LINEAR    0.00000E+00     0.00    1.57146E+01   -92.73
   90.00   284.00    -999.99  -12.35  -12.35    0.00000   -90.00  LINEAR    0.00000E+00     0.00    1.69362E+01   -92.73
   90.00   285.00    -999.99  -11.74  -11.74    0.00000   -90.00  LINEAR    0.00000E+00     0.00    1.81602E+01   -92.74
   90.00   286.00    -999.99  -11.17  -11.17    0.00000   -90.00  LINEAR    0.00000E+00     0.00    1.93869E+01   -92.74
   90.00   287.00    -999.99  -10.64  -10.64    0.00000   -90.00  LINEAR    0.00000E+00     0.00    2.06164E+01   -92.75
   90.00   288.00    -999.99  -10.13  -10.13    0.00000   -90.00  LINEAR    0.00000E+00     0.00    2.18485E+01   -92.75
   90.00   289.00    -999.99   -9.66   -9.66    0.00000   -90.00  LINEAR    0.00000E+00     0.00    2.30835E+01   -92.76
   90.00   290.00    -999.99   -9.20   -9.20    0.00000   -90.00  LINEAR    0.00000E+00     0.00    2.43212E+01   -92.76
   90.00   291.00    -999.99   -8.77   -8.77    0.00000   -90.00  LINEAR    0.00000E+00     0.00    2.55617E+01   -92.77
   90.00   292.00    -999.99   -8.36   -8.36    0.00000   -90.00  LINEAR    0.00000E+00     0.00    2.68049E+01   -92.77
   90.00   293.00    -999.99   -7.96   -7.96    0.00000   -90.00  LINEAR    0.00000E+00     0.00    2.80507E+01   -92.78
   90.00   294.00    -999.99   -7.59   -7.59    0.00000   -90.00  LINEAR    0.00000E+00     0.00    2.92991E+01   -92.79
   90.00   295.00    -999.99   -7.22   -7.22    0.00000   -90.00  LINEAR    0.00000E+00     0.00    3.05499E+01   -92.79
   90.00   296.00    -999.99   -6.87   -6.87    0.00000   -90.00  LINEAR    0.00000E+00     0.00    3.18029E+01   -92.80
   90.00   297.00    -999.99   -6.54   -6.54    0.00000   -90.00  LINEAR    0.00000E+00     0.00    3.30581E+01   -92.81
   90.00   298.00    -999.99   -6.21   -6.21    0.00000   -90.00  LINEAR    0.00000E+00     0.00    3.43151E+01   -92.81
   90.00   299.00    -999.99   -5.90   -5.90    0.00000   -90.00  LINEAR    0.00000E+00     0.00    3.55737E+01   -92.82
   90.00   300.00    -999.99   -5.60   -5.60    0.00000   -90.00  LINEAR    0.00000E+00     0.00    3.68337E+01   -92.83
   90.00   301.00    -999.99   -5.31   -5.31    0.00000   -90.00  LINEAR    0.00000E+00     0.00    3.80948E+01   -92.84
   90.00   302.00    -999.99   -5.02   -5.02    0.00000   -90.00  LINEAR    0.00000E+00     0.00    3.93565E+01   -92.84
   90.00   303.00    -999.99   -4.75   -4.75    0.00000   -90.00  LINEAR    0.00000E+00     0.00    4.06186E+01   -92.85
   90.00   304.00    -999.99   -4.48   -4.48    0.00000   -90.00  LINEAR    0.00000E+00     0.00    4.18806E+01   -92.86
   90.00   305.00    -999.99   -4.22   -4.22    0.00000   -90.00  LINEAR    0.00000E+00     0.00    4.31421E+01   -92.87
   90.00   306.00    -999.99   -3.97   -3.97    0.00000   -90.00  LINEAR    0.00000E+00     0.00    4.44027E+01   -92.88
   90.00   307.00    -999.99   -3.73   -3.73    0.00000   -90.00  LINEAR    0.00000E+00     0.00    4.56618E+01   -92.88
   90.00   308.00    -999.99   -3.50   -3.50    0.00000   -90.00  LINEAR    0.00000E+00     0.00    4.69190E+01   -92.89
   90.00   309.00    -999.99   -3.27   -3.27    0.00000   -90.00  LINEAR    0.00000E+00     0.00    4.81735E+01   -92.90
   90.00   310.00    -999.99   -3.04   -3.04    0.00000   -90.00  LINEAR    0.00000E+00     0.00    4.94250E+01   -92.91
   90.00   311.00    -999.99   -2.83   -2.83    0.00000   -90.00  LINEAR    0.00000E+00     0.00    5.06726E+01   -92.92
   90.00   312.00    -999.99   -2.62   -2.62    0.00000   -90.00  LINEAR    0.00000E+00     0.00    5.19159E+01   -92.92
   90.00   313.00    -999.99   -2.41   -2.41    0.00000   -90.00  LINEAR    0.00000E+00     0.00    5.31540E+01   -92.93
   90.00   314.00    -999.99   -2.21   -2.21    0.00000   -90.00  LINEAR    0.00000E+00     0.00    5.43863E+01   -92.94
   90.00   315.00    -999.99   -2.02   -2.02    0.00000   -90.00  LINEAR    0.00000E+00     0.00    5.56120E+01   -92.95
   90.00   316.00    -999.99   -1.83   -1.83    0.00000   -90.00  LINEAR    0.00000E+00     0.00    5.68303E+01   -92.96
   90.00   317.00    -999.99   -1.65   -1.65    0.00000   -90.00  LINEAR    0.00000E+00     0.00    5.80405E+01   -92.96
   90.00   318.00    -999.99   -1.47   -1.47    0.00000   -90.00  LINEAR    0.00000E+00     0.00    5.92417E+01   -92.97
   90.00   319.00    -999.99   -1.30   -1.30    0.00000   -90.00  LINEAR    0.00000E+00     0.00    6.04331E+01   -92.98
   90.00   320.00    -999.99   -1.13   -1.13    0.00000   -90.00  LINEAR    0.00000E+00     0.00    6.16137E+01   -92.99
   90.00   321.00    -999.99   -0.97   -0.97    0.00000   -90.00  LINEAR    0.00000E+00     0.00    6.27828E+01   -92.99
   90.00   322.00    -999.99   -0.81   -0.81    0.00000   -90.00  LINEAR    0.00000E+00     0.00    6.39393E+01   -93.00
   90.00   323.00    -999.99   -0.65   -0.65    0.00000   -90.00  LINEAR    0.00000E+00     0.00    6.50824E+01   -93.01
   90.00   324.00    -999.99   -0.50   -0.50    0.00000   -90.00  LINEAR    0.00000E+00     0.00    6.62111E+01   -93.02
   90.00   325.00    -999.99   -0.36   -0.36    0.00000   -90.00  LINEAR    0.00000E+00     0.00    6.73244E+01   -93.02
   90.00   326.00    -999.99   -0.22   -0.22    0.00000   -90.00  LINEAR    0.00000E+00     0.00    6.84214E+01   -93.03
   90.00   327.00    -999.99   -0.08   -0.08    0.00000   -90.00  LINEAR    0.00000E+00     0.00    6.95010E+01   -93.04
   90.00   328.00    -999.99    0.05    0.05    0.00000   -90.00  LINEAR    0.00000E+00     0.00    7.05623E+01   -93.04
   90.00   329.00    -999.99    0.18    0.18    0.00000   -90.00  LINEAR    0.00000E+00     0.00    7.16043E+01   -93.05
   90.00   330.00    -999.99    0.30    0.30    0.00000   -90.00  LINEAR    0.00000E+00     0.00    7.26259E+01   -93.06
   90.00   331.00    -999.99    0.42    0.42    0.00000   -90.00  LINEAR    0.00000E+00     0.00    7.36261E+01   -93.06
   90.00   332.00    -999.99    0.53    0.53    0.00000   -90.00  LINEAR    0.00000E+00     0.00    7.46040E+01   -93.07
   90.00   333.00    -999.99    0.64    0.64    0.00000   -90.00  LINEAR    0.00000E+00     0.00    7.55585E+01   -93.08
   90.00   334.00    -999.99    0.75    0.75    0.00000   -90.00  LINEAR    0.00000E+00     0.00    7.64887E+01   -93.08
   90.00   335.00    -999.99    0.85    0.85    0.00000   -90.00  LINEAR    0.00000E+00     0.00    7.73935E+01   -93.09
   90.00   336.00    -999.99    0.95    0.95    0.00000   -90.00  LINEAR    0.00000E+00     0.00    7.82719E+01   -93.09
   90.00   337.00    -999.99    1.04    1.04    0.00000   -90.00  LINEAR    0.00000E+00     0.00    7.91231E+01   -93.10
   90.00   338.00    -999.99    1.13    1.13    0.00000   -90.00  LINEAR    0.00000E+00     0.00    7.99459E+01   -93.10
   90.00   339.00    -999.99    1.22    1.22    0.00000   -90.00  LINEAR    0.00000E+00     0.00    8.07396E+01   -93.11
   90.00   340.00    -999.99    1.30    1.30    0.00000   -90.00  LINEAR    0.00000E+00     0.00    8.15031E+01   -93.11
   90.00   341.00    -999.99    1.38    1.38    0.00000   -90.00  LINEAR    0.00000E+00     0.00    8.22356E+01   -93.12
   90.00   342.00    -999.99    1.45    1.45    0.00000   -90.00  LINEAR    0.00000E+00     0.00    8.29362E+01   -93.12
   90.00   343.00    -999.99    1.52    1.52    0.00000   -90.00  LINEAR    0.00000E+00     0.00    8.36041E+01   -93.13
   90.00   344.00    -999.99    1.59    1.59    0.00000   -90.00  LINEAR    0.00000E+00     0.00    8.42385E+01   -93.13
   90.00   345.00    -999.99    1.65    1.65    0.00000   -90.00  LINEAR    0.00000E+00     0.00    8.48386E+01   -93.13
   90.00   346.00    -999.99    1.71    1.71    0.00000   -90.00  LINEAR    0.00000E+00     0.00    8.54036E+01   -93.14
   90.00   347.00    -999.99    1.76    1.76    0.00000   -90.00  LINEAR    0.00000E+00     0.00    8.59329E+01   -93.14
   90.00   348.00    -999.99    1.81    1.81    0.00000   -90.00  LINEAR    0.00000E+00     0.00    8.64257E+01   -93.14
   90.00   349.00    -999.99    1.86    1.86    0.00000   -90.00  LINEAR    0.00000E+00     0.00    8.68815E+01   -93.15
   90.00   350.00    -999.99    1.90    1.90    0.00000   -90.00  LINEAR    0.00000E+00     0.00    8.72997E+01   -93.15
   90.00   351.00    -999.99    1.93    1.93    0.00000   -90.00  LINEAR    0.00000E+00     0.00    8.76797E+01   -93.15
   90.00   352.00    -999.99    1.97    1.97    0.00000   -90.00  LINEAR    0.00000E+00     0.00    8.80211E+01   -93.15
   90.00   353.00    -999.99    2.00    2.00    0.00000   -90.00  LINEAR    0.00000E+00     0.00    8.83233E+01   -93.15
   90.00   354.00    -999.99    2.02    2.02    0.00000   -90.00  LINEAR    0.00000E+00     0.00    8.85861E+01   -93.16
   90.00   355.00    -999.99    2.05    2.05    0.00000   -90.00  LINEAR    0.00000E+00     0.00    8.88090E+01   -93.16
   90.00   356.00    -999.99    2.06    2.06    0.00000   -90.00  LINEAR    0.00000E+00     0.00    8.89918E+01   -93.16
   90.00   357.00    -999.99    2.08    2.08    0.00000   -90.00  LINEAR    0.00000E+00     0.00    8.91343E+01   -93.16
   90.00   358.00    -999.99    2.09    2.09    0.00000   -90.00  LINEAR    0.00000E+00     0.00    8.92362E+01   -93.16
   90.00   359.00    -999.99    2.09    2.09    0.00000   -90.00  LINEAR    0.00000E+00     0.00    8.92973E+01   -93.16
   90.00   360.00    -999.99    2.10    2.10    0.00000   -90.00  LINEAR    0.00000E+00     0.00    8.93177E+01   -93.16






 ***** INPUT LINE  6  EN   0    0    0    0  0.00000E+00  0.00000E+00  0.00000E+00  0.00000E+00  0.00000E+00  0.00000E+00

 RUN TIME =     0.017
