1
 momwire 0.70.0 bspline avx2


                                ***********************************************
                                *                                             *
                                *  NUMERICAL ELECTROMAGNETICS CODE (NEC-4.2)  *
                                *                                             *
                                ***********************************************




                      **********************************************************

                          Cardioid - L Network Feed                                                    
                                                                                                       
                          EZNEC Pro/2+ v. 7.0.4  2026-10-03 16:38:22                                   
                                                                                                       
                          ! Written by EZNEC/Pro+ v. 7.0 in NEC-4.2 format.                            
                                                                                                       
                          ! *Wire #3 for virtual segments.                                             
                                                                                                       
                          ! WARNING: MININEC-type ground may not work properly with standard           
                          !          NEC-2 or -4 program.                                              
                                                                                                       

                      **********************************************************





                                 - - - STRUCTURE SPECIFICATION - - -

                                     COORDINATES MUST BE INPUT IN
                                     METERS OR BE SCALED TO METERS
                                     BEFORE STRUCTURE INPUT IS ENDED


  WIRE                                                                               NO. OF    FIRST  LAST     TAG
  NO.        X1         Y1         Z1          X2         Y2         Z2      RADIUS   SEG.     SEG.   SEG.     NO.
     1    0.00000    0.00000    0.00000     0.00000    0.00000   10.05840    0.01270     30        1    30       1
     2   10.48226    0.00000    0.00000    10.48226    0.00000   10.05840    0.01270     30       31    60       2
     3 4192.90100 4192.90100 4234.83100  4192.98500 4192.98500 4234.91500    0.00419      2       61    62       3

   GROUND PLANE SPECIFIED.

   WHERE WIRE ENDS TOUCH GROUND, CURRENT WILL BE INTERPOLATED TO IMAGE IN GROUND PLANE.


   TOTAL SEGMENTS USED=   62     NO. SEG. IN A SYMMETRIC CELL=   62     SYMMETRY FLAG=  0


         - MULTIPLE WIRE JUNCTIONS -
 JUNCTION    SEGMENTS  (- FOR END 1, + FOR END 2)
  NONE




                                 - - - - SEGMENTATION DATA - - - -

                                        COORDINATES IN METERS

                         I+ AND I- INDICATE THE SEGMENTS BEFORE AND AFTER I


  SEG.   COORDINATES OF SEG. CENTER     SEG.     ORIENTATION ANGLES    WIRE    CONNECTION DATA   TAG
  NO.       X         Y         Z       LENGTH     ALPHA     BETA      RADIUS    I-   I    I+    NO.
     1   0.00000   0.00000   0.16764   0.33528   90.00000   0.00000   0.01270     1    1    2      1
     2   0.00000   0.00000   0.50292   0.33528   90.00000   0.00000   0.01270     1    2    3      1
     3   0.00000   0.00000   0.83820   0.33528   90.00000   0.00000   0.01270     2    3    4      1
     4   0.00000   0.00000   1.17348   0.33528   90.00000   0.00000   0.01270     3    4    5      1
     5   0.00000   0.00000   1.50876   0.33528   90.00000   0.00000   0.01270     4    5    6      1
     6   0.00000   0.00000   1.84404   0.33528   90.00000   0.00000   0.01270     5    6    7      1
     7   0.00000   0.00000   2.17932   0.33528   90.00000   0.00000   0.01270     6    7    8      1
     8   0.00000   0.00000   2.51460   0.33528   90.00000   0.00000   0.01270     7    8    9      1
     9   0.00000   0.00000   2.84988   0.33528   90.00000   0.00000   0.01270     8    9   10      1
    10   0.00000   0.00000   3.18516   0.33528   90.00000   0.00000   0.01270     9   10   11      1
    11   0.00000   0.00000   3.52044   0.33528   90.00000   0.00000   0.01270    10   11   12      1
    12   0.00000   0.00000   3.85572   0.33528   90.00000   0.00000   0.01270    11   12   13      1
    13   0.00000   0.00000   4.19100   0.33528   90.00000   0.00000   0.01270    12   13   14      1
    14   0.00000   0.00000   4.52628   0.33528   90.00000   0.00000   0.01270    13   14   15      1
    15   0.00000   0.00000   4.86156   0.33528   90.00000   0.00000   0.01270    14   15   16      1
    16   0.00000   0.00000   5.19684   0.33528   90.00000   0.00000   0.01270    15   16   17      1
    17   0.00000   0.00000   5.53212   0.33528   90.00000   0.00000   0.01270    16   17   18      1
    18   0.00000   0.00000   5.86740   0.33528   90.00000   0.00000   0.01270    17   18   19      1
    19   0.00000   0.00000   6.20268   0.33528   90.00000   0.00000   0.01270    18   19   20      1
    20   0.00000   0.00000   6.53796   0.33528   90.00000   0.00000   0.01270    19   20   21      1
    21   0.00000   0.00000   6.87324   0.33528   90.00000   0.00000   0.01270    20   21   22      1
    22   0.00000   0.00000   7.20852   0.33528   90.00000   0.00000   0.01270    21   22   23      1
    23   0.00000   0.00000   7.54380   0.33528   90.00000   0.00000   0.01270    22   23   24      1
    24   0.00000   0.00000   7.87908   0.33528   90.00000   0.00000   0.01270    23   24   25      1
    25   0.00000   0.00000   8.21436   0.33528   90.00000   0.00000   0.01270    24   25   26      1
    26   0.00000   0.00000   8.54964   0.33528   90.00000   0.00000   0.01270    25   26   27      1
    27   0.00000   0.00000   8.88492   0.33528   90.00000   0.00000   0.01270    26   27   28      1
    28   0.00000   0.00000   9.22020   0.33528   90.00000   0.00000   0.01270    27   28   29      1
    29   0.00000   0.00000   9.55548   0.33528   90.00000   0.00000   0.01270    28   29   30      1
    30   0.00000   0.00000   9.89076   0.33528   90.00000   0.00000   0.01270    29   30    0      1
    31  10.48226   0.00000   0.16764   0.33528   90.00000   0.00000   0.01270    31   31   32      2
    32  10.48226   0.00000   0.50292   0.33528   90.00000   0.00000   0.01270    31   32   33      2
    33  10.48226   0.00000   0.83820   0.33528   90.00000   0.00000   0.01270    32   33   34      2
    34  10.48226   0.00000   1.17348   0.33528   90.00000   0.00000   0.01270    33   34   35      2
    35  10.48226   0.00000   1.50876   0.33528   90.00000   0.00000   0.01270    34   35   36      2
    36  10.48226   0.00000   1.84404   0.33528   90.00000   0.00000   0.01270    35   36   37      2
    37  10.48226   0.00000   2.17932   0.33528   90.00000   0.00000   0.01270    36   37   38      2
    38  10.48226   0.00000   2.51460   0.33528   90.00000   0.00000   0.01270    37   38   39      2
    39  10.48226   0.00000   2.84988   0.33528   90.00000   0.00000   0.01270    38   39   40      2
    40  10.48226   0.00000   3.18516   0.33528   90.00000   0.00000   0.01270    39   40   41      2
    41  10.48226   0.00000   3.52044   0.33528   90.00000   0.00000   0.01270    40   41   42      2
    42  10.48226   0.00000   3.85572   0.33528   90.00000   0.00000   0.01270    41   42   43      2
    43  10.48226   0.00000   4.19100   0.33528   90.00000   0.00000   0.01270    42   43   44      2
    44  10.48226   0.00000   4.52628   0.33528   90.00000   0.00000   0.01270    43   44   45      2
    45  10.48226   0.00000   4.86156   0.33528   90.00000   0.00000   0.01270    44   45   46      2
    46  10.48226   0.00000   5.19684   0.33528   90.00000   0.00000   0.01270    45   46   47      2
    47  10.48226   0.00000   5.53212   0.33528   90.00000   0.00000   0.01270    46   47   48      2
    48  10.48226   0.00000   5.86740   0.33528   90.00000   0.00000   0.01270    47   48   49      2
    49  10.48226   0.00000   6.20268   0.33528   90.00000   0.00000   0.01270    48   49   50      2
    50  10.48226   0.00000   6.53796   0.33528   90.00000   0.00000   0.01270    49   50   51      2
    51  10.48226   0.00000   6.87324   0.33528   90.00000   0.00000   0.01270    50   51   52      2
    52  10.48226   0.00000   7.20852   0.33528   90.00000   0.00000   0.01270    51   52   53      2
    53  10.48226   0.00000   7.54380   0.33528   90.00000   0.00000   0.01270    52   53   54      2
    54  10.48226   0.00000   7.87908   0.33528   90.00000   0.00000   0.01270    53   54   55      2
    55  10.48226   0.00000   8.21436   0.33528   90.00000   0.00000   0.01270    54   55   56      2
    56  10.48226   0.00000   8.54964   0.33528   90.00000   0.00000   0.01270    55   56   57      2
    57  10.48226   0.00000   8.88492   0.33528   90.00000   0.00000   0.01270    56   57   58      2
    58  10.48226   0.00000   9.22020   0.33528   90.00000   0.00000   0.01270    57   58   59      2
    59  10.48226   0.00000   9.55548   0.33528   90.00000   0.00000   0.01270    58   59   60      2
    60  10.48226   0.00000   9.89076   0.33528   90.00000   0.00000   0.01270    59   60    0      2
    614192.922004192.922004234.85200   0.07275   35.26439  45.00000   0.00419     0   61   62      3
    624192.964004192.964004234.89400   0.07275   35.26439  45.00000   0.00419    61   62    0      3




 ***** INPUT LINE  1  LD   4    1    1    0  1.80000E+01  0.00000E+00  0.00000E+00  0.00000E+00  0.00000E+00  0.00000E+00
 ***** INPUT LINE  2  LD   4    2    1    0  1.80000E+01  0.00000E+00  0.00000E+00  0.00000E+00  0.00000E+00  0.00000E+00
 ***** INPUT LINE  3  LD   4    3    0    0  1.00000E+10  0.00000E+00  0.00000E+00  0.00000E+00  0.00000E+00  0.00000E+00
 ***** INPUT LINE  4  FR   0    1    0    0  7.15000E+00  0.00000E+00  0.00000E+00  0.00000E+00  0.00000E+00  0.00000E+00
 ***** INPUT LINE  5  GN   1    0    0    0  0.00000E+00  0.00000E+00  0.00000E+00  0.00000E+00  0.00000E+00  0.00000E+00
 ***** INPUT LINE  6  EX   6    3    1    0  1.41421E+00  0.00000E+00  0.00000E+00  0.00000E+00  0.00000E+00  0.00000E+00
 ***** INPUT LINE  7  TL   3    1    1    1  7.50000E+01  1.04824E+01  0.00000E+00  0.00000E+00  0.00000E+00  0.00000E+00
 ***** INPUT LINE  8  TL   3    2    2    1  7.50000E+01  1.04824E+01  0.00000E+00  0.00000E+00  0.00000E+00  0.00000E+00
 ***** INPUT LINE  9  NT   3    1    3    2  1.50410E-07 -1.22600E-02 -1.50400E-07  1.22640E-02  2.30900E-07 -3.29300E-03
 ***** INPUT LINE 10  GD   2    0    0    0  1.30000E+01  5.00000E-03  0.00000E+00  0.00000E+00  0.00000E+00  0.00000E+00
 ***** INPUT LINE 11  PQ   0    0    0    0  0.00000E+00  0.00000E+00  0.00000E+00  0.00000E+00  0.00000E+00  0.00000E+00
 ***** INPUT LINE 12  XQ   0    0    0    0  0.00000E+00  0.00000E+00  0.00000E+00  0.00000E+00  0.00000E+00  0.00000E+00




                                 - - - - - - FREQUENCY - - - - - -

                                    FREQUENCY= 7.1500E+00 MHZ
                                    WAVELENGTH= 4.1930E+01 METERS



                                  - - - ANTENNA ENVIRONMENT - - -

                                          PERFECT GROUND



                               - - - STRUCTURE IMPEDANCE LOADING - - -


       LOCATION          RESISTANCE   INDUCTANCE  CAPACITANCE       IMPEDANCE (OHMS)     CONDUCTIVITY    TYPE
    ITAG FROM THRU          OHMS        HENRYS       FARADS        REAL      IMAGINARY    MHOS/METER

       1    1    1                                             1.8000E+01                             FIXED IMPEDANCE 

       2    1    1                                             1.8000E+01                             FIXED IMPEDANCE 

       3                                                       1.0000E+10                             FIXED IMPEDANCE 



                                - - - MATRIX TIMING - - -

                        FILL=    0.015 SEC.,  FACTOR=    0.000 SEC.



                                            - - - NETWORK DATA - - -

      - FROM -    - TO -           TRANSMISSION LINE               -  -  SHUNT ADMITTANCES (MHOS)  -  -              LINE
      TAG  SEG.   TAG  SEG.      IMPEDANCE      LENGTH            - END ONE -                 - END TWO -            TYPE
      NO.   NO.   NO.   NO.         OHMS        METERS         REAL          IMAG.         REAL          IMAG.
        3    61     1     1     7.5000E+01    1.0482E+01    0.0000E+00    0.0000E+00    0.0000E+00    0.0000E+00   STRAIGHT
        3    62     2    31     7.5000E+01    1.0482E+01    0.0000E+00    0.0000E+00    0.0000E+00    0.0000E+00   STRAIGHT

      - FROM -    - TO -                          -  -  ADMITTANCE MATRIX ELEMENTS (MHOS)  -  -
      HTAG  SEG.   TAG  SEG.             (ONE,ONE)                   (ONE,TWO)                   (TWO,TWO)
      NO.   NO.   NO.   NO.        REAL          IMAG.         REAL          IMAG.         REAL          IMAG.
        3    61     3    62     1.5041E-07   -1.2260E-02   -1.5040E-07    1.2264E-02    2.3090E-07   -3.2930E-03



                           - - - STRUCTURE EXCITATION DATA AT NETWORK CONNECTION POINTS - - -

   TAG   SEG.    VOLTAGE (VOLTS)         CURRENT (AMPS)         IMPEDANCE (OHMS)        ADMITTANCE (MHOS)      POWER
   NO.   NO.    REAL        IMAG.       REAL        IMAG.       REAL        IMAG.       REAL        IMAG.     (WATTS)
     3    61 4.44023E+01 3.66687E+01 4.44022E-09 3.66689E-09 1.00000E+10-3.69491E+04 9.99999E-11 3.69490E-16 1.65808E-07
     1     1 6.93729E+00-3.16878E+01 4.88910E-01-5.92033E-01 3.75752E+01-1.93125E+01 2.10521E-02 1.08201E-02 1.10760E+01
     3    62 3.68440E+01-4.42072E+01 3.68442E-09-4.42071E-09 9.99999E+09-3.70522E+04 1.00000E-10 3.70523E-16 1.65588E-07
     2    31-3.17411E+01-4.46452E+01-5.89437E-01-4.91247E-01 6.90284E+01 1.82126E+01 1.35440E-02-3.57346E-03 2.03206E+01



                                          - - - ANTENNA INPUT PARAMETERS - - -

   TAG   SEG.    VOLTAGE (VOLTS)         CURRENT (AMPS)         IMPEDANCE (OHMS)        ADMITTANCE (MHOS)      POWER
   NO.   NO.    REAL        IMAG.       REAL        IMAG.       REAL        IMAG.       REAL        IMAG.     (WATTS)
     3    61 4.44023E+01 3.66687E+01 1.41421E+00 0.00000E+00 3.13972E+01 2.59287E+01 1.89359E-02-1.56378E-02 3.13972E+01



                             - - - CURRENTS AND LOCATION - - -

                     LENGTHS NORMALIZED BY WAVELENGTH (OR 2.*PI/CABS(K))

  SEG.  TAG    COORD. OF SEG. CENTER     SEG.            - - - CURRENT (AMPS) - - -
  NO.   NO.     X        Y        Z      LENGTH     REAL        IMAG.       MAG.        PHASE
     1    1   0.0000   0.0000   0.0040  0.00800   4.8891E-01 -5.9203E-01  7.6781E-01  -50.450
     2    1   0.0000   0.0000   0.0120  0.00800   4.8337E-01 -5.9000E-01  7.6273E-01  -50.674
     3    1   0.0000   0.0000   0.0200  0.00800   4.7706E-01 -5.8672E-01  7.5619E-01  -50.885
     4    1   0.0000   0.0000   0.0280  0.00800   4.7031E-01 -5.8203E-01  7.4829E-01  -51.060
     5    1   0.0000   0.0000   0.0360  0.00800   4.6265E-01 -5.7591E-01  7.3873E-01  -51.224
     6    1   0.0000   0.0000   0.0440  0.00800   4.5413E-01 -5.6838E-01  7.2753E-01  -51.376
     7    1   0.0000   0.0000   0.0520  0.00800   4.4470E-01 -5.5945E-01  7.1466E-01  -51.519
     8    1   0.0000   0.0000   0.0600  0.00800   4.3436E-01 -5.4913E-01  7.0015E-01  -51.656
     9    1   0.0000   0.0000   0.0680  0.00800   4.2313E-01 -5.3744E-01  6.8401E-01  -51.786
    10    1   0.0000   0.0000   0.0760  0.00800   4.1101E-01 -5.2440E-01  6.6628E-01  -51.912
    11    1   0.0000   0.0000   0.0840  0.00800   3.9802E-01 -5.1005E-01  6.4697E-01  -52.033
    12    1   0.0000   0.0000   0.0920  0.00800   3.8419E-01 -4.9441E-01  6.2613E-01  -52.150
    13    1   0.0000   0.0000   0.1000  0.00800   3.6953E-01 -4.7750E-01  6.0379E-01  -52.264
    14    1   0.0000   0.0000   0.1079  0.00800   3.5408E-01 -4.5937E-01  5.8000E-01  -52.375
    15    1   0.0000   0.0000   0.1159  0.00800   3.3787E-01 -4.4005E-01  5.5480E-01  -52.483
    16    1   0.0000   0.0000   0.1239  0.00800   3.2092E-01 -4.1958E-01  5.2824E-01  -52.589
    17    1   0.0000   0.0000   0.1319  0.00800   3.0327E-01 -3.9798E-01  5.0036E-01  -52.692
    18    1   0.0000   0.0000   0.1399  0.00800   2.8494E-01 -3.7531E-01  4.7122E-01  -52.794
    19    1   0.0000   0.0000   0.1479  0.00800   2.6597E-01 -3.5159E-01  4.4086E-01  -52.893
    20    1   0.0000   0.0000   0.1559  0.00800   2.4639E-01 -3.2687E-01  4.0933E-01  -52.992
    21    1   0.0000   0.0000   0.1639  0.00800   2.2623E-01 -3.0118E-01  3.7668E-01  -53.088
    22    1   0.0000   0.0000   0.1719  0.00800   2.0552E-01 -2.7455E-01  3.4295E-01  -53.184
    23    1   0.0000   0.0000   0.1799  0.00800   1.8427E-01 -2.4702E-01  3.0818E-01  -53.278
    24    1   0.0000   0.0000   0.1879  0.00800   1.6251E-01 -2.1859E-01  2.7239E-01  -53.371
    25    1   0.0000   0.0000   0.1959  0.00800   1.4025E-01 -1.8928E-01  2.3558E-01  -53.463
    26    1   0.0000   0.0000   0.2039  0.00800   1.1745E-01 -1.5904E-01  1.9771E-01  -53.554
    27    1   0.0000   0.0000   0.2119  0.00800   9.4105E-02 -1.2785E-01  1.5875E-01  -53.644
    28    1   0.0000   0.0000   0.2199  0.00800   6.9965E-02 -9.5358E-02  1.1827E-01  -53.732
    29    1   0.0000   0.0000   0.2279  0.00800   4.5059E-02 -6.1606E-02  7.6326E-02  -53.818
    30    1   0.0000   0.0000   0.2359  0.00800   1.6243E-02 -2.2256E-02  2.7553E-02  -53.878
    31    2   0.2500   0.0000   0.0040  0.00800  -5.8944E-01 -4.9125E-01  7.6731E-01 -140.192
    32    2   0.2500   0.0000   0.0120  0.00800  -5.9485E-01 -4.8569E-01  7.6795E-01 -140.768
    33    2   0.2500   0.0000   0.0200  0.00800  -5.9844E-01 -4.7938E-01  7.6677E-01 -141.303
    34    2   0.2500   0.0000   0.0280  0.00800  -5.9924E-01 -4.7263E-01  7.6320E-01 -141.737
    35    2   0.2500   0.0000   0.0360  0.00800  -5.9805E-01 -4.6499E-01  7.5754E-01 -142.135
    36    2   0.2500   0.0000   0.0440  0.00800  -5.9483E-01 -4.5648E-01  7.4980E-01 -142.497
    37    2   0.2500   0.0000   0.0520  0.00800  -5.8971E-01 -4.4707E-01  7.4002E-01 -142.833
    38    2   0.2500   0.0000   0.0600  0.00800  -5.8271E-01 -4.3676E-01  7.2823E-01 -143.147
    39    2   0.2500   0.0000   0.0680  0.00800  -5.7389E-01 -4.2556E-01  7.1446E-01 -143.442
    40    2   0.2500   0.0000   0.0760  0.00800  -5.6328E-01 -4.1347E-01  6.9874E-01 -143.720
    41    2   0.2500   0.0000   0.0840  0.00800  -5.5091E-01 -4.0051E-01  6.8111E-01 -143.983
    42    2   0.2500   0.0000   0.0920  0.00800  -5.3683E-01 -3.8671E-01  6.6161E-01 -144.233
    43    2   0.2500   0.0000   0.1000  0.00800  -5.2108E-01 -3.7208E-01  6.4028E-01 -144.471
    44    2   0.2500   0.0000   0.1079  0.00800  -5.0368E-01 -3.5665E-01  6.1716E-01 -144.698
    45    2   0.2500   0.0000   0.1159  0.00800  -4.8469E-01 -3.4044E-01  5.9230E-01 -144.916
    46    2   0.2500   0.0000   0.1239  0.00800  -4.6414E-01 -3.2349E-01  5.6575E-01 -145.124
    47    2   0.2500   0.0000   0.1319  0.00800  -4.4208E-01 -3.0583E-01  5.3756E-01 -145.325
    48    2   0.2500   0.0000   0.1399  0.00800  -4.1855E-01 -2.8748E-01  5.0777E-01 -145.517
    49    2   0.2500   0.0000   0.1479  0.00800  -3.9361E-01 -2.6847E-01  4.7644E-01 -145.703
    50    2   0.2500   0.0000   0.1559  0.00800  -3.6728E-01 -2.4883E-01  4.4363E-01 -145.883
    51    2   0.2500   0.0000   0.1639  0.00800  -3.3962E-01 -2.2859E-01  4.0938E-01 -146.057
    52    2   0.2500   0.0000   0.1719  0.00800  -3.1065E-01 -2.0777E-01  3.7373E-01 -146.225
    53    2   0.2500   0.0000   0.1799  0.00800  -2.8043E-01 -1.8640E-01  3.3672E-01 -146.388
    54    2   0.2500   0.0000   0.1879  0.00800  -2.4895E-01 -1.6448E-01  2.9838E-01 -146.547
    55    2   0.2500   0.0000   0.1959  0.00800  -2.1624E-01 -1.4203E-01  2.5871E-01 -146.701
    56    2   0.2500   0.0000   0.2039  0.00800  -1.8224E-01 -1.1902E-01  2.1766E-01 -146.851
    57    2   0.2500   0.0000   0.2119  0.00800  -1.4692E-01 -9.5421E-02  1.7519E-01 -146.998
    58    2   0.2500   0.0000   0.2199  0.00800  -1.0990E-01 -7.0988E-02  1.3083E-01 -147.139
    59    2   0.2500   0.0000   0.2279  0.00800  -7.1191E-02 -4.5746E-02  8.4622E-02 -147.276
    60    2   0.2500   0.0000   0.2359  0.00800  -2.5766E-02 -1.6498E-02  3.0596E-02 -147.369
    61    3  99.9980  99.9980 100.9980  0.00173   4.4402E-09  3.6669E-09  5.7586E-09   39.551
    62    3  99.9990  99.9990 100.9990  0.00173   3.6844E-09 -4.4207E-09  5.7548E-09  -50.191



                                  - - - CHARGE DENSITIES - - -

                       LENGTHS NORMALIZED TO WAVELENGTH (OR 2.*PI/CABS(K))


  SEG.  TAG    COORD. OF SEG. CENTER     SEG.          CHARGE DENSITY (COULOMBS/METER)
  NO.   NO.     X        Y        Z      LENGTH     REAL        IMAG.       MAG.        PHASE
     1    1   0.0000   0.0000   0.0040  0.00800  -5.9705E-11 -1.6160E-10  1.7228E-10 -110.277
     2    1   0.0000   0.0000   0.0120  0.00800  -1.7335E-10 -4.2104E-10  4.5533E-10 -112.378
     3    1   0.0000   0.0000   0.0200  0.00800  -2.6333E-10 -4.1619E-10  4.9250E-10 -122.322
     4    1   0.0000   0.0000   0.0280  0.00800  -3.5898E-10 -4.8112E-10  6.0028E-10 -126.728
     5    1   0.0000   0.0000   0.0360  0.00800  -4.5303E-10 -5.3525E-10  7.0124E-10 -130.244
     6    1   0.0000   0.0000   0.0440  0.00800  -5.4684E-10 -5.9622E-10  8.0902E-10 -132.526
     7    1   0.0000   0.0000   0.0520  0.00800  -6.3954E-10 -6.5614E-10  9.1626E-10 -134.266
     8    1   0.0000   0.0000   0.0600  0.00800  -7.3105E-10 -7.1629E-10  1.0235E-09 -135.584
     9    1   0.0000   0.0000   0.0680  0.00800  -8.2113E-10 -7.7556E-10  1.1295E-09 -136.635
    10    1   0.0000   0.0000   0.0760  0.00800  -9.0958E-10 -8.3380E-10  1.2339E-09 -137.489
    11    1   0.0000   0.0000   0.0840  0.00800  -9.9622E-10 -8.9069E-10  1.3363E-09 -138.201
    12    1   0.0000   0.0000   0.0920  0.00800  -1.0809E-09 -9.4605E-10  1.4364E-09 -138.806
    13    1   0.0000   0.0000   0.1000  0.00800  -1.1635E-09 -9.9971E-10  1.5340E-09 -139.329
    14    1   0.0000   0.0000   0.1079  0.00800  -1.2438E-09 -1.0515E-09  1.6287E-09 -139.788
    15    1   0.0000   0.0000   0.1159  0.00800  -1.3217E-09 -1.1014E-09  1.7205E-09 -140.195
    16    1   0.0000   0.0000   0.1239  0.00800  -1.3972E-09 -1.1492E-09  1.8091E-09 -140.562
    17    1   0.0000   0.0000   0.1319  0.00800  -1.4702E-09 -1.1950E-09  1.8946E-09 -140.896
    18    1   0.0000   0.0000   0.1399  0.00800  -1.5406E-09 -1.2386E-09  1.9768E-09 -141.202
    19    1   0.0000   0.0000   0.1479  0.00800  -1.6085E-09 -1.2801E-09  2.0557E-09 -141.485
    20    1   0.0000   0.0000   0.1559  0.00800  -1.6740E-09 -1.3196E-09  2.1316E-09 -141.750
    21    1   0.0000   0.0000   0.1639  0.00800  -1.7371E-09 -1.3572E-09  2.2044E-09 -141.999
    22    1   0.0000   0.0000   0.1719  0.00800  -1.7983E-09 -1.3931E-09  2.2747E-09 -142.235
    23    1   0.0000   0.0000   0.1799  0.00800  -1.8578E-09 -1.4276E-09  2.3429E-09 -142.460
    24    1   0.0000   0.0000   0.1879  0.00800  -1.9168E-09 -1.4615E-09  2.4104E-09 -142.676
    25    1   0.0000   0.0000   0.1959  0.00800  -1.9755E-09 -1.4949E-09  2.4773E-09 -142.885
    26    1   0.0000   0.0000   0.2039  0.00800  -2.0399E-09 -1.5323E-09  2.5513E-09 -143.088
    27    1   0.0000   0.0000   0.2119  0.00800  -2.1020E-09 -1.5677E-09  2.6222E-09 -143.283
    28    1   0.0000   0.0000   0.2199  0.00800  -2.2118E-09 -1.6377E-09  2.7521E-09 -143.484
    29    1   0.0000   0.0000   0.2279  0.00800  -2.2697E-09 -1.6695E-09  2.8176E-09 -143.664
    30    1   0.0000   0.0000   0.2359  0.00800  -2.9552E-09 -2.1567E-09  3.6585E-09 -143.878
    30E   1   0.0000   0.0000   0.2399  0.00800  -3.6661E-09 -2.6677E-09  4.5339E-09 -143.957
    31    2   0.2500   0.0000   0.0040  0.00800  -1.6196E-10 -1.5631E-10  2.2508E-10 -136.017
    32    2   0.2500   0.0000   0.0120  0.00800  -4.2180E-10 -3.6066E-10  5.5497E-10 -139.468
    33    2   0.2500   0.0000   0.0200  0.00800  -4.1614E-10 -1.1587E-10  4.3197E-10 -164.440
    34    2   0.2500   0.0000   0.0280  0.00800  -4.8060E-10  8.7660E-12  4.8068E-10  178.955
    35    2   0.2500   0.0000   0.0360  0.00800  -5.3427E-10  1.4995E-10  5.5492E-10  164.323
    36    2   0.2500   0.0000   0.0440  0.00800  -5.9487E-10  2.7715E-10  6.5626E-10  155.019
    37    2   0.2500   0.0000   0.0520  0.00800  -6.5448E-10  4.0327E-10  7.6875E-10  148.360
    38    2   0.2500   0.0000   0.0600  0.00800  -7.1441E-10  5.2566E-10  8.8696E-10  143.655
    39    2   0.2500   0.0000   0.0680  0.00800  -7.7355E-10  6.4574E-10  1.0076E-09  140.146
    40    2   0.2500   0.0000   0.0760  0.00800  -8.3175E-10  7.6330E-10  1.1289E-09  137.457
    41    2   0.2500   0.0000   0.0840  0.00800  -8.8872E-10  8.7846E-10  1.2496E-09  135.333
    42    2   0.2500   0.0000   0.0920  0.00800  -9.4428E-10  9.9112E-10  1.3689E-09  133.613
    43    2   0.2500   0.0000   0.1000  0.00800  -9.9825E-10  1.1012E-09  1.4863E-09  132.192
    44    2   0.2500   0.0000   0.1079  0.00800  -1.0505E-09  1.2086E-09  1.6014E-09  130.996
    45    2   0.2500   0.0000   0.1159  0.00800  -1.1010E-09  1.3133E-09  1.7137E-09  129.974
    46    2   0.2500   0.0000   0.1239  0.00800  -1.1495E-09  1.4151E-09  1.8231E-09  129.088
    47    2   0.2500   0.0000   0.1319  0.00800  -1.1961E-09  1.5139E-09  1.9294E-09  128.311
    48    2   0.2500   0.0000   0.1399  0.00800  -1.2408E-09  1.6098E-09  2.0325E-09  127.623
    49    2   0.2500   0.0000   0.1479  0.00800  -1.2835E-09  1.7028E-09  2.1323E-09  127.007
    50    2   0.2500   0.0000   0.1559  0.00800  -1.3243E-09  1.7929E-09  2.2289E-09  126.450
    51    2   0.2500   0.0000   0.1639  0.00800  -1.3633E-09  1.8803E-09  2.3225E-09  125.944
    52    2   0.2500   0.0000   0.1719  0.00800  -1.4008E-09  1.9653E-09  2.4134E-09  125.479
    53    2   0.2500   0.0000   0.1799  0.00800  -1.4370E-09  2.0484E-09  2.5022E-09  125.050
    54    2   0.2500   0.0000   0.1879  0.00800  -1.4728E-09  2.1309E-09  2.5903E-09  124.650
    55    2   0.2500   0.0000   0.1959  0.00800  -1.5082E-09  2.2129E-09  2.6780E-09  124.276
    56    2   0.2500   0.0000   0.2039  0.00800  -1.5478E-09  2.3016E-09  2.7736E-09  123.921
    57    2   0.2500   0.0000   0.2119  0.00800  -1.5856E-09  2.3875E-09  2.8660E-09  123.590
    58    2   0.2500   0.0000   0.2199  0.00800  -1.6586E-09  2.5290E-09  3.0243E-09  123.259
    59    2   0.2500   0.0000   0.2279  0.00800  -1.6930E-09  2.6103E-09  3.1112E-09  122.967
    60    2   0.2500   0.0000   0.2359  0.00800  -2.1906E-09  3.4213E-09  4.0625E-09  122.631
    60E   2   0.2500   0.0000   0.2399  0.00800  -2.7112E-09  4.2546E-09  5.0451E-09  122.507
    61E   3  99.9975  99.9975 100.9975  0.00173  -4.6419E-15  3.7772E-15  5.9845E-15  140.864
    61    3  99.9980  99.9980 100.9980  0.00173   1.5377E-16  1.6574E-15  1.6645E-15   84.699
    62    3  99.9990  99.9990 100.9990  0.00173  -1.5377E-16 -1.6574E-15  1.6645E-15  -95.301
    62E   3  99.9995  99.9995 100.9995  0.00173  -5.2570E-15 -2.8522E-15  5.9809E-15 -151.518



                                        - - - POWER BUDGET - - -

                                           INPUT POWER   = 3.1397E+01 WATTS
                                           RADIATED POWER= 2.0792E+01 WATTS
                                           WIRE LOSS     = 1.0605E+01 WATTS
                                           NETWORK LOSS  = 6.2949E-04 WATTS
                                           EFFICIENCY    =  66.22 PERCENT




 ***** INPUT LINE 13  EN   0    0    0    0  0.00000E+00  0.00000E+00  0.00000E+00  0.00000E+00  0.00000E+00  0.00000E+00

 RUN TIME =     0.035
