1
 momwire 0.70.0 bspline avx2


                                ***********************************************
                                *                                             *
                                *  NUMERICAL ELECTROMAGNETICS CODE (NEC-4.2)  *
                                *                                             *
                                ***********************************************




                      **********************************************************

                          4-Square Array - L Ntwk Feed                                                 
                                                                                                       
                          EZNEC Pro/2+ v. 7.0.4  2026-10-03 16:39:03                                   
                                                                                                       
                          ! Written by EZNEC/Pro+ v. 7.0 in NEC-4.2 format.                            
                                                                                                       
                          ! *Wire #5 for virtual segments.                                             
                                                                                                       
                          ! WARNING: MININEC-type ground may not work properly with standard           
                          !          NEC-2 or -4 program.                                              
                                                                                                       

                      **********************************************************





                                 - - - STRUCTURE SPECIFICATION - - -

                                     COORDINATES MUST BE INPUT IN
                                     METERS OR BE SCALED TO METERS
                                     BEFORE STRUCTURE INPUT IS ENDED


  WIRE                                                                               NO. OF    FIRST  LAST     TAG
  NO.        X1         Y1         Z1          X2         Y2         Z2      RADIUS   SEG.     SEG.   SEG.     NO.
     1    0.00000    0.00000    0.00000     0.00000    0.00000   10.02487    0.01905     20        1    20       1
     2    0.00000   10.48238    0.00000     0.00000   10.48238   10.02487    0.01905     20       21    40       2
     3   10.48238    0.00000    0.00000    10.48238    0.00000   10.02487    0.01905     20       41    60       3
     4   10.48238   10.48238    0.00000    10.48238   10.48238   10.02487    0.01905     20       61    80       4
     5 4192.90100 4192.90100 4234.83100  4192.98500 4192.98500 4234.91500    0.00419      2       81    82       5

   GROUND PLANE SPECIFIED.

   WHERE WIRE ENDS TOUCH GROUND, CURRENT WILL BE INTERPOLATED TO IMAGE IN GROUND PLANE.


   TOTAL SEGMENTS USED=   82     NO. SEG. IN A SYMMETRIC CELL=   82     SYMMETRY FLAG=  0


         - MULTIPLE WIRE JUNCTIONS -
 JUNCTION    SEGMENTS  (- FOR END 1, + FOR END 2)
  NONE




                                 - - - - SEGMENTATION DATA - - - -

                                        COORDINATES IN METERS

                         I+ AND I- INDICATE THE SEGMENTS BEFORE AND AFTER I


  SEG.   COORDINATES OF SEG. CENTER     SEG.     ORIENTATION ANGLES    WIRE    CONNECTION DATA   TAG
  NO.       X         Y         Z       LENGTH     ALPHA     BETA      RADIUS    I-   I    I+    NO.
     1   0.00000   0.00000   0.25062   0.50124   90.00000   0.00000   0.01905     1    1    2      1
     2   0.00000   0.00000   0.75187   0.50124   90.00000   0.00000   0.01905     1    2    3      1
     3   0.00000   0.00000   1.25311   0.50124   90.00000   0.00000   0.01905     2    3    4      1
     4   0.00000   0.00000   1.75435   0.50124   90.00000   0.00000   0.01905     3    4    5      1
     5   0.00000   0.00000   2.25560   0.50124   90.00000   0.00000   0.01905     4    5    6      1
     6   0.00000   0.00000   2.75684   0.50124   90.00000   0.00000   0.01905     5    6    7      1
     7   0.00000   0.00000   3.25808   0.50124   90.00000   0.00000   0.01905     6    7    8      1
     8   0.00000   0.00000   3.75933   0.50124   90.00000   0.00000   0.01905     7    8    9      1
     9   0.00000   0.00000   4.26057   0.50124   90.00000   0.00000   0.01905     8    9   10      1
    10   0.00000   0.00000   4.76181   0.50124   90.00000   0.00000   0.01905     9   10   11      1
    11   0.00000   0.00000   5.26306   0.50124   90.00000   0.00000   0.01905    10   11   12      1
    12   0.00000   0.00000   5.76430   0.50124   90.00000   0.00000   0.01905    11   12   13      1
    13   0.00000   0.00000   6.26554   0.50124   90.00000   0.00000   0.01905    12   13   14      1
    14   0.00000   0.00000   6.76679   0.50124   90.00000   0.00000   0.01905    13   14   15      1
    15   0.00000   0.00000   7.26803   0.50124   90.00000   0.00000   0.01905    14   15   16      1
    16   0.00000   0.00000   7.76927   0.50124   90.00000   0.00000   0.01905    15   16   17      1
    17   0.00000   0.00000   8.27052   0.50124   90.00000   0.00000   0.01905    16   17   18      1
    18   0.00000   0.00000   8.77176   0.50124   90.00000   0.00000   0.01905    17   18   19      1
    19   0.00000   0.00000   9.27300   0.50124   90.00000   0.00000   0.01905    18   19   20      1
    20   0.00000   0.00000   9.77425   0.50124   90.00000   0.00000   0.01905    19   20    0      1
    21   0.00000  10.48238   0.25062   0.50124   90.00000   0.00000   0.01905    21   21   22      2
    22   0.00000  10.48238   0.75187   0.50124   90.00000   0.00000   0.01905    21   22   23      2
    23   0.00000  10.48238   1.25311   0.50124   90.00000   0.00000   0.01905    22   23   24      2
    24   0.00000  10.48238   1.75435   0.50124   90.00000   0.00000   0.01905    23   24   25      2
    25   0.00000  10.48238   2.25560   0.50124   90.00000   0.00000   0.01905    24   25   26      2
    26   0.00000  10.48238   2.75684   0.50124   90.00000   0.00000   0.01905    25   26   27      2
    27   0.00000  10.48238   3.25808   0.50124   90.00000   0.00000   0.01905    26   27   28      2
    28   0.00000  10.48238   3.75933   0.50124   90.00000   0.00000   0.01905    27   28   29      2
    29   0.00000  10.48238   4.26057   0.50124   90.00000   0.00000   0.01905    28   29   30      2
    30   0.00000  10.48238   4.76181   0.50124   90.00000   0.00000   0.01905    29   30   31      2
    31   0.00000  10.48238   5.26306   0.50124   90.00000   0.00000   0.01905    30   31   32      2
    32   0.00000  10.48238   5.76430   0.50124   90.00000   0.00000   0.01905    31   32   33      2
    33   0.00000  10.48238   6.26554   0.50124   90.00000   0.00000   0.01905    32   33   34      2
    34   0.00000  10.48238   6.76679   0.50124   90.00000   0.00000   0.01905    33   34   35      2
    35   0.00000  10.48238   7.26803   0.50124   90.00000   0.00000   0.01905    34   35   36      2
    36   0.00000  10.48238   7.76927   0.50124   90.00000   0.00000   0.01905    35   36   37      2
    37   0.00000  10.48238   8.27052   0.50124   90.00000   0.00000   0.01905    36   37   38      2
    38   0.00000  10.48238   8.77176   0.50124   90.00000   0.00000   0.01905    37   38   39      2
    39   0.00000  10.48238   9.27300   0.50124   90.00000   0.00000   0.01905    38   39   40      2
    40   0.00000  10.48238   9.77425   0.50124   90.00000   0.00000   0.01905    39   40    0      2
    41  10.48238   0.00000   0.25062   0.50124   90.00000   0.00000   0.01905    41   41   42      3
    42  10.48238   0.00000   0.75187   0.50124   90.00000   0.00000   0.01905    41   42   43      3
    43  10.48238   0.00000   1.25311   0.50124   90.00000   0.00000   0.01905    42   43   44      3
    44  10.48238   0.00000   1.75435   0.50124   90.00000   0.00000   0.01905    43   44   45      3
    45  10.48238   0.00000   2.25560   0.50124   90.00000   0.00000   0.01905    44   45   46      3
    46  10.48238   0.00000   2.75684   0.50124   90.00000   0.00000   0.01905    45   46   47      3
    47  10.48238   0.00000   3.25808   0.50124   90.00000   0.00000   0.01905    46   47   48      3
    48  10.48238   0.00000   3.75933   0.50124   90.00000   0.00000   0.01905    47   48   49      3
    49  10.48238   0.00000   4.26057   0.50124   90.00000   0.00000   0.01905    48   49   50      3
    50  10.48238   0.00000   4.76181   0.50124   90.00000   0.00000   0.01905    49   50   51      3
    51  10.48238   0.00000   5.26306   0.50124   90.00000   0.00000   0.01905    50   51   52      3
    52  10.48238   0.00000   5.76430   0.50124   90.00000   0.00000   0.01905    51   52   53      3
    53  10.48238   0.00000   6.26554   0.50124   90.00000   0.00000   0.01905    52   53   54      3
    54  10.48238   0.00000   6.76679   0.50124   90.00000   0.00000   0.01905    53   54   55      3
    55  10.48238   0.00000   7.26803   0.50124   90.00000   0.00000   0.01905    54   55   56      3
    56  10.48238   0.00000   7.76927   0.50124   90.00000   0.00000   0.01905    55   56   57      3
    57  10.48238   0.00000   8.27052   0.50124   90.00000   0.00000   0.01905    56   57   58      3
    58  10.48238   0.00000   8.77176   0.50124   90.00000   0.00000   0.01905    57   58   59      3
    59  10.48238   0.00000   9.27300   0.50124   90.00000   0.00000   0.01905    58   59   60      3
    60  10.48238   0.00000   9.77425   0.50124   90.00000   0.00000   0.01905    59   60    0      3
    61  10.48238  10.48238   0.25062   0.50124   90.00000   0.00000   0.01905    61   61   62      4
    62  10.48238  10.48238   0.75187   0.50124   90.00000   0.00000   0.01905    61   62   63      4
    63  10.48238  10.48238   1.25311   0.50124   90.00000   0.00000   0.01905    62   63   64      4
    64  10.48238  10.48238   1.75435   0.50124   90.00000   0.00000   0.01905    63   64   65      4
    65  10.48238  10.48238   2.25560   0.50124   90.00000   0.00000   0.01905    64   65   66      4
    66  10.48238  10.48238   2.75684   0.50124   90.00000   0.00000   0.01905    65   66   67      4
    67  10.48238  10.48238   3.25808   0.50124   90.00000   0.00000   0.01905    66   67   68      4
    68  10.48238  10.48238   3.75933   0.50124   90.00000   0.00000   0.01905    67   68   69      4
    69  10.48238  10.48238   4.26057   0.50124   90.00000   0.00000   0.01905    68   69   70      4
    70  10.48238  10.48238   4.76181   0.50124   90.00000   0.00000   0.01905    69   70   71      4
    71  10.48238  10.48238   5.26306   0.50124   90.00000   0.00000   0.01905    70   71   72      4
    72  10.48238  10.48238   5.76430   0.50124   90.00000   0.00000   0.01905    71   72   73      4
    73  10.48238  10.48238   6.26554   0.50124   90.00000   0.00000   0.01905    72   73   74      4
    74  10.48238  10.48238   6.76679   0.50124   90.00000   0.00000   0.01905    73   74   75      4
    75  10.48238  10.48238   7.26803   0.50124   90.00000   0.00000   0.01905    74   75   76      4
    76  10.48238  10.48238   7.76927   0.50124   90.00000   0.00000   0.01905    75   76   77      4
    77  10.48238  10.48238   8.27052   0.50124   90.00000   0.00000   0.01905    76   77   78      4
    78  10.48238  10.48238   8.77176   0.50124   90.00000   0.00000   0.01905    77   78   79      4
    79  10.48238  10.48238   9.27300   0.50124   90.00000   0.00000   0.01905    78   79   80      4
    80  10.48238  10.48238   9.77425   0.50124   90.00000   0.00000   0.01905    79   80    0      4
    814192.922004192.922004234.85200   0.07275   35.26439  45.00000   0.00419     0   81   82      5
    824192.964004192.964004234.89400   0.07275   35.26439  45.00000   0.00419    81   82    0      5




 ***** INPUT LINE  1  LD   4    1    1    0  1.80000E+01  0.00000E+00  0.00000E+00  0.00000E+00  0.00000E+00  0.00000E+00
 ***** INPUT LINE  2  LD   4    2    1    0  1.80000E+01  0.00000E+00  0.00000E+00  0.00000E+00  0.00000E+00  0.00000E+00
 ***** INPUT LINE  3  LD   4    3    1    0  1.80000E+01  0.00000E+00  0.00000E+00  0.00000E+00  0.00000E+00  0.00000E+00
 ***** INPUT LINE  4  LD   4    4    1    0  1.80000E+01  0.00000E+00  0.00000E+00  0.00000E+00  0.00000E+00  0.00000E+00
 ***** INPUT LINE  5  LD   4    5    0    0  1.00000E+10  0.00000E+00  0.00000E+00  0.00000E+00  0.00000E+00  0.00000E+00
 ***** INPUT LINE  6  FR   0    1    0    0  7.15000E+00  0.00000E+00  0.00000E+00  0.00000E+00  0.00000E+00  0.00000E+00
 ***** INPUT LINE  7  GN   1    0    0    0  0.00000E+00  0.00000E+00  0.00000E+00  0.00000E+00  0.00000E+00  0.00000E+00
 ***** INPUT LINE  8  EX   6    5    1    0  1.41421E+00  0.00000E+00  0.00000E+00  0.00000E+00  0.00000E+00  0.00000E+00
 ***** INPUT LINE  9  TL   5    1    1    1  5.00000E+01  1.04822E+01  0.00000E+00  0.00000E+00  0.00000E+00  0.00000E+00
 ***** INPUT LINE 10  TL   5    1    4    1  5.00000E+01  3.14468E+01  0.00000E+00  0.00000E+00  0.00000E+00  0.00000E+00
 ***** INPUT LINE 11  TL   5    2    2    1  5.00000E+01  1.04822E+01  0.00000E+00  0.00000E+00  0.00000E+00  0.00000E+00
 ***** INPUT LINE 12  TL   5    2    3    1  5.00000E+01  1.04822E+01  0.00000E+00  0.00000E+00  0.00000E+00  0.00000E+00
 ***** INPUT LINE 13  NT   5    1    5    2  2.11510E-06 -4.59900E-02 -2.11500E-06  4.59910E-02  5.90090E-06  1.55380E-02
 ***** INPUT LINE 14  GD   2    0    0    0  1.30000E+01  5.00000E-03  0.00000E+00  0.00000E+00  0.00000E+00  0.00000E+00
 ***** INPUT LINE 15  PQ   0    0    0    0  0.00000E+00  0.00000E+00  0.00000E+00  0.00000E+00  0.00000E+00  0.00000E+00
 ***** INPUT LINE 16  XQ   0    0    0    0  0.00000E+00  0.00000E+00  0.00000E+00  0.00000E+00  0.00000E+00  0.00000E+00




                                 - - - - - - FREQUENCY - - - - - -

                                    FREQUENCY= 7.1500E+00 MHZ
                                    WAVELENGTH= 4.1930E+01 METERS



                                  - - - ANTENNA ENVIRONMENT - - -

                                          PERFECT GROUND



                               - - - STRUCTURE IMPEDANCE LOADING - - -


       LOCATION          RESISTANCE   INDUCTANCE  CAPACITANCE       IMPEDANCE (OHMS)     CONDUCTIVITY    TYPE
    ITAG FROM THRU          OHMS        HENRYS       FARADS        REAL      IMAGINARY    MHOS/METER

       1    1    1                                             1.8000E+01                             FIXED IMPEDANCE 

       2    1    1                                             1.8000E+01                             FIXED IMPEDANCE 

       3    1    1                                             1.8000E+01                             FIXED IMPEDANCE 

       4    1    1                                             1.8000E+01                             FIXED IMPEDANCE 

       5                                                       1.0000E+10                             FIXED IMPEDANCE 



                                - - - MATRIX TIMING - - -

                        FILL=    0.047 SEC.,  FACTOR=    0.000 SEC.



                                            - - - NETWORK DATA - - -

      - FROM -    - TO -           TRANSMISSION LINE               -  -  SHUNT ADMITTANCES (MHOS)  -  -              LINE
      TAG  SEG.   TAG  SEG.      IMPEDANCE      LENGTH            - END ONE -                 - END TWO -            TYPE
      NO.   NO.   NO.   NO.         OHMS        METERS         REAL          IMAG.         REAL          IMAG.
        5    81     1     1     5.0000E+01    1.0482E+01    0.0000E+00    0.0000E+00    0.0000E+00    0.0000E+00   STRAIGHT
        5    81     4    61     5.0000E+01    3.1447E+01    0.0000E+00    0.0000E+00    0.0000E+00    0.0000E+00   STRAIGHT
        5    82     2    21     5.0000E+01    1.0482E+01    0.0000E+00    0.0000E+00    0.0000E+00    0.0000E+00   STRAIGHT
        5    82     3    41     5.0000E+01    1.0482E+01    0.0000E+00    0.0000E+00    0.0000E+00    0.0000E+00   STRAIGHT

      - FROM -    - TO -                          -  -  ADMITTANCE MATRIX ELEMENTS (MHOS)  -  -
      HTAG  SEG.   TAG  SEG.             (ONE,ONE)                   (ONE,TWO)                   (TWO,TWO)
      NO.   NO.   NO.   NO.        REAL          IMAG.         REAL          IMAG.         REAL          IMAG.
        5    81     5    82     2.1151E-06   -4.5990E-02   -2.1150E-06    4.5991E-02    5.9009E-06    1.5538E-02



                           - - - STRUCTURE EXCITATION DATA AT NETWORK CONNECTION POINTS - - -

   TAG   SEG.    VOLTAGE (VOLTS)         CURRENT (AMPS)         IMPEDANCE (OHMS)        ADMITTANCE (MHOS)      POWER
   NO.   NO.    REAL        IMAG.       REAL        IMAG.       REAL        IMAG.       REAL        IMAG.     (WATTS)
     5    81 1.49152E+01 5.41394E+00 1.49151E-09 5.41399E-10 1.00000E+10-3.71005E+04 9.99999E-11 3.71004E-16 1.25886E-08
     1     1-3.05469E+00-6.67180E+00 1.08281E-01-2.98304E-01 1.64776E+01-1.62214E+01 3.08198E-02 3.03405E-02 8.29731E-01
     4    61-2.47116E+01 1.72616E+01-1.08276E-01 2.98307E-01 7.76970E+01 5.46378E+01 8.61184E-03-6.05598E-03 3.91246E+00
     5    82 5.49608E+00-1.49277E+01 5.49615E-10-1.49277E-09 9.99999E+09-3.81206E+04 1.00000E-10 3.81207E-16 1.26521E-08
     2    21-1.92815E+01-4.26366E-01-2.98553E-01-1.09928E-01 5.73357E+01-1.96830E+01 1.56024E-02 5.35620E-03 2.90171E+00
     3    41-1.92815E+01-4.26366E-01-2.98553E-01-1.09928E-01 5.73357E+01-1.96830E+01 1.56024E-02 5.35620E-03 2.90171E+00



                                          - - - ANTENNA INPUT PARAMETERS - - -

   TAG   SEG.    VOLTAGE (VOLTS)         CURRENT (AMPS)         IMPEDANCE (OHMS)        ADMITTANCE (MHOS)      POWER
   NO.   NO.    REAL        IMAG.       REAL        IMAG.       REAL        IMAG.       REAL        IMAG.     (WATTS)
     5    81 1.49152E+01 5.41394E+00 1.41421E+00 0.00000E+00 1.05466E+01 3.82823E+00 8.37788E-02-3.04102E-02 1.05466E+01



                             - - - CURRENTS AND LOCATION - - -

                     LENGTHS NORMALIZED BY WAVELENGTH (OR 2.*PI/CABS(K))

  SEG.  TAG    COORD. OF SEG. CENTER     SEG.            - - - CURRENT (AMPS) - - -
  NO.   NO.     X        Y        Z      LENGTH     REAL        IMAG.       MAG.        PHASE
     1    1   0.0000   0.0000   0.0060  0.01195   1.0828E-01 -2.9830E-01  3.1735E-01  -70.050
     2    1   0.0000   0.0000   0.0179  0.01195   1.0720E-01 -2.9499E-01  3.1387E-01  -70.028
     3    1   0.0000   0.0000   0.0299  0.01195   1.0562E-01 -2.9037E-01  3.0898E-01  -70.012
     4    1   0.0000   0.0000   0.0418  0.01195   1.0350E-01 -2.8443E-01  3.0267E-01  -70.004
     5    1   0.0000   0.0000   0.0538  0.01195   1.0082E-01 -2.7702E-01  2.9480E-01  -70.001
     6    1   0.0000   0.0000   0.0657  0.01195   9.7597E-02 -2.6819E-01  2.8540E-01  -70.003
     7    1   0.0000   0.0000   0.0777  0.01195   9.3836E-02 -2.5795E-01  2.7449E-01  -70.010
     8    1   0.0000   0.0000   0.0897  0.01195   8.9560E-02 -2.4635E-01  2.6213E-01  -70.022
     9    1   0.0000   0.0000   0.1016  0.01195   8.4790E-02 -2.3344E-01  2.4836E-01  -70.038
    10    1   0.0000   0.0000   0.1136  0.01195   7.9551E-02 -2.1925E-01  2.3324E-01  -70.058
    11    1   0.0000   0.0000   0.1255  0.01195   7.3869E-02 -2.0386E-01  2.1683E-01  -70.082
    12    1   0.0000   0.0000   0.1375  0.01195   6.7772E-02 -1.8731E-01  1.9920E-01  -70.109
    13    1   0.0000   0.0000   0.1494  0.01195   6.1288E-02 -1.6968E-01  1.8041E-01  -70.141
    14    1   0.0000   0.0000   0.1614  0.01195   5.4444E-02 -1.5102E-01  1.6053E-01  -70.175
    15    1   0.0000   0.0000   0.1733  0.01195   4.7266E-02 -1.3138E-01  1.3962E-01  -70.213
    16    1   0.0000   0.0000   0.1853  0.01195   3.9770E-02 -1.1079E-01  1.1771E-01  -70.254
    17    1   0.0000   0.0000   0.1972  0.01195   3.1977E-02 -8.9295E-02  9.4848E-02  -70.297
    18    1   0.0000   0.0000   0.2092  0.01195   2.3830E-02 -6.6710E-02  7.0839E-02  -70.342
    19    1   0.0000   0.0000   0.2212  0.01195   1.5366E-02 -4.3126E-02  4.5782E-02  -70.389
    20    1   0.0000   0.0000   0.2331  0.01195   5.5413E-03 -1.5581E-02  1.6537E-02  -70.422
    21    2   0.0000   0.2500   0.0060  0.01195  -2.9855E-01 -1.0993E-01  3.1815E-01 -159.786
    22    2   0.0000   0.2500   0.0179  0.01195  -2.9623E-01 -1.0522E-01  3.1436E-01 -160.445
    23    2   0.0000   0.2500   0.0299  0.01195  -2.9250E-01 -1.0037E-01  3.0925E-01 -161.060
    24    2   0.0000   0.2500   0.0418  0.01195  -2.8723E-01 -9.5787E-02  3.0278E-01 -161.557
    25    2   0.0000   0.2500   0.0538  0.01195  -2.8039E-01 -9.1029E-02  2.9479E-01 -162.014
    26    2   0.0000   0.2500   0.0657  0.01195  -2.7200E-01 -8.6135E-02  2.8532E-01 -162.429
    27    2   0.0000   0.2500   0.0777  0.01195  -2.6211E-01 -8.1066E-02  2.7436E-01 -162.814
    28    2   0.0000   0.2500   0.0897  0.01195  -2.5076E-01 -7.5831E-02  2.6198E-01 -163.175
    29    2   0.0000   0.2500   0.1016  0.01195  -2.3800E-01 -7.0436E-02  2.4820E-01 -163.514
    30    2   0.0000   0.2500   0.1136  0.01195  -2.2388E-01 -6.4895E-02  2.3309E-01 -163.835
    31    2   0.0000   0.2500   0.1255  0.01195  -2.0845E-01 -5.9223E-02  2.1670E-01 -164.140
    32    2   0.0000   0.2500   0.1375  0.01195  -1.9179E-01 -5.3438E-02  1.9910E-01 -164.431
    33    2   0.0000   0.2500   0.1494  0.01195  -1.7396E-01 -4.7558E-02  1.8034E-01 -164.710
    34    2   0.0000   0.2500   0.1614  0.01195  -1.5501E-01 -4.1599E-02  1.6050E-01 -164.978
    35    2   0.0000   0.2500   0.1733  0.01195  -1.3501E-01 -3.5579E-02  1.3962E-01 -165.236
    36    2   0.0000   0.2500   0.1853  0.01195  -1.1397E-01 -2.9506E-02  1.1773E-01 -165.486
    37    2   0.0000   0.2500   0.1972  0.01195  -9.1953E-02 -2.3392E-02  9.4882E-02 -165.727
    38    2   0.0000   0.2500   0.2092  0.01195  -6.8763E-02 -1.7196E-02  7.0880E-02 -165.960
    39    2   0.0000   0.2500   0.2212  0.01195  -4.4494E-02 -1.0943E-02  4.5820E-02 -166.183
    40    2   0.0000   0.2500   0.2331  0.01195  -1.6085E-02 -3.9107E-03  1.6554E-02 -166.335
    41    3   0.2500   0.0000   0.0060  0.01195  -2.9855E-01 -1.0993E-01  3.1815E-01 -159.786
    42    3   0.2500   0.0000   0.0179  0.01195  -2.9623E-01 -1.0522E-01  3.1436E-01 -160.445
    43    3   0.2500   0.0000   0.0299  0.01195  -2.9250E-01 -1.0037E-01  3.0925E-01 -161.060
    44    3   0.2500   0.0000   0.0418  0.01195  -2.8723E-01 -9.5787E-02  3.0278E-01 -161.557
    45    3   0.2500   0.0000   0.0538  0.01195  -2.8039E-01 -9.1029E-02  2.9479E-01 -162.014
    46    3   0.2500   0.0000   0.0657  0.01195  -2.7200E-01 -8.6135E-02  2.8532E-01 -162.429
    47    3   0.2500   0.0000   0.0777  0.01195  -2.6211E-01 -8.1066E-02  2.7436E-01 -162.814
    48    3   0.2500   0.0000   0.0897  0.01195  -2.5076E-01 -7.5831E-02  2.6198E-01 -163.175
    49    3   0.2500   0.0000   0.1016  0.01195  -2.3800E-01 -7.0436E-02  2.4820E-01 -163.514
    50    3   0.2500   0.0000   0.1136  0.01195  -2.2388E-01 -6.4895E-02  2.3309E-01 -163.835
    51    3   0.2500   0.0000   0.1255  0.01195  -2.0845E-01 -5.9223E-02  2.1670E-01 -164.140
    52    3   0.2500   0.0000   0.1375  0.01195  -1.9179E-01 -5.3438E-02  1.9910E-01 -164.431
    53    3   0.2500   0.0000   0.1494  0.01195  -1.7396E-01 -4.7558E-02  1.8034E-01 -164.710
    54    3   0.2500   0.0000   0.1614  0.01195  -1.5501E-01 -4.1599E-02  1.6050E-01 -164.978
    55    3   0.2500   0.0000   0.1733  0.01195  -1.3501E-01 -3.5579E-02  1.3962E-01 -165.236
    56    3   0.2500   0.0000   0.1853  0.01195  -1.1397E-01 -2.9506E-02  1.1773E-01 -165.486
    57    3   0.2500   0.0000   0.1972  0.01195  -9.1953E-02 -2.3392E-02  9.4882E-02 -165.727
    58    3   0.2500   0.0000   0.2092  0.01195  -6.8763E-02 -1.7196E-02  7.0880E-02 -165.960
    59    3   0.2500   0.0000   0.2212  0.01195  -4.4494E-02 -1.0943E-02  4.5820E-02 -166.183
    60    3   0.2500   0.0000   0.2331  0.01195  -1.6085E-02 -3.9107E-03  1.6554E-02 -166.335
    61    4   0.2500   0.2500   0.0060  0.01195  -1.0828E-01  2.9831E-01  3.1735E-01  109.949
    62    4   0.2500   0.2500   0.0179  0.01195  -1.0417E-01  3.0300E-01  3.2041E-01  108.974
    63    4   0.2500   0.2500   0.0299  0.01195  -9.9892E-02  3.0559E-01  3.2150E-01  108.102
    64    4   0.2500   0.2500   0.0418  0.01195  -9.5764E-02  3.0511E-01  3.1979E-01  107.425
    65    4   0.2500   0.2500   0.0538  0.01195  -9.1421E-02  3.0232E-01  3.1584E-01  106.825
    66    4   0.2500   0.2500   0.0657  0.01195  -8.6893E-02  2.9720E-01  3.0964E-01  106.298
    67    4   0.2500   0.2500   0.0777  0.01195  -8.2146E-02  2.8987E-01  3.0129E-01  105.822
    68    4   0.2500   0.2500   0.0897  0.01195  -7.7188E-02  2.8041E-01  2.9084E-01  105.391
    69    4   0.2500   0.2500   0.1016  0.01195  -7.2024E-02  2.6887E-01  2.7835E-01  104.996
    70    4   0.2500   0.2500   0.1136  0.01195  -6.6665E-02  2.5533E-01  2.6389E-01  104.633
    71    4   0.2500   0.2500   0.1255  0.01195  -6.1126E-02  2.3987E-01  2.4754E-01  104.296
    72    4   0.2500   0.2500   0.1375  0.01195  -5.5421E-02  2.2255E-01  2.2935E-01  103.984
    73    4   0.2500   0.2500   0.1494  0.01195  -4.9565E-02  2.0346E-01  2.0941E-01  103.691
    74    4   0.2500   0.2500   0.1614  0.01195  -4.3572E-02  1.8265E-01  1.8778E-01  103.417
    75    4   0.2500   0.2500   0.1733  0.01195  -3.7457E-02  1.6022E-01  1.6454E-01  103.159
    76    4   0.2500   0.2500   0.1853  0.01195  -3.1225E-02  1.3617E-01  1.3971E-01  102.915
    77    4   0.2500   0.2500   0.1972  0.01195  -2.4886E-02  1.1058E-01  1.1334E-01  102.683
    78    4   0.2500   0.2500   0.2092  0.01195  -1.8391E-02  8.3201E-02  8.5209E-02  102.465
    79    4   0.2500   0.2500   0.2212  0.01195  -1.1766E-02  5.4152E-02  5.5416E-02  102.258
    80    4   0.2500   0.2500   0.2331  0.01195  -4.2205E-03  1.9654E-02  2.0102E-02  102.120
    81    5  99.9980  99.9980 100.9980  0.00173   1.4915E-09  5.4140E-10  1.5867E-09   19.950
    82    5  99.9990  99.9990 100.9990  0.00173   5.4961E-10 -1.4928E-09  1.5907E-09  -69.787



                                  - - - CHARGE DENSITIES - - -

                       LENGTHS NORMALIZED TO WAVELENGTH (OR 2.*PI/CABS(K))


  SEG.  TAG    COORD. OF SEG. CENTER     SEG.          CHARGE DENSITY (COULOMBS/METER)
  NO.   NO.     X        Y        Z      LENGTH     REAL        IMAG.       MAG.        PHASE
     1    1   0.0000   0.0000   0.0060  0.01195  -6.5002E-11 -2.1186E-11  6.8368E-11 -161.948
     2    1   0.0000   0.0000   0.0179  0.01195  -1.7959E-10 -5.9506E-11  1.8919E-10 -161.668
     3    1   0.0000   0.0000   0.0299  0.01195  -2.3062E-10 -8.1185E-11  2.4450E-10 -160.607
     4    1   0.0000   0.0000   0.0418  0.01195  -2.9740E-10 -1.0678E-10  3.1599E-10 -160.249
     5    1   0.0000   0.0000   0.0538  0.01195  -3.6048E-10 -1.3119E-10  3.8361E-10 -160.003
     6    1   0.0000   0.0000   0.0657  0.01195  -4.2381E-10 -1.5535E-10  4.5138E-10 -159.869
     7    1   0.0000   0.0000   0.0777  0.01195  -4.8527E-10 -1.7867E-10  5.1711E-10 -159.787
     8    1   0.0000   0.0000   0.0897  0.01195  -5.4495E-10 -2.0111E-10  5.8087E-10 -159.743
     9    1   0.0000   0.0000   0.1016  0.01195  -6.0239E-10 -2.2252E-10  6.4217E-10 -159.726
    10    1   0.0000   0.0000   0.1136  0.01195  -6.5741E-10 -2.4279E-10  7.0081E-10 -159.730
    11    1   0.0000   0.0000   0.1255  0.01195  -7.0981E-10 -2.6185E-10  7.5657E-10 -159.751
    12    1   0.0000   0.0000   0.1375  0.01195  -7.5952E-10 -2.7968E-10  8.0938E-10 -159.785
    13    1   0.0000   0.0000   0.1494  0.01195  -8.0650E-10 -2.9623E-10  8.5919E-10 -159.831
    14    1   0.0000   0.0000   0.1614  0.01195  -8.5110E-10 -3.1165E-10  9.0636E-10 -159.889
    15    1   0.0000   0.0000   0.1733  0.01195  -8.9317E-10 -3.2587E-10  9.5075E-10 -159.956
    16    1   0.0000   0.0000   0.1853  0.01195  -9.3543E-10 -3.3988E-10  9.9526E-10 -160.032
    17    1   0.0000   0.0000   0.1972  0.01195  -9.7392E-10 -3.5227E-10  1.0357E-09 -160.115
    18    1   0.0000   0.0000   0.2092  0.01195  -1.0320E-09 -3.7133E-10  1.0968E-09 -160.210
    19    1   0.0000   0.0000   0.2212  0.01195  -1.0627E-09 -3.8043E-10  1.1287E-09 -160.303
    20    1   0.0000   0.0000   0.2331  0.01195  -1.3838E-09 -4.9216E-10  1.4687E-09 -160.422
    20E   1   0.0000   0.0000   0.2391  0.01195  -1.7159E-09 -6.0870E-10  1.8206E-09 -160.468
    21    2   0.0000   0.2500   0.0060  0.01195  -9.1649E-11  4.5740E-11  1.0243E-10  153.477
    22    2   0.0000   0.2500   0.0179  0.01195  -2.3255E-10  1.3230E-10  2.6755E-10  150.364
    23    2   0.0000   0.2500   0.0299  0.01195  -1.9802E-10  1.9880E-10  2.8059E-10  134.888
    24    2   0.0000   0.2500   0.0418  0.01195  -2.0935E-10  2.6956E-10  3.4131E-10  127.834
    25    2   0.0000   0.2500   0.0538  0.01195  -2.1324E-10  3.3835E-10  3.9994E-10  122.220
    26    2   0.0000   0.2500   0.0657  0.01195  -2.2143E-10  4.0615E-10  4.6259E-10  118.599
    27    2   0.0000   0.2500   0.0777  0.01195  -2.2878E-10  4.7211E-10  5.2462E-10  115.854
    28    2   0.0000   0.2500   0.0897  0.01195  -2.3619E-10  5.3605E-10  5.8577E-10  113.778
    29    2   0.0000   0.2500   0.1016  0.01195  -2.4299E-10  5.9765E-10  6.4516E-10  112.125
    30    2   0.0000   0.2500   0.1136  0.01195  -2.4916E-10  6.5672E-10  7.0239E-10  110.777
    31    2   0.0000   0.2500   0.1255  0.01195  -2.5458E-10  7.1306E-10  7.5714E-10  109.648
    32    2   0.0000   0.2500   0.1375  0.01195  -2.5922E-10  7.6662E-10  8.0925E-10  108.682
    33    2   0.0000   0.2500   0.1494  0.01195  -2.6305E-10  8.1733E-10  8.5862E-10  107.840
    34    2   0.0000   0.2500   0.1614  0.01195  -2.6616E-10  8.6557E-10  9.0557E-10  107.093
    35    2   0.0000   0.2500   0.1733  0.01195  -2.6854E-10  9.1117E-10  9.4992E-10  106.421
    36    2   0.0000   0.2500   0.1853  0.01195  -2.7087E-10  9.5696E-10  9.9455E-10  105.804
    37    2   0.0000   0.2500   0.1972  0.01195  -2.7216E-10  9.9882E-10  1.0352E-09  105.242
    38    2   0.0000   0.2500   0.2092  0.01195  -2.7815E-10  1.0609E-09  1.0967E-09  104.692
    39    2   0.0000   0.2500   0.2212  0.01195  -2.7723E-10  1.0946E-09  1.1292E-09  104.212
    40    2   0.0000   0.2500   0.2331  0.01195  -3.4734E-10  1.4286E-09  1.4702E-09  103.665
    40E   2   0.0000   0.2500   0.2391  0.01195  -4.2441E-10  1.7728E-09  1.8229E-09  103.463
    41    3   0.2500   0.0000   0.0060  0.01195  -9.1649E-11  4.5740E-11  1.0243E-10  153.477
    42    3   0.2500   0.0000   0.0179  0.01195  -2.3255E-10  1.3230E-10  2.6755E-10  150.364
    43    3   0.2500   0.0000   0.0299  0.01195  -1.9802E-10  1.9880E-10  2.8059E-10  134.888
    44    3   0.2500   0.0000   0.0418  0.01195  -2.0935E-10  2.6956E-10  3.4131E-10  127.834
    45    3   0.2500   0.0000   0.0538  0.01195  -2.1324E-10  3.3835E-10  3.9994E-10  122.220
    46    3   0.2500   0.0000   0.0657  0.01195  -2.2143E-10  4.0615E-10  4.6259E-10  118.599
    47    3   0.2500   0.0000   0.0777  0.01195  -2.2878E-10  4.7211E-10  5.2462E-10  115.854
    48    3   0.2500   0.0000   0.0897  0.01195  -2.3619E-10  5.3605E-10  5.8577E-10  113.778
    49    3   0.2500   0.0000   0.1016  0.01195  -2.4299E-10  5.9765E-10  6.4516E-10  112.125
    50    3   0.2500   0.0000   0.1136  0.01195  -2.4916E-10  6.5672E-10  7.0239E-10  110.777
    51    3   0.2500   0.0000   0.1255  0.01195  -2.5458E-10  7.1306E-10  7.5714E-10  109.648
    52    3   0.2500   0.0000   0.1375  0.01195  -2.5922E-10  7.6662E-10  8.0925E-10  108.682
    53    3   0.2500   0.0000   0.1494  0.01195  -2.6305E-10  8.1733E-10  8.5862E-10  107.840
    54    3   0.2500   0.0000   0.1614  0.01195  -2.6616E-10  8.6557E-10  9.0557E-10  107.093
    55    3   0.2500   0.0000   0.1733  0.01195  -2.6854E-10  9.1117E-10  9.4992E-10  106.421
    56    3   0.2500   0.0000   0.1853  0.01195  -2.7087E-10  9.5696E-10  9.9455E-10  105.804
    57    3   0.2500   0.0000   0.1972  0.01195  -2.7216E-10  9.9882E-10  1.0352E-09  105.242
    58    3   0.2500   0.0000   0.2092  0.01195  -2.7815E-10  1.0609E-09  1.0967E-09  104.692
    59    3   0.2500   0.0000   0.2212  0.01195  -2.7723E-10  1.0946E-09  1.1292E-09  104.212
    60    3   0.2500   0.0000   0.2331  0.01195  -3.4734E-10  1.4286E-09  1.4702E-09  103.665
    60E   3   0.2500   0.0000   0.2391  0.01195  -4.2441E-10  1.7728E-09  1.8229E-09  103.463
    61    4   0.2500   0.2500   0.0060  0.01195  -9.0462E-11  7.9891E-11  1.2069E-10  138.551
    62    4   0.2500   0.2500   0.0179  0.01195  -2.0232E-10  2.0342E-10  2.8691E-10  134.845
    63    4   0.2500   0.2500   0.0299  0.01195  -2.7873E-11  1.7694E-10  1.7913E-10   98.952
    64    4   0.2500   0.2500   0.0418  0.01195   7.0050E-11  1.8968E-10  2.0220E-10   69.731
    65    4   0.2500   0.2500   0.0538  0.01195   1.7818E-10  1.9606E-10  2.6493E-10   47.736
    66    4   0.2500   0.2500   0.0657  0.01195   2.7675E-10  2.0613E-10  3.4508E-10   36.680
    67    4   0.2500   0.2500   0.0777  0.01195   3.7369E-10  2.1548E-10  4.3137E-10   29.969
    68    4   0.2500   0.2500   0.0897  0.01195   4.6706E-10  2.2488E-10  5.1838E-10   25.710
    69    4   0.2500   0.2500   0.1016  0.01195   5.5753E-10  2.3377E-10  6.0456E-10   22.748
    70    4   0.2500   0.2500   0.1136  0.01195   6.4479E-10  2.4213E-10  6.8875E-10   20.582
    71    4   0.2500   0.2500   0.1255  0.01195   7.2876E-10  2.4984E-10  7.7040E-10   18.923
    72    4   0.2500   0.2500   0.1375  0.01195   8.0939E-10  2.5688E-10  8.4918E-10   17.608
    73    4   0.2500   0.2500   0.1494  0.01195   8.8663E-10  2.6324E-10  9.2488E-10   16.536
    74    4   0.2500   0.2500   0.1614  0.01195   9.6090E-10  2.6901E-10  9.9784E-10   15.640
    75    4   0.2500   0.2500   0.1733  0.01195   1.0320E-09  2.7414E-10  1.0678E-09   14.877
    76    4   0.2500   0.2500   0.1853  0.01195   1.1034E-09  2.7938E-10  1.1382E-09   14.209
    77    4   0.2500   0.2500   0.1972  0.01195   1.1700E-09  2.8365E-10  1.2039E-09   13.628
    78    4   0.2500   0.2500   0.2092  0.01195   1.2615E-09  2.9316E-10  1.2951E-09   13.082
    79    4   0.2500   0.2500   0.2212  0.01195   1.3185E-09  2.9530E-10  1.3511E-09   12.624
    80    4   0.2500   0.2500   0.2331  0.01195   1.7456E-09  3.7485E-10  1.7854E-09   12.120
    80E   4   0.2500   0.2500   0.2391  0.01195   2.1775E-09  4.6036E-10  2.2256E-09   11.937
    81E   5  99.9975  99.9975 100.9975  0.00173  -8.5672E-16  1.4092E-15  1.6492E-15  121.298
    81    5  99.9980  99.9980 100.9980  0.00173   1.9407E-16  4.1637E-16  4.5938E-16   65.010
    82    5  99.9990  99.9990 100.9990  0.00173  -1.9407E-16 -4.1637E-16  4.5938E-16 -114.990
    82E   5  99.9995  99.9995 100.9995  0.00173  -1.6330E-15 -2.5633E-16  1.6530E-15 -171.079



                                        - - - POWER BUDGET - - -

                                           INPUT POWER   = 1.0547E+01 WATTS
                                           RADIATED POWER= 6.9109E+00 WATTS
                                           WIRE LOSS     = 3.6347E+00 WATTS
                                           NETWORK LOSS  = 1.0104E-03 WATTS
                                           EFFICIENCY    =  65.53 PERCENT




 ***** INPUT LINE 17  EN   0    0    0    0  0.00000E+00  0.00000E+00  0.00000E+00  0.00000E+00  0.00000E+00  0.00000E+00

 RUN TIME =     0.071
