1
 momwire 0.70.0 bspline avx2


                                ***********************************************
                                *                                             *
                                *  NUMERICAL ELECTROMAGNETICS CODE (NEC-4.2)  *
                                *                                             *
                                ***********************************************




                      **********************************************************

                          4-square array w/feed system                                                 
                                                                                                       
                          EZNEC Pro/2+ v. 7.0.4  2026-10-03 16:41:42                                   
                                                                                                       
                          ! Written by EZNEC/Pro+ v. 7.0 in NEC-4.2 format.                            
                                                                                                       
                          ! WARNING: MININEC-type ground may not work properly with standard           
                          !          NEC-2 or -4 program.                                              
                                                                                                       

                      **********************************************************





                                 - - - STRUCTURE SPECIFICATION - - -

                                     COORDINATES MUST BE INPUT IN
                                     METERS OR BE SCALED TO METERS
                                     BEFORE STRUCTURE INPUT IS ENDED


  WIRE                                                                               NO. OF    FIRST  LAST     TAG
  NO.        X1         Y1         Z1          X2         Y2         Z2      RADIUS   SEG.     SEG.   SEG.     NO.
     1    0.00000    0.00000    0.00000     0.00000    0.00000    9.98220    0.01905      6        1     6       1
     2    0.00000   10.49122    0.00000     0.00000   10.49122    9.98220    0.01905      6        7    12       2
     3   10.49122    0.00000    0.00000    10.49122    0.00000    9.98220    0.01905      6       13    18       3
     4   10.49122   10.49122    0.00000    10.49122   10.49122    9.98220    0.01905      6       19    24       4
     5    5.18160    0.00000    0.00305     5.18160    0.06096    0.00305    0.00013      1       25    25       5
     6    0.00000    5.18160    0.00305     0.06096    5.18160    0.00305    0.00013      1       26    26       6
     7    5.18160    5.18160    0.00305     5.18160    5.24256    0.00305    0.00013      1       27    27       7

   GROUND PLANE SPECIFIED.

   WHERE WIRE ENDS TOUCH GROUND, CURRENT WILL BE INTERPOLATED TO IMAGE IN GROUND PLANE.


   TOTAL SEGMENTS USED=   27     NO. SEG. IN A SYMMETRIC CELL=   27     SYMMETRY FLAG=  0


         - MULTIPLE WIRE JUNCTIONS -
 JUNCTION    SEGMENTS  (- FOR END 1, + FOR END 2)
  NONE




                                 - - - - SEGMENTATION DATA - - - -

                                        COORDINATES IN METERS

                         I+ AND I- INDICATE THE SEGMENTS BEFORE AND AFTER I


  SEG.   COORDINATES OF SEG. CENTER     SEG.     ORIENTATION ANGLES    WIRE    CONNECTION DATA   TAG
  NO.       X         Y         Z       LENGTH     ALPHA     BETA      RADIUS    I-   I    I+    NO.
     1   0.00000   0.00000   0.83185   1.66370   90.00000   0.00000   0.01905     1    1    2      1
     2   0.00000   0.00000   2.49555   1.66370   90.00000   0.00000   0.01905     1    2    3      1
     3   0.00000   0.00000   4.15925   1.66370   90.00000   0.00000   0.01905     2    3    4      1
     4   0.00000   0.00000   5.82295   1.66370   90.00000   0.00000   0.01905     3    4    5      1
     5   0.00000   0.00000   7.48665   1.66370   90.00000   0.00000   0.01905     4    5    6      1
     6   0.00000   0.00000   9.15035   1.66370   90.00000   0.00000   0.01905     5    6    0      1
     7   0.00000  10.49122   0.83185   1.66370   90.00000   0.00000   0.01905     7    7    8      2
     8   0.00000  10.49122   2.49555   1.66370   90.00000   0.00000   0.01905     7    8    9      2
     9   0.00000  10.49122   4.15925   1.66370   90.00000   0.00000   0.01905     8    9   10      2
    10   0.00000  10.49122   5.82295   1.66370   90.00000   0.00000   0.01905     9   10   11      2
    11   0.00000  10.49122   7.48665   1.66370   90.00000   0.00000   0.01905    10   11   12      2
    12   0.00000  10.49122   9.15035   1.66370   90.00000   0.00000   0.01905    11   12    0      2
    13  10.49122   0.00000   0.83185   1.66370   90.00000   0.00000   0.01905    13   13   14      3
    14  10.49122   0.00000   2.49555   1.66370   90.00000   0.00000   0.01905    13   14   15      3
    15  10.49122   0.00000   4.15925   1.66370   90.00000   0.00000   0.01905    14   15   16      3
    16  10.49122   0.00000   5.82295   1.66370   90.00000   0.00000   0.01905    15   16   17      3
    17  10.49122   0.00000   7.48665   1.66370   90.00000   0.00000   0.01905    16   17   18      3
    18  10.49122   0.00000   9.15035   1.66370   90.00000   0.00000   0.01905    17   18    0      3
    19  10.49122  10.49122   0.83185   1.66370   90.00000   0.00000   0.01905    19   19   20      4
    20  10.49122  10.49122   2.49555   1.66370   90.00000   0.00000   0.01905    19   20   21      4
    21  10.49122  10.49122   4.15925   1.66370   90.00000   0.00000   0.01905    20   21   22      4
    22  10.49122  10.49122   5.82295   1.66370   90.00000   0.00000   0.01905    21   22   23      4
    23  10.49122  10.49122   7.48665   1.66370   90.00000   0.00000   0.01905    22   23   24      4
    24  10.49122  10.49122   9.15035   1.66370   90.00000   0.00000   0.01905    23   24    0      4
    25   5.18160   0.03048   0.00305   0.06096    0.00000  90.00000   0.00013     0   25    0      5
    26   0.03048   5.18160   0.00305   0.06096    0.00000   0.00000   0.00013     0   26    0      6
    27   5.18160   5.21208   0.00305   0.06096    0.00000  90.00000   0.00013     0   27    0      7




 ***** INPUT LINE  1  FR   0    1    0    0  7.15000E+00  0.00000E+00  0.00000E+00  0.00000E+00  0.00000E+00  0.00000E+00
 ***** INPUT LINE  2  GN   1    0    0    0  0.00000E+00  0.00000E+00  0.00000E+00  0.00000E+00  0.00000E+00  0.00000E+00
 ***** INPUT LINE  3  EX   6    7    1    0  1.41421E+00  0.00000E+00  0.00000E+00  0.00000E+00  0.00000E+00  0.00000E+00
 ***** INPUT LINE  4  TL   5    1    1    1  5.00000E+01  1.04823E+01  0.00000E+00  0.00000E+00  0.00000E+00  0.00000E+00
 ***** INPUT LINE  5  TL   5    1    4    1  5.00000E+01  3.14468E+01  0.00000E+00  0.00000E+00  0.00000E+00  0.00000E+00
 ***** INPUT LINE  6  TL   6    1    2    1  5.00000E+01  1.04823E+01  0.00000E+00  0.00000E+00  0.00000E+00  0.00000E+00
 ***** INPUT LINE  7  TL   6    1    3    1  5.00000E+01  1.04823E+01  0.00000E+00  0.00000E+00  0.00000E+00  0.00000E+00
 ***** INPUT LINE  8  TL   5    1    7    1  7.50000E+01  3.65365E+00  0.00000E+00  0.00000E+00  0.00000E+00  0.00000E+00
 ***** INPUT LINE  9  TL   6    1    7    1  7.50000E+01  2.02261E+01  0.00000E+00  0.00000E+00  0.00000E+00  0.00000E+00
 ***** INPUT LINE 10  GD   2    0    0    0  1.30000E+01  5.00000E-03  0.00000E+00  0.00000E+00  0.00000E+00  0.00000E+00
 ***** INPUT LINE 11  PQ   0    0    0    0  0.00000E+00  0.00000E+00  0.00000E+00  0.00000E+00  0.00000E+00  0.00000E+00
 ***** INPUT LINE 12  XQ   0    0    0    0  0.00000E+00  0.00000E+00  0.00000E+00  0.00000E+00  0.00000E+00  0.00000E+00




                                 - - - - - - FREQUENCY - - - - - -

                                    FREQUENCY= 7.1500E+00 MHZ
                                    WAVELENGTH= 4.1930E+01 METERS



                                  - - - ANTENNA ENVIRONMENT - - -

                                          PERFECT GROUND



                               - - - STRUCTURE IMPEDANCE LOADING - - -

                                   THIS STRUCTURE IS NOT LOADED



                                - - - MATRIX TIMING - - -

                        FILL=    0.042 SEC.,  FACTOR=    0.000 SEC.



                                            - - - NETWORK DATA - - -

      - FROM -    - TO -           TRANSMISSION LINE               -  -  SHUNT ADMITTANCES (MHOS)  -  -              LINE
      TAG  SEG.   TAG  SEG.      IMPEDANCE      LENGTH            - END ONE -                 - END TWO -            TYPE
      NO.   NO.   NO.   NO.         OHMS        METERS         REAL          IMAG.         REAL          IMAG.
        5    25     1     1     5.0000E+01    1.0482E+01    0.0000E+00    0.0000E+00    0.0000E+00    0.0000E+00   STRAIGHT
        5    25     4    19     5.0000E+01    3.1447E+01    0.0000E+00    0.0000E+00    0.0000E+00    0.0000E+00   STRAIGHT
        6    26     2     7     5.0000E+01    1.0482E+01    0.0000E+00    0.0000E+00    0.0000E+00    0.0000E+00   STRAIGHT
        6    26     3    13     5.0000E+01    1.0482E+01    0.0000E+00    0.0000E+00    0.0000E+00    0.0000E+00   STRAIGHT
        5    25     7    27     7.5000E+01    3.6536E+00    0.0000E+00    0.0000E+00    0.0000E+00    0.0000E+00   STRAIGHT
        6    26     7    27     7.5000E+01    2.0226E+01    0.0000E+00    0.0000E+00    0.0000E+00    0.0000E+00   STRAIGHT



                           - - - STRUCTURE EXCITATION DATA AT NETWORK CONNECTION POINTS - - -

   TAG   SEG.    VOLTAGE (VOLTS)         CURRENT (AMPS)         IMPEDANCE (OHMS)        ADMITTANCE (MHOS)      POWER
   NO.   NO.    REAL        IMAG.       REAL        IMAG.       REAL        IMAG.       REAL        IMAG.     (WATTS)
     5    25 1.33028E+01-1.65328E+01 1.31236E-04 1.05596E-04 7.05515E-02-1.25978E+05 4.44544E-12 7.93788E-06 1.00089E-09
     1     1-3.70879E+00 8.51025E+00-3.30657E-01-2.66056E-01-5.76210E+00-2.11011E+01-1.20431E-02 4.41024E-02-5.18934E-01
     4    19 6.48572E+00 3.46931E+01 3.30657E-01 2.66056E-01 6.31517E+01 5.41081E+01 9.13148E-03-7.82381E-03 5.68743E+00
     6    26-1.85213E+01-1.33538E+01 1.06001E-04-1.47020E-04 1.33989E-01-1.25978E+05 8.44265E-12 7.93789E-06 2.20083E-09
     2     7-2.73259E+00 2.09464E+01-2.67075E-01 3.70425E-01 4.07055E+01-2.19717E+01 1.90240E-02 1.02686E-02 4.24445E+00
     3    13-2.73259E+00 2.09464E+01-2.67075E-01 3.70425E-01 4.07055E+01-2.19717E+01 1.90240E-02 1.02686E-02 4.24445E+00
     7    27 1.93145E+01 6.33372E+00-5.02767E-05 1.53316E-04-3.74450E-01-1.25978E+05-2.35941E-11 7.93788E-06-4.87412E-09



                                          - - - ANTENNA INPUT PARAMETERS - - -

   TAG   SEG.    VOLTAGE (VOLTS)         CURRENT (AMPS)         IMPEDANCE (OHMS)        ADMITTANCE (MHOS)      POWER
   NO.   NO.    REAL        IMAG.       REAL        IMAG.       REAL        IMAG.       REAL        IMAG.     (WATTS)
     7    27 1.93145E+01 6.33372E+00 1.41421E+00 0.00000E+00 1.36574E+01 4.47861E+00 6.61112E-02-2.16796E-02 1.36574E+01



                             - - - CURRENTS AND LOCATION - - -

                     LENGTHS NORMALIZED BY WAVELENGTH (OR 2.*PI/CABS(K))

  SEG.  TAG    COORD. OF SEG. CENTER     SEG.            - - - CURRENT (AMPS) - - -
  NO.   NO.     X        Y        Z      LENGTH     REAL        IMAG.       MAG.        PHASE
     1    1   0.0000   0.0000   0.0198  0.03968  -3.3066E-01 -2.6606E-01  4.2441E-01 -141.179
     2    1   0.0000   0.0000   0.0595  0.03968  -3.0314E-01 -2.4526E-01  3.8993E-01 -141.025
     3    1   0.0000   0.0000   0.0992  0.03968  -2.6060E-01 -2.1164E-01  3.3572E-01 -140.919
     4    1   0.0000   0.0000   0.1389  0.03968  -2.0314E-01 -1.6511E-01  2.6177E-01 -140.897
     5    1   0.0000   0.0000   0.1786  0.03968  -1.3318E-01 -1.0814E-01  1.7155E-01 -140.923
     6    1   0.0000   0.0000   0.2182  0.03968  -4.7813E-02 -3.8771E-02  6.1557E-02 -140.962
     7    2   0.0000   0.2502   0.0198  0.03968  -2.6708E-01  3.7043E-01  4.5667E-01  125.791
     8    2   0.0000   0.2502   0.0595  0.03968  -2.3687E-01  3.4629E-01  4.1956E-01  124.373
     9    2   0.0000   0.2502   0.0992  0.03968  -1.9712E-01  3.0298E-01  3.6146E-01  123.048
    10    2   0.0000   0.2502   0.1389  0.03968  -1.4973E-01  2.3914E-01  2.8215E-01  122.052
    11    2   0.0000   0.2502   0.1786  0.03968  -9.5870E-02  1.5840E-01  1.8515E-01  121.184
    12    2   0.0000   0.2502   0.2182  0.03968  -3.3894E-02  5.7222E-02  6.6507E-02  120.639
    13    3   0.2502   0.0000   0.0198  0.03968  -2.6708E-01  3.7043E-01  4.5667E-01  125.791
    14    3   0.2502   0.0000   0.0595  0.03968  -2.3687E-01  3.4629E-01  4.1956E-01  124.373
    15    3   0.2502   0.0000   0.0992  0.03968  -1.9712E-01  3.0298E-01  3.6146E-01  123.048
    16    3   0.2502   0.0000   0.1389  0.03968  -1.4973E-01  2.3914E-01  2.8215E-01  122.052
    17    3   0.2502   0.0000   0.1786  0.03968  -9.5870E-02  1.5840E-01  1.8515E-01  121.184
    18    3   0.2502   0.0000   0.2182  0.03968  -3.3894E-02  5.7222E-02  6.6507E-02  120.639
    19    4   0.2502   0.2502   0.0198  0.03968   3.3066E-01  2.6606E-01  4.2441E-01   38.821
    20    4   0.2502   0.2502   0.0595  0.03968   3.2694E-01  2.4414E-01  4.0803E-01   36.750
    21    4   0.2502   0.2502   0.0992  0.03968   3.0002E-01  2.1007E-01  3.6625E-01   34.998
    22    4   0.2502   0.2502   0.1389  0.03968   2.4472E-01  1.6387E-01  2.9452E-01   33.807
    23    4   0.2502   0.2502   0.1786  0.03968   1.6650E-01  1.0750E-01  1.9819E-01   32.848
    24    4   0.2502   0.2502   0.2182  0.03968   6.1118E-02  3.8610E-02  7.2292E-02   32.282
    25    5   0.1236   0.0007   0.0001  0.00145   1.3124E-04  1.0560E-04  1.6844E-04   38.821
    26    6   0.0007   0.1236   0.0001  0.00145   1.0600E-04 -1.4702E-04  1.8125E-04  -54.209
    27    7   0.1236   0.1243   0.0001  0.00145  -5.0277E-05  1.5332E-04  1.6135E-04  108.156



                                  - - - CHARGE DENSITIES - - -

                       LENGTHS NORMALIZED TO WAVELENGTH (OR 2.*PI/CABS(K))


  SEG.  TAG    COORD. OF SEG. CENTER     SEG.          CHARGE DENSITY (COULOMBS/METER)
  NO.   NO.     X        Y        Z      LENGTH     REAL        IMAG.       MAG.        PHASE
     1    1   0.0000   0.0000   0.0198  0.03968  -1.2617E-10  1.6762E-10  2.0979E-10  126.970
     2    1   0.0000   0.0000   0.0595  0.03968  -3.5987E-10  4.6801E-10  5.9037E-10  127.558
     3    1   0.0000   0.0000   0.0992  0.03968  -5.3977E-10  6.7023E-10  8.6056E-10  128.846
     4    1   0.0000   0.0000   0.1389  0.03968  -7.0550E-10  8.6743E-10  1.1181E-09  129.122
     5    1   0.0000   0.0000   0.1786  0.03968  -8.1880E-10  1.0048E-09  1.2961E-09  129.177
     6    1   0.0000   0.0000   0.2182  0.03968  -1.0375E-09  1.2794E-09  1.6472E-09  129.038
     6E   1   0.0000   0.0000   0.2381  0.03968  -1.2216E-09  1.5108E-09  1.9429E-09  128.959
     7    2   0.0000   0.2502   0.0198  0.03968   1.4437E-10  1.8714E-10  2.3635E-10   52.352
     8    2   0.0000   0.2502   0.0595  0.03968   4.3480E-10  4.8573E-10  6.5191E-10   48.166
     9    2   0.0000   0.2502   0.0992  0.03968   7.2407E-10  5.7808E-10  9.2653E-10   38.603
    10    2   0.0000   0.2502   0.1389  0.03968   9.8427E-10  6.8991E-10  1.2020E-09   35.028
    11    2   0.0000   0.2502   0.1786  0.03968   1.1762E-09  7.5144E-10  1.3958E-09   32.572
    12    2   0.0000   0.2502   0.2182  0.03968   1.5312E-09  9.0696E-10  1.7797E-09   30.639
    12E   2   0.0000   0.2502   0.2381  0.03968   1.8223E-09  1.0485E-09  2.1024E-09   29.914
    13    3   0.2502   0.0000   0.0198  0.03968   1.4437E-10  1.8714E-10  2.3635E-10   52.352
    14    3   0.2502   0.0000   0.0595  0.03968   4.3480E-10  4.8573E-10  6.5191E-10   48.166
    15    3   0.2502   0.0000   0.0992  0.03968   7.2407E-10  5.7808E-10  9.2653E-10   38.603
    16    3   0.2502   0.0000   0.1389  0.03968   9.8427E-10  6.8991E-10  1.2020E-09   35.028
    17    3   0.2502   0.0000   0.1786  0.03968   1.1762E-09  7.5144E-10  1.3958E-09   32.572
    18    3   0.2502   0.0000   0.2182  0.03968   1.5312E-09  9.0696E-10  1.7797E-09   30.639
    18E   3   0.2502   0.0000   0.2381  0.03968   1.8223E-09  1.0485E-09  2.1024E-09   29.914
    19    4   0.2502   0.2502   0.0198  0.03968   1.3344E-10 -1.3235E-11  1.3409E-10   -5.664
    20    4   0.2502   0.2502   0.0595  0.03968   3.7356E-10 -1.4894E-10  4.0215E-10  -21.738
    21    4   0.2502   0.2502   0.0992  0.03968   5.3808E-10 -5.7127E-10  7.8478E-10  -46.714
    22    4   0.2502   0.2502   0.1389  0.03968   6.9815E-10 -9.0857E-10  1.1458E-09  -52.461
    23    4   0.2502   0.2502   0.1786  0.03968   8.1024E-10 -1.1845E-09  1.4351E-09  -55.626
    24    4   0.2502   0.2502   0.2182  0.03968   1.0332E-09 -1.6355E-09  1.9345E-09  -57.718
    24E   4   0.2502   0.2502   0.2381  0.03968   1.2205E-09 -1.9866E-09  2.3315E-09  -58.435
    25E   5   0.1236   0.0000   0.0001  0.00145  -1.5423E-10  1.9168E-10  2.4603E-10  128.821
    25    5   0.1236   0.0007   0.0001  0.00145   0.0000E+00  0.0000E+00  0.0000E+00    0.000
    25E   5   0.1236   0.0015   0.0001  0.00145   1.5423E-10 -1.9168E-10  2.4603E-10  -51.179
    26E   6   0.0000   0.1236   0.0001  0.00145   2.1474E-10  1.5482E-10  2.6473E-10   35.791
    26    6   0.0007   0.1236   0.0001  0.00145   0.0000E+00  0.0000E+00  0.0000E+00    0.000
    26E   6   0.0015   0.1236   0.0001  0.00145  -2.1474E-10 -1.5482E-10  2.6473E-10 -144.209
    27E   7   0.1236   0.1236   0.0001  0.00145  -2.2393E-10 -7.3434E-11  2.3567E-10 -161.844
    27    7   0.1236   0.1243   0.0001  0.00145   0.0000E+00  0.0000E+00  0.0000E+00    0.000
    27E   7   0.1236   0.1250   0.0001  0.00145   2.2393E-10  7.3434E-11  2.3567E-10   18.156



                                        - - - POWER BUDGET - - -

                                           INPUT POWER   = 1.3657E+01 WATTS
                                           RADIATED POWER= 1.3657E+01 WATTS
                                           WIRE LOSS     = 0.0000E+00 WATTS
                                           NETWORK LOSS  = 0.0000E+00 WATTS
                                           EFFICIENCY    = 100.00 PERCENT




 ***** INPUT LINE 13  EN   0    0    0    0  0.00000E+00  0.00000E+00  0.00000E+00  0.00000E+00  0.00000E+00  0.00000E+00

 RUN TIME =     0.060
