1
 momwire 0.70.0 bspline avx2


                                ***********************************************
                                *                                             *
                                *  NUMERICAL ELECTROMAGNETICS CODE (NEC-4.2)  *
                                *                                             *
                                ***********************************************




                      **********************************************************

                          Dipole in free space                                                         
                                                                                                       
                          EZNEC Pro/2+ v. 7.0.4  2026-10-03 17:15:39                                   
                                                                                                       
                          ! Written by EZNEC/Pro+ v. 7.0 in NEC-4.2 format.                            
                                                                                                       

                      **********************************************************





                                 - - - STRUCTURE SPECIFICATION - - -

                                     COORDINATES MUST BE INPUT IN
                                     METERS OR BE SCALED TO METERS
                                     BEFORE STRUCTURE INPUT IS ENDED


  WIRE                                                                               NO. OF    FIRST  LAST     TAG
  NO.        X1         Y1         Z1          X2         Y2         Z2      RADIUS   SEG.     SEG.   SEG.     NO.
     1    0.00000   -0.25000   10.00000     0.00000    0.25000   10.00000    0.00050     11        1    11       1

   TOTAL SEGMENTS USED=   11     NO. SEG. IN A SYMMETRIC CELL=   11     SYMMETRY FLAG=  0


         - MULTIPLE WIRE JUNCTIONS -
 JUNCTION    SEGMENTS  (- FOR END 1, + FOR END 2)
  NONE




                                 - - - - SEGMENTATION DATA - - - -

                                        COORDINATES IN METERS

                         I+ AND I- INDICATE THE SEGMENTS BEFORE AND AFTER I


  SEG.   COORDINATES OF SEG. CENTER     SEG.     ORIENTATION ANGLES    WIRE    CONNECTION DATA   TAG
  NO.       X         Y         Z       LENGTH     ALPHA     BETA      RADIUS    I-   I    I+    NO.
     1   0.00000  -0.22727  10.00000   0.04545    0.00000  90.00000   0.00050     0    1    2      1
     2   0.00000  -0.18182  10.00000   0.04545    0.00000  90.00000   0.00050     1    2    3      1
     3   0.00000  -0.13636  10.00000   0.04545    0.00000  90.00000   0.00050     2    3    4      1
     4   0.00000  -0.09091  10.00000   0.04545    0.00000  90.00000   0.00050     3    4    5      1
     5   0.00000  -0.04545  10.00000   0.04545    0.00000  90.00000   0.00050     4    5    6      1
     6   0.00000   0.00000  10.00000   0.04545    0.00000  90.00000   0.00050     5    6    7      1
     7   0.00000   0.04545  10.00000   0.04545    0.00000  90.00000   0.00050     6    7    8      1
     8   0.00000   0.09091  10.00000   0.04545    0.00000  90.00000   0.00050     7    8    9      1
     9   0.00000   0.13636  10.00000   0.04545    0.00000  90.00000   0.00050     8    9   10      1
    10   0.00000   0.18182  10.00000   0.04545    0.00000  90.00000   0.00050     9   10   11      1
    11   0.00000   0.22727  10.00000   0.04545    0.00000  90.00000   0.00050    10   11    0      1




 ***** INPUT LINE  1  FR   0    1    0    0  2.99793E+02  0.00000E+00  0.00000E+00  0.00000E+00  0.00000E+00  0.00000E+00
 ***** INPUT LINE  2  GN  -1    0    0    0  0.00000E+00  0.00000E+00  0.00000E+00  0.00000E+00  0.00000E+00  0.00000E+00
 ***** INPUT LINE  3  EX   6    1    6    0  1.41421E+00  0.00000E+00  0.00000E+00  0.00000E+00  0.00000E+00  0.00000E+00
 ***** INPUT LINE  4  PQ   0    0    0    0  0.00000E+00  0.00000E+00  0.00000E+00  0.00000E+00  0.00000E+00  0.00000E+00
 ***** INPUT LINE  5  NE   0    2   11   11  0.00000E+00 -5.00000E-01  9.50000E+00  1.00000E+00  1.00000E-01  1.00000E-01




                                 - - - - - - FREQUENCY - - - - - -

                                    FREQUENCY= 2.9979E+02 MHZ
                                    WAVELENGTH= 1.0000E+00 METERS



                                  - - - ANTENNA ENVIRONMENT - - -

                                            FREE SPACE



                               - - - STRUCTURE IMPEDANCE LOADING - - -

                                   THIS STRUCTURE IS NOT LOADED



                                - - - MATRIX TIMING - - -

                        FILL=    0.002 SEC.,  FACTOR=    0.000 SEC.



                                          - - - ANTENNA INPUT PARAMETERS - - -

   TAG   SEG.    VOLTAGE (VOLTS)         CURRENT (AMPS)         IMPEDANCE (OHMS)        ADMITTANCE (MHOS)      POWER
   NO.   NO.    REAL        IMAG.       REAL        IMAG.       REAL        IMAG.       REAL        IMAG.     (WATTS)
     1     6 1.16136E+02 6.49342E+01 1.41421E+00 0.00000E+00 8.21202E+01 4.59154E+01 9.27707E-03-5.18704E-03 8.21203E+01



                             - - - CURRENTS AND LOCATION - - -

                     LENGTHS NORMALIZED BY WAVELENGTH (OR 2.*PI/CABS(K))

  SEG.  TAG    COORD. OF SEG. CENTER     SEG.            - - - CURRENT (AMPS) - - -
  NO.   NO.     X        Y        Z      LENGTH     REAL        IMAG.       MAG.        PHASE
     1    1   0.0000  -0.2273   9.9997  0.04545   2.4049E-01 -2.5007E-02  2.4179E-01   -5.936
     2    1   0.0000  -0.1818   9.9997  0.04545   6.6346E-01 -6.2436E-02  6.6639E-01   -5.376
     3    1   0.0000  -0.1364   9.9997  0.04545   9.9193E-01 -7.7233E-02  9.9494E-01   -4.452
     4    1   0.0000  -0.0909   9.9997  0.04545   1.2350E+00 -7.2324E-02  1.2372E+00   -3.351
     5    1   0.0000  -0.0455   9.9997  0.04545   1.3716E+00 -4.1527E-02  1.3722E+00   -1.734
     6    1   0.0000   0.0000   9.9997  0.04545   1.4142E+00  9.9923E-17  1.4142E+00    0.000
     7    1   0.0000   0.0455   9.9997  0.04545   1.3716E+00 -4.1527E-02  1.3722E+00   -1.734
     8    1   0.0000   0.0909   9.9997  0.04545   1.2350E+00 -7.2324E-02  1.2372E+00   -3.351
     9    1   0.0000   0.1364   9.9997  0.04545   9.9193E-01 -7.7233E-02  9.9494E-01   -4.452
    10    1   0.0000   0.1818   9.9997  0.04545   6.6346E-01 -6.2436E-02  6.6639E-01   -5.376
    11    1   0.0000   0.2273   9.9997  0.04545   2.4049E-01 -2.5007E-02  2.4179E-01   -5.936



                                  - - - CHARGE DENSITIES - - -

                       LENGTHS NORMALIZED TO WAVELENGTH (OR 2.*PI/CABS(K))


  SEG.  TAG    COORD. OF SEG. CENTER     SEG.          CHARGE DENSITY (COULOMBS/METER)
  NO.   NO.     X        Y        Z      LENGTH     REAL        IMAG.       MAG.        PHASE
     1E   1   0.0000  -0.2500   9.9997  0.04545   7.8225E-10  6.6848E-09  6.7304E-09   83.326
     1    1   0.0000  -0.2273   9.9997  0.04545   5.8413E-10  5.6176E-09  5.6479E-09   84.064
     2    1   0.0000  -0.1818   9.9997  0.04545   2.9016E-10  4.2624E-09  4.2722E-09   86.106
     3    1   0.0000  -0.1364   9.9997  0.04545   5.5484E-11  3.4105E-09  3.4110E-09   89.068
     4    1   0.0000  -0.0909   9.9997  0.04545  -1.7014E-10  2.2683E-09  2.2746E-09   94.290
     5    1   0.0000  -0.0455   9.9997  0.04545  -5.4925E-10  9.2062E-10  1.0720E-09  120.821
     6    1   0.0000   0.0000   9.9997  0.04545   0.0000E+00  0.0000E+00  0.0000E+00    0.000
     7    1   0.0000   0.0455   9.9997  0.04545   5.4925E-10 -9.2062E-10  1.0720E-09  -59.179
     8    1   0.0000   0.0909   9.9997  0.04545   1.7014E-10 -2.2683E-09  2.2746E-09  -85.710
     9    1   0.0000   0.1364   9.9997  0.04545  -5.5484E-11 -3.4105E-09  3.4110E-09  -90.932
    10    1   0.0000   0.1818   9.9997  0.04545  -2.9016E-10 -4.2624E-09  4.2722E-09  -93.894
    11    1   0.0000   0.2273   9.9997  0.04545  -5.8413E-10 -5.6176E-09  5.6479E-09  -95.936
    11E   1   0.0000   0.2500   9.9997  0.04545  -7.8225E-10 -6.6848E-09  6.7304E-09  -96.674



                                        - - - POWER BUDGET - - -

                                           INPUT POWER   = 8.2120E+01 WATTS
                                           RADIATED POWER= 8.2120E+01 WATTS
                                           WIRE LOSS     = 0.0000E+00 WATTS
                                           EFFICIENCY    = 100.00 PERCENT



                                      - - - NEAR ELECTRIC FIELDS - - -

              -  LOCATION  -                     -  EX  -               -  EY  -               -  EZ  -
        X           Y           Z           MAGNITUDE   PHASE      MAGNITUDE   PHASE      MAGNITUDE   PHASE
      METERS      METERS      METERS         VOLTS/M   DEGREES      VOLTS/M   DEGREES      VOLTS/M   DEGREES
    0.0000E+00 -5.0000E-01  9.5000E+00     0.0000E+00     0.00    6.7735E+01    27.61    6.2359E+01   155.06
    1.0000E+00 -5.0000E-01  9.5000E+00     2.3566E+01   160.48    5.8800E+01  -178.30    1.1783E+01   -19.52
    0.0000E+00 -4.0000E-01  9.5000E+00     0.0000E+00     0.00    8.7553E+01    42.14    6.7853E+01   172.90
    1.0000E+00 -4.0000E-01  9.5000E+00     2.0848E+01   172.45    6.4871E+01  -166.77    1.0424E+01    -7.55
    0.0000E+00 -3.0000E-01  9.5000E+00     0.0000E+00     0.00    1.1109E+02    52.94    6.7089E+01  -173.21
    1.0000E+00 -3.0000E-01  9.5000E+00     1.6982E+01  -178.08    7.0331E+01  -157.64    8.4909E+00     1.92
    0.0000E+00 -2.0000E-01  9.5000E+00     0.0000E+00     0.00    1.3501E+02    60.18    5.5728E+01  -163.47
    1.0000E+00 -2.0000E-01  9.5000E+00     1.2040E+01  -171.22    7.4702E+01  -151.04    6.0198E+00     8.78
    0.0000E+00 -1.0000E-01  9.5000E+00     0.0000E+00     0.00    1.5344E+02    64.26    3.2091E+01  -157.77
    1.0000E+00 -1.0000E-01  9.5000E+00     6.2529E+00  -167.08    7.7538E+01  -147.04    3.1264E+00    12.92
    0.0000E+00  0.0000E+00  9.5000E+00     0.0000E+00     0.00    1.6043E+02    65.57    0.0000E+00     0.00
    1.0000E+00  0.0000E+00  9.5000E+00     0.0000E+00     0.00    7.8522E+01  -145.70    0.0000E+00     0.00
    0.0000E+00  1.0000E-01  9.5000E+00     0.0000E+00     0.00    1.5344E+02    64.26    3.2091E+01    22.23
    1.0000E+00  1.0000E-01  9.5000E+00     6.2529E+00    12.92    7.7538E+01  -147.04    3.1264E+00  -167.08
    0.0000E+00  2.0000E-01  9.5000E+00     0.0000E+00     0.00    1.3501E+02    60.18    5.5728E+01    16.53
    1.0000E+00  2.0000E-01  9.5000E+00     1.2040E+01     8.78    7.4702E+01  -151.04    6.0198E+00  -171.22
    0.0000E+00  3.0000E-01  9.5000E+00     0.0000E+00     0.00    1.1109E+02    52.94    6.7089E+01     6.79
    1.0000E+00  3.0000E-01  9.5000E+00     1.6982E+01     1.92    7.0331E+01  -157.64    8.4909E+00  -178.08
    0.0000E+00  4.0000E-01  9.5000E+00     0.0000E+00     0.00    8.7553E+01    42.14    6.7853E+01    -7.10
    1.0000E+00  4.0000E-01  9.5000E+00     2.0848E+01    -7.55    6.4871E+01  -166.77    1.0424E+01   172.45
    0.0000E+00  5.0000E-01  9.5000E+00     0.0000E+00     0.00    6.7735E+01    27.61    6.2359E+01   -24.94
    1.0000E+00  5.0000E-01  9.5000E+00     2.3566E+01   -19.52    5.8800E+01  -178.30    1.1783E+01   160.48
    0.0000E+00 -5.0000E-01  9.6000E+00     0.0000E+00     0.00    6.8130E+01    64.55    6.9621E+01   177.44
    1.0000E+00 -5.0000E-01  9.6000E+00     2.5823E+01   173.26    5.9807E+01  -164.65    1.0329E+01    -6.74
    0.0000E+00 -4.0000E-01  9.6000E+00     0.0000E+00     0.00    9.0757E+01    79.07    8.2394E+01  -163.57
    1.0000E+00 -4.0000E-01  9.6000E+00     2.2988E+01  -174.46    6.6371E+01  -152.86    9.1951E+00     5.54
    0.0000E+00 -3.0000E-01  9.6000E+00     0.0000E+00     0.00    1.2009E+02    88.64    8.8900E+01  -149.11
    1.0000E+00 -3.0000E-01  9.6000E+00     1.8827E+01  -164.75    7.2328E+01  -143.53    7.5306E+00    15.25
    0.0000E+00 -2.0000E-01  9.6000E+00     0.0000E+00     0.00    1.5267E+02    93.96    7.9517E+01  -139.36
    1.0000E+00 -2.0000E-01  9.6000E+00     1.3404E+01  -157.71    7.7131E+01  -136.77    5.3614E+00    22.29
    0.0000E+00 -1.0000E-01  9.6000E+00     0.0000E+00     0.00    1.7947E+02    96.42    4.7991E+01  -133.90
    1.0000E+00 -1.0000E-01  9.6000E+00     6.9798E+00  -153.45    8.0264E+01  -132.68    2.7919E+00    26.55
    0.0000E+00  0.0000E+00  9.6000E+00     0.0000E+00     0.00    1.8995E+02    97.12    0.0000E+00     0.00
    1.0000E+00  0.0000E+00  9.6000E+00     0.0000E+00     0.00    8.1353E+01  -131.31    0.0000E+00     0.00
    0.0000E+00  1.0000E-01  9.6000E+00     0.0000E+00     0.00    1.7947E+02    96.42    4.7991E+01    46.10
    1.0000E+00  1.0000E-01  9.6000E+00     6.9798E+00    26.55    8.0264E+01  -132.68    2.7919E+00  -153.45
    0.0000E+00  2.0000E-01  9.6000E+00     0.0000E+00     0.00    1.5267E+02    93.96    7.9517E+01    40.64
    1.0000E+00  2.0000E-01  9.6000E+00     1.3404E+01    22.29    7.7131E+01  -136.77    5.3614E+00  -157.71
    0.0000E+00  3.0000E-01  9.6000E+00     0.0000E+00     0.00    1.2009E+02    88.64    8.8900E+01    30.89
    1.0000E+00  3.0000E-01  9.6000E+00     1.8827E+01    15.25    7.2328E+01  -143.53    7.5306E+00  -164.75
    0.0000E+00  4.0000E-01  9.6000E+00     0.0000E+00     0.00    9.0757E+01    79.07    8.2394E+01    16.43
    1.0000E+00  4.0000E-01  9.6000E+00     2.2988E+01     5.54    6.6371E+01  -152.86    9.1951E+00  -174.46
    0.0000E+00  5.0000E-01  9.6000E+00     0.0000E+00     0.00    6.8130E+01    64.55    6.9621E+01    -2.56
    1.0000E+00  5.0000E-01  9.6000E+00     2.5823E+01    -6.74    5.9807E+01  -164.65    1.0329E+01   173.26
    0.0000E+00 -5.0000E-01  9.7000E+00     0.0000E+00     0.00    7.2545E+01   104.03    7.3682E+01  -163.07
    1.0000E+00 -5.0000E-01  9.7000E+00     2.7843E+01  -176.53    6.0609E+01  -153.69    8.3528E+00     3.47
    0.0000E+00 -4.0000E-01  9.7000E+00     0.0000E+00     0.00    9.8354E+01   120.11    9.8529E+01  -142.91
    1.0000E+00 -4.0000E-01  9.7000E+00     2.4921E+01  -164.01    6.7605E+01  -141.69    7.4763E+00    15.99
    0.0000E+00 -3.0000E-01  9.7000E+00     0.0000E+00     0.00    1.3339E+02   128.00    1.2218E+02  -128.18
    1.0000E+00 -3.0000E-01  9.7000E+00     2.0507E+01  -154.08    7.4003E+01  -132.19    6.1520E+00    25.92
    0.0000E+00 -2.0000E-01  9.7000E+00     0.0000E+00     0.00    1.7576E+02   128.88    1.2287E+02  -119.01
    1.0000E+00 -2.0000E-01  9.7000E+00     1.4654E+01  -146.90    7.9194E+01  -125.31    4.3961E+00    33.10
    0.0000E+00 -1.0000E-01  9.7000E+00     0.0000E+00     0.00    2.1382E+02   127.37    7.9210E+01  -114.26
    1.0000E+00 -1.0000E-01  9.7000E+00     7.6487E+00  -142.55    8.2595E+01  -121.14    2.2946E+00    37.45
    0.0000E+00  0.0000E+00  9.7000E+00     0.0000E+00     0.00    2.2939E+02   126.66    0.0000E+00     0.00
    1.0000E+00  0.0000E+00  9.7000E+00     0.0000E+00     0.00    8.3781E+01  -119.75    0.0000E+00     0.00
    0.0000E+00  1.0000E-01  9.7000E+00     0.0000E+00     0.00    2.1382E+02   127.37    7.9210E+01    65.74
    1.0000E+00  1.0000E-01  9.7000E+00     7.6487E+00    37.45    8.2595E+01  -121.14    2.2946E+00  -142.55
    0.0000E+00  2.0000E-01  9.7000E+00     0.0000E+00     0.00    1.7576E+02   128.88    1.2287E+02    60.99
    1.0000E+00  2.0000E-01  9.7000E+00     1.4654E+01    33.10    7.9194E+01  -125.31    4.3961E+00  -146.90
    0.0000E+00  3.0000E-01  9.7000E+00     0.0000E+00     0.00    1.3339E+02   128.00    1.2218E+02    51.82
    1.0000E+00  3.0000E-01  9.7000E+00     2.0507E+01    25.92    7.4003E+01  -132.19    6.1520E+00  -154.08
    0.0000E+00  4.0000E-01  9.7000E+00     0.0000E+00     0.00    9.8354E+01   120.11    9.8529E+01    37.09
    1.0000E+00  4.0000E-01  9.7000E+00     2.4921E+01    15.99    6.7605E+01  -141.69    7.4763E+00  -164.01
    0.0000E+00  5.0000E-01  9.7000E+00     0.0000E+00     0.00    7.2545E+01   104.03    7.3682E+01    16.93
    1.0000E+00  5.0000E-01  9.7000E+00     2.7843E+01     3.47    6.0609E+01  -153.69    8.3528E+00  -176.53
    0.0000E+00 -5.0000E-01  9.8000E+00     0.0000E+00     0.00    8.6559E+01   141.61    6.8705E+01  -147.37
    1.0000E+00 -5.0000E-01  9.8000E+00     2.9454E+01  -169.09    6.1191E+01  -145.66    5.8909E+00    10.91
    0.0000E+00 -4.0000E-01  9.8000E+00     0.0000E+00     0.00    1.2375E+02   163.87    1.1049E+02  -126.02
    1.0000E+00 -4.0000E-01  9.8000E+00     2.6476E+01  -156.37    6.8525E+01  -133.50    5.2952E+00    23.63
    0.0000E+00 -3.0000E-01  9.8000E+00     0.0000E+00     0.00    1.7032E+02   174.07    1.7704E+02  -111.49
    1.0000E+00 -3.0000E-01  9.8000E+00     2.1867E+01  -146.30    7.5272E+01  -123.88    4.3734E+00    33.70
    0.0000E+00 -2.0000E-01  9.8000E+00     0.0000E+00     0.00    2.1493E+02   167.31    2.2010E+02  -103.83
    1.0000E+00 -2.0000E-01  9.8000E+00     1.5671E+01  -139.00    8.0773E+01  -116.91    3.1342E+00    41.00
    0.0000E+00 -1.0000E-01  9.8000E+00     0.0000E+00     0.00    2.5984E+02   156.45    1.5335E+02  -100.05
    1.0000E+00 -1.0000E-01  9.8000E+00     8.1949E+00  -134.58    8.4391E+01  -112.69    1.6390E+00    45.42
    0.0000E+00  0.0000E+00  9.8000E+00     0.0000E+00     0.00    2.8147E+02   152.95    0.0000E+00     0.00
    1.0000E+00  0.0000E+00  9.8000E+00     0.0000E+00     0.00    8.5654E+01  -111.27    0.0000E+00     0.00
    0.0000E+00  1.0000E-01  9.8000E+00     0.0000E+00     0.00    2.5984E+02   156.45    1.5335E+02    79.95
    1.0000E+00  1.0000E-01  9.8000E+00     8.1949E+00    45.42    8.4391E+01  -112.69    1.6390E+00  -134.58
    0.0000E+00  2.0000E-01  9.8000E+00     0.0000E+00     0.00    2.1493E+02   167.31    2.2010E+02    76.17
    1.0000E+00  2.0000E-01  9.8000E+00     1.5671E+01    41.00    8.0773E+01  -116.91    3.1342E+00  -139.00
    0.0000E+00  3.0000E-01  9.8000E+00     0.0000E+00     0.00    1.7032E+02   174.07    1.7704E+02    68.51
    1.0000E+00  3.0000E-01  9.8000E+00     2.1867E+01    33.70    7.5272E+01  -123.88    4.3734E+00  -146.30
    0.0000E+00  4.0000E-01  9.8000E+00     0.0000E+00     0.00    1.2375E+02   163.87    1.1049E+02    53.98
    1.0000E+00  4.0000E-01  9.8000E+00     2.6476E+01    23.63    6.8525E+01  -133.50    5.2952E+00  -156.37
    0.0000E+00  5.0000E-01  9.8000E+00     0.0000E+00     0.00    8.6559E+01   141.61    6.8705E+01    32.63
    1.0000E+00  5.0000E-01  9.8000E+00     2.9454E+01    10.91    6.1191E+01  -145.66    5.8909E+00  -169.09
    0.0000E+00 -5.0000E-01  9.9000E+00     0.0000E+00     0.00    1.0904E+02   168.37    4.5155E+01  -136.80
    1.0000E+00 -5.0000E-01  9.9000E+00     3.0499E+01  -164.57    6.1544E+01  -140.75    3.0499E+00    15.43
    0.0000E+00 -4.0000E-01  9.9000E+00     0.0000E+00     0.00    1.8519E+02  -160.36    9.4040E+01  -114.30
    1.0000E+00 -4.0000E-01  9.9000E+00     2.7489E+01  -151.73    6.9093E+01  -128.50    2.7489E+00    28.27
    0.0000E+00 -3.0000E-01  9.9000E+00     0.0000E+00     0.00    3.3061E+02  -137.90    2.7302E+02  -100.62
    1.0000E+00 -3.0000E-01  9.9000E+00     2.2758E+01  -141.55    7.6065E+01  -118.80    2.2758E+00    38.45
    0.0000E+00 -2.0000E-01  9.9000E+00     0.0000E+00     0.00    3.3233E+02  -148.28    5.7579E+02   -95.70
    1.0000E+00 -2.0000E-01  9.9000E+00     1.6340E+01  -134.18    8.1768E+01  -111.77    1.6340E+00    45.82
    0.0000E+00 -1.0000E-01  9.9000E+00     0.0000E+00     0.00    3.1384E+02  -178.81    4.0079E+02   -91.10
    1.0000E+00 -1.0000E-01  9.9000E+00     8.5547E+00  -129.72    8.5526E+01  -107.52    8.5547E-01    50.28
    0.0000E+00  0.0000E+00  9.9000E+00     0.0000E+00     0.00    3.5593E+02   175.36    0.0000E+00     0.00
    1.0000E+00  0.0000E+00  9.9000E+00     0.0000E+00     0.00    8.6840E+01  -106.10    0.0000E+00     0.00
    0.0000E+00  1.0000E-01  9.9000E+00     0.0000E+00     0.00    3.1384E+02  -178.81    4.0079E+02    88.90
    1.0000E+00  1.0000E-01  9.9000E+00     8.5547E+00    50.28    8.5526E+01  -107.52    8.5547E-01  -129.72
    0.0000E+00  2.0000E-01  9.9000E+00     0.0000E+00     0.00    3.3233E+02  -148.28    5.7579E+02    84.30
    1.0000E+00  2.0000E-01  9.9000E+00     1.6340E+01    45.82    8.1768E+01  -111.77    1.6340E+00  -134.18
    0.0000E+00  3.0000E-01  9.9000E+00     0.0000E+00     0.00    3.3061E+02  -137.90    2.7302E+02    79.38
    1.0000E+00  3.0000E-01  9.9000E+00     2.2758E+01    38.45    7.6065E+01  -118.80    2.2758E+00  -141.55
    0.0000E+00  4.0000E-01  9.9000E+00     0.0000E+00     0.00    1.8519E+02  -160.36    9.4040E+01    65.70
    1.0000E+00  4.0000E-01  9.9000E+00     2.7489E+01    28.27    6.9093E+01  -128.50    2.7489E+00  -151.73
    0.0000E+00  5.0000E-01  9.9000E+00     0.0000E+00     0.00    1.0904E+02   168.37    4.5155E+01    43.20
    1.0000E+00  5.0000E-01  9.9000E+00     3.0499E+01    15.43    6.1544E+01  -140.75    3.0499E+00  -164.57
    0.0000E+00 -5.0000E-01  1.0000E+01     0.0000E+00     0.00    1.2174E+02   177.94    0.0000E+00     0.00
    1.0000E+00 -5.0000E-01  1.0000E+01     3.0860E+01  -163.04    6.1662E+01  -139.10    0.0000E+00     0.00
    0.0000E+00 -4.0000E-01  1.0000E+01     0.0000E+00     0.00    2.3790E+02  -146.25    0.0000E+00     0.00
    1.0000E+00 -4.0000E-01  1.0000E+01     2.7841E+01  -150.17    6.9285E+01  -126.82    0.0000E+00     0.00
    0.0000E+00 -3.0000E-01  1.0000E+01     0.0000E+00     0.00    8.9056E+02  -111.33    0.0000E+00     0.00
    1.0000E+00 -3.0000E-01  1.0000E+01     2.3068E+01  -139.96    7.6335E+01  -117.09    0.0000E+00     0.00
    0.0000E+00 -2.0000E-01  1.0000E+01     0.0000E+00     0.00    1.2926E+05   -94.66    0.0000E+00     0.00
    1.0000E+00 -2.0000E-01  1.0000E+01     1.6573E+01  -132.57    8.2108E+01  -110.05    0.0000E+00     0.00
    0.0000E+00 -1.0000E-01  1.0000E+01     0.0000E+00     0.00    1.2380E+04    94.02    0.0000E+00     0.00
    1.0000E+00 -1.0000E-01  1.0000E+01     8.6805E+00  -128.09    8.5915E+01  -105.78    0.0000E+00     0.00
    0.0000E+00  0.0000E+00  1.0000E+01     0.0000E+00     0.00    2.4043E+03  -148.04    0.0000E+00     0.00
    1.0000E+00  0.0000E+00  1.0000E+01     0.0000E+00     0.00    8.7247E+01  -104.35    0.0000E+00     0.00
    0.0000E+00  1.0000E-01  1.0000E+01     0.0000E+00     0.00    1.2380E+04    94.02    0.0000E+00     0.00
    1.0000E+00  1.0000E-01  1.0000E+01     8.6805E+00    51.91    8.5915E+01  -105.78    0.0000E+00     0.00
    0.0000E+00  2.0000E-01  1.0000E+01     0.0000E+00     0.00    1.2926E+05   -94.66    0.0000E+00     0.00
    1.0000E+00  2.0000E-01  1.0000E+01     1.6573E+01    47.43    8.2108E+01  -110.05    0.0000E+00     0.00
    0.0000E+00  3.0000E-01  1.0000E+01     0.0000E+00     0.00    8.9056E+02  -111.33    0.0000E+00     0.00
    1.0000E+00  3.0000E-01  1.0000E+01     2.3068E+01    40.04    7.6335E+01  -117.09    0.0000E+00     0.00
    0.0000E+00  4.0000E-01  1.0000E+01     0.0000E+00     0.00    2.3790E+02  -146.25    0.0000E+00     0.00
    1.0000E+00  4.0000E-01  1.0000E+01     2.7841E+01    29.83    6.9285E+01  -126.82    0.0000E+00     0.00
    0.0000E+00  5.0000E-01  1.0000E+01     0.0000E+00     0.00    1.2174E+02   177.94    0.0000E+00     0.00
    1.0000E+00  5.0000E-01  1.0000E+01     3.0860E+01    16.96    6.1662E+01  -139.10    0.0000E+00     0.00
    0.0000E+00 -5.0000E-01  1.0100E+01     0.0000E+00     0.00    1.0904E+02   168.37    4.5155E+01    43.20
    1.0000E+00 -5.0000E-01  1.0100E+01     3.0499E+01  -164.57    6.1544E+01  -140.75    3.0499E+00  -164.57
    0.0000E+00 -4.0000E-01  1.0100E+01     0.0000E+00     0.00    1.8519E+02  -160.36    9.4040E+01    65.70
    1.0000E+00 -4.0000E-01  1.0100E+01     2.7489E+01  -151.73    6.9093E+01  -128.50    2.7489E+00  -151.73
    0.0000E+00 -3.0000E-01  1.0100E+01     0.0000E+00     0.00    3.3061E+02  -137.90    2.7302E+02    79.38
    1.0000E+00 -3.0000E-01  1.0100E+01     2.2758E+01  -141.55    7.6065E+01  -118.80    2.2758E+00  -141.55
    0.0000E+00 -2.0000E-01  1.0100E+01     0.0000E+00     0.00    3.3233E+02  -148.28    5.7579E+02    84.30
    1.0000E+00 -2.0000E-01  1.0100E+01     1.6340E+01  -134.18    8.1768E+01  -111.77    1.6340E+00  -134.18
    0.0000E+00 -1.0000E-01  1.0100E+01     0.0000E+00     0.00    3.1384E+02  -178.81    4.0079E+02    88.90
    1.0000E+00 -1.0000E-01  1.0100E+01     8.5547E+00  -129.72    8.5526E+01  -107.52    8.5547E-01  -129.72
    0.0000E+00  0.0000E+00  1.0100E+01     0.0000E+00     0.00    3.5593E+02   175.36    0.0000E+00     0.00
    1.0000E+00  0.0000E+00  1.0100E+01     0.0000E+00     0.00    8.6840E+01  -106.10    0.0000E+00     0.00
    0.0000E+00  1.0000E-01  1.0100E+01     0.0000E+00     0.00    3.1384E+02  -178.81    4.0079E+02   -91.10
    1.0000E+00  1.0000E-01  1.0100E+01     8.5547E+00    50.28    8.5526E+01  -107.52    8.5547E-01    50.28
    0.0000E+00  2.0000E-01  1.0100E+01     0.0000E+00     0.00    3.3233E+02  -148.28    5.7579E+02   -95.70
    1.0000E+00  2.0000E-01  1.0100E+01     1.6340E+01    45.82    8.1768E+01  -111.77    1.6340E+00    45.82
    0.0000E+00  3.0000E-01  1.0100E+01     0.0000E+00     0.00    3.3061E+02  -137.90    2.7302E+02  -100.62
    1.0000E+00  3.0000E-01  1.0100E+01     2.2758E+01    38.45    7.6065E+01  -118.80    2.2758E+00    38.45
    0.0000E+00  4.0000E-01  1.0100E+01     0.0000E+00     0.00    1.8519E+02  -160.36    9.4040E+01  -114.30
    1.0000E+00  4.0000E-01  1.0100E+01     2.7489E+01    28.27    6.9093E+01  -128.50    2.7489E+00    28.27
    0.0000E+00  5.0000E-01  1.0100E+01     0.0000E+00     0.00    1.0904E+02   168.37    4.5155E+01  -136.80
    1.0000E+00  5.0000E-01  1.0100E+01     3.0499E+01    15.43    6.1544E+01  -140.75    3.0499E+00    15.43
    0.0000E+00 -5.0000E-01  1.0200E+01     0.0000E+00     0.00    8.6559E+01   141.61    6.8705E+01    32.63
    1.0000E+00 -5.0000E-01  1.0200E+01     2.9454E+01  -169.09    6.1191E+01  -145.66    5.8909E+00  -169.09
    0.0000E+00 -4.0000E-01  1.0200E+01     0.0000E+00     0.00    1.2375E+02   163.87    1.1049E+02    53.98
    1.0000E+00 -4.0000E-01  1.0200E+01     2.6476E+01  -156.37    6.8525E+01  -133.50    5.2952E+00  -156.37
    0.0000E+00 -3.0000E-01  1.0200E+01     0.0000E+00     0.00    1.7032E+02   174.07    1.7704E+02    68.51
    1.0000E+00 -3.0000E-01  1.0200E+01     2.1867E+01  -146.30    7.5272E+01  -123.88    4.3734E+00  -146.30
    0.0000E+00 -2.0000E-01  1.0200E+01     0.0000E+00     0.00    2.1493E+02   167.31    2.2010E+02    76.17
    1.0000E+00 -2.0000E-01  1.0200E+01     1.5671E+01  -139.00    8.0773E+01  -116.91    3.1342E+00  -139.00
    0.0000E+00 -1.0000E-01  1.0200E+01     0.0000E+00     0.00    2.5984E+02   156.45    1.5335E+02    79.95
    1.0000E+00 -1.0000E-01  1.0200E+01     8.1949E+00  -134.58    8.4391E+01  -112.69    1.6390E+00  -134.58
    0.0000E+00  0.0000E+00  1.0200E+01     0.0000E+00     0.00    2.8147E+02   152.95    0.0000E+00     0.00
    1.0000E+00  0.0000E+00  1.0200E+01     0.0000E+00     0.00    8.5654E+01  -111.27    0.0000E+00     0.00
    0.0000E+00  1.0000E-01  1.0200E+01     0.0000E+00     0.00    2.5984E+02   156.45    1.5335E+02  -100.05
    1.0000E+00  1.0000E-01  1.0200E+01     8.1949E+00    45.42    8.4391E+01  -112.69    1.6390E+00    45.42
    0.0000E+00  2.0000E-01  1.0200E+01     0.0000E+00     0.00    2.1493E+02   167.31    2.2010E+02  -103.83
    1.0000E+00  2.0000E-01  1.0200E+01     1.5671E+01    41.00    8.0773E+01  -116.91    3.1342E+00    41.00
    0.0000E+00  3.0000E-01  1.0200E+01     0.0000E+00     0.00    1.7032E+02   174.07    1.7704E+02  -111.49
    1.0000E+00  3.0000E-01  1.0200E+01     2.1867E+01    33.70    7.5272E+01  -123.88    4.3734E+00    33.70
    0.0000E+00  4.0000E-01  1.0200E+01     0.0000E+00     0.00    1.2375E+02   163.87    1.1049E+02  -126.02
    1.0000E+00  4.0000E-01  1.0200E+01     2.6476E+01    23.63    6.8525E+01  -133.50    5.2952E+00    23.63
    0.0000E+00  5.0000E-01  1.0200E+01     0.0000E+00     0.00    8.6559E+01   141.61    6.8705E+01  -147.37
    1.0000E+00  5.0000E-01  1.0200E+01     2.9454E+01    10.91    6.1191E+01  -145.66    5.8909E+00    10.91
    0.0000E+00 -5.0000E-01  1.0300E+01     0.0000E+00     0.00    7.2545E+01   104.03    7.3682E+01    16.93
    1.0000E+00 -5.0000E-01  1.0300E+01     2.7843E+01  -176.53    6.0609E+01  -153.69    8.3528E+00  -176.53
    0.0000E+00 -4.0000E-01  1.0300E+01     0.0000E+00     0.00    9.8354E+01   120.11    9.8529E+01    37.09
    1.0000E+00 -4.0000E-01  1.0300E+01     2.4921E+01  -164.01    6.7605E+01  -141.69    7.4763E+00  -164.01
    0.0000E+00 -3.0000E-01  1.0300E+01     0.0000E+00     0.00    1.3339E+02   128.00    1.2218E+02    51.82
    1.0000E+00 -3.0000E-01  1.0300E+01     2.0507E+01  -154.08    7.4003E+01  -132.19    6.1520E+00  -154.08
    0.0000E+00 -2.0000E-01  1.0300E+01     0.0000E+00     0.00    1.7576E+02   128.88    1.2287E+02    60.99
    1.0000E+00 -2.0000E-01  1.0300E+01     1.4654E+01  -146.90    7.9194E+01  -125.31    4.3961E+00  -146.90
    0.0000E+00 -1.0000E-01  1.0300E+01     0.0000E+00     0.00    2.1382E+02   127.37    7.9210E+01    65.74
    1.0000E+00 -1.0000E-01  1.0300E+01     7.6487E+00  -142.55    8.2595E+01  -121.14    2.2946E+00  -142.55
    0.0000E+00  0.0000E+00  1.0300E+01     0.0000E+00     0.00    2.2939E+02   126.66    0.0000E+00     0.00
    1.0000E+00  0.0000E+00  1.0300E+01     0.0000E+00     0.00    8.3781E+01  -119.75    0.0000E+00     0.00
    0.0000E+00  1.0000E-01  1.0300E+01     0.0000E+00     0.00    2.1382E+02   127.37    7.9210E+01  -114.26
    1.0000E+00  1.0000E-01  1.0300E+01     7.6487E+00    37.45    8.2595E+01  -121.14    2.2946E+00    37.45
    0.0000E+00  2.0000E-01  1.0300E+01     0.0000E+00     0.00    1.7576E+02   128.88    1.2287E+02  -119.01
    1.0000E+00  2.0000E-01  1.0300E+01     1.4654E+01    33.10    7.9194E+01  -125.31    4.3961E+00    33.10
    0.0000E+00  3.0000E-01  1.0300E+01     0.0000E+00     0.00    1.3339E+02   128.00    1.2218E+02  -128.18
    1.0000E+00  3.0000E-01  1.0300E+01     2.0507E+01    25.92    7.4003E+01  -132.19    6.1520E+00    25.92
    0.0000E+00  4.0000E-01  1.0300E+01     0.0000E+00     0.00    9.8354E+01   120.11    9.8529E+01  -142.91
    1.0000E+00  4.0000E-01  1.0300E+01     2.4921E+01    15.99    6.7605E+01  -141.69    7.4763E+00    15.99
    0.0000E+00  5.0000E-01  1.0300E+01     0.0000E+00     0.00    7.2545E+01   104.03    7.3682E+01  -163.07
    1.0000E+00  5.0000E-01  1.0300E+01     2.7843E+01     3.47    6.0609E+01  -153.69    8.3528E+00     3.47
    0.0000E+00 -5.0000E-01  1.0400E+01     0.0000E+00     0.00    6.8130E+01    64.55    6.9621E+01    -2.56
    1.0000E+00 -5.0000E-01  1.0400E+01     2.5823E+01   173.26    5.9807E+01  -164.65    1.0329E+01   173.26
    0.0000E+00 -4.0000E-01  1.0400E+01     0.0000E+00     0.00    9.0757E+01    79.07    8.2394E+01    16.43
    1.0000E+00 -4.0000E-01  1.0400E+01     2.2988E+01  -174.46    6.6371E+01  -152.86    9.1951E+00  -174.46
    0.0000E+00 -3.0000E-01  1.0400E+01     0.0000E+00     0.00    1.2009E+02    88.64    8.8900E+01    30.89
    1.0000E+00 -3.0000E-01  1.0400E+01     1.8827E+01  -164.75    7.2328E+01  -143.53    7.5306E+00  -164.75
    0.0000E+00 -2.0000E-01  1.0400E+01     0.0000E+00     0.00    1.5267E+02    93.96    7.9517E+01    40.64
    1.0000E+00 -2.0000E-01  1.0400E+01     1.3404E+01  -157.71    7.7131E+01  -136.77    5.3614E+00  -157.71
    0.0000E+00 -1.0000E-01  1.0400E+01     0.0000E+00     0.00    1.7947E+02    96.42    4.7991E+01    46.10
    1.0000E+00 -1.0000E-01  1.0400E+01     6.9798E+00  -153.45    8.0264E+01  -132.68    2.7919E+00  -153.45
    0.0000E+00  0.0000E+00  1.0400E+01     0.0000E+00     0.00    1.8995E+02    97.12    0.0000E+00     0.00
    1.0000E+00  0.0000E+00  1.0400E+01     0.0000E+00     0.00    8.1353E+01  -131.31    0.0000E+00     0.00
    0.0000E+00  1.0000E-01  1.0400E+01     0.0000E+00     0.00    1.7947E+02    96.42    4.7991E+01  -133.90
    1.0000E+00  1.0000E-01  1.0400E+01     6.9798E+00    26.55    8.0264E+01  -132.68    2.7919E+00    26.55
    0.0000E+00  2.0000E-01  1.0400E+01     0.0000E+00     0.00    1.5267E+02    93.96    7.9517E+01  -139.36
    1.0000E+00  2.0000E-01  1.0400E+01     1.3404E+01    22.29    7.7131E+01  -136.77    5.3614E+00    22.29
    0.0000E+00  3.0000E-01  1.0400E+01     0.0000E+00     0.00    1.2009E+02    88.64    8.8900E+01  -149.11
    1.0000E+00  3.0000E-01  1.0400E+01     1.8827E+01    15.25    7.2328E+01  -143.53    7.5306E+00    15.25
    0.0000E+00  4.0000E-01  1.0400E+01     0.0000E+00     0.00    9.0757E+01    79.07    8.2394E+01  -163.57
    1.0000E+00  4.0000E-01  1.0400E+01     2.2988E+01     5.54    6.6371E+01  -152.86    9.1951E+00     5.54
    0.0000E+00  5.0000E-01  1.0400E+01     0.0000E+00     0.00    6.8130E+01    64.55    6.9621E+01   177.44
    1.0000E+00  5.0000E-01  1.0400E+01     2.5823E+01    -6.74    5.9807E+01  -164.65    1.0329E+01    -6.74
    0.0000E+00 -5.0000E-01  1.0500E+01     0.0000E+00     0.00    6.7735E+01    27.61    6.2359E+01   -24.94
    1.0000E+00 -5.0000E-01  1.0500E+01     2.3566E+01   160.48    5.8800E+01  -178.30    1.1783E+01   160.48
    0.0000E+00 -4.0000E-01  1.0500E+01     0.0000E+00     0.00    8.7553E+01    42.14    6.7853E+01    -7.10
    1.0000E+00 -4.0000E-01  1.0500E+01     2.0848E+01   172.45    6.4871E+01  -166.77    1.0424E+01   172.45
    0.0000E+00 -3.0000E-01  1.0500E+01     0.0000E+00     0.00    1.1109E+02    52.94    6.7089E+01     6.79
    1.0000E+00 -3.0000E-01  1.0500E+01     1.6982E+01  -178.08    7.0331E+01  -157.64    8.4909E+00  -178.08
    0.0000E+00 -2.0000E-01  1.0500E+01     0.0000E+00     0.00    1.3501E+02    60.18    5.5728E+01    16.53
    1.0000E+00 -2.0000E-01  1.0500E+01     1.2040E+01  -171.22    7.4702E+01  -151.04    6.0198E+00  -171.22
    0.0000E+00 -1.0000E-01  1.0500E+01     0.0000E+00     0.00    1.5344E+02    64.26    3.2091E+01    22.23
    1.0000E+00 -1.0000E-01  1.0500E+01     6.2529E+00  -167.08    7.7538E+01  -147.04    3.1264E+00  -167.08
    0.0000E+00  0.0000E+00  1.0500E+01     0.0000E+00     0.00    1.6043E+02    65.57    0.0000E+00     0.00
    1.0000E+00  0.0000E+00  1.0500E+01     0.0000E+00     0.00    7.8522E+01  -145.70    0.0000E+00     0.00
    0.0000E+00  1.0000E-01  1.0500E+01     0.0000E+00     0.00    1.5344E+02    64.26    3.2091E+01  -157.77
    1.0000E+00  1.0000E-01  1.0500E+01     6.2529E+00    12.92    7.7538E+01  -147.04    3.1264E+00    12.92
    0.0000E+00  2.0000E-01  1.0500E+01     0.0000E+00     0.00    1.3501E+02    60.18    5.5728E+01  -163.47
    1.0000E+00  2.0000E-01  1.0500E+01     1.2040E+01     8.78    7.4702E+01  -151.04    6.0198E+00     8.78
    0.0000E+00  3.0000E-01  1.0500E+01     0.0000E+00     0.00    1.1109E+02    52.94    6.7089E+01  -173.21
    1.0000E+00  3.0000E-01  1.0500E+01     1.6982E+01     1.92    7.0331E+01  -157.64    8.4909E+00     1.92
    0.0000E+00  4.0000E-01  1.0500E+01     0.0000E+00     0.00    8.7553E+01    42.14    6.7853E+01   172.90
    1.0000E+00  4.0000E-01  1.0500E+01     2.0848E+01    -7.55    6.4871E+01  -166.77    1.0424E+01    -7.55
    0.0000E+00  5.0000E-01  1.0500E+01     0.0000E+00     0.00    6.7735E+01    27.61    6.2359E+01   155.06
    1.0000E+00  5.0000E-01  1.0500E+01     2.3566E+01   -19.52    5.8800E+01  -178.30    1.1783E+01   -19.52




 ***** INPUT LINE  6  EN   0    0    0    0  0.00000E+00  0.00000E+00  0.00000E+00  0.00000E+00  0.00000E+00  0.00000E+00

 RUN TIME =     0.014
