1
 x13



                                ***********************************************
                                *                                             *
                                *  NUMERICAL ELECTROMAGNETICS CODE (NEC-5)    *
                                *                                             *
                                ***********************************************




                      **********************************************************

                          17-10m Log Per - ARRL Ant Book                                               
                                                                                                       
                          EZNEC Pro/2+ v. 7.0.4  2026-08-20 20:26:48                                   
                                                                                                       
                          ! Written by EZNEC/Pro+ v. 7.0 in NEC-5 format.                              
                                                                                                       

                      **********************************************************





                                 - - - STRUCTURE SPECIFICATION - - -

                                     COORDINATES MUST BE INPUT IN
                                     METERS OR BE SCALED TO METERS
                                     BEFORE STRUCTURE INPUT IS ENDED

 Model definition commands:

 GW    1     8  0.00000E+00 -4.15188E+00 -3.04800E-02  0.00000E+00  0.00000E+00 -3.04800E-02  1.58750E-02
 GW    2     8  0.00000E+00  0.00000E+00  3.04800E-02  0.00000E+00  4.15188E+00  3.04800E-02  1.58750E-02
 GW    3     8  9.96442E-01 -3.32130E+00  3.04800E-02  9.96442E-01  0.00000E+00  3.04800E-02  1.27000E-02
 GW    4     8  9.96442E-01  0.00000E+00 -3.04800E-02  9.96442E-01  3.32130E+00 -3.04800E-02  1.27000E-02
 GW    5     8  1.79375E+00 -2.65735E+00 -3.04800E-02  1.79375E+00  0.00000E+00 -3.04800E-02  9.52500E-03
 GW    6     8  1.79375E+00  0.00000E+00  3.04800E-02  1.79375E+00  2.65735E+00  3.04800E-02  9.52500E-03
 GW    7     8  2.43129E+00 -2.12573E+00  3.04800E-02  2.43129E+00  0.00000E+00  3.04800E-02  7.93750E-03
 GW    8     8  2.43129E+00  0.00000E+00 -3.04800E-02  2.43129E+00  2.12573E+00 -3.04800E-02  7.93750E-03
 GW    9     8  2.94157E+00 -1.70053E+00 -3.04800E-02  2.94157E+00  0.00000E+00 -3.04800E-02  6.35000E-03
 GW   10     8  2.94157E+00  0.00000E+00  3.04800E-02  2.94157E+00  1.70053E+00  3.04800E-02  6.35000E-03
 GW   11     3  0.00000E+00  0.00000E+00 -3.04800E-02  9.96442E-01  0.00000E+00 -3.04800E-02  1.02620E-03
 GW   12     3  9.96442E-01  0.00000E+00 -3.04800E-02  1.79375E+00  0.00000E+00 -3.04800E-02  1.02620E-03
 GW   13     3  1.79375E+00  0.00000E+00 -3.04800E-02  2.43129E+00  0.00000E+00 -3.04800E-02  1.02620E-03
 GW   14     3  2.43129E+00  0.00000E+00 -3.04800E-02  2.94157E+00  0.00000E+00 -3.04800E-02  1.02620E-03
 GW   15     3  0.00000E+00  0.00000E+00  3.04800E-02  9.96442E-01  0.00000E+00  3.04800E-02  1.02620E-03
 GW   16     3  9.96442E-01  0.00000E+00  3.04800E-02  1.79375E+00  0.00000E+00  3.04800E-02  1.02620E-03
 GW   17     3  1.79375E+00  0.00000E+00  3.04800E-02  2.43129E+00  0.00000E+00  3.04800E-02  1.02620E-03
 GW   18     3  2.43129E+00  0.00000E+00  3.04800E-02  2.94157E+00  0.00000E+00  3.04800E-02  1.02620E-03
 GW   19     1  3.04800E+00  0.00000E+00 -3.04800E-02  3.04800E+00  0.00000E+00  3.04800E-02  1.02620E-03
 GW   20     1  0.00000E+00  0.00000E+00 -3.04800E-02 -1.52400E-01  0.00000E+00 -3.04800E-02  1.02620E-03
 GW   21     1  0.00000E+00  0.00000E+00  3.04800E-02 -1.52400E-01  0.00000E+00  3.04800E-02  1.02620E-03
 GW   22     1 -1.52400E-01  0.00000E+00 -3.04800E-02 -1.52400E-01  0.00000E+00  3.04800E-02  1.02620E-03
 GW   23     1  2.94157E+00  0.00000E+00 -3.04800E-02  3.04800E+00  0.00000E+00 -3.04800E-02  1.02620E-03
 GW   24     1  2.94157E+00  0.00000E+00  3.04800E-02  3.04800E+00  0.00000E+00  3.04800E-02  1.02620E-03
 GE    0   -1

 Number of nodes :   110
 Number of wire elements :   110
 Number of patch elements:     0
 Number unknowns:   110




 ***** INPUT LINE  1  FR   0    1    0    0  2.10000E+01  0.00000E+00  0.00000E+00  0.00000E+00  0.00000E+00  0.00000E+00
 ***** INPUT LINE  2  GN  -1    0    0    0  0.00000E+00  0.00000E+00  0.00000E+00  0.00000E+00  0.00000E+00  0.00000E+00
 ***** INPUT LINE  3  EX   4   19   -1    0  1.41421E+00  0.00000E+00  0.00000E+00  0.00000E+00  0.00000E+00  0.00000E+00
 ***** INPUT LINE  4  PQ   0    0    0    0  0.00000E+00  0.00000E+00  0.00000E+00  0.00000E+00  0.00000E+00  0.00000E+00
 ***** INPUT LINE  5  XQ   0    0    0    0  0.00000E+00  0.00000E+00  0.00000E+00  0.00000E+00  0.00000E+00  0.00000E+00




                                 - - - - - - FREQUENCY - - - - - -

                                    FREQUENCY= 2.1000E+01 MHZ
                                    WAVELENGTH= 1.4276E+01 METERS



                                  - - - ANTENNA ENVIRONMENT - - -

                                            FREE SPACE



                               - - - STRUCTURE IMPEDANCE LOADING - - -

                                   THIS STRUCTURE IS NOT LOADED
ALLOCATE CM:          12100



                                - - - MATRIX TIMING - - -

                        FILL=    0.000 SEC.,  FACTOR=    0.000 SEC.



                                          - - - ANTENNA INPUT PARAMETERS - - -

   TAG   SEG.    VOLTAGE (VOLTS)         CURRENT (AMPS)         IMPEDANCE (OHMS)        ADMITTANCE (MHOS)      POWER
   NO.   NO.    REAL        IMAG.       REAL        IMAG.       REAL        IMAG.       REAL        IMAG.     (WATTS)
  19   105 2  1.8329E+02 -6.8605E+01  1.4142E+00  0.0000E+00  1.2961E+02 -4.8511E+01  6.7676E-03  2.5331E-03  1.2961E+02



                                       - - - Wire Currents - - -

                             Lengths normalized by wavelength (or 2.*pi/CABS(k))

  Elem.  Tag            Coord. of seg. center          Seg.            - - - Current (Amps) - - -
   No.   No.     X            Y            Z           Length       Real         Imag.        Mag.         Phase
      1    1  0.00000E+00 -2.72649E-01 -2.13502E-03  3.63532E-02 -5.51962E-02  5.63407E-02  7.88727E-02  134.4121
      2    1  0.00000E+00 -2.36296E-01 -2.13502E-03  3.63532E-02 -1.68359E-01  1.56560E-01  2.29904E-01  137.0796
      3    1  0.00000E+00 -1.99943E-01 -2.13502E-03  3.63532E-02 -2.88638E-01  2.35776E-01  3.72696E-01  140.7560
      4    1  0.00000E+00 -1.63589E-01 -2.13502E-03  3.63532E-02 -4.12329E-01  2.99024E-01  5.09343E-01  144.0500
      5    1  0.00000E+00 -1.27236E-01 -2.13502E-03  3.63532E-02 -5.28555E-01  3.48018E-01  6.32840E-01  146.6378
      6    1  0.00000E+00 -9.08831E-02 -2.13502E-03  3.63532E-02 -6.27194E-01  3.83469E-01  7.35133E-01  148.5582
      7    1  0.00000E+00 -5.45298E-02 -2.13502E-03  3.63532E-02 -7.00498E-01  4.05613E-01  8.09456E-01  149.9276
      8    1  0.00000E+00 -1.81766E-02 -2.13502E-03  3.63532E-02 -7.44201E-01  4.14863E-01  8.52025E-01  150.8620
      9    2  0.00000E+00  1.81766E-02  2.13502E-03  3.63532E-02 -7.44608E-01  4.13841E-01  8.51884E-01  150.9354
     10    2  0.00000E+00  5.45298E-02  2.13502E-03  3.63532E-02 -7.00896E-01  4.04616E-01  8.09302E-01  150.0028
     11    2  0.00000E+00  9.08831E-02  2.13502E-03  3.63532E-02 -6.27563E-01  3.82548E-01  7.34968E-01  148.6345
     12    2  0.00000E+00  1.27236E-01  2.13502E-03  3.63532E-02 -5.28875E-01  3.47222E-01  6.32671E-01  146.7140
     13    2  0.00000E+00  1.63589E-01  2.13502E-03  3.63532E-02 -4.12585E-01  2.98391E-01  5.09179E-01  144.1246
     14    2  0.00000E+00  1.99943E-01  2.13502E-03  3.63532E-02 -2.88819E-01  2.35330E-01  3.72555E-01  140.8268
     15    2  0.00000E+00  2.36296E-01  2.13502E-03  3.63532E-02 -1.68465E-01  1.56301E-01  2.29805E-01  137.1450
     16    2  0.00000E+00  2.72649E-01  2.13502E-03  3.63532E-02 -5.52312E-02  5.62563E-02  7.88369E-02  134.4732
     17    3  6.97975E-02 -2.18106E-01  2.13502E-03  2.90808E-02  1.64103E-01  1.13279E-01  1.99404E-01   34.6171
     18    3  6.97975E-02 -1.89025E-01  2.13502E-03  2.90808E-02  4.55941E-01  3.24580E-01  5.59673E-01   35.4467
     19    3  6.97975E-02 -1.59944E-01  2.13502E-03  2.90808E-02  6.88615E-01  5.13692E-01  8.59110E-01   36.7222
     20    3  6.97975E-02 -1.30864E-01  2.13502E-03  2.90808E-02  8.77718E-01  6.87504E-01  1.11492E+00   38.0711
     21    3  6.97975E-02 -1.01783E-01  2.13502E-03  2.90808E-02  1.02581E+00  8.42308E-01  1.32731E+00   39.3900
     22    3  6.97975E-02 -7.27020E-02  2.13502E-03  2.90808E-02  1.13314E+00  9.73793E-01  1.49408E+00   40.6750
     23    3  6.97975E-02 -4.36212E-02  2.13502E-03  2.90808E-02  1.19917E+00  1.07871E+00  1.61296E+00   41.9727
     24    3  6.97975E-02 -1.45404E-02  2.13502E-03  2.90808E-02  1.22298E+00  1.15907E+00  1.68496E+00   43.4631
     25    4  6.97975E-02  1.45404E-02 -2.13502E-03  2.90808E-02  1.22535E+00  1.16542E+00  1.69106E+00   43.5639
     26    4  6.97975E-02  4.36212E-02 -2.13502E-03  2.90808E-02  1.20142E+00  1.08471E+00  1.61865E+00   42.0774
     27    4  6.97975E-02  7.27020E-02 -2.13502E-03  2.90808E-02  1.13518E+00  9.79243E-01  1.49918E+00   40.7821
     28    4  6.97975E-02  1.01783E-01 -2.13502E-03  2.90808E-02  1.02758E+00  8.47027E-01  1.33168E+00   39.4986
     29    4  6.97975E-02  1.30864E-01 -2.13502E-03  2.90808E-02  8.79158E-01  6.91347E-01  1.11843E+00   38.1806
     30    4  6.97975E-02  1.59944E-01 -2.13502E-03  2.90808E-02  6.89684E-01  5.16545E-01  8.61675E-01   36.8317
     31    4  6.97975E-02  1.89025E-01 -2.13502E-03  2.90808E-02  4.56611E-01  3.26368E-01  5.61257E-01   35.5557
     32    4  6.97975E-02  2.18106E-01 -2.13502E-03  2.90808E-02  1.64335E-01  1.13900E-01  1.99948E-01   34.7255
     33    5  1.25646E-01 -1.74505E-01 -2.13502E-03  2.32673E-02  1.57166E-01 -3.05808E-02  1.60113E-01  -11.0108
     34    5  1.25646E-01 -1.51237E-01 -2.13502E-03  2.32673E-02  4.46183E-01 -8.46728E-02  4.54146E-01  -10.7453
     35    5  1.25646E-01 -1.27970E-01 -2.13502E-03  2.32673E-02  6.98496E-01 -1.26988E-01  7.09946E-01  -10.3039
     36    5  1.25646E-01 -1.04703E-01 -2.13502E-03  2.32673E-02  9.28084E-01 -1.60522E-01  9.41864E-01   -9.8128
     37    5  1.25646E-01 -8.14356E-02 -2.13502E-03  2.32673E-02  1.13374E+00 -1.86216E-01  1.14893E+00   -9.3275
     38    5  1.25646E-01 -5.81683E-02 -2.13502E-03  2.32673E-02  1.31295E+00 -2.04381E-01  1.32876E+00   -8.8479
     39    5  1.25646E-01 -3.49010E-02 -2.13502E-03  2.32673E-02  1.46398E+00 -2.14930E-01  1.47967E+00   -8.3521
     40    5  1.25646E-01 -1.16337E-02 -2.13502E-03  2.32673E-02  1.59272E+00 -2.17480E-01  1.60750E+00   -7.7754
     41    6  1.25646E-01  1.16337E-02  2.13502E-03  2.32673E-02  1.59072E+00 -2.22859E-01  1.60626E+00   -7.9752
     42    6  1.25646E-01  3.49010E-02  2.13502E-03  2.32673E-02  1.46212E+00 -2.19916E-01  1.47856E+00   -8.5537
     43    6  1.25646E-01  5.81683E-02  2.13502E-03  2.32673E-02  1.31128E+00 -2.08855E-01  1.32781E+00   -9.0498
     44    6  1.25646E-01  8.14356E-02  2.13502E-03  2.32673E-02  1.13230E+00 -1.90082E-01  1.14814E+00   -9.5296
     45    6  1.25646E-01  1.04703E-01  2.13502E-03  2.32673E-02  9.26902E-01 -1.63694E-01  9.41245E-01  -10.0154
     46    6  1.25646E-01  1.27970E-01  2.13502E-03  2.32673E-02  6.97603E-01 -1.29384E-01  7.09500E-01  -10.5072
     47    6  1.25646E-01  1.51237E-01  2.13502E-03  2.32673E-02  4.45611E-01 -8.62073E-02  4.53873E-01  -10.9491
     48    6  1.25646E-01  1.74505E-01  2.13502E-03  2.32673E-02  1.56964E-01 -3.11215E-02  1.60020E-01  -11.2147
     49    7  1.70304E-01 -1.39594E-01  2.13502E-03  1.86125E-02 -4.46359E-02 -4.95956E-02  6.67240E-02 -131.9871
     50    7  1.70304E-01 -1.20981E-01  2.13502E-03  1.86125E-02 -1.31252E-01 -1.41080E-01  1.92693E-01 -132.9332
     51    7  1.70304E-01 -1.02369E-01  2.13502E-03  1.86125E-02 -2.15206E-01 -2.21760E-01  3.09016E-01 -134.1406
     52    7  1.70304E-01 -8.37563E-02  2.13502E-03  1.86125E-02 -2.98435E-01 -2.96370E-01  4.20593E-01 -135.1990
     53    7  1.70304E-01 -6.51438E-02  2.13502E-03  1.86125E-02 -3.79361E-01 -3.64706E-01  5.26237E-01 -136.1283
     54    7  1.70304E-01 -4.65313E-02  2.13502E-03  1.86125E-02 -4.56409E-01 -4.26095E-01  6.24393E-01 -136.9673
     55    7  1.70304E-01 -2.79188E-02  2.13502E-03  1.86125E-02 -5.28614E-01 -4.80070E-01  7.14073E-01 -137.7553
     56    7  1.70304E-01 -9.30626E-03  2.13502E-03  1.86125E-02 -5.99729E-01 -5.29026E-01  7.99715E-01 -138.5842
     57    8  1.70304E-01  9.30626E-03 -2.13502E-03  1.86125E-02 -6.00805E-01 -5.31923E-01  8.02439E-01 -138.4799
     58    8  1.70304E-01  2.79188E-02 -2.13502E-03  1.86125E-02 -5.29578E-01 -4.82634E-01  7.16511E-01 -137.6554
     59    8  1.70304E-01  4.65313E-02 -2.13502E-03  1.86125E-02 -4.57235E-01 -4.28294E-01  6.26498E-01 -136.8719
     60    8  1.70304E-01  6.51438E-02 -2.13502E-03  1.86125E-02 -3.80051E-01 -3.66545E-01  5.28010E-01 -136.0364
     61    8  1.70304E-01  8.37563E-02 -2.13502E-03  1.86125E-02 -2.98989E-01 -2.97845E-01  4.22026E-01 -135.1098
     62    8  1.70304E-01  1.02369E-01 -2.13502E-03  1.86125E-02 -2.15619E-01 -2.22860E-01  3.10094E-01 -134.0538
     63    8  1.70304E-01  1.20981E-01 -2.13502E-03  1.86125E-02 -1.31515E-01 -1.41782E-01  1.93386E-01 -132.8487
     64    8  1.70304E-01  1.39594E-01 -2.13502E-03  1.86125E-02 -4.47289E-02 -4.98432E-02  6.69703E-02 -131.9045
     65    9  2.06048E-01 -1.11672E-01 -2.13502E-03  1.48896E-02  2.15438E-02  1.73085E-02  2.76355E-02   38.7788
     66    9  2.06048E-01 -9.67822E-02 -2.13502E-03  1.48896E-02  6.13183E-02  5.09140E-02  7.97004E-02   39.7036
     67    9  2.06048E-01 -8.18926E-02 -2.13502E-03  1.48896E-02  9.64961E-02  8.37367E-02  1.27763E-01   40.9506
     68    9  2.06048E-01 -6.70030E-02 -2.13502E-03  1.48896E-02  1.29341E-01  1.17056E-01  1.74446E-01   42.1457
     69    9  2.06048E-01 -5.21135E-02 -2.13502E-03  1.48896E-02  1.60130E-01  1.50885E-01  2.20018E-01   43.2973
     70    9  2.06048E-01 -3.72239E-02 -2.13502E-03  1.48896E-02  1.88896E-01  1.85235E-01  2.64563E-01   44.4395
     71    9  2.06048E-01 -2.23343E-02 -2.13502E-03  1.48896E-02  2.15725E-01  2.20537E-01  3.08503E-01   45.6321
     72    9  2.06048E-01 -7.44478E-03 -2.13502E-03  1.48896E-02  2.42255E-01  2.60274E-01  3.55570E-01   47.0536
     73   10  2.06048E-01  7.44478E-03  2.13502E-03  1.48896E-02  2.41224E-01  2.57534E-01  3.52864E-01   46.8729
     74   10  2.06048E-01  2.23343E-02  2.13502E-03  1.48896E-02  2.15178E-01  2.19107E-01  3.07098E-01   45.5183
     75   10  2.06048E-01  3.72239E-02  2.13502E-03  1.48896E-02  1.88530E-01  1.84281E-01  2.63635E-01   44.3470
     76   10  2.06048E-01  5.21135E-02  2.13502E-03  1.48896E-02  1.59867E-01  1.50198E-01  2.19356E-01   43.2140
     77   10  2.06048E-01  6.70030E-02  2.13502E-03  1.48896E-02  1.29150E-01  1.16559E-01  1.73970E-01   42.0665
     78   10  2.06048E-01  8.18926E-02  2.13502E-03  1.48896E-02  9.63628E-02  8.33905E-02  1.27435E-01   40.8723
     79   10  2.06048E-01  9.67822E-02  2.13502E-03  1.48896E-02  6.12370E-02  5.07032E-02  7.95033E-02   39.6242
     80   10  2.06048E-01  1.11672E-01  2.13502E-03  1.48896E-02  2.15158E-02  1.72359E-02  2.75681E-02   38.6975
     81   11  1.16329E-02 -2.33302E-17 -2.13502E-03  2.32658E-02 -2.58215E-01  5.27261E-01  5.87094E-01  116.0923
     82   11  3.48987E-02  0.00000E+00 -2.13502E-03  2.32658E-02 -2.58385E-01  5.14737E-01  5.75949E-01  116.6555
     83   11  5.81646E-02  0.00000E+00 -2.13502E-03  2.32658E-02 -2.53127E-01  4.91501E-01  5.52853E-01  117.2488
     84   12  7.91056E-02  0.00000E+00 -2.13502E-03  1.86162E-02 -1.46643E+00 -7.33967E-01  1.63985E+00 -153.4114
     85   12  9.77218E-02  0.00000E+00 -2.13502E-03  1.86162E-02 -1.43802E+00 -7.50900E-01  1.62227E+00 -152.4276
     86   12  1.16338E-01 -1.55535E-17 -2.13502E-03  1.86162E-02 -1.39059E+00 -7.57884E-01  1.58371E+00 -151.4092
     87   13  1.33089E-01 -1.55535E-17 -2.13502E-03  1.48859E-02  3.16344E-01 -9.72065E-01  1.02224E+00  -71.9733
     88   13  1.47975E-01  0.00000E+00 -2.13502E-03  1.48859E-02  3.66442E-01 -9.60990E-01  1.02849E+00  -69.1273
     89   13  1.62861E-01  0.00000E+00 -2.13502E-03  1.48859E-02  4.13485E-01 -9.41849E-01  1.02862E+00  -66.2978
     90   14  1.76261E-01  0.00000E+00 -2.13502E-03  1.19146E-02  1.08864E+00 -3.63186E-01  1.14762E+00  -18.4495
     91   14  1.88176E-01  0.00000E+00 -2.13502E-03  1.19146E-02  1.11718E+00 -3.39372E-01  1.16759E+00  -16.8975
     92   14  2.00090E-01  9.72093E-18 -2.13502E-03  1.19146E-02  1.13984E+00 -3.13570E-01  1.18218E+00  -15.3816
     93   15  1.16329E-02  0.00000E+00  2.13502E-03  2.32658E-02  2.58619E-01 -5.26250E-01  5.86364E-01  -63.8288
     94   15  3.48987E-02  0.00000E+00  2.13502E-03  2.32658E-02  2.58782E-01 -5.13744E-01  5.75240E-01  -63.2648
     95   15  5.81646E-02  1.16651E-17  2.13502E-03  2.32658E-02  2.53513E-01 -4.90534E-01  5.52171E-01  -62.6697
     96   16  7.91056E-02  1.16651E-17  2.13502E-03  1.86162E-02  1.46439E+00  7.28451E-01  1.63557E+00   26.4477
     97   16  9.77218E-02  0.00000E+00  2.13502E-03  1.86162E-02  1.43599E+00  7.45399E-01  1.61793E+00   27.4330
     98   16  1.16338E-01  0.00000E+00  2.13502E-03  1.86162E-02  1.38858E+00  7.52424E-01  1.57933E+00   28.4518
     99   17  1.33089E-01  0.00000E+00  2.13502E-03  1.48859E-02 -3.16288E-01  9.72201E-01  1.02236E+00  108.0214
    100   17  1.47975E-01  0.00000E+00  2.13502E-03  1.48859E-02 -3.66357E-01  9.61199E-01  1.02865E+00  110.8641
    101   17  1.62861E-01  1.16651E-17  2.13502E-03  1.48859E-02 -4.13365E-01  9.42143E-01  1.02884E+00  113.6894
    102   18  1.76261E-01  1.16651E-17  2.13502E-03  1.19146E-02 -1.08736E+00  3.66612E-01  1.14750E+00  161.3681
    103   18  1.88176E-01  0.00000E+00  2.13502E-03  1.19146E-02 -1.11585E+00  3.42930E-01  1.16736E+00  162.9165
    104   18  2.00090E-01  0.00000E+00  2.13502E-03  1.19146E-02 -1.13841E+00  3.17404E-01  1.18183E+00  164.4208
    105   19  2.13502E-01  0.00000E+00  0.00000E+00  4.27005E-03  1.41224E+00 -5.28850E-03  1.41225E+00   -0.2146
    106   20 -5.33756E-03 -2.33302E-17 -2.13502E-03  1.06751E-02 -5.02265E-01 -1.14592E-01  5.15171E-01 -167.1479
    107   21 -5.33756E-03  0.00000E+00  2.13502E-03  1.06751E-02  5.02264E-01  1.14594E-01  5.15170E-01   12.8523
    108   22 -1.06751E-02  0.00000E+00  0.00000E+00  4.27005E-03 -5.02919E-01 -1.14768E-01  5.15848E-01 -167.1450
    109   23  2.09775E-01  9.72093E-18 -2.13502E-03  7.45479E-03  1.40978E+00 -9.15852E-03  1.40981E+00   -0.3722
    110   24  2.09775E-01  0.00000E+00  2.13502E-03  7.45479E-03 -1.40635E+00  1.83256E-02  1.40647E+00  179.2534



                             - - - Wire Charge Densities - - -

                     Lengths normalized by wavelength (or 2.*pi/CABS(k))

  ELEM.  TAG          Coord. of Seg. Center           Seg.        Charge Density (C/m)
   No.   No.     X            Y            Z          Length        Mag.         Phase
      1    1  0.00000E+00 -2.72649E-01 -2.13502E-03  3.63532E-02  2.30357E-09 -135.5879
      2    1  0.00000E+00 -2.36296E-01 -2.13502E-03  3.63532E-02  2.12332E-09 -127.1245
      3    1  0.00000E+00 -1.99943E-01 -2.13502E-03  3.63532E-02  2.09221E-09 -119.5576
      4    1  0.00000E+00 -1.63589E-01 -2.13502E-03  3.63532E-02  1.96926E-09 -114.4528
      5    1  0.00000E+00 -1.27236E-01 -2.13502E-03  3.63532E-02  1.71619E-09 -111.0261
      6    1  0.00000E+00 -9.08831E-02 -2.13502E-03  3.63532E-02  1.34603E-09 -108.1645
      7    1  0.00000E+00 -5.45298E-02 -2.13502E-03  3.63532E-02  8.91390E-10 -104.7625
      8    1  0.00000E+00 -1.81766E-02 -2.13502E-03  3.63532E-02  4.16679E-10  -95.9249
      9    2  0.00000E+00  1.81766E-02  2.13502E-03  3.63532E-02  4.16647E-10   84.0682
     10    2  0.00000E+00  5.45298E-02  2.13502E-03  3.63532E-02  8.91475E-10   75.2895
     11    2  0.00000E+00  9.08831E-02  2.13502E-03  3.63532E-02  1.34612E-09   71.9030
     12    2  0.00000E+00  1.27236E-01  2.13502E-03  3.63532E-02  1.71621E-09   69.0506
     13    2  0.00000E+00  1.63589E-01  2.13502E-03  3.63532E-02  1.96912E-09   65.6295
     14    2  0.00000E+00  1.99943E-01  2.13502E-03  3.63532E-02  2.09179E-09   60.5250
     15    2  0.00000E+00  2.36296E-01  2.13502E-03  3.63532E-02  2.12258E-09   52.9496
     16    2  0.00000E+00  2.72649E-01  2.13502E-03  3.63532E-02  2.30253E-09   44.4732
     17    3  6.97975E-02 -2.18106E-01  2.13502E-03  2.90808E-02  7.28024E-09  124.6171
     18    3  6.97975E-02 -1.89025E-01  2.13502E-03  2.90808E-02  5.87850E-09  127.5018
     19    3  6.97975E-02 -1.59944E-01  2.13502E-03  2.90808E-02  5.07342E-09  130.9594
     20    3  6.97975E-02 -1.30864E-01  2.13502E-03  2.90808E-02  4.30855E-09  134.5045
     21    3  6.97975E-02 -1.01783E-01  2.13502E-03  2.90808E-02  3.51758E-09  138.4317
     22    3  6.97975E-02 -7.27020E-02  2.13502E-03  2.90808E-02  2.68605E-09  143.8460
     23    3  6.97975E-02 -4.36212E-02  2.13502E-03  2.90808E-02  1.85570E-09  153.5590
     24    3  6.97975E-02 -1.45404E-02  2.13502E-03  2.90808E-02  1.27303E-09  178.0747
     25    4  6.97975E-02  1.45404E-02 -2.13502E-03  2.90808E-02  1.27740E-09   -1.9825
     26    4  6.97975E-02  4.36212E-02 -2.13502E-03  2.90808E-02  1.86463E-09  -26.4129
     27    4  6.97975E-02  7.27020E-02 -2.13502E-03  2.90808E-02  2.69822E-09  -36.0819
     28    4  6.97975E-02  1.01783E-01 -2.13502E-03  2.90808E-02  3.53236E-09  -41.4762
     29    4  6.97975E-02  1.30864E-01 -2.13502E-03  2.90808E-02  4.32522E-09  -45.3928
     30    4  6.97975E-02  1.59944E-01 -2.13502E-03  2.90808E-02  5.09116E-09  -48.9323
     31    4  6.97975E-02  1.89025E-01 -2.13502E-03  2.90808E-02  5.89664E-09  -52.3884
     32    4  6.97975E-02  2.18106E-01 -2.13502E-03  2.90808E-02  7.30010E-09  -55.2745
     33    5  1.25646E-01 -1.74505E-01 -2.13502E-03  2.32673E-02  7.30634E-09   78.9892
     34    5  1.25646E-01 -1.51237E-01 -2.13502E-03  2.32673E-02  6.11159E-09   79.8895
     35    5  1.25646E-01 -1.27970E-01 -2.13502E-03  2.32673E-02  5.56352E-09   81.1278
     36    5  1.25646E-01 -1.04703E-01 -2.13502E-03  2.32673E-02  5.02483E-09   82.3124
     37    5  1.25646E-01 -8.14356E-02 -2.13502E-03  2.32673E-02  4.43311E-09   83.5204
     38    5  1.25646E-01 -5.81683E-02 -2.13502E-03  2.32673E-02  3.78739E-09   85.0223
     39    5  1.25646E-01 -3.49010E-02 -2.13502E-03  2.32673E-02  3.12227E-09   87.1954
     40    5  1.25646E-01 -1.16337E-02 -2.13502E-03  2.32673E-02  2.75645E-09   90.7571
     41    6  1.25646E-01  1.16337E-02  2.13502E-03  2.32673E-02  2.75410E-09  -89.3969
     42    6  1.25646E-01  3.49010E-02  2.13502E-03  2.32673E-02  3.11885E-09  -93.0005
     43    6  1.25646E-01  5.81683E-02  2.13502E-03  2.32673E-02  3.78374E-09  -95.1780
     44    6  1.25646E-01  8.14356E-02  2.13502E-03  2.32673E-02  4.42930E-09  -96.6792
     45    6  1.25646E-01  1.04703E-01  2.13502E-03  2.32673E-02  5.02091E-09  -97.8869
     46    6  1.25646E-01  1.27970E-01  2.13502E-03  2.32673E-02  5.55957E-09  -99.0730
     47    6  1.25646E-01  1.51237E-01  2.13502E-03  2.32673E-02  6.10767E-09 -100.3141
     48    6  1.25646E-01  1.74505E-01  2.13502E-03  2.32673E-02  7.30207E-09 -101.2147
     49    7  1.70304E-01 -1.39594E-01  2.13502E-03  1.86125E-02  3.80623E-09  -41.9871
     50    7  1.70304E-01 -1.20981E-01  2.13502E-03  1.86125E-02  3.38297E-09  -45.0623
     51    7  1.70304E-01 -1.02369E-01  2.13502E-03  1.86125E-02  3.26033E-09  -47.2565
     52    7  1.70304E-01 -8.37563E-02  2.13502E-03  1.86125E-02  3.11661E-09  -49.0355
     53    7  1.70304E-01 -6.51438E-02  2.13502E-03  1.86125E-02  2.92611E-09  -50.6579
     54    7  1.70304E-01 -4.65313E-02  2.13502E-03  1.86125E-02  2.69413E-09  -52.3173
     55    7  1.70304E-01 -2.79188E-02  2.13502E-03  1.86125E-02  2.44906E-09  -54.2147
     56    7  1.70304E-01 -9.30626E-03  2.13502E-03  1.86125E-02  2.47714E-09  -56.6848
     57    8  1.70304E-01  9.30626E-03 -2.13502E-03  1.86125E-02  2.48380E-09  123.4509
     58    8  1.70304E-01  2.79188E-02 -2.13502E-03  1.86125E-02  2.45845E-09  125.9284
     59    8  1.70304E-01  4.65313E-02 -2.13502E-03  1.86125E-02  2.70353E-09  127.8052
     60    8  1.70304E-01  6.51438E-02 -2.13502E-03  1.86125E-02  2.93560E-09  129.4491
     61    8  1.70304E-01  8.37563E-02 -2.13502E-03  1.86125E-02  3.12644E-09  131.0620
     62    8  1.70304E-01  1.02369E-01 -2.13502E-03  1.86125E-02  3.27077E-09  132.8355
     63    8  1.70304E-01  1.20981E-01 -2.13502E-03  1.86125E-02  3.39443E-09  135.0258
     64    8  1.70304E-01  1.39594E-01 -2.13502E-03  1.86125E-02  3.82028E-09  138.0955
     65    9  2.06048E-01 -1.11672E-01 -2.13502E-03  1.48896E-02  1.97062E-09  128.7788
     66    9  2.06048E-01 -9.67822E-02 -2.13502E-03  1.48896E-02  1.74369E-09  131.7945
     67    9  2.06048E-01 -8.18926E-02 -2.13502E-03  1.48896E-02  1.68791E-09  134.2787
     68    9  2.06048E-01 -6.70030E-02 -2.13502E-03  1.48896E-02  1.64902E-09  136.5697
     69    9  2.06048E-01 -5.21135E-02 -2.13502E-03  1.48896E-02  1.61334E-09  138.8412
     70    9  2.06048E-01 -3.72239E-02 -2.13502E-03  1.48896E-02  1.58230E-09  141.2966
     71    9  2.06048E-01 -2.23343E-02 -2.13502E-03  1.48896E-02  1.58051E-09  144.2368
     72    9  2.06048E-01 -7.44478E-03 -2.13502E-03  1.48896E-02  1.82837E-09  148.0292
     73   10  2.06048E-01  7.44478E-03  2.13502E-03  1.48896E-02  1.75450E-09  -32.4763
     74   10  2.06048E-01  2.23343E-02  2.13502E-03  1.48896E-02  1.55732E-09  -35.9920
     75   10  2.06048E-01  3.72239E-02  2.13502E-03  1.48896E-02  1.57059E-09  -38.8413
     76   10  2.06048E-01  5.21135E-02  2.13502E-03  1.48896E-02  1.60571E-09  -41.2594
     77   10  2.06048E-01  6.70030E-02  2.13502E-03  1.48896E-02  1.64326E-09  -43.5136
     78   10  2.06048E-01  8.18926E-02  2.13502E-03  1.48896E-02  1.68307E-09  -45.7971
     79   10  2.06048E-01  9.67822E-02  2.13502E-03  1.48896E-02  1.73923E-09  -48.2808
     80   10  2.06048E-01  1.11672E-01  2.13502E-03  1.48896E-02  1.96582E-09  -51.3025
     81   11  1.16329E-02 -2.33302E-17 -2.13502E-03  2.32658E-02  1.72234E-10  -22.3081
     82   11  3.48987E-02  0.00000E+00 -2.13502E-03  2.32658E-02  4.16215E-10    7.9537
     83   11  5.81646E-02  0.00000E+00 -2.13502E-03  2.32658E-02  6.73326E-10   15.7160
     84   12  7.91056E-02  0.00000E+00 -2.13502E-03  1.86162E-02  8.15137E-10   40.4173
     85   12  9.77218E-02  0.00000E+00 -2.13502E-03  1.86162E-02  1.14472E-09   72.4514
     86   12  1.16338E-01 -1.55535E-17 -2.13502E-03  1.86162E-02  1.61473E-09   88.1132
     87   13  1.33089E-01 -1.55535E-17 -2.13502E-03  1.48859E-02  1.83660E-09   97.6609
     88   13  1.47975E-01  0.00000E+00 -2.13502E-03  1.48859E-02  1.83585E-09  107.2727
     89   13  1.62861E-01  0.00000E+00 -2.13502E-03  1.48859E-02  1.80003E-09  117.1064
     90   14  1.76261E-01  0.00000E+00 -2.13502E-03  1.19146E-02  1.70994E-09  125.8572
     91   14  1.88176E-01  0.00000E+00 -2.13502E-03  1.19146E-02  1.61115E-09  134.0640
     92   14  2.00090E-01  9.72093E-18 -2.13502E-03  1.19146E-02  1.46003E-09  143.8381
     93   15  1.16329E-02  0.00000E+00  2.13502E-03  2.32658E-02  1.71943E-10  157.6922
     94   15  3.48987E-02  0.00000E+00  2.13502E-03  2.32658E-02  4.15658E-10 -172.0030
     95   15  5.81646E-02  1.16651E-17  2.13502E-03  2.32658E-02  6.72833E-10 -164.2502
     96   16  7.91056E-02  1.16651E-17  2.13502E-03  1.86162E-02  8.15156E-10 -139.5810
     97   16  9.77218E-02  0.00000E+00  2.13502E-03  1.86162E-02  1.14466E-09 -107.5957
     98   16  1.16338E-01  0.00000E+00  2.13502E-03  1.86162E-02  1.61416E-09  -91.9388
     99   17  1.33089E-01  0.00000E+00  2.13502E-03  1.48859E-02  1.83545E-09  -82.3991
    100   17  1.47975E-01  0.00000E+00  2.13502E-03  1.48859E-02  1.83374E-09  -72.8096
    101   17  1.62861E-01  1.16651E-17  2.13502E-03  1.48859E-02  1.79756E-09  -62.9589
    102   18  1.76261E-01  1.16651E-17  2.13502E-03  1.19146E-02  1.70627E-09  -54.2175
    103   18  1.88176E-01  0.00000E+00  2.13502E-03  1.19146E-02  1.60360E-09  -46.0610
    104   18  2.00090E-01  0.00000E+00  2.13502E-03  1.19146E-02  1.44269E-09  -36.3499
    105   19  2.13502E-01  0.00000E+00  0.00000E+00  4.27005E-03  1.40398E-09  -20.5107
    106   20 -5.33756E-03 -2.33302E-17 -2.13502E-03  1.06751E-02  6.74578E-11  -75.0431
    107   21 -5.33756E-03  0.00000E+00  2.13502E-03  1.06751E-02  6.73588E-11  104.9035
    108   22 -1.06751E-02  0.00000E+00  0.00000E+00  4.27005E-03  2.97426E-13   68.1579
    109   23  2.09775E-01  9.72093E-18 -2.13502E-03  7.45479E-03  1.44945E-09  154.1475
    110   24  2.09775E-01  0.00000E+00  2.13502E-03  7.45479E-03  1.23607E-09  -26.7704



                                        - - - POWER BUDGET - - -

                                           INPUT POWER   = 1.2961E+02 WATTS
                                           RADIATED POWER= 1.2961E+02 WATTS
                                           WIRE LOSS     = 0.0000E+00 WATTS
                                           EFFICIENCY    = 100.00 PERCENT




 ***** INPUT LINE  6  EN   0    0    0    0  0.00000E+00  0.00000E+00  0.00000E+00  0.00000E+00  0.00000E+00  0.00000E+00

 RUN TIME =     0.000
