1



                                 *********************************************

                                    NUMERICAL ELECTROMAGNETICS CODE (NEC-2D)

                                 *********************************************




                                     - - - - COMMENTS - - - -


                          Nec-file for producing NGF file RADIAL8.NGF                                
                          to be used together with NGF_Antenna.nec                                   
                                                                                                     




                                 - - - STRUCTURE SPECIFICATION - - -

                                     COORDINATES MUST BE INPUT IN
                                     METERS OR BE SCALED TO METERS
                                     BEFORE STRUCTURE INPUT IS ENDED


  WIRE                                                                               NO. OF    FIRST  LAST     TAG
  NO.        X1         Y1         Z1          X2         Y2         Z2      RADIUS   SEG.     SEG.   SEG.     NO.
     1    0.00000    0.00000    0.10000    40.00000    0.00000    0.10000    0.00050     80        1    80      10
      STRUCTURE ROTATED ABOUT Z-AXIS  8 TIMES.  LABELS INCREMENTED BY   45

   GROUND PLANE SPECIFIED.

   TOTAL SEGMENTS USED=  640     NO. SEG. IN A SYMMETRIC CELL=   80     SYMMETRY FLAG= -1
 STRUCTURE HAS   8 FOLD ROTATIONAL SYMMETRY



         - MULTIPLE WIRE JUNCTIONS -
 JUNCTION    SEGMENTS  (- FOR END 1, + FOR END 2)
     1        -1  -81 -161 -241 -321 -401 -481 -561




                                 - - - - SEGMENTATION DATA - - - -

                                        COORDINATES IN METERS

                         I+ AND I- INDICATE THE SEGMENTS BEFORE AND AFTER I


  SEG.   COORDINATES OF SEG. CENTER     SEG.     ORIENTATION ANGLES    WIRE    CONNECTION DATA   TAG
  NO.       X         Y         Z       LENGTH     ALPHA     BETA      RADIUS    I-   I    I+    NO.
     1   0.25000   0.00000   0.10000   0.50000    0.00000   0.00000   0.00050   -81    1    2     10
     2   0.75000   0.00000   0.10000   0.50000    0.00000   0.00000   0.00050     1    2    3     10
     3   1.25000   0.00000   0.10000   0.50000    0.00000   0.00000   0.00050     2    3    4     10
     4   1.75000   0.00000   0.10000   0.50000    0.00000   0.00000   0.00050     3    4    5     10
     5   2.25000   0.00000   0.10000   0.50000    0.00000   0.00000   0.00050     4    5    6     10
     6   2.75000   0.00000   0.10000   0.50000    0.00000   0.00000   0.00050     5    6    7     10
     7   3.25000   0.00000   0.10000   0.50000    0.00000   0.00000   0.00050     6    7    8     10
     8   3.75000   0.00000   0.10000   0.50000    0.00000   0.00000   0.00050     7    8    9     10
     9   4.25000   0.00000   0.10000   0.50000    0.00000   0.00000   0.00050     8    9   10     10
    10   4.75000   0.00000   0.10000   0.50000    0.00000   0.00000   0.00050     9   10   11     10
    11   5.25000   0.00000   0.10000   0.50000    0.00000   0.00000   0.00050    10   11   12     10
    12   5.75000   0.00000   0.10000   0.50000    0.00000   0.00000   0.00050    11   12   13     10
    13   6.25000   0.00000   0.10000   0.50000    0.00000   0.00000   0.00050    12   13   14     10
    14   6.75000   0.00000   0.10000   0.50000    0.00000   0.00000   0.00050    13   14   15     10
    15   7.25000   0.00000   0.10000   0.50000    0.00000   0.00000   0.00050    14   15   16     10
    16   7.75000   0.00000   0.10000   0.50000    0.00000   0.00000   0.00050    15   16   17     10
    17   8.25000   0.00000   0.10000   0.50000    0.00000   0.00000   0.00050    16   17   18     10
    18   8.75000   0.00000   0.10000   0.50000    0.00000   0.00000   0.00050    17   18   19     10
    19   9.25000   0.00000   0.10000   0.50000    0.00000   0.00000   0.00050    18   19   20     10
    20   9.75000   0.00000   0.10000   0.50000    0.00000   0.00000   0.00050    19   20   21     10
    21  10.25000   0.00000   0.10000   0.50000    0.00000   0.00000   0.00050    20   21   22     10
    22  10.75000   0.00000   0.10000   0.50000    0.00000   0.00000   0.00050    21   22   23     10
    23  11.25000   0.00000   0.10000   0.50000    0.00000   0.00000   0.00050    22   23   24     10
    24  11.75000   0.00000   0.10000   0.50000    0.00000   0.00000   0.00050    23   24   25     10
    25  12.25000   0.00000   0.10000   0.50000    0.00000   0.00000   0.00050    24   25   26     10
    26  12.75000   0.00000   0.10000   0.50000    0.00000   0.00000   0.00050    25   26   27     10
    27  13.25000   0.00000   0.10000   0.50000    0.00000   0.00000   0.00050    26   27   28     10
    28  13.75000   0.00000   0.10000   0.50000    0.00000   0.00000   0.00050    27   28   29     10
    29  14.25000   0.00000   0.10000   0.50000    0.00000   0.00000   0.00050    28   29   30     10
    30  14.75000   0.00000   0.10000   0.50000    0.00000   0.00000   0.00050    29   30   31     10
    31  15.25000   0.00000   0.10000   0.50000    0.00000   0.00000   0.00050    30   31   32     10
    32  15.75000   0.00000   0.10000   0.50000    0.00000   0.00000   0.00050    31   32   33     10
    33  16.25000   0.00000   0.10000   0.50000    0.00000   0.00000   0.00050    32   33   34     10
    34  16.75000   0.00000   0.10000   0.50000    0.00000   0.00000   0.00050    33   34   35     10
    35  17.25000   0.00000   0.10000   0.50000    0.00000   0.00000   0.00050    34   35   36     10
    36  17.75000   0.00000   0.10000   0.50000    0.00000   0.00000   0.00050    35   36   37     10
    37  18.25000   0.00000   0.10000   0.50000    0.00000   0.00000   0.00050    36   37   38     10
    38  18.75000   0.00000   0.10000   0.50000    0.00000   0.00000   0.00050    37   38   39     10
    39  19.25000   0.00000   0.10000   0.50000    0.00000   0.00000   0.00050    38   39   40     10
    40  19.75000   0.00000   0.10000   0.50000    0.00000   0.00000   0.00050    39   40   41     10
    41  20.25000   0.00000   0.10000   0.50000    0.00000   0.00000   0.00050    40   41   42     10
    42  20.75000   0.00000   0.10000   0.50000    0.00000   0.00000   0.00050    41   42   43     10
    43  21.25000   0.00000   0.10000   0.50000    0.00000   0.00000   0.00050    42   43   44     10
    44  21.75000   0.00000   0.10000   0.50000    0.00000   0.00000   0.00050    43   44   45     10
    45  22.25000   0.00000   0.10000   0.50000    0.00000   0.00000   0.00050    44   45   46     10
    46  22.75000   0.00000   0.10000   0.50000    0.00000   0.00000   0.00050    45   46   47     10
    47  23.25000   0.00000   0.10000   0.50000    0.00000   0.00000   0.00050    46   47   48     10
    48  23.75000   0.00000   0.10000   0.50000    0.00000   0.00000   0.00050    47   48   49     10
    49  24.25000   0.00000   0.10000   0.50000    0.00000   0.00000   0.00050    48   49   50     10
    50  24.75000   0.00000   0.10000   0.50000    0.00000   0.00000   0.00050    49   50   51     10
    51  25.25000   0.00000   0.10000   0.50000    0.00000   0.00000   0.00050    50   51   52     10
    52  25.75000   0.00000   0.10000   0.50000    0.00000   0.00000   0.00050    51   52   53     10
    53  26.25000   0.00000   0.10000   0.50000    0.00000   0.00000   0.00050    52   53   54     10
    54  26.75000   0.00000   0.10000   0.50000    0.00000   0.00000   0.00050    53   54   55     10
    55  27.25000   0.00000   0.10000   0.50000    0.00000   0.00000   0.00050    54   55   56     10
    56  27.75000   0.00000   0.10000   0.50000    0.00000   0.00000   0.00050    55   56   57     10
    57  28.25000   0.00000   0.10000   0.50000    0.00000   0.00000   0.00050    56   57   58     10
    58  28.75000   0.00000   0.10000   0.50000    0.00000   0.00000   0.00050    57   58   59     10
    59  29.25000   0.00000   0.10000   0.50000    0.00000   0.00000   0.00050    58   59   60     10
    60  29.75000   0.00000   0.10000   0.50000    0.00000   0.00000   0.00050    59   60   61     10
    61  30.25000   0.00000   0.10000   0.50000    0.00000   0.00000   0.00050    60   61   62     10
    62  30.75000   0.00000   0.10000   0.50000    0.00000   0.00000   0.00050    61   62   63     10
    63  31.25000   0.00000   0.10000   0.50000    0.00000   0.00000   0.00050    62   63   64     10
    64  31.75000   0.00000   0.10000   0.50000    0.00000   0.00000   0.00050    63   64   65     10
    65  32.25000   0.00000   0.10000   0.50000    0.00000   0.00000   0.00050    64   65   66     10
    66  32.75000   0.00000   0.10000   0.50000    0.00000   0.00000   0.00050    65   66   67     10
    67  33.25000   0.00000   0.10000   0.50000    0.00000   0.00000   0.00050    66   67   68     10
    68  33.75000   0.00000   0.10000   0.50000    0.00000   0.00000   0.00050    67   68   69     10
    69  34.25000   0.00000   0.10000   0.50000    0.00000   0.00000   0.00050    68   69   70     10
    70  34.75000   0.00000   0.10000   0.50000    0.00000   0.00000   0.00050    69   70   71     10
    71  35.25000   0.00000   0.10000   0.50000    0.00000   0.00000   0.00050    70   71   72     10
    72  35.75000   0.00000   0.10000   0.50000    0.00000   0.00000   0.00050    71   72   73     10
    73  36.25000   0.00000   0.10000   0.50000    0.00000   0.00000   0.00050    72   73   74     10
    74  36.75000   0.00000   0.10000   0.50000    0.00000   0.00000   0.00050    73   74   75     10
    75  37.25000   0.00000   0.10000   0.50000    0.00000   0.00000   0.00050    74   75   76     10
    76  37.75000   0.00000   0.10000   0.50000    0.00000   0.00000   0.00050    75   76   77     10
    77  38.25000   0.00000   0.10000   0.50000    0.00000   0.00000   0.00050    76   77   78     10
    78  38.75000   0.00000   0.10000   0.50000    0.00000   0.00000   0.00050    77   78   79     10
    79  39.25000   0.00000   0.10000   0.50000    0.00000   0.00000   0.00050    78   79   80     10
    80  39.75000   0.00000   0.10000   0.50000    0.00000   0.00000   0.00050    79   80    0     10
    81   0.17678   0.17678   0.10000   0.50000    0.00000  45.00000   0.00050  -161   81   82     55
    82   0.53033   0.53033   0.10000   0.50000    0.00000  45.00000   0.00050    81   82   83     55
    83   0.88388   0.88388   0.10000   0.50000    0.00000  45.00000   0.00050    82   83   84     55
    84   1.23744   1.23744   0.10000   0.50000    0.00000  45.00000   0.00050    83   84   85     55
    85   1.59099   1.59099   0.10000   0.50000    0.00000  45.00000   0.00050    84   85   86     55
    86   1.94454   1.94454   0.10000   0.50000    0.00000  45.00000   0.00050    85   86   87     55
    87   2.29810   2.29810   0.10000   0.50000    0.00000  45.00000   0.00050    86   87   88     55
    88   2.65165   2.65165   0.10000   0.50000    0.00000  45.00000   0.00050    87   88   89     55
    89   3.00520   3.00520   0.10000   0.50000    0.00000  45.00000   0.00050    88   89   90     55
    90   3.35876   3.35876   0.10000   0.50000    0.00000  45.00000   0.00050    89   90   91     55
    91   3.71231   3.71231   0.10000   0.50000    0.00000  45.00000   0.00050    90   91   92     55
    92   4.06586   4.06586   0.10000   0.50000    0.00000  45.00000   0.00050    91   92   93     55
    93   4.41942   4.41942   0.10000   0.50000    0.00000  45.00000   0.00050    92   93   94     55
    94   4.77297   4.77297   0.10000   0.50000    0.00000  45.00000   0.00050    93   94   95     55
    95   5.12652   5.12652   0.10000   0.50000    0.00000  45.00000   0.00050    94   95   96     55
    96   5.48008   5.48008   0.10000   0.50000    0.00000  45.00000   0.00050    95   96   97     55
    97   5.83363   5.83363   0.10000   0.50000    0.00000  45.00000   0.00050    96   97   98     55
    98   6.18718   6.18718   0.10000   0.50000    0.00000  45.00000   0.00050    97   98   99     55
    99   6.54074   6.54074   0.10000   0.50000    0.00000  45.00000   0.00050    98   99  100     55
   100   6.89429   6.89429   0.10000   0.50000    0.00000  45.00000   0.00050    99  100  101     55
   101   7.24784   7.24784   0.10000   0.50000    0.00000  45.00000   0.00050   100  101  102     55
   102   7.60140   7.60140   0.10000   0.50000    0.00000  45.00000   0.00050   101  102  103     55
   103   7.95495   7.95495   0.10000   0.50000    0.00000  45.00000   0.00050   102  103  104     55
   104   8.30850   8.30850   0.10000   0.50000    0.00000  45.00000   0.00050   103  104  105     55
   105   8.66206   8.66206   0.10000   0.50000    0.00000  45.00000   0.00050   104  105  106     55
   106   9.01561   9.01561   0.10000   0.50000    0.00000  45.00000   0.00050   105  106  107     55
   107   9.36916   9.36916   0.10000   0.50000    0.00000  45.00000   0.00050   106  107  108     55
   108   9.72272   9.72272   0.10000   0.50000    0.00000  45.00000   0.00050   107  108  109     55
   109  10.07627  10.07627   0.10000   0.50000    0.00000  45.00000   0.00050   108  109  110     55
   110  10.42983  10.42983   0.10000   0.50000    0.00000  45.00000   0.00050   109  110  111     55
   111  10.78338  10.78338   0.10000   0.50000    0.00000  45.00000   0.00050   110  111  112     55
   112  11.13693  11.13693   0.10000   0.50000    0.00000  45.00000   0.00050   111  112  113     55
   113  11.49049  11.49049   0.10000   0.50000    0.00000  45.00000   0.00050   112  113  114     55
   114  11.84404  11.84404   0.10000   0.50000    0.00000  45.00000   0.00050   113  114  115     55
   115  12.19759  12.19759   0.10000   0.50000    0.00000  45.00000   0.00050   114  115  116     55
   116  12.55115  12.55115   0.10000   0.50000    0.00000  45.00000   0.00050   115  116  117     55
   117  12.90470  12.90470   0.10000   0.50000    0.00000  45.00000   0.00050   116  117  118     55
   118  13.25825  13.25825   0.10000   0.50000    0.00000  45.00000   0.00050   117  118  119     55
   119  13.61181  13.61181   0.10000   0.50000    0.00000  45.00000   0.00050   118  119  120     55
   120  13.96536  13.96536   0.10000   0.50000    0.00000  45.00000   0.00050   119  120  121     55
   121  14.31891  14.31891   0.10000   0.50000    0.00000  45.00000   0.00050   120  121  122     55
   122  14.67247  14.67247   0.10000   0.50000    0.00000  45.00000   0.00050   121  122  123     55
   123  15.02602  15.02602   0.10000   0.50000    0.00000  45.00000   0.00050   122  123  124     55
   124  15.37957  15.37957   0.10000   0.50000    0.00000  45.00000   0.00050   123  124  125     55
   125  15.73313  15.73313   0.10000   0.50000    0.00000  45.00000   0.00050   124  125  126     55
   126  16.08668  16.08668   0.10000   0.50000    0.00000  45.00000   0.00050   125  126  127     55
   127  16.44023  16.44023   0.10000   0.50000    0.00000  45.00000   0.00050   126  127  128     55
   128  16.79379  16.79379   0.10000   0.50000    0.00000  45.00000   0.00050   127  128  129     55
   129  17.14734  17.14734   0.10000   0.50000    0.00000  45.00000   0.00050   128  129  130     55
   130  17.50089  17.50089   0.10000   0.50000    0.00000  45.00000   0.00050   129  130  131     55
   131  17.85445  17.85445   0.10000   0.50000    0.00000  45.00000   0.00050   130  131  132     55
   132  18.20800  18.20800   0.10000   0.50000    0.00000  45.00000   0.00050   131  132  133     55
   133  18.56155  18.56155   0.10000   0.50000    0.00000  45.00000   0.00050   132  133  134     55
   134  18.91511  18.91511   0.10000   0.50000    0.00000  45.00000   0.00050   133  134  135     55
   135  19.26866  19.26866   0.10000   0.50000    0.00000  45.00000   0.00050   134  135  136     55
   136  19.62221  19.62221   0.10000   0.50000    0.00000  45.00000   0.00050   135  136  137     55
   137  19.97577  19.97577   0.10000   0.50000    0.00000  45.00000   0.00050   136  137  138     55
   138  20.32932  20.32932   0.10000   0.50000    0.00000  45.00000   0.00050   137  138  139     55
   139  20.68287  20.68287   0.10000   0.50000    0.00000  45.00000   0.00050   138  139  140     55
   140  21.03643  21.03643   0.10000   0.50000    0.00000  45.00000   0.00050   139  140  141     55
   141  21.38998  21.38998   0.10000   0.50000    0.00000  45.00000   0.00050   140  141  142     55
   142  21.74353  21.74353   0.10000   0.50000    0.00000  45.00000   0.00050   141  142  143     55
   143  22.09709  22.09709   0.10000   0.50000    0.00000  45.00000   0.00050   142  143  144     55
   144  22.45064  22.45064   0.10000   0.50000    0.00000  45.00000   0.00050   143  144  145     55
   145  22.80419  22.80419   0.10000   0.50000    0.00000  45.00000   0.00050   144  145  146     55
   146  23.15775  23.15775   0.10000   0.50000    0.00000  45.00000   0.00050   145  146  147     55
   147  23.51130  23.51130   0.10000   0.50000    0.00000  45.00000   0.00050   146  147  148     55
   148  23.86485  23.86485   0.10000   0.50000    0.00000  45.00000   0.00050   147  148  149     55
   149  24.21841  24.21841   0.10000   0.50000    0.00000  45.00000   0.00050   148  149  150     55
   150  24.57196  24.57196   0.10000   0.50000    0.00000  45.00000   0.00050   149  150  151     55
   151  24.92551  24.92551   0.10000   0.50000    0.00000  45.00000   0.00050   150  151  152     55
   152  25.27907  25.27907   0.10000   0.50000    0.00000  45.00000   0.00050   151  152  153     55
   153  25.63262  25.63262   0.10000   0.50000    0.00000  45.00000   0.00050   152  153  154     55
   154  25.98617  25.98617   0.10000   0.50000    0.00000  45.00000   0.00050   153  154  155     55
   155  26.33973  26.33973   0.10000   0.50000    0.00000  45.00000   0.00050   154  155  156     55
   156  26.69328  26.69328   0.10000   0.50000    0.00000  45.00000   0.00050   155  156  157     55
   157  27.04683  27.04683   0.10000   0.50000    0.00000  45.00000   0.00050   156  157  158     55
   158  27.40039  27.40039   0.10000   0.50000    0.00000  45.00000   0.00050   157  158  159     55
   159  27.75394  27.75394   0.10000   0.50000    0.00000  45.00000   0.00050   158  159  160     55
   160  28.10749  28.10749   0.10000   0.50000    0.00000  45.00000   0.00050   159  160    0     55
   161   0.00000   0.25000   0.10000   0.50000    0.00000  90.00000   0.00050  -241  161  162    100
   162   0.00000   0.75000   0.10000   0.50000    0.00000  90.00000   0.00050   161  162  163    100
   163   0.00000   1.25000   0.10000   0.50000    0.00000  90.00000   0.00050   162  163  164    100
   164   0.00000   1.75000   0.10000   0.50000    0.00000  90.00000   0.00050   163  164  165    100
   165   0.00000   2.25000   0.10000   0.50000    0.00000  90.00000   0.00050   164  165  166    100
   166   0.00000   2.75000   0.10000   0.50000    0.00000  90.00000   0.00050   165  166  167    100
   167   0.00000   3.25000   0.10000   0.50000    0.00000  90.00000   0.00050   166  167  168    100
   168   0.00000   3.75000   0.10000   0.50000    0.00000  90.00000   0.00050   167  168  169    100
   169   0.00000   4.25000   0.10000   0.50000    0.00000  90.00000   0.00050   168  169  170    100
   170   0.00000   4.75000   0.10000   0.50000    0.00000  90.00000   0.00050   169  170  171    100
   171   0.00000   5.25000   0.10000   0.50000    0.00000  90.00000   0.00050   170  171  172    100
   172   0.00000   5.75000   0.10000   0.50000    0.00000  90.00000   0.00050   171  172  173    100
   173   0.00000   6.25000   0.10000   0.50000    0.00000  90.00000   0.00050   172  173  174    100
   174   0.00000   6.75000   0.10000   0.50000    0.00000  90.00000   0.00050   173  174  175    100
   175   0.00000   7.25000   0.10000   0.50000    0.00000  90.00000   0.00050   174  175  176    100
   176   0.00000   7.75000   0.10000   0.50000    0.00000  90.00000   0.00050   175  176  177    100
   177   0.00000   8.25000   0.10000   0.50000    0.00000  90.00000   0.00050   176  177  178    100
   178   0.00000   8.75000   0.10000   0.50000    0.00000  90.00000   0.00050   177  178  179    100
   179   0.00000   9.25000   0.10000   0.50000    0.00000  90.00000   0.00050   178  179  180    100
   180   0.00000   9.75000   0.10000   0.50000    0.00000  90.00000   0.00050   179  180  181    100
   181   0.00000  10.25000   0.10000   0.50000    0.00000  90.00000   0.00050   180  181  182    100
   182   0.00000  10.75000   0.10000   0.50000    0.00000  90.00000   0.00050   181  182  183    100
   183   0.00000  11.25000   0.10000   0.50000    0.00000  90.00000   0.00050   182  183  184    100
   184   0.00000  11.75000   0.10000   0.50000    0.00000  90.00000   0.00050   183  184  185    100
   185   0.00000  12.25000   0.10000   0.50000    0.00000  90.00000   0.00050   184  185  186    100
   186   0.00000  12.75000   0.10000   0.50000    0.00000  90.00000   0.00050   185  186  187    100
   187   0.00000  13.25000   0.10000   0.50000    0.00000  90.00000   0.00050   186  187  188    100
   188   0.00000  13.75000   0.10000   0.50000    0.00000  90.00000   0.00050   187  188  189    100
   189   0.00000  14.25000   0.10000   0.50000    0.00000  90.00000   0.00050   188  189  190    100
   190   0.00000  14.75000   0.10000   0.50000    0.00000  90.00000   0.00050   189  190  191    100
   191   0.00000  15.25000   0.10000   0.50000    0.00000  90.00000   0.00050   190  191  192    100
   192   0.00000  15.75000   0.10000   0.50000    0.00000  90.00000   0.00050   191  192  193    100
   193   0.00000  16.25000   0.10000   0.50000    0.00000  90.00000   0.00050   192  193  194    100
   194   0.00000  16.75000   0.10000   0.50000    0.00000  90.00000   0.00050   193  194  195    100
   195   0.00000  17.25000   0.10000   0.50000    0.00000  90.00000   0.00050   194  195  196    100
   196   0.00000  17.75000   0.10000   0.50000    0.00000  90.00000   0.00050   195  196  197    100
   197   0.00000  18.25000   0.10000   0.50000    0.00000  90.00000   0.00050   196  197  198    100
   198   0.00000  18.75000   0.10000   0.50000    0.00000  90.00000   0.00050   197  198  199    100
   199   0.00000  19.25000   0.10000   0.50000    0.00000  90.00000   0.00050   198  199  200    100
   200   0.00000  19.75000   0.10000   0.50000    0.00000  90.00000   0.00050   199  200  201    100
   201   0.00000  20.25000   0.10000   0.50000    0.00000  90.00000   0.00050   200  201  202    100
   202   0.00000  20.75000   0.10000   0.50000    0.00000  90.00000   0.00050   201  202  203    100
   203   0.00000  21.25000   0.10000   0.50000    0.00000  90.00000   0.00050   202  203  204    100
   204   0.00000  21.75000   0.10000   0.50000    0.00000  90.00000   0.00050   203  204  205    100
   205   0.00000  22.25000   0.10000   0.50000    0.00000  90.00000   0.00050   204  205  206    100
   206   0.00000  22.75000   0.10000   0.50000    0.00000  90.00000   0.00050   205  206  207    100
   207   0.00000  23.25000   0.10000   0.50000    0.00000  90.00000   0.00050   206  207  208    100
   208   0.00000  23.75000   0.10000   0.50000    0.00000  90.00000   0.00050   207  208  209    100
   209   0.00000  24.25000   0.10000   0.50000    0.00000  90.00000   0.00050   208  209  210    100
   210   0.00000  24.75000   0.10000   0.50000    0.00000  90.00000   0.00050   209  210  211    100
   211   0.00000  25.25000   0.10000   0.50000    0.00000  90.00000   0.00050   210  211  212    100
   212   0.00000  25.75000   0.10000   0.50000    0.00000  90.00000   0.00050   211  212  213    100
   213   0.00000  26.25000   0.10000   0.50000    0.00000  90.00000   0.00050   212  213  214    100
   214   0.00000  26.75000   0.10000   0.50000    0.00000  90.00000   0.00050   213  214  215    100
   215   0.00000  27.25000   0.10000   0.50000    0.00000  90.00000   0.00050   214  215  216    100
   216   0.00000  27.75000   0.10000   0.50000    0.00000  90.00000   0.00050   215  216  217    100
   217   0.00000  28.25000   0.10000   0.50000    0.00000  90.00000   0.00050   216  217  218    100
   218   0.00000  28.75000   0.10000   0.50000    0.00000  90.00000   0.00050   217  218  219    100
   219   0.00000  29.25000   0.10000   0.50000    0.00000  90.00000   0.00050   218  219  220    100
   220   0.00000  29.75000   0.10000   0.50000    0.00000  90.00000   0.00050   219  220  221    100
   221   0.00000  30.25000   0.10000   0.50000    0.00000  90.00000   0.00050   220  221  222    100
   222   0.00000  30.75000   0.10000   0.50000    0.00000  90.00000   0.00050   221  222  223    100
   223   0.00000  31.25000   0.10000   0.50000    0.00000  90.00000   0.00050   222  223  224    100
   224   0.00000  31.75000   0.10000   0.50000    0.00000  90.00000   0.00050   223  224  225    100
   225   0.00000  32.25000   0.10000   0.50000    0.00000  90.00000   0.00050   224  225  226    100
   226   0.00000  32.75000   0.10000   0.50000    0.00000  90.00000   0.00050   225  226  227    100
   227   0.00000  33.25000   0.10000   0.50000    0.00000  90.00000   0.00050   226  227  228    100
   228   0.00000  33.75000   0.10000   0.50000    0.00000  90.00000   0.00050   227  228  229    100
   229   0.00000  34.25000   0.10000   0.50000    0.00000  90.00000   0.00050   228  229  230    100
   230   0.00000  34.75000   0.10000   0.50000    0.00000  90.00000   0.00050   229  230  231    100
   231   0.00000  35.25000   0.10000   0.50000    0.00000  90.00000   0.00050   230  231  232    100
   232   0.00000  35.75000   0.10000   0.50000    0.00000  90.00000   0.00050   231  232  233    100
   233   0.00000  36.25000   0.10000   0.50000    0.00000  90.00000   0.00050   232  233  234    100
   234   0.00000  36.75000   0.10000   0.50000    0.00000  90.00000   0.00050   233  234  235    100
   235   0.00000  37.25000   0.10000   0.50000    0.00000  90.00000   0.00050   234  235  236    100
   236   0.00000  37.75000   0.10000   0.50000    0.00000  90.00000   0.00050   235  236  237    100
   237   0.00000  38.25000   0.10000   0.50000    0.00000  90.00000   0.00050   236  237  238    100
   238   0.00000  38.75000   0.10000   0.50000    0.00000  90.00000   0.00050   237  238  239    100
   239   0.00000  39.25000   0.10000   0.50000    0.00000  90.00000   0.00050   238  239  240    100
   240   0.00000  39.75000   0.10000   0.50000    0.00000  90.00000   0.00050   239  240    0    100
   241  -0.17678   0.17678   0.10000   0.50000    0.00000 135.00000   0.00050  -321  241  242    145
   242  -0.53033   0.53033   0.10000   0.50000    0.00000 135.00000   0.00050   241  242  243    145
   243  -0.88388   0.88388   0.10000   0.50000    0.00000 135.00000   0.00050   242  243  244    145
   244  -1.23744   1.23744   0.10000   0.50000    0.00000 135.00000   0.00050   243  244  245    145
   245  -1.59099   1.59099   0.10000   0.50000    0.00000 135.00000   0.00050   244  245  246    145
   246  -1.94454   1.94454   0.10000   0.50000    0.00000 135.00000   0.00050   245  246  247    145
   247  -2.29810   2.29810   0.10000   0.50000    0.00000 135.00000   0.00050   246  247  248    145
   248  -2.65165   2.65165   0.10000   0.50000    0.00000 135.00000   0.00050   247  248  249    145
   249  -3.00520   3.00520   0.10000   0.50000    0.00000 135.00000   0.00050   248  249  250    145
   250  -3.35876   3.35876   0.10000   0.50000    0.00000 135.00000   0.00050   249  250  251    145
   251  -3.71231   3.71231   0.10000   0.50000    0.00000 135.00000   0.00050   250  251  252    145
   252  -4.06586   4.06586   0.10000   0.50000    0.00000 135.00000   0.00050   251  252  253    145
   253  -4.41942   4.41942   0.10000   0.50000    0.00000 135.00000   0.00050   252  253  254    145
   254  -4.77297   4.77297   0.10000   0.50000    0.00000 135.00000   0.00050   253  254  255    145
   255  -5.12652   5.12652   0.10000   0.50000    0.00000 135.00000   0.00050   254  255  256    145
   256  -5.48008   5.48008   0.10000   0.50000    0.00000 135.00000   0.00050   255  256  257    145
   257  -5.83363   5.83363   0.10000   0.50000    0.00000 135.00000   0.00050   256  257  258    145
   258  -6.18718   6.18718   0.10000   0.50000    0.00000 135.00000   0.00050   257  258  259    145
   259  -6.54074   6.54074   0.10000   0.50000    0.00000 135.00000   0.00050   258  259  260    145
   260  -6.89429   6.89429   0.10000   0.50000    0.00000 135.00000   0.00050   259  260  261    145
   261  -7.24784   7.24784   0.10000   0.50000    0.00000 135.00000   0.00050   260  261  262    145
   262  -7.60140   7.60140   0.10000   0.50000    0.00000 135.00000   0.00050   261  262  263    145
   263  -7.95495   7.95495   0.10000   0.50000    0.00000 135.00000   0.00050   262  263  264    145
   264  -8.30850   8.30850   0.10000   0.50000    0.00000 135.00000   0.00050   263  264  265    145
   265  -8.66206   8.66206   0.10000   0.50000    0.00000 135.00000   0.00050   264  265  266    145
   266  -9.01561   9.01561   0.10000   0.50000    0.00000 135.00000   0.00050   265  266  267    145
   267  -9.36916   9.36916   0.10000   0.50000    0.00000 135.00000   0.00050   266  267  268    145
   268  -9.72272   9.72272   0.10000   0.50000    0.00000 135.00000   0.00050   267  268  269    145
   269 -10.07627  10.07627   0.10000   0.50000    0.00000 135.00000   0.00050   268  269  270    145
   270 -10.42983  10.42983   0.10000   0.50000    0.00000 135.00000   0.00050   269  270  271    145
   271 -10.78338  10.78338   0.10000   0.50000    0.00000 135.00000   0.00050   270  271  272    145
   272 -11.13693  11.13693   0.10000   0.50000    0.00000 135.00000   0.00050   271  272  273    145
   273 -11.49049  11.49049   0.10000   0.50000    0.00000 135.00000   0.00050   272  273  274    145
   274 -11.84404  11.84404   0.10000   0.50000    0.00000 135.00000   0.00050   273  274  275    145
   275 -12.19759  12.19759   0.10000   0.50000    0.00000 135.00000   0.00050   274  275  276    145
   276 -12.55115  12.55115   0.10000   0.50000    0.00000 135.00000   0.00050   275  276  277    145
   277 -12.90470  12.90470   0.10000   0.50000    0.00000 135.00000   0.00050   276  277  278    145
   278 -13.25825  13.25825   0.10000   0.50000    0.00000 135.00000   0.00050   277  278  279    145
   279 -13.61181  13.61181   0.10000   0.50000    0.00000 135.00000   0.00050   278  279  280    145
   280 -13.96536  13.96536   0.10000   0.50000    0.00000 135.00000   0.00050   279  280  281    145
   281 -14.31891  14.31891   0.10000   0.50000    0.00000 135.00000   0.00050   280  281  282    145
   282 -14.67247  14.67247   0.10000   0.50000    0.00000 135.00000   0.00050   281  282  283    145
   283 -15.02602  15.02602   0.10000   0.50000    0.00000 135.00000   0.00050   282  283  284    145
   284 -15.37957  15.37957   0.10000   0.50000    0.00000 135.00000   0.00050   283  284  285    145
   285 -15.73313  15.73313   0.10000   0.50000    0.00000 135.00000   0.00050   284  285  286    145
   286 -16.08668  16.08668   0.10000   0.50000    0.00000 135.00000   0.00050   285  286  287    145
   287 -16.44023  16.44023   0.10000   0.50000    0.00000 135.00000   0.00050   286  287  288    145
   288 -16.79379  16.79379   0.10000   0.50000    0.00000 135.00000   0.00050   287  288  289    145
   289 -17.14734  17.14734   0.10000   0.50000    0.00000 135.00000   0.00050   288  289  290    145
   290 -17.50089  17.50089   0.10000   0.50000    0.00000 135.00000   0.00050   289  290  291    145
   291 -17.85445  17.85445   0.10000   0.50000    0.00000 135.00000   0.00050   290  291  292    145
   292 -18.20800  18.20800   0.10000   0.50000    0.00000 135.00000   0.00050   291  292  293    145
   293 -18.56155  18.56155   0.10000   0.50000    0.00000 135.00000   0.00050   292  293  294    145
   294 -18.91511  18.91511   0.10000   0.50000    0.00000 135.00000   0.00050   293  294  295    145
   295 -19.26866  19.26866   0.10000   0.50000    0.00000 135.00000   0.00050   294  295  296    145
   296 -19.62221  19.62221   0.10000   0.50000    0.00000 135.00000   0.00050   295  296  297    145
   297 -19.97577  19.97577   0.10000   0.50000    0.00000 135.00000   0.00050   296  297  298    145
   298 -20.32932  20.32932   0.10000   0.50000    0.00000 135.00000   0.00050   297  298  299    145
   299 -20.68287  20.68287   0.10000   0.50000    0.00000 135.00000   0.00050   298  299  300    145
   300 -21.03643  21.03643   0.10000   0.50000    0.00000 135.00000   0.00050   299  300  301    145
   301 -21.38998  21.38998   0.10000   0.50000    0.00000 135.00000   0.00050   300  301  302    145
   302 -21.74353  21.74353   0.10000   0.50000    0.00000 135.00000   0.00050   301  302  303    145
   303 -22.09709  22.09709   0.10000   0.50000    0.00000 135.00000   0.00050   302  303  304    145
   304 -22.45064  22.45064   0.10000   0.50000    0.00000 135.00000   0.00050   303  304  305    145
   305 -22.80419  22.80419   0.10000   0.50000    0.00000 135.00000   0.00050   304  305  306    145
   306 -23.15775  23.15775   0.10000   0.50000    0.00000 135.00000   0.00050   305  306  307    145
   307 -23.51130  23.51130   0.10000   0.50000    0.00000 135.00000   0.00050   306  307  308    145
   308 -23.86485  23.86485   0.10000   0.50000    0.00000 135.00000   0.00050   307  308  309    145
   309 -24.21841  24.21841   0.10000   0.50000    0.00000 135.00000   0.00050   308  309  310    145
   310 -24.57196  24.57196   0.10000   0.50000    0.00000 135.00000   0.00050   309  310  311    145
   311 -24.92551  24.92551   0.10000   0.50000    0.00000 135.00000   0.00050   310  311  312    145
   312 -25.27907  25.27907   0.10000   0.50000    0.00000 135.00000   0.00050   311  312  313    145
   313 -25.63262  25.63262   0.10000   0.50000    0.00000 135.00000   0.00050   312  313  314    145
   314 -25.98617  25.98617   0.10000   0.50000    0.00000 135.00000   0.00050   313  314  315    145
   315 -26.33973  26.33973   0.10000   0.50000    0.00000 135.00000   0.00050   314  315  316    145
   316 -26.69328  26.69328   0.10000   0.50000    0.00000 135.00000   0.00050   315  316  317    145
   317 -27.04683  27.04683   0.10000   0.50000    0.00000 135.00000   0.00050   316  317  318    145
   318 -27.40039  27.40039   0.10000   0.50000    0.00000 135.00000   0.00050   317  318  319    145
   319 -27.75394  27.75394   0.10000   0.50000    0.00000 135.00000   0.00050   318  319  320    145
   320 -28.10749  28.10749   0.10000   0.50000    0.00000 135.00000   0.00050   319  320    0    145
   321  -0.25000   0.00000   0.10000   0.50000    0.00000-180.00000   0.00050  -401  321  322    190
   322  -0.75000   0.00000   0.10000   0.50000    0.00000-180.00000   0.00050   321  322  323    190
   323  -1.25000   0.00000   0.10000   0.50000    0.00000-180.00000   0.00050   322  323  324    190
   324  -1.75000   0.00000   0.10000   0.50000    0.00000-180.00000   0.00050   323  324  325    190
   325  -2.25000   0.00000   0.10000   0.50000    0.00000-180.00000   0.00050   324  325  326    190
   326  -2.75000   0.00000   0.10000   0.50000    0.00000-180.00000   0.00050   325  326  327    190
   327  -3.25000   0.00000   0.10000   0.50000    0.00000-180.00000   0.00050   326  327  328    190
   328  -3.75000   0.00000   0.10000   0.50000    0.00000-180.00000   0.00050   327  328  329    190
   329  -4.25000   0.00000   0.10000   0.50000    0.00000-180.00000   0.00050   328  329  330    190
   330  -4.75000   0.00000   0.10000   0.50000    0.00000-180.00000   0.00050   329  330  331    190
   331  -5.25000   0.00000   0.10000   0.50000    0.00000-180.00000   0.00050   330  331  332    190
   332  -5.75000   0.00000   0.10000   0.50000    0.00000-180.00000   0.00050   331  332  333    190
   333  -6.25000   0.00000   0.10000   0.50000    0.00000-180.00000   0.00050   332  333  334    190
   334  -6.75000   0.00000   0.10000   0.50000    0.00000-180.00000   0.00050   333  334  335    190
   335  -7.25000   0.00000   0.10000   0.50000    0.00000-180.00000   0.00050   334  335  336    190
   336  -7.75000   0.00000   0.10000   0.50000    0.00000-180.00000   0.00050   335  336  337    190
   337  -8.25000   0.00000   0.10000   0.50000    0.00000-180.00000   0.00050   336  337  338    190
   338  -8.75000   0.00000   0.10000   0.50000    0.00000-180.00000   0.00050   337  338  339    190
   339  -9.25000   0.00000   0.10000   0.50000    0.00000-180.00000   0.00050   338  339  340    190
   340  -9.75000   0.00000   0.10000   0.50000    0.00000-180.00000   0.00050   339  340  341    190
   341 -10.25000   0.00000   0.10000   0.50000    0.00000-180.00000   0.00050   340  341  342    190
   342 -10.75000   0.00000   0.10000   0.50000    0.00000-180.00000   0.00050   341  342  343    190
   343 -11.25000   0.00000   0.10000   0.50000    0.00000-180.00000   0.00050   342  343  344    190
   344 -11.75000   0.00000   0.10000   0.50000    0.00000-180.00000   0.00050   343  344  345    190
   345 -12.25000   0.00000   0.10000   0.50000    0.00000-180.00000   0.00050   344  345  346    190
   346 -12.75000   0.00000   0.10000   0.50000    0.00000-180.00000   0.00050   345  346  347    190
   347 -13.25000   0.00000   0.10000   0.50000    0.00000-180.00000   0.00050   346  347  348    190
   348 -13.75000   0.00000   0.10000   0.50000    0.00000-180.00000   0.00050   347  348  349    190
   349 -14.25000   0.00000   0.10000   0.50000    0.00000-180.00000   0.00050   348  349  350    190
   350 -14.75000   0.00000   0.10000   0.50000    0.00000-180.00000   0.00050   349  350  351    190
   351 -15.25000   0.00000   0.10000   0.50000    0.00000-180.00000   0.00050   350  351  352    190
   352 -15.75000   0.00000   0.10000   0.50000    0.00000-180.00000   0.00050   351  352  353    190
   353 -16.25000   0.00000   0.10000   0.50000    0.00000-180.00000   0.00050   352  353  354    190
   354 -16.75000   0.00000   0.10000   0.50000    0.00000-180.00000   0.00050   353  354  355    190
   355 -17.25000   0.00000   0.10000   0.50000    0.00000-180.00000   0.00050   354  355  356    190
   356 -17.75000   0.00000   0.10000   0.50000    0.00000-180.00000   0.00050   355  356  357    190
   357 -18.25000   0.00000   0.10000   0.50000    0.00000-180.00000   0.00050   356  357  358    190
   358 -18.75000   0.00000   0.10000   0.50000    0.00000-180.00000   0.00050   357  358  359    190
   359 -19.25000   0.00000   0.10000   0.50000    0.00000-180.00000   0.00050   358  359  360    190
   360 -19.75000   0.00000   0.10000   0.50000    0.00000-180.00000   0.00050   359  360  361    190
   361 -20.25000   0.00000   0.10000   0.50000    0.00000-180.00000   0.00050   360  361  362    190
   362 -20.75000   0.00000   0.10000   0.50000    0.00000-180.00000   0.00050   361  362  363    190
   363 -21.25000   0.00000   0.10000   0.50000    0.00000-180.00000   0.00050   362  363  364    190
   364 -21.75000   0.00000   0.10000   0.50000    0.00000-180.00000   0.00050   363  364  365    190
   365 -22.25000   0.00000   0.10000   0.50000    0.00000-180.00000   0.00050   364  365  366    190
   366 -22.75000   0.00000   0.10000   0.50000    0.00000-180.00000   0.00050   365  366  367    190
   367 -23.25000   0.00000   0.10000   0.50000    0.00000-180.00000   0.00050   366  367  368    190
   368 -23.75000   0.00000   0.10000   0.50000    0.00000-180.00000   0.00050   367  368  369    190
   369 -24.25000   0.00000   0.10000   0.50000    0.00000-180.00000   0.00050   368  369  370    190
   370 -24.75000   0.00000   0.10000   0.50000    0.00000-180.00000   0.00050   369  370  371    190
   371 -25.25000   0.00000   0.10000   0.50000    0.00000-180.00000   0.00050   370  371  372    190
   372 -25.75000   0.00000   0.10000   0.50000    0.00000-180.00000   0.00050   371  372  373    190
   373 -26.25000   0.00000   0.10000   0.50000    0.00000-180.00000   0.00050   372  373  374    190
   374 -26.75000   0.00000   0.10000   0.50000    0.00000-180.00000   0.00050   373  374  375    190
   375 -27.25000   0.00000   0.10000   0.50000    0.00000-180.00000   0.00050   374  375  376    190
   376 -27.75000   0.00000   0.10000   0.50000    0.00000-180.00000   0.00050   375  376  377    190
   377 -28.25000   0.00000   0.10000   0.50000    0.00000-180.00000   0.00050   376  377  378    190
   378 -28.75000   0.00000   0.10000   0.50000    0.00000-180.00000   0.00050   377  378  379    190
   379 -29.25000   0.00000   0.10000   0.50000    0.00000-180.00000   0.00050   378  379  380    190
   380 -29.75000   0.00000   0.10000   0.50000    0.00000-180.00000   0.00050   379  380  381    190
   381 -30.25000   0.00000   0.10000   0.50000    0.00000-180.00000   0.00050   380  381  382    190
   382 -30.75000   0.00000   0.10000   0.50000    0.00000-180.00000   0.00050   381  382  383    190
   383 -31.25000   0.00000   0.10000   0.50000    0.00000-180.00000   0.00050   382  383  384    190
   384 -31.75000   0.00000   0.10000   0.50000    0.00000-180.00000   0.00050   383  384  385    190
   385 -32.25000   0.00000   0.10000   0.50000    0.00000-180.00000   0.00050   384  385  386    190
   386 -32.75000   0.00000   0.10000   0.50000    0.00000-180.00000   0.00050   385  386  387    190
   387 -33.25000   0.00000   0.10000   0.50000    0.00000-180.00000   0.00050   386  387  388    190
   388 -33.75000   0.00000   0.10000   0.50000    0.00000-180.00000   0.00050   387  388  389    190
   389 -34.25000   0.00000   0.10000   0.50000    0.00000-180.00000   0.00050   388  389  390    190
   390 -34.75000   0.00000   0.10000   0.50000    0.00000-180.00000   0.00050   389  390  391    190
   391 -35.25000   0.00000   0.10000   0.50000    0.00000-180.00000   0.00050   390  391  392    190
   392 -35.75000   0.00000   0.10000   0.50000    0.00000-180.00000   0.00050   391  392  393    190
   393 -36.25000   0.00000   0.10000   0.50000    0.00000-180.00000   0.00050   392  393  394    190
   394 -36.75000   0.00000   0.10000   0.50000    0.00000-180.00000   0.00050   393  394  395    190
   395 -37.25000   0.00000   0.10000   0.50000    0.00000-180.00000   0.00050   394  395  396    190
   396 -37.75000   0.00000   0.10000   0.50000    0.00000-180.00000   0.00050   395  396  397    190
   397 -38.25000   0.00000   0.10000   0.50000    0.00000-180.00000   0.00050   396  397  398    190
   398 -38.75000   0.00000   0.10000   0.50000    0.00000-180.00000   0.00050   397  398  399    190
   399 -39.25000   0.00000   0.10000   0.50000    0.00000-180.00000   0.00050   398  399  400    190
   400 -39.75000   0.00000   0.10000   0.50000    0.00000-180.00000   0.00050   399  400    0    190
   401  -0.17678  -0.17678   0.10000   0.50000    0.00000-135.00000   0.00050  -481  401  402    235
   402  -0.53033  -0.53033   0.10000   0.50000    0.00000-135.00000   0.00050   401  402  403    235
   403  -0.88388  -0.88388   0.10000   0.50000    0.00000-135.00000   0.00050   402  403  404    235
   404  -1.23744  -1.23744   0.10000   0.50000    0.00000-135.00000   0.00050   403  404  405    235
   405  -1.59099  -1.59099   0.10000   0.50000    0.00000-135.00000   0.00050   404  405  406    235
   406  -1.94454  -1.94454   0.10000   0.50000    0.00000-135.00000   0.00050   405  406  407    235
   407  -2.29810  -2.29810   0.10000   0.50000    0.00000-135.00000   0.00050   406  407  408    235
   408  -2.65165  -2.65165   0.10000   0.50000    0.00000-135.00000   0.00050   407  408  409    235
   409  -3.00520  -3.00520   0.10000   0.50000    0.00000-135.00000   0.00050   408  409  410    235
   410  -3.35876  -3.35876   0.10000   0.50000    0.00000-135.00000   0.00050   409  410  411    235
   411  -3.71231  -3.71231   0.10000   0.50000    0.00000-135.00000   0.00050   410  411  412    235
   412  -4.06586  -4.06586   0.10000   0.50000    0.00000-135.00000   0.00050   411  412  413    235
   413  -4.41942  -4.41942   0.10000   0.50000    0.00000-135.00000   0.00050   412  413  414    235
   414  -4.77297  -4.77297   0.10000   0.50000    0.00000-135.00000   0.00050   413  414  415    235
   415  -5.12652  -5.12652   0.10000   0.50000    0.00000-135.00000   0.00050   414  415  416    235
   416  -5.48008  -5.48008   0.10000   0.50000    0.00000-135.00000   0.00050   415  416  417    235
   417  -5.83363  -5.83363   0.10000   0.50000    0.00000-135.00000   0.00050   416  417  418    235
   418  -6.18718  -6.18718   0.10000   0.50000    0.00000-135.00000   0.00050   417  418  419    235
   419  -6.54074  -6.54074   0.10000   0.50000    0.00000-135.00000   0.00050   418  419  420    235
   420  -6.89429  -6.89429   0.10000   0.50000    0.00000-135.00000   0.00050   419  420  421    235
   421  -7.24784  -7.24784   0.10000   0.50000    0.00000-135.00000   0.00050   420  421  422    235
   422  -7.60140  -7.60140   0.10000   0.50000    0.00000-135.00000   0.00050   421  422  423    235
   423  -7.95495  -7.95495   0.10000   0.50000    0.00000-135.00000   0.00050   422  423  424    235
   424  -8.30850  -8.30850   0.10000   0.50000    0.00000-135.00000   0.00050   423  424  425    235
   425  -8.66206  -8.66206   0.10000   0.50000    0.00000-135.00000   0.00050   424  425  426    235
   426  -9.01561  -9.01561   0.10000   0.50000    0.00000-135.00000   0.00050   425  426  427    235
   427  -9.36916  -9.36916   0.10000   0.50000    0.00000-135.00000   0.00050   426  427  428    235
   428  -9.72272  -9.72272   0.10000   0.50000    0.00000-135.00000   0.00050   427  428  429    235
   429 -10.07627 -10.07627   0.10000   0.50000    0.00000-135.00000   0.00050   428  429  430    235
   430 -10.42983 -10.42983   0.10000   0.50000    0.00000-135.00000   0.00050   429  430  431    235
   431 -10.78338 -10.78338   0.10000   0.50000    0.00000-135.00000   0.00050   430  431  432    235
   432 -11.13693 -11.13693   0.10000   0.50000    0.00000-135.00000   0.00050   431  432  433    235
   433 -11.49049 -11.49049   0.10000   0.50000    0.00000-135.00000   0.00050   432  433  434    235
   434 -11.84404 -11.84404   0.10000   0.50000    0.00000-135.00000   0.00050   433  434  435    235
   435 -12.19759 -12.19759   0.10000   0.50000    0.00000-135.00000   0.00050   434  435  436    235
   436 -12.55115 -12.55115   0.10000   0.50000    0.00000-135.00000   0.00050   435  436  437    235
   437 -12.90470 -12.90470   0.10000   0.50000    0.00000-135.00000   0.00050   436  437  438    235
   438 -13.25825 -13.25825   0.10000   0.50000    0.00000-135.00000   0.00050   437  438  439    235
   439 -13.61181 -13.61181   0.10000   0.50000    0.00000-135.00000   0.00050   438  439  440    235
   440 -13.96536 -13.96536   0.10000   0.50000    0.00000-135.00000   0.00050   439  440  441    235
   441 -14.31891 -14.31891   0.10000   0.50000    0.00000-135.00000   0.00050   440  441  442    235
   442 -14.67247 -14.67247   0.10000   0.50000    0.00000-135.00000   0.00050   441  442  443    235
   443 -15.02602 -15.02602   0.10000   0.50000    0.00000-135.00000   0.00050   442  443  444    235
   444 -15.37957 -15.37957   0.10000   0.50000    0.00000-135.00000   0.00050   443  444  445    235
   445 -15.73313 -15.73313   0.10000   0.50000    0.00000-135.00000   0.00050   444  445  446    235
   446 -16.08668 -16.08668   0.10000   0.50000    0.00000-135.00000   0.00050   445  446  447    235
   447 -16.44023 -16.44023   0.10000   0.50000    0.00000-135.00000   0.00050   446  447  448    235
   448 -16.79379 -16.79379   0.10000   0.50000    0.00000-135.00000   0.00050   447  448  449    235
   449 -17.14734 -17.14734   0.10000   0.50000    0.00000-135.00000   0.00050   448  449  450    235
   450 -17.50089 -17.50089   0.10000   0.50000    0.00000-135.00000   0.00050   449  450  451    235
   451 -17.85445 -17.85445   0.10000   0.50000    0.00000-135.00000   0.00050   450  451  452    235
   452 -18.20800 -18.20800   0.10000   0.50000    0.00000-135.00000   0.00050   451  452  453    235
   453 -18.56155 -18.56155   0.10000   0.50000    0.00000-135.00000   0.00050   452  453  454    235
   454 -18.91511 -18.91511   0.10000   0.50000    0.00000-135.00000   0.00050   453  454  455    235
   455 -19.26866 -19.26866   0.10000   0.50000    0.00000-135.00000   0.00050   454  455  456    235
   456 -19.62221 -19.62221   0.10000   0.50000    0.00000-135.00000   0.00050   455  456  457    235
   457 -19.97577 -19.97577   0.10000   0.50000    0.00000-135.00000   0.00050   456  457  458    235
   458 -20.32932 -20.32932   0.10000   0.50000    0.00000-135.00000   0.00050   457  458  459    235
   459 -20.68287 -20.68287   0.10000   0.50000    0.00000-135.00000   0.00050   458  459  460    235
   460 -21.03643 -21.03643   0.10000   0.50000    0.00000-135.00000   0.00050   459  460  461    235
   461 -21.38998 -21.38998   0.10000   0.50000    0.00000-135.00000   0.00050   460  461  462    235
   462 -21.74353 -21.74353   0.10000   0.50000    0.00000-135.00000   0.00050   461  462  463    235
   463 -22.09709 -22.09709   0.10000   0.50000    0.00000-135.00000   0.00050   462  463  464    235
   464 -22.45064 -22.45064   0.10000   0.50000    0.00000-135.00000   0.00050   463  464  465    235
   465 -22.80419 -22.80419   0.10000   0.50000    0.00000-135.00000   0.00050   464  465  466    235
   466 -23.15775 -23.15775   0.10000   0.50000    0.00000-135.00000   0.00050   465  466  467    235
   467 -23.51130 -23.51130   0.10000   0.50000    0.00000-135.00000   0.00050   466  467  468    235
   468 -23.86485 -23.86485   0.10000   0.50000    0.00000-135.00000   0.00050   467  468  469    235
   469 -24.21841 -24.21841   0.10000   0.50000    0.00000-135.00000   0.00050   468  469  470    235
   470 -24.57196 -24.57196   0.10000   0.50000    0.00000-135.00000   0.00050   469  470  471    235
   471 -24.92551 -24.92551   0.10000   0.50000    0.00000-135.00000   0.00050   470  471  472    235
   472 -25.27907 -25.27907   0.10000   0.50000    0.00000-135.00000   0.00050   471  472  473    235
   473 -25.63262 -25.63262   0.10000   0.50000    0.00000-135.00000   0.00050   472  473  474    235
   474 -25.98617 -25.98617   0.10000   0.50000    0.00000-135.00000   0.00050   473  474  475    235
   475 -26.33973 -26.33973   0.10000   0.50000    0.00000-135.00000   0.00050   474  475  476    235
   476 -26.69328 -26.69328   0.10000   0.50000    0.00000-135.00000   0.00050   475  476  477    235
   477 -27.04683 -27.04683   0.10000   0.50000    0.00000-135.00000   0.00050   476  477  478    235
   478 -27.40039 -27.40039   0.10000   0.50000    0.00000-135.00000   0.00050   477  478  479    235
   479 -27.75394 -27.75394   0.10000   0.50000    0.00000-135.00000   0.00050   478  479  480    235
   480 -28.10749 -28.10749   0.10000   0.50000    0.00000-135.00000   0.00050   479  480    0    235
   481   0.00000  -0.25000   0.10000   0.50000    0.00000 -90.00000   0.00050  -561  481  482    280
   482   0.00000  -0.75000   0.10000   0.50000    0.00000 -90.00000   0.00050   481  482  483    280
   483   0.00000  -1.25000   0.10000   0.50000    0.00000 -90.00000   0.00050   482  483  484    280
   484   0.00000  -1.75000   0.10000   0.50000    0.00000 -90.00000   0.00050   483  484  485    280
   485   0.00000  -2.25000   0.10000   0.50000    0.00000 -90.00000   0.00050   484  485  486    280
   486   0.00000  -2.75000   0.10000   0.50000    0.00000 -90.00000   0.00050   485  486  487    280
   487   0.00000  -3.25000   0.10000   0.50000    0.00000 -90.00000   0.00050   486  487  488    280
   488   0.00000  -3.75000   0.10000   0.50000    0.00000 -90.00000   0.00050   487  488  489    280
   489   0.00000  -4.25000   0.10000   0.50000    0.00000 -90.00000   0.00050   488  489  490    280
   490   0.00000  -4.75000   0.10000   0.50000    0.00000 -90.00000   0.00050   489  490  491    280
   491   0.00000  -5.25000   0.10000   0.50000    0.00000 -90.00000   0.00050   490  491  492    280
   492   0.00000  -5.75000   0.10000   0.50000    0.00000 -90.00000   0.00050   491  492  493    280
   493   0.00000  -6.25000   0.10000   0.50000    0.00000 -90.00000   0.00050   492  493  494    280
   494   0.00000  -6.75000   0.10000   0.50000    0.00000 -90.00000   0.00050   493  494  495    280
   495   0.00000  -7.25000   0.10000   0.50000    0.00000 -90.00000   0.00050   494  495  496    280
   496   0.00000  -7.75000   0.10000   0.50000    0.00000 -90.00000   0.00050   495  496  497    280
   497   0.00000  -8.25000   0.10000   0.50000    0.00000 -90.00000   0.00050   496  497  498    280
   498   0.00000  -8.75000   0.10000   0.50000    0.00000 -90.00000   0.00050   497  498  499    280
   499   0.00000  -9.25000   0.10000   0.50000    0.00000 -90.00000   0.00050   498  499  500    280
   500   0.00000  -9.75000   0.10000   0.50000    0.00000 -90.00000   0.00050   499  500  501    280
   501   0.00000 -10.25000   0.10000   0.50000    0.00000 -90.00000   0.00050   500  501  502    280
   502   0.00000 -10.75000   0.10000   0.50000    0.00000 -90.00000   0.00050   501  502  503    280
   503   0.00000 -11.25000   0.10000   0.50000    0.00000 -90.00000   0.00050   502  503  504    280
   504   0.00000 -11.75000   0.10000   0.50000    0.00000 -90.00000   0.00050   503  504  505    280
   505   0.00000 -12.25000   0.10000   0.50000    0.00000 -90.00000   0.00050   504  505  506    280
   506   0.00000 -12.75000   0.10000   0.50000    0.00000 -90.00000   0.00050   505  506  507    280
   507   0.00000 -13.25000   0.10000   0.50000    0.00000 -90.00000   0.00050   506  507  508    280
   508   0.00000 -13.75000   0.10000   0.50000    0.00000 -90.00000   0.00050   507  508  509    280
   509   0.00000 -14.25000   0.10000   0.50000    0.00000 -90.00000   0.00050   508  509  510    280
   510   0.00000 -14.75000   0.10000   0.50000    0.00000 -90.00000   0.00050   509  510  511    280
   511   0.00000 -15.25000   0.10000   0.50000    0.00000 -90.00000   0.00050   510  511  512    280
   512   0.00000 -15.75000   0.10000   0.50000    0.00000 -90.00000   0.00050   511  512  513    280
   513   0.00000 -16.25000   0.10000   0.50000    0.00000 -90.00000   0.00050   512  513  514    280
   514   0.00000 -16.75000   0.10000   0.50000    0.00000 -90.00000   0.00050   513  514  515    280
   515   0.00000 -17.25000   0.10000   0.50000    0.00000 -90.00000   0.00050   514  515  516    280
   516   0.00000 -17.75000   0.10000   0.50000    0.00000 -90.00000   0.00050   515  516  517    280
   517   0.00000 -18.25000   0.10000   0.50000    0.00000 -90.00000   0.00050   516  517  518    280
   518   0.00000 -18.75000   0.10000   0.50000    0.00000 -90.00000   0.00050   517  518  519    280
   519   0.00000 -19.25000   0.10000   0.50000    0.00000 -90.00000   0.00050   518  519  520    280
   520   0.00000 -19.75000   0.10000   0.50000    0.00000 -90.00000   0.00050   519  520  521    280
   521   0.00000 -20.25000   0.10000   0.50000    0.00000 -90.00000   0.00050   520  521  522    280
   522   0.00000 -20.75000   0.10000   0.50000    0.00000 -90.00000   0.00050   521  522  523    280
   523   0.00000 -21.25000   0.10000   0.50000    0.00000 -90.00000   0.00050   522  523  524    280
   524   0.00000 -21.75000   0.10000   0.50000    0.00000 -90.00000   0.00050   523  524  525    280
   525   0.00000 -22.25000   0.10000   0.50000    0.00000 -90.00000   0.00050   524  525  526    280
   526   0.00000 -22.75000   0.10000   0.50000    0.00000 -90.00000   0.00050   525  526  527    280
   527   0.00000 -23.25000   0.10000   0.50000    0.00000 -90.00000   0.00050   526  527  528    280
   528   0.00000 -23.75000   0.10000   0.50000    0.00000 -90.00000   0.00050   527  528  529    280
   529   0.00000 -24.25000   0.10000   0.50000    0.00000 -90.00000   0.00050   528  529  530    280
   530   0.00000 -24.75000   0.10000   0.50000    0.00000 -90.00000   0.00050   529  530  531    280
   531   0.00000 -25.25000   0.10000   0.50000    0.00000 -90.00000   0.00050   530  531  532    280
   532   0.00000 -25.75000   0.10000   0.50000    0.00000 -90.00000   0.00050   531  532  533    280
   533   0.00000 -26.25000   0.10000   0.50000    0.00000 -90.00000   0.00050   532  533  534    280
   534   0.00000 -26.75000   0.10000   0.50000    0.00000 -90.00000   0.00050   533  534  535    280
   535   0.00000 -27.25000   0.10000   0.50000    0.00000 -90.00000   0.00050   534  535  536    280
   536   0.00000 -27.75000   0.10000   0.50000    0.00000 -90.00000   0.00050   535  536  537    280
   537   0.00000 -28.25000   0.10000   0.50000    0.00000 -90.00000   0.00050   536  537  538    280
   538   0.00000 -28.75000   0.10000   0.50000    0.00000 -90.00000   0.00050   537  538  539    280
   539   0.00000 -29.25000   0.10000   0.50000    0.00000 -90.00000   0.00050   538  539  540    280
   540   0.00000 -29.75000   0.10000   0.50000    0.00000 -90.00000   0.00050   539  540  541    280
   541   0.00000 -30.25000   0.10000   0.50000    0.00000 -90.00000   0.00050   540  541  542    280
   542   0.00000 -30.75000   0.10000   0.50000    0.00000 -90.00000   0.00050   541  542  543    280
   543   0.00000 -31.25000   0.10000   0.50000    0.00000 -90.00000   0.00050   542  543  544    280
   544   0.00000 -31.75000   0.10000   0.50000    0.00000 -90.00000   0.00050   543  544  545    280
   545   0.00000 -32.25000   0.10000   0.50000    0.00000 -90.00000   0.00050   544  545  546    280
   546   0.00000 -32.75000   0.10000   0.50000    0.00000 -90.00000   0.00050   545  546  547    280
   547   0.00000 -33.25000   0.10000   0.50000    0.00000 -90.00000   0.00050   546  547  548    280
   548   0.00000 -33.75000   0.10000   0.50000    0.00000 -90.00000   0.00050   547  548  549    280
   549   0.00000 -34.25000   0.10000   0.50000    0.00000 -90.00000   0.00050   548  549  550    280
   550   0.00000 -34.75000   0.10000   0.50000    0.00000 -90.00000   0.00050   549  550  551    280
   551   0.00000 -35.25000   0.10000   0.50000    0.00000 -90.00000   0.00050   550  551  552    280
   552   0.00000 -35.75000   0.10000   0.50000    0.00000 -90.00000   0.00050   551  552  553    280
   553   0.00000 -36.25000   0.10000   0.50000    0.00000 -90.00000   0.00050   552  553  554    280
   554   0.00000 -36.75000   0.10000   0.50000    0.00000 -90.00000   0.00050   553  554  555    280
   555   0.00000 -37.25000   0.10000   0.50000    0.00000 -90.00000   0.00050   554  555  556    280
   556   0.00000 -37.75000   0.10000   0.50000    0.00000 -90.00000   0.00050   555  556  557    280
   557   0.00000 -38.25000   0.10000   0.50000    0.00000 -90.00000   0.00050   556  557  558    280
   558   0.00000 -38.75000   0.10000   0.50000    0.00000 -90.00000   0.00050   557  558  559    280
   559   0.00000 -39.25000   0.10000   0.50000    0.00000 -90.00000   0.00050   558  559  560    280
   560   0.00000 -39.75000   0.10000   0.50000    0.00000 -90.00000   0.00050   559  560    0    280
   561   0.17678  -0.17678   0.10000   0.50000    0.00000 -45.00000   0.00050    -1  561  562    325
   562   0.53033  -0.53033   0.10000   0.50000    0.00000 -45.00000   0.00050   561  562  563    325
   563   0.88388  -0.88388   0.10000   0.50000    0.00000 -45.00000   0.00050   562  563  564    325
   564   1.23744  -1.23744   0.10000   0.50000    0.00000 -45.00000   0.00050   563  564  565    325
   565   1.59099  -1.59099   0.10000   0.50000    0.00000 -45.00000   0.00050   564  565  566    325
   566   1.94454  -1.94454   0.10000   0.50000    0.00000 -45.00000   0.00050   565  566  567    325
   567   2.29810  -2.29810   0.10000   0.50000    0.00000 -45.00000   0.00050   566  567  568    325
   568   2.65165  -2.65165   0.10000   0.50000    0.00000 -45.00000   0.00050   567  568  569    325
   569   3.00520  -3.00520   0.10000   0.50000    0.00000 -45.00000   0.00050   568  569  570    325
   570   3.35876  -3.35876   0.10000   0.50000    0.00000 -45.00000   0.00050   569  570  571    325
   571   3.71231  -3.71231   0.10000   0.50000    0.00000 -45.00000   0.00050   570  571  572    325
   572   4.06586  -4.06586   0.10000   0.50000    0.00000 -45.00000   0.00050   571  572  573    325
   573   4.41942  -4.41942   0.10000   0.50000    0.00000 -45.00000   0.00050   572  573  574    325
   574   4.77297  -4.77297   0.10000   0.50000    0.00000 -45.00000   0.00050   573  574  575    325
   575   5.12652  -5.12652   0.10000   0.50000    0.00000 -45.00000   0.00050   574  575  576    325
   576   5.48008  -5.48008   0.10000   0.50000    0.00000 -45.00000   0.00050   575  576  577    325
   577   5.83363  -5.83363   0.10000   0.50000    0.00000 -45.00000   0.00050   576  577  578    325
   578   6.18718  -6.18718   0.10000   0.50000    0.00000 -45.00000   0.00050   577  578  579    325
   579   6.54074  -6.54074   0.10000   0.50000    0.00000 -45.00000   0.00050   578  579  580    325
   580   6.89429  -6.89429   0.10000   0.50000    0.00000 -45.00000   0.00050   579  580  581    325
   581   7.24784  -7.24784   0.10000   0.50000    0.00000 -45.00000   0.00050   580  581  582    325
   582   7.60140  -7.60140   0.10000   0.50000    0.00000 -45.00000   0.00050   581  582  583    325
   583   7.95495  -7.95495   0.10000   0.50000    0.00000 -45.00000   0.00050   582  583  584    325
   584   8.30850  -8.30850   0.10000   0.50000    0.00000 -45.00000   0.00050   583  584  585    325
   585   8.66206  -8.66206   0.10000   0.50000    0.00000 -45.00000   0.00050   584  585  586    325
   586   9.01561  -9.01561   0.10000   0.50000    0.00000 -45.00000   0.00050   585  586  587    325
   587   9.36916  -9.36916   0.10000   0.50000    0.00000 -45.00000   0.00050   586  587  588    325
   588   9.72272  -9.72272   0.10000   0.50000    0.00000 -45.00000   0.00050   587  588  589    325
   589  10.07627 -10.07627   0.10000   0.50000    0.00000 -45.00000   0.00050   588  589  590    325
   590  10.42983 -10.42983   0.10000   0.50000    0.00000 -45.00000   0.00050   589  590  591    325
   591  10.78338 -10.78338   0.10000   0.50000    0.00000 -45.00000   0.00050   590  591  592    325
   592  11.13693 -11.13693   0.10000   0.50000    0.00000 -45.00000   0.00050   591  592  593    325
   593  11.49049 -11.49049   0.10000   0.50000    0.00000 -45.00000   0.00050   592  593  594    325
   594  11.84404 -11.84404   0.10000   0.50000    0.00000 -45.00000   0.00050   593  594  595    325
   595  12.19759 -12.19759   0.10000   0.50000    0.00000 -45.00000   0.00050   594  595  596    325
   596  12.55115 -12.55115   0.10000   0.50000    0.00000 -45.00000   0.00050   595  596  597    325
   597  12.90470 -12.90470   0.10000   0.50000    0.00000 -45.00000   0.00050   596  597  598    325
   598  13.25825 -13.25825   0.10000   0.50000    0.00000 -45.00000   0.00050   597  598  599    325
   599  13.61181 -13.61181   0.10000   0.50000    0.00000 -45.00000   0.00050   598  599  600    325
   600  13.96536 -13.96536   0.10000   0.50000    0.00000 -45.00000   0.00050   599  600  601    325
   601  14.31891 -14.31891   0.10000   0.50000    0.00000 -45.00000   0.00050   600  601  602    325
   602  14.67247 -14.67247   0.10000   0.50000    0.00000 -45.00000   0.00050   601  602  603    325
   603  15.02602 -15.02602   0.10000   0.50000    0.00000 -45.00000   0.00050   602  603  604    325
   604  15.37957 -15.37957   0.10000   0.50000    0.00000 -45.00000   0.00050   603  604  605    325
   605  15.73313 -15.73313   0.10000   0.50000    0.00000 -45.00000   0.00050   604  605  606    325
   606  16.08668 -16.08668   0.10000   0.50000    0.00000 -45.00000   0.00050   605  606  607    325
   607  16.44023 -16.44023   0.10000   0.50000    0.00000 -45.00000   0.00050   606  607  608    325
   608  16.79379 -16.79379   0.10000   0.50000    0.00000 -45.00000   0.00050   607  608  609    325
   609  17.14734 -17.14734   0.10000   0.50000    0.00000 -45.00000   0.00050   608  609  610    325
   610  17.50089 -17.50089   0.10000   0.50000    0.00000 -45.00000   0.00050   609  610  611    325
   611  17.85445 -17.85445   0.10000   0.50000    0.00000 -45.00000   0.00050   610  611  612    325
   612  18.20800 -18.20800   0.10000   0.50000    0.00000 -45.00000   0.00050   611  612  613    325
   613  18.56155 -18.56155   0.10000   0.50000    0.00000 -45.00000   0.00050   612  613  614    325
   614  18.91511 -18.91511   0.10000   0.50000    0.00000 -45.00000   0.00050   613  614  615    325
   615  19.26866 -19.26866   0.10000   0.50000    0.00000 -45.00000   0.00050   614  615  616    325
   616  19.62221 -19.62221   0.10000   0.50000    0.00000 -45.00000   0.00050   615  616  617    325
   617  19.97577 -19.97577   0.10000   0.50000    0.00000 -45.00000   0.00050   616  617  618    325
   618  20.32932 -20.32932   0.10000   0.50000    0.00000 -45.00000   0.00050   617  618  619    325
   619  20.68287 -20.68287   0.10000   0.50000    0.00000 -45.00000   0.00050   618  619  620    325
   620  21.03643 -21.03643   0.10000   0.50000    0.00000 -45.00000   0.00050   619  620  621    325
   621  21.38998 -21.38998   0.10000   0.50000    0.00000 -45.00000   0.00050   620  621  622    325
   622  21.74353 -21.74353   0.10000   0.50000    0.00000 -45.00000   0.00050   621  622  623    325
   623  22.09709 -22.09709   0.10000   0.50000    0.00000 -45.00000   0.00050   622  623  624    325
   624  22.45064 -22.45064   0.10000   0.50000    0.00000 -45.00000   0.00050   623  624  625    325
   625  22.80419 -22.80419   0.10000   0.50000    0.00000 -45.00000   0.00050   624  625  626    325
   626  23.15775 -23.15775   0.10000   0.50000    0.00000 -45.00000   0.00050   625  626  627    325
   627  23.51130 -23.51130   0.10000   0.50000    0.00000 -45.00000   0.00050   626  627  628    325
   628  23.86485 -23.86485   0.10000   0.50000    0.00000 -45.00000   0.00050   627  628  629    325
   629  24.21841 -24.21841   0.10000   0.50000    0.00000 -45.00000   0.00050   628  629  630    325
   630  24.57196 -24.57196   0.10000   0.50000    0.00000 -45.00000   0.00050   629  630  631    325
   631  24.92551 -24.92551   0.10000   0.50000    0.00000 -45.00000   0.00050   630  631  632    325
   632  25.27907 -25.27907   0.10000   0.50000    0.00000 -45.00000   0.00050   631  632  633    325
   633  25.63262 -25.63262   0.10000   0.50000    0.00000 -45.00000   0.00050   632  633  634    325
   634  25.98617 -25.98617   0.10000   0.50000    0.00000 -45.00000   0.00050   633  634  635    325
   635  26.33973 -26.33973   0.10000   0.50000    0.00000 -45.00000   0.00050   634  635  636    325
   636  26.69328 -26.69328   0.10000   0.50000    0.00000 -45.00000   0.00050   635  636  637    325
   637  27.04683 -27.04683   0.10000   0.50000    0.00000 -45.00000   0.00050   636  637  638    325
   638  27.40039 -27.40039   0.10000   0.50000    0.00000 -45.00000   0.00050   637  638  639    325
   639  27.75394 -27.75394   0.10000   0.50000    0.00000 -45.00000   0.00050   638  639  640    325
   640  28.10749 -28.10749   0.10000   0.50000    0.00000 -45.00000   0.00050   639  640    0    325






 ***** DATA CARD NO.  1   GN   2     0     0     0  1.30000E+01  5.00000E-03  0.00000E+00  0.00000E+00  0.00000E+00  0.00000E+00
 ***** DATA CARD NO.  2   FR   0     1     0     0  3.52500E+00  0.00000E+00  0.00000E+00  0.00000E+00  0.00000E+00  0.00000E+00
 ***** DATA CARD NO.  3   WG   0     0     0     0  0.00000E+00  0.00000E+00  0.00000E+00  0.00000E+00  0.00000E+00  0.00000E+00




                                 - - - - - - FREQUENCY - - - - - -

                                    FREQUENCY= 3.5250E+00 MHZ
                                    WAVELENGTH= 8.5050E+01 METERS




                    APPROXIMATE INTEGRATION EMPLOYED FOR SEGMENTS MORE THAN   1.000 WAVELENGTHS APART



                               - - - STRUCTURE IMPEDANCE LOADING - - -

                                   THIS STRUCTURE IS NOT LOADED



                                  - - - ANTENNA ENVIRONMENT - - -

                                        FINITE GROUND.  SOMMERFELD SOLUTION
                                        RELATIVE DIELECTRIC CONST.= 13.000
                                        CONDUCTIVITY= 5.000E-03 MHOS/METER
                                        COMPLEX DIELECTRIC CONSTANT= 1.30000E+01-2.54979E+01



                                - - - MATRIX TIMING - - -

                        FILL=    0.203 SEC.,  FACTOR=    0.000 SEC.



 ****NUMERICAL GREEN'S FUNCTION FILE ON TAPE 20 ****
     MATRIX STORAGE -  51200 COMPLEX NUMBERS



 ***** DATA CARD NO.  4   XQ   0     0     0     0  0.00000E+00  0.00000E+00  0.00000E+00  0.00000E+00  0.00000E+00  0.00000E+00
 ***** DATA CARD NO.  5   EN   0     0     0     0  0.00000E+00  0.00000E+00  0.00000E+00  0.00000E+00  0.00000E+00  0.00000E+00

 RUN TIME =     0.297
