1
 x13



                                ***********************************************
                                *                                             *
                                *  NUMERICAL ELECTROMAGNETICS CODE (NEC-5)    *
                                *                                             *
                                ***********************************************




                      **********************************************************

                          Dipole in free space                                                         
                                                                                                       
                          EZNEC Pro/2+ v. 7.0.4  2026-08-25 16:07:01                                   
                                                                                                       
                          ! Written by EZNEC/Pro+ v. 7.0 in NEC-5 format.                              
                                                                                                       

                      **********************************************************





                                 - - - STRUCTURE SPECIFICATION - - -

                                     COORDINATES MUST BE INPUT IN
                                     METERS OR BE SCALED TO METERS
                                     BEFORE STRUCTURE INPUT IS ENDED

 Model definition commands:

 GW    1    11  0.00000E+00 -2.50000E-01  0.00000E+00  0.00000E+00  2.50000E-01  0.00000E+00  5.00000E-04
 GE    0   -1

 Number of nodes :    12
 Number of wire elements :    11
 Number of patch elements:     0
 Number unknowns:    10




 ***** INPUT LINE  1  FR   0    1    0    0  3.10000E+02  0.00000E+00  0.00000E+00  0.00000E+00  0.00000E+00  0.00000E+00
 ***** INPUT LINE  2  GN  -1    0    0    0  0.00000E+00  0.00000E+00  0.00000E+00  0.00000E+00  0.00000E+00  0.00000E+00
 ***** INPUT LINE  3  EX   4    1    6    0  1.41421E+00  0.00000E+00  0.00000E+00  0.00000E+00  0.00000E+00  0.00000E+00
 ***** INPUT LINE  4  PQ   0    0    0    0  0.00000E+00  0.00000E+00  0.00000E+00  0.00000E+00  0.00000E+00  0.00000E+00
 ***** INPUT LINE  5  XQ   0    0    0    0  0.00000E+00  0.00000E+00  0.00000E+00  0.00000E+00  0.00000E+00  0.00000E+00




                                 - - - - - - FREQUENCY - - - - - -

                                    FREQUENCY= 3.1000E+02 MHZ
                                    WAVELENGTH= 9.6710E-01 METERS



                                  - - - ANTENNA ENVIRONMENT - - -

                                            FREE SPACE



                               - - - STRUCTURE IMPEDANCE LOADING - - -

                                   THIS STRUCTURE IS NOT LOADED
ALLOCATE CM:            100



                                - - - MATRIX TIMING - - -

                        FILL=    0.000 SEC.,  FACTOR=    0.000 SEC.



                                          - - - ANTENNA INPUT PARAMETERS - - -

   TAG   SEG.    VOLTAGE (VOLTS)         CURRENT (AMPS)         IMPEDANCE (OHMS)        ADMITTANCE (MHOS)      POWER
   NO.   NO.    REAL        IMAG.       REAL        IMAG.       REAL        IMAG.       REAL        IMAG.     (WATTS)
   1     6 1  1.2661E+02  9.4019E+01  1.4142E+00  0.0000E+00  8.9527E+01  6.6482E+01  7.1997E-03 -5.3464E-03  8.9527E+01



                                       - - - Wire Currents - - -

                             Lengths normalized by wavelength (or 2.*pi/CABS(k))

  Elem.  Tag            Coord. of seg. center          Seg.            - - - Current (Amps) - - -
   No.   No.     X            Y            Z           Length       Real         Imag.        Mag.         Phase
      1    1  0.00000E+00 -2.35005E-01  0.00000E+00  4.70010E-02  2.42457E-01 -3.30732E-02  2.44703E-01   -7.7677
      2    1  0.00000E+00 -1.88004E-01  0.00000E+00  4.70010E-02  6.81882E-01 -8.60339E-02  6.87288E-01   -7.1911
      3    1  0.00000E+00 -1.41003E-01  0.00000E+00  4.70010E-02  1.03235E+00 -1.13503E-01  1.03857E+00   -6.2742
      4    1  0.00000E+00 -9.40021E-02  0.00000E+00  4.70010E-02  1.28654E+00 -1.15645E-01  1.29173E+00   -5.1364
      5    1  0.00000E+00 -4.70010E-02  0.00000E+00  4.70010E-02  1.42749E+00 -9.12320E-02  1.43040E+00   -3.6568
      6    1  0.00000E+00  3.58749E-17  0.00000E+00  4.70010E-02  1.44098E+00 -3.61292E-02  1.44144E+00   -1.4363
      7    1  0.00000E+00  4.70010E-02  0.00000E+00  4.70010E-02  1.38006E+00 -2.70628E-02  1.38033E+00   -1.1234
      8    1  0.00000E+00  9.40021E-02  0.00000E+00  4.70010E-02  1.24922E+00 -6.48418E-02  1.25090E+00   -2.9713
      9    1  0.00000E+00  1.41003E-01  0.00000E+00  4.70010E-02  1.00368E+00 -7.42503E-02  1.00643E+00   -4.2309
     10    1  0.00000E+00  1.88004E-01  0.00000E+00  4.70010E-02  6.63375E-01 -6.05452E-02  6.66133E-01   -5.2148
     11    1  0.00000E+00  2.35005E-01  0.00000E+00  4.70010E-02  2.35950E-01 -2.40739E-02  2.37175E-01   -5.8257



                             - - - Wire Charge Densities - - -

                     Lengths normalized by wavelength (or 2.*pi/CABS(k))

  ELEM.  TAG          Coord. of Seg. Center           Seg.        Charge Density (C/m)
   No.   No.     X            Y            Z          Length        Mag.         Phase
      1    1  0.00000E+00 -2.35005E-01  0.00000E+00  4.70010E-02  5.52777E-09   82.2323
      2    1  0.00000E+00 -1.88004E-01  0.00000E+00  4.70010E-02  4.47206E-09   84.2345
      3    1  0.00000E+00 -1.41003E-01  0.00000E+00  4.70010E-02  3.47179E-09   87.1725
      4    1  0.00000E+00 -9.40021E-02  0.00000E+00  4.70010E-02  2.27780E-09   93.0921
      5    1  0.00000E+00 -4.70010E-02  0.00000E+00  4.70010E-02  1.00547E-09  115.2315
      6    1  0.00000E+00  3.58749E-17  0.00000E+00  4.70010E-02  1.01576E-09 -143.4642
      7    1  0.00000E+00  4.70010E-02  0.00000E+00  4.70010E-02  9.84295E-10  -51.6038
      8    1  0.00000E+00  9.40021E-02  0.00000E+00  4.70010E-02  2.19777E-09  -83.6763
      9    1  0.00000E+00  1.41003E-01  0.00000E+00  4.70010E-02  3.36224E-09  -90.5034
     10    1  0.00000E+00  1.88004E-01  0.00000E+00  4.70010E-02  4.33442E-09  -93.7046
     11    1  0.00000E+00  2.35005E-01  0.00000E+00  4.70010E-02  5.35772E-09  -95.8257



                                        - - - POWER BUDGET - - -

                                           INPUT POWER   = 8.9527E+01 WATTS
                                           RADIATED POWER= 8.9527E+01 WATTS
                                           WIRE LOSS     = 0.0000E+00 WATTS
                                           EFFICIENCY    = 100.00 PERCENT




 ***** INPUT LINE  6  EN   0    0    0    0  0.00000E+00  0.00000E+00  0.00000E+00  0.00000E+00  0.00000E+00  0.00000E+00

 RUN TIME =     0.000
