1
 x13



                                ***********************************************
                                *                                             *
                                *  NUMERICAL ELECTROMAGNETICS CODE (NEC-5)    *
                                *                                             *
                                ***********************************************




                      **********************************************************

                          Cardioid - L Network Feed                                                    
                                                                                                       
                          EZNEC Pro/2+ v. 7.0.4  2026-08-20 20:33:31                                   
                                                                                                       
                          ! Written by EZNEC/Pro+ v. 7.0 in NEC-5 format.                              
                                                                                                       
                          ! *Wire #3 for virtual segments.                                             
                                                                                                       

                      **********************************************************





                                 - - - STRUCTURE SPECIFICATION - - -

                                     COORDINATES MUST BE INPUT IN
                                     METERS OR BE SCALED TO METERS
                                     BEFORE STRUCTURE INPUT IS ENDED

 Model definition commands:

 GW    1    30  0.00000E+00  0.00000E+00  0.00000E+00  0.00000E+00  0.00000E+00  1.00584E+01  1.27000E-02
 GW    2    30  1.04823E+01  0.00000E+00  0.00000E+00  1.04823E+01  0.00000E+00  1.00584E+01  1.27000E-02
 GW    3     3  4.19290E+03  4.19290E+03  4.23483E+03  4.19303E+03  4.19303E+03  4.23496E+03  4.19290E-03
 GE    1   -1

   GROUND PLANE SPECIFIED.

   WHERE WIRE ENDS TOUCH GROUND, CURRENT WILL BE INTERPOLATED TO IMAGE IN GROUND PLANE.


 Number of nodes :    66
 Number of wire elements :    63
 Number of patch elements:     0
 Number unknowns:    62




 ***** INPUT LINE  1  LD   4    1   -1    0  1.80000E+01  0.00000E+00  0.00000E+00  0.00000E+00  0.00000E+00  0.00000E+00
 ***** INPUT LINE  2  LD   4    2   -1    0  1.80000E+01  0.00000E+00  0.00000E+00  0.00000E+00  0.00000E+00  0.00000E+00
 ***** INPUT LINE  3  LD   4    3    1    0  1.00000E+10  0.00000E+00  0.00000E+00  0.00000E+00  0.00000E+00  0.00000E+00
 ***** INPUT LINE  4  LD   4    3    2    0  1.00000E+10  0.00000E+00  0.00000E+00  0.00000E+00  0.00000E+00  0.00000E+00
 ***** INPUT LINE  5  FR   0    1    0    0  7.15000E+00  0.00000E+00  0.00000E+00  0.00000E+00  0.00000E+00  0.00000E+00
 ***** INPUT LINE  6  GD   0    0    0    0  1.30000E+01  5.00000E-03  1.00000E+00  0.00000E+00  0.00000E+00  0.00000E+00
 ***** INPUT LINE  7  EX   4    3    1    0  1.41421E+00  0.00000E+00  0.00000E+00  0.00000E+00  0.00000E+00  0.00000E+00
 ***** INPUT LINE  8  TL   3    1    1   -1  7.50000E+01  1.04824E+01  0.00000E+00  0.00000E+00  0.00000E+00  0.00000E+00
 ***** INPUT LINE  9  TL   3    2    2   -1  7.50000E+01  1.04824E+01  0.00000E+00  0.00000E+00  0.00000E+00  0.00000E+00
 ***** INPUT LINE 10  NT   3    1    3    2  1.50410E-07 -1.22600E-02 -1.50400E-07  1.22640E-02  2.30900E-07 -3.29300E-03
 ***** INPUT LINE 11  PQ   0    0    0    0  0.00000E+00  0.00000E+00  0.00000E+00  0.00000E+00  0.00000E+00  0.00000E+00
 ***** INPUT LINE 12  XQ   0    0    0    0  0.00000E+00  0.00000E+00  0.00000E+00  0.00000E+00  0.00000E+00  0.00000E+00




                                 - - - - - - FREQUENCY - - - - - -

                                    FREQUENCY= 7.1500E+00 MHZ
                                    WAVELENGTH= 4.1930E+01 METERS



                                  - - - ANTENNA ENVIRONMENT - - -


 GMPINO: EPSC from file = 1.30000E+01-6.37447E+00
              should be  1.30000E+01-1.25706E+01
 Will compute Sommerfeld-ground tables
                                        FINITE GROUND.  SOMMERFELD SOLUTION
                                        RELATIVE DIELECTRIC CONST.= 13.000
                                        CONDUCTIVITY= 5.000E-03 MHOS/METER
                                        COMPLEX DIELECTRIC CONSTANT= 1.30000E+01-1.25706E+01



                               - - - STRUCTURE IMPEDANCE LOADING - - -


       LOCATION          RESISTANCE   INDUCTANCE  CAPACITANCE       IMPEDANCE (OHMS)     CONDUCTIVITY    TYPE
    ITAG FROM THRU          OHMS        HENRYS       FARADS        REAL      IMAGINARY    MHOS/METER

       1    1    1                                             1.8000E+01                             FIXED IMPEDANCE 
       2    1    1                                             1.8000E+01                             FIXED IMPEDANCE 
       3    1    1                                             1.0000E+10                             FIXED IMPEDANCE 
       3    2    2                                             1.0000E+10                             FIXED IMPEDANCE 
ALLOCATE CM:           3844



                                - - - MATRIX TIMING - - -

                        FILL=    0.016 SEC.,  FACTOR=    0.000 SEC.



                                            - - - NETWORK DATA - - -

      - FROM -    - TO -           TRANSMISSION LINE               -  -  SHUNT ADMITTANCES (MHOS)  -  -              LINE
      TAG  SEG.   TAG  SEG.      IMPEDANCE      LENGTH            - END ONE -                 - END TWO -            TYPE
      NO.   NO.   NO.   NO.         OHMS        METERS         REAL          IMAG.         REAL          IMAG.
        3    61     1    -1     7.5000E+01    1.0482E+01    0.0000E+00    0.0000E+00    0.0000E+00    0.0000E+00   STRAIGHT
        3    62     2   -31     7.5000E+01    1.0482E+01    0.0000E+00    0.0000E+00    0.0000E+00    0.0000E+00   STRAIGHT

      - FROM -    - TO -                          -  -  ADMITTANCE MATRIX ELEMENTS (MHOS)  -  -
      TAG   SEG.   TAG  SEG.             (ONE,ONE)                   (ONE,TWO)                   (TWO,TWO)
      NO.   NO.   NO.   NO.        REAL          IMAG.         REAL          IMAG.         REAL          IMAG.
        3    61     3    62     1.5041E-07   -1.2260E-02   -1.5040E-07    1.2264E-02    2.3090E-07   -3.2930E-03



                           - - - STRUCTURE EXCITATION DATA AT NETWORK CONNECTION POINTS - - -

   TAG   SEG.    VOLTAGE (VOLTS)         CURRENT (AMPS)         IMPEDANCE (OHMS)        ADMITTANCE (MHOS)      POWER
   NO.   NO.    REAL        IMAG.       REAL        IMAG.       REAL        IMAG.       REAL        IMAG.     (WATTS)
   3    61 1  4.4678E+01  3.6692E+01  4.4678E-09  3.6692E-09  1.0000E+10 -2.5402E+04  1.0000E-10  2.5402E-16  1.6712E-07
   1     1 2  6.0176E+00 -3.2808E+01  4.8924E-01 -5.9570E-01  3.7845E+01 -2.0979E+01  2.0212E-02  1.1205E-02  1.1244E+01
   3    62 1  3.8121E+01 -4.2965E+01  3.8121E-09 -4.2965E-09  1.0000E+10 -2.5498E+04  1.0000E-10  2.5498E-16  1.6496E-07
   2    31 2 -3.1678E+01 -4.4361E+01 -5.7285E-01 -5.0829E-01  6.9384E+01  1.5874E+01  1.3696E-02 -3.1334E-03  2.0348E+01



                                          - - - ANTENNA INPUT PARAMETERS - - -

   TAG   SEG.    VOLTAGE (VOLTS)         CURRENT (AMPS)         IMPEDANCE (OHMS)        ADMITTANCE (MHOS)      POWER
   NO.   NO.    REAL        IMAG.       REAL        IMAG.       REAL        IMAG.       REAL        IMAG.     (WATTS)
   3    61 1  4.4678E+01  3.6692E+01  1.4142E+00  0.0000E+00  3.1592E+01  2.5945E+01  1.8904E-02 -1.5525E-02  3.1592E+01



                                       - - - Wire Currents - - -

                             Lengths normalized by wavelength (or 2.*pi/CABS(k))

  Elem.  Tag            Coord. of seg. center          Seg.            - - - Current (Amps) - - -
   No.   No.     X            Y            Z           Length       Real         Imag.        Mag.         Phase
      1    1  0.00000E+00  0.00000E+00  3.99809E-03  7.99617E-03  4.85965E-01 -5.94957E-01  7.68203E-01  -50.7579
      2    1  0.00000E+00  0.00000E+00  1.19943E-02  7.99617E-03  4.79737E-01 -5.92838E-01  7.62629E-01  -51.0195
      3    1  0.00000E+00  0.00000E+00  1.99904E-02  7.99617E-03  4.73517E-01 -5.89388E-01  7.56040E-01  -51.2215
      4    1  0.00000E+00  0.00000E+00  2.79866E-02  7.99617E-03  4.66594E-01 -5.84525E-01  7.47916E-01  -51.4016
      5    1  0.00000E+00  0.00000E+00  3.59828E-02  7.99617E-03  4.58845E-01 -5.78240E-01  7.38174E-01  -51.5673
      6    1  0.00000E+00  0.00000E+00  4.39789E-02  7.99617E-03  4.50225E-01 -5.70540E-01  7.26786E-01  -51.7223
      7    1  0.00000E+00  0.00000E+00  5.19751E-02  7.99617E-03  4.40716E-01 -5.61435E-01  7.13750E-01  -51.8688
      8    1  0.00000E+00  0.00000E+00  5.99713E-02  7.99617E-03  4.30316E-01 -5.50942E-01  6.99077E-01  -52.0082
      9    1  0.00000E+00  0.00000E+00  6.79675E-02  7.99617E-03  4.19033E-01 -5.39080E-01  6.82785E-01  -52.1416
     10    1  0.00000E+00  0.00000E+00  7.59636E-02  7.99617E-03  4.06881E-01 -5.25872E-01  6.64901E-01  -52.2699
     11    1  0.00000E+00  0.00000E+00  8.39598E-02  7.99617E-03  3.93877E-01 -5.11345E-01  6.45455E-01  -52.3938
     12    1  0.00000E+00  0.00000E+00  9.19560E-02  7.99617E-03  3.80043E-01 -4.95526E-01  6.24483E-01  -52.5136
     13    1  0.00000E+00  0.00000E+00  9.99521E-02  7.99617E-03  3.65403E-01 -4.78447E-01  6.02022E-01  -52.6300
     14    1  0.00000E+00  0.00000E+00  1.07948E-01  7.99617E-03  3.49984E-01 -4.60140E-01  5.78115E-01  -52.7433
     15    1  0.00000E+00  0.00000E+00  1.15944E-01  7.99617E-03  3.33813E-01 -4.40640E-01  5.52806E-01  -52.8537
     16    1  0.00000E+00  0.00000E+00  1.23941E-01  7.99617E-03  3.16921E-01 -4.19984E-01  5.26142E-01  -52.9617
     17    1  0.00000E+00  0.00000E+00  1.31937E-01  7.99617E-03  2.99338E-01 -3.98210E-01  4.98171E-01  -53.0675
     18    1  0.00000E+00  0.00000E+00  1.39933E-01  7.99617E-03  2.81095E-01 -3.75355E-01  4.68941E-01  -53.1712
     19    1  0.00000E+00  0.00000E+00  1.47929E-01  7.99617E-03  2.62225E-01 -3.51458E-01  4.38503E-01  -53.2731
     20    1  0.00000E+00  0.00000E+00  1.55925E-01  7.99617E-03  2.42757E-01 -3.26557E-01  4.06904E-01  -53.3734
     21    1  0.00000E+00  0.00000E+00  1.63922E-01  7.99617E-03  2.22722E-01 -3.00687E-01  3.74190E-01  -53.4722
     22    1  0.00000E+00  0.00000E+00  1.71918E-01  7.99617E-03  2.02146E-01 -2.73881E-01  3.40402E-01  -53.5697
     23    1  0.00000E+00  0.00000E+00  1.79914E-01  7.99617E-03  1.81052E-01 -2.46165E-01  3.05576E-01  -53.6659
     24    1  0.00000E+00  0.00000E+00  1.87910E-01  7.99617E-03  1.59454E-01 -2.17556E-01  2.69734E-01  -53.7610
     25    1  0.00000E+00  0.00000E+00  1.95906E-01  7.99617E-03  1.37358E-01 -1.88055E-01  2.32878E-01  -53.8550
     26    1  0.00000E+00  0.00000E+00  2.03902E-01  7.99617E-03  1.14748E-01 -1.57637E-01  1.94978E-01  -53.9481
     27    1  0.00000E+00  0.00000E+00  2.11899E-01  7.99617E-03  9.15721E-02 -1.26224E-01  1.55942E-01  -54.0401
     28    1  0.00000E+00  0.00000E+00  2.19895E-01  7.99617E-03  6.77006E-02 -9.36300E-02  1.15542E-01  -54.1306
     29    1  0.00000E+00  0.00000E+00  2.27891E-01  7.99617E-03  4.28037E-02 -5.93886E-02  7.32064E-02  -54.2182
     30    1  0.00000E+00  0.00000E+00  2.35887E-01  7.99617E-03  1.50197E-02 -2.08859E-02  2.57257E-02  -54.2790
     31    2  2.49994E-01  0.00000E+00  3.99809E-03  7.99617E-03 -5.77208E-01 -5.05111E-01  7.67011E-01 -138.8111
     32    2  2.49994E-01  0.00000E+00  1.19943E-02  7.99617E-03 -5.83723E-01 -4.99010E-01  7.67948E-01 -139.4737
     33    2  2.49994E-01  0.00000E+00  1.99904E-02  7.99617E-03 -5.86819E-01 -4.92841E-01  7.66322E-01 -139.9747
     34    2  2.49994E-01  0.00000E+00  2.79866E-02  7.99617E-03 -5.87645E-01 -4.85916E-01  7.62523E-01 -140.4131
     35    2  2.49994E-01  0.00000E+00  3.59828E-02  7.99617E-03 -5.86418E-01 -4.78117E-01  7.56625E-01 -140.8090
     36    2  2.49994E-01  0.00000E+00  4.39789E-02  7.99617E-03 -5.83243E-01 -4.69398E-01  7.48670E-01 -141.1726
     37    2  2.49994E-01  0.00000E+00  5.19751E-02  7.99617E-03 -5.78184E-01 -4.59744E-01  7.38689E-01 -141.5100
     38    2  2.49994E-01  0.00000E+00  5.99713E-02  7.99617E-03 -5.71288E-01 -4.49152E-01  7.26710E-01 -141.8252
     39    2  2.49994E-01  0.00000E+00  6.79675E-02  7.99617E-03 -5.62594E-01 -4.37631E-01  7.12764E-01 -142.1214
     40    2  2.49994E-01  0.00000E+00  7.59636E-02  7.99617E-03 -5.52140E-01 -4.25192E-01  6.96884E-01 -142.4009
     41    2  2.49994E-01  0.00000E+00  8.39598E-02  7.99617E-03 -5.39961E-01 -4.11853E-01  6.79103E-01 -142.6656
     42    2  2.49994E-01  0.00000E+00  9.19560E-02  7.99617E-03 -5.26093E-01 -3.97636E-01  6.59460E-01 -142.9170
     43    2  2.49994E-01  0.00000E+00  9.99521E-02  7.99617E-03 -5.10574E-01 -3.82562E-01  6.37997E-01 -143.1566
     44    2  2.49994E-01  0.00000E+00  1.07948E-01  7.99617E-03 -4.93443E-01 -3.66659E-01  6.14756E-01 -143.3853
     45    2  2.49994E-01  0.00000E+00  1.15944E-01  7.99617E-03 -4.74739E-01 -3.49953E-01  5.89783E-01 -143.6043
     46    2  2.49994E-01  0.00000E+00  1.23941E-01  7.99617E-03 -4.54504E-01 -3.32473E-01  5.63128E-01 -143.8143
     47    2  2.49994E-01  0.00000E+00  1.31937E-01  7.99617E-03 -4.32782E-01 -3.14249E-01  5.34839E-01 -144.0161
     48    2  2.49994E-01  0.00000E+00  1.39933E-01  7.99617E-03 -4.09616E-01 -2.95312E-01  5.04970E-01 -144.2103
     49    2  2.49994E-01  0.00000E+00  1.47929E-01  7.99617E-03 -3.85049E-01 -2.75692E-01  4.73570E-01 -144.3977
     50    2  2.49994E-01  0.00000E+00  1.55925E-01  7.99617E-03 -3.59124E-01 -2.55418E-01  4.40691E-01 -144.5786
     51    2  2.49994E-01  0.00000E+00  1.63922E-01  7.99617E-03 -3.31883E-01 -2.34520E-01  4.06382E-01 -144.7537
     52    2  2.49994E-01  0.00000E+00  1.71918E-01  7.99617E-03 -3.03363E-01 -2.13022E-01  3.70685E-01 -144.9234
     53    2  2.49994E-01  0.00000E+00  1.79914E-01  7.99617E-03 -2.73594E-01 -1.90947E-01  3.33638E-01 -145.0881
     54    2  2.49994E-01  0.00000E+00  1.87910E-01  7.99617E-03 -2.42597E-01 -1.68307E-01  2.95263E-01 -145.2481
     55    2  2.49994E-01  0.00000E+00  1.95906E-01  7.99617E-03 -2.10373E-01 -1.45105E-01  2.55562E-01 -145.4039
     56    2  2.49994E-01  0.00000E+00  2.03902E-01  7.99617E-03 -1.76893E-01 -1.21323E-01  2.14500E-01 -145.5556
     57    2  2.49994E-01  0.00000E+00  2.11899E-01  7.99617E-03 -1.42070E-01 -9.69012E-02  1.71970E-01 -145.7033
     58    2  2.49994E-01  0.00000E+00  2.19895E-01  7.99617E-03 -1.05692E-01 -7.17019E-02  1.27718E-01 -145.8468
     59    2  2.49994E-01  0.00000E+00  2.27891E-01  7.99617E-03 -6.72255E-02 -4.53718E-02  8.11041E-02 -145.9838
     60    2  2.49994E-01  0.00000E+00  2.35887E-01  7.99617E-03 -2.36870E-02 -1.59302E-02  2.85455E-02 -146.0779
     61    3  9.99980E+01  9.99980E+01  1.00998E+02  1.73494E-03  2.23389E-09  1.83460E-09  2.89068E-09   39.3948
     62    3  9.99990E+01  9.99990E+01  1.00999E+02  1.73494E-03  4.13996E-09 -3.13629E-10  4.15183E-09   -4.3322
     63    3  1.00000E+02  1.00000E+02  1.01000E+02  1.73494E-03  1.90607E-09 -2.14823E-09  2.87193E-09  -48.4181



                             - - - Wire Charge Densities - - -

                     Lengths normalized by wavelength (or 2.*pi/CABS(k))

  ELEM.  TAG          Coord. of Seg. Center           Seg.        Charge Density (C/m)
   No.   No.     X            Y            Z          Length        Mag.         Phase
      1    1  0.00000E+00  0.00000E+00  3.99809E-03  7.99617E-03  4.45551E-10 -102.8559
      2    1  0.00000E+00  0.00000E+00  1.19943E-02  7.99617E-03  4.32825E-10 -114.9147
      3    1  0.00000E+00  0.00000E+00  1.99904E-02  7.99617E-03  5.13609E-10 -122.4645
      4    1  0.00000E+00  0.00000E+00  2.79866E-02  7.99617E-03  6.10796E-10 -127.2933
      5    1  0.00000E+00  0.00000E+00  3.59828E-02  7.99617E-03  7.14446E-10 -130.5409
      6    1  0.00000E+00  0.00000E+00  4.39789E-02  7.99617E-03  8.20680E-10 -132.8463
      7    1  0.00000E+00  0.00000E+00  5.19751E-02  7.99617E-03  9.27616E-10 -134.5596
      8    1  0.00000E+00  0.00000E+00  5.99713E-02  7.99617E-03  1.03417E-09 -135.8817
      9    1  0.00000E+00  0.00000E+00  6.79675E-02  7.99617E-03  1.13964E-09 -136.9342
     10    1  0.00000E+00  0.00000E+00  7.59636E-02  7.99617E-03  1.24352E-09 -137.7943
     11    1  0.00000E+00  0.00000E+00  8.39598E-02  7.99617E-03  1.34540E-09 -138.5127
     12    1  0.00000E+00  0.00000E+00  9.19560E-02  7.99617E-03  1.44498E-09 -139.1244
     13    1  0.00000E+00  0.00000E+00  9.99521E-02  7.99617E-03  1.54199E-09 -139.6539
     14    1  0.00000E+00  0.00000E+00  1.07948E-01  7.99617E-03  1.63621E-09 -140.1190
     15    1  0.00000E+00  0.00000E+00  1.15944E-01  7.99617E-03  1.72747E-09 -140.5329
     16    1  0.00000E+00  0.00000E+00  1.23941E-01  7.99617E-03  1.81562E-09 -140.9056
     17    1  0.00000E+00  0.00000E+00  1.31937E-01  7.99617E-03  1.90058E-09 -141.2446
     18    1  0.00000E+00  0.00000E+00  1.39933E-01  7.99617E-03  1.98230E-09 -141.5561
     19    1  0.00000E+00  0.00000E+00  1.47929E-01  7.99617E-03  2.06079E-09 -141.8448
     20    1  0.00000E+00  0.00000E+00  1.55925E-01  7.99617E-03  2.13615E-09 -142.1145
     21    1  0.00000E+00  0.00000E+00  1.63922E-01  7.99617E-03  2.20859E-09 -142.3684
     22    1  0.00000E+00  0.00000E+00  1.71918E-01  7.99617E-03  2.27846E-09 -142.6090
     23    1  0.00000E+00  0.00000E+00  1.79914E-01  7.99617E-03  2.34637E-09 -142.8386
     24    1  0.00000E+00  0.00000E+00  1.87910E-01  7.99617E-03  2.41327E-09 -143.0589
     25    1  0.00000E+00  0.00000E+00  1.95906E-01  7.99617E-03  2.48079E-09 -143.2717
     26    1  0.00000E+00  0.00000E+00  2.03902E-01  7.99617E-03  2.55177E-09 -143.4782
     27    1  0.00000E+00  0.00000E+00  2.11899E-01  7.99617E-03  2.63168E-09 -143.6800
     28    1  0.00000E+00  0.00000E+00  2.19895E-01  7.99617E-03  2.73275E-09 -143.8783
     29    1  0.00000E+00  0.00000E+00  2.27891E-01  7.99617E-03  2.88866E-09 -144.0746
     30    1  0.00000E+00  0.00000E+00  2.35887E-01  7.99617E-03  3.41589E-09 -144.2790
     31    2  2.49994E-01  0.00000E+00  3.99809E-03  7.99617E-03  7.17042E-10 -126.1273
     32    2  2.49994E-01  0.00000E+00  1.19943E-02  7.99617E-03  4.81408E-10 -143.5648
     33    2  2.49994E-01  0.00000E+00  1.99904E-02  7.99617E-03  4.49586E-10 -163.8332
     34    2  2.49994E-01  0.00000E+00  2.79866E-02  7.99617E-03  4.87943E-10  178.1763
     35    2  2.49994E-01  0.00000E+00  3.59828E-02  7.99617E-03  5.67370E-10  164.9440
     36    2  2.49994E-01  0.00000E+00  4.39789E-02  7.99617E-03  6.68598E-10  155.7874
     37    2  2.49994E-01  0.00000E+00  5.19751E-02  7.99617E-03  7.80901E-10  149.3962
     38    2  2.49994E-01  0.00000E+00  5.99713E-02  7.99617E-03  8.98635E-10  144.7907
     39    2  2.49994E-01  0.00000E+00  6.79675E-02  7.99617E-03  1.01872E-09  141.3535
     40    2  2.49994E-01  0.00000E+00  7.59636E-02  7.99617E-03  1.13935E-09  138.7043
     41    2  2.49994E-01  0.00000E+00  8.39598E-02  7.99617E-03  1.25939E-09  136.6045
     42    2  2.49994E-01  0.00000E+00  9.19560E-02  7.99617E-03  1.37806E-09  134.9001
     43    2  2.49994E-01  0.00000E+00  9.99521E-02  7.99617E-03  1.49480E-09  133.4881
     44    2  2.49994E-01  0.00000E+00  1.07948E-01  7.99617E-03  1.60918E-09  132.2975
     45    2  2.49994E-01  0.00000E+00  1.15944E-01  7.99617E-03  1.72088E-09  131.2782
     46    2  2.49994E-01  0.00000E+00  1.23941E-01  7.99617E-03  1.82966E-09  130.3939
     47    2  2.49994E-01  0.00000E+00  1.31937E-01  7.99617E-03  1.93532E-09  129.6174
     48    2  2.49994E-01  0.00000E+00  1.39933E-01  7.99617E-03  2.03777E-09  128.9285
     49    2  2.49994E-01  0.00000E+00  1.47929E-01  7.99617E-03  2.13696E-09  128.3113
     50    2  2.49994E-01  0.00000E+00  1.55925E-01  7.99617E-03  2.23297E-09  127.7536
     51    2  2.49994E-01  0.00000E+00  1.63922E-01  7.99617E-03  2.32597E-09  127.2454
     52    2  2.49994E-01  0.00000E+00  1.71918E-01  7.99617E-03  2.41634E-09  126.7788
     53    2  2.49994E-01  0.00000E+00  1.79914E-01  7.99617E-03  2.50470E-09  126.3474
     54    2  2.49994E-01  0.00000E+00  1.87910E-01  7.99617E-03  2.59212E-09  125.9457
     55    2  2.49994E-01  0.00000E+00  1.95906E-01  7.99617E-03  2.68037E-09  125.5692
     56    2  2.49994E-01  0.00000E+00  2.03902E-01  7.99617E-03  2.77262E-09  125.2138
     57    2  2.49994E-01  0.00000E+00  2.11899E-01  7.99617E-03  2.87496E-09  124.8760
     58    2  2.49994E-01  0.00000E+00  2.19895E-01  7.99617E-03  3.00106E-09  124.5525
     59    2  2.49994E-01  0.00000E+00  2.27891E-01  7.99617E-03  3.18852E-09  124.2400
     60    2  2.49994E-01  0.00000E+00  2.35887E-01  7.99617E-03  3.79030E-09  123.9221
     61    3  9.99980E+01  9.99980E+01  1.00998E+02  1.73494E-03  1.76902E-15  129.3948
     62    3  9.99990E+01  9.99990E+01  1.00999E+02  1.73494E-03  2.44563E-15   -4.7053
     63    3  1.00000E+02  1.00000E+02  1.01000E+02  1.73494E-03  1.75755E-15 -138.4181



                                        - - - POWER BUDGET - - -

                                           INPUT POWER   = 3.1592E+01 WATTS
                                           RADIATED POWER= 5.2557E+01 WATTS
                                           WIRE LOSS     = 1.0627E+01 WATTS
                                           EFFICIENCY    = 166.36 PERCENT




 ***** INPUT LINE 13  EN   0    0    0    0  0.00000E+00  0.00000E+00  0.00000E+00  0.00000E+00  0.00000E+00  0.00000E+00

 RUN TIME =     0.016
