1
 x13



                                ***********************************************
                                *                                             *
                                *  NUMERICAL ELECTROMAGNETICS CODE (NEC-5)    *
                                *                                             *
                                ***********************************************




                      **********************************************************

                          Dipole in free space                                                         
                                                                                                       
                          EZNEC Pro/2+ v. 7.0.4  2026-08-25 16:07:05                                   
                                                                                                       
                          ! Written by EZNEC/Pro+ v. 7.0 in NEC-5 format.                              
                                                                                                       

                      **********************************************************





                                 - - - STRUCTURE SPECIFICATION - - -

                                     COORDINATES MUST BE INPUT IN
                                     METERS OR BE SCALED TO METERS
                                     BEFORE STRUCTURE INPUT IS ENDED

 Model definition commands:

 GW    1    11  0.00000E+00 -2.50000E-01  0.00000E+00  0.00000E+00  2.50000E-01  0.00000E+00  5.00000E-04
 GE    0   -1

 Number of nodes :    12
 Number of wire elements :    11
 Number of patch elements:     0
 Number unknowns:    10




 ***** INPUT LINE  1  FR   0    1    0    0  3.28000E+02  0.00000E+00  0.00000E+00  0.00000E+00  0.00000E+00  0.00000E+00
 ***** INPUT LINE  2  GN  -1    0    0    0  0.00000E+00  0.00000E+00  0.00000E+00  0.00000E+00  0.00000E+00  0.00000E+00
 ***** INPUT LINE  3  EX   4    1    6    0  1.41421E+00  0.00000E+00  0.00000E+00  0.00000E+00  0.00000E+00  0.00000E+00
 ***** INPUT LINE  4  PQ   0    0    0    0  0.00000E+00  0.00000E+00  0.00000E+00  0.00000E+00  0.00000E+00  0.00000E+00
 ***** INPUT LINE  5  XQ   0    0    0    0  0.00000E+00  0.00000E+00  0.00000E+00  0.00000E+00  0.00000E+00  0.00000E+00




                                 - - - - - - FREQUENCY - - - - - -

                                    FREQUENCY= 3.2800E+02 MHZ
                                    WAVELENGTH= 9.1402E-01 METERS



                                  - - - ANTENNA ENVIRONMENT - - -

                                            FREE SPACE



                               - - - STRUCTURE IMPEDANCE LOADING - - -

                                   THIS STRUCTURE IS NOT LOADED
ALLOCATE CM:            100



                                - - - MATRIX TIMING - - -

                        FILL=    0.000 SEC.,  FACTOR=    0.000 SEC.



                                          - - - ANTENNA INPUT PARAMETERS - - -

   TAG   SEG.    VOLTAGE (VOLTS)         CURRENT (AMPS)         IMPEDANCE (OHMS)        ADMITTANCE (MHOS)      POWER
   NO.   NO.    REAL        IMAG.       REAL        IMAG.       REAL        IMAG.       REAL        IMAG.     (WATTS)
   1     6 1  1.5489E+02  1.8669E+02  1.4142E+00  0.0000E+00  1.0952E+02  1.3201E+02  3.7224E-03 -4.4868E-03  1.0952E+02



                                       - - - Wire Currents - - -

                             Lengths normalized by wavelength (or 2.*pi/CABS(k))

  Elem.  Tag            Coord. of seg. center          Seg.            - - - Current (Amps) - - -
   No.   No.     X            Y            Z           Length       Real         Imag.        Mag.         Phase
      1    1  0.00000E+00 -2.48651E-01  0.00000E+00  4.97301E-02  2.65472E-01 -4.32198E-02  2.68967E-01   -9.2469
      2    1  0.00000E+00 -1.98920E-01  0.00000E+00  4.97301E-02  7.44355E-01 -1.12682E-01  7.52836E-01   -8.6082
      3    1  0.00000E+00 -1.49190E-01  0.00000E+00  4.97301E-02  1.11928E+00 -1.48986E-01  1.12915E+00   -7.5820
      4    1  0.00000E+00 -9.94602E-02  0.00000E+00  4.97301E-02  1.37882E+00 -1.51860E-01  1.38716E+00   -6.2851
      5    1  0.00000E+00 -4.97301E-02  0.00000E+00  4.97301E-02  1.50237E+00 -1.19632E-01  1.50712E+00   -4.5528
      6    1  0.00000E+00  3.79579E-17  0.00000E+00  4.97301E-02  1.47105E+00 -4.72959E-02  1.47181E+00   -1.8415
      7    1  0.00000E+00  4.97301E-02  0.00000E+00  4.97301E-02  1.40064E+00 -3.46850E-02  1.40107E+00   -1.4186
      8    1  0.00000E+00  9.94602E-02  0.00000E+00  4.97301E-02  1.29709E+00 -8.30688E-02  1.29975E+00   -3.6644
      9    1  0.00000E+00  1.49190E-01  0.00000E+00  4.97301E-02  1.05560E+00 -9.49863E-02  1.05986E+00   -5.1418
     10    1  0.00000E+00  1.98920E-01  0.00000E+00  4.97301E-02  7.02855E-01 -7.72344E-02  7.07086E-01   -6.2709
     11    1  0.00000E+00  2.48651E-01  0.00000E+00  4.97301E-02  2.50809E-01 -3.06319E-02  2.52673E-01   -6.9632



                             - - - Wire Charge Densities - - -

                     Lengths normalized by wavelength (or 2.*pi/CABS(k))

  ELEM.  TAG          Coord. of Seg. Center           Seg.        Charge Density (C/m)
   No.   No.     X            Y            Z          Length        Mag.         Phase
      1    1  0.00000E+00 -2.48651E-01  0.00000E+00  4.97301E-02  5.74246E-09   80.7531
      2    1  0.00000E+00 -1.98920E-01  0.00000E+00  4.97301E-02  4.59066E-09   82.9897
      3    1  0.00000E+00 -1.49190E-01  0.00000E+00  4.97301E-02  3.45498E-09   86.4353
      4    1  0.00000E+00 -9.94602E-02  0.00000E+00  4.97301E-02  2.09860E-09   94.1935
      5    1  0.00000E+00 -4.97301E-02  0.00000E+00  4.97301E-02  7.63196E-10  134.4657
      6    1  0.00000E+00  3.79579E-17  0.00000E+00  4.97301E-02  1.57857E-09 -129.7675
      7    1  0.00000E+00  4.97301E-02  0.00000E+00  4.97301E-02  7.95189E-10  -21.3682
      8    1  0.00000E+00  9.94602E-02  0.00000E+00  4.97301E-02  1.94326E-09  -81.3438
      9    1  0.00000E+00  1.49190E-01  0.00000E+00  4.97301E-02  3.23493E-09  -90.6736
     10    1  0.00000E+00  1.98920E-01  0.00000E+00  4.97301E-02  4.30992E-09  -94.5376
     11    1  0.00000E+00  2.48651E-01  0.00000E+00  4.97301E-02  5.39458E-09  -96.9632



                                        - - - POWER BUDGET - - -

                                           INPUT POWER   = 1.0952E+02 WATTS
                                           RADIATED POWER= 1.0952E+02 WATTS
                                           WIRE LOSS     = 0.0000E+00 WATTS
                                           EFFICIENCY    = 100.00 PERCENT




 ***** INPUT LINE  6  EN   0    0    0    0  0.00000E+00  0.00000E+00  0.00000E+00  0.00000E+00  0.00000E+00  0.00000E+00

 RUN TIME =     0.000
