1



                                 *********************************************

                                    NUMERICAL ELECTROMAGNETICS CODE (NEC-2D)

                                 *********************************************




                                     - - - - COMMENTS - - - -


                          3.6 MHz 1/4 WL monopole                                                    
                                                                                                     




                                 - - - STRUCTURE SPECIFICATION - - -

                                     COORDINATES MUST BE INPUT IN
                                     METERS OR BE SCALED TO METERS
                                     BEFORE STRUCTURE INPUT IS ENDED


  WIRE                                                                               NO. OF    FIRST  LAST     TAG
  NO.        X1         Y1         Z1          X2         Y2         Z2      RADIUS   SEG.     SEG.   SEG.     NO.
     1  -68.30400    0.00000    0.00000   -68.30400    0.00000   75.50000    0.08334     25        1    25       1
     2    0.00000    0.00000    0.00000     0.00000    0.00000   75.50000    0.08334     25       26    50       2
     3   68.30400    0.00000    0.00000    68.30400    0.00000   75.50000    0.08334     25       51    75       3
      STRUCTURE SCALED BY FACTOR   0.30480
     4   -0.04247    0.00000 9901.00000     0.04247    0.00000 9901.00000    0.00212      1       76    76    9901
     5   -0.04247    0.00000 9902.00000     0.04247    0.00000 9902.00000    0.00212      1       77    77    9902
     6   -0.04247    0.00000 9903.00000     0.04247    0.00000 9903.00000    0.00212      1       78    78    9903

   GROUND PLANE SPECIFIED.

   WHERE WIRE ENDS TOUCH GROUND, CURRENT WILL BE INTERPOLATED TO IMAGE IN GROUND PLANE.


   TOTAL SEGMENTS USED=   78     NO. SEG. IN A SYMMETRIC CELL=   78     SYMMETRY FLAG=  0


         - MULTIPLE WIRE JUNCTIONS -
 JUNCTION    SEGMENTS  (- FOR END 1, + FOR END 2)
  NONE




                                 - - - - SEGMENTATION DATA - - - -

                                        COORDINATES IN METERS

                         I+ AND I- INDICATE THE SEGMENTS BEFORE AND AFTER I


  SEG.   COORDINATES OF SEG. CENTER     SEG.     ORIENTATION ANGLES    WIRE    CONNECTION DATA   TAG
  NO.       X         Y         Z       LENGTH     ALPHA     BETA      RADIUS    I-   I    I+    NO.
     1 -20.81906   0.00000   0.46025   0.92050   90.00000   0.00000   0.02540     1    1    2      1
     2 -20.81906   0.00000   1.38074   0.92050   90.00000   0.00000   0.02540     1    2    3      1
     3 -20.81906   0.00000   2.30124   0.92050   90.00000   0.00000   0.02540     2    3    4      1
     4 -20.81906   0.00000   3.22174   0.92050   90.00000   0.00000   0.02540     3    4    5      1
     5 -20.81906   0.00000   4.14223   0.92050   90.00000   0.00000   0.02540     4    5    6      1
     6 -20.81906   0.00000   5.06273   0.92050   90.00000   0.00000   0.02540     5    6    7      1
     7 -20.81906   0.00000   5.98322   0.92050   90.00000   0.00000   0.02540     6    7    8      1
     8 -20.81906   0.00000   6.90372   0.92050   90.00000   0.00000   0.02540     7    8    9      1
     9 -20.81906   0.00000   7.82422   0.92050   90.00000   0.00000   0.02540     8    9   10      1
    10 -20.81906   0.00000   8.74471   0.92050   90.00000   0.00000   0.02540     9   10   11      1
    11 -20.81906   0.00000   9.66521   0.92050   90.00000   0.00000   0.02540    10   11   12      1
    12 -20.81906   0.00000  10.58570   0.92050   90.00000   0.00000   0.02540    11   12   13      1
    13 -20.81906   0.00000  11.50620   0.92050   90.00000   0.00000   0.02540    12   13   14      1
    14 -20.81906   0.00000  12.42670   0.92050   90.00000   0.00000   0.02540    13   14   15      1
    15 -20.81906   0.00000  13.34719   0.92050   90.00000   0.00000   0.02540    14   15   16      1
    16 -20.81906   0.00000  14.26769   0.92050   90.00000   0.00000   0.02540    15   16   17      1
    17 -20.81906   0.00000  15.18818   0.92050   90.00000   0.00000   0.02540    16   17   18      1
    18 -20.81906   0.00000  16.10868   0.92050   90.00000   0.00000   0.02540    17   18   19      1
    19 -20.81906   0.00000  17.02918   0.92050   90.00000   0.00000   0.02540    18   19   20      1
    20 -20.81906   0.00000  17.94967   0.92050   90.00000   0.00000   0.02540    19   20   21      1
    21 -20.81906   0.00000  18.87017   0.92050   90.00000   0.00000   0.02540    20   21   22      1
    22 -20.81906   0.00000  19.79066   0.92050   90.00000   0.00000   0.02540    21   22   23      1
    23 -20.81906   0.00000  20.71116   0.92050   90.00000   0.00000   0.02540    22   23   24      1
    24 -20.81906   0.00000  21.63166   0.92050   90.00000   0.00000   0.02540    23   24   25      1
    25 -20.81906   0.00000  22.55215   0.92050   90.00000   0.00000   0.02540    24   25    0      1
    26   0.00000   0.00000   0.46025   0.92050   90.00000   0.00000   0.02540    26   26   27      2
    27   0.00000   0.00000   1.38074   0.92050   90.00000   0.00000   0.02540    26   27   28      2
    28   0.00000   0.00000   2.30124   0.92050   90.00000   0.00000   0.02540    27   28   29      2
    29   0.00000   0.00000   3.22174   0.92050   90.00000   0.00000   0.02540    28   29   30      2
    30   0.00000   0.00000   4.14223   0.92050   90.00000   0.00000   0.02540    29   30   31      2
    31   0.00000   0.00000   5.06273   0.92050   90.00000   0.00000   0.02540    30   31   32      2
    32   0.00000   0.00000   5.98322   0.92050   90.00000   0.00000   0.02540    31   32   33      2
    33   0.00000   0.00000   6.90372   0.92050   90.00000   0.00000   0.02540    32   33   34      2
    34   0.00000   0.00000   7.82422   0.92050   90.00000   0.00000   0.02540    33   34   35      2
    35   0.00000   0.00000   8.74471   0.92050   90.00000   0.00000   0.02540    34   35   36      2
    36   0.00000   0.00000   9.66521   0.92050   90.00000   0.00000   0.02540    35   36   37      2
    37   0.00000   0.00000  10.58570   0.92050   90.00000   0.00000   0.02540    36   37   38      2
    38   0.00000   0.00000  11.50620   0.92050   90.00000   0.00000   0.02540    37   38   39      2
    39   0.00000   0.00000  12.42670   0.92050   90.00000   0.00000   0.02540    38   39   40      2
    40   0.00000   0.00000  13.34719   0.92050   90.00000   0.00000   0.02540    39   40   41      2
    41   0.00000   0.00000  14.26769   0.92050   90.00000   0.00000   0.02540    40   41   42      2
    42   0.00000   0.00000  15.18818   0.92050   90.00000   0.00000   0.02540    41   42   43      2
    43   0.00000   0.00000  16.10868   0.92050   90.00000   0.00000   0.02540    42   43   44      2
    44   0.00000   0.00000  17.02918   0.92050   90.00000   0.00000   0.02540    43   44   45      2
    45   0.00000   0.00000  17.94967   0.92050   90.00000   0.00000   0.02540    44   45   46      2
    46   0.00000   0.00000  18.87017   0.92050   90.00000   0.00000   0.02540    45   46   47      2
    47   0.00000   0.00000  19.79066   0.92050   90.00000   0.00000   0.02540    46   47   48      2
    48   0.00000   0.00000  20.71116   0.92050   90.00000   0.00000   0.02540    47   48   49      2
    49   0.00000   0.00000  21.63166   0.92050   90.00000   0.00000   0.02540    48   49   50      2
    50   0.00000   0.00000  22.55215   0.92050   90.00000   0.00000   0.02540    49   50    0      2
    51  20.81906   0.00000   0.46025   0.92050   90.00000   0.00000   0.02540    51   51   52      3
    52  20.81906   0.00000   1.38074   0.92050   90.00000   0.00000   0.02540    51   52   53      3
    53  20.81906   0.00000   2.30124   0.92050   90.00000   0.00000   0.02540    52   53   54      3
    54  20.81906   0.00000   3.22174   0.92050   90.00000   0.00000   0.02540    53   54   55      3
    55  20.81906   0.00000   4.14223   0.92050   90.00000   0.00000   0.02540    54   55   56      3
    56  20.81906   0.00000   5.06273   0.92050   90.00000   0.00000   0.02540    55   56   57      3
    57  20.81906   0.00000   5.98322   0.92050   90.00000   0.00000   0.02540    56   57   58      3
    58  20.81906   0.00000   6.90372   0.92050   90.00000   0.00000   0.02540    57   58   59      3
    59  20.81906   0.00000   7.82422   0.92050   90.00000   0.00000   0.02540    58   59   60      3
    60  20.81906   0.00000   8.74471   0.92050   90.00000   0.00000   0.02540    59   60   61      3
    61  20.81906   0.00000   9.66521   0.92050   90.00000   0.00000   0.02540    60   61   62      3
    62  20.81906   0.00000  10.58570   0.92050   90.00000   0.00000   0.02540    61   62   63      3
    63  20.81906   0.00000  11.50620   0.92050   90.00000   0.00000   0.02540    62   63   64      3
    64  20.81906   0.00000  12.42670   0.92050   90.00000   0.00000   0.02540    63   64   65      3
    65  20.81906   0.00000  13.34719   0.92050   90.00000   0.00000   0.02540    64   65   66      3
    66  20.81906   0.00000  14.26769   0.92050   90.00000   0.00000   0.02540    65   66   67      3
    67  20.81906   0.00000  15.18818   0.92050   90.00000   0.00000   0.02540    66   67   68      3
    68  20.81906   0.00000  16.10868   0.92050   90.00000   0.00000   0.02540    67   68   69      3
    69  20.81906   0.00000  17.02918   0.92050   90.00000   0.00000   0.02540    68   69   70      3
    70  20.81906   0.00000  17.94967   0.92050   90.00000   0.00000   0.02540    69   70   71      3
    71  20.81906   0.00000  18.87017   0.92050   90.00000   0.00000   0.02540    70   71   72      3
    72  20.81906   0.00000  19.79066   0.92050   90.00000   0.00000   0.02540    71   72   73      3
    73  20.81906   0.00000  20.71116   0.92050   90.00000   0.00000   0.02540    72   73   74      3
    74  20.81906   0.00000  21.63166   0.92050   90.00000   0.00000   0.02540    73   74   75      3
    75  20.81906   0.00000  22.55215   0.92050   90.00000   0.00000   0.02540    74   75    0      3
    76   0.00000   0.000009901.00000   0.08494    0.00000   0.00000   0.00212     0   76    0   9901
    77   0.00000   0.000009902.00000   0.08494    0.00000   0.00000   0.00212     0   77    0   9902
    78   0.00000   0.000009903.00000   0.08494    0.00000   0.00000   0.00212     0   78    0   9903






 ***** DATA CARD NO.  1   GN   1     0     0     0  0.00000E+00  0.00000E+00  0.00000E+00  0.00000E+00  0.00000E+00  0.00000E+00
 ***** DATA CARD NO.  2   EX   0  9901     1     0  0.00000E+00  1.00000E+00  0.00000E+00  0.00000E+00  0.00000E+00  0.00000E+00
 ***** DATA CARD NO.  3   EX   0  9902     1     0 -2.00000E+00  0.00000E+00  0.00000E+00  0.00000E+00  0.00000E+00  0.00000E+00
 ***** DATA CARD NO.  4   EX   0  9903     1     0  0.00000E+00 -1.00000E+00  0.00000E+00  0.00000E+00  0.00000E+00  0.00000E+00
 ***** DATA CARD NO.  5   LD   5     0     0     0  3.07690E+07  0.00000E+00  0.00000E+00  0.00000E+00  0.00000E+00  0.00000E+00
 ***** DATA CARD NO.  6   FR   0     1     0     0  3.60000E+00  1.00000E+00  0.00000E+00  0.00000E+00  0.00000E+00  0.00000E+00
 ***** DATA CARD NO.  7   NT ***     1     1     1  0.00000E+00  0.00000E+00  0.00000E+00  1.00000E+00  0.00000E+00  0.00000E+00
 ***** DATA CARD NO.  8   NT ***     1     2     1  0.00000E+00  0.00000E+00  0.00000E+00  1.00000E+00  0.00000E+00  0.00000E+00
 ***** DATA CARD NO.  9   NT ***     1     3     1  0.00000E+00  0.00000E+00  0.00000E+00  1.00000E+00  0.00000E+00  0.00000E+00
 ***** DATA CARD NO. 10   XQ   0     0     0     0  0.00000E+00  0.00000E+00  0.00000E+00  0.00000E+00  0.00000E+00  0.00000E+00




                                 - - - - - - FREQUENCY - - - - - -

                                    FREQUENCY= 3.6000E+00 MHZ
                                    WAVELENGTH= 8.3278E+01 METERS




                    APPROXIMATE INTEGRATION EMPLOYED FOR SEGMENTS MORE THAN   1.000 WAVELENGTHS APART



                               - - - STRUCTURE IMPEDANCE LOADING - - -


       LOCATION          RESISTANCE   INDUCTANCE  CAPACITANCE       IMPEDANCE (OHMS)     CONDUCTIVITY    TYPE
    ITAG FROM THRU          OHMS        HENRYS       FARADS        REAL      IMAGINARY    MHOS/METER

     ALL                                                                                 3.0769E+07     WIRE  



                                  - - - ANTENNA ENVIRONMENT - - -

                                          PERFECT GROUND



                                - - - MATRIX TIMING - - -

                        FILL=    0.031 SEC.,  FACTOR=    0.000 SEC.



                                            - - - NETWORK DATA - - -

      - FROM -    - TO -                          -  -  ADMITTANCE MATRIX ELEMENTS (MHOS)  -  -
      TAG  SEG.   TAG  SEG.             (ONE,ONE)                   (ONE,TWO)                   (TWO,TWO)
      NO.   NO.   NO.   NO.        REAL          IMAG.         REAL          IMAG.         REAL          IMAG.
     9901    76     1     1     0.0000E+00    0.0000E+00    0.0000E+00    1.0000E+00    0.0000E+00    0.0000E+00           
     9902    77     2    26     0.0000E+00    0.0000E+00    0.0000E+00    1.0000E+00    0.0000E+00    0.0000E+00           
     9903    78     3    51     0.0000E+00    0.0000E+00    0.0000E+00    1.0000E+00    0.0000E+00    0.0000E+00           



                           - - - STRUCTURE EXCITATION DATA AT NETWORK CONNECTION POINTS - - -

   TAG   SEG.    VOLTAGE (VOLTS)         CURRENT (AMPS)         IMPEDANCE (OHMS)        ADMITTANCE (MHOS)      POWER
   NO.   NO.    REAL        IMAG.       REAL        IMAG.       REAL        IMAG.       REAL        IMAG.     (WATTS)
     1     1 1.19221E+02 1.65197E+02 1.00000E+00 3.46713E-15 1.19221E+02 1.65197E+02 2.87254E-03-3.98029E-03 5.96106E+01
     2    26-1.73139E+02 1.07494E+02 1.15571E-14 2.00000E+00 5.37471E+01 8.65693E+01 5.17646E-03-8.33760E-03 1.07494E+02
     3    51-2.26454E+01-5.29363E+01-1.00000E+00 1.44464E-15 2.26454E+01 5.29363E+01 6.83106E-03-1.59684E-02 1.13227E+01
  9901    76 0.00000E+00 1.00000E+00-5.16603E-06 9.81479E-11 3.67762E+00-1.93572E+05 9.81479E-11 5.16603E-06 4.90740E-11
  9902    77-2.00000E+00 0.00000E+00-9.24641E-12-1.03320E-05 1.73233E-01-1.93573E+05 4.62321E-12 5.16602E-06 9.24641E-12
  9903    78 0.00000E+00-1.00000E+00 5.16601E-06 9.92705E-11-3.71971E+00-1.93573E+05-9.92705E-11 5.16601E-06-4.96353E-11



                                          - - - ANTENNA INPUT PARAMETERS - - -

   TAG   SEG.    VOLTAGE (VOLTS)         CURRENT (AMPS)         IMPEDANCE (OHMS)        ADMITTANCE (MHOS)      POWER
   NO.   NO.    REAL        IMAG.       REAL        IMAG.       REAL        IMAG.       REAL        IMAG.     (WATTS)
  9901    76 0.00000E+00 1.00000E+00-1.65197E+02 1.19221E+02 2.87254E-03-3.98029E-03 1.19221E+02 1.65197E+02 5.96106E+01
  9902    77-2.00000E+00 0.00000E+00-1.07494E+02-1.73139E+02 5.17646E-03-8.33760E-03 5.37471E+01 8.65693E+01 1.07494E+02
  9903    78 0.00000E+00-1.00000E+00 5.29363E+01-2.26454E+01 6.83106E-03-1.59684E-02 2.26454E+01 5.29363E+01 1.13227E+01



                             - - - CURRENTS AND LOCATION - - -

                                 DISTANCES IN WAVELENGTHS


  SEG.  TAG    COORD. OF SEG. CENTER     SEG.            - - - CURRENT (AMPS) - - -
  NO.   NO.     X        Y        Z      LENGTH     REAL        IMAG.       MAG.        PHASE
     1    1  -0.2500   0.0000   0.0055  0.01105   1.0000E+00  3.4671E-15  1.0000E+00    0.000
     2    1  -0.2500   0.0000   0.0166  0.01105   1.0360E+00 -2.8728E-02  1.0364E+00   -1.588
     3    1  -0.2500   0.0000   0.0276  0.01105   1.0650E+00 -5.5165E-02  1.0665E+00   -2.965
     4    1  -0.2500   0.0000   0.0387  0.01105   1.0845E+00 -7.7411E-02  1.0872E+00   -4.083
     5    1  -0.2500   0.0000   0.0497  0.01105   1.0961E+00 -9.6659E-02  1.1003E+00   -5.040
     6    1  -0.2500   0.0000   0.0608  0.01105   1.1004E+00 -1.1328E-01  1.1062E+00   -5.878
     7    1  -0.2500   0.0000   0.0718  0.01105   1.0977E+00 -1.2746E-01  1.1051E+00   -6.623
     8    1  -0.2500   0.0000   0.0829  0.01105   1.0883E+00 -1.3930E-01  1.0972E+00   -7.294
     9    1  -0.2500   0.0000   0.0940  0.01105   1.0723E+00 -1.4885E-01  1.0826E+00   -7.903
    10    1  -0.2500   0.0000   0.1050  0.01105   1.0500E+00 -1.5615E-01  1.0615E+00   -8.459
    11    1  -0.2500   0.0000   0.1161  0.01105   1.0214E+00 -1.6124E-01  1.0341E+00   -8.971
    12    1  -0.2500   0.0000   0.1271  0.01105   9.8682E-01 -1.6414E-01  1.0004E+00   -9.444
    13    1  -0.2500   0.0000   0.1382  0.01105   9.4638E-01 -1.6489E-01  9.6063E-01   -9.884
    14    1  -0.2500   0.0000   0.1492  0.01105   9.0028E-01 -1.6352E-01  9.1501E-01  -10.294
    15    1  -0.2500   0.0000   0.1603  0.01105   8.4875E-01 -1.6006E-01  8.6371E-01  -10.680
    16    1  -0.2500   0.0000   0.1713  0.01105   7.9199E-01 -1.5455E-01  8.0693E-01  -11.042
    17    1  -0.2500   0.0000   0.1824  0.01105   7.3024E-01 -1.4704E-01  7.4489E-01  -11.384
    18    1  -0.2500   0.0000   0.1934  0.01105   6.6370E-01 -1.3756E-01  6.7781E-01  -11.709
    19    1  -0.2500   0.0000   0.2045  0.01105   5.9260E-01 -1.2615E-01  6.0588E-01  -12.018
    20    1  -0.2500   0.0000   0.2155  0.01105   5.1711E-01 -1.1287E-01  5.2928E-01  -12.313
    21    1  -0.2500   0.0000   0.2266  0.01105   4.3735E-01 -9.7723E-02  4.4814E-01  -12.595
    22    1  -0.2500   0.0000   0.2376  0.01105   3.5335E-01 -8.0714E-02  3.6245E-01  -12.867
    23    1  -0.2500   0.0000   0.2487  0.01105   2.6485E-01 -6.1776E-02  2.7196E-01  -13.130
    24    1  -0.2500   0.0000   0.2598  0.01105   1.7096E-01 -4.0681E-02  1.7574E-01  -13.385
    25    1  -0.2500   0.0000   0.2708  0.01105   6.6193E-02 -1.6049E-02  6.8111E-02  -13.629
    26    2   0.0000   0.0000   0.0055  0.01105   1.1557E-14  2.0000E+00  2.0000E+00   90.000
    27    2   0.0000   0.0000   0.0166  0.01105   2.5925E-02  2.0341E+00  2.0343E+00   89.270
    28    2   0.0000   0.0000   0.0276  0.01105   4.9807E-02  2.0573E+00  2.0579E+00   88.613
    29    2   0.0000   0.0000   0.0387  0.01105   6.9932E-02  2.0669E+00  2.0680E+00   88.062
    30    2   0.0000   0.0000   0.0497  0.01105   8.7374E-02  2.0647E+00  2.0665E+00   87.577
    31    2   0.0000   0.0000   0.0608  0.01105   1.0247E-01  2.0513E+00  2.0539E+00   87.140
    32    2   0.0000   0.0000   0.0718  0.01105   1.1538E-01  2.0273E+00  2.0306E+00   86.743
    33    2   0.0000   0.0000   0.0829  0.01105   1.2619E-01  1.9928E+00  1.9968E+00   86.377
    34    2   0.0000   0.0000   0.0940  0.01105   1.3494E-01  1.9483E+00  1.9530E+00   86.038
    35    2   0.0000   0.0000   0.1050  0.01105   1.4168E-01  1.8940E+00  1.8992E+00   85.722
    36    2   0.0000   0.0000   0.1161  0.01105   1.4643E-01  1.8301E+00  1.8359E+00   85.425
    37    2   0.0000   0.0000   0.1271  0.01105   1.4921E-01  1.7570E+00  1.7634E+00   85.146
    38    2   0.0000   0.0000   0.1382  0.01105   1.5003E-01  1.6751E+00  1.6818E+00   84.882
    39    2   0.0000   0.0000   0.1492  0.01105   1.4893E-01  1.5847E+00  1.5917E+00   84.631
    40    2   0.0000   0.0000   0.1603  0.01105   1.4593E-01  1.4862E+00  1.4933E+00   84.392
    41    2   0.0000   0.0000   0.1713  0.01105   1.4106E-01  1.3799E+00  1.3871E+00   84.163
    42    2   0.0000   0.0000   0.1824  0.01105   1.3435E-01  1.2663E+00  1.2734E+00   83.944
    43    2   0.0000   0.0000   0.1934  0.01105   1.2583E-01  1.1457E+00  1.1526E+00   83.733
    44    2   0.0000   0.0000   0.2045  0.01105   1.1553E-01  1.0186E+00  1.0251E+00   83.529
    45    2   0.0000   0.0000   0.2155  0.01105   1.0348E-01  8.8511E-01  8.9114E-01   83.332
    46    2   0.0000   0.0000   0.2266  0.01105   8.9692E-02  7.4560E-01  7.5097E-01   83.141
    47    2   0.0000   0.0000   0.2376  0.01105   7.4164E-02  6.0005E-01  6.0462E-01   82.954
    48    2   0.0000   0.0000   0.2487  0.01105   5.6825E-02  4.4807E-01  4.5166E-01   82.772
    49    2   0.0000   0.0000   0.2598  0.01105   3.7461E-02  2.8818E-01  2.9061E-01   82.594
    50    2   0.0000   0.0000   0.2708  0.01105   1.4794E-02  1.1118E-01  1.1216E-01   82.421
    51    3   0.2500   0.0000   0.0055  0.01105  -1.0000E+00  1.4446E-15  1.0000E+00  180.000
    52    3   0.2500   0.0000   0.0166  0.01105  -1.0089E+00  5.5072E-03  1.0090E+00  179.687
    53    3   0.2500   0.0000   0.0276  0.01105  -1.0131E+00  1.0629E-02  1.0131E+00  179.399
    54    3   0.2500   0.0000   0.0387  0.01105  -1.0116E+00  1.5002E-02  1.0117E+00  179.150
    55    3   0.2500   0.0000   0.0497  0.01105  -1.0050E+00  1.8849E-02  1.0052E+00  178.926
    56    3   0.2500   0.0000   0.0608  0.01105  -9.9363E-01  2.2239E-02  9.9388E-01  178.718
    57    3   0.2500   0.0000   0.0718  0.01105  -9.7758E-01  2.5198E-02  9.7791E-01  178.523
    58    3   0.2500   0.0000   0.0829  0.01105  -9.5700E-01  2.7741E-02  9.5740E-01  178.340
    59    3   0.2500   0.0000   0.0940  0.01105  -9.3200E-01  2.9871E-02  9.3248E-01  178.164
    60    3   0.2500   0.0000   0.1050  0.01105  -9.0273E-01  3.1587E-02  9.0329E-01  177.996
    61    3   0.2500   0.0000   0.1161  0.01105  -8.6933E-01  3.2886E-02  8.6996E-01  177.834
    62    3   0.2500   0.0000   0.1271  0.01105  -8.3195E-01  3.3764E-02  8.3264E-01  177.676
    63    3   0.2500   0.0000   0.1382  0.01105  -7.9075E-01  3.4215E-02  7.9149E-01  177.522
    64    3   0.2500   0.0000   0.1492  0.01105  -7.4591E-01  3.4235E-02  7.4669E-01  177.372
    65    3   0.2500   0.0000   0.1603  0.01105  -6.9759E-01  3.3817E-02  6.9841E-01  177.225
    66    3   0.2500   0.0000   0.1713  0.01105  -6.4599E-01  3.2957E-02  6.4683E-01  177.079
    67    3   0.2500   0.0000   0.1824  0.01105  -5.9128E-01  3.1651E-02  5.9213E-01  176.936
    68    3   0.2500   0.0000   0.1934  0.01105  -5.3366E-01  2.9893E-02  5.3450E-01  176.794
    69    3   0.2500   0.0000   0.2045  0.01105  -4.7330E-01  2.7678E-02  4.7411E-01  176.653
    70    3   0.2500   0.0000   0.2155  0.01105  -4.1034E-01  2.5002E-02  4.1110E-01  176.513
    71    3   0.2500   0.0000   0.2266  0.01105  -3.4488E-01  2.1855E-02  3.4557E-01  176.374
    72    3   0.2500   0.0000   0.2376  0.01105  -2.7695E-01  1.8224E-02  2.7755E-01  176.235
    73    3   0.2500   0.0000   0.2487  0.01105  -2.0636E-01  1.4081E-02  2.0684E-01  176.097
    74    3   0.2500   0.0000   0.2598  0.01105  -1.3245E-01  9.3602E-03  1.3278E-01  175.958
    75    3   0.2500   0.0000   0.2708  0.01105  -5.0995E-02  3.7266E-03  5.1131E-02  175.820
    76 9901   0.0000   0.0000 118.8913  0.00102  -5.1660E-06  9.8148E-11  5.1660E-06  179.999
    77 9902   0.0000   0.0000 118.9033  0.00102  -9.2464E-12 -1.0332E-05  1.0332E-05  -90.000
    78 9903   0.0000   0.0000 118.9153  0.00102   5.1660E-06  9.9271E-11  5.1660E-06    0.001



                                        - - - POWER BUDGET - - -

                                           INPUT POWER   = 1.7843E+02 WATTS
                                           RADIATED POWER= 1.7824E+02 WATTS
                                           STRUCTURE LOSS= 1.8827E-01 WATTS
                                           NETWORK LOSS  = 3.3467E-12 WATTS
                                           EFFICIENCY    =  99.89 PERCENT






 ***** DATA CARD NO. 11   EN   0     0     0     0  0.00000E+00  0.00000E+00  0.00000E+00  0.00000E+00  0.00000E+00  0.00000E+00

 RUN TIME =     0.031
