1
 x13



                                ***********************************************
                                *                                             *
                                *  NUMERICAL ELECTROMAGNETICS CODE (NEC-5)    *
                                *                                             *
                                ***********************************************




                      **********************************************************

                          Dipole in free space                                                         
                                                                                                       
                          EZNEC Pro/2+ v. 7.0.4  2026-08-25 16:07:07                                   
                                                                                                       
                          ! Written by EZNEC/Pro+ v. 7.0 in NEC-5 format.                              
                                                                                                       

                      **********************************************************





                                 - - - STRUCTURE SPECIFICATION - - -

                                     COORDINATES MUST BE INPUT IN
                                     METERS OR BE SCALED TO METERS
                                     BEFORE STRUCTURE INPUT IS ENDED

 Model definition commands:

 GW    1    11  0.00000E+00 -2.50000E-01  0.00000E+00  0.00000E+00  2.50000E-01  0.00000E+00  5.00000E-04
 GE    0   -1

 Number of nodes :    12
 Number of wire elements :    11
 Number of patch elements:     0
 Number unknowns:    10




 ***** INPUT LINE  1  FR   0    1    0    0  3.34000E+02  0.00000E+00  0.00000E+00  0.00000E+00  0.00000E+00  0.00000E+00
 ***** INPUT LINE  2  GN  -1    0    0    0  0.00000E+00  0.00000E+00  0.00000E+00  0.00000E+00  0.00000E+00  0.00000E+00
 ***** INPUT LINE  3  EX   4    1    6    0  1.41421E+00  0.00000E+00  0.00000E+00  0.00000E+00  0.00000E+00  0.00000E+00
 ***** INPUT LINE  4  PQ   0    0    0    0  0.00000E+00  0.00000E+00  0.00000E+00  0.00000E+00  0.00000E+00  0.00000E+00
 ***** INPUT LINE  5  XQ   0    0    0    0  0.00000E+00  0.00000E+00  0.00000E+00  0.00000E+00  0.00000E+00  0.00000E+00




                                 - - - - - - FREQUENCY - - - - - -

                                    FREQUENCY= 3.3400E+02 MHZ
                                    WAVELENGTH= 8.9760E-01 METERS



                                  - - - ANTENNA ENVIRONMENT - - -

                                            FREE SPACE



                               - - - STRUCTURE IMPEDANCE LOADING - - -

                                   THIS STRUCTURE IS NOT LOADED
ALLOCATE CM:            100



                                - - - MATRIX TIMING - - -

                        FILL=    0.000 SEC.,  FACTOR=    0.000 SEC.



                                          - - - ANTENNA INPUT PARAMETERS - - -

   TAG   SEG.    VOLTAGE (VOLTS)         CURRENT (AMPS)         IMPEDANCE (OHMS)        ADMITTANCE (MHOS)      POWER
   NO.   NO.    REAL        IMAG.       REAL        IMAG.       REAL        IMAG.       REAL        IMAG.     (WATTS)
   1     6 1  1.6579E+02  2.1823E+02  1.4142E+00  0.0000E+00  1.1723E+02  1.5431E+02  3.1215E-03 -4.1088E-03  1.1723E+02



                                       - - - Wire Currents - - -

                             Lengths normalized by wavelength (or 2.*pi/CABS(k))

  Elem.  Tag            Coord. of seg. center          Seg.            - - - Current (Amps) - - -
   No.   No.     X            Y            Z           Length       Real         Imag.        Mag.         Phase
      1    1  0.00000E+00 -2.53199E-01  0.00000E+00  5.06398E-02  2.74043E-01 -4.72853E-02  2.78092E-01   -9.7898
      2    1  0.00000E+00 -2.02559E-01  0.00000E+00  5.06398E-02  7.67612E-01 -1.23374E-01  7.77463E-01   -9.1307
      3    1  0.00000E+00 -1.51919E-01  0.00000E+00  5.06398E-02  1.15159E+00 -1.63239E-01  1.16311E+00   -8.0680
      4    1  0.00000E+00 -1.01280E-01  0.00000E+00  5.06398E-02  1.41303E+00 -1.66404E-01  1.42280E+00   -6.7164
      5    1  0.00000E+00 -5.06398E-02  0.00000E+00  5.06398E-02  1.53001E+00 -1.31019E-01  1.53561E+00   -4.8945
      6    1  0.00000E+00  3.86523E-17  0.00000E+00  5.06398E-02  1.48211E+00 -5.17662E-02  1.48301E+00   -2.0004
      7    1  0.00000E+00  5.06398E-02  0.00000E+00  5.06398E-02  1.40805E+00 -3.76668E-02  1.40855E+00   -1.5324
      8    1  0.00000E+00  1.01280E-01  0.00000E+00  5.06398E-02  1.31434E+00 -9.01958E-02  1.31744E+00   -3.9257
      9    1  0.00000E+00  1.51919E-01  0.00000E+00  5.06398E-02  1.07434E+00 -1.03084E-01  1.07927E+00   -5.4808
     10    1  0.00000E+00  2.02559E-01  0.00000E+00  5.06398E-02  7.17112E-01 -8.37368E-02  7.21984E-01   -6.6602
     11    1  0.00000E+00  2.53199E-01  0.00000E+00  5.06398E-02  2.56174E-01 -3.31818E-02  2.58314E-01   -7.3803



                             - - - Wire Charge Densities - - -

                     Lengths normalized by wavelength (or 2.*pi/CABS(k))

  ELEM.  TAG          Coord. of Seg. Center           Seg.        Charge Density (C/m)
   No.   No.     X            Y            Z          Length        Mag.         Phase
      1    1  0.00000E+00 -2.53199E-01  0.00000E+00  5.06398E-02  5.83063E-09   80.2102
      2    1  0.00000E+00 -2.02559E-01  0.00000E+00  5.06398E-02  4.64214E-09   82.5251
      3    1  0.00000E+00 -1.51919E-01  0.00000E+00  5.06398E-02  3.45586E-09   86.1519
      4    1  0.00000E+00 -1.01280E-01  0.00000E+00  5.06398E-02  2.04018E-09   94.6552
      5    1  0.00000E+00 -5.06398E-02  0.00000E+00  5.06398E-02  7.12639E-10  143.9687
      6    1  0.00000E+00  3.86523E-17  0.00000E+00  5.06398E-02  1.79012E-09 -127.3228
      7    1  0.00000E+00  5.06398E-02  0.00000E+00  5.06398E-02  8.00243E-10   -9.2924
      8    1  0.00000E+00  1.01280E-01  0.00000E+00  5.06398E-02  1.86174E-09  -80.3648
      9    1  0.00000E+00  1.51919E-01  0.00000E+00  5.06398E-02  3.19689E-09  -90.7418
     10    1  0.00000E+00  2.02559E-01  0.00000E+00  5.06398E-02  4.30861E-09  -94.8497
     11    1  0.00000E+00  2.53199E-01  0.00000E+00  5.06398E-02  5.41594E-09  -97.3803



                                        - - - POWER BUDGET - - -

                                           INPUT POWER   = 1.1723E+02 WATTS
                                           RADIATED POWER= 1.1723E+02 WATTS
                                           WIRE LOSS     = 0.0000E+00 WATTS
                                           EFFICIENCY    = 100.00 PERCENT




 ***** INPUT LINE  6  EN   0    0    0    0  0.00000E+00  0.00000E+00  0.00000E+00  0.00000E+00  0.00000E+00  0.00000E+00

 RUN TIME =     0.000
