1
 x13



                                ***********************************************
                                *                                             *
                                *  NUMERICAL ELECTROMAGNETICS CODE (NEC-5)    *
                                *                                             *
                                ***********************************************




                      **********************************************************

                          Dipole in free space                                                         
                                                                                                       
                          EZNEC Pro/2+ v. 7.0.4  2026-08-25 16:07:00                                   
                                                                                                       
                          ! Written by EZNEC/Pro+ v. 7.0 in NEC-5 format.                              
                                                                                                       

                      **********************************************************





                                 - - - STRUCTURE SPECIFICATION - - -

                                     COORDINATES MUST BE INPUT IN
                                     METERS OR BE SCALED TO METERS
                                     BEFORE STRUCTURE INPUT IS ENDED

 Model definition commands:

 GW    1    11  0.00000E+00 -2.50000E-01  0.00000E+00  0.00000E+00  2.50000E-01  0.00000E+00  5.00000E-04
 GE    0   -1

 Number of nodes :    12
 Number of wire elements :    11
 Number of patch elements:     0
 Number unknowns:    10




 ***** INPUT LINE  1  FR   0    1    0    0  3.05000E+02  0.00000E+00  0.00000E+00  0.00000E+00  0.00000E+00  0.00000E+00
 ***** INPUT LINE  2  GN  -1    0    0    0  0.00000E+00  0.00000E+00  0.00000E+00  0.00000E+00  0.00000E+00  0.00000E+00
 ***** INPUT LINE  3  EX   4    1    6    0  1.41421E+00  0.00000E+00  0.00000E+00  0.00000E+00  0.00000E+00  0.00000E+00
 ***** INPUT LINE  4  PQ   0    0    0    0  0.00000E+00  0.00000E+00  0.00000E+00  0.00000E+00  0.00000E+00  0.00000E+00
 ***** INPUT LINE  5  XQ   0    0    0    0  0.00000E+00  0.00000E+00  0.00000E+00  0.00000E+00  0.00000E+00  0.00000E+00




                                 - - - - - - FREQUENCY - - - - - -

                                    FREQUENCY= 3.0500E+02 MHZ
                                    WAVELENGTH= 9.8295E-01 METERS



                                  - - - ANTENNA ENVIRONMENT - - -

                                            FREE SPACE



                               - - - STRUCTURE IMPEDANCE LOADING - - -

                                   THIS STRUCTURE IS NOT LOADED
ALLOCATE CM:            100



                                - - - MATRIX TIMING - - -

                        FILL=    0.000 SEC.,  FACTOR=    0.000 SEC.



                                          - - - ANTENNA INPUT PARAMETERS - - -

   TAG   SEG.    VOLTAGE (VOLTS)         CURRENT (AMPS)         IMPEDANCE (OHMS)        ADMITTANCE (MHOS)      POWER
   NO.   NO.    REAL        IMAG.       REAL        IMAG.       REAL        IMAG.       REAL        IMAG.     (WATTS)
   1     6 1  1.1977E+02  6.8641E+01  1.4142E+00  0.0000E+00  8.4693E+01  4.8537E+01  8.8882E-03 -5.0937E-03  8.4693E+01



                                       - - - Wire Currents - - -

                             Lengths normalized by wavelength (or 2.*pi/CABS(k))

  Elem.  Tag            Coord. of seg. center          Seg.            - - - Current (Amps) - - -
   No.   No.     X            Y            Z           Length       Real         Imag.        Mag.         Phase
      1    1  0.00000E+00 -2.31215E-01  0.00000E+00  4.62429E-02  2.36708E-01 -3.07134E-02  2.38692E-01   -7.3929
      2    1  0.00000E+00 -1.84972E-01  0.00000E+00  4.62429E-02  6.66269E-01 -7.98451E-02  6.71036E-01   -6.8337
      3    1  0.00000E+00 -1.38729E-01  0.00000E+00  4.62429E-02  1.01060E+00 -1.05272E-01  1.01606E+00   -5.9470
      4    1  0.00000E+00 -9.24859E-02  0.00000E+00  4.62429E-02  1.26338E+00 -1.07244E-01  1.26793E+00   -4.8520
      5    1  0.00000E+00 -4.62429E-02  0.00000E+00  4.62429E-02  1.40863E+00 -8.46344E-02  1.41117E+00   -3.4384
      6    1  0.00000E+00  3.52962E-17  0.00000E+00  4.62429E-02  1.43339E+00 -3.35309E-02  1.43378E+00   -1.3401
      7    1  0.00000E+00  4.62429E-02  0.00000E+00  4.62429E-02  1.37476E+00 -2.52505E-02  1.37499E+00   -1.0522
      8    1  0.00000E+00  9.24859E-02  0.00000E+00  4.62429E-02  1.23689E+00 -6.05060E-02  1.23837E+00   -2.8006
      9    1  0.00000E+00  1.38729E-01  0.00000E+00  4.62429E-02  9.90335E-01 -6.93116E-02  9.92757E-01   -4.0035
     10    1  0.00000E+00  1.84972E-01  0.00000E+00  4.62429E-02  6.53229E-01 -5.65612E-02  6.55673E-01   -4.9487
     11    1  0.00000E+00  2.31215E-01  0.00000E+00  4.62429E-02  2.32131E-01 -2.25052E-02  2.33219E-01   -5.5375



                             - - - Wire Charge Densities - - -

                     Lengths normalized by wavelength (or 2.*pi/CABS(k))

  ELEM.  TAG          Coord. of Seg. Center           Seg.        Charge Density (C/m)
   No.   No.     X            Y            Z          Length        Mag.         Phase
      1    1  0.00000E+00 -2.31215E-01  0.00000E+00  4.62429E-02  5.48039E-09   82.6071
      2    1  0.00000E+00 -1.84972E-01  0.00000E+00  4.62429E-02  4.44807E-09   84.5445
      3    1  0.00000E+00 -1.38729E-01  0.00000E+00  4.62429E-02  3.48158E-09   87.3508
      4    1  0.00000E+00 -9.24859E-02  0.00000E+00  4.62429E-02  2.32900E-09   92.8464
      5    1  0.00000E+00 -4.62429E-02  0.00000E+00  4.62429E-02  1.08640E-09  111.8008
      6    1  0.00000E+00  3.52962E-17  0.00000E+00  4.62429E-02  8.86844E-10 -150.2390
      7    1  0.00000E+00  4.62429E-02  0.00000E+00  4.62429E-02  1.07553E-09  -57.3818
      8    1  0.00000E+00  9.24859E-02  0.00000E+00  4.62429E-02  2.27126E-09  -84.1952
      9    1  0.00000E+00  1.38729E-01  0.00000E+00  4.62429E-02  3.40138E-09  -90.4639
     10    1  0.00000E+00  1.84972E-01  0.00000E+00  4.62429E-02  4.34680E-09  -93.4979
     11    1  0.00000E+00  2.31215E-01  0.00000E+00  4.62429E-02  5.35473E-09  -95.5375



                                        - - - POWER BUDGET - - -

                                           INPUT POWER   = 8.4693E+01 WATTS
                                           RADIATED POWER= 8.4693E+01 WATTS
                                           WIRE LOSS     = 0.0000E+00 WATTS
                                           EFFICIENCY    = 100.00 PERCENT




 ***** INPUT LINE  6  EN   0    0    0    0  0.00000E+00  0.00000E+00  0.00000E+00  0.00000E+00  0.00000E+00  0.00000E+00

 RUN TIME =     0.000
