1
 x13



                                ***********************************************
                                *                                             *
                                *  NUMERICAL ELECTROMAGNETICS CODE (NEC-5)    *
                                *                                             *
                                ***********************************************




                      **********************************************************

                          Dipole in free space                                                         
                                                                                                       
                          EZNEC Pro/2+ v. 7.0.4  2026-08-25 16:07:02                                   
                                                                                                       
                          ! Written by EZNEC/Pro+ v. 7.0 in NEC-5 format.                              
                                                                                                       

                      **********************************************************





                                 - - - STRUCTURE SPECIFICATION - - -

                                     COORDINATES MUST BE INPUT IN
                                     METERS OR BE SCALED TO METERS
                                     BEFORE STRUCTURE INPUT IS ENDED

 Model definition commands:

 GW    1    11  0.00000E+00 -2.50000E-01  0.00000E+00  0.00000E+00  2.50000E-01  0.00000E+00  5.00000E-04
 GE    0   -1

 Number of nodes :    12
 Number of wire elements :    11
 Number of patch elements:     0
 Number unknowns:    10




 ***** INPUT LINE  1  FR   0    1    0    0  3.13000E+02  0.00000E+00  0.00000E+00  0.00000E+00  0.00000E+00  0.00000E+00
 ***** INPUT LINE  2  GN  -1    0    0    0  0.00000E+00  0.00000E+00  0.00000E+00  0.00000E+00  0.00000E+00  0.00000E+00
 ***** INPUT LINE  3  EX   4    1    6    0  1.41421E+00  0.00000E+00  0.00000E+00  0.00000E+00  0.00000E+00  0.00000E+00
 ***** INPUT LINE  4  PQ   0    0    0    0  0.00000E+00  0.00000E+00  0.00000E+00  0.00000E+00  0.00000E+00  0.00000E+00
 ***** INPUT LINE  5  XQ   0    0    0    0  0.00000E+00  0.00000E+00  0.00000E+00  0.00000E+00  0.00000E+00  0.00000E+00




                                 - - - - - - FREQUENCY - - - - - -

                                    FREQUENCY= 3.1300E+02 MHZ
                                    WAVELENGTH= 9.5783E-01 METERS



                                  - - - ANTENNA ENVIRONMENT - - -

                                            FREE SPACE



                               - - - STRUCTURE IMPEDANCE LOADING - - -

                                   THIS STRUCTURE IS NOT LOADED
ALLOCATE CM:            100



                                - - - MATRIX TIMING - - -

                        FILL=    0.000 SEC.,  FACTOR=    0.000 SEC.



                                          - - - ANTENNA INPUT PARAMETERS - - -

   TAG   SEG.    VOLTAGE (VOLTS)         CURRENT (AMPS)         IMPEDANCE (OHMS)        ADMITTANCE (MHOS)      POWER
   NO.   NO.    REAL        IMAG.       REAL        IMAG.       REAL        IMAG.       REAL        IMAG.     (WATTS)
   1     6 1  1.3091E+02  1.0931E+02  1.4142E+00  0.0000E+00  9.2566E+01  7.7291E+01  6.3653E-03 -5.3149E-03  9.2566E+01



                                       - - - Wire Currents - - -

                             Lengths normalized by wavelength (or 2.*pi/CABS(k))

  Elem.  Tag            Coord. of seg. center          Seg.            - - - Current (Amps) - - -
   No.   No.     X            Y            Z           Length       Real         Imag.        Mag.         Phase
      1    1  0.00000E+00 -2.37279E-01  0.00000E+00  4.74559E-02  2.46034E-01 -3.45765E-02  2.48451E-01   -7.9997
      2    1  0.00000E+00 -1.89824E-01  0.00000E+00  4.74559E-02  6.91592E-01 -8.99782E-02  6.97421E-01   -7.4127
      3    1  0.00000E+00 -1.42368E-01  0.00000E+00  4.74559E-02  1.04587E+00 -1.18750E-01  1.05259E+00   -6.4777
      4    1  0.00000E+00 -9.49118E-02  0.00000E+00  4.74559E-02  1.30092E+00 -1.21001E-01  1.30654E+00   -5.3139
      5    1  0.00000E+00 -4.74559E-02  0.00000E+00  4.74559E-02  1.43919E+00 -9.54367E-02  1.44235E+00   -3.7939
      6    1  0.00000E+00  3.62220E-17  0.00000E+00  4.74559E-02  1.44569E+00 -3.77842E-02  1.44618E+00   -1.4971
      7    1  0.00000E+00  4.74559E-02  0.00000E+00  4.74559E-02  1.38333E+00 -2.82092E-02  1.38362E+00   -1.1682
      8    1  0.00000E+00  9.49118E-02  0.00000E+00  4.74559E-02  1.25681E+00 -6.75840E-02  1.25862E+00   -3.0781
      9    1  0.00000E+00  1.42368E-01  0.00000E+00  4.74559E-02  1.01191E+00 -7.73726E-02  1.01486E+00   -4.3724
     10    1  0.00000E+00  1.89824E-01  0.00000E+00  4.74559E-02  6.69628E-01 -6.30620E-02  6.72591E-01   -5.3799
     11    1  0.00000E+00  2.37279E-01  0.00000E+00  4.74559E-02  2.38304E-01 -2.50642E-02  2.39618E-01   -6.0041



                             - - - Wire Charge Densities - - -

                     Lengths normalized by wavelength (or 2.*pi/CABS(k))

  ELEM.  TAG          Coord. of Seg. Center           Seg.        Charge Density (C/m)
   No.   No.     X            Y            Z          Length        Mag.         Phase
      1    1  0.00000E+00 -2.37279E-01  0.00000E+00  4.74559E-02  5.55866E-09   82.0003
      2    1  0.00000E+00 -1.89824E-01  0.00000E+00  4.74559E-02  4.48827E-09   84.0414
      3    1  0.00000E+00 -1.42368E-01  0.00000E+00  4.74559E-02  3.46698E-09   87.0604
      4    1  0.00000E+00 -9.49118E-02  0.00000E+00  4.74559E-02  2.24742E-09   93.2507
      5    1  0.00000E+00 -4.74559E-02  0.00000E+00  4.74559E-02  9.58935E-10  117.6165
      6    1  0.00000E+00  3.62220E-17  0.00000E+00  4.74559E-02  1.10025E-09 -140.2039
      7    1  0.00000E+00  4.74559E-02  0.00000E+00  4.74559E-02  9.35811E-10  -47.5908
      8    1  0.00000E+00  9.49118E-02  0.00000E+00  4.74559E-02  2.15428E-09  -83.3410
      9    1  0.00000E+00  1.42368E-01  0.00000E+00  4.74559E-02  3.33958E-09  -90.5286
     10    1  0.00000E+00  1.89824E-01  0.00000E+00  4.74559E-02  4.32818E-09  -93.8335
     11    1  0.00000E+00  2.37279E-01  0.00000E+00  4.74559E-02  5.36104E-09  -96.0041



                                        - - - POWER BUDGET - - -

                                           INPUT POWER   = 9.2566E+01 WATTS
                                           RADIATED POWER= 9.2566E+01 WATTS
                                           WIRE LOSS     = 0.0000E+00 WATTS
                                           EFFICIENCY    = 100.00 PERCENT




 ***** INPUT LINE  6  EN   0    0    0    0  0.00000E+00  0.00000E+00  0.00000E+00  0.00000E+00  0.00000E+00  0.00000E+00

 RUN TIME =     0.000
