1
 x13



                                ***********************************************
                                *                                             *
                                *  NUMERICAL ELECTROMAGNETICS CODE (NEC-5)    *
                                *                                             *
                                ***********************************************




                      **********************************************************

                          Dipole in free space                                                         
                                                                                                       
                          EZNEC Pro/2+ v. 7.0.4  2026-08-25 16:07:07                                   
                                                                                                       
                          ! Written by EZNEC/Pro+ v. 7.0 in NEC-5 format.                              
                                                                                                       

                      **********************************************************





                                 - - - STRUCTURE SPECIFICATION - - -

                                     COORDINATES MUST BE INPUT IN
                                     METERS OR BE SCALED TO METERS
                                     BEFORE STRUCTURE INPUT IS ENDED

 Model definition commands:

 GW    1    11  0.00000E+00 -2.50000E-01  0.00000E+00  0.00000E+00  2.50000E-01  0.00000E+00  5.00000E-04
 GE    0   -1

 Number of nodes :    12
 Number of wire elements :    11
 Number of patch elements:     0
 Number unknowns:    10




 ***** INPUT LINE  1  FR   0    1    0    0  3.36000E+02  0.00000E+00  0.00000E+00  0.00000E+00  0.00000E+00  0.00000E+00
 ***** INPUT LINE  2  GN  -1    0    0    0  0.00000E+00  0.00000E+00  0.00000E+00  0.00000E+00  0.00000E+00  0.00000E+00
 ***** INPUT LINE  3  EX   4    1    6    0  1.41421E+00  0.00000E+00  0.00000E+00  0.00000E+00  0.00000E+00  0.00000E+00
 ***** INPUT LINE  4  PQ   0    0    0    0  0.00000E+00  0.00000E+00  0.00000E+00  0.00000E+00  0.00000E+00  0.00000E+00
 ***** INPUT LINE  5  XQ   0    0    0    0  0.00000E+00  0.00000E+00  0.00000E+00  0.00000E+00  0.00000E+00  0.00000E+00




                                 - - - - - - FREQUENCY - - - - - -

                                    FREQUENCY= 3.3600E+02 MHZ
                                    WAVELENGTH= 8.9226E-01 METERS



                                  - - - ANTENNA ENVIRONMENT - - -

                                            FREE SPACE



                               - - - STRUCTURE IMPEDANCE LOADING - - -

                                   THIS STRUCTURE IS NOT LOADED
ALLOCATE CM:            100



                                - - - MATRIX TIMING - - -

                        FILL=    0.000 SEC.,  FACTOR=    0.000 SEC.



                                          - - - ANTENNA INPUT PARAMETERS - - -

   TAG   SEG.    VOLTAGE (VOLTS)         CURRENT (AMPS)         IMPEDANCE (OHMS)        ADMITTANCE (MHOS)      POWER
   NO.   NO.    REAL        IMAG.       REAL        IMAG.       REAL        IMAG.       REAL        IMAG.     (WATTS)
   1     6 1  1.6962E+02  2.2884E+02  1.4142E+00  0.0000E+00  1.1994E+02  1.6181E+02  2.9565E-03 -3.9886E-03  1.1994E+02



                                       - - - Wire Currents - - -

                             Lengths normalized by wavelength (or 2.*pi/CABS(k))

  Elem.  Tag            Coord. of seg. center          Seg.            - - - Current (Amps) - - -
   No.   No.     X            Y            Z           Length       Real         Imag.        Mag.         Phase
      1    1  0.00000E+00 -2.54715E-01  0.00000E+00  5.09431E-02  2.77010E-01 -4.87292E-02  2.81264E-01   -9.9769
      2    1  0.00000E+00 -2.03772E-01  0.00000E+00  5.09431E-02  7.75662E-01 -1.27173E-01  7.86018E-01   -9.3110
      3    1  0.00000E+00 -1.52829E-01  0.00000E+00  5.09431E-02  1.16277E+00 -1.68305E-01  1.17489E+00   -8.2361
      4    1  0.00000E+00 -1.01886E-01  0.00000E+00  5.09431E-02  1.42486E+00 -1.71573E-01  1.43515E+00   -6.8662
      5    1  0.00000E+00 -5.09431E-02  0.00000E+00  5.09431E-02  1.53956E+00 -1.35064E-01  1.54547E+00   -5.0137
      6    1  0.00000E+00  3.88837E-17  0.00000E+00  5.09431E-02  1.48593E+00 -5.33532E-02  1.48688E+00   -2.0564
      7    1  0.00000E+00  5.09431E-02  0.00000E+00  5.09431E-02  1.41058E+00 -3.87165E-02  1.41112E+00   -1.5722
      8    1  0.00000E+00  1.01886E-01  0.00000E+00  5.09431E-02  1.32025E+00 -9.27043E-02  1.32350E+00   -4.0166
      9    1  0.00000E+00  1.52829E-01  0.00000E+00  5.09431E-02  1.08075E+00 -1.05933E-01  1.08593E+00   -5.5981
     10    1  0.00000E+00  2.03772E-01  0.00000E+00  5.09431E-02  7.21993E-01 -8.60227E-02  7.27100E-01   -6.7945
     11    1  0.00000E+00  2.54715E-01  0.00000E+00  5.09431E-02  2.58011E-01 -3.40776E-02  2.60251E-01   -7.5240



                             - - - Wire Charge Densities - - -

                     Lengths normalized by wavelength (or 2.*pi/CABS(k))

  ELEM.  TAG          Coord. of Seg. Center           Seg.        Charge Density (C/m)
   No.   No.     X            Y            Z          Length        Mag.         Phase
      1    1  0.00000E+00 -2.54715E-01  0.00000E+00  5.09431E-02  5.86202E-09   80.0231
      2    1  0.00000E+00 -2.03772E-01  0.00000E+00  5.09431E-02  4.66072E-09   82.3641
      3    1  0.00000E+00 -1.52829E-01  0.00000E+00  5.09431E-02  3.45689E-09   86.0527
      4    1  0.00000E+00 -1.01886E-01  0.00000E+00  5.09431E-02  2.02081E-09   94.8219
      5    1  0.00000E+00 -5.09431E-02  0.00000E+00  5.09431E-02  7.00940E-10  147.4796
      6    1  0.00000E+00  3.88837E-17  0.00000E+00  5.09431E-02  1.86288E-09 -126.6489
      7    1  0.00000E+00  5.09431E-02  0.00000E+00  5.09431E-02  8.10457E-10   -5.3554
      8    1  0.00000E+00  1.01886E-01  0.00000E+00  5.09431E-02  1.83493E-09  -80.0112
      9    1  0.00000E+00  1.52829E-01  0.00000E+00  5.09431E-02  3.18466E-09  -90.7659
     10    1  0.00000E+00  2.03772E-01  0.00000E+00  5.09431E-02  4.30893E-09  -94.9579
     11    1  0.00000E+00  2.54715E-01  0.00000E+00  5.09431E-02  5.42409E-09  -97.5240



                                        - - - POWER BUDGET - - -

                                           INPUT POWER   = 1.1994E+02 WATTS
                                           RADIATED POWER= 1.1994E+02 WATTS
                                           WIRE LOSS     = 0.0000E+00 WATTS
                                           EFFICIENCY    = 100.00 PERCENT




 ***** INPUT LINE  6  EN   0    0    0    0  0.00000E+00  0.00000E+00  0.00000E+00  0.00000E+00  0.00000E+00  0.00000E+00

 RUN TIME =     0.000
