1
 x13



                                ***********************************************
                                *                                             *
                                *  NUMERICAL ELECTROMAGNETICS CODE (NEC-5)    *
                                *                                             *
                                ***********************************************




                      **********************************************************

                          17-10m Log Per - ARRL Ant Book                                               
                                                                                                       
                          EZNEC Pro/2+ v. 7.0.4  2026-08-20 20:27:06                                   
                                                                                                       
                          ! Written by EZNEC/Pro+ v. 7.0 in NEC-5 format.                              
                                                                                                       
                          ! Wire #6 for shorted/open trans. lines and/or parallel loads.               
                                                                                                       

                      **********************************************************





                                 - - - STRUCTURE SPECIFICATION - - -

                                     COORDINATES MUST BE INPUT IN
                                     METERS OR BE SCALED TO METERS
                                     BEFORE STRUCTURE INPUT IS ENDED

 Model definition commands:

 GW    1    17  0.00000E+00 -4.15188E+00  0.00000E+00  0.00000E+00  4.15188E+00  0.00000E+00  1.58750E-02
 GW    2    17  9.96442E-01 -3.32130E+00  0.00000E+00  9.96442E-01  3.32130E+00  0.00000E+00  1.27000E-02
 GW    3    17  1.79375E+00 -2.65735E+00  0.00000E+00  1.79375E+00  2.65735E+00  0.00000E+00  9.52500E-03
 GW    4    17  2.43129E+00 -2.12573E+00  0.00000E+00  2.43129E+00  2.12573E+00  0.00000E+00  7.93750E-03
 GW    5    17  2.94157E+00 -1.70053E+00  0.00000E+00  2.94157E+00  1.70053E+00  0.00000E+00  6.35000E-03
 GW    6     2  1.42758E+03  1.42758E+03  1.42758E+03  1.42761E+03  1.42761E+03  1.42761E+03  1.42758E-03
 GE    0   -1

 Number of nodes :    93
 Number of wire elements :    87
 Number of patch elements:     0
 Number unknowns:    81




 ***** INPUT LINE  1  LD   4    6    1    0  1.00000E+10  0.00000E+00  0.00000E+00  0.00000E+00  0.00000E+00  0.00000E+00
 ***** INPUT LINE  2  FR   0    1    0    0  2.10000E+01  0.00000E+00  0.00000E+00  0.00000E+00  0.00000E+00  0.00000E+00
 ***** INPUT LINE  3  GN  -1    0    0    0  0.00000E+00  0.00000E+00  0.00000E+00  0.00000E+00  0.00000E+00  0.00000E+00
 ***** INPUT LINE  4  EX   4    5    9    0  1.41421E+00  0.00000E+00  0.00000E+00  0.00000E+00  0.00000E+00  0.00000E+00
 ***** INPUT LINE  5  TL   1    9    2    9 -4.90087E+02  0.00000E+00  0.00000E+00  0.00000E+00  0.00000E+00  0.00000E+00
 ***** INPUT LINE  6  TL   2    9    3    9 -4.90087E+02  0.00000E+00  0.00000E+00  0.00000E+00  0.00000E+00  0.00000E+00
 ***** INPUT LINE  7  TL   3    9    4    9 -4.90087E+02  0.00000E+00  0.00000E+00  0.00000E+00  0.00000E+00  0.00000E+00
 ***** INPUT LINE  8  TL   4    9    5    9 -4.90087E+02  0.00000E+00  0.00000E+00  0.00000E+00  0.00000E+00  0.00000E+00
 ***** INPUT LINE  9  TL   1    9    6    1  4.90087E+02  1.52400E-01  0.00000E+00  0.00000E+00  1.00000E+10  1.00000E+10
 ***** INPUT LINE 10  PQ   0    0    0    0  0.00000E+00  0.00000E+00  0.00000E+00  0.00000E+00  0.00000E+00  0.00000E+00
 ***** INPUT LINE 11  XQ   0    0    0    0  0.00000E+00  0.00000E+00  0.00000E+00  0.00000E+00  0.00000E+00  0.00000E+00




                                 - - - - - - FREQUENCY - - - - - -

                                    FREQUENCY= 2.1000E+01 MHZ
                                    WAVELENGTH= 1.4276E+01 METERS



                                  - - - ANTENNA ENVIRONMENT - - -

                                            FREE SPACE



                               - - - STRUCTURE IMPEDANCE LOADING - - -


       LOCATION          RESISTANCE   INDUCTANCE  CAPACITANCE       IMPEDANCE (OHMS)     CONDUCTIVITY    TYPE
    ITAG FROM THRU          OHMS        HENRYS       FARADS        REAL      IMAGINARY    MHOS/METER

       6    1    1                                             1.0000E+10                             FIXED IMPEDANCE 
ALLOCATE CM:           6561



                                - - - MATRIX TIMING - - -

                        FILL=    0.000 SEC.,  FACTOR=    0.016 SEC.



                                            - - - NETWORK DATA - - -

      - FROM -    - TO -           TRANSMISSION LINE               -  -  SHUNT ADMITTANCES (MHOS)  -  -              LINE
      TAG  SEG.   TAG  SEG.      IMPEDANCE      LENGTH            - END ONE -                 - END TWO -            TYPE
      NO.   NO.   NO.   NO.         OHMS        METERS         REAL          IMAG.         REAL          IMAG.
        1     9     2    26     4.9009E+02    9.9764E-01    0.0000E+00    0.0000E+00    0.0000E+00    0.0000E+00   CROSSED
        2    26     3    43     4.9009E+02    7.9826E-01    0.0000E+00    0.0000E+00    0.0000E+00    0.0000E+00   CROSSED
        3    43     4    60     4.9009E+02    6.3831E-01    0.0000E+00    0.0000E+00    0.0000E+00    0.0000E+00   CROSSED
        4    60     5    77     4.9009E+02    5.1090E-01    0.0000E+00    0.0000E+00    0.0000E+00    0.0000E+00   CROSSED
        1     9     6    86     4.9009E+02    1.5240E-01    0.0000E+00    0.0000E+00    1.0000E+10    1.0000E+10   STRAIGHT



                           - - - STRUCTURE EXCITATION DATA AT NETWORK CONNECTION POINTS - - -

   TAG   SEG.    VOLTAGE (VOLTS)         CURRENT (AMPS)         IMPEDANCE (OHMS)        ADMITTANCE (MHOS)      POWER
   NO.   NO.    REAL        IMAG.       REAL        IMAG.       REAL        IMAG.       REAL        IMAG.     (WATTS)
   1     9 1 -4.0603E+00  1.6898E+01 -7.6598E-01  4.0369E-01  1.3248E+01 -1.5079E+01  3.2884E-02  3.7428E-02  4.9658E+00
   2    26 1  1.1348E+02  3.7351E+01  1.2213E+00  1.2030E+00  6.2449E+01 -3.0929E+01  1.2859E-02  6.3687E-03  9.1759E+01
   3    43 1  1.6490E+01 -2.8210E+02  1.6603E+00 -2.0482E-01  3.0430E+01 -1.6615E+02  1.0665E-03  5.8232E-03  4.2580E+01
   4    60 1 -1.4757E+02  2.2874E+02 -6.3124E-01 -5.6249E-01 -4.9683E+01 -3.1810E+02 -4.7931E-04  3.0688E-03 -1.7758E+01
   5    77 1  1.8314E+02 -1.0388E+02  2.4762E-01  2.8341E-01  1.1233E+02 -5.4807E+02  3.5888E-04  1.7510E-03  7.9551E+00
   6    86 1  3.1902E-11 -1.9541E-11  1.6652E-16 -1.7315E-17  2.0160E+05 -9.6386E+04  4.0374E-06  1.9303E-06  2.8254E-27



                                          - - - ANTENNA INPUT PARAMETERS - - -

   TAG   SEG.    VOLTAGE (VOLTS)         CURRENT (AMPS)         IMPEDANCE (OHMS)        ADMITTANCE (MHOS)      POWER
   NO.   NO.    REAL        IMAG.       REAL        IMAG.       REAL        IMAG.       REAL        IMAG.     (WATTS)
   5    77 1  1.8314E+02 -1.0388E+02  1.4142E+00  0.0000E+00  1.2950E+02 -7.3453E+01  5.8423E-03  3.3137E-03  1.2950E+02



                                       - - - Wire Currents - - -

                             Lengths normalized by wavelength (or 2.*pi/CABS(k))

  Elem.  Tag            Coord. of seg. center          Seg.            - - - Current (Amps) - - -
   No.   No.     X            Y            Z           Length       Real         Imag.        Mag.         Phase
      1    1  0.00000E+00 -2.73718E-01  0.00000E+00  3.42148E-02 -5.32046E-02  5.27072E-02  7.48917E-02  135.2691
      2    1  0.00000E+00 -2.39504E-01  0.00000E+00  3.42148E-02 -1.61436E-01  1.46704E-01  2.18136E-01  137.7372
      3    1  0.00000E+00 -2.05289E-01  0.00000E+00  3.42148E-02 -2.75628E-01  2.21667E-01  3.53705E-01  141.1928
      4    1  0.00000E+00 -1.71074E-01  0.00000E+00  3.42148E-02 -3.93903E-01  2.82356E-01  4.84649E-01  144.3664
      5    1  0.00000E+00 -1.36859E-01  0.00000E+00  3.42148E-02 -5.07234E-01  3.30352E-01  6.05325E-01  146.9245
      6    1  0.00000E+00 -1.02644E-01  0.00000E+00  3.42148E-02 -6.06715E-01  3.66429E-01  7.08783E-01  148.8699
      7    1  0.00000E+00 -6.84296E-02  0.00000E+00  3.42148E-02 -6.85156E-01  3.90765E-01  7.88756E-01  150.3026
      8    1  0.00000E+00 -3.42148E-02  0.00000E+00  3.42148E-02 -7.37404E-01  4.03593E-01  8.40626E-01  151.3074
      9    1  0.00000E+00  4.47163E-17  0.00000E+00  3.42148E-02 -7.61223E-01  4.05436E-01  8.62461E-01  151.9597
     10    1  0.00000E+00  3.42148E-02  0.00000E+00  3.42148E-02 -7.45772E-01  3.99520E-01  8.46045E-01  151.8214
     11    1  0.00000E+00  6.84296E-02  0.00000E+00  3.42148E-02 -6.92059E-01  3.85881E-01  7.92370E-01  150.8567
     12    1  0.00000E+00  1.02644E-01  0.00000E+00  3.42148E-02 -6.12963E-01  3.61466E-01  7.11605E-01  149.4721
     13    1  0.00000E+00  1.36859E-01  0.00000E+00  3.42148E-02 -5.12742E-01  3.25927E-01  6.07563E-01  147.5577
     14    1  0.00000E+00  1.71074E-01  0.00000E+00  3.42148E-02 -3.98501E-01  2.78843E-01  4.86371E-01  145.0183
     15    1  0.00000E+00  2.05289E-01  0.00000E+00  3.42148E-02 -2.79147E-01  2.19230E-01  3.54944E-01  141.8554
     16    1  0.00000E+00  2.39504E-01  0.00000E+00  3.42148E-02 -1.63712E-01  1.45318E-01  2.18904E-01  138.4062
     17    1  0.00000E+00  2.73718E-01  0.00000E+00  3.42148E-02 -5.40107E-02  5.22635E-02  7.51574E-02  135.9419
     18    2  6.97975E-02 -2.18961E-01  0.00000E+00  2.73702E-02  1.57333E-01  1.07188E-01  1.90376E-01   34.2658
     19    2  6.97975E-02 -1.91591E-01  0.00000E+00  2.73702E-02  4.37929E-01  3.06897E-01  5.34760E-01   35.0225
     20    2  6.97975E-02 -1.64221E-01  0.00000E+00  2.73702E-02  6.63864E-01  4.85772E-01  8.22612E-01   36.1942
     21    2  6.97975E-02 -1.36851E-01  0.00000E+00  2.73702E-02  8.50483E-01  6.51355E-01  1.07125E+00   37.4472
     22    2  6.97975E-02 -1.09481E-01  0.00000E+00  2.73702E-02  1.00028E+00  8.00822E-01  1.28136E+00   38.6807
     23    2  6.97975E-02 -8.21105E-02  0.00000E+00  2.73702E-02  1.11369E+00  9.30465E-01  1.45123E+00   39.8781
     24    2  6.97975E-02 -5.47403E-02  0.00000E+00  2.73702E-02  1.19017E+00  1.03699E+00  1.57857E+00   41.0655
     25    2  6.97975E-02 -2.73702E-02  0.00000E+00  2.73702E-02  1.22936E+00  1.11832E+00  1.66191E+00   42.2921
     26    2  6.97975E-02  3.49954E-17  0.00000E+00  2.73702E-02  1.23045E+00  1.17775E+00  1.70327E+00   43.7465
     27    2  6.97975E-02  2.73702E-02  0.00000E+00  2.73702E-02  1.21212E+00  1.16195E+00  1.67910E+00   43.7892
     28    2  6.97975E-02  5.47403E-02  0.00000E+00  2.73702E-02  1.17451E+00  1.07136E+00  1.58974E+00   42.3704
     29    2  6.97975E-02  8.21105E-02  0.00000E+00  2.73702E-02  1.09939E+00  9.60266E-01  1.45971E+00   41.1357
     30    2  6.97975E-02  1.09481E-01  0.00000E+00  2.73702E-02  9.88063E-01  8.26218E-01  1.28798E+00   39.9024
     31    2  6.97975E-02  1.36851E-01  0.00000E+00  2.73702E-02  8.40828E-01  6.72015E-01  1.07638E+00   38.6329
     32    2  6.97975E-02  1.64221E-01  0.00000E+00  2.73702E-02  6.57000E-01  5.01258E-01  8.26383E-01   37.3418
     33    2  6.97975E-02  1.91591E-01  0.00000E+00  2.73702E-02  4.33839E-01  3.16750E-01  5.37166E-01   36.1335
     34    2  6.97975E-02  2.18961E-01  0.00000E+00  2.73702E-02  1.55965E-01  1.10647E-01  1.91228E-01   35.3532
     35    3  1.25646E-01 -1.75189E-01  0.00000E+00  2.18986E-02  1.47093E-01 -2.82204E-02  1.49775E-01  -10.8605
     36    3  1.25646E-01 -1.53290E-01  0.00000E+00  2.18986E-02  4.17352E-01 -7.82532E-02  4.24625E-01  -10.6196
     37    3  1.25646E-01 -1.31392E-01  0.00000E+00  2.18986E-02  6.53425E-01 -1.17705E-01  6.63942E-01  -10.2115
     38    3  1.25646E-01 -1.09493E-01  0.00000E+00  2.18986E-02  8.69398E-01 -1.49368E-01  8.82136E-01   -9.7486
     39    3  1.25646E-01 -8.75946E-02  0.00000E+00  2.18986E-02  1.06473E+00 -1.74134E-01  1.07888E+00   -9.2883
     40    3  1.25646E-01 -6.56959E-02  0.00000E+00  2.18986E-02  1.23734E+00 -1.92406E-01  1.25221E+00   -8.8386
     41    3  1.25646E-01 -4.37973E-02  0.00000E+00  2.18986E-02  1.38520E+00 -2.04204E-01  1.40017E+00   -8.3861
     42    3  1.25646E-01 -2.18986E-02  0.00000E+00  2.18986E-02  1.50723E+00 -2.09420E-01  1.52171E+00   -7.9102
     43    3  1.25646E-01 -1.55535E-17  0.00000E+00  2.18986E-02  1.61104E+00 -2.07595E-01  1.62436E+00   -7.3425
     44    3  1.25646E-01  2.18986E-02  0.00000E+00  2.18986E-02  1.59264E+00 -2.04902E-01  1.60577E+00   -7.3311
     45    3  1.25646E-01  4.37973E-02  0.00000E+00  2.18986E-02  1.45242E+00 -2.01239E-01  1.46629E+00   -7.8883
     46    3  1.25646E-01  6.56959E-02  0.00000E+00  2.18986E-02  1.29495E+00 -1.90371E-01  1.30887E+00   -8.3631
     47    3  1.25646E-01  8.75946E-02  0.00000E+00  2.18986E-02  1.11303E+00 -1.72817E-01  1.12637E+00   -8.8257
     48    3  1.25646E-01  1.09493E-01  0.00000E+00  2.18986E-02  9.07981E-01 -1.48608E-01  9.20062E-01   -9.2951
     49    3  1.25646E-01  1.31392E-01  0.00000E+00  2.18986E-02  6.81810E-01 -1.17356E-01  6.91836E-01   -9.7663
     50    3  1.25646E-01  1.53290E-01  0.00000E+00  2.18986E-02  4.35097E-01 -7.81522E-02  4.42060E-01  -10.1829
     51    3  1.25646E-01  1.75189E-01  0.00000E+00  2.18986E-02  1.53252E-01 -2.82102E-02  1.55827E-01  -10.4301
     52    4  1.70304E-01 -1.40141E-01  0.00000E+00  1.75177E-02 -3.96736E-02 -4.65337E-02  6.11505E-02 -130.4502
     53    4  1.70304E-01 -1.22624E-01  0.00000E+00  1.75177E-02 -1.16597E-01 -1.32279E-01  1.76331E-01 -131.3946
     54    4  1.70304E-01 -1.05106E-01  0.00000E+00  1.75177E-02 -1.91221E-01 -2.07888E-01  2.82458E-01 -132.6086
     55    4  1.70304E-01 -8.75883E-02  0.00000E+00  1.75177E-02 -2.65571E-01 -2.78096E-01  3.84533E-01 -133.6802
     56    4  1.70304E-01 -7.00706E-02  0.00000E+00  1.75177E-02 -3.38423E-01 -3.42897E-01  4.81776E-01 -134.6237
     57    4  1.70304E-01 -5.25530E-02  0.00000E+00  1.75177E-02 -4.08445E-01 -4.01748E-01  5.72912E-01 -135.4736
     58    4  1.70304E-01 -3.50353E-02  0.00000E+00  1.75177E-02 -4.74546E-01 -4.54074E-01  6.56793E-01 -136.2629
     59    4  1.70304E-01 -1.75177E-02  0.00000E+00  1.75177E-02 -5.36218E-01 -4.99588E-01  7.32883E-01 -137.0254
     60    4  1.70304E-01 -3.69395E-17  0.00000E+00  1.75177E-02 -5.98587E-01 -5.41564E-01  8.07216E-01 -137.8632
     61    4  1.70304E-01  1.75177E-02  0.00000E+00  1.75177E-02 -5.93223E-01 -5.35842E-01  7.99400E-01 -137.9093
     62    4  1.70304E-01  3.50353E-02  0.00000E+00  1.75177E-02 -5.20170E-01 -4.82572E-01  7.09544E-01 -137.1473
     63    4  1.70304E-01  5.25530E-02  0.00000E+00  1.75177E-02 -4.47987E-01 -4.26101E-01  6.18267E-01 -136.4343
     64    4  1.70304E-01  7.00706E-02  0.00000E+00  1.75177E-02 -3.71770E-01 -3.63211E-01  5.19745E-01 -135.6671
     65    4  1.70304E-01  8.75883E-02  0.00000E+00  1.75177E-02 -2.92298E-01 -2.94224E-01  4.14735E-01 -134.8118
     66    4  1.70304E-01  1.05106E-01  0.00000E+00  1.75177E-02 -2.10930E-01 -2.19676E-01  3.04547E-01 -133.8365
     67    4  1.70304E-01  1.22624E-01  0.00000E+00  1.75177E-02 -1.28943E-01 -1.39607E-01  1.90044E-01 -132.7260
     68    4  1.70304E-01  1.40141E-01  0.00000E+00  1.75177E-02 -4.39639E-02 -4.90696E-02  6.58836E-02 -131.8587
     69    5  2.06048E-01 -1.12110E-01  0.00000E+00  1.40137E-02  1.91323E-02  1.53279E-02  2.45151E-02   38.7002
     70    5  2.06048E-01 -9.80960E-02  0.00000E+00  1.40137E-02  5.43835E-02  4.50601E-02  7.06256E-02   39.6439
     71    5  2.06048E-01 -8.40822E-02  0.00000E+00  1.40137E-02  8.54781E-02  7.40841E-02  1.13115E-01   40.9156
     72    5  2.06048E-01 -7.00685E-02  0.00000E+00  1.40137E-02  1.14516E-01  1.03578E-01  1.54410E-01   42.1290
     73    5  2.06048E-01 -5.60548E-02  0.00000E+00  1.40137E-02  1.41779E-01  1.33543E-01  1.94769E-01   43.2864
     74    5  2.06048E-01 -4.20411E-02  0.00000E+00  1.40137E-02  1.67318E-01  1.63909E-01  2.34225E-01   44.4103
     75    5  2.06048E-01 -2.80274E-02  0.00000E+00  1.40137E-02  1.91115E-01  1.94704E-01  2.72827E-01   45.5330
     76    5  2.06048E-01 -1.40137E-02  0.00000E+00  1.40137E-02  2.13255E-01  2.26351E-01  3.10987E-01   46.7063
     77    5  2.06048E-01 -7.77675E-18  0.00000E+00  1.40137E-02  2.35779E-01  2.62945E-01  3.53174E-01   48.1179
     78    5  2.06048E-01  1.40137E-02  0.00000E+00  1.40137E-02  2.33890E-01  2.61281E-01  3.50675E-01   48.1661
     79    5  2.06048E-01  2.80274E-02  0.00000E+00  1.40137E-02  2.07528E-01  2.21324E-01  3.03401E-01   46.8426
     80    5  2.06048E-01  4.20411E-02  0.00000E+00  1.40137E-02  1.81426E-01  1.86255E-01  2.60012E-01   45.7525
     81    5  2.06048E-01  5.60548E-02  0.00000E+00  1.40137E-02  1.53568E-01  1.52013E-01  2.16081E-01   44.7084
     82    5  2.06048E-01  7.00685E-02  0.00000E+00  1.40137E-02  1.23887E-01  1.18212E-01  1.71237E-01   43.6573
     83    5  2.06048E-01  8.40822E-02  0.00000E+00  1.40137E-02  9.23459E-02  8.48209E-02  1.25389E-01   42.5679
     84    5  2.06048E-01  9.80960E-02  0.00000E+00  1.40137E-02  5.86652E-02  5.17811E-02  7.82489E-02   41.4334
     85    5  2.06048E-01  1.12110E-01  0.00000E+00  1.40137E-02  2.06156E-02  1.76658E-02  2.71492E-02   40.5937
     86    6  9.99980E+01  9.99980E+01  9.99980E+01  1.75920E-03  8.32608E-17 -8.65765E-18  8.37097E-17   -5.9364
     87    6  9.99990E+01  9.99990E+01  9.99990E+01  1.75920E-03  8.32608E-17 -8.65765E-18  8.37097E-17   -5.9364



                             - - - Wire Charge Densities - - -

                     Lengths normalized by wavelength (or 2.*pi/CABS(k))

  ELEM.  TAG          Coord. of Seg. Center           Seg.        Charge Density (C/m)
   No.   No.     X            Y            Z          Length        Mag.         Phase
      1    1  0.00000E+00 -2.73718E-01  0.00000E+00  3.42148E-02  2.32401E-09 -134.7309
      2    1  0.00000E+00 -2.39504E-01  0.00000E+00  3.42148E-02  2.13481E-09 -126.8829
      3    1  0.00000E+00 -2.05289E-01  0.00000E+00  3.42148E-02  2.11256E-09 -119.6466
      4    1  0.00000E+00 -1.71074E-01  0.00000E+00  3.42148E-02  2.01674E-09 -114.5617
      5    1  0.00000E+00 -1.36859E-01  0.00000E+00  3.42148E-02  1.80417E-09 -111.1539
      6    1  0.00000E+00 -1.02644E-01  0.00000E+00  3.42148E-02  1.48055E-09 -108.4457
      7    1  0.00000E+00 -6.84296E-02  0.00000E+00  3.42148E-02  1.06885E-09 -105.5612
      8    1  0.00000E+00 -3.42148E-02  0.00000E+00  3.42148E-02  6.02038E-10 -100.6567
      9    1  0.00000E+00  4.47163E-17  0.00000E+00  3.42148E-02  1.57115E-10  -69.8466
     10    1  0.00000E+00  3.42148E-02  0.00000E+00  3.42148E-02  6.40211E-10   78.3333
     11    1  0.00000E+00  6.84296E-02  0.00000E+00  3.42148E-02  1.08051E-09   74.2225
     12    1  0.00000E+00  1.02644E-01  0.00000E+00  3.42148E-02  1.48877E-09   71.8470
     13    1  0.00000E+00  1.36859E-01  0.00000E+00  3.42148E-02  1.81178E-09   69.3483
     14    1  0.00000E+00  1.71074E-01  0.00000E+00  3.42148E-02  2.02419E-09   66.0377
     15    1  0.00000E+00  2.05289E-01  0.00000E+00  3.42148E-02  2.11984E-09   60.9974
     16    1  0.00000E+00  2.39504E-01  0.00000E+00  3.42148E-02  2.14215E-09   53.7786
     17    1  0.00000E+00  2.73718E-01  0.00000E+00  3.42148E-02  2.33226E-09   45.9419
     18    2  6.97975E-02 -2.18961E-01  0.00000E+00  2.73702E-02  7.38504E-09  124.2658
     19    2  6.97975E-02 -1.91591E-01  0.00000E+00  2.73702E-02  5.97873E-09  126.8921
     20    2  6.97975E-02 -1.64221E-01  0.00000E+00  2.73702E-02  5.20426E-09  130.0657
     21    2  6.97975E-02 -1.36851E-01  0.00000E+00  2.73702E-02  4.47779E-09  133.3443
     22    2  6.97975E-02 -1.09481E-01  0.00000E+00  2.73702E-02  3.73486E-09  136.8462
     23    2  6.97975E-02 -8.21105E-02  0.00000E+00  2.73702E-02  2.95193E-09  141.3205
     24    2  6.97975E-02 -5.47403E-02  0.00000E+00  2.73702E-02  2.14498E-09  148.4569
     25    2  6.97975E-02 -2.73702E-02  0.00000E+00  2.73702E-02  1.38509E-09  163.3074
     26    2  6.97975E-02  3.49954E-17  0.00000E+00  2.73702E-02  1.04137E-09 -160.0438
     27    2  6.97975E-02  2.73702E-02  0.00000E+00  2.73702E-02  1.63127E-09  -12.5858
     28    2  6.97975E-02  5.47403E-02  0.00000E+00  2.73702E-02  2.21635E-09  -29.8685
     29    2  6.97975E-02  8.21105E-02  0.00000E+00  2.73702E-02  2.99627E-09  -37.1696
     30    2  6.97975E-02  1.09481E-01  0.00000E+00  2.73702E-02  3.76840E-09  -41.7284
     31    2  6.97975E-02  1.36851E-01  0.00000E+00  2.73702E-02  4.50626E-09  -45.3039
     32    2  6.97975E-02  1.64221E-01  0.00000E+00  2.73702E-02  5.23078E-09  -48.6681
     33    2  6.97975E-02  1.91591E-01  0.00000E+00  2.73702E-02  6.00629E-09  -51.9386
     34    2  6.97975E-02  2.18961E-01  0.00000E+00  2.73702E-02  7.41809E-09  -54.6468
     35    3  1.25646E-01 -1.75189E-01  0.00000E+00  2.18986E-02  7.26175E-09   79.1395
     36    3  1.25646E-01 -1.53290E-01  0.00000E+00  2.18986E-02  6.06460E-09   79.9573
     37    3  1.25646E-01 -1.31392E-01  0.00000E+00  2.18986E-02  5.54056E-09   81.1203
     38    3  1.25646E-01 -1.09493E-01  0.00000E+00  2.18986E-02  5.04316E-09   82.2519
     39    3  1.25646E-01 -8.75946E-02  0.00000E+00  2.18986E-02  4.50379E-09   83.3594
     40    3  1.25646E-01 -6.56959E-02  0.00000E+00  2.18986E-02  3.91247E-09   84.6457
     41    3  1.25646E-01 -4.37973E-02  0.00000E+00  2.18986E-02  3.27965E-09   86.3820
     42    3  1.25646E-01 -2.18986E-02  0.00000E+00  2.18986E-02  2.64408E-09   89.0054
     43    3  1.25646E-01 -1.55535E-17  0.00000E+00  2.18986E-02  2.39316E-09   93.2185
     44    3  1.25646E-01  2.18986E-02  0.00000E+00  2.18986E-02  3.28145E-09  -89.9336
     45    3  1.25646E-01  4.37973E-02  0.00000E+00  2.18986E-02  3.52177E-09  -92.9526
     46    3  1.25646E-01  6.56959E-02  0.00000E+00  2.18986E-02  4.13199E-09  -94.7966
     47    3  1.25646E-01  8.75946E-02  0.00000E+00  2.18986E-02  4.73000E-09  -96.1362
     48    3  1.25646E-01  1.09493E-01  0.00000E+00  2.18986E-02  5.28125E-09  -97.2681
     49    3  1.25646E-01  1.31392E-01  0.00000E+00  2.18986E-02  5.78927E-09  -98.4138
     50    3  1.25646E-01  1.53290E-01  0.00000E+00  2.18986E-02  6.32313E-09  -99.5922
     51    3  1.25646E-01  1.75189E-01  0.00000E+00  2.18986E-02  7.55517E-09 -100.4301
     52    4  1.70304E-01 -1.40141E-01  0.00000E+00  1.75177E-02  3.70631E-09  -40.4502
     53    4  1.70304E-01 -1.22624E-01  0.00000E+00  1.75177E-02  3.27805E-09  -43.5304
     54    4  1.70304E-01 -1.05106E-01  0.00000E+00  1.75177E-02  3.16189E-09  -45.7578
     55    4  1.70304E-01 -8.75883E-02  0.00000E+00  1.75177E-02  3.03684E-09  -47.5612
     56    4  1.70304E-01 -7.00706E-02  0.00000E+00  1.75177E-02  2.87329E-09  -49.1779
     57    4  1.70304E-01 -5.25530E-02  0.00000E+00  1.75177E-02  2.67116E-09  -50.7900
     58    4  1.70304E-01 -3.50353E-02  0.00000E+00  1.75177E-02  2.43912E-09  -52.5593
     59    4  1.70304E-01 -1.75177E-02  0.00000E+00  1.75177E-02  2.20733E-09  -54.6926
     60    4  1.70304E-01 -3.69395E-17  0.00000E+00  1.75177E-02  2.35046E-09  -57.3402
     61    4  1.70304E-01  1.75177E-02  0.00000E+00  1.75177E-02  2.81371E-09  125.0332
     62    4  1.70304E-01  3.50353E-02  0.00000E+00  1.75177E-02  2.66721E-09  127.2241
     63    4  1.70304E-01  5.25530E-02  0.00000E+00  1.75177E-02  2.88806E-09  128.7884
     64    4  1.70304E-01  7.00706E-02  0.00000E+00  1.75177E-02  3.10150E-09  130.2155
     65    4  1.70304E-01  8.75883E-02  0.00000E+00  1.75177E-02  3.27748E-09  131.6653
     66    4  1.70304E-01  1.05106E-01  0.00000E+00  1.75177E-02  3.41174E-09  133.2933
     67    4  1.70304E-01  1.22624E-01  0.00000E+00  1.75177E-02  3.53511E-09  135.3143
     68    4  1.70304E-01  1.40141E-01  0.00000E+00  1.75177E-02  3.99319E-09  138.1413
     69    5  2.06048E-01 -1.12110E-01  0.00000E+00  1.40137E-02  1.85737E-09  128.7002
     70    5  2.06048E-01 -9.80960E-02  0.00000E+00  1.40137E-02  1.63781E-09  131.7846
     71    5  2.06048E-01 -8.40822E-02  0.00000E+00  1.40137E-02  1.58565E-09  134.3112
     72    5  2.06048E-01 -7.00685E-02  0.00000E+00  1.40137E-02  1.55084E-09  136.6082
     73    5  2.06048E-01 -5.60548E-02  0.00000E+00  1.40137E-02  1.51905E-09  138.8180
     74    5  2.06048E-01 -4.20411E-02  0.00000E+00  1.40137E-02  1.48768E-09  141.0764
     75    5  2.06048E-01 -2.80274E-02  0.00000E+00  1.40137E-02  1.46165E-09  143.5554
     76    5  2.06048E-01 -1.40137E-02  0.00000E+00  1.40137E-02  1.46554E-09  146.4870
     77    5  2.06048E-01 -7.77675E-18  0.00000E+00  1.40137E-02  1.79154E-09  149.9432
     78    5  2.06048E-01  1.40137E-02  0.00000E+00  1.40137E-02  1.97324E-09  -31.8190
     79    5  2.06048E-01  2.80274E-02  0.00000E+00  1.40137E-02  1.65529E-09  -35.3196
     80    5  2.06048E-01  4.20411E-02  0.00000E+00  1.40137E-02  1.65778E-09  -37.9993
     81    5  2.06048E-01  5.60548E-02  0.00000E+00  1.40137E-02  1.68731E-09  -40.2412
     82    5  2.06048E-01  7.00685E-02  0.00000E+00  1.40137E-02  1.72136E-09  -42.3121
     83    5  2.06048E-01  8.40822E-02  0.00000E+00  1.40137E-02  1.75929E-09  -44.4005
     84    5  2.06048E-01  9.80960E-02  0.00000E+00  1.40137E-02  1.81603E-09  -46.6642
     85    5  2.06048E-01  1.12110E-01  0.00000E+00  1.40137E-02  2.05695E-09  -49.4063
     86    6  9.99980E+01  9.99980E+01  9.99980E+01  1.75920E-03  5.05217E-23   84.0636
     87    6  9.99990E+01  9.99990E+01  9.99990E+01  1.75920E-03  5.05217E-23  -95.9364



                                        - - - POWER BUDGET - - -

                                           INPUT POWER   = 1.2950E+02 WATTS
                                           RADIATED POWER= 2.5901E+02 WATTS
                                           WIRE LOSS     = 1.4015E-22 WATTS
                                           EFFICIENCY    = 200.00 PERCENT




 ***** INPUT LINE 12  EN   0    0    0    0  0.00000E+00  0.00000E+00  0.00000E+00  0.00000E+00  0.00000E+00  0.00000E+00

 RUN TIME =     0.016
