1
 x13



                                ***********************************************
                                *                                             *
                                *  NUMERICAL ELECTROMAGNETICS CODE (NEC-5)    *
                                *                                             *
                                ***********************************************




                      **********************************************************

                          Dipole with coax feedline                                                    
                                                                                                       
                          EZNEC Pro/2+ v. 7.0.4  2026-08-20 20:19:20                                   
                                                                                                       
                          ! Written by EZNEC/Pro+ v. 7.0 in NEC-5 format.                              
                                                                                                       

                      **********************************************************





                                 - - - STRUCTURE SPECIFICATION - - -

                                     COORDINATES MUST BE INPUT IN
                                     METERS OR BE SCALED TO METERS
                                     BEFORE STRUCTURE INPUT IS ENDED

 Model definition commands:

 GW    1    10  0.00000E+00 -5.11150E+00  9.14400E+00  0.00000E+00 -3.04800E-02  9.14400E+00  1.02620E-03
 GW    2     1  0.00000E+00 -3.04800E-02  9.14400E+00  0.00000E+00  3.04800E-02  9.14400E+00  1.02620E-03
 GW    3    10  0.00000E+00  3.04800E-02  9.14400E+00  0.00000E+00  5.11150E+00  9.14400E+00  1.02620E-03
 GW    4     1  0.00000E+00 -3.04800E-02  3.04800E-03  0.00000E+00  3.04800E-02  3.04800E-03  1.02620E-03
 GW    5    20  0.00000E+00  3.04800E-02  9.14400E+00  0.00000E+00  3.04800E-02  3.04800E-03  1.90500E-03
 GE    1   -1

   GROUND PLANE SPECIFIED.

   WHERE WIRE ENDS TOUCH GROUND, CURRENT WILL BE INTERPOLATED TO IMAGE IN GROUND PLANE.


 Number of nodes :    43
 Number of wire elements :    42
 Number of patch elements:     0
 Number unknowns:    41




 ***** INPUT LINE  1  FR   0    1    0    0  1.40000E+01  0.00000E+00  0.00000E+00  0.00000E+00  0.00000E+00  0.00000E+00
 ***** INPUT LINE  2  GN   0    0    0    0  2.00000E+01  3.03000E-02  1.00000E+00  0.00000E+00  0.00000E+00  0.00000E+00
 ***** INPUT LINE  3  EX   4    4    1    0  1.41421E+00  0.00000E+00  0.00000E+00  0.00000E+00  0.00000E+00  0.00000E+00
 ***** INPUT LINE  4  TL   2   -1    4    1  5.00000E+01  1.38502E+01  0.00000E+00  0.00000E+00  0.00000E+00  0.00000E+00
 ***** INPUT LINE  5  PQ   0    0    0    0  0.00000E+00  0.00000E+00  0.00000E+00  0.00000E+00  0.00000E+00  0.00000E+00
 ***** INPUT LINE  6  XQ   0    0    0    0  0.00000E+00  0.00000E+00  0.00000E+00  0.00000E+00  0.00000E+00  0.00000E+00




                                 - - - - - - FREQUENCY - - - - - -

                                    FREQUENCY= 1.4000E+01 MHZ
                                    WAVELENGTH= 2.1414E+01 METERS



                                  - - - ANTENNA ENVIRONMENT - - -


 GMPINO: EPSC from file = 1.30000E+01-1.28034E+01
              should be  2.00000E+01-3.89052E+01
 Will compute Sommerfeld-ground tables
                                        FINITE GROUND.  SOMMERFELD SOLUTION
                                        RELATIVE DIELECTRIC CONST.= 20.000
                                        CONDUCTIVITY= 3.030E-02 MHOS/METER
                                        COMPLEX DIELECTRIC CONSTANT= 2.00000E+01-3.89052E+01



                               - - - STRUCTURE IMPEDANCE LOADING - - -

                                   THIS STRUCTURE IS NOT LOADED
ALLOCATE CM:           1681



                                - - - MATRIX TIMING - - -

                        FILL=    0.281 SEC.,  FACTOR=    0.000 SEC.



                                            - - - NETWORK DATA - - -

      - FROM -    - TO -           TRANSMISSION LINE               -  -  SHUNT ADMITTANCES (MHOS)  -  -              LINE
      TAG  SEG.   TAG  SEG.      IMPEDANCE      LENGTH            - END ONE -                 - END TWO -            TYPE
      NO.   NO.   NO.   NO.         OHMS        METERS         REAL          IMAG.         REAL          IMAG.
        2   -11     4    22     5.0000E+01    1.3850E+01    0.0000E+00    0.0000E+00    0.0000E+00    0.0000E+00   STRAIGHT



                           - - - STRUCTURE EXCITATION DATA AT NETWORK CONNECTION POINTS - - -

   TAG   SEG.    VOLTAGE (VOLTS)         CURRENT (AMPS)         IMPEDANCE (OHMS)        ADMITTANCE (MHOS)      POWER
   NO.   NO.    REAL        IMAG.       REAL        IMAG.       REAL        IMAG.       REAL        IMAG.     (WATTS)
   2    11 2 -2.0720E+01  6.6333E+01 -5.9625E-01  5.5338E-01  7.4140E+01 -4.2442E+01  1.0159E-02  5.8156E-03  2.4531E+01
   4    22 1  3.4566E+01 -1.6310E+01 -3.2270E-03  4.0240E-03 -6.6592E+03 -3.2497E+03 -1.2128E-04  5.9187E-05 -8.8588E-02



                                          - - - ANTENNA INPUT PARAMETERS - - -

   TAG   SEG.    VOLTAGE (VOLTS)         CURRENT (AMPS)         IMPEDANCE (OHMS)        ADMITTANCE (MHOS)      POWER
   NO.   NO.    REAL        IMAG.       REAL        IMAG.       REAL        IMAG.       REAL        IMAG.     (WATTS)
   4    22 1  3.4566E+01 -1.6310E+01  1.4142E+00  0.0000E+00  2.4442E+01 -1.1533E+01  3.3463E-02  1.5789E-02  2.4442E+01



                                       - - - Wire Currents - - -

                             Lengths normalized by wavelength (or 2.*pi/CABS(k))

  Elem.  Tag            Coord. of seg. center          Seg.            - - - Current (Amps) - - -
   No.   No.     X            Y            Z           Length       Real         Imag.        Mag.         Phase
      1    1  0.00000E+00 -2.26832E-01  4.27005E-01  2.37272E-02 -4.61519E-02  5.01245E-02  6.81356E-02  132.6372
      2    1  0.00000E+00 -2.03105E-01  4.27005E-01  2.37272E-02 -1.34328E-01  1.44827E-01  1.97532E-01  132.8460
      3    1  0.00000E+00 -1.79378E-01  4.27005E-01  2.37272E-02 -2.15786E-01  2.30154E-01  3.15491E-01  133.1547
      4    1  0.00000E+00 -1.55650E-01  4.27005E-01  2.37272E-02 -2.91796E-01  3.07538E-01  4.23939E-01  133.4955
      5    1  0.00000E+00 -1.31923E-01  4.27005E-01  2.37272E-02 -3.61581E-01  3.76162E-01  5.21764E-01  133.8677
      6    1  0.00000E+00 -1.08196E-01  4.27005E-01  2.37272E-02 -4.24101E-01  4.34934E-01  6.07478E-01  134.2775
      7    1  0.00000E+00 -8.44686E-02  4.27005E-01  2.37272E-02 -4.78345E-01  4.82787E-01  6.79630E-01  134.7352
      8    1  0.00000E+00 -6.07414E-02  4.27005E-01  2.37272E-02 -5.23458E-01  5.18776E-01  7.36978E-01  135.2574
      9    1  0.00000E+00 -3.70142E-02  4.27005E-01  2.37272E-02 -5.58904E-01  5.42109E-01  7.78624E-01  135.8739
     10    1  0.00000E+00 -1.32870E-02  4.27005E-01  2.37272E-02 -5.85210E-01  5.51949E-01  8.04437E-01  136.6754
     11    2  0.00000E+00 -1.70116E-17  4.27005E-01  2.84670E-03 -5.95371E-01  5.53683E-01  8.13039E-01  137.0778
     12    3  0.00000E+00  1.32870E-02  4.27005E-01  2.37272E-02 -6.01756E-01  5.22063E-01  7.96656E-01  139.0562
     13    3  0.00000E+00  3.70142E-02  4.27005E-01  2.37272E-02 -5.78304E-01  5.12531E-01  7.72738E-01  138.4506
     14    3  0.00000E+00  6.07414E-02  4.27005E-01  2.37272E-02 -5.43566E-01  4.90563E-01  7.32200E-01  137.9341
     15    3  0.00000E+00  8.44686E-02  4.27005E-01  2.37272E-02 -4.98021E-01  4.56691E-01  6.75716E-01  137.4788
     16    3  0.00000E+00  1.08196E-01  4.27005E-01  2.37272E-02 -4.42466E-01  4.11597E-01  6.04308E-01  137.0700
     17    3  0.00000E+00  1.31923E-01  4.27005E-01  2.37272E-02 -3.77895E-01  3.56137E-01  5.19267E-01  136.6978
     18    3  0.00000E+00  1.55650E-01  4.27005E-01  2.37272E-02 -3.05420E-01  2.91301E-01  4.22063E-01  136.3554
     19    3  0.00000E+00  1.79378E-01  4.27005E-01  2.37272E-02 -2.26160E-01  2.18105E-01  3.14194E-01  136.0388
     20    3  0.00000E+00  2.03105E-01  4.27005E-01  2.37272E-02 -1.40949E-01  1.37308E-01  1.96774E-01  135.7497
     21    3  0.00000E+00  2.26832E-01  4.27005E-01  2.37272E-02 -4.84644E-02  4.75375E-02  6.78868E-02  135.5532
     22    4  0.00000E+00  0.00000E+00  1.42335E-04  2.84670E-03 -1.61351E-03  2.01200E-03  2.57906E-03  128.7275
     23    5  0.00000E+00  1.42335E-03  4.16333E-01  2.13431E-02  2.22861E-02  3.18884E-02  3.89042E-02   55.0512
     24    5  0.00000E+00  1.42335E-03  3.94990E-01  2.13431E-02  3.38668E-02  3.46126E-02  4.84251E-02   45.6239
     25    5  0.00000E+00  1.42335E-03  3.73647E-01  2.13431E-02  4.41768E-02  3.66364E-02  5.73918E-02   39.6694
     26    5  0.00000E+00  1.42335E-03  3.52304E-01  2.13431E-02  5.33852E-02  3.80589E-02  6.55626E-02   35.4855
     27    5  0.00000E+00  1.42335E-03  3.30961E-01  2.13431E-02  6.14491E-02  3.88988E-02  7.27263E-02   32.3348
     28    5  0.00000E+00  1.42335E-03  3.09618E-01  2.13431E-02  6.82824E-02  3.91644E-02  7.87169E-02   29.8371
     29    5  0.00000E+00  1.42335E-03  2.88274E-01  2.13431E-02  7.37944E-02  3.88656E-02  8.34036E-02   27.7746
     30    5  0.00000E+00  1.42335E-03  2.66931E-01  2.13431E-02  7.79038E-02  3.80178E-02  8.66853E-02   26.0128
     31    5  0.00000E+00  1.42335E-03  2.45588E-01  2.13431E-02  8.05450E-02  3.66430E-02  8.84885E-02   24.4626
     32    5  0.00000E+00  1.42335E-03  2.24245E-01  2.13431E-02  8.16722E-02  3.47708E-02  8.87657E-02   23.0612
     33    5  0.00000E+00  1.42335E-03  2.02902E-01  2.13431E-02  8.12599E-02  3.24377E-02  8.74951E-02   21.7611
     34    5  0.00000E+00  1.42335E-03  1.81559E-01  2.13431E-02  7.93046E-02  2.96868E-02  8.46789E-02   20.5229
     35    5  0.00000E+00  1.42335E-03  1.60216E-01  2.13431E-02  7.58230E-02  2.65668E-02  8.03426E-02   19.3094
     36    5  0.00000E+00  1.42335E-03  1.38873E-01  2.13431E-02  7.08510E-02  2.31309E-02  7.45312E-02   18.0804
     37    5  0.00000E+00  1.42335E-03  1.17529E-01  2.13431E-02  6.44393E-02  1.94347E-02  6.73063E-02   16.7832
     38    5  0.00000E+00  1.42335E-03  9.61864E-02  2.13431E-02  5.66469E-02  1.55346E-02  5.87384E-02   15.3355
     39    5  0.00000E+00  1.42335E-03  7.48432E-02  2.13431E-02  4.75279E-02  1.14826E-02  4.88953E-02   13.5822
     40    5  0.00000E+00  1.42335E-03  5.35001E-02  2.13431E-02  3.71012E-02  7.31843E-03  3.78161E-02   11.1587
     41    5  0.00000E+00  1.42335E-03  3.21570E-02  2.13431E-02  2.52581E-02  3.04364E-03  2.54408E-02    6.8711
     42    5  0.00000E+00  1.42335E-03  1.08139E-02  2.13431E-02  1.10918E-02 -1.57442E-03  1.12030E-02   -8.0789



                             - - - Wire Charge Densities - - -

                     Lengths normalized by wavelength (or 2.*pi/CABS(k))

  ELEM.  TAG          Coord. of Seg. Center           Seg.        Charge Density (C/m)
   No.   No.     X            Y            Z          Length        Mag.         Phase
      1    1  0.00000E+00 -2.26832E-01  4.27005E-01  2.37272E-02  3.04892E-09 -137.3628
      2    1  0.00000E+00 -2.03105E-01  4.27005E-01  2.37272E-02  2.74141E-09 -136.6895
      3    1  0.00000E+00 -1.79378E-01  4.27005E-01  2.37272E-02  2.53747E-09 -135.9383
      4    1  0.00000E+00 -1.55650E-01  4.27005E-01  2.37272E-02  2.31648E-09 -135.0472
      5    1  0.00000E+00 -1.31923E-01  4.27005E-01  2.37272E-02  2.06332E-09 -133.9277
      6    1  0.00000E+00 -1.08196E-01  4.27005E-01  2.37272E-02  1.77674E-09 -132.4204
      7    1  0.00000E+00 -8.44686E-02  4.27005E-01  2.37272E-02  1.46067E-09 -130.1990
      8    1  0.00000E+00 -6.07414E-02  4.27005E-01  2.37272E-02  1.12306E-09 -126.4766
      9    1  0.00000E+00 -3.70142E-02  4.27005E-01  2.37272E-02  7.79932E-10 -118.8593
     10    1  0.00000E+00 -1.32870E-02  4.27005E-01  2.37272E-02  4.98191E-10  -97.3647
     11    2  0.00000E+00 -1.70116E-17  4.27005E-01  2.84670E-03  3.47684E-10  109.2416
     12    3  0.00000E+00  1.32870E-02  4.27005E-01  2.37272E-02  4.03287E-10   79.7894
     13    3  0.00000E+00  3.70142E-02  4.27005E-01  2.37272E-02  7.42868E-10   61.4493
     14    3  0.00000E+00  6.07414E-02  4.27005E-01  2.37272E-02  1.09901E-09   55.1529
     15    3  0.00000E+00  8.44686E-02  4.27005E-01  2.37272E-02  1.44181E-09   51.9967
     16    3  0.00000E+00  1.08196E-01  4.27005E-01  2.37272E-02  1.76049E-09   50.0627
     17    3  0.00000E+00  1.31923E-01  4.27005E-01  2.37272E-02  2.04865E-09   48.7210
     18    3  0.00000E+00  1.55650E-01  4.27005E-01  2.37272E-02  2.30295E-09   47.7063
     19    3  0.00000E+00  1.79378E-01  4.27005E-01  2.37272E-02  2.52492E-09   46.8866
     20    3  0.00000E+00  2.03105E-01  4.27005E-01  2.37272E-02  2.72976E-09   46.1870
     21    3  0.00000E+00  2.26832E-01  4.27005E-01  2.37272E-02  3.03778E-09   45.5532
     22    4  0.00000E+00  0.00000E+00  1.42335E-04  2.84670E-03  9.61919E-10 -141.2725
     23    5  0.00000E+00  1.42335E-03  4.16333E-01  2.13431E-02  3.15666E-10  104.2160
     24    5  0.00000E+00  1.42335E-03  3.94990E-01  2.13431E-02  2.76256E-10  102.1185
     25    5  0.00000E+00  1.42335E-03  3.73647E-01  2.13431E-02  2.46506E-10   99.9710
     26    5  0.00000E+00  1.42335E-03  3.52304E-01  2.13431E-02  2.17124E-10   97.4308
     27    5  0.00000E+00  1.42335E-03  3.30961E-01  2.13431E-02  1.86355E-10   94.2163
     28    5  0.00000E+00  1.42335E-03  3.09618E-01  2.13431E-02  1.54082E-10   89.8188
     29    5  0.00000E+00  1.42335E-03  2.88274E-01  2.13431E-02  1.20976E-10   83.1752
     30    5  0.00000E+00  1.42335E-03  2.66931E-01  2.13431E-02  8.87713E-11   71.7482
     31    5  0.00000E+00  1.42335E-03  2.45588E-01  2.13431E-02  6.21669E-11   49.2416
     32    5  0.00000E+00  1.42335E-03  2.24245E-01  2.13431E-02  5.33098E-11    9.6985
     33    5  0.00000E+00  1.42335E-03  2.02902E-01  2.13431E-02  7.00254E-11  -24.9040
     34    5  0.00000E+00  1.42335E-03  1.81559E-01  2.13431E-02  9.98619E-11  -42.7487
     35    5  0.00000E+00  1.42335E-03  1.60216E-01  2.13431E-02  1.33472E-10  -52.1623
     36    5  0.00000E+00  1.42335E-03  1.38873E-01  2.13431E-02  1.67553E-10  -57.8944
     37    5  0.00000E+00  1.42335E-03  1.17529E-01  2.13431E-02  2.00822E-10  -61.8265
     38    5  0.00000E+00  1.42335E-03  9.61864E-02  2.13431E-02  2.32806E-10  -64.7788
     39    5  0.00000E+00  1.42335E-03  7.48432E-02  2.13431E-02  2.63704E-10  -67.1575
     40    5  0.00000E+00  1.42335E-03  5.35001E-02  2.13431E-02  2.94911E-10  -69.1883
     41    5  0.00000E+00  1.42335E-03  3.21570E-02  2.13431E-02  3.31520E-10  -71.0107
     42    5  0.00000E+00  1.42335E-03  1.08139E-02  2.13431E-02  4.09782E-10  -72.7002



                                        - - - POWER BUDGET - - -

                                           INPUT POWER   = 2.4442E+01 WATTS
                                           RADIATED POWER= 4.8884E+01 WATTS
                                           WIRE LOSS     = 0.0000E+00 WATTS
                                           EFFICIENCY    = 200.00 PERCENT




 ***** INPUT LINE  7  EN   0    0    0    0  0.00000E+00  0.00000E+00  0.00000E+00  0.00000E+00  0.00000E+00  0.00000E+00

Sommerfeld integral tables written in previous run:
Potentials: 11 12 13 14 15 21 23 31 33
E and H:

 RUN TIME =     0.281
