1
 x13



                                ***********************************************
                                *                                             *
                                *  NUMERICAL ELECTROMAGNETICS CODE (NEC-5)    *
                                *                                             *
                                ***********************************************




                      **********************************************************

                          Dipole in free space                                                         
                                                                                                       
                          EZNEC Pro/2+ v. 7.0.4  2026-08-25 16:07:00                                   
                                                                                                       
                          ! Written by EZNEC/Pro+ v. 7.0 in NEC-5 format.                              
                                                                                                       

                      **********************************************************





                                 - - - STRUCTURE SPECIFICATION - - -

                                     COORDINATES MUST BE INPUT IN
                                     METERS OR BE SCALED TO METERS
                                     BEFORE STRUCTURE INPUT IS ENDED

 Model definition commands:

 GW    1    11  0.00000E+00 -2.50000E-01  0.00000E+00  0.00000E+00  2.50000E-01  0.00000E+00  5.00000E-04
 GE    0   -1

 Number of nodes :    12
 Number of wire elements :    11
 Number of patch elements:     0
 Number unknowns:    10




 ***** INPUT LINE  1  FR   0    1    0    0  3.04000E+02  0.00000E+00  0.00000E+00  0.00000E+00  0.00000E+00  0.00000E+00
 ***** INPUT LINE  2  GN  -1    0    0    0  0.00000E+00  0.00000E+00  0.00000E+00  0.00000E+00  0.00000E+00  0.00000E+00
 ***** INPUT LINE  3  EX   4    1    6    0  1.41421E+00  0.00000E+00  0.00000E+00  0.00000E+00  0.00000E+00  0.00000E+00
 ***** INPUT LINE  4  PQ   0    0    0    0  0.00000E+00  0.00000E+00  0.00000E+00  0.00000E+00  0.00000E+00  0.00000E+00
 ***** INPUT LINE  5  XQ   0    0    0    0  0.00000E+00  0.00000E+00  0.00000E+00  0.00000E+00  0.00000E+00  0.00000E+00




                                 - - - - - - FREQUENCY - - - - - -

                                    FREQUENCY= 3.0400E+02 MHZ
                                    WAVELENGTH= 9.8618E-01 METERS



                                  - - - ANTENNA ENVIRONMENT - - -

                                            FREE SPACE



                               - - - STRUCTURE IMPEDANCE LOADING - - -

                                   THIS STRUCTURE IS NOT LOADED
ALLOCATE CM:            100



                                - - - MATRIX TIMING - - -

                        FILL=    0.000 SEC.,  FACTOR=    0.000 SEC.



                                          - - - ANTENNA INPUT PARAMETERS - - -

   TAG   SEG.    VOLTAGE (VOLTS)         CURRENT (AMPS)         IMPEDANCE (OHMS)        ADMITTANCE (MHOS)      POWER
   NO.   NO.    REAL        IMAG.       REAL        IMAG.       REAL        IMAG.       REAL        IMAG.     (WATTS)
   1     6 1  1.1845E+02  6.3579E+01  1.4142E+00  0.0000E+00  8.3760E+01  4.4957E+01  9.2687E-03 -4.9749E-03  8.3760E+01



                                       - - - Wire Currents - - -

                             Lengths normalized by wavelength (or 2.*pi/CABS(k))

  Elem.  Tag            Coord. of seg. center          Seg.            - - - Current (Amps) - - -
   No.   No.     X            Y            Z           Length       Real         Imag.        Mag.         Phase
      1    1  0.00000E+00 -2.30457E-01  0.00000E+00  4.60913E-02  2.35589E-01 -3.02621E-02  2.37524E-01   -7.3197
      2    1  0.00000E+00 -1.84365E-01  0.00000E+00  4.60913E-02  6.63229E-01 -7.86622E-02  6.67878E-01   -6.7640
      3    1  0.00000E+00 -1.38274E-01  0.00000E+00  4.60913E-02  1.00636E+00 -1.03700E-01  1.01169E+00   -5.8833
      4    1  0.00000E+00 -9.21827E-02  0.00000E+00  4.60913E-02  1.25887E+00 -1.05639E-01  1.26329E+00   -4.7968
      5    1  0.00000E+00 -4.60913E-02  0.00000E+00  4.60913E-02  1.40495E+00 -8.33734E-02  1.40742E+00   -3.3961
      6    1  0.00000E+00  3.51805E-17  0.00000E+00  4.60913E-02  1.43190E+00 -3.30341E-02  1.43229E+00   -1.3216
      7    1  0.00000E+00  4.60913E-02  0.00000E+00  4.60913E-02  1.37372E+00 -2.49021E-02  1.37394E+00   -1.0385
      8    1  0.00000E+00  9.21827E-02  0.00000E+00  4.60913E-02  1.23447E+00 -5.96725E-02  1.23591E+00   -2.7674
      9    1  0.00000E+00  1.38274E-01  0.00000E+00  4.60913E-02  9.87718E-01 -6.83619E-02  9.90081E-01   -3.9592
     10    1  0.00000E+00  1.84365E-01  0.00000E+00  4.60913E-02  6.51240E-01 -5.57947E-02  6.53626E-01   -4.8968
     11    1  0.00000E+00  2.30457E-01  0.00000E+00  4.60913E-02  2.31382E-01 -2.22032E-02  2.32445E-01   -5.4813



                             - - - Wire Charge Densities - - -

                     Lengths normalized by wavelength (or 2.*pi/CABS(k))

  ELEM.  TAG          Coord. of Seg. Center           Seg.        Charge Density (C/m)
   No.   No.     X            Y            Z          Length        Mag.         Phase
      1    1  0.00000E+00 -2.30457E-01  0.00000E+00  4.60913E-02  5.47152E-09   82.6803
      2    1  0.00000E+00 -1.84365E-01  0.00000E+00  4.60913E-02  4.44371E-09   84.6048
      3    1  0.00000E+00 -1.38274E-01  0.00000E+00  4.60913E-02  3.48381E-09   87.3852
      4    1  0.00000E+00 -9.21827E-02  0.00000E+00  4.60913E-02  2.33933E-09   92.7998
      5    1  0.00000E+00 -4.60913E-02  0.00000E+00  4.60913E-02  1.10300E-09  111.1867
      6    1  0.00000E+00  3.51805E-17  0.00000E+00  4.60913E-02  8.63202E-10 -151.8305
      7    1  0.00000E+00  4.60913E-02  0.00000E+00  4.60913E-02  1.09512E-09  -58.4117
      8    1  0.00000E+00  9.21827E-02  0.00000E+00  4.60913E-02  2.28611E-09  -84.2933
      9    1  0.00000E+00  1.38274E-01  0.00000E+00  4.60913E-02  3.40941E-09  -90.4564
     10    1  0.00000E+00  1.84365E-01  0.00000E+00  4.60913E-02  4.34957E-09  -93.4578
     11    1  0.00000E+00  2.30457E-01  0.00000E+00  4.60913E-02  5.35451E-09  -95.4813



                                        - - - POWER BUDGET - - -

                                           INPUT POWER   = 8.3760E+01 WATTS
                                           RADIATED POWER= 8.3760E+01 WATTS
                                           WIRE LOSS     = 0.0000E+00 WATTS
                                           EFFICIENCY    = 100.00 PERCENT




 ***** INPUT LINE  6  EN   0    0    0    0  0.00000E+00  0.00000E+00  0.00000E+00  0.00000E+00  0.00000E+00  0.00000E+00

 RUN TIME =     0.000
