1
 x13



                                ***********************************************
                                *                                             *
                                *  NUMERICAL ELECTROMAGNETICS CODE (NEC-5)    *
                                *                                             *
                                ***********************************************




                      **********************************************************

                          Dipole in free space                                                         
                                                                                                       
                          EZNEC Pro/2+ v. 7.0.4  2026-08-25 16:07:04                                   
                                                                                                       
                          ! Written by EZNEC/Pro+ v. 7.0 in NEC-5 format.                              
                                                                                                       

                      **********************************************************





                                 - - - STRUCTURE SPECIFICATION - - -

                                     COORDINATES MUST BE INPUT IN
                                     METERS OR BE SCALED TO METERS
                                     BEFORE STRUCTURE INPUT IS ENDED

 Model definition commands:

 GW    1    11  0.00000E+00 -2.50000E-01  0.00000E+00  0.00000E+00  2.50000E-01  0.00000E+00  5.00000E-04
 GE    0   -1

 Number of nodes :    12
 Number of wire elements :    11
 Number of patch elements:     0
 Number unknowns:    10




 ***** INPUT LINE  1  FR   0    1    0    0  3.22000E+02  0.00000E+00  0.00000E+00  0.00000E+00  0.00000E+00  0.00000E+00
 ***** INPUT LINE  2  GN  -1    0    0    0  0.00000E+00  0.00000E+00  0.00000E+00  0.00000E+00  0.00000E+00  0.00000E+00
 ***** INPUT LINE  3  EX   4    1    6    0  1.41421E+00  0.00000E+00  0.00000E+00  0.00000E+00  0.00000E+00  0.00000E+00
 ***** INPUT LINE  4  PQ   0    0    0    0  0.00000E+00  0.00000E+00  0.00000E+00  0.00000E+00  0.00000E+00  0.00000E+00
 ***** INPUT LINE  5  XQ   0    0    0    0  0.00000E+00  0.00000E+00  0.00000E+00  0.00000E+00  0.00000E+00  0.00000E+00




                                 - - - - - - FREQUENCY - - - - - -

                                    FREQUENCY= 3.2200E+02 MHZ
                                    WAVELENGTH= 9.3106E-01 METERS



                                  - - - ANTENNA ENVIRONMENT - - -

                                            FREE SPACE



                               - - - STRUCTURE IMPEDANCE LOADING - - -

                                   THIS STRUCTURE IS NOT LOADED
ALLOCATE CM:            100



                                - - - MATRIX TIMING - - -

                        FILL=    0.000 SEC.,  FACTOR=    0.000 SEC.



                                          - - - ANTENNA INPUT PARAMETERS - - -

   TAG   SEG.    VOLTAGE (VOLTS)         CURRENT (AMPS)         IMPEDANCE (OHMS)        ADMITTANCE (MHOS)      POWER
   NO.   NO.    REAL        IMAG.       REAL        IMAG.       REAL        IMAG.       REAL        IMAG.     (WATTS)
   1     6 1  1.4477E+02  1.5552E+02  1.4142E+00  0.0000E+00  1.0236E+02  1.0997E+02  4.5351E-03 -4.8720E-03  1.0236E+02



                                       - - - Wire Currents - - -

                             Lengths normalized by wavelength (or 2.*pi/CABS(k))

  Elem.  Tag            Coord. of seg. center          Seg.            - - - Current (Amps) - - -
   No.   No.     X            Y            Z           Length       Real         Imag.        Mag.         Phase
      1    1  0.00000E+00 -2.44102E-01  0.00000E+00  4.88204E-02  2.57371E-01 -3.95207E-02  2.60388E-01   -8.7299
      2    1  0.00000E+00 -1.95282E-01  0.00000E+00  4.88204E-02  7.22370E-01 -1.02960E-01  7.29670E-01   -8.1118
      3    1  0.00000E+00 -1.46461E-01  0.00000E+00  4.88204E-02  1.08871E+00 -1.36033E-01  1.09717E+00   -7.1222
      4    1  0.00000E+00 -9.76409E-02  0.00000E+00  4.88204E-02  1.34641E+00 -1.38641E-01  1.35353E+00   -5.8791
      5    1  0.00000E+00 -4.88204E-02  0.00000E+00  4.88204E-02  1.47612E+00 -1.09273E-01  1.48016E+00   -4.2337
      6    1  0.00000E+00  3.72636E-17  0.00000E+00  4.88204E-02  1.46052E+00 -4.32262E-02  1.46116E+00   -1.6952
      7    1  0.00000E+00  4.88204E-02  0.00000E+00  4.88204E-02  1.39352E+00 -3.19369E-02  1.39388E+00   -1.3129
      8    1  0.00000E+00  9.76409E-02  0.00000E+00  4.88204E-02  1.28050E+00 -7.64988E-02  1.28278E+00   -3.4189
      9    1  0.00000E+00  1.46461E-01  0.00000E+00  4.88204E-02  1.03760E+00 -8.75165E-02  1.04128E+00   -4.8212
     10    1  0.00000E+00  1.95282E-01  0.00000E+00  4.88204E-02  6.89161E-01 -7.12290E-02  6.92833E-01   -5.9009
     11    1  0.00000E+00  2.44102E-01  0.00000E+00  4.88204E-02  2.45656E-01 -2.82744E-02  2.47278E-01   -6.5657



                             - - - Wire Charge Densities - - -

                     Lengths normalized by wavelength (or 2.*pi/CABS(k))

  ELEM.  TAG          Coord. of Seg. Center           Seg.        Charge Density (C/m)
   No.   No.     X            Y            Z          Length        Mag.         Phase
      1    1  0.00000E+00 -2.44102E-01  0.00000E+00  4.88204E-02  5.66288E-09   81.2701
      2    1  0.00000E+00 -1.95282E-01  0.00000E+00  4.88204E-02  4.54533E-09   83.4284
      3    1  0.00000E+00 -1.46461E-01  0.00000E+00  4.88204E-02  3.45736E-09   86.6989
      4    1  0.00000E+00 -9.76409E-02  0.00000E+00  4.88204E-02  2.15759E-09   93.7836
      5    1  0.00000E+00 -4.88204E-02  0.00000E+00  4.88204E-02  8.32185E-10  126.6120
      6    1  0.00000E+00  3.72636E-17  0.00000E+00  4.88204E-02  1.37772E-09 -133.0271
      7    1  0.00000E+00  4.88204E-02  0.00000E+00  4.88204E-02  8.27659E-10  -32.9456
      8    1  0.00000E+00  9.76409E-02  0.00000E+00  4.88204E-02  2.02642E-09  -82.2129
      9    1  0.00000E+00  1.46461E-01  0.00000E+00  4.88204E-02  3.27511E-09  -90.6115
     10    1  0.00000E+00  1.95282E-01  0.00000E+00  4.88204E-02  4.31464E-09  -94.2435
     11    1  0.00000E+00  2.44102E-01  0.00000E+00  4.88204E-02  5.37776E-09  -96.5657



                                        - - - POWER BUDGET - - -

                                           INPUT POWER   = 1.0236E+02 WATTS
                                           RADIATED POWER= 1.0236E+02 WATTS
                                           WIRE LOSS     = 0.0000E+00 WATTS
                                           EFFICIENCY    = 100.00 PERCENT




 ***** INPUT LINE  6  EN   0    0    0    0  0.00000E+00  0.00000E+00  0.00000E+00  0.00000E+00  0.00000E+00  0.00000E+00

 RUN TIME =     0.000
