1
 x13



                                ***********************************************
                                *                                             *
                                *  NUMERICAL ELECTROMAGNETICS CODE (NEC-5)    *
                                *                                             *
                                ***********************************************




                      **********************************************************

                          Back yard dipole                                                             
                                                                                                       
                          EZNEC Pro/2+ v. 7.0.4  2026-08-25 16:02:39                                   
                                                                                                       
                          ! Written by EZNEC/Pro+ v. 7.0 in NEC-5 format.                              
                                                                                                       

                      **********************************************************





                                 - - - STRUCTURE SPECIFICATION - - -

                                     COORDINATES MUST BE INPUT IN
                                     METERS OR BE SCALED TO METERS
                                     BEFORE STRUCTURE INPUT IS ENDED

 Model definition commands:

 GW    1    11  0.00000E+00  0.00000E+00  9.14400E+00  0.00000E+00  1.01895E+01  9.14400E+00  1.02620E-03
 GE    1   -1

   GROUND PLANE SPECIFIED.

   WHERE WIRE ENDS TOUCH GROUND, CURRENT WILL BE INTERPOLATED TO IMAGE IN GROUND PLANE.


 Number of nodes :    12
 Number of wire elements :    11
 Number of patch elements:     0
 Number unknowns:    10




 ***** INPUT LINE  1  FR   0    1    0    0  1.40000E+01  0.00000E+00  0.00000E+00  0.00000E+00  0.00000E+00  0.00000E+00
 ***** INPUT LINE  2  GN   0    0    0    0  2.00000E+01  3.03000E-02  1.00000E+00  0.00000E+00  0.00000E+00  0.00000E+00
 ***** INPUT LINE  3  EX   4    1    6    0  1.41421E+00  0.00000E+00  0.00000E+00  0.00000E+00  0.00000E+00  0.00000E+00
 ***** INPUT LINE  4  PQ   0    0    0    0  0.00000E+00  0.00000E+00  0.00000E+00  0.00000E+00  0.00000E+00  0.00000E+00
 ***** INPUT LINE  5  NE   0    2    3    4  3.04800E-01  6.09600E-01  9.14400E-01  6.09600E-01  6.09600E-01  6.09600E-01




                                 - - - - - - FREQUENCY - - - - - -

                                    FREQUENCY= 1.4000E+01 MHZ
                                    WAVELENGTH= 2.1414E+01 METERS



                                  - - - ANTENNA ENVIRONMENT - - -


 GMPINO: EPSC from file = 1.30000E+01-1.28400E+01
              should be  2.00000E+01-3.89052E+01
 Will compute Sommerfeld-ground tables
                                        FINITE GROUND.  SOMMERFELD SOLUTION
                                        RELATIVE DIELECTRIC CONST.= 20.000
                                        CONDUCTIVITY= 3.030E-02 MHOS/METER
                                        COMPLEX DIELECTRIC CONSTANT= 2.00000E+01-3.89052E+01



                               - - - STRUCTURE IMPEDANCE LOADING - - -

                                   THIS STRUCTURE IS NOT LOADED
ALLOCATE CM:            100



                                - - - MATRIX TIMING - - -

                        FILL=    0.266 SEC.,  FACTOR=    0.000 SEC.



                                          - - - ANTENNA INPUT PARAMETERS - - -

   TAG   SEG.    VOLTAGE (VOLTS)         CURRENT (AMPS)         IMPEDANCE (OHMS)        ADMITTANCE (MHOS)      POWER
   NO.   NO.    REAL        IMAG.       REAL        IMAG.       REAL        IMAG.       REAL        IMAG.     (WATTS)
   1     6 1  1.0236E+02 -8.2799E+01  1.4142E+00  0.0000E+00  7.2380E+01 -5.8548E+01  8.3515E-03  6.7555E-03  7.2380E+01



                                       - - - Wire Currents - - -

                             Lengths normalized by wavelength (or 2.*pi/CABS(k))

  Elem.  Tag            Coord. of seg. center          Seg.            - - - Current (Amps) - - -
   No.   No.     X            Y            Z           Length       Real         Imag.        Mag.         Phase
      1    1  0.00000E+00  2.16284E-02  4.27005E-01  4.32569E-02  2.04022E-01 -1.59801E-02  2.04647E-01   -4.4786
      2    1  0.00000E+00  6.48853E-02  4.27005E-01  4.32569E-02  5.83960E-01 -4.17952E-02  5.85454E-01   -4.0938
      3    1  0.00000E+00  1.08142E-01  4.27005E-01  4.32569E-02  9.05053E-01 -5.53135E-02  9.06741E-01   -3.4974
      4    1  0.00000E+00  1.51399E-01  4.27005E-01  4.32569E-02  1.15676E+00 -5.61745E-02  1.15812E+00   -2.7802
      5    1  0.00000E+00  1.94656E-01  4.27005E-01  4.32569E-02  1.32486E+00 -4.38367E-02  1.32558E+00   -1.8951
      6    1  0.00000E+00  2.37913E-01  4.27005E-01  4.32569E-02  1.40032E+00 -1.71605E-02  1.40042E+00   -0.7021
      7    1  0.00000E+00  2.81170E-01  4.27005E-01  4.32569E-02  1.34996E+00 -1.28826E-02  1.35002E+00   -0.5468
      8    1  0.00000E+00  3.24426E-01  4.27005E-01  4.32569E-02  1.17696E+00 -3.13401E-02  1.17737E+00   -1.5253
      9    1  0.00000E+00  3.67683E-01  4.27005E-01  4.32569E-02  9.20456E-01 -3.64315E-02  9.21177E-01   -2.2666
     10    1  0.00000E+00  4.10940E-01  4.27005E-01  4.32569E-02  5.93785E-01 -2.97881E-02  5.94532E-01   -2.8719
     11    1  0.00000E+00  4.54197E-01  4.27005E-01  4.32569E-02  2.07438E-01 -1.18141E-02  2.07775E-01   -3.2596



                             - - - Wire Charge Densities - - -

                     Lengths normalized by wavelength (or 2.*pi/CABS(k))

  ELEM.  TAG          Coord. of Seg. Center           Seg.        Charge Density (C/m)
   No.   No.     X            Y            Z          Length        Mag.         Phase
      1    1  0.00000E+00  2.16284E-02  4.27005E-01  4.32569E-02  5.02306E-09   85.5214
      2    1  0.00000E+00  6.48853E-02  4.27005E-01  4.32569E-02  4.32462E-09   86.8001
      3    1  0.00000E+00  1.08142E-01  4.27005E-01  4.32569E-02  3.56450E-09   88.5467
      4    1  0.00000E+00  1.51399E-01  4.27005E-01  4.32569E-02  2.61574E-09   91.5175
      5    1  0.00000E+00  1.94656E-01  4.27005E-01  4.32569E-02  1.52902E-09   98.7864
      6    1  0.00000E+00  2.37913E-01  4.27005E-01  4.32569E-02  5.42006E-10  140.9980
      7    1  0.00000E+00  2.81170E-01  4.27005E-01  4.32569E-02  1.60861E-09  -78.6635
      8    1  0.00000E+00  3.24426E-01  4.27005E-01  4.32569E-02  2.67253E-09  -87.0651
      9    1  0.00000E+00  3.67683E-01  4.27005E-01  4.32569E-02  3.62684E-09  -90.1875
     10    1  0.00000E+00  4.10940E-01  4.27005E-01  4.32569E-02  4.39392E-09  -91.9719
     11    1  0.00000E+00  4.54197E-01  4.27005E-01  4.32569E-02  5.09983E-09  -93.2596



                                        - - - POWER BUDGET - - -

                                           INPUT POWER   = 7.2380E+01 WATTS
                                           RADIATED POWER= 7.2380E+01 WATTS
                                           WIRE LOSS     = 0.0000E+00 WATTS
                                           EFFICIENCY    = 100.00 PERCENT



                                      - - - NEAR ELECTRIC FIELDS - - -

              -  LOCATION  -                     -  EX  -               -  EY  -               -  EZ  -
        X           Y           Z           MAGNITUDE   PHASE      MAGNITUDE   PHASE      MAGNITUDE   PHASE
      METERS      METERS      METERS         VOLTS/M   DEGREES      VOLTS/M   DEGREES      VOLTS/M   DEGREES
    3.0480E-01  6.0960E-01  9.1440E-01     6.9849E-02    70.44    4.0082E+00   139.72    5.8111E+00  -148.70
    9.1440E-01  6.0960E-01  9.1440E-01     2.0588E-01    70.17    3.9833E+00   139.07    5.7384E+00  -149.20
    3.0480E-01  1.2192E+00  9.1440E-01     6.6010E-02    71.78    4.2592E+00   140.34    5.3972E+00  -146.27
    9.1440E-01  1.2192E+00  9.1440E-01     1.9445E-01    71.51    4.2320E+00   139.72    5.3272E+00  -146.76
    3.0480E-01  1.8288E+00  9.1440E-01     6.0142E-02    72.92    4.4912E+00   140.76    4.8452E+00  -144.19
    9.1440E-01  1.8288E+00  9.1440E-01     1.7707E-01    72.66    4.4619E+00   140.16    4.7804E+00  -144.68
    3.0480E-01  6.0960E-01  1.5240E+00     1.1740E-01    70.68    5.5924E+00   147.71    5.8174E+00  -144.99
    9.1440E-01  6.0960E-01  1.5240E+00     3.4563E-01    70.40    5.5569E+00   147.03    5.7373E+00  -145.53
    3.0480E-01  1.2192E+00  1.5240E+00     1.1139E-01    72.02    5.9179E+00   147.81    5.4299E+00  -142.44
    9.1440E-01  1.2192E+00  1.5240E+00     3.2771E-01    71.75    5.8800E+00   147.15    5.3520E+00  -142.98
    3.0480E-01  1.8288E+00  1.5240E+00     1.0184E-01    73.15    6.2194E+00   147.74    4.8962E+00  -140.26
    9.1440E-01  1.8288E+00  1.5240E+00     2.9942E-01    72.89    6.1791E+00   147.10    4.8234E+00  -140.80
    3.0480E-01  6.0960E-01  2.1336E+00     1.7140E-01    71.59    7.1177E+00   152.92    5.9066E+00  -140.12
    9.1440E-01  6.0960E-01  2.1336E+00     5.0367E-01    71.30    7.0712E+00   152.19    5.8124E+00  -140.72
    3.0480E-01  1.2192E+00  2.1336E+00     1.6351E-01    72.93    7.5131E+00   152.69    5.5578E+00  -137.43
    9.1440E-01  1.2192E+00  2.1336E+00     4.8009E-01    72.65    7.4641E+00   151.99    5.4648E+00  -138.03
    3.0480E-01  1.8288E+00  2.1336E+00     1.5017E-01    74.07    7.8804E+00   152.29    5.0471E+00  -135.15
    9.1440E-01  1.8288E+00  2.1336E+00     4.4062E-01    73.79    7.8288E+00   151.62    4.9592E+00  -135.74
    3.0480E-01  6.0960E-01  2.7432E+00     2.3602E-01    72.92    8.5275E+00   157.19    6.1239E+00  -134.22
    9.1440E-01  6.0960E-01  2.7432E+00     6.9170E-01    72.61    8.4698E+00   156.39    6.0053E+00  -134.90
    3.0480E-01  1.2192E+00  2.7432E+00     2.2680E-01    74.27    8.9889E+00   156.66    5.8289E+00  -131.42
    9.1440E-01  1.2192E+00  2.7432E+00     6.6402E-01    73.97    8.9286E+00   155.90    5.7098E+00  -132.08
    3.0480E-01  1.8288E+00  2.7432E+00     2.0958E-01    75.40    9.4193E+00   155.95    5.3458E+00  -129.06
    9.1440E-01  1.8288E+00  2.7432E+00     6.1308E-01    75.12    9.3566E+00   155.23    5.2318E+00  -129.73




 ***** INPUT LINE  6  EN   0    0    0    0  0.00000E+00  0.00000E+00  0.00000E+00  0.00000E+00  0.00000E+00  0.00000E+00

Sommerfeld integral tables written in previous run:
Potentials: 11 12 13 14 15 21 23 31 33
E and H: 11 12 13 14 15 21 23 31 33

 RUN TIME =     0.641
