1
 x13



                                ***********************************************
                                *                                             *
                                *  NUMERICAL ELECTROMAGNETICS CODE (NEC-5)    *
                                *                                             *
                                ***********************************************




                      **********************************************************

                          4-square array w/feed system                                                 
                                                                                                       
                          EZNEC Pro/2+ v. 7.0.4  2026-08-20 20:16:24                                   
                                                                                                       
                          ! Written by EZNEC/Pro+ v. 7.0 in NEC-5 format.                              
                                                                                                       
                          ! *Wire #5 for virtual segments.                                             
                                                                                                       

                      **********************************************************





                                 - - - STRUCTURE SPECIFICATION - - -

                                     COORDINATES MUST BE INPUT IN
                                     METERS OR BE SCALED TO METERS
                                     BEFORE STRUCTURE INPUT IS ENDED

 Model definition commands:

 GW    1    20  0.00000E+00  0.00000E+00  0.00000E+00  0.00000E+00  0.00000E+00  1.00249E+01  1.90500E-02
 GW    2    20  0.00000E+00  1.04824E+01  0.00000E+00  0.00000E+00  1.04824E+01  1.00249E+01  1.90500E-02
 GW    3    20  1.04824E+01  0.00000E+00  0.00000E+00  1.04824E+01  0.00000E+00  1.00249E+01  1.90500E-02
 GW    4    20  1.04824E+01  1.04824E+01  0.00000E+00  1.04824E+01  1.04824E+01  1.00249E+01  1.90500E-02
 GW    5     4  4.19290E+03  4.19290E+03  4.23483E+03  4.19307E+03  4.19307E+03  4.23500E+03  4.19290E-03
 GE    1   -1

   GROUND PLANE SPECIFIED.

   WHERE WIRE ENDS TOUCH GROUND, CURRENT WILL BE INTERPOLATED TO IMAGE IN GROUND PLANE.


 Number of nodes :    89
 Number of wire elements :    84
 Number of patch elements:     0
 Number unknowns:    83




 ***** INPUT LINE  1  LD   4    1   -1    0  1.80000E+01  0.00000E+00  0.00000E+00  0.00000E+00  0.00000E+00  0.00000E+00
 ***** INPUT LINE  2  LD   4    2   -1    0  1.80000E+01  0.00000E+00  0.00000E+00  0.00000E+00  0.00000E+00  0.00000E+00
 ***** INPUT LINE  3  LD   4    3   -1    0  1.80000E+01  0.00000E+00  0.00000E+00  0.00000E+00  0.00000E+00  0.00000E+00
 ***** INPUT LINE  4  LD   4    4   -1    0  1.80000E+01  0.00000E+00  0.00000E+00  0.00000E+00  0.00000E+00  0.00000E+00
 ***** INPUT LINE  5  LD   4    5    1    0  1.00000E+10  0.00000E+00  0.00000E+00  0.00000E+00  0.00000E+00  0.00000E+00
 ***** INPUT LINE  6  LD   4    5    2    0  1.00000E+10  0.00000E+00  0.00000E+00  0.00000E+00  0.00000E+00  0.00000E+00
 ***** INPUT LINE  7  LD   4    5    3    0  1.00000E+10  0.00000E+00  0.00000E+00  0.00000E+00  0.00000E+00  0.00000E+00
 ***** INPUT LINE  8  FR   0    1    0    0  7.15000E+00  0.00000E+00  0.00000E+00  0.00000E+00  0.00000E+00  0.00000E+00
 ***** INPUT LINE  9  GD   0    0    0    0  1.30000E+01  5.00000E-03  1.00000E+00  0.00000E+00  0.00000E+00  0.00000E+00
 ***** INPUT LINE 10  EX   4    5    3    0  1.41421E+00  0.00000E+00  0.00000E+00  0.00000E+00  0.00000E+00  0.00000E+00
 ***** INPUT LINE 11  TL   5    1    1   -1  5.00000E+01  1.04822E+01  0.00000E+00  0.00000E+00  0.00000E+00  0.00000E+00
 ***** INPUT LINE 12  TL   5    1    4   -1  5.00000E+01  3.14468E+01  0.00000E+00  0.00000E+00  0.00000E+00  0.00000E+00
 ***** INPUT LINE 13  TL   5    2    2   -1  5.00000E+01  1.04822E+01  0.00000E+00  0.00000E+00  0.00000E+00  0.00000E+00
 ***** INPUT LINE 14  TL   5    2    3   -1  5.00000E+01  1.04822E+01  0.00000E+00  0.00000E+00  0.00000E+00  0.00000E+00
 ***** INPUT LINE 15  TL   5    1    5    3  5.00000E+01  2.78149E+00  0.00000E+00  0.00000E+00  0.00000E+00  0.00000E+00
 ***** INPUT LINE 16  TL   5    2    5    3  5.00000E+01  1.92054E+01  0.00000E+00  0.00000E+00  0.00000E+00  0.00000E+00
 ***** INPUT LINE 17  PQ   0    0    0    0  0.00000E+00  0.00000E+00  0.00000E+00  0.00000E+00  0.00000E+00  0.00000E+00
 ***** INPUT LINE 18  XQ   0    0    0    0  0.00000E+00  0.00000E+00  0.00000E+00  0.00000E+00  0.00000E+00  0.00000E+00




                                 - - - - - - FREQUENCY - - - - - -

                                    FREQUENCY= 7.1500E+00 MHZ
                                    WAVELENGTH= 4.1930E+01 METERS



                                  - - - ANTENNA ENVIRONMENT - - -


 GMPINO: EPSC from file = 1.30000E+01-1.28034E+01
              should be  1.30000E+01-1.25706E+01
 Will compute Sommerfeld-ground tables
                                        FINITE GROUND.  SOMMERFELD SOLUTION
                                        RELATIVE DIELECTRIC CONST.= 13.000
                                        CONDUCTIVITY= 5.000E-03 MHOS/METER
                                        COMPLEX DIELECTRIC CONSTANT= 1.30000E+01-1.25706E+01



                               - - - STRUCTURE IMPEDANCE LOADING - - -


       LOCATION          RESISTANCE   INDUCTANCE  CAPACITANCE       IMPEDANCE (OHMS)     CONDUCTIVITY    TYPE
    ITAG FROM THRU          OHMS        HENRYS       FARADS        REAL      IMAGINARY    MHOS/METER

       1    1    1                                             1.8000E+01                             FIXED IMPEDANCE 
       2    1    1                                             1.8000E+01                             FIXED IMPEDANCE 
       3    1    1                                             1.8000E+01                             FIXED IMPEDANCE 
       4    1    1                                             1.8000E+01                             FIXED IMPEDANCE 
       5    1    1                                             1.0000E+10                             FIXED IMPEDANCE 
       5    2    2                                             1.0000E+10                             FIXED IMPEDANCE 
       5    3    3                                             1.0000E+10                             FIXED IMPEDANCE 
ALLOCATE CM:           6889



                                - - - MATRIX TIMING - - -

                        FILL=    0.016 SEC.,  FACTOR=    0.000 SEC.



                                            - - - NETWORK DATA - - -

      - FROM -    - TO -           TRANSMISSION LINE               -  -  SHUNT ADMITTANCES (MHOS)  -  -              LINE
      TAG  SEG.   TAG  SEG.      IMPEDANCE      LENGTH            - END ONE -                 - END TWO -            TYPE
      NO.   NO.   NO.   NO.         OHMS        METERS         REAL          IMAG.         REAL          IMAG.
        5    81     1    -1     5.0000E+01    1.0482E+01    0.0000E+00    0.0000E+00    0.0000E+00    0.0000E+00   STRAIGHT
        5    81     4   -61     5.0000E+01    3.1447E+01    0.0000E+00    0.0000E+00    0.0000E+00    0.0000E+00   STRAIGHT
        5    82     2   -21     5.0000E+01    1.0482E+01    0.0000E+00    0.0000E+00    0.0000E+00    0.0000E+00   STRAIGHT
        5    82     3   -41     5.0000E+01    1.0482E+01    0.0000E+00    0.0000E+00    0.0000E+00    0.0000E+00   STRAIGHT
        5    81     5    83     5.0000E+01    2.7815E+00    0.0000E+00    0.0000E+00    0.0000E+00    0.0000E+00   STRAIGHT
        5    82     5    83     5.0000E+01    1.9205E+01    0.0000E+00    0.0000E+00    0.0000E+00    0.0000E+00   STRAIGHT



                           - - - STRUCTURE EXCITATION DATA AT NETWORK CONNECTION POINTS - - -

   TAG   SEG.    VOLTAGE (VOLTS)         CURRENT (AMPS)         IMPEDANCE (OHMS)        ADMITTANCE (MHOS)      POWER
   NO.   NO.    REAL        IMAG.       REAL        IMAG.       REAL        IMAG.       REAL        IMAG.     (WATTS)
   5    81 1  1.0774E+01 -1.1929E+01  1.0774E-09 -1.1929E-09  1.0000E+10 -2.6192E+04  1.0000E-10  2.6191E-16  1.2919E-08
   1     1 2 -7.0681E+00  1.3781E+00 -2.3859E-01 -2.1548E-01  1.3443E+01 -1.7917E+01  2.6793E-02  3.5711E-02  6.9470E-01
   4    61 2  8.0493E+00  2.9612E+01  2.3852E-01  2.1549E-01  8.0338E+01  5.1569E+01  8.8152E-03 -5.6585E-03  4.1506E+00
   5    82 1 -1.2954E+01 -1.0946E+01 -1.2954E-09 -1.0946E-09  1.0000E+10 -3.6351E+04  1.0000E-10  3.6351E-16  1.4381E-08
   2    21 2 -6.6502E+00  1.9272E+01 -2.1895E-01  2.5907E-01  5.6050E+01 -2.1700E+01  1.5516E-02  6.0070E-03  3.2244E+00
   3    41 2 -6.6502E+00  1.9272E+01 -2.1895E-01  2.5907E-01  5.6050E+01 -2.1700E+01  1.5516E-02  6.0070E-03  3.2244E+00
   5    83 1  1.5972E+01  5.2162E-01  1.5972E-09  5.2167E-11  1.0000E+10 -3.2775E+04  1.0000E-10  3.2775E-16  1.2769E-08



                                          - - - ANTENNA INPUT PARAMETERS - - -

   TAG   SEG.    VOLTAGE (VOLTS)         CURRENT (AMPS)         IMPEDANCE (OHMS)        ADMITTANCE (MHOS)      POWER
   NO.   NO.    REAL        IMAG.       REAL        IMAG.       REAL        IMAG.       REAL        IMAG.     (WATTS)
   5    83 1  1.5972E+01  5.2162E-01  1.4142E+00  0.0000E+00  1.1294E+01  3.6884E-01  8.8448E-02 -2.8885E-03  1.1294E+01



                                       - - - Wire Currents - - -

                             Lengths normalized by wavelength (or 2.*pi/CABS(k))

  Elem.  Tag            Coord. of seg. center          Seg.            - - - Current (Amps) - - -
   No.   No.     X            Y            Z           Length       Real         Imag.        Mag.         Phase
      1    1  0.00000E+00  0.00000E+00  5.97714E-03  1.19543E-02 -2.37208E-01 -2.14624E-01  3.19892E-01 -137.8614
      2    1  0.00000E+00  0.00000E+00  1.79314E-02  1.19543E-02 -2.34139E-01 -2.12479E-01  3.16178E-01 -137.7766
      3    1  0.00000E+00  0.00000E+00  2.98857E-02  1.19543E-02 -2.30231E-01 -2.09367E-01  3.11193E-01 -137.7173
      4    1  0.00000E+00  0.00000E+00  4.18400E-02  1.19543E-02 -2.25244E-01 -2.05169E-01  3.04679E-01 -137.6704
      5    1  0.00000E+00  0.00000E+00  5.37942E-02  1.19543E-02 -2.19151E-01 -1.99881E-01  2.96613E-01 -137.6330
      6    1  0.00000E+00  0.00000E+00  6.57485E-02  1.19543E-02 -2.11956E-01 -1.93517E-01  2.87009E-01 -137.6038
      7    1  0.00000E+00  0.00000E+00  7.77028E-02  1.19543E-02 -2.03679E-01 -1.86103E-01  2.75898E-01 -137.5819
      8    1  0.00000E+00  0.00000E+00  8.96570E-02  1.19543E-02 -1.94348E-01 -1.77672E-01  2.63322E-01 -137.5667
      9    1  0.00000E+00  0.00000E+00  1.01611E-01  1.19543E-02 -1.83997E-01 -1.68263E-01  2.49333E-01 -137.5575
     10    1  0.00000E+00  0.00000E+00  1.13566E-01  1.19543E-02 -1.72665E-01 -1.57919E-01  2.33990E-01 -137.5541
     11    1  0.00000E+00  0.00000E+00  1.25520E-01  1.19543E-02 -1.60394E-01 -1.46687E-01  2.17355E-01 -137.5559
     12    1  0.00000E+00  0.00000E+00  1.37474E-01  1.19543E-02 -1.47231E-01 -1.34616E-01  1.99495E-01 -137.5628
     13    1  0.00000E+00  0.00000E+00  1.49428E-01  1.19543E-02 -1.33220E-01 -1.21756E-01  1.80478E-01 -137.5742
     14    1  0.00000E+00  0.00000E+00  1.61383E-01  1.19543E-02 -1.18405E-01 -1.08157E-01  1.60367E-01 -137.5900
     15    1  0.00000E+00  0.00000E+00  1.73337E-01  1.19543E-02 -1.02826E-01 -9.38604E-02  1.39223E-01 -137.6099
     16    1  0.00000E+00  0.00000E+00  1.85291E-01  1.19543E-02 -8.65075E-02 -7.88999E-02  1.17084E-01 -137.6334
     17    1  0.00000E+00  0.00000E+00  1.97246E-01  1.19543E-02 -6.94520E-02 -6.32847E-02  9.39603E-02 -137.6602
     18    1  0.00000E+00  0.00000E+00  2.09200E-01  1.19543E-02 -5.16037E-02 -4.69724E-02  6.97807E-02 -137.6899
     19    1  0.00000E+00  0.00000E+00  2.21154E-01  1.19543E-02 -3.27552E-02 -2.97825E-02  4.42708E-02 -137.7214
     20    1  0.00000E+00  0.00000E+00  2.33108E-01  1.19543E-02 -1.15205E-02 -1.04665E-02  1.55649E-02 -137.7445
     21    2  0.00000E+00  2.49997E-01  5.97714E-03  1.19543E-02 -2.15733E-01  2.59243E-01  3.37265E-01  129.7660
     22    2  0.00000E+00  2.49997E-01  1.79314E-02  1.19543E-02 -2.09665E-01  2.58689E-01  3.32986E-01  129.0245
     23    2  0.00000E+00  2.49997E-01  2.98857E-02  1.19543E-02 -2.03715E-01  2.56441E-01  3.27508E-01  128.4634
     24    2  0.00000E+00  2.49997E-01  4.18400E-02  1.19543E-02 -1.97193E-01  2.52643E-01  3.20489E-01  127.9728
     25    2  0.00000E+00  2.49997E-01  5.37942E-02  1.19543E-02 -1.89994E-01  2.47338E-01  3.11887E-01  127.5299
     26    2  0.00000E+00  2.49997E-01  6.57485E-02  1.19543E-02 -1.82089E-01  2.40562E-01  3.01706E-01  127.1232
     27    2  0.00000E+00  2.49997E-01  7.77028E-02  1.19543E-02 -1.73479E-01  2.32353E-01  2.89971E-01  126.7457
     28    2  0.00000E+00  2.49997E-01  8.96570E-02  1.19543E-02 -1.64182E-01  2.22753E-01  2.76722E-01  126.3924
     29    2  0.00000E+00  2.49997E-01  1.01611E-01  1.19543E-02 -1.54224E-01  2.11808E-01  2.62007E-01  126.0596
     30    2  0.00000E+00  2.49997E-01  1.13566E-01  1.19543E-02 -1.43639E-01  1.99567E-01  2.45884E-01  125.7446
     31    2  0.00000E+00  2.49997E-01  1.25520E-01  1.19543E-02 -1.32462E-01  1.86083E-01  2.28415E-01  125.4449
     32    2  0.00000E+00  2.49997E-01  1.37474E-01  1.19543E-02 -1.20734E-01  1.71414E-01  2.09665E-01  125.1587
     33    2  0.00000E+00  2.49997E-01  1.49428E-01  1.19543E-02 -1.08495E-01  1.55614E-01  1.89702E-01  124.8844
     34    2  0.00000E+00  2.49997E-01  1.61383E-01  1.19543E-02 -9.57835E-02  1.38739E-01  1.68591E-01  124.6207
     35    2  0.00000E+00  2.49997E-01  1.73337E-01  1.19543E-02 -8.26344E-02  1.20837E-01  1.46390E-01  124.3663
     36    2  0.00000E+00  2.49997E-01  1.85291E-01  1.19543E-02 -6.90726E-02  1.01942E-01  1.23139E-01  124.1204
     37    2  0.00000E+00  2.49997E-01  1.97246E-01  1.19543E-02 -5.51036E-02  8.20575E-02  9.88425E-02  123.8823
     38    2  0.00000E+00  2.49997E-01  2.09200E-01  1.19543E-02 -4.06888E-02  6.11204E-02  7.34254E-02  123.6523
     39    2  0.00000E+00  2.49997E-01  2.21154E-01  1.19543E-02 -2.56727E-02  3.88850E-02  4.65954E-02  123.4336
     40    2  0.00000E+00  2.49997E-01  2.33108E-01  1.19543E-02 -8.99203E-03  1.36976E-02  1.63854E-02  123.2836
     41    3  2.49997E-01  0.00000E+00  5.97714E-03  1.19543E-02 -2.15733E-01  2.59243E-01  3.37265E-01  129.7660
     42    3  2.49997E-01  0.00000E+00  1.79314E-02  1.19543E-02 -2.09665E-01  2.58689E-01  3.32986E-01  129.0245
     43    3  2.49997E-01  0.00000E+00  2.98857E-02  1.19543E-02 -2.03715E-01  2.56441E-01  3.27508E-01  128.4634
     44    3  2.49997E-01  0.00000E+00  4.18400E-02  1.19543E-02 -1.97193E-01  2.52643E-01  3.20489E-01  127.9728
     45    3  2.49997E-01  0.00000E+00  5.37942E-02  1.19543E-02 -1.89994E-01  2.47338E-01  3.11887E-01  127.5299
     46    3  2.49997E-01  0.00000E+00  6.57485E-02  1.19543E-02 -1.82089E-01  2.40562E-01  3.01706E-01  127.1232
     47    3  2.49997E-01  0.00000E+00  7.77028E-02  1.19543E-02 -1.73479E-01  2.32353E-01  2.89971E-01  126.7457
     48    3  2.49997E-01  0.00000E+00  8.96570E-02  1.19543E-02 -1.64182E-01  2.22753E-01  2.76722E-01  126.3924
     49    3  2.49997E-01  0.00000E+00  1.01611E-01  1.19543E-02 -1.54224E-01  2.11808E-01  2.62007E-01  126.0596
     50    3  2.49997E-01  0.00000E+00  1.13566E-01  1.19543E-02 -1.43639E-01  1.99567E-01  2.45884E-01  125.7446
     51    3  2.49997E-01  0.00000E+00  1.25520E-01  1.19543E-02 -1.32462E-01  1.86083E-01  2.28415E-01  125.4449
     52    3  2.49997E-01  0.00000E+00  1.37474E-01  1.19543E-02 -1.20734E-01  1.71414E-01  2.09665E-01  125.1587
     53    3  2.49997E-01  0.00000E+00  1.49428E-01  1.19543E-02 -1.08495E-01  1.55614E-01  1.89702E-01  124.8844
     54    3  2.49997E-01  0.00000E+00  1.61383E-01  1.19543E-02 -9.57835E-02  1.38739E-01  1.68591E-01  124.6207
     55    3  2.49997E-01  0.00000E+00  1.73337E-01  1.19543E-02 -8.26344E-02  1.20837E-01  1.46390E-01  124.3663
     56    3  2.49997E-01  0.00000E+00  1.85291E-01  1.19543E-02 -6.90726E-02  1.01942E-01  1.23139E-01  124.1204
     57    3  2.49997E-01  0.00000E+00  1.97246E-01  1.19543E-02 -5.51036E-02  8.20575E-02  9.88425E-02  123.8823
     58    3  2.49997E-01  0.00000E+00  2.09200E-01  1.19543E-02 -4.06888E-02  6.11204E-02  7.34254E-02  123.6523
     59    3  2.49997E-01  0.00000E+00  2.21154E-01  1.19543E-02 -2.56727E-02  3.88850E-02  4.65954E-02  123.4336
     60    3  2.49997E-01  0.00000E+00  2.33108E-01  1.19543E-02 -8.99203E-03  1.36976E-02  1.63854E-02  123.2836
     61    4  2.49997E-01  2.49997E-01  5.97714E-03  1.19543E-02  2.43304E-01  2.14446E-01  3.24320E-01   41.3927
     62    4  2.49997E-01  2.49997E-01  1.79314E-02  1.19543E-02  2.50479E-01  2.12001E-01  3.28153E-01   40.2440
     63    4  2.49997E-01  2.49997E-01  2.98857E-02  1.19543E-02  2.53953E-01  2.08706E-01  3.28710E-01   39.4144
     64    4  2.49997E-01  2.49997E-01  4.18400E-02  1.19543E-02  2.54972E-01  2.04391E-01  3.26782E-01   38.7165
     65    4  2.49997E-01  2.49997E-01  5.37942E-02  1.19543E-02  2.53772E-01  1.99042E-01  3.22518E-01   38.1083
     66    4  2.49997E-01  2.49997E-01  6.57485E-02  1.19543E-02  2.50471E-01  1.92664E-01  3.15999E-01   37.5678
     67    4  2.49997E-01  2.49997E-01  7.77028E-02  1.19543E-02  2.45148E-01  1.85279E-01  3.07288E-01   37.0815
     68    4  2.49997E-01  2.49997E-01  8.96570E-02  1.19543E-02  2.37868E-01  1.76912E-01  2.96444E-01   36.6397
     69    4  2.49997E-01  2.49997E-01  1.01611E-01  1.19543E-02  2.28695E-01  1.67596E-01  2.83531E-01   36.2354
     70    4  2.49997E-01  2.49997E-01  1.13566E-01  1.19543E-02  2.17689E-01  1.57366E-01  2.68612E-01   35.8631
     71    4  2.49997E-01  2.49997E-01  1.25520E-01  1.19543E-02  2.04914E-01  1.46263E-01  2.51759E-01   35.5183
     72    4  2.49997E-01  2.49997E-01  1.37474E-01  1.19543E-02  1.90438E-01  1.34327E-01  2.33046E-01   35.1976
     73    4  2.49997E-01  2.49997E-01  1.49428E-01  1.19543E-02  1.74325E-01  1.21601E-01  2.12547E-01   34.8979
     74    4  2.49997E-01  2.49997E-01  1.61383E-01  1.19543E-02  1.56640E-01  1.08126E-01  1.90334E-01   34.6166
     75    4  2.49997E-01  2.49997E-01  1.73337E-01  1.19543E-02  1.37439E-01  9.39360E-02  1.66473E-01   34.3517
     76    4  2.49997E-01  2.49997E-01  1.85291E-01  1.19543E-02  1.16762E-01  7.90572E-02  1.41008E-01   34.1011
     77    4  2.49997E-01  2.49997E-01  1.97246E-01  1.19543E-02  9.46145E-02  6.34914E-02  1.13943E-01   33.8637
     78    4  2.49997E-01  2.49997E-01  2.09200E-01  1.19543E-02  7.09205E-02  4.71886E-02  8.51850E-02   33.6387
     79    4  2.49997E-01  2.49997E-01  2.21154E-01  1.19543E-02  4.53877E-02  2.99601E-02  5.43843E-02   33.4285
     80    4  2.49997E-01  2.49997E-01  2.33108E-01  1.19543E-02  1.60526E-02  1.05390E-02  1.92030E-02   33.2862
     81    5  9.99980E+01  9.99980E+01  1.00998E+02  1.73150E-03  5.38690E-10 -5.96460E-10  8.03711E-10  -47.9134
     82    5  9.99990E+01  9.99990E+01  1.00999E+02  1.73150E-03 -1.08995E-10 -1.14378E-09  1.14896E-09  -95.4435
     83    5  1.00000E+02  1.00000E+02  1.01000E+02  1.73150E-03  1.50927E-10 -5.21237E-10  5.42648E-10  -73.8514
     84    5  1.00001E+02  1.00001E+02  1.01001E+02  1.73150E-03  7.98612E-10  2.60837E-11  7.99038E-10    1.8707



                             - - - Wire Charge Densities - - -

                     Lengths normalized by wavelength (or 2.*pi/CABS(k))

  ELEM.  TAG          Coord. of Seg. Center           Seg.        Charge Density (C/m)
   No.   No.     X            Y            Z          Length        Mag.         Phase
      1    1  0.00000E+00  0.00000E+00  5.97714E-03  1.19543E-02  1.44272E-10  121.9330
      2    1  0.00000E+00  0.00000E+00  1.79314E-02  1.19543E-02  1.88640E-10  127.2766
      3    1  0.00000E+00  0.00000E+00  2.98857E-02  1.19543E-02  2.55108E-10  129.4542
      4    1  0.00000E+00  0.00000E+00  4.18400E-02  1.19543E-02  3.23909E-10  130.5870
      5    1  0.00000E+00  0.00000E+00  5.37942E-02  1.19543E-02  3.92694E-10  131.2602
      6    1  0.00000E+00  0.00000E+00  6.57485E-02  1.19543E-02  4.60428E-10  131.6948
      7    1  0.00000E+00  0.00000E+00  7.77028E-02  1.19543E-02  5.26496E-10  131.9897
      8    1  0.00000E+00  0.00000E+00  8.96570E-02  1.19543E-02  5.90457E-10  132.1950
      9    1  0.00000E+00  0.00000E+00  1.01611E-01  1.19543E-02  6.51970E-10  132.3384
     10    1  0.00000E+00  0.00000E+00  1.13566E-01  1.19543E-02  7.10774E-10  132.4370
     11    1  0.00000E+00  0.00000E+00  1.25520E-01  1.19543E-02  7.66679E-10  132.5012
     12    1  0.00000E+00  0.00000E+00  1.37474E-01  1.19543E-02  8.19584E-10  132.5384
     13    1  0.00000E+00  0.00000E+00  1.49428E-01  1.19543E-02  8.69504E-10  132.5536
     14    1  0.00000E+00  0.00000E+00  1.61383E-01  1.19543E-02  9.16624E-10  132.5502
     15    1  0.00000E+00  0.00000E+00  1.73337E-01  1.19543E-02  9.61410E-10  132.5311
     16    1  0.00000E+00  0.00000E+00  1.85291E-01  1.19543E-02  1.00484E-09  132.4985
     17    1  0.00000E+00  0.00000E+00  1.97246E-01  1.19543E-02  1.04897E-09  132.4538
     18    1  0.00000E+00  0.00000E+00  2.09200E-01  1.19543E-02  1.09858E-09  132.3984
     19    1  0.00000E+00  0.00000E+00  2.21154E-01  1.19543E-02  1.16713E-09  132.3333
     20    1  0.00000E+00  0.00000E+00  2.33108E-01  1.19543E-02  1.38243E-09  132.2555
     21    2  0.00000E+00  2.49997E-01  5.97714E-03  1.19543E-02  2.86001E-10   93.1304
     22    2  0.00000E+00  2.49997E-01  1.79314E-02  1.19543E-02  2.61501E-10   75.6372
     23    2  0.00000E+00  2.49997E-01  2.98857E-02  1.19543E-02  3.06410E-10   63.9012
     24    2  0.00000E+00  2.49997E-01  4.18400E-02  1.19543E-02  3.65382E-10   56.3375
     25    2  0.00000E+00  2.49997E-01  5.37942E-02  1.19543E-02  4.29629E-10   51.2962
     26    2  0.00000E+00  2.49997E-01  6.57485E-02  1.19543E-02  4.95526E-10   47.7538
     27    2  0.00000E+00  2.49997E-01  7.77028E-02  1.19543E-02  5.61279E-10   45.1405
     28    2  0.00000E+00  2.49997E-01  8.96570E-02  1.19543E-02  6.25842E-10   43.1318
     29    2  0.00000E+00  2.49997E-01  1.01611E-01  1.19543E-02  6.88540E-10   41.5338
     30    2  0.00000E+00  2.49997E-01  1.13566E-01  1.19543E-02  7.48910E-10   40.2254
     31    2  0.00000E+00  2.49997E-01  1.25520E-01  1.19543E-02  8.06637E-10   39.1274
     32    2  0.00000E+00  2.49997E-01  1.37474E-01  1.19543E-02  8.61535E-10   38.1863
     33    2  0.00000E+00  2.49997E-01  1.49428E-01  1.19543E-02  9.13569E-10   37.3643
     34    2  0.00000E+00  2.49997E-01  1.61383E-01  1.19543E-02  9.62893E-10   36.6344
     35    2  0.00000E+00  2.49997E-01  1.73337E-01  1.19543E-02  1.00997E-09   35.9761
     36    2  0.00000E+00  2.49997E-01  1.85291E-01  1.19543E-02  1.05580E-09   35.3739
     37    2  0.00000E+00  2.49997E-01  1.97246E-01  1.19543E-02  1.10252E-09   34.8154
     38    2  0.00000E+00  2.49997E-01  2.09200E-01  1.19543E-02  1.15517E-09   34.2903
     39    2  0.00000E+00  2.49997E-01  2.21154E-01  1.19543E-02  1.22789E-09   33.7893
     40    2  0.00000E+00  2.49997E-01  2.33108E-01  1.19543E-02  1.45530E-09   33.2836
     41    3  2.49997E-01  0.00000E+00  5.97714E-03  1.19543E-02  2.86001E-10   93.1304
     42    3  2.49997E-01  0.00000E+00  1.79314E-02  1.19543E-02  2.61501E-10   75.6372
     43    3  2.49997E-01  0.00000E+00  2.98857E-02  1.19543E-02  3.06410E-10   63.9012
     44    3  2.49997E-01  0.00000E+00  4.18400E-02  1.19543E-02  3.65382E-10   56.3375
     45    3  2.49997E-01  0.00000E+00  5.37942E-02  1.19543E-02  4.29629E-10   51.2962
     46    3  2.49997E-01  0.00000E+00  6.57485E-02  1.19543E-02  4.95526E-10   47.7538
     47    3  2.49997E-01  0.00000E+00  7.77028E-02  1.19543E-02  5.61279E-10   45.1405
     48    3  2.49997E-01  0.00000E+00  8.96570E-02  1.19543E-02  6.25842E-10   43.1318
     49    3  2.49997E-01  0.00000E+00  1.01611E-01  1.19543E-02  6.88540E-10   41.5338
     50    3  2.49997E-01  0.00000E+00  1.13566E-01  1.19543E-02  7.48910E-10   40.2254
     51    3  2.49997E-01  0.00000E+00  1.25520E-01  1.19543E-02  8.06637E-10   39.1274
     52    3  2.49997E-01  0.00000E+00  1.37474E-01  1.19543E-02  8.61535E-10   38.1863
     53    3  2.49997E-01  0.00000E+00  1.49428E-01  1.19543E-02  9.13569E-10   37.3643
     54    3  2.49997E-01  0.00000E+00  1.61383E-01  1.19543E-02  9.62893E-10   36.6344
     55    3  2.49997E-01  0.00000E+00  1.73337E-01  1.19543E-02  1.00997E-09   35.9761
     56    3  2.49997E-01  0.00000E+00  1.85291E-01  1.19543E-02  1.05580E-09   35.3739
     57    3  2.49997E-01  0.00000E+00  1.97246E-01  1.19543E-02  1.10252E-09   34.8154
     58    3  2.49997E-01  0.00000E+00  2.09200E-01  1.19543E-02  1.15517E-09   34.2903
     59    3  2.49997E-01  0.00000E+00  2.21154E-01  1.19543E-02  1.22789E-09   33.7893
     60    3  2.49997E-01  0.00000E+00  2.33108E-01  1.19543E-02  1.45530E-09   33.2836
     61    4  2.49997E-01  2.49997E-01  5.97714E-03  1.19543E-02  4.35030E-10   77.6449
     62    4  2.49997E-01  2.49997E-01  1.79314E-02  1.19543E-02  2.45919E-10   59.7121
     63    4  2.49997E-01  2.49997E-01  2.98857E-02  1.19543E-02  1.94109E-10   29.6949
     64    4  2.49997E-01  2.49997E-01  4.18400E-02  1.19543E-02  2.14675E-10   -1.5055
     65    4  2.49997E-01  2.49997E-01  5.37942E-02  1.19543E-02  2.79421E-10  -21.1750
     66    4  2.49997E-01  2.49997E-01  6.57485E-02  1.19543E-02  3.61254E-10  -32.1540
     67    4  2.49997E-01  2.49997E-01  7.77028E-02  1.19543E-02  4.48615E-10  -38.7044
     68    4  2.49997E-01  2.49997E-01  8.96570E-02  1.19543E-02  5.37058E-10  -42.9620
     69    4  2.49997E-01  2.49997E-01  1.01611E-01  1.19543E-02  6.24599E-10  -45.9308
     70    4  2.49997E-01  2.49997E-01  1.13566E-01  1.19543E-02  7.10191E-10  -48.1166
     71    4  2.49997E-01  2.49997E-01  1.25520E-01  1.19543E-02  7.93218E-10  -49.7957
     72    4  2.49997E-01  2.49997E-01  1.37474E-01  1.19543E-02  8.73325E-10  -51.1300
     73    4  2.49997E-01  2.49997E-01  1.49428E-01  1.19543E-02  9.50371E-10  -52.2204
     74    4  2.49997E-01  2.49997E-01  1.61383E-01  1.19543E-02  1.02447E-09  -53.1327
     75    4  2.49997E-01  2.49997E-01  1.73337E-01  1.19543E-02  1.09610E-09  -53.9119
     76    4  2.49997E-01  2.49997E-01  1.85291E-01  1.19543E-02  1.16642E-09  -54.5901
     77    4  2.49997E-01  2.49997E-01  1.97246E-01  1.19543E-02  1.23792E-09  -55.1908
     78    4  2.49997E-01  2.49997E-01  2.09200E-01  1.19543E-02  1.31656E-09  -55.7323
     79    4  2.49997E-01  2.49997E-01  2.21154E-01  1.19543E-02  1.41917E-09  -56.2294
     80    4  2.49997E-01  2.49997E-01  2.33108E-01  1.19543E-02  1.70555E-09  -56.7138
     81    5  9.99980E+01  9.99980E+01  1.00998E+02  1.73150E-03  4.92828E-16   42.0866
     82    5  9.99990E+01  9.99990E+01  1.00999E+02  1.73150E-03  7.28097E-16  -92.3718
     83    5  1.00000E+02  1.00000E+02  1.01000E+02  1.73150E-03  9.54012E-16  111.6265
     84    5  1.00001E+02  1.00001E+02  1.01001E+02  1.73150E-03  4.89962E-16  -88.1293



                                        - - - POWER BUDGET - - -

                                           INPUT POWER   = 1.1294E+01 WATTS
                                           RADIATED POWER= 1.8657E+01 WATTS
                                           WIRE LOSS     = 3.9311E+00 WATTS
                                           EFFICIENCY    = 165.19 PERCENT




 ***** INPUT LINE 19  EN   0    0    0    0  0.00000E+00  0.00000E+00  0.00000E+00  0.00000E+00  0.00000E+00  0.00000E+00

 RUN TIME =     0.016
