1
 x13



                                ***********************************************
                                *                                             *
                                *  NUMERICAL ELECTROMAGNETICS CODE (NEC-5)    *
                                *                                             *
                                ***********************************************




                      **********************************************************

                          Dipole in free space                                                         
                                                                                                       
                          EZNEC Pro/2+ v. 7.0.4  2026-08-25 16:07:08                                   
                                                                                                       
                          ! Written by EZNEC/Pro+ v. 7.0 in NEC-5 format.                              
                                                                                                       

                      **********************************************************





                                 - - - STRUCTURE SPECIFICATION - - -

                                     COORDINATES MUST BE INPUT IN
                                     METERS OR BE SCALED TO METERS
                                     BEFORE STRUCTURE INPUT IS ENDED

 Model definition commands:

 GW    1    11  0.00000E+00 -2.50000E-01  0.00000E+00  0.00000E+00  2.50000E-01  0.00000E+00  5.00000E-04
 GE    0   -1

 Number of nodes :    12
 Number of wire elements :    11
 Number of patch elements:     0
 Number unknowns:    10




 ***** INPUT LINE  1  FR   0    1    0    0  3.39000E+02  0.00000E+00  0.00000E+00  0.00000E+00  0.00000E+00  0.00000E+00
 ***** INPUT LINE  2  GN  -1    0    0    0  0.00000E+00  0.00000E+00  0.00000E+00  0.00000E+00  0.00000E+00  0.00000E+00
 ***** INPUT LINE  3  EX   4    1    6    0  1.41421E+00  0.00000E+00  0.00000E+00  0.00000E+00  0.00000E+00  0.00000E+00
 ***** INPUT LINE  4  PQ   0    0    0    0  0.00000E+00  0.00000E+00  0.00000E+00  0.00000E+00  0.00000E+00  0.00000E+00
 ***** INPUT LINE  5  XQ   0    0    0    0  0.00000E+00  0.00000E+00  0.00000E+00  0.00000E+00  0.00000E+00  0.00000E+00




                                 - - - - - - FREQUENCY - - - - - -

                                    FREQUENCY= 3.3900E+02 MHZ
                                    WAVELENGTH= 8.8437E-01 METERS



                                  - - - ANTENNA ENVIRONMENT - - -

                                            FREE SPACE



                               - - - STRUCTURE IMPEDANCE LOADING - - -

                                   THIS STRUCTURE IS NOT LOADED
ALLOCATE CM:            100



                                - - - MATRIX TIMING - - -

                        FILL=    0.000 SEC.,  FACTOR=    0.000 SEC.



                                          - - - ANTENNA INPUT PARAMETERS - - -

   TAG   SEG.    VOLTAGE (VOLTS)         CURRENT (AMPS)         IMPEDANCE (OHMS)        ADMITTANCE (MHOS)      POWER
   NO.   NO.    REAL        IMAG.       REAL        IMAG.       REAL        IMAG.       REAL        IMAG.     (WATTS)
   1     6 1  1.7554E+02  2.4483E+02  1.4142E+00  0.0000E+00  1.2413E+02  1.7312E+02  2.7353E-03 -3.8150E-03  1.2413E+02



                                       - - - Wire Currents - - -

                             Lengths normalized by wavelength (or 2.*pi/CABS(k))

  Elem.  Tag            Coord. of seg. center          Seg.            - - - Current (Amps) - - -
   No.   No.     X            Y            Z           Length       Real         Imag.        Mag.         Phase
      1    1  0.00000E+00 -2.56990E-01  0.00000E+00  5.13979E-02  2.81569E-01 -5.09843E-02  2.86148E-01  -10.2634
      2    1  0.00000E+00 -2.05592E-01  0.00000E+00  5.13979E-02  7.88029E-01 -1.33108E-01  7.99192E-01   -9.5875
      3    1  0.00000E+00 -1.54194E-01  0.00000E+00  5.13979E-02  1.17994E+00 -1.76222E-01  1.19303E+00   -8.4942
      4    1  0.00000E+00 -1.02796E-01  0.00000E+00  5.13979E-02  1.44301E+00 -1.79650E-01  1.45415E+00   -7.0966
      5    1  0.00000E+00 -5.13979E-02  0.00000E+00  5.13979E-02  1.55419E+00 -1.41382E-01  1.56061E+00   -5.1978
      6    1  0.00000E+00  3.92309E-17  0.00000E+00  5.13979E-02  1.49177E+00 -5.58309E-02  1.49282E+00   -2.1433
      7    1  0.00000E+00  5.13979E-02  0.00000E+00  5.13979E-02  1.41445E+00 -4.03465E-02  1.41502E+00   -1.6339
      8    1  0.00000E+00  1.02796E-01  0.00000E+00  5.13979E-02  1.32925E+00 -9.65989E-02  1.33276E+00   -4.1565
      9    1  0.00000E+00  1.54194E-01  0.00000E+00  5.13979E-02  1.09054E+00 -1.10355E-01  1.09611E+00   -5.7783
     10    1  0.00000E+00  2.05592E-01  0.00000E+00  5.13979E-02  7.29439E-01 -8.95688E-02  7.34918E-01   -7.0004
     11    1  0.00000E+00  2.56990E-01  0.00000E+00  5.13979E-02  2.60812E-01 -3.54666E-02  2.63213E-01   -7.7439



                             - - - Wire Charge Densities - - -

                     Lengths normalized by wavelength (or 2.*pi/CABS(k))

  ELEM.  TAG          Coord. of Seg. Center           Seg.        Charge Density (C/m)
   No.   No.     X            Y            Z          Length        Mag.         Phase
      1    1  0.00000E+00 -2.56990E-01  0.00000E+00  5.13979E-02  5.91104E-09   79.7366
      2    1  0.00000E+00 -2.05592E-01  0.00000E+00  5.13979E-02  4.68995E-09   82.1167
      3    1  0.00000E+00 -1.54194E-01  0.00000E+00  5.13979E-02  3.45913E-09   85.8992
      4    1  0.00000E+00 -1.02796E-01  0.00000E+00  5.13979E-02  1.99183E-09   95.0853
      5    1  0.00000E+00 -5.13979E-02  0.00000E+00  5.13979E-02  6.89000E-10  153.0077
      6    1  0.00000E+00  3.92309E-17  0.00000E+00  5.13979E-02  1.97409E-09 -125.7483
      7    1  0.00000E+00  5.13979E-02  0.00000E+00  5.13979E-02  8.33463E-10    0.3309
      8    1  0.00000E+00  1.02796E-01  0.00000E+00  5.13979E-02  1.79505E-09  -79.4529
      9    1  0.00000E+00  1.54194E-01  0.00000E+00  5.13979E-02  3.16675E-09  -90.8037
     10    1  0.00000E+00  2.05592E-01  0.00000E+00  5.13979E-02  4.31011E-09  -95.1243
     11    1  0.00000E+00  2.56990E-01  0.00000E+00  5.13979E-02  5.43726E-09  -97.7439



                                        - - - POWER BUDGET - - -

                                           INPUT POWER   = 1.2413E+02 WATTS
                                           RADIATED POWER= 1.2413E+02 WATTS
                                           WIRE LOSS     = 0.0000E+00 WATTS
                                           EFFICIENCY    = 100.00 PERCENT




 ***** INPUT LINE  6  EN   0    0    0    0  0.00000E+00  0.00000E+00  0.00000E+00  0.00000E+00  0.00000E+00  0.00000E+00

 RUN TIME =     0.000
