1
 x13



                                ***********************************************
                                *                                             *
                                *  NUMERICAL ELECTROMAGNETICS CODE (NEC-5)    *
                                *                                             *
                                ***********************************************




                      **********************************************************

                          Dipole in free space                                                         
                                                                                                       
                          EZNEC Pro/2+ v. 7.0.4  2026-08-25 16:07:00                                   
                                                                                                       
                          ! Written by EZNEC/Pro+ v. 7.0 in NEC-5 format.                              
                                                                                                       

                      **********************************************************





                                 - - - STRUCTURE SPECIFICATION - - -

                                     COORDINATES MUST BE INPUT IN
                                     METERS OR BE SCALED TO METERS
                                     BEFORE STRUCTURE INPUT IS ENDED

 Model definition commands:

 GW    1    11  0.00000E+00 -2.50000E-01  0.00000E+00  0.00000E+00  2.50000E-01  0.00000E+00  5.00000E-04
 GE    0   -1

 Number of nodes :    12
 Number of wire elements :    11
 Number of patch elements:     0
 Number unknowns:    10




 ***** INPUT LINE  1  FR   0    1    0    0  3.02000E+02  0.00000E+00  0.00000E+00  0.00000E+00  0.00000E+00  0.00000E+00
 ***** INPUT LINE  2  GN  -1    0    0    0  0.00000E+00  0.00000E+00  0.00000E+00  0.00000E+00  0.00000E+00  0.00000E+00
 ***** INPUT LINE  3  EX   4    1    6    0  1.41421E+00  0.00000E+00  0.00000E+00  0.00000E+00  0.00000E+00  0.00000E+00
 ***** INPUT LINE  4  PQ   0    0    0    0  0.00000E+00  0.00000E+00  0.00000E+00  0.00000E+00  0.00000E+00  0.00000E+00
 ***** INPUT LINE  5  XQ   0    0    0    0  0.00000E+00  0.00000E+00  0.00000E+00  0.00000E+00  0.00000E+00  0.00000E+00




                                 - - - - - - FREQUENCY - - - - - -

                                    FREQUENCY= 3.0200E+02 MHZ
                                    WAVELENGTH= 9.9272E-01 METERS



                                  - - - ANTENNA ENVIRONMENT - - -

                                            FREE SPACE



                               - - - STRUCTURE IMPEDANCE LOADING - - -

                                   THIS STRUCTURE IS NOT LOADED
ALLOCATE CM:            100



                                - - - MATRIX TIMING - - -

                        FILL=    0.000 SEC.,  FACTOR=    0.000 SEC.



                                          - - - ANTENNA INPUT PARAMETERS - - -

   TAG   SEG.    VOLTAGE (VOLTS)         CURRENT (AMPS)         IMPEDANCE (OHMS)        ADMITTANCE (MHOS)      POWER
   NO.   NO.    REAL        IMAG.       REAL        IMAG.       REAL        IMAG.       REAL        IMAG.     (WATTS)
   1     6 1  1.1586E+02  5.3463E+01  1.4142E+00  0.0000E+00  8.1925E+01  3.7804E+01  1.0063E-02 -4.6438E-03  8.1925E+01



                                       - - - Wire Currents - - -

                             Lengths normalized by wavelength (or 2.*pi/CABS(k))

  Elem.  Tag            Coord. of seg. center          Seg.            - - - Current (Amps) - - -
   No.   No.     X            Y            Z           Length       Real         Imag.        Mag.         Phase
      1    1  0.00000E+00 -2.28941E-01  0.00000E+00  4.57881E-02  2.33380E-01 -2.93795E-02  2.35222E-01   -7.1750
      2    1  0.00000E+00 -1.83152E-01  0.00000E+00  4.57881E-02  6.57231E-01 -7.63488E-02  6.61651E-01   -6.6262
      3    1  0.00000E+00 -1.37364E-01  0.00000E+00  4.57881E-02  9.97998E-01 -1.00625E-01  1.00306E+00   -5.7575
      4    1  0.00000E+00 -9.15762E-02  0.00000E+00  4.57881E-02  1.24996E+00 -1.02500E-01  1.25416E+00   -4.6879
      5    1  0.00000E+00 -4.57881E-02  0.00000E+00  4.57881E-02  1.39768E+00 -8.09071E-02  1.40002E+00   -3.3130
      6    1  0.00000E+00  3.49491E-17  0.00000E+00  4.57881E-02  1.42897E+00 -3.20623E-02  1.42933E+00   -1.2853
      7    1  0.00000E+00  4.57881E-02  0.00000E+00  4.57881E-02  1.37166E+00 -2.42191E-02  1.37187E+00   -1.0116
      8    1  0.00000E+00  9.15762E-02  0.00000E+00  4.57881E-02  1.22968E+00 -5.80381E-02  1.23105E+00   -2.7022
      9    1  0.00000E+00  1.37364E-01  0.00000E+00  4.57881E-02  9.82536E-01 -6.64994E-02  9.84784E-01   -3.8719
     10    1  0.00000E+00  1.83152E-01  0.00000E+00  4.57881E-02  6.47303E-01 -5.42909E-02  6.49575E-01   -4.7943
     11    1  0.00000E+00  2.28941E-01  0.00000E+00  4.57881E-02  2.29900E-01 -2.16106E-02  2.30913E-01   -5.3700



                             - - - Wire Charge Densities - - -

                     Lengths normalized by wavelength (or 2.*pi/CABS(k))

  ELEM.  TAG          Coord. of Seg. Center           Seg.        Charge Density (C/m)
   No.   No.     X            Y            Z          Length        Mag.         Phase
      1    1  0.00000E+00 -2.28941E-01  0.00000E+00  4.57881E-02  5.45437E-09   82.8250
      2    1  0.00000E+00 -1.83152E-01  0.00000E+00  4.57881E-02  4.43545E-09   84.7237
      3    1  0.00000E+00 -1.37364E-01  0.00000E+00  4.57881E-02  3.48854E-09   87.4527
      4    1  0.00000E+00 -9.15762E-02  0.00000E+00  4.57881E-02  2.36009E-09   92.7092
      5    1  0.00000E+00 -4.57881E-02  0.00000E+00  4.57881E-02  1.13659E-09  110.0225
      6    1  0.00000E+00  3.49491E-17  0.00000E+00  4.57881E-02  8.18458E-10 -155.2814
      7    1  0.00000E+00  4.57881E-02  0.00000E+00  4.57881E-02  1.13545E-09  -60.3566
      8    1  0.00000E+00  9.15762E-02  0.00000E+00  4.57881E-02  2.31598E-09  -84.4844
      9    1  0.00000E+00  1.37364E-01  0.00000E+00  4.57881E-02  3.42570E-09  -90.4416
     10    1  0.00000E+00  1.83152E-01  0.00000E+00  4.57881E-02  4.35541E-09  -93.3787
     11    1  0.00000E+00  2.28941E-01  0.00000E+00  4.57881E-02  5.35445E-09  -95.3700



                                        - - - POWER BUDGET - - -

                                           INPUT POWER   = 8.1925E+01 WATTS
                                           RADIATED POWER= 8.1925E+01 WATTS
                                           WIRE LOSS     = 0.0000E+00 WATTS
                                           EFFICIENCY    = 100.00 PERCENT




 ***** INPUT LINE  6  EN   0    0    0    0  0.00000E+00  0.00000E+00  0.00000E+00  0.00000E+00  0.00000E+00  0.00000E+00

 RUN TIME =     0.000
