1
 x13



                                ***********************************************
                                *                                             *
                                *  NUMERICAL ELECTROMAGNETICS CODE (NEC-5)    *
                                *                                             *
                                ***********************************************




                      **********************************************************

                          Dipole in free space                                                         
                                                                                                       
                          EZNEC Pro/2+ v. 7.0.4  2026-08-25 16:07:00                                   
                                                                                                       
                          ! Written by EZNEC/Pro+ v. 7.0 in NEC-5 format.                              
                                                                                                       

                      **********************************************************





                                 - - - STRUCTURE SPECIFICATION - - -

                                     COORDINATES MUST BE INPUT IN
                                     METERS OR BE SCALED TO METERS
                                     BEFORE STRUCTURE INPUT IS ENDED

 Model definition commands:

 GW    1    11  0.00000E+00 -2.50000E-01  0.00000E+00  0.00000E+00  2.50000E-01  0.00000E+00  5.00000E-04
 GE    0   -1

 Number of nodes :    12
 Number of wire elements :    11
 Number of patch elements:     0
 Number unknowns:    10




 ***** INPUT LINE  1  FR   0    1    0    0  3.06000E+02  0.00000E+00  0.00000E+00  0.00000E+00  0.00000E+00  0.00000E+00
 ***** INPUT LINE  2  GN  -1    0    0    0  0.00000E+00  0.00000E+00  0.00000E+00  0.00000E+00  0.00000E+00  0.00000E+00
 ***** INPUT LINE  3  EX   4    1    6    0  1.41421E+00  0.00000E+00  0.00000E+00  0.00000E+00  0.00000E+00  0.00000E+00
 ***** INPUT LINE  4  PQ   0    0    0    0  0.00000E+00  0.00000E+00  0.00000E+00  0.00000E+00  0.00000E+00  0.00000E+00
 ***** INPUT LINE  5  XQ   0    0    0    0  0.00000E+00  0.00000E+00  0.00000E+00  0.00000E+00  0.00000E+00  0.00000E+00




                                 - - - - - - FREQUENCY - - - - - -

                                    FREQUENCY= 3.0600E+02 MHZ
                                    WAVELENGTH= 9.7974E-01 METERS



                                  - - - ANTENNA ENVIRONMENT - - -

                                            FREE SPACE



                               - - - STRUCTURE IMPEDANCE LOADING - - -

                                   THIS STRUCTURE IS NOT LOADED
ALLOCATE CM:            100



                                - - - MATRIX TIMING - - -

                        FILL=    0.000 SEC.,  FACTOR=    0.000 SEC.



                                          - - - ANTENNA INPUT PARAMETERS - - -

   TAG   SEG.    VOLTAGE (VOLTS)         CURRENT (AMPS)         IMPEDANCE (OHMS)        ADMITTANCE (MHOS)      POWER
   NO.   NO.    REAL        IMAG.       REAL        IMAG.       REAL        IMAG.       REAL        IMAG.     (WATTS)
   1     6 1  1.2111E+02  7.3708E+01  1.4142E+00  0.0000E+00  8.5637E+01  5.2120E+01  8.5210E-03 -5.1859E-03  8.5637E+01



                                       - - - Wire Currents - - -

                             Lengths normalized by wavelength (or 2.*pi/CABS(k))

  Elem.  Tag            Coord. of seg. center          Seg.            - - - Current (Amps) - - -
   No.   No.     X            Y            Z           Length       Real         Imag.        Mag.         Phase
      1    1  0.00000E+00 -2.31973E-01  0.00000E+00  4.63946E-02  2.37837E-01 -3.11713E-02  2.39871E-01   -7.4667
      2    1  0.00000E+00 -1.85578E-01  0.00000E+00  4.63946E-02  6.69336E-01 -8.10459E-02  6.74225E-01   -6.9040
      3    1  0.00000E+00 -1.39184E-01  0.00000E+00  4.63946E-02  1.01487E+00 -1.06869E-01  1.02048E+00   -6.0113
      4    1  0.00000E+00 -9.27891E-02  0.00000E+00  4.63946E-02  1.26793E+00 -1.08874E-01  1.27260E+00   -4.9078
      5    1  0.00000E+00 -4.63946E-02  0.00000E+00  4.63946E-02  1.41234E+00 -8.59146E-02  1.41495E+00   -3.4811
      6    1  0.00000E+00  3.54120E-17  0.00000E+00  4.63946E-02  1.43488E+00 -3.40352E-02  1.43529E+00   -1.3588
      7    1  0.00000E+00  4.63946E-02  0.00000E+00  4.63946E-02  1.37581E+00 -2.56034E-02  1.37604E+00   -1.0661
      8    1  0.00000E+00  9.27891E-02  0.00000E+00  4.63946E-02  1.23932E+00 -6.13504E-02  1.24084E+00   -2.8340
      9    1  0.00000E+00  1.39184E-01  0.00000E+00  4.63946E-02  9.92969E-01 -7.02737E-02  9.95453E-01   -4.0481
     10    1  0.00000E+00  1.85578E-01  0.00000E+00  4.63946E-02  6.55231E-01 -5.73377E-02  6.57735E-01   -5.0011
     11    1  0.00000E+00  2.31973E-01  0.00000E+00  4.63946E-02  2.32885E-01 -2.28110E-02  2.33999E-01   -5.5943



                             - - - Wire Charge Densities - - -

                     Lengths normalized by wavelength (or 2.*pi/CABS(k))

  ELEM.  TAG          Coord. of Seg. Center           Seg.        Charge Density (C/m)
   No.   No.     X            Y            Z          Length        Mag.         Phase
      1    1  0.00000E+00 -2.31973E-01  0.00000E+00  4.63946E-02  5.48946E-09   82.5333
      2    1  0.00000E+00 -1.85578E-01  0.00000E+00  4.63946E-02  4.45257E-09   84.4837
      3    1  0.00000E+00 -1.39184E-01  0.00000E+00  4.63946E-02  3.47945E-09   87.3160
      4    1  0.00000E+00 -9.27891E-02  0.00000E+00  4.63946E-02  2.31870E-09   92.8937
      5    1  0.00000E+00 -4.63946E-02  0.00000E+00  4.63946E-02  1.06992E-09  112.4376
      6    1  0.00000E+00  3.54120E-17  0.00000E+00  4.63946E-02  9.11260E-10 -148.7317
      7    1  0.00000E+00  4.63946E-02  0.00000E+00  4.63946E-02  1.05636E-09  -56.3117
      8    1  0.00000E+00  9.27891E-02  0.00000E+00  4.63946E-02  2.25646E-09  -84.0952
      9    1  0.00000E+00  1.39184E-01  0.00000E+00  4.63946E-02  3.39341E-09  -90.4715
     10    1  0.00000E+00  1.85578E-01  0.00000E+00  4.63946E-02  4.34413E-09  -93.5385
     11    1  0.00000E+00  2.31973E-01  0.00000E+00  4.63946E-02  5.35508E-09  -95.5943



                                        - - - POWER BUDGET - - -

                                           INPUT POWER   = 8.5637E+01 WATTS
                                           RADIATED POWER= 8.5637E+01 WATTS
                                           WIRE LOSS     = 0.0000E+00 WATTS
                                           EFFICIENCY    = 100.00 PERCENT




 ***** INPUT LINE  6  EN   0    0    0    0  0.00000E+00  0.00000E+00  0.00000E+00  0.00000E+00  0.00000E+00  0.00000E+00

 RUN TIME =     0.000
