1
 x13



                                ***********************************************
                                *                                             *
                                *  NUMERICAL ELECTROMAGNETICS CODE (NEC-5)    *
                                *                                             *
                                ***********************************************




                      **********************************************************

                          Dipole in free space                                                         
                                                                                                       
                          EZNEC Pro/2+ v. 7.0.4  2026-08-25 16:06:59                                   
                                                                                                       
                          ! Written by EZNEC/Pro+ v. 7.0 in NEC-5 format.                              
                                                                                                       

                      **********************************************************





                                 - - - STRUCTURE SPECIFICATION - - -

                                     COORDINATES MUST BE INPUT IN
                                     METERS OR BE SCALED TO METERS
                                     BEFORE STRUCTURE INPUT IS ENDED

 Model definition commands:

 GW    1    11  0.00000E+00 -2.50000E-01  0.00000E+00  0.00000E+00  2.50000E-01  0.00000E+00  5.00000E-04
 GE    0   -1

 Number of nodes :    12
 Number of wire elements :    11
 Number of patch elements:     0
 Number unknowns:    10




 ***** INPUT LINE  1  FR   0    1    0    0  3.01000E+02  0.00000E+00  0.00000E+00  0.00000E+00  0.00000E+00  0.00000E+00
 ***** INPUT LINE  2  GN  -1    0    0    0  0.00000E+00  0.00000E+00  0.00000E+00  0.00000E+00  0.00000E+00  0.00000E+00
 ***** INPUT LINE  3  EX   4    1    6    0  1.41421E+00  0.00000E+00  0.00000E+00  0.00000E+00  0.00000E+00  0.00000E+00
 ***** INPUT LINE  4  PQ   0    0    0    0  0.00000E+00  0.00000E+00  0.00000E+00  0.00000E+00  0.00000E+00  0.00000E+00
 ***** INPUT LINE  5  XQ   0    0    0    0  0.00000E+00  0.00000E+00  0.00000E+00  0.00000E+00  0.00000E+00  0.00000E+00




                                 - - - - - - FREQUENCY - - - - - -

                                    FREQUENCY= 3.0100E+02 MHZ
                                    WAVELENGTH= 9.9601E-01 METERS



                                  - - - ANTENNA ENVIRONMENT - - -

                                            FREE SPACE



                               - - - STRUCTURE IMPEDANCE LOADING - - -

                                   THIS STRUCTURE IS NOT LOADED
ALLOCATE CM:            100



                                - - - MATRIX TIMING - - -

                        FILL=    0.000 SEC.,  FACTOR=    0.000 SEC.



                                          - - - ANTENNA INPUT PARAMETERS - - -

   TAG   SEG.    VOLTAGE (VOLTS)         CURRENT (AMPS)         IMPEDANCE (OHMS)        ADMITTANCE (MHOS)      POWER
   NO.   NO.    REAL        IMAG.       REAL        IMAG.       REAL        IMAG.       REAL        IMAG.     (WATTS)
   1     6 1  1.1458E+02  4.8410E+01  1.4142E+00  0.0000E+00  8.1023E+01  3.4231E+01  1.0473E-02 -4.4246E-03  8.1023E+01



                                       - - - Wire Currents - - -

                             Lengths normalized by wavelength (or 2.*pi/CABS(k))

  Elem.  Tag            Coord. of seg. center          Seg.            - - - Current (Amps) - - -
   No.   No.     X            Y            Z           Length       Real         Imag.        Mag.         Phase
      1    1  0.00000E+00 -2.28182E-01  0.00000E+00  4.56365E-02  2.32291E-01 -2.89478E-02  2.34087E-01   -7.1035
      2    1  0.00000E+00 -1.82546E-01  0.00000E+00  4.56365E-02  6.54271E-01 -7.52177E-02  6.58581E-01   -6.5582
      3    1  0.00000E+00 -1.36909E-01  0.00000E+00  4.56365E-02  9.93871E-01 -9.91218E-02  9.98802E-01   -5.6954
      4    1  0.00000E+00 -9.12730E-02  0.00000E+00  4.56365E-02  1.24556E+00 -1.00966E-01  1.24965E+00   -4.6343
      5    1  0.00000E+00 -4.56365E-02  0.00000E+00  4.56365E-02  1.39409E+00 -7.97012E-02  1.39637E+00   -3.2721
      6    1  0.00000E+00  3.48333E-17  0.00000E+00  4.56365E-02  1.42753E+00 -3.15870E-02  1.42788E+00   -1.2676
      7    1  0.00000E+00  4.56365E-02  0.00000E+00  4.56365E-02  1.37063E+00 -2.38842E-02  1.37084E+00   -0.9983
      8    1  0.00000E+00  9.12730E-02  0.00000E+00  4.56365E-02  1.22731E+00 -5.72368E-02  1.22865E+00   -2.6701
      9    1  0.00000E+00  1.36909E-01  0.00000E+00  4.56365E-02  9.79971E-01 -6.55861E-02  9.82163E-01   -3.8289
     10    1  0.00000E+00  1.82546E-01  0.00000E+00  4.56365E-02  6.45354E-01 -5.35534E-02  6.47572E-01   -4.7437
     11    1  0.00000E+00  2.28182E-01  0.00000E+00  4.56365E-02  2.29166E-01 -2.13199E-02  2.30156E-01   -5.3151



                             - - - Wire Charge Densities - - -

                     Lengths normalized by wavelength (or 2.*pi/CABS(k))

  ELEM.  TAG          Coord. of Seg. Center           Seg.        Charge Density (C/m)
   No.   No.     X            Y            Z          Length        Mag.         Phase
      1    1  0.00000E+00 -2.28182E-01  0.00000E+00  4.56365E-02  5.44608E-09   82.8965
      2    1  0.00000E+00 -1.82546E-01  0.00000E+00  4.56365E-02  4.43154E-09   84.7824
      3    1  0.00000E+00 -1.36909E-01  0.00000E+00  4.56365E-02  3.49103E-09   87.4859
      4    1  0.00000E+00 -9.12730E-02  0.00000E+00  4.56365E-02  2.37052E-09   92.6651
      5    1  0.00000E+00 -4.56365E-02  0.00000E+00  4.56365E-02  1.15355E-09  109.4708
      6    1  0.00000E+00  3.48333E-17  0.00000E+00  4.56365E-02  7.97471E-10 -157.1479
      7    1  0.00000E+00  4.56365E-02  0.00000E+00  4.56365E-02  1.15617E-09  -61.2745
      8    1  0.00000E+00  9.12730E-02  0.00000E+00  4.56365E-02  2.33100E-09  -84.5773
      9    1  0.00000E+00  1.36909E-01  0.00000E+00  4.56365E-02  3.43395E-09  -90.4344
     10    1  0.00000E+00  1.82546E-01  0.00000E+00  4.56365E-02  4.35848E-09  -93.3397
     11    1  0.00000E+00  2.28182E-01  0.00000E+00  4.56365E-02  5.35461E-09  -95.3151



                                        - - - POWER BUDGET - - -

                                           INPUT POWER   = 8.1023E+01 WATTS
                                           RADIATED POWER= 8.1023E+01 WATTS
                                           WIRE LOSS     = 0.0000E+00 WATTS
                                           EFFICIENCY    = 100.00 PERCENT




 ***** INPUT LINE  6  EN   0    0    0    0  0.00000E+00  0.00000E+00  0.00000E+00  0.00000E+00  0.00000E+00  0.00000E+00

 RUN TIME =     0.000
