1
 x13



                                ***********************************************
                                *                                             *
                                *  NUMERICAL ELECTROMAGNETICS CODE (NEC-5)    *
                                *                                             *
                                ***********************************************




                      **********************************************************

                          Dipole in free space                                                         
                                                                                                       
                          EZNEC Pro/2+ v. 7.0.4  2026-08-25 16:07:11                                   
                                                                                                       
                          ! Written by EZNEC/Pro+ v. 7.0 in NEC-5 format.                              
                                                                                                       

                      **********************************************************





                                 - - - STRUCTURE SPECIFICATION - - -

                                     COORDINATES MUST BE INPUT IN
                                     METERS OR BE SCALED TO METERS
                                     BEFORE STRUCTURE INPUT IS ENDED

 Model definition commands:

 GW    1    11  0.00000E+00 -2.50000E-01  0.00000E+00  0.00000E+00  2.50000E-01  0.00000E+00  5.00000E-04
 GE    0   -1

 Number of nodes :    12
 Number of wire elements :    11
 Number of patch elements:     0
 Number unknowns:    10




 ***** INPUT LINE  1  FR   0    1    0    0  3.47000E+02  0.00000E+00  0.00000E+00  0.00000E+00  0.00000E+00  0.00000E+00
 ***** INPUT LINE  2  GN  -1    0    0    0  0.00000E+00  0.00000E+00  0.00000E+00  0.00000E+00  0.00000E+00  0.00000E+00
 ***** INPUT LINE  3  EX   4    1    6    0  1.41421E+00  0.00000E+00  0.00000E+00  0.00000E+00  0.00000E+00  0.00000E+00
 ***** INPUT LINE  4  PQ   0    0    0    0  0.00000E+00  0.00000E+00  0.00000E+00  0.00000E+00  0.00000E+00  0.00000E+00
 ***** INPUT LINE  5  XQ   0    0    0    0  0.00000E+00  0.00000E+00  0.00000E+00  0.00000E+00  0.00000E+00  0.00000E+00




                                 - - - - - - FREQUENCY - - - - - -

                                    FREQUENCY= 3.4700E+02 MHZ
                                    WAVELENGTH= 8.6398E-01 METERS



                                  - - - ANTENNA ENVIRONMENT - - -

                                            FREE SPACE



                               - - - STRUCTURE IMPEDANCE LOADING - - -

                                   THIS STRUCTURE IS NOT LOADED
ALLOCATE CM:            100



                                - - - MATRIX TIMING - - -

                        FILL=    0.000 SEC.,  FACTOR=    0.000 SEC.



                                          - - - ANTENNA INPUT PARAMETERS - - -

   TAG   SEG.    VOLTAGE (VOLTS)         CURRENT (AMPS)         IMPEDANCE (OHMS)        ADMITTANCE (MHOS)      POWER
   NO.   NO.    REAL        IMAG.       REAL        IMAG.       REAL        IMAG.       REAL        IMAG.     (WATTS)
   1     6 1  1.9253E+02  2.8810E+02  1.4142E+00  0.0000E+00  1.3614E+02  2.0371E+02  2.2677E-03 -3.3934E-03  1.3614E+02



                                       - - - Wire Currents - - -

                             Lengths normalized by wavelength (or 2.*pi/CABS(k))

  Elem.  Tag            Coord. of seg. center          Seg.            - - - Current (Amps) - - -
   No.   No.     X            Y            Z           Length       Real         Imag.        Mag.         Phase
      1    1  0.00000E+00 -2.63054E-01  0.00000E+00  5.26108E-02  2.94394E-01 -5.75672E-02  2.99969E-01  -11.0643
      2    1  0.00000E+00 -2.10443E-01  0.00000E+00  5.26108E-02  8.22810E-01 -1.50443E-01  8.36451E-01  -10.3616
      3    1  0.00000E+00 -1.57832E-01  0.00000E+00  5.26108E-02  1.22820E+00 -1.99356E-01  1.24427E+00   -9.2196
      4    1  0.00000E+00 -1.05222E-01  0.00000E+00  5.26108E-02  1.49396E+00 -2.03249E-01  1.50772E+00   -7.7474
      5    1  0.00000E+00 -5.26108E-02  0.00000E+00  5.26108E-02  1.59519E+00 -1.59827E-01  1.60318E+00   -5.7215
      6    1  0.00000E+00  4.01567E-17  0.00000E+00  5.26108E-02  1.50813E+00 -6.30582E-02  1.50944E+00   -2.3943
      7    1  0.00000E+00  5.26108E-02  0.00000E+00  5.26108E-02  1.42512E+00 -4.50412E-02  1.42583E+00   -1.8102
      8    1  0.00000E+00  1.05222E-01  0.00000E+00  5.26108E-02  1.35414E+00 -1.07813E-01  1.35843E+00   -4.5521
      9    1  0.00000E+00  1.57832E-01  0.00000E+00  5.26108E-02  1.11761E+00 -1.23079E-01  1.12437E+00   -6.2845
     10    1  0.00000E+00  2.10443E-01  0.00000E+00  5.26108E-02  7.50043E-01 -9.97615E-02  7.56649E-01   -7.5763
     11    1  0.00000E+00  2.63054E-01  0.00000E+00  5.26108E-02  2.68564E-01 -3.94551E-02  2.71446E-01   -8.3576



                             - - - Wire Charge Densities - - -

                     Lengths normalized by wavelength (or 2.*pi/CABS(k))

  ELEM.  TAG          Coord. of Seg. Center           Seg.        Charge Density (C/m)
   No.   No.     X            Y            Z          Length        Mag.         Phase
      1    1  0.00000E+00 -2.63054E-01  0.00000E+00  5.26108E-02  6.05369E-09   78.9357
      2    1  0.00000E+00 -2.10443E-01  0.00000E+00  5.26108E-02  4.77628E-09   81.4200
      3    1  0.00000E+00 -1.57832E-01  0.00000E+00  5.26108E-02  3.46924E-09   85.4611
      4    1  0.00000E+00 -1.05222E-01  0.00000E+00  5.26108E-02  1.91491E-09   95.8745
      5    1  0.00000E+00 -5.26108E-02  0.00000E+00  5.26108E-02  6.94194E-10  168.5204
      6    1  0.00000E+00  4.01567E-17  0.00000E+00  5.26108E-02  2.28283E-09 -123.8801
      7    1  0.00000E+00  5.26108E-02  0.00000E+00  5.26108E-02  9.35245E-10   13.6116
      8    1  0.00000E+00  1.05222E-01  0.00000E+00  5.26108E-02  1.69081E-09  -77.7820
      9    1  0.00000E+00  1.57832E-01  0.00000E+00  5.26108E-02  3.12138E-09  -90.9134
     10    1  0.00000E+00  2.10443E-01  0.00000E+00  5.26108E-02  4.31742E-09  -95.5933
     11    1  0.00000E+00  2.63054E-01  0.00000E+00  5.26108E-02  5.47807E-09  -98.3576



                                        - - - POWER BUDGET - - -

                                           INPUT POWER   = 1.3614E+02 WATTS
                                           RADIATED POWER= 1.3614E+02 WATTS
                                           WIRE LOSS     = 0.0000E+00 WATTS
                                           EFFICIENCY    = 100.00 PERCENT




 ***** INPUT LINE  6  EN   0    0    0    0  0.00000E+00  0.00000E+00  0.00000E+00  0.00000E+00  0.00000E+00  0.00000E+00

 RUN TIME =     0.000
