1
 x13



                                ***********************************************
                                *                                             *
                                *  NUMERICAL ELECTROMAGNETICS CODE (NEC-5)    *
                                *                                             *
                                ***********************************************




                      **********************************************************

                          Dipole in free space                                                         
                                                                                                       
                          EZNEC Pro/2+ v. 7.0.4  2026-08-25 16:07:04                                   
                                                                                                       
                          ! Written by EZNEC/Pro+ v. 7.0 in NEC-5 format.                              
                                                                                                       

                      **********************************************************





                                 - - - STRUCTURE SPECIFICATION - - -

                                     COORDINATES MUST BE INPUT IN
                                     METERS OR BE SCALED TO METERS
                                     BEFORE STRUCTURE INPUT IS ENDED

 Model definition commands:

 GW    1    11  0.00000E+00 -2.50000E-01  0.00000E+00  0.00000E+00  2.50000E-01  0.00000E+00  5.00000E-04
 GE    0   -1

 Number of nodes :    12
 Number of wire elements :    11
 Number of patch elements:     0
 Number unknowns:    10




 ***** INPUT LINE  1  FR   0    1    0    0  3.23000E+02  0.00000E+00  0.00000E+00  0.00000E+00  0.00000E+00  0.00000E+00
 ***** INPUT LINE  2  GN  -1    0    0    0  0.00000E+00  0.00000E+00  0.00000E+00  0.00000E+00  0.00000E+00  0.00000E+00
 ***** INPUT LINE  3  EX   4    1    6    0  1.41421E+00  0.00000E+00  0.00000E+00  0.00000E+00  0.00000E+00  0.00000E+00
 ***** INPUT LINE  4  PQ   0    0    0    0  0.00000E+00  0.00000E+00  0.00000E+00  0.00000E+00  0.00000E+00  0.00000E+00
 ***** INPUT LINE  5  XQ   0    0    0    0  0.00000E+00  0.00000E+00  0.00000E+00  0.00000E+00  0.00000E+00  0.00000E+00




                                 - - - - - - FREQUENCY - - - - - -

                                    FREQUENCY= 3.2300E+02 MHZ
                                    WAVELENGTH= 9.2817E-01 METERS



                                  - - - ANTENNA ENVIRONMENT - - -

                                            FREE SPACE



                               - - - STRUCTURE IMPEDANCE LOADING - - -

                                   THIS STRUCTURE IS NOT LOADED
ALLOCATE CM:            100



                                - - - MATRIX TIMING - - -

                        FILL=    0.000 SEC.,  FACTOR=    0.000 SEC.



                                          - - - ANTENNA INPUT PARAMETERS - - -

   TAG   SEG.    VOLTAGE (VOLTS)         CURRENT (AMPS)         IMPEDANCE (OHMS)        ADMITTANCE (MHOS)      POWER
   NO.   NO.    REAL        IMAG.       REAL        IMAG.       REAL        IMAG.       REAL        IMAG.     (WATTS)
   1     6 1  1.4640E+02  1.6069E+02  1.4142E+00  0.0000E+00  1.0352E+02  1.1363E+02  4.3814E-03 -4.8091E-03  1.0352E+02



                                       - - - Wire Currents - - -

                             Lengths normalized by wavelength (or 2.*pi/CABS(k))

  Elem.  Tag            Coord. of seg. center          Seg.            - - - Current (Amps) - - -
   No.   No.     X            Y            Z           Length       Real         Imag.        Mag.         Phase
      1    1  0.00000E+00 -2.44860E-01  0.00000E+00  4.89720E-02  2.58690E-01 -4.01134E-02  2.61781E-01   -8.8143
      2    1  0.00000E+00 -1.95888E-01  0.00000E+00  4.89720E-02  7.25949E-01 -1.04518E-01  7.33435E-01   -8.1928
      3    1  0.00000E+00 -1.46916E-01  0.00000E+00  4.89720E-02  1.09369E+00 -1.38108E-01  1.10237E+00   -7.1971
      4    1  0.00000E+00 -9.79441E-02  0.00000E+00  4.89720E-02  1.35169E+00 -1.40758E-01  1.35900E+00   -5.9450
      5    1  0.00000E+00 -4.89720E-02  0.00000E+00  4.89720E-02  1.48040E+00 -1.10933E-01  1.48455E+00   -4.2854
      6    1  0.00000E+00  3.73793E-17  0.00000E+00  4.89720E-02  1.46224E+00 -4.38784E-02  1.46290E+00   -1.7188
      7    1  0.00000E+00  4.89720E-02  0.00000E+00  4.89720E-02  1.39469E+00 -3.23796E-02  1.39506E+00   -1.3300
      8    1  0.00000E+00  9.79441E-02  0.00000E+00  4.89720E-02  1.28322E+00 -7.75572E-02  1.28556E+00   -3.4587
      9    1  0.00000E+00  1.46916E-01  0.00000E+00  4.89720E-02  1.04055E+00 -8.87202E-02  1.04432E+00   -4.8734
     10    1  0.00000E+00  1.95888E-01  0.00000E+00  4.89720E-02  6.91405E-01 -7.21972E-02  6.95165E-01   -5.9613
     11    1  0.00000E+00  2.44860E-01  0.00000E+00  4.89720E-02  2.46500E-01 -2.86547E-02  2.48160E-01   -6.6306



                             - - - Wire Charge Densities - - -

                     Lengths normalized by wavelength (or 2.*pi/CABS(k))

  ELEM.  TAG          Coord. of Seg. Center           Seg.        Charge Density (C/m)
   No.   No.     X            Y            Z          Length        Mag.         Phase
      1    1  0.00000E+00 -2.44860E-01  0.00000E+00  4.89720E-02  5.67556E-09   81.1857
      2    1  0.00000E+00 -1.95888E-01  0.00000E+00  4.89720E-02  4.55247E-09   83.3570
      3    1  0.00000E+00 -1.46916E-01  0.00000E+00  4.89720E-02  3.45674E-09   86.6563
      4    1  0.00000E+00 -9.79441E-02  0.00000E+00  4.89720E-02  2.14771E-09   93.8486
      5    1  0.00000E+00 -4.89720E-02  0.00000E+00  4.89720E-02  8.19649E-10  127.8090
      6    1  0.00000E+00  3.73793E-17  0.00000E+00  4.89720E-02  1.41040E-09 -132.4150
      7    1  0.00000E+00  4.89720E-02  0.00000E+00  4.89720E-02  8.19798E-10  -31.0945
      8    1  0.00000E+00  9.79441E-02  0.00000E+00  4.89720E-02  2.01245E-09  -82.0750
      9    1  0.00000E+00  1.46916E-01  0.00000E+00  4.89720E-02  3.26826E-09  -90.6215
     10    1  0.00000E+00  1.95888E-01  0.00000E+00  4.89720E-02  4.31362E-09  -94.2913
     11    1  0.00000E+00  2.44860E-01  0.00000E+00  4.89720E-02  5.38025E-09  -96.6306



                                        - - - POWER BUDGET - - -

                                           INPUT POWER   = 1.0352E+02 WATTS
                                           RADIATED POWER= 1.0352E+02 WATTS
                                           WIRE LOSS     = 0.0000E+00 WATTS
                                           EFFICIENCY    = 100.00 PERCENT




 ***** INPUT LINE  6  EN   0    0    0    0  0.00000E+00  0.00000E+00  0.00000E+00  0.00000E+00  0.00000E+00  0.00000E+00

 RUN TIME =     0.000
