1
 x13



                                ***********************************************
                                *                                             *
                                *  NUMERICAL ELECTROMAGNETICS CODE (NEC-5)    *
                                *                                             *
                                ***********************************************




                      **********************************************************

                          Dipole in free space                                                         
                                                                                                       
                          EZNEC Pro/2+ v. 7.0.4  2026-08-25 16:07:03                                   
                                                                                                       
                          ! Written by EZNEC/Pro+ v. 7.0 in NEC-5 format.                              
                                                                                                       

                      **********************************************************





                                 - - - STRUCTURE SPECIFICATION - - -

                                     COORDINATES MUST BE INPUT IN
                                     METERS OR BE SCALED TO METERS
                                     BEFORE STRUCTURE INPUT IS ENDED

 Model definition commands:

 GW    1    11  0.00000E+00 -2.50000E-01  0.00000E+00  0.00000E+00  2.50000E-01  0.00000E+00  5.00000E-04
 GE    0   -1

 Number of nodes :    12
 Number of wire elements :    11
 Number of patch elements:     0
 Number unknowns:    10




 ***** INPUT LINE  1  FR   0    1    0    0  3.16000E+02  0.00000E+00  0.00000E+00  0.00000E+00  0.00000E+00  0.00000E+00
 ***** INPUT LINE  2  GN  -1    0    0    0  0.00000E+00  0.00000E+00  0.00000E+00  0.00000E+00  0.00000E+00  0.00000E+00
 ***** INPUT LINE  3  EX   4    1    6    0  1.41421E+00  0.00000E+00  0.00000E+00  0.00000E+00  0.00000E+00  0.00000E+00
 ***** INPUT LINE  4  PQ   0    0    0    0  0.00000E+00  0.00000E+00  0.00000E+00  0.00000E+00  0.00000E+00  0.00000E+00
 ***** INPUT LINE  5  XQ   0    0    0    0  0.00000E+00  0.00000E+00  0.00000E+00  0.00000E+00  0.00000E+00  0.00000E+00




                                 - - - - - - FREQUENCY - - - - - -

                                    FREQUENCY= 3.1600E+02 MHZ
                                    WAVELENGTH= 9.4873E-01 METERS



                                  - - - ANTENNA ENVIRONMENT - - -

                                            FREE SPACE



                               - - - STRUCTURE IMPEDANCE LOADING - - -

                                   THIS STRUCTURE IS NOT LOADED
ALLOCATE CM:            100



                                - - - MATRIX TIMING - - -

                        FILL=    0.000 SEC.,  FACTOR=    0.000 SEC.



                                          - - - ANTENNA INPUT PARAMETERS - - -

   TAG   SEG.    VOLTAGE (VOLTS)         CURRENT (AMPS)         IMPEDANCE (OHMS)        ADMITTANCE (MHOS)      POWER
   NO.   NO.    REAL        IMAG.       REAL        IMAG.       REAL        IMAG.       REAL        IMAG.     (WATTS)
   1     6 1  1.3536E+02  1.2465E+02  1.4142E+00  0.0000E+00  9.5715E+01  8.8138E+01  5.6537E-03 -5.2061E-03  9.5715E+01



                                       - - - Wire Currents - - -

                             Lengths normalized by wavelength (or 2.*pi/CABS(k))

  Elem.  Tag            Coord. of seg. center          Seg.            - - - Current (Amps) - - -
   No.   No.     X            Y            Z           Length       Real         Imag.        Mag.         Phase
      1    1  0.00000E+00 -2.39554E-01  0.00000E+00  4.79107E-02  2.49709E-01 -3.61496E-02  2.52312E-01   -8.2373
      2    1  0.00000E+00 -1.91643E-01  0.00000E+00  4.79107E-02  7.01571E-01 -9.41072E-02  7.07855E-01   -7.6399
      3    1  0.00000E+00 -1.43732E-01  0.00000E+00  4.79107E-02  1.05977E+00 -1.24245E-01  1.06703E+00   -6.6867
      4    1  0.00000E+00 -9.58215E-02  0.00000E+00  4.79107E-02  1.31569E+00 -1.26610E-01  1.32176E+00   -5.4967
      5    1  0.00000E+00 -4.79107E-02  0.00000E+00  4.79107E-02  1.45119E+00 -9.98379E-02  1.45462E+00   -3.9356
      6    1  0.00000E+00  3.65692E-17  0.00000E+00  4.79107E-02  1.45051E+00 -3.95160E-02  1.45105E+00   -1.5605
      7    1  0.00000E+00  4.79107E-02  0.00000E+00  4.79107E-02  1.38666E+00 -2.94023E-02  1.38697E+00   -1.2147
      8    1  0.00000E+00  9.58215E-02  0.00000E+00  4.79107E-02  1.26455E+00 -7.04375E-02  1.26651E+00   -3.1882
      9    1  0.00000E+00  1.43732E-01  0.00000E+00  4.79107E-02  1.02030E+00 -8.06206E-02  1.02348E+00   -4.5179
     10    1  0.00000E+00  1.91643E-01  0.00000E+00  4.79107E-02  6.76009E-01 -6.56786E-02  6.79192E-01   -5.5492
     11    1  0.00000E+00  2.39554E-01  0.00000E+00  4.79107E-02  2.40705E-01 -2.60932E-02  2.42116E-01   -6.1869



                             - - - Wire Charge Densities - - -

                     Lengths normalized by wavelength (or 2.*pi/CABS(k))

  ELEM.  TAG          Coord. of Seg. Center           Seg.        Charge Density (C/m)
   No.   No.     X            Y            Z          Length        Mag.         Phase
      1    1  0.00000E+00 -2.39554E-01  0.00000E+00  4.79107E-02  5.59144E-09   81.7627
      2    1  0.00000E+00 -1.91643E-01  0.00000E+00  4.79107E-02  4.50587E-09   83.8428
      3    1  0.00000E+00 -1.43732E-01  0.00000E+00  4.79107E-02  3.46297E-09   86.9442
      4    1  0.00000E+00 -9.58215E-02  0.00000E+00  4.79107E-02  2.21727E-09   93.4184
      5    1  0.00000E+00 -4.79107E-02  0.00000E+00  4.79107E-02  9.14277E-10  120.2855
      6    1  0.00000E+00  3.65692E-17  0.00000E+00  4.79107E-02  1.18911E-09 -137.4290
      7    1  0.00000E+00  4.79107E-02  0.00000E+00  4.79107E-02  8.92964E-10  -43.1404
      8    1  0.00000E+00  9.58215E-02  0.00000E+00  4.79107E-02  2.11124E-09  -82.9863
      9    1  0.00000E+00  1.43732E-01  0.00000E+00  4.79107E-02  3.31751E-09  -90.5549
     10    1  0.00000E+00  1.91643E-01  0.00000E+00  4.79107E-02  4.32280E-09  -93.9662
     11    1  0.00000E+00  2.39554E-01  0.00000E+00  4.79107E-02  5.36548E-09  -96.1869



                                        - - - POWER BUDGET - - -

                                           INPUT POWER   = 9.5715E+01 WATTS
                                           RADIATED POWER= 9.5715E+01 WATTS
                                           WIRE LOSS     = 0.0000E+00 WATTS
                                           EFFICIENCY    = 100.00 PERCENT




 ***** INPUT LINE  6  EN   0    0    0    0  0.00000E+00  0.00000E+00  0.00000E+00  0.00000E+00  0.00000E+00  0.00000E+00

 RUN TIME =     0.000
