1
 x13



                                ***********************************************
                                *                                             *
                                *  NUMERICAL ELECTROMAGNETICS CODE (NEC-5)    *
                                *                                             *
                                ***********************************************




                      **********************************************************

                          Dipole in free space                                                         
                                                                                                       
                          EZNEC Pro/2+ v. 7.0.4  2026-08-25 16:07:05                                   
                                                                                                       
                          ! Written by EZNEC/Pro+ v. 7.0 in NEC-5 format.                              
                                                                                                       

                      **********************************************************





                                 - - - STRUCTURE SPECIFICATION - - -

                                     COORDINATES MUST BE INPUT IN
                                     METERS OR BE SCALED TO METERS
                                     BEFORE STRUCTURE INPUT IS ENDED

 Model definition commands:

 GW    1    11  0.00000E+00 -2.50000E-01  0.00000E+00  0.00000E+00  2.50000E-01  0.00000E+00  5.00000E-04
 GE    0   -1

 Number of nodes :    12
 Number of wire elements :    11
 Number of patch elements:     0
 Number unknowns:    10




 ***** INPUT LINE  1  FR   0    1    0    0  3.27000E+02  0.00000E+00  0.00000E+00  0.00000E+00  0.00000E+00  0.00000E+00
 ***** INPUT LINE  2  GN  -1    0    0    0  0.00000E+00  0.00000E+00  0.00000E+00  0.00000E+00  0.00000E+00  0.00000E+00
 ***** INPUT LINE  3  EX   4    1    6    0  1.41421E+00  0.00000E+00  0.00000E+00  0.00000E+00  0.00000E+00  0.00000E+00
 ***** INPUT LINE  4  PQ   0    0    0    0  0.00000E+00  0.00000E+00  0.00000E+00  0.00000E+00  0.00000E+00  0.00000E+00
 ***** INPUT LINE  5  XQ   0    0    0    0  0.00000E+00  0.00000E+00  0.00000E+00  0.00000E+00  0.00000E+00  0.00000E+00




                                 - - - - - - FREQUENCY - - - - - -

                                    FREQUENCY= 3.2700E+02 MHZ
                                    WAVELENGTH= 9.1682E-01 METERS



                                  - - - ANTENNA ENVIRONMENT - - -

                                            FREE SPACE



                               - - - STRUCTURE IMPEDANCE LOADING - - -

                                   THIS STRUCTURE IS NOT LOADED
ALLOCATE CM:            100



                                - - - MATRIX TIMING - - -

                        FILL=    0.000 SEC.,  FACTOR=    0.000 SEC.



                                          - - - ANTENNA INPUT PARAMETERS - - -

   TAG   SEG.    VOLTAGE (VOLTS)         CURRENT (AMPS)         IMPEDANCE (OHMS)        ADMITTANCE (MHOS)      POWER
   NO.   NO.    REAL        IMAG.       REAL        IMAG.       REAL        IMAG.       REAL        IMAG.     (WATTS)
   1     6 1  1.5315E+02  1.8148E+02  1.4142E+00  0.0000E+00  1.0829E+02  1.2832E+02  3.8410E-03 -4.5515E-03  1.0829E+02



                                       - - - Wire Currents - - -

                             Lengths normalized by wavelength (or 2.*pi/CABS(k))

  Elem.  Tag            Coord. of seg. center          Seg.            - - - Current (Amps) - - -
   No.   No.     X            Y            Z           Length       Real         Imag.        Mag.         Phase
      1    1  0.00000E+00 -2.47893E-01  0.00000E+00  4.95785E-02  2.64090E-01 -4.25790E-02  2.67500E-01   -9.1589
      2    1  0.00000E+00 -1.98314E-01  0.00000E+00  4.95785E-02  7.40605E-01 -1.10997E-01  7.48876E-01   -8.5237
      3    1  0.00000E+00 -1.48736E-01  0.00000E+00  4.95785E-02  1.11407E+00 -1.46741E-01  1.12369E+00   -7.5036
      4    1  0.00000E+00 -9.91570E-02  0.00000E+00  4.95785E-02  1.37330E+00 -1.49568E-01  1.38142E+00   -6.2157
      5    1  0.00000E+00 -4.95785E-02  0.00000E+00  4.95785E-02  1.49790E+00 -1.17837E-01  1.50252E+00   -4.4981
      6    1  0.00000E+00  3.78422E-17  0.00000E+00  4.95785E-02  1.46926E+00 -4.65910E-02  1.46999E+00   -1.8163
      7    1  0.00000E+00  4.95785E-02  0.00000E+00  4.95785E-02  1.39944E+00 -3.42113E-02  1.39985E+00   -1.4004
      8    1  0.00000E+00  9.91570E-02  0.00000E+00  4.95785E-02  1.29428E+00 -8.19365E-02  1.29687E+00   -3.6224
      9    1  0.00000E+00  1.48736E-01  0.00000E+00  4.95785E-02  1.05255E+00 -9.36993E-02  1.05671E+00   -5.0871
     10    1  0.00000E+00  1.98314E-01  0.00000E+00  4.95785E-02  7.00534E-01 -7.62002E-02  7.04666E-01   -6.2079
     11    1  0.00000E+00  2.47893E-01  0.00000E+00  4.95785E-02  2.49936E-01 -3.02261E-02  2.51757E-01   -6.8956



                             - - - Wire Charge Densities - - -

                     Lengths normalized by wavelength (or 2.*pi/CABS(k))

  ELEM.  TAG          Coord. of Seg. Center           Seg.        Charge Density (C/m)
   No.   No.     X            Y            Z          Length        Mag.         Phase
      1    1  0.00000E+00 -2.47893E-01  0.00000E+00  4.95785E-02  5.72861E-09   80.8411
      2    1  0.00000E+00 -1.98314E-01  0.00000E+00  4.95785E-02  4.58269E-09   83.0646
      3    1  0.00000E+00 -1.48736E-01  0.00000E+00  4.95785E-02  3.45515E-09   86.4806
      4    1  0.00000E+00 -9.91570E-02  0.00000E+00  4.95785E-02  2.10839E-09   94.1218
      5    1  0.00000E+00 -4.95785E-02  0.00000E+00  4.95785E-02  7.73573E-10  133.0425
      6    1  0.00000E+00  3.78422E-17  0.00000E+00  4.95785E-02  1.54432E-09 -130.2470
      7    1  0.00000E+00  4.95785E-02  0.00000E+00  4.95785E-02  7.98075E-10  -23.3620
      8    1  0.00000E+00  9.91570E-02  0.00000E+00  4.95785E-02  1.95701E-09  -81.4959
      9    1  0.00000E+00  1.48736E-01  0.00000E+00  4.95785E-02  3.24148E-09  -90.6629
     10    1  0.00000E+00  1.98314E-01  0.00000E+00  4.95785E-02  4.31047E-09  -94.4874
     11    1  0.00000E+00  2.47893E-01  0.00000E+00  4.95785E-02  5.39146E-09  -96.8956



                                        - - - POWER BUDGET - - -

                                           INPUT POWER   = 1.0829E+02 WATTS
                                           RADIATED POWER= 1.0829E+02 WATTS
                                           WIRE LOSS     = 0.0000E+00 WATTS
                                           EFFICIENCY    = 100.00 PERCENT




 ***** INPUT LINE  6  EN   0    0    0    0  0.00000E+00  0.00000E+00  0.00000E+00  0.00000E+00  0.00000E+00  0.00000E+00

 RUN TIME =     0.000
