1
 x13



                                ***********************************************
                                *                                             *
                                *  NUMERICAL ELECTROMAGNETICS CODE (NEC-5)    *
                                *                                             *
                                ***********************************************




                      **********************************************************

                          Dipole in free space                                                         
                                                                                                       
                          EZNEC Pro/2+ v. 7.0.4  2026-08-25 16:07:02                                   
                                                                                                       
                          ! Written by EZNEC/Pro+ v. 7.0 in NEC-5 format.                              
                                                                                                       

                      **********************************************************





                                 - - - STRUCTURE SPECIFICATION - - -

                                     COORDINATES MUST BE INPUT IN
                                     METERS OR BE SCALED TO METERS
                                     BEFORE STRUCTURE INPUT IS ENDED

 Model definition commands:

 GW    1    11  0.00000E+00 -2.50000E-01  0.00000E+00  0.00000E+00  2.50000E-01  0.00000E+00  5.00000E-04
 GE    0   -1

 Number of nodes :    12
 Number of wire elements :    11
 Number of patch elements:     0
 Number unknowns:    10




 ***** INPUT LINE  1  FR   0    1    0    0  3.15000E+02  0.00000E+00  0.00000E+00  0.00000E+00  0.00000E+00  0.00000E+00
 ***** INPUT LINE  2  GN  -1    0    0    0  0.00000E+00  0.00000E+00  0.00000E+00  0.00000E+00  0.00000E+00  0.00000E+00
 ***** INPUT LINE  3  EX   4    1    6    0  1.41421E+00  0.00000E+00  0.00000E+00  0.00000E+00  0.00000E+00  0.00000E+00
 ***** INPUT LINE  4  PQ   0    0    0    0  0.00000E+00  0.00000E+00  0.00000E+00  0.00000E+00  0.00000E+00  0.00000E+00
 ***** INPUT LINE  5  XQ   0    0    0    0  0.00000E+00  0.00000E+00  0.00000E+00  0.00000E+00  0.00000E+00  0.00000E+00




                                 - - - - - - FREQUENCY - - - - - -

                                    FREQUENCY= 3.1500E+02 MHZ
                                    WAVELENGTH= 9.5175E-01 METERS



                                  - - - ANTENNA ENVIRONMENT - - -

                                            FREE SPACE



                               - - - STRUCTURE IMPEDANCE LOADING - - -

                                   THIS STRUCTURE IS NOT LOADED
ALLOCATE CM:            100



                                - - - MATRIX TIMING - - -

                        FILL=    0.000 SEC.,  FACTOR=    0.000 SEC.



                                          - - - ANTENNA INPUT PARAMETERS - - -

   TAG   SEG.    VOLTAGE (VOLTS)         CURRENT (AMPS)         IMPEDANCE (OHMS)        ADMITTANCE (MHOS)      POWER
   NO.   NO.    REAL        IMAG.       REAL        IMAG.       REAL        IMAG.       REAL        IMAG.     (WATTS)
   1     6 1  1.3386E+02  1.1953E+02  1.4142E+00  0.0000E+00  9.4653E+01  8.4518E+01  5.8782E-03 -5.2488E-03  9.4653E+01



                                       - - - Wire Currents - - -

                             Lengths normalized by wavelength (or 2.*pi/CABS(k))

  Elem.  Tag            Coord. of seg. center          Seg.            - - - Current (Amps) - - -
   No.   No.     X            Y            Z           Length       Real         Imag.        Mag.         Phase
      1    1  0.00000E+00 -2.38796E-01  0.00000E+00  4.77591E-02  2.48473E-01 -3.56173E-02  2.51012E-01   -8.1575
      2    1  0.00000E+00 -1.91036E-01  0.00000E+00  4.77591E-02  6.98215E-01 -9.27097E-02  7.04343E-01   -7.5636
      3    1  0.00000E+00 -1.43277E-01  0.00000E+00  4.77591E-02  1.05509E+00 -1.22385E-01  1.06217E+00   -6.6164
      4    1  0.00000E+00 -9.55182E-02  0.00000E+00  4.77591E-02  1.31072E+00 -1.24711E-01  1.31664E+00   -5.4352
      5    1  0.00000E+00 -4.77591E-02  0.00000E+00  4.77591E-02  1.44715E+00 -9.83484E-02  1.45049E+00   -3.8878
      6    1  0.00000E+00  3.64535E-17  0.00000E+00  4.77591E-02  1.44889E+00 -3.89299E-02  1.44942E+00   -1.5391
      7    1  0.00000E+00  4.77591E-02  0.00000E+00  4.77591E-02  1.38554E+00 -2.89993E-02  1.38585E+00   -1.1990
      8    1  0.00000E+00  9.55182E-02  0.00000E+00  4.77591E-02  1.26195E+00 -6.94737E-02  1.26386E+00   -3.1511
      9    1  0.00000E+00  1.43277E-01  0.00000E+00  4.77591E-02  1.01749E+00 -7.95236E-02  1.02059E+00   -4.4690
     10    1  0.00000E+00  1.91036E-01  0.00000E+00  4.77591E-02  6.73868E-01 -6.47950E-02  6.76976E-01   -5.4923
     11    1  0.00000E+00  2.38796E-01  0.00000E+00  4.77591E-02  2.39900E-01 -2.57458E-02  2.41277E-01   -6.1255



                             - - - Wire Charge Densities - - -

                     Lengths normalized by wavelength (or 2.*pi/CABS(k))

  ELEM.  TAG          Coord. of Seg. Center           Seg.        Charge Density (C/m)
   No.   No.     X            Y            Z          Length        Mag.         Phase
      1    1  0.00000E+00 -2.38796E-01  0.00000E+00  4.77591E-02  5.58030E-09   81.8425
      2    1  0.00000E+00 -1.91036E-01  0.00000E+00  4.77591E-02  4.49985E-09   83.9096
      3    1  0.00000E+00 -1.43277E-01  0.00000E+00  4.77591E-02  3.46421E-09   86.9834
      4    1  0.00000E+00 -9.55182E-02  0.00000E+00  4.77591E-02  2.22729E-09   93.3614
      5    1  0.00000E+00 -4.77591E-02  0.00000E+00  4.77591E-02  9.28933E-10  119.3622
      6    1  0.00000E+00  3.64535E-17  0.00000E+00  4.77591E-02  1.15904E-09 -138.3053
      7    1  0.00000E+00  4.77591E-02  0.00000E+00  4.77591E-02  9.06568E-10  -44.6731
      8    1  0.00000E+00  9.55182E-02  0.00000E+00  4.77591E-02  2.12554E-09  -83.1068
      9    1  0.00000E+00  1.43277E-01  0.00000E+00  4.77591E-02  3.32480E-09  -90.5460
     10    1  0.00000E+00  1.91036E-01  0.00000E+00  4.77591E-02  4.32449E-09  -93.9215
     11    1  0.00000E+00  2.38796E-01  0.00000E+00  4.77591E-02  5.36387E-09  -96.1255



                                        - - - POWER BUDGET - - -

                                           INPUT POWER   = 9.4653E+01 WATTS
                                           RADIATED POWER= 9.4653E+01 WATTS
                                           WIRE LOSS     = 0.0000E+00 WATTS
                                           EFFICIENCY    = 100.00 PERCENT




 ***** INPUT LINE  6  EN   0    0    0    0  0.00000E+00  0.00000E+00  0.00000E+00  0.00000E+00  0.00000E+00  0.00000E+00

 RUN TIME =     0.000
