1
 x13



                                ***********************************************
                                *                                             *
                                *  NUMERICAL ELECTROMAGNETICS CODE (NEC-5)    *
                                *                                             *
                                ***********************************************




                      **********************************************************

                          Back yard dipole                                                             
                                                                                                       
                          EZNEC Pro/2+ v. 7.0.4  2026-08-25 16:06:03                                   
                                                                                                       
                          ! Written by EZNEC/Pro+ v. 7.0 in NEC-5 format.                              
                                                                                                       

                      **********************************************************





                                 - - - STRUCTURE SPECIFICATION - - -

                                     COORDINATES MUST BE INPUT IN
                                     METERS OR BE SCALED TO METERS
                                     BEFORE STRUCTURE INPUT IS ENDED

 Model definition commands:

 GW    1    11  0.00000E+00  0.00000E+00  9.14400E+00  0.00000E+00  1.01895E+01  9.14400E+00  1.02620E-03
 GE    0   -1

 Number of nodes :    12
 Number of wire elements :    11
 Number of patch elements:     0
 Number unknowns:    10




 ***** INPUT LINE  1  FR   0    1    0    0  1.40000E+01  0.00000E+00  0.00000E+00  0.00000E+00  0.00000E+00  0.00000E+00
 ***** INPUT LINE  2  GN  -1    0    0    0  0.00000E+00  0.00000E+00  0.00000E+00  0.00000E+00  0.00000E+00  0.00000E+00
 ***** INPUT LINE  3  EX   4    1    6    0  1.41421E+00  0.00000E+00  0.00000E+00  0.00000E+00  0.00000E+00  0.00000E+00
 ***** INPUT LINE  4  PQ   0    0    0    0  0.00000E+00  0.00000E+00  0.00000E+00  0.00000E+00  0.00000E+00  0.00000E+00
 ***** INPUT LINE  5  NH   0    2    3    4  3.04800E-01  6.09600E-01  9.14400E-01  6.09600E-01  6.09600E-01  6.09600E-01




                                 - - - - - - FREQUENCY - - - - - -

                                    FREQUENCY= 1.4000E+01 MHZ
                                    WAVELENGTH= 2.1414E+01 METERS



                                  - - - ANTENNA ENVIRONMENT - - -

                                            FREE SPACE



                               - - - STRUCTURE IMPEDANCE LOADING - - -

                                   THIS STRUCTURE IS NOT LOADED
ALLOCATE CM:            100



                                - - - MATRIX TIMING - - -

                        FILL=    0.000 SEC.,  FACTOR=    0.000 SEC.



                                          - - - ANTENNA INPUT PARAMETERS - - -

   TAG   SEG.    VOLTAGE (VOLTS)         CURRENT (AMPS)         IMPEDANCE (OHMS)        ADMITTANCE (MHOS)      POWER
   NO.   NO.    REAL        IMAG.       REAL        IMAG.       REAL        IMAG.       REAL        IMAG.     (WATTS)
   1     6 1  9.3898E+01 -6.4318E+01  1.4142E+00  0.0000E+00  6.6396E+01 -4.5480E+01  1.0251E-02  7.0219E-03  6.6396E+01



                                       - - - Wire Currents - - -

                             Lengths normalized by wavelength (or 2.*pi/CABS(k))

  Elem.  Tag            Coord. of seg. center          Seg.            - - - Current (Amps) - - -
   No.   No.     X            Y            Z           Length       Real         Imag.        Mag.         Phase
      1    1  0.00000E+00  2.16284E-02  4.27005E-01  4.32569E-02  2.07000E-01 -1.47111E-02  2.07522E-01   -4.0651
      2    1  0.00000E+00  6.48853E-02  4.27005E-01  4.32569E-02  5.91702E-01 -3.84497E-02  5.92950E-01   -3.7179
      3    1  0.00000E+00  1.08142E-01  4.27005E-01  4.32569E-02  9.15214E-01 -5.08388E-02  9.16625E-01   -3.1794
      4    1  0.00000E+00  1.51399E-01  4.27005E-01  4.32569E-02  1.16701E+00 -5.15893E-02  1.16815E+00   -2.5312
      5    1  0.00000E+00  1.94656E-01  4.27005E-01  4.32569E-02  1.33281E+00 -4.02333E-02  1.33341E+00   -1.7291
      6    1  0.00000E+00  2.37913E-01  4.27005E-01  4.32569E-02  1.40342E+00 -1.57443E-02  1.40351E+00   -0.6427
      7    1  0.00000E+00  2.81170E-01  4.27005E-01  4.32569E-02  1.35230E+00 -1.18290E-02  1.35236E+00   -0.5012
      8    1  0.00000E+00  3.24426E-01  4.27005E-01  4.32569E-02  1.18270E+00 -2.87915E-02  1.18305E+00   -1.3945
      9    1  0.00000E+00  3.67683E-01  4.27005E-01  4.32569E-02  9.27180E-01 -3.34982E-02  9.27785E-01   -2.0691
     10    1  0.00000E+00  4.10940E-01  4.27005E-01  4.32569E-02  5.99335E-01 -2.74181E-02  5.99962E-01   -2.6193
     11    1  0.00000E+00  4.54197E-01  4.27005E-01  4.32569E-02  2.09654E-01 -1.08825E-02  2.09937E-01   -2.9714



                             - - - Wire Charge Densities - - -

                     Lengths normalized by wavelength (or 2.*pi/CABS(k))

  ELEM.  TAG          Coord. of Seg. Center           Seg.        Charge Density (C/m)
   No.   No.     X            Y            Z          Length        Mag.         Phase
      1    1  0.00000E+00  2.16284E-02  4.27005E-01  4.32569E-02  5.09364E-09   85.9349
      2    1  0.00000E+00  6.48853E-02  4.27005E-01  4.32569E-02  4.36732E-09   87.0918
      3    1  0.00000E+00  1.08142E-01  4.27005E-01  4.32569E-02  3.57987E-09   88.6793
      4    1  0.00000E+00  1.51399E-01  4.27005E-01  4.32569E-02  2.60212E-09   91.4114
      5    1  0.00000E+00  1.94656E-01  4.27005E-01  4.32569E-02  1.48383E-09   98.3171
      6    1  0.00000E+00  2.37913E-01  4.27005E-01  4.32569E-02  4.68564E-10  145.5626
      7    1  0.00000E+00  2.81170E-01  4.27005E-01  4.32569E-02  1.54709E-09  -79.1831
      8    1  0.00000E+00  3.24426E-01  4.27005E-01  4.32569E-02  2.64642E-09  -87.2710
      9    1  0.00000E+00  3.67683E-01  4.27005E-01  4.32569E-02  3.62824E-09  -90.1655
     10    1  0.00000E+00  4.10940E-01  4.27005E-01  4.32569E-02  4.42092E-09  -91.7986
     11    1  0.00000E+00  4.54197E-01  4.27005E-01  4.32569E-02  5.15290E-09  -92.9714



                                        - - - POWER BUDGET - - -

                                           INPUT POWER   = 6.6396E+01 WATTS
                                           RADIATED POWER= 6.6396E+01 WATTS
                                           WIRE LOSS     = 0.0000E+00 WATTS
                                           EFFICIENCY    = 100.00 PERCENT



                                      - - - NEAR MAGNETIC FIELDS - - -

              -  LOCATION  -                     -  HX  -               -  HY  -               -  HZ  -
        X           Y           Z           MAGNITUDE   PHASE      MAGNITUDE   PHASE      MAGNITUDE   PHASE
      METERS      METERS      METERS          AMPS/M   DEGREES       AMPS/M   DEGREES       AMPS/M   DEGREES
    3.0480E-01  6.0960E-01  9.1440E-01     2.0485E-02    90.54    0.0000E+00     0.00    7.5870E-04    90.54
    9.1440E-01  6.0960E-01  9.1440E-01     2.0300E-02    89.92    0.0000E+00     0.00    2.2555E-03    89.92
    3.0480E-01  1.2192E+00  9.1440E-01     2.1715E-02    93.79    0.0000E+00     0.00    8.0425E-04    93.79
    9.1440E-01  1.2192E+00  9.1440E-01     2.1509E-02    93.16    0.0000E+00     0.00    2.3899E-03    93.16
    3.0480E-01  1.8288E+00  9.1440E-01     2.2861E-02    96.56    0.0000E+00     0.00    8.4671E-04    96.56
    9.1440E-01  1.8288E+00  9.1440E-01     2.2636E-02    95.93    0.0000E+00     0.00    2.5151E-03    95.93
    3.0480E-01  6.0960E-01  1.5240E+00     2.1533E-02    98.79    0.0000E+00     0.00    8.6130E-04    98.79
    9.1440E-01  6.0960E-01  1.5240E+00     2.1310E-02    98.14    0.0000E+00     0.00    2.5572E-03    98.14
    3.0480E-01  1.2192E+00  1.5240E+00     2.2974E-02   102.12    0.0000E+00     0.00    9.1897E-04   102.12
    9.1440E-01  1.2192E+00  1.5240E+00     2.2724E-02   101.46    0.0000E+00     0.00    2.7268E-03   101.46
    3.0480E-01  1.8288E+00  1.5240E+00     2.4329E-02   104.95    0.0000E+00     0.00    9.7314E-04   104.95
    9.1440E-01  1.8288E+00  1.5240E+00     2.4051E-02   104.29    0.0000E+00     0.00    2.8862E-03   104.29
    3.0480E-01  6.0960E-01  2.1336E+00     2.2679E-02   106.88    0.0000E+00     0.00    9.8602E-04   106.88
    9.1440E-01  6.0960E-01  2.1336E+00     2.2406E-02   106.18    0.0000E+00     0.00    2.9225E-03   106.18
    3.0480E-01  1.2192E+00  2.1336E+00     2.4382E-02   110.28    0.0000E+00     0.00    1.0601E-03   110.28
    9.1440E-01  1.2192E+00  2.1336E+00     2.4072E-02   109.58    0.0000E+00     0.00    3.1398E-03   109.58
    3.0480E-01  1.8288E+00  2.1336E+00     2.5995E-02   113.16    0.0000E+00     0.00    1.1302E-03   113.16
    9.1440E-01  1.8288E+00  2.1336E+00     2.5649E-02   112.45    0.0000E+00     0.00    3.3455E-03   112.45
    3.0480E-01  6.0960E-01  2.7432E+00     2.3938E-02   114.77    0.0000E+00     0.00    1.1399E-03   114.77
    9.1440E-01  6.0960E-01  2.7432E+00     2.3600E-02   114.03    0.0000E+00     0.00    3.3714E-03   114.03
    3.0480E-01  1.2192E+00  2.7432E+00     2.5967E-02   118.23    0.0000E+00     0.00    1.2365E-03   118.23
    9.1440E-01  1.2192E+00  2.7432E+00     2.5577E-02   117.49    0.0000E+00     0.00    3.6539E-03   117.49
    3.0480E-01  1.8288E+00  2.7432E+00     2.7908E-02   121.15    0.0000E+00     0.00    1.3290E-03   121.15
    9.1440E-01  1.8288E+00  2.7432E+00     2.7467E-02   120.40    0.0000E+00     0.00    3.9238E-03   120.40




 ***** INPUT LINE  6  EN   0    0    0    0  0.00000E+00  0.00000E+00  0.00000E+00  0.00000E+00  0.00000E+00  0.00000E+00

 RUN TIME =     0.000
