1
 x13



                                ***********************************************
                                *                                             *
                                *  NUMERICAL ELECTROMAGNETICS CODE (NEC-5)    *
                                *                                             *
                                ***********************************************




                      **********************************************************

                          Cardioid - L Network Feed                                                    
                                                                                                       
                          EZNEC Pro/2+ v. 7.0.4  2026-08-20 21:10:56                                   
                                                                                                       
                          ! Written by EZNEC/Pro+ v. 7.0 in NEC-5 format.                              
                                                                                                       
                          ! *Wire #3 for virtual segments.                                             
                                                                                                       

                      **********************************************************





                                 - - - STRUCTURE SPECIFICATION - - -

                                     COORDINATES MUST BE INPUT IN
                                     METERS OR BE SCALED TO METERS
                                     BEFORE STRUCTURE INPUT IS ENDED

 Model definition commands:

 GW    1    30  0.00000E+00  0.00000E+00  0.00000E+00  0.00000E+00  0.00000E+00  1.00584E+01  1.27000E-02
 GW    2    30  1.04823E+01  0.00000E+00  0.00000E+00  1.04823E+01  0.00000E+00  1.00584E+01  1.27000E-02
 GW    3     3  4.19290E+03  4.19290E+03  4.23483E+03  4.19303E+03  4.19303E+03  4.23496E+03  4.19290E-03
 GE    1   -1

   GROUND PLANE SPECIFIED.

   WHERE WIRE ENDS TOUCH GROUND, CURRENT WILL BE INTERPOLATED TO IMAGE IN GROUND PLANE.


 Number of nodes :    66
 Number of wire elements :    63
 Number of patch elements:     0
 Number unknowns:    62




 ***** INPUT LINE  1  LD   4    1   -1    0  1.80000E+01  0.00000E+00  0.00000E+00  0.00000E+00  0.00000E+00  0.00000E+00
 ***** INPUT LINE  2  LD   4    2   -1    0  1.80000E+01  0.00000E+00  0.00000E+00  0.00000E+00  0.00000E+00  0.00000E+00
 ***** INPUT LINE  3  LD   4    3    1    0  1.00000E+10  0.00000E+00  0.00000E+00  0.00000E+00  0.00000E+00  0.00000E+00
 ***** INPUT LINE  4  LD   4    3    2    0  1.00000E+10  0.00000E+00  0.00000E+00  0.00000E+00  0.00000E+00  0.00000E+00
 ***** INPUT LINE  5  FR   0    1    0    0  7.15000E+00  0.00000E+00  0.00000E+00  0.00000E+00  0.00000E+00  0.00000E+00
 ***** INPUT LINE  6  GD   0    0    0    0  1.30000E+01  5.00000E-03  1.00000E+00  0.00000E+00  0.00000E+00  0.00000E+00
 ***** INPUT LINE  7  EX   4    2   -1    0  0.00000E+00 -1.41421E+00  0.00000E+00  0.00000E+00  0.00000E+00  0.00000E+00
 ***** INPUT LINE  8  TL   3    1    1   -1  7.50000E+01  1.04824E+01  0.00000E+00  0.00000E+00  0.00000E+00  0.00000E+00
 ***** INPUT LINE  9  TL   3    2    2   -1  7.50000E+01  1.04824E+01  0.00000E+00  0.00000E+00  0.00000E+00  0.00000E+00
 ***** INPUT LINE 10  NT   3    1    3    2  1.50410E-07 -1.22600E-02 -1.50400E-07  1.22640E-02  2.30900E-07 -3.29300E-03
 ***** INPUT LINE 11  PQ   0    0    0    0  0.00000E+00  0.00000E+00  0.00000E+00  0.00000E+00  0.00000E+00  0.00000E+00
 ***** INPUT LINE 12  RP   0    1  361 1000  8.00000E+01  0.00000E+00  0.00000E+00  1.00000E+00  0.00000E+00  0.00000E+00




                                 - - - - - - FREQUENCY - - - - - -

                                    FREQUENCY= 7.1500E+00 MHZ
                                    WAVELENGTH= 4.1930E+01 METERS



                                  - - - ANTENNA ENVIRONMENT - - -


 GMPINO: EPSC from file = 2.00000E+01-3.89052E+01
              should be  1.30000E+01-1.25706E+01
 Will compute Sommerfeld-ground tables
                                        FINITE GROUND.  SOMMERFELD SOLUTION
                                        RELATIVE DIELECTRIC CONST.= 13.000
                                        CONDUCTIVITY= 5.000E-03 MHOS/METER
                                        COMPLEX DIELECTRIC CONSTANT= 1.30000E+01-1.25706E+01



                               - - - STRUCTURE IMPEDANCE LOADING - - -


       LOCATION          RESISTANCE   INDUCTANCE  CAPACITANCE       IMPEDANCE (OHMS)     CONDUCTIVITY    TYPE
    ITAG FROM THRU          OHMS        HENRYS       FARADS        REAL      IMAGINARY    MHOS/METER

       1    1    1                                             1.8000E+01                             FIXED IMPEDANCE 
       2    1    1                                             1.8000E+01                             FIXED IMPEDANCE 
       3    1    1                                             1.0000E+10                             FIXED IMPEDANCE 
       3    2    2                                             1.0000E+10                             FIXED IMPEDANCE 
ALLOCATE CM:           3844



                                - - - MATRIX TIMING - - -

                        FILL=    0.000 SEC.,  FACTOR=    0.000 SEC.



                                            - - - NETWORK DATA - - -

      - FROM -    - TO -           TRANSMISSION LINE               -  -  SHUNT ADMITTANCES (MHOS)  -  -              LINE
      TAG  SEG.   TAG  SEG.      IMPEDANCE      LENGTH            - END ONE -                 - END TWO -            TYPE
      NO.   NO.   NO.   NO.         OHMS        METERS         REAL          IMAG.         REAL          IMAG.
        3    61     1    -1     7.5000E+01    1.0482E+01    0.0000E+00    0.0000E+00    0.0000E+00    0.0000E+00   STRAIGHT
        3    62     2   -31     7.5000E+01    1.0482E+01    0.0000E+00    0.0000E+00    0.0000E+00    0.0000E+00   STRAIGHT

      - FROM -    - TO -                          -  -  ADMITTANCE MATRIX ELEMENTS (MHOS)  -  -
      TAG   SEG.   TAG  SEG.             (ONE,ONE)                   (ONE,TWO)                   (TWO,TWO)
      NO.   NO.   NO.   NO.        REAL          IMAG.         REAL          IMAG.         REAL          IMAG.
        3    61     3    62     1.5041E-07   -1.2260E-02   -1.5040E-07    1.2264E-02    2.3090E-07   -3.2930E-03



                           - - - STRUCTURE EXCITATION DATA AT NETWORK CONNECTION POINTS - - -

   TAG   SEG.    VOLTAGE (VOLTS)         CURRENT (AMPS)         IMPEDANCE (OHMS)        ADMITTANCE (MHOS)      POWER
   NO.   NO.    REAL        IMAG.       REAL        IMAG.       REAL        IMAG.       REAL        IMAG.     (WATTS)
   3    61 1 -4.4361E+01  3.1678E+01 -4.4361E-09  3.1678E-09  1.0000E+10 -1.3511E+04  1.0000E-10  1.3511E-16  1.4857E-07
   1     1 2  1.7802E+01  1.7219E+01  4.2236E-01  5.9149E-01  3.3514E+01 -6.1652E+00  2.8862E-02  5.3094E-03  8.8519E+00
   3    62 1 -6.3702E+01  1.2948E+01 -6.3702E-09  1.2948E-09  1.0000E+10 -1.6921E+04  1.0000E-10  1.6921E-16  2.1128E-07
   2    31 2  2.5069E+01 -2.5940E+01  1.7265E-01 -5.6484E-01  5.4406E+01  2.7753E+01  1.4585E-02 -7.4400E-03  9.4900E+00



                                          - - - ANTENNA INPUT PARAMETERS - - -

   TAG   SEG.    VOLTAGE (VOLTS)         CURRENT (AMPS)         IMPEDANCE (OHMS)        ADMITTANCE (MHOS)      POWER
   NO.   NO.    REAL        IMAG.       REAL        IMAG.       REAL        IMAG.       REAL        IMAG.     (WATTS)
   2    31 2  2.5069E+01 -2.5940E+01  0.0000E+00 -1.4142E+00  1.8342E+01  1.7727E+01  2.8190E-02 -2.7244E-02  1.8342E+01



                                       - - - Wire Currents - - -

                             Lengths normalized by wavelength (or 2.*pi/CABS(k))

  Elem.  Tag            Coord. of seg. center          Seg.            - - - Current (Amps) - - -
   No.   No.     X            Y            Z           Length       Real         Imag.        Mag.         Phase
      1    1  0.00000E+00  0.00000E+00  3.99809E-03  7.99617E-03  4.22980E-01  5.89748E-01  7.25751E-01   54.3511
      2    1  0.00000E+00  0.00000E+00  1.19943E-02  7.99617E-03  4.23408E-01  5.85951E-01  7.22919E-01   54.1481
      3    1  0.00000E+00  0.00000E+00  1.99904E-02  7.99617E-03  4.22411E-01  5.81237E-01  7.18517E-01   53.9924
      4    1  0.00000E+00  0.00000E+00  2.79866E-02  7.99617E-03  4.20207E-01  5.75282E-01  7.12407E-01   53.8543
      5    1  0.00000E+00  0.00000E+00  3.59828E-02  7.99617E-03  4.16842E-01  5.68037E-01  7.04573E-01   53.7277
      6    1  0.00000E+00  0.00000E+00  4.39789E-02  7.99617E-03  4.12341E-01  5.59488E-01  6.95019E-01   53.6099
      7    1  0.00000E+00  0.00000E+00  5.19751E-02  7.99617E-03  4.06725E-01  5.49637E-01  6.83759E-01   53.4990
      8    1  0.00000E+00  0.00000E+00  5.99713E-02  7.99617E-03  4.00012E-01  5.38495E-01  6.70810E-01   53.3938
      9    1  0.00000E+00  0.00000E+00  6.79675E-02  7.99617E-03  3.92221E-01  5.26080E-01  6.56199E-01   53.2935
     10    1  0.00000E+00  0.00000E+00  7.59636E-02  7.99617E-03  3.83370E-01  5.12413E-01  6.39953E-01   53.1974
     11    1  0.00000E+00  0.00000E+00  8.39598E-02  7.99617E-03  3.73481E-01  4.97521E-01  6.22105E-01   53.1050
     12    1  0.00000E+00  0.00000E+00  9.19560E-02  7.99617E-03  3.62577E-01  4.81431E-01  6.02692E-01   53.0158
     13    1  0.00000E+00  0.00000E+00  9.99521E-02  7.99617E-03  3.50679E-01  4.64175E-01  5.81751E-01   52.9294
     14    1  0.00000E+00  0.00000E+00  1.07948E-01  7.99617E-03  3.37813E-01  4.45788E-01  5.59325E-01   52.8456
     15    1  0.00000E+00  0.00000E+00  1.15944E-01  7.99617E-03  3.24005E-01  4.26305E-01  5.35458E-01   52.7640
     16    1  0.00000E+00  0.00000E+00  1.23941E-01  7.99617E-03  3.09283E-01  4.05764E-01  5.10196E-01   52.6845
     17    1  0.00000E+00  0.00000E+00  1.31937E-01  7.99617E-03  2.93674E-01  3.84204E-01  4.83588E-01   52.6068
     18    1  0.00000E+00  0.00000E+00  1.39933E-01  7.99617E-03  2.77207E-01  3.61664E-01  4.55680E-01   52.5307
     19    1  0.00000E+00  0.00000E+00  1.47929E-01  7.99617E-03  2.59909E-01  3.38185E-01  4.26523E-01   52.4562
     20    1  0.00000E+00  0.00000E+00  1.55925E-01  7.99617E-03  2.41811E-01  3.13805E-01  3.96164E-01   52.3830
     21    1  0.00000E+00  0.00000E+00  1.63922E-01  7.99617E-03  2.22937E-01  2.88561E-01  3.64648E-01   52.3110
     22    1  0.00000E+00  0.00000E+00  1.71918E-01  7.99617E-03  2.03312E-01  2.62487E-01  3.32017E-01   52.2401
     23    1  0.00000E+00  0.00000E+00  1.79914E-01  7.99617E-03  1.82956E-01  2.35613E-01  2.98305E-01   52.1702
     24    1  0.00000E+00  0.00000E+00  1.87910E-01  7.99617E-03  1.61881E-01  2.07955E-01  2.63536E-01   52.1013
     25    1  0.00000E+00  0.00000E+00  1.95906E-01  7.99617E-03  1.40089E-01  1.79520E-01  2.27711E-01   52.0332
     26    1  0.00000E+00  0.00000E+00  2.03902E-01  7.99617E-03  1.17559E-01  1.50284E-01  1.90803E-01   51.9659
     27    1  0.00000E+00  0.00000E+00  2.11899E-01  7.99617E-03  9.42342E-02  1.20179E-01  1.52719E-01   51.8994
     28    1  0.00000E+00  0.00000E+00  2.19895E-01  7.99617E-03  6.99743E-02  8.90302E-02  1.13238E-01   51.8340
     29    1  0.00000E+00  0.00000E+00  2.27891E-01  7.99617E-03  4.44286E-02  5.63996E-02  7.17970E-02   51.7709
     30    1  0.00000E+00  0.00000E+00  2.35887E-01  7.99617E-03  1.56355E-02  1.98172E-02  2.52427E-02   51.7271
     31    2  2.49994E-01  0.00000E+00  3.99809E-03  7.99617E-03  1.70424E-01 -5.67434E-01  5.92474E-01  -73.2828
     32    2  2.49994E-01  0.00000E+00  1.19943E-02  7.99617E-03  1.66429E-01 -5.70972E-01  5.94734E-01  -73.7495
     33    2  2.49994E-01  0.00000E+00  1.99904E-02  7.99617E-03  1.62890E-01 -5.71855E-01  5.94602E-01  -74.1006
     34    2  2.49994E-01  0.00000E+00  2.79866E-02  7.99617E-03  1.59299E-01 -5.70800E-01  5.92612E-01  -74.4067
     35    2  2.49994E-01  0.00000E+00  3.59828E-02  7.99617E-03  1.55564E-01 -5.67948E-01  5.88867E-01  -74.6821
     36    2  2.49994E-01  0.00000E+00  4.39789E-02  7.99617E-03  1.51647E-01 -5.63367E-01  5.83421E-01  -74.9342
     37    2  2.49994E-01  0.00000E+00  5.19751E-02  7.99617E-03  1.47532E-01 -5.57104E-01  5.76308E-01  -75.1674
     38    2  2.49994E-01  0.00000E+00  5.99713E-02  7.99617E-03  1.43211E-01 -5.49195E-01  5.67560E-01  -75.3848
     39    2  2.49994E-01  0.00000E+00  6.79675E-02  7.99617E-03  1.38681E-01 -5.39673E-01  5.57207E-01  -75.5884
     40    2  2.49994E-01  0.00000E+00  7.59636E-02  7.99617E-03  1.33944E-01 -5.28570E-01  5.45277E-01  -75.7801
     41    2  2.49994E-01  0.00000E+00  8.39598E-02  7.99617E-03  1.29004E-01 -5.15917E-01  5.31801E-01  -75.9612
     42    2  2.49994E-01  0.00000E+00  9.19560E-02  7.99617E-03  1.23865E-01 -5.01749E-01  5.16812E-01  -76.1329
     43    2  2.49994E-01  0.00000E+00  9.99521E-02  7.99617E-03  1.18534E-01 -4.86100E-01  5.00344E-01  -76.2960
     44    2  2.49994E-01  0.00000E+00  1.07948E-01  7.99617E-03  1.13019E-01 -4.69008E-01  4.82433E-01  -76.4515
     45    2  2.49994E-01  0.00000E+00  1.15944E-01  7.99617E-03  1.07326E-01 -4.50511E-01  4.63118E-01  -76.6001
     46    2  2.49994E-01  0.00000E+00  1.23941E-01  7.99617E-03  1.01466E-01 -4.30648E-01  4.42439E-01  -76.7422
     47    2  2.49994E-01  0.00000E+00  1.31937E-01  7.99617E-03  9.54459E-02 -4.09460E-01  4.20437E-01  -76.8786
     48    2  2.49994E-01  0.00000E+00  1.39933E-01  7.99617E-03  8.92754E-02 -3.86990E-01  3.97154E-01  -77.0096
     49    2  2.49994E-01  0.00000E+00  1.47929E-01  7.99617E-03  8.29635E-02 -3.63279E-01  3.72631E-01  -77.1357
     50    2  2.49994E-01  0.00000E+00  1.55925E-01  7.99617E-03  7.65189E-02 -3.38367E-01  3.46912E-01  -77.2574
     51    2  2.49994E-01  0.00000E+00  1.63922E-01  7.99617E-03  6.99499E-02 -3.12296E-01  3.20034E-01  -77.3749
     52    2  2.49994E-01  0.00000E+00  1.71918E-01  7.99617E-03  6.32642E-02 -2.85099E-01  2.92034E-01  -77.4886
     53    2  2.49994E-01  0.00000E+00  1.79914E-01  7.99617E-03  5.64679E-02 -2.56807E-01  2.62942E-01  -77.5989
     54    2  2.49994E-01  0.00000E+00  1.87910E-01  7.99617E-03  4.95652E-02 -2.27439E-01  2.32777E-01  -77.7059
     55    2  2.49994E-01  0.00000E+00  1.95906E-01  7.99617E-03  4.25568E-02 -1.96998E-01  2.01542E-01  -77.8099
     56    2  2.49994E-01  0.00000E+00  2.03902E-01  7.99617E-03  3.54375E-02 -1.65458E-01  1.69210E-01  -77.9111
     57    2  2.49994E-01  0.00000E+00  2.11899E-01  7.99617E-03  2.81910E-02 -1.32738E-01  1.35699E-01  -78.0096
     58    2  2.49994E-01  0.00000E+00  2.19895E-01  7.99617E-03  2.07778E-02 -9.86426E-02  1.00807E-01  -78.1053
     59    2  2.49994E-01  0.00000E+00  2.27891E-01  7.99617E-03  1.30979E-02 -6.26768E-02  6.40307E-02  -78.1965
     60    2  2.49994E-01  0.00000E+00  2.35887E-01  7.99617E-03  4.58658E-03 -2.20685E-02  2.25401E-02  -78.2591
     61    3  9.99980E+01  9.99980E+01  1.00998E+02  1.73494E-03 -2.21807E-09  1.58388E-09  2.72553E-09  144.4701
     62    3  9.99990E+01  9.99990E+01  1.00999E+02  1.73494E-03 -5.40317E-09  2.23127E-09  5.84575E-09  157.5616
     63    3  1.00000E+02  1.00000E+02  1.01000E+02  1.73494E-03 -3.18510E-09  6.47389E-10  3.25023E-09  168.5108



                             - - - Wire Charge Densities - - -

                     Lengths normalized by wavelength (or 2.*pi/CABS(k))

  ELEM.  TAG          Coord. of Seg. Center           Seg.        Charge Density (C/m)
   No.   No.     X            Y            Z          Length        Mag.         Phase
      1    1  0.00000E+00  0.00000E+00  3.99809E-03  7.99617E-03  2.45300E-10   19.5100
      2    1  0.00000E+00  0.00000E+00  1.19943E-02  7.99617E-03  2.74212E-10   -5.2544
      3    1  0.00000E+00  0.00000E+00  1.99904E-02  7.99617E-03  3.68801E-10  -16.9062
      4    1  0.00000E+00  0.00000E+00  2.79866E-02  7.99617E-03  4.75395E-10  -22.9509
      5    1  0.00000E+00  0.00000E+00  3.59828E-02  7.99617E-03  5.85833E-10  -26.5080
      6    1  0.00000E+00  0.00000E+00  4.39789E-02  7.99617E-03  6.97301E-10  -28.8200
      7    1  0.00000E+00  0.00000E+00  5.19751E-02  7.99617E-03  8.08520E-10  -30.4356
      8    1  0.00000E+00  0.00000E+00  5.99713E-02  7.99617E-03  9.18763E-10  -31.6274
      9    1  0.00000E+00  0.00000E+00  6.79675E-02  7.99617E-03  1.02754E-09  -32.5440
     10    1  0.00000E+00  0.00000E+00  7.59636E-02  7.99617E-03  1.13447E-09  -33.2730
     11    1  0.00000E+00  0.00000E+00  8.39598E-02  7.99617E-03  1.23926E-09  -33.8686
     12    1  0.00000E+00  0.00000E+00  9.19560E-02  7.99617E-03  1.34166E-09  -34.3665
     13    1  0.00000E+00  0.00000E+00  9.99521E-02  7.99617E-03  1.44143E-09  -34.7909
     14    1  0.00000E+00  0.00000E+00  1.07948E-01  7.99617E-03  1.53839E-09  -35.1588
     15    1  0.00000E+00  0.00000E+00  1.15944E-01  7.99617E-03  1.63238E-09  -35.4823
     16    1  0.00000E+00  0.00000E+00  1.23941E-01  7.99617E-03  1.72328E-09  -35.7707
     17    1  0.00000E+00  0.00000E+00  1.31937E-01  7.99617E-03  1.81100E-09  -36.0307
     18    1  0.00000E+00  0.00000E+00  1.39933E-01  7.99617E-03  1.89550E-09  -36.2676
     19    1  0.00000E+00  0.00000E+00  1.47929E-01  7.99617E-03  1.97678E-09  -36.4855
     20    1  0.00000E+00  0.00000E+00  1.55925E-01  7.99617E-03  2.05496E-09  -36.6878
     21    1  0.00000E+00  0.00000E+00  1.63922E-01  7.99617E-03  2.13022E-09  -36.8771
     22    1  0.00000E+00  0.00000E+00  1.71918E-01  7.99617E-03  2.20293E-09  -37.0555
     23    1  0.00000E+00  0.00000E+00  1.79914E-01  7.99617E-03  2.27365E-09  -37.2249
     24    1  0.00000E+00  0.00000E+00  1.87910E-01  7.99617E-03  2.34335E-09  -37.3868
     25    1  0.00000E+00  0.00000E+00  1.95906E-01  7.99617E-03  2.41362E-09  -37.5425
     26    1  0.00000E+00  0.00000E+00  2.03902E-01  7.99617E-03  2.48725E-09  -37.6931
     27    1  0.00000E+00  0.00000E+00  2.11899E-01  7.99617E-03  2.56962E-09  -37.8398
     28    1  0.00000E+00  0.00000E+00  2.19895E-01  7.99617E-03  2.67277E-09  -37.9835
     29    1  0.00000E+00  0.00000E+00  2.27891E-01  7.99617E-03  2.82980E-09  -38.1254
     30    1  0.00000E+00  0.00000E+00  2.35887E-01  7.99617E-03  3.35175E-09  -38.2729
     31    2  2.49994E-01  0.00000E+00  3.99809E-03  7.99617E-03  4.53133E-10  -40.6506
     32    2  2.49994E-01  0.00000E+00  1.19943E-02  7.99617E-03  2.66946E-10  -61.8178
     33    2  2.49994E-01  0.00000E+00  1.99904E-02  7.99617E-03  2.34701E-10  -92.1683
     34    2  2.49994E-01  0.00000E+00  2.79866E-02  7.99617E-03  2.75563E-10 -118.4194
     35    2  2.49994E-01  0.00000E+00  3.59828E-02  7.99617E-03  3.54445E-10 -134.3152
     36    2  2.49994E-01  0.00000E+00  4.39789E-02  7.99617E-03  4.48353E-10 -143.5410
     37    2  2.49994E-01  0.00000E+00  5.19751E-02  7.99617E-03  5.47931E-10 -149.2705
     38    2  2.49994E-01  0.00000E+00  5.99713E-02  7.99617E-03  6.49424E-10 -153.1006
     39    2  2.49994E-01  0.00000E+00  6.79675E-02  7.99617E-03  7.51103E-10 -155.8203
     40    2  2.49994E-01  0.00000E+00  7.59636E-02  7.99617E-03  8.52045E-10 -157.8452
     41    2  2.49994E-01  0.00000E+00  8.39598E-02  7.99617E-03  9.51681E-10 -159.4104
     42    2  2.49994E-01  0.00000E+00  9.19560E-02  7.99617E-03  1.04962E-09 -160.6572
     43    2  2.49994E-01  0.00000E+00  9.99521E-02  7.99617E-03  1.14556E-09 -161.6750
     44    2  2.49994E-01  0.00000E+00  1.07948E-01  7.99617E-03  1.23927E-09 -162.5231
     45    2  2.49994E-01  0.00000E+00  1.15944E-01  7.99617E-03  1.33057E-09 -163.2422
     46    2  2.49994E-01  0.00000E+00  1.23941E-01  7.99617E-03  1.41931E-09 -163.8610
     47    2  2.49994E-01  0.00000E+00  1.31937E-01  7.99617E-03  1.50538E-09 -164.4005
     48    2  2.49994E-01  0.00000E+00  1.39933E-01  7.99617E-03  1.58873E-09 -164.8763
     49    2  2.49994E-01  0.00000E+00  1.47929E-01  7.99617E-03  1.66934E-09 -165.3003
     50    2  2.49994E-01  0.00000E+00  1.55925E-01  7.99617E-03  1.74730E-09 -165.6816
     51    2  2.49994E-01  0.00000E+00  1.63922E-01  7.99617E-03  1.82274E-09 -166.0276
     52    2  2.49994E-01  0.00000E+00  1.71918E-01  7.99617E-03  1.89599E-09 -166.3440
     53    2  2.49994E-01  0.00000E+00  1.79914E-01  7.99617E-03  1.96754E-09 -166.6355
     54    2  2.49994E-01  0.00000E+00  1.87910E-01  7.99617E-03  2.03824E-09 -166.9061
     55    2  2.49994E-01  0.00000E+00  1.95906E-01  7.99617E-03  2.10950E-09 -167.1590
     56    2  2.49994E-01  0.00000E+00  2.03902E-01  7.99617E-03  2.18382E-09 -167.3972
     57    2  2.49994E-01  0.00000E+00  2.11899E-01  7.99617E-03  2.26605E-09 -167.6231
     58    2  2.49994E-01  0.00000E+00  2.19895E-01  7.99617E-03  2.36696E-09 -167.8391
     59    2  2.49994E-01  0.00000E+00  2.27891E-01  7.99617E-03  2.51629E-09 -168.0474
     60    2  2.49994E-01  0.00000E+00  2.35887E-01  7.99617E-03  2.99290E-09 -168.2591
     61    3  9.99980E+01  9.99980E+01  1.00998E+02  1.73494E-03  1.66796E-15 -125.5299
     62    3  9.99990E+01  9.99990E+01  1.00999E+02  1.73494E-03  8.23824E-16  -45.9193
     63    3  1.00000E+02  1.00000E+02  1.01000E+02  1.73494E-03  1.98906E-15   78.5108



                                        - - - POWER BUDGET - - -

                                           INPUT POWER   = 1.8342E+01 WATTS
                                           RADIATED POWER= 2.8790E+01 WATTS
                                           WIRE LOSS     = 7.8940E+00 WATTS
                                           EFFICIENCY    = 156.96 PERCENT



                                                - - - RADIATION PATTERNS - - -

  - - ANGLES - -          - POWER GAINS -        - - - POLARIZATION - - -    - - - E(THETA) - - -    - - - E(PHI) - - -
  THETA     PHI        VERT.   HOR.    TOTAL      AXIAL     TILT   SENSE     MAGNITUDE    PHASE      MAGNITUDE    PHASE 
 DEGREES  DEGREES       DB      DB      DB        RATIO     DEG.               VOLTS     DEGREES       VOLTS     DEGREES
   80.00     0.00      -0.73 -999.99   -0.73    0.00000     0.00  LINEAR    3.04906E+01   119.97    1.09067E-09   141.09
   80.00     1.00      -0.73 -999.99   -0.73    0.00000     0.00  LINEAR    3.04892E+01   119.97    1.07146E-09    34.43
   80.00     2.00      -0.73 -999.99   -0.73    0.00000    -0.00  LINEAR    3.04853E+01   119.95    1.05192E-09   -83.22
   80.00     3.00      -0.73 -999.99   -0.73    0.00000     0.00  LINEAR    3.04788E+01   119.92    1.03206E-09   147.96
   80.00     4.00      -0.74 -999.99   -0.74    0.00000    -0.00  LINEAR    3.04696E+01   119.88    1.01189E-09     7.79
   80.00     5.00      -0.74 -999.99   -0.74    0.00000    -0.00  LINEAR    3.04578E+01   119.82    9.91408E-10  -143.90
   80.00     6.00      -0.74 -999.99   -0.74    0.00000     0.00  LINEAR    3.04433E+01   119.75    9.70626E-10    52.70
   80.00     7.00      -0.75 -999.99   -0.75    0.00000    -0.00  LINEAR    3.04261E+01   119.67    9.49550E-10  -122.56
   80.00     8.00      -0.75 -999.99   -0.75    0.00000     0.00  LINEAR    3.04063E+01   119.58    9.28185E-10    50.14
   80.00     9.00      -0.76 -999.99   -0.76    0.00000    -0.00  LINEAR    3.03836E+01   119.48    9.06537E-10  -149.36
   80.00    10.00      -0.77 -999.99   -0.77    0.00000    -0.00  LINEAR    3.03582E+01   119.36    8.84615E-10    -1.21
   80.00    11.00      -0.78 -999.99   -0.78    0.00000     0.00  LINEAR    3.03300E+01   119.23    8.62423E-10   134.43
   80.00    12.00      -0.78 -999.99   -0.78    0.00000    -0.00  LINEAR    3.02989E+01   119.09    8.39970E-10  -102.60
   80.00    13.00      -0.79 -999.99   -0.79    0.00000    -0.00  LINEAR    3.02649E+01   118.94    8.17261E-10     7.57
   80.00    14.00      -0.80 -999.99   -0.80    0.00000     0.00  LINEAR    3.02279E+01   118.78    7.94303E-10   104.79
   80.00    15.00      -0.82 -999.99   -0.82    0.00000     0.00  LINEAR    3.01880E+01   118.60    7.71105E-10  -171.09
   80.00    16.00      -0.83 -999.99   -0.83    0.00000    -0.00  LINEAR    3.01449E+01   118.41    7.47672E-10  -100.19
   80.00    17.00      -0.84 -999.99   -0.84    0.00000    -0.00  LINEAR    3.00987E+01   118.21    7.24012E-10   -42.65
   80.00    18.00      -0.86 -999.99   -0.86    0.00000    -0.00  LINEAR    3.00494E+01   118.00    7.00132E-10     1.41
   80.00    19.00      -0.87 -999.99   -0.87    0.00000     0.00  LINEAR    2.99968E+01   117.78    6.76039E-10    31.86
   80.00    20.00      -0.89 -999.99   -0.89    0.00000     0.00  LINEAR    2.99408E+01   117.54    6.51741E-10    48.58
   80.00    21.00      -0.91 -999.99   -0.91    0.00000     0.00  LINEAR    2.98815E+01   117.30    6.27245E-10    51.46
   80.00    22.00      -0.92 -999.99   -0.92    0.00000     0.00  LINEAR    2.98187E+01   117.04    6.02558E-10    40.39
   80.00    23.00      -0.94 -999.99   -0.94    0.00000    -0.00  LINEAR    2.97523E+01   116.77    5.77688E-10    15.26
   80.00    24.00      -0.96 -999.99   -0.96    0.00000    -0.00  LINEAR    2.96823E+01   116.49    5.52643E-10   -24.03
   80.00    25.00      -0.98 -999.99   -0.98    0.00000    -0.00  LINEAR    2.96087E+01   116.20    5.27430E-10   -77.58
   80.00    26.00      -1.01 -999.99   -1.01    0.00000    -0.00  LINEAR    2.95312E+01   115.90    5.02056E-10  -145.48
   80.00    27.00      -1.03 -999.99   -1.03    0.00000     0.00  LINEAR    2.94499E+01   115.59    4.76530E-10   132.18
   80.00    28.00      -1.06 -999.99   -1.06    0.00000     0.00  LINEAR    2.93646E+01   115.27    4.50859E-10    35.32
   80.00    29.00      -1.08 -999.99   -1.08    0.00000    -0.00  LINEAR    2.92753E+01   114.94    4.25052E-10   -76.15
   80.00    30.00      -1.11 -999.99   -1.11    0.00000     0.00  LINEAR    2.91818E+01   114.59    3.99115E-10   157.70
   80.00    31.00      -1.14 -999.99   -1.14    0.00000    -0.00  LINEAR    2.90842E+01   114.24    3.73057E-10    16.79
   80.00    32.00      -1.17 -999.99   -1.17    0.00000    -0.00  LINEAR    2.89823E+01   113.87    3.46886E-10  -138.93
   80.00    33.00      -1.20 -999.99   -1.20    0.00000     0.00  LINEAR    2.88760E+01   113.50    3.20609E-10    50.47
   80.00    34.00      -1.24 -999.99   -1.24    0.00000    -0.00  LINEAR    2.87652E+01   113.12    2.94235E-10  -135.07
   80.00    35.00      -1.27 -999.99   -1.27    0.00000     0.00  LINEAR    2.86499E+01   112.72    2.67771E-10    24.39
   80.00    36.00      -1.31 -999.99   -1.31    0.00000     0.00  LINEAR    2.85300E+01   112.32    2.41227E-10   168.82
   80.00    37.00      -1.35 -999.99   -1.35    0.00000    -0.00  LINEAR    2.84053E+01   111.91    2.14609E-10   -61.84
   80.00    38.00      -1.38 -999.99   -1.38    0.00000     0.00  LINEAR    2.82758E+01   111.48    1.87925E-10    52.38
   80.00    39.00      -1.43 -999.99   -1.43    0.00000     0.00  LINEAR    2.81415E+01   111.05    1.61185E-10   151.44
   80.00    40.00      -1.47 -999.99   -1.47    0.00000    -0.00  LINEAR    2.80022E+01   110.61    1.34396E-10  -124.69
   80.00    41.00      -1.51 -999.99   -1.51    0.00000    -0.00  LINEAR    2.78579E+01   110.16    1.07566E-10   -56.04
   80.00    42.00      -1.56 -999.99   -1.56    0.00000    -0.00  LINEAR    2.77085E+01   109.71    8.07028E-11    -2.61
   80.00    43.00      -1.61 -999.99   -1.61    0.00000     0.00  LINEAR    2.75539E+01   109.24    5.38155E-11    35.55
   80.00    44.00      -1.66 -999.99   -1.66    0.00000     0.00  LINEAR    2.73940E+01   108.77    2.69118E-11    58.46
   80.00    45.00      -1.71 -999.99   -1.71    0.00000     0.00  LINEAR    2.72288E+01   108.29    2.04943E-23    65.92
   80.00    46.00      -1.77 -999.99   -1.77    0.00000    -0.00  LINEAR    2.70583E+01   107.80    2.69118E-11  -121.54
   80.00    47.00      -1.82 -999.99   -1.82    0.00000    -0.00  LINEAR    2.68823E+01   107.30    5.38155E-11  -144.45
   80.00    48.00      -1.88 -999.99   -1.88    0.00000     0.00  LINEAR    2.67008E+01   106.80    8.07028E-11   177.39
   80.00    49.00      -1.94 -999.99   -1.94    0.00000     0.00  LINEAR    2.65138E+01   106.28    1.07566E-10   123.96
   80.00    50.00      -2.01 -999.99   -2.01    0.00000     0.00  LINEAR    2.63211E+01   105.77    1.34396E-10    55.31
   80.00    51.00      -2.07 -999.99   -2.07    0.00000    -0.00  LINEAR    2.61229E+01   105.24    1.61185E-10   -28.56
   80.00    52.00      -2.14 -999.99   -2.14    0.00000    -0.00  LINEAR    2.59189E+01   104.71    1.87925E-10  -127.62
   80.00    53.00      -2.21 -999.99   -2.21    0.00000     0.00  LINEAR    2.57093E+01   104.17    2.14609E-10   118.16
   80.00    54.00      -2.28 -999.99   -2.28    0.00000    -0.00  LINEAR    2.54939E+01   103.63    2.41227E-10   -11.18
   80.00    55.00      -2.36 -999.99   -2.36    0.00000    -0.00  LINEAR    2.52728E+01   103.08    2.67771E-10  -155.61
   80.00    56.00      -2.44 -999.99   -2.44    0.00000     0.00  LINEAR    2.50459E+01   102.53    2.94235E-10    44.93
   80.00    57.00      -2.52 -999.99   -2.52    0.00000    -0.00  LINEAR    2.48132E+01   101.97    3.20609E-10  -129.53
   80.00    58.00      -2.60 -999.99   -2.60    0.00000     0.00  LINEAR    2.45747E+01   101.41    3.46886E-10    41.07
   80.00    59.00      -2.69 -999.99   -2.69    0.00000    -0.00  LINEAR    2.43304E+01   100.84    3.73057E-10  -163.21
   80.00    60.00      -2.78 -999.99   -2.78    0.00000    -0.00  LINEAR    2.40803E+01   100.27    3.99115E-10   -22.30
   80.00    61.00      -2.87 -999.99   -2.87    0.00000     0.00  LINEAR    2.38245E+01    99.69    4.25052E-10   103.85
   80.00    62.00      -2.97 -999.99   -2.97    0.00000    -0.00  LINEAR    2.35629E+01    99.11    4.50859E-10  -144.68
   80.00    63.00      -3.07 -999.99   -3.07    0.00000    -0.00  LINEAR    2.32956E+01    98.53    4.76530E-10   -47.82
   80.00    64.00      -3.17 -999.99   -3.17    0.00000     0.00  LINEAR    2.30226E+01    97.95    5.02056E-10    34.52
   80.00    65.00      -3.28 -999.99   -3.28    0.00000     0.00  LINEAR    2.27439E+01    97.36    5.27430E-10   102.42
   80.00    66.00      -3.39 -999.99   -3.39    0.00000     0.00  LINEAR    2.24597E+01    96.77    5.52643E-10   155.97
   80.00    67.00      -3.50 -999.99   -3.50    0.00000    -0.00  LINEAR    2.21699E+01    96.18    5.77688E-10  -164.74
   80.00    68.00      -3.61 -999.99   -3.61    0.00000    -0.00  LINEAR    2.18745E+01    95.59    6.02558E-10  -139.61
   80.00    69.00      -3.73 -999.99   -3.73    0.00000    -0.00  LINEAR    2.15738E+01    95.00    6.27245E-10  -128.54
   80.00    70.00      -3.86 -999.99   -3.86    0.00000    -0.00  LINEAR    2.12677E+01    94.40    6.51741E-10  -131.42
   80.00    71.00      -3.99 -999.99   -3.99    0.00000    -0.00  LINEAR    2.09564E+01    93.81    6.76039E-10  -148.14
   80.00    72.00      -4.12 -999.99   -4.12    0.00000     0.00  LINEAR    2.06399E+01    93.22    7.00132E-10  -178.59
   80.00    73.00      -4.26 -999.99   -4.26    0.00000     0.00  LINEAR    2.03182E+01    92.63    7.24012E-10   137.35
   80.00    74.00      -4.40 -999.99   -4.40    0.00000     0.00  LINEAR    1.99917E+01    92.04    7.47672E-10    79.81
   80.00    75.00      -4.54 -999.99   -4.54    0.00000     0.00  LINEAR    1.96602E+01    91.45    7.71105E-10     8.91
   80.00    76.00      -4.69 -999.99   -4.69    0.00000    -0.00  LINEAR    1.93240E+01    90.87    7.94303E-10   -75.21
   80.00    77.00      -4.85 -999.99   -4.85    0.00000    -0.00  LINEAR    1.89832E+01    90.29    8.17261E-10  -172.43
   80.00    78.00      -5.01 -999.99   -5.01    0.00000     0.00  LINEAR    1.86379E+01    89.71    8.39970E-10    77.40
   80.00    79.00      -5.17 -999.99   -5.17    0.00000    -0.00  LINEAR    1.82882E+01    89.14    8.62423E-10   -45.57
   80.00    80.00      -5.34 -999.99   -5.34    0.00000    -0.00  LINEAR    1.79344E+01    88.57    8.84615E-10   178.79
   80.00    81.00      -5.51 -999.99   -5.51    0.00000     0.00  LINEAR    1.75764E+01    88.01    9.06537E-10    30.64
   80.00    82.00      -5.70 -999.99   -5.70    0.00000    -0.00  LINEAR    1.72146E+01    87.45    9.28185E-10  -129.86
   80.00    83.00      -5.88 -999.99   -5.88    0.00000     0.00  LINEAR    1.68491E+01    86.91    9.49550E-10    57.44
   80.00    84.00      -6.07 -999.99   -6.07    0.00000    -0.00  LINEAR    1.64800E+01    86.37    9.70626E-10  -127.30
   80.00    85.00      -6.27 -999.99   -6.27    0.00000     0.00  LINEAR    1.61075E+01    85.84    9.91408E-10    36.10
   80.00    86.00      -6.48 -999.99   -6.48    0.00000    -0.00  LINEAR    1.57319E+01    85.32    1.01189E-09  -172.21
   80.00    87.00      -6.69 -999.99   -6.69    0.00000    -0.00  LINEAR    1.53533E+01    84.82    1.03206E-09   -32.04
   80.00    88.00      -6.91 -999.99   -6.91    0.00000     0.00  LINEAR    1.49719E+01    84.32    1.05192E-09    96.78
   80.00    89.00      -7.13 -999.99   -7.13    0.00000    -0.00  LINEAR    1.45879E+01    83.85    1.07146E-09  -145.57
   80.00    90.00      -7.37 -999.99   -7.37    0.00000    -0.00  LINEAR    1.42015E+01    83.38    1.09067E-09   -38.91
   80.00    91.00      -7.61 -999.99   -7.61    0.00000     0.00  LINEAR    1.38130E+01    82.94    1.10955E-09    56.96
   80.00    92.00      -7.86 -999.99   -7.86    0.00000     0.00  LINEAR    1.34226E+01    82.51    1.12810E-09   142.22
   80.00    93.00      -8.11 -999.99   -8.11    0.00000    -0.00  LINEAR    1.30304E+01    82.11    1.14630E-09  -142.94
   80.00    94.00      -8.38 -999.99   -8.38    0.00000    -0.00  LINEAR    1.26369E+01    81.73    1.16415E-09   -78.32
   80.00    95.00      -8.66 -999.99   -8.66    0.00000    -0.00  LINEAR    1.22422E+01    81.37    1.18165E-09   -23.72
   80.00    96.00      -8.94 -999.99   -8.94    0.00000     0.00  LINEAR    1.18465E+01    81.04    1.19879E-09    21.06
   80.00    97.00      -9.24 -999.99   -9.24    0.00000     0.00  LINEAR    1.14502E+01    80.75    1.21557E-09    56.23
   80.00    98.00      -9.54 -999.99   -9.54    0.00000     0.00  LINEAR    1.10535E+01    80.49    1.23197E-09    82.00
   80.00    99.00      -9.86 -999.99   -9.86    0.00000     0.00  LINEAR    1.06567E+01    80.26    1.24800E-09    98.58
   80.00   100.00     -10.19 -999.99  -10.19    0.00000     0.00  LINEAR    1.02602E+01    80.08    1.26366E-09   106.19
   80.00   101.00     -10.53 -999.99  -10.53    0.00000     0.00  LINEAR    9.86418E+00    79.95    1.27892E-09   105.03
   80.00   102.00     -10.89 -999.99  -10.89    0.00000     0.00  LINEAR    9.46906E+00    79.86    1.29380E-09    95.33
   80.00   103.00     -11.26 -999.99  -11.26    0.00000     0.00  LINEAR    9.07518E+00    79.84    1.30829E-09    77.31
   80.00   104.00     -11.64 -999.99  -11.64    0.00000     0.00  LINEAR    8.68292E+00    79.88    1.32237E-09    51.20
   80.00   105.00     -12.04 -999.99  -12.04    0.00000     0.00  LINEAR    8.29270E+00    80.00    1.33606E-09    17.23
   80.00   106.00     -12.46 -999.99  -12.46    0.00000    -0.00  LINEAR    7.90496E+00    80.20    1.34934E-09   -24.38
   80.00   107.00     -12.89 -999.99  -12.89    0.00000    -0.00  LINEAR    7.52019E+00    80.50    1.36220E-09   -73.40
   80.00   108.00     -13.34 -999.99  -13.34    0.00000    -0.00  LINEAR    7.13895E+00    80.91    1.37466E-09  -129.58
   80.00   109.00     -13.81 -999.99  -13.81    0.00000     0.00  LINEAR    6.76182E+00    81.44    1.38669E-09   167.30
   80.00   110.00     -14.30 -999.99  -14.30    0.00000     0.00  LINEAR    6.38952E+00    82.12    1.39830E-09    97.48
   80.00   111.00     -14.82 -999.99  -14.82    0.00000     0.00  LINEAR    6.02283E+00    82.96    1.40949E-09    21.22
   80.00   112.00     -15.35 -999.99  -15.35    0.00000    -0.00  LINEAR    5.66268E+00    84.00    1.42025E-09   -61.26
   80.00   113.00     -15.91 -999.99  -15.91    0.00000    -0.00  LINEAR    5.31017E+00    85.27    1.43058E-09  -149.71
   80.00   114.00     -16.49 -999.99  -16.49    0.00000     0.00  LINEAR    4.96659E+00    86.80    1.44047E-09   116.12
   80.00   115.00     -17.09 -999.99  -17.09    0.00000     0.00  LINEAR    4.63354E+00    88.65    1.44992E-09    16.48
   80.00   116.00     -17.72 -999.99  -17.72    0.00000    -0.00  LINEAR    4.31295E+00    90.86    1.45893E-09   -88.39
   80.00   117.00     -18.36 -999.99  -18.36    0.00000     0.00  LINEAR    4.00717E+00    93.51    1.46750E-09   161.77
   80.00   118.00     -19.00 -999.99  -19.00    0.00000     0.00  LINEAR    3.71912E+00    96.66    1.47562E-09    47.22
   80.00   119.00     -19.65 -999.99  -19.65    0.00000    -0.00  LINEAR    3.45236E+00   100.39    1.48330E-09   -71.81
   80.00   120.00     -20.28 -999.99  -20.28    0.00000     0.00  LINEAR    3.21116E+00   104.79    1.49052E-09   164.96
   80.00   121.00     -20.87 -999.99  -20.87    0.00000     0.00  LINEAR    3.00052E+00   109.89    1.49728E-09    37.78
   80.00   122.00     -21.39 -999.99  -21.39    0.00000    -0.00  LINEAR    2.82592E+00   115.73    1.50359E-09   -93.10
   80.00   123.00     -21.81 -999.99  -21.81    0.00000     0.00  LINEAR    2.69289E+00   122.24    1.50945E-09   132.58
   80.00   124.00     -22.09 -999.99  -22.09    0.00000    -0.00  LINEAR    2.60619E+00   129.27    1.51484E-09    -4.91
   80.00   125.00     -22.22 -999.99  -22.22    0.00000     0.00  LINEAR    2.56880E+00   136.59    1.51977E-09  -145.31
   80.00   126.00     -22.18 -999.99  -22.18    0.00000     0.00  LINEAR    2.58108E+00   143.90    1.52424E-09    71.63
   80.00   127.00     -21.98 -999.99  -21.98    0.00000    -0.00  LINEAR    2.64055E+00   150.90    1.52825E-09   -73.81
   80.00   128.00     -21.65 -999.99  -21.65    0.00000     0.00  LINEAR    2.74235E+00   157.37    1.53179E-09   138.61
   80.00   129.00     -21.22 -999.99  -21.22    0.00000    -0.00  LINEAR    2.88026E+00   163.16    1.53486E-09   -10.82
   80.00   130.00     -20.73 -999.99  -20.73    0.00000     0.00  LINEAR    3.04769E+00   168.24    1.53747E-09  -161.85
   80.00   131.00     -20.21 -999.99  -20.21    0.00000    -0.00  LINEAR    3.23846E+00   172.62    1.53961E-09    45.79
   80.00   132.00     -19.66 -999.99  -19.66    0.00000     0.00  LINEAR    3.44714E+00   176.37    1.54128E-09  -107.63
   80.00   133.00     -19.12 -999.99  -19.12    0.00000     0.00  LINEAR    3.66921E+00   179.56    1.54248E-09    98.14
   80.00   134.00     -18.59 -999.99  -18.59    0.00000    -0.00  LINEAR    3.90098E+00  -177.73    1.54321E-09   -56.61
   80.00   135.00     -18.07 -999.99  -18.07    0.00000     0.00  LINEAR    4.13948E+00  -175.44    1.54347E-09   148.36
   80.00   136.00     -17.58 -999.99  -17.58    0.00000    -0.00  LINEAR    4.38236E+00  -173.49    1.54326E-09    -6.66
   80.00   137.00     -17.11 -999.99  -17.11    0.00000     0.00  LINEAR    4.62773E+00  -171.83    1.54258E-09  -161.42
   80.00   138.00     -16.66 -999.99  -16.66    0.00000    -0.00  LINEAR    4.87405E+00  -170.43    1.54143E-09    44.36
   80.00   139.00     -16.23 -999.99  -16.23    0.00000     0.00  LINEAR    5.12012E+00  -169.23    1.53981E-09  -109.07
   80.00   140.00     -15.82 -999.99  -15.82    0.00000    -0.00  LINEAR    5.36492E+00  -168.21    1.53772E-09    98.57
   80.00   141.00     -15.44 -999.99  -15.44    0.00000    -0.00  LINEAR    5.60765E+00  -167.33    1.53516E-09   -52.46
   80.00   142.00     -15.07 -999.99  -15.07    0.00000     0.00  LINEAR    5.84761E+00  -166.59    1.53214E-09   158.11
   80.00   143.00     -14.73 -999.99  -14.73    0.00000    -0.00  LINEAR    6.08426E+00  -165.96    1.52864E-09    10.54
   80.00   144.00     -14.40 -999.99  -14.40    0.00000     0.00  LINEAR    6.31710E+00  -165.42    1.52469E-09  -134.91
   80.00   145.00     -14.09 -999.99  -14.09    0.00000    -0.00  LINEAR    6.54574E+00  -164.97    1.52026E-09    82.04
   80.00   146.00     -13.80 -999.99  -13.80    0.00000    -0.00  LINEAR    6.76983E+00  -164.58    1.51538E-09   -58.37
   80.00   147.00     -13.52 -999.99  -13.52    0.00000     0.00  LINEAR    6.98908E+00  -164.26    1.51003E-09   164.14
   80.00   148.00     -13.26 -999.99  -13.26    0.00000    -0.00  LINEAR    7.20322E+00  -163.98    1.50422E-09    29.83
   80.00   149.00     -13.01 -999.99  -13.01    0.00000     0.00  LINEAR    7.41205E+00  -163.76    1.49796E-09  -101.05
   80.00   150.00     -12.78 -999.99  -12.78    0.00000     0.00  LINEAR    7.61535E+00  -163.57    1.49123E-09   131.76
   80.00   151.00     -12.56 -999.99  -12.56    0.00000    -0.00  LINEAR    7.81297E+00  -163.42    1.48405E-09     8.53
   80.00   152.00     -12.35 -999.99  -12.35    0.00000     0.00  LINEAR    8.00474E+00  -163.30    1.47642E-09  -110.49
   80.00   153.00     -12.15 -999.99  -12.15    0.00000     0.00  LINEAR    8.19054E+00  -163.20    1.46834E-09   134.95
   80.00   154.00     -11.96 -999.99  -11.96    0.00000    -0.00  LINEAR    8.37025E+00  -163.12    1.45982E-09    25.11
   80.00   155.00     -11.78 -999.99  -11.78    0.00000     0.00  LINEAR    8.54376E+00  -163.07    1.45084E-09   -79.75
   80.00   156.00     -11.61 -999.99  -11.61    0.00000     0.00  LINEAR    8.71097E+00  -163.03    1.44143E-09  -179.40
   80.00   157.00     -11.45 -999.99  -11.45    0.00000    -0.00  LINEAR    8.87181E+00  -163.01    1.43157E-09    86.44
   80.00   158.00     -11.30 -999.99  -11.30    0.00000    -0.00  LINEAR    9.02620E+00  -163.00    1.42128E-09    -2.01
   80.00   159.00     -11.16 -999.99  -11.16    0.00000     0.00  LINEAR    9.17408E+00  -162.99    1.41056E-09   -84.49
   80.00   160.00     -11.03 -999.99  -11.03    0.00000     0.00  LINEAR    9.31537E+00  -163.00    1.39940E-09  -160.76
   80.00   161.00     -10.90 -999.99  -10.90    0.00000     0.00  LINEAR    9.45003E+00  -163.01    1.38782E-09   129.43
   80.00   162.00     -10.79 -999.99  -10.79    0.00000    -0.00  LINEAR    9.57802E+00  -163.03    1.37581E-09    66.31
   80.00   163.00     -10.68 -999.99  -10.68    0.00000    -0.00  LINEAR    9.69928E+00  -163.06    1.36339E-09    10.12
   80.00   164.00     -10.58 -999.99  -10.58    0.00000    -0.00  LINEAR    9.81377E+00  -163.08    1.35055E-09   -38.89
   80.00   165.00     -10.48 -999.99  -10.48    0.00000     0.00  LINEAR    9.92148E+00  -163.11    1.33730E-09   -80.51
   80.00   166.00     -10.39 -999.99  -10.39    0.00000     0.00  LINEAR    1.00223E+01  -163.15    1.32364E-09  -114.48
   80.00   167.00     -10.31 -999.99  -10.31    0.00000     0.00  LINEAR    1.01164E+01  -163.18    1.30957E-09  -140.59
   80.00   168.00     -10.24 -999.99  -10.24    0.00000     0.00  LINEAR    1.02035E+01  -163.21    1.29511E-09  -158.61
   80.00   169.00     -10.17 -999.99  -10.17    0.00000     0.00  LINEAR    1.02837E+01  -163.24    1.28025E-09  -168.30
   80.00   170.00     -10.11 -999.99  -10.11    0.00000     0.00  LINEAR    1.03571E+01  -163.27    1.26500E-09  -169.46
   80.00   171.00     -10.05 -999.99  -10.05    0.00000     0.00  LINEAR    1.04234E+01  -163.30    1.24937E-09  -161.86
   80.00   172.00     -10.00 -999.99  -10.00    0.00000     0.00  LINEAR    1.04829E+01  -163.33    1.23335E-09  -145.28
   80.00   173.00      -9.96 -999.99   -9.96    0.00000     0.00  LINEAR    1.05353E+01  -163.35    1.21696E-09  -119.51
   80.00   174.00      -9.92 -999.99   -9.92    0.00000     0.00  LINEAR    1.05808E+01  -163.38    1.20019E-09   -84.34
   80.00   175.00      -9.89 -999.99   -9.89    0.00000    -0.00  LINEAR    1.06193E+01  -163.40    1.18306E-09   -39.55
   80.00   176.00      -9.87 -999.99   -9.87    0.00000    -0.00  LINEAR    1.06509E+01  -163.41    1.16557E-09    15.05
   80.00   177.00      -9.85 -999.99   -9.85    0.00000    -0.00  LINEAR    1.06754E+01  -163.42    1.14772E-09    79.67
   80.00   178.00      -9.83 -999.99   -9.83    0.00000     0.00  LINEAR    1.06929E+01  -163.43    1.12953E-09   154.51
   80.00   179.00      -9.82 -999.99   -9.82    0.00000     0.00  LINEAR    1.07034E+01  -163.44    1.11099E-09  -120.24
   80.00   180.00      -9.82 -999.99   -9.82    0.00000    -0.00  LINEAR    1.07069E+01  -163.44    1.09210E-09   -24.37
   80.00   181.00      -9.82 -999.99   -9.82    0.00000    -0.00  LINEAR    1.07034E+01  -163.44    1.07289E-09    82.29
   80.00   182.00      -9.83 -999.99   -9.83    0.00000     0.00  LINEAR    1.06929E+01  -163.43    1.05335E-09  -160.06
   80.00   183.00      -9.85 -999.99   -9.85    0.00000    -0.00  LINEAR    1.06754E+01  -163.42    1.03348E-09   -31.24
   80.00   184.00      -9.87 -999.99   -9.87    0.00000     0.00  LINEAR    1.06509E+01  -163.41    1.01331E-09   108.93
   80.00   185.00      -9.89 -999.99   -9.89    0.00000     0.00  LINEAR    1.06193E+01  -163.40    9.92818E-10   -99.37
   80.00   186.00      -9.92 -999.99   -9.92    0.00000    -0.00  LINEAR    1.05808E+01  -163.38    9.72027E-10    64.02
   80.00   187.00      -9.96 -999.99   -9.96    0.00000     0.00  LINEAR    1.05353E+01  -163.35    9.50939E-10  -120.71
   80.00   188.00     -10.00 -999.99  -10.00    0.00000    -0.00  LINEAR    1.04829E+01  -163.33    9.29561E-10    66.59
   80.00   189.00     -10.05 -999.99  -10.05    0.00000     0.00  LINEAR    1.04234E+01  -163.30    9.07899E-10   -93.92
   80.00   190.00     -10.11 -999.99  -10.11    0.00000     0.00  LINEAR    1.03571E+01  -163.27    8.85960E-10   117.93
   80.00   191.00     -10.17 -999.99  -10.17    0.00000    -0.00  LINEAR    1.02837E+01  -163.24    8.63751E-10   -17.70
   80.00   192.00     -10.24 -999.99  -10.24    0.00000     0.00  LINEAR    1.02035E+01  -163.21    8.41278E-10  -140.68
   80.00   193.00     -10.31 -999.99  -10.31    0.00000     0.00  LINEAR    1.01164E+01  -163.18    8.18548E-10   109.15
   80.00   194.00     -10.39 -999.99  -10.39    0.00000    -0.00  LINEAR    1.00223E+01  -163.15    7.95568E-10    11.93
   80.00   195.00     -10.48 -999.99  -10.48    0.00000    -0.00  LINEAR    9.92148E+00  -163.11    7.72345E-10   -72.19
   80.00   196.00     -10.58 -999.99  -10.58    0.00000     0.00  LINEAR    9.81377E+00  -163.08    7.48886E-10  -143.09
   80.00   197.00     -10.68 -999.99  -10.68    0.00000     0.00  LINEAR    9.69928E+00  -163.06    7.25199E-10   159.37
   80.00   198.00     -10.79 -999.99  -10.79    0.00000     0.00  LINEAR    9.57802E+00  -163.03    7.01290E-10   115.31
   80.00   199.00     -10.90 -999.99  -10.90    0.00000    -0.00  LINEAR    9.45003E+00  -163.01    6.77167E-10    84.86
   80.00   200.00     -11.03 -999.99  -11.03    0.00000    -0.00  LINEAR    9.31537E+00  -163.00    6.52838E-10    68.14
   80.00   201.00     -11.16 -999.99  -11.16    0.00000    -0.00  LINEAR    9.17408E+00  -162.99    6.28309E-10    65.26
   80.00   202.00     -11.30 -999.99  -11.30    0.00000    -0.00  LINEAR    9.02620E+00  -163.00    6.03588E-10    76.33
   80.00   203.00     -11.45 -999.99  -11.45    0.00000    -0.00  LINEAR    8.87181E+00  -163.01    5.78683E-10   101.46
   80.00   204.00     -11.61 -999.99  -11.61    0.00000     0.00  LINEAR    8.71097E+00  -163.03    5.53601E-10   140.75
   80.00   205.00     -11.78 -999.99  -11.78    0.00000     0.00  LINEAR    8.54376E+00  -163.07    5.28350E-10  -165.70
   80.00   206.00     -11.96 -999.99  -11.96    0.00000     0.00  LINEAR    8.37025E+00  -163.12    5.02938E-10   -97.80
   80.00   207.00     -12.15 -999.99  -12.15    0.00000    -0.00  LINEAR    8.19054E+00  -163.20    4.77372E-10   -15.46
   80.00   208.00     -12.35 -999.99  -12.35    0.00000    -0.00  LINEAR    8.00474E+00  -163.30    4.51660E-10    81.41
   80.00   209.00     -12.56 -999.99  -12.56    0.00000     0.00  LINEAR    7.81297E+00  -163.42    4.25811E-10  -167.12
   80.00   210.00     -12.78 -999.99  -12.78    0.00000    -0.00  LINEAR    7.61535E+00  -163.57    3.99831E-10   -40.97
   80.00   211.00     -13.01 -999.99  -13.01    0.00000    -0.00  LINEAR    7.41205E+00  -163.76    3.73729E-10    99.93
   80.00   212.00     -13.26 -999.99  -13.26    0.00000     0.00  LINEAR    7.20322E+00  -163.98    3.47513E-10  -104.35
   80.00   213.00     -13.52 -999.99  -13.52    0.00000    -0.00  LINEAR    6.98908E+00  -164.26    3.21191E-10    66.26
   80.00   214.00     -13.80 -999.99  -13.80    0.00000     0.00  LINEAR    6.76983E+00  -164.58    2.94771E-10  -108.20
   80.00   215.00     -14.09 -999.99  -14.09    0.00000    -0.00  LINEAR    6.54574E+00  -164.97    2.68261E-10    92.33
   80.00   216.00     -14.40 -999.99  -14.40    0.00000    -0.00  LINEAR    6.31710E+00  -165.42    2.41669E-10   -52.09
   80.00   217.00     -14.73 -999.99  -14.73    0.00000     0.00  LINEAR    6.08426E+00  -165.96    2.15003E-10   178.56
   80.00   218.00     -15.07 -999.99  -15.07    0.00000    -0.00  LINEAR    5.84761E+00  -166.59    1.88272E-10    64.35
   80.00   219.00     -15.44 -999.99  -15.44    0.00000    -0.00  LINEAR    5.60765E+00  -167.33    1.61483E-10   -34.71
   80.00   220.00     -15.82 -999.99  -15.82    0.00000     0.00  LINEAR    5.36492E+00  -168.21    1.34644E-10  -118.58
   80.00   221.00     -16.23 -999.99  -16.23    0.00000     0.00  LINEAR    5.12012E+00  -169.23    1.07765E-10   172.76
   80.00   222.00     -16.66 -999.99  -16.66    0.00000     0.00  LINEAR    4.87405E+00  -170.43    8.08524E-11   119.34
   80.00   223.00     -17.11 -999.99  -17.11    0.00000    -0.00  LINEAR    4.62773E+00  -171.83    5.39153E-11    81.17
   80.00   224.00     -17.58 -999.99  -17.58    0.00000    -0.00  LINEAR    4.38236E+00  -173.49    2.69618E-11    58.26
   80.00   225.00     -18.07 -999.99  -18.07    0.00000    -0.00  LINEAR    4.13948E+00  -175.44    1.02477E-22    50.61
   80.00   226.00     -18.59 -999.99  -18.59    0.00000     0.00  LINEAR    3.90098E+00  -177.73    2.69618E-11  -121.74
   80.00   227.00     -19.12 -999.99  -19.12    0.00000     0.00  LINEAR    3.66921E+00   179.56    5.39153E-11   -98.83
   80.00   228.00     -19.66 -999.99  -19.66    0.00000    -0.00  LINEAR    3.44714E+00   176.37    8.08524E-11   -60.66
   80.00   229.00     -20.21 -999.99  -20.21    0.00000    -0.00  LINEAR    3.23846E+00   172.62    1.07765E-10    -7.24
   80.00   230.00     -20.73 -999.99  -20.73    0.00000    -0.00  LINEAR    3.04769E+00   168.24    1.34644E-10    61.42
   80.00   231.00     -21.22 -999.99  -21.22    0.00000     0.00  LINEAR    2.88026E+00   163.16    1.61483E-10   145.29
   80.00   232.00     -21.65 -999.99  -21.65    0.00000     0.00  LINEAR    2.74235E+00   157.37    1.88272E-10  -115.65
   80.00   233.00     -21.98 -999.99  -21.98    0.00000    -0.00  LINEAR    2.64055E+00   150.90    2.15003E-10    -1.44
   80.00   234.00     -22.18 -999.99  -22.18    0.00000     0.00  LINEAR    2.58108E+00   143.90    2.41669E-10   127.91
   80.00   235.00     -22.22 -999.99  -22.22    0.00000    -0.00  LINEAR    2.56880E+00   136.59    2.68261E-10   -87.67
   80.00   236.00     -22.09 -999.99  -22.09    0.00000     0.00  LINEAR    2.60619E+00   129.27    2.94771E-10    71.80
   80.00   237.00     -21.81 -999.99  -21.81    0.00000    -0.00  LINEAR    2.69289E+00   122.24    3.21191E-10  -113.74
   80.00   238.00     -21.39 -999.99  -21.39    0.00000     0.00  LINEAR    2.82592E+00   115.73    3.47513E-10    75.65
   80.00   239.00     -20.87 -999.99  -20.87    0.00000    -0.00  LINEAR    3.00052E+00   109.89    3.73729E-10   -80.07
   80.00   240.00     -20.28 -999.99  -20.28    0.00000     0.00  LINEAR    3.21116E+00   104.79    3.99831E-10   139.03
   80.00   241.00     -19.65 -999.99  -19.65    0.00000     0.00  LINEAR    3.45236E+00   100.39    4.25811E-10    12.88
   80.00   242.00     -19.00 -999.99  -19.00    0.00000    -0.00  LINEAR    3.71912E+00    96.66    4.51660E-10   -98.59
   80.00   243.00     -18.36 -999.99  -18.36    0.00000     0.00  LINEAR    4.00717E+00    93.51    4.77372E-10   164.54
   80.00   244.00     -17.72 -999.99  -17.72    0.00000     0.00  LINEAR    4.31295E+00    90.86    5.02938E-10    82.20
   80.00   245.00     -17.09 -999.99  -17.09    0.00000     0.00  LINEAR    4.63354E+00    88.65    5.28350E-10    14.30
   80.00   246.00     -16.49 -999.99  -16.49    0.00000    -0.00  LINEAR    4.96659E+00    86.80    5.53601E-10   -39.25
   80.00   247.00     -15.91 -999.99  -15.91    0.00000    -0.00  LINEAR    5.31017E+00    85.27    5.78683E-10   -78.54
   80.00   248.00     -15.35 -999.99  -15.35    0.00000    -0.00  LINEAR    5.66268E+00    84.00    6.03588E-10  -103.67
   80.00   249.00     -14.82 -999.99  -14.82    0.00000    -0.00  LINEAR    6.02283E+00    82.96    6.28309E-10  -114.74
   80.00   250.00     -14.30 -999.99  -14.30    0.00000    -0.00  LINEAR    6.38952E+00    82.12    6.52838E-10  -111.86
   80.00   251.00     -13.81 -999.99  -13.81    0.00000    -0.00  LINEAR    6.76182E+00    81.44    6.77167E-10   -95.14
   80.00   252.00     -13.34 -999.99  -13.34    0.00000    -0.00  LINEAR    7.13895E+00    80.91    7.01290E-10   -64.69
   80.00   253.00     -12.89 -999.99  -12.89    0.00000    -0.00  LINEAR    7.52019E+00    80.50    7.25199E-10   -20.63
   80.00   254.00     -12.46 -999.99  -12.46    0.00000     0.00  LINEAR    7.90496E+00    80.20    7.48886E-10    36.91
   80.00   255.00     -12.04 -999.99  -12.04    0.00000     0.00  LINEAR    8.29270E+00    80.00    7.72345E-10   107.81
   80.00   256.00     -11.64 -999.99  -11.64    0.00000    -0.00  LINEAR    8.68292E+00    79.88    7.95568E-10  -168.07
   80.00   257.00     -11.26 -999.99  -11.26    0.00000    -0.00  LINEAR    9.07518E+00    79.84    8.18548E-10   -70.85
   80.00   258.00     -10.89 -999.99  -10.89    0.00000     0.00  LINEAR    9.46906E+00    79.86    8.41278E-10    39.32
   80.00   259.00     -10.53 -999.99  -10.53    0.00000     0.00  LINEAR    9.86418E+00    79.95    8.63751E-10   162.30
   80.00   260.00     -10.19 -999.99  -10.19    0.00000    -0.00  LINEAR    1.02602E+01    80.08    8.85960E-10   -62.07
   80.00   261.00      -9.86 -999.99   -9.86    0.00000     0.00  LINEAR    1.06567E+01    80.26    9.07899E-10    86.08
   80.00   262.00      -9.54 -999.99   -9.54    0.00000    -0.00  LINEAR    1.10535E+01    80.49    9.29561E-10  -113.41
   80.00   263.00      -9.24 -999.99   -9.24    0.00000     0.00  LINEAR    1.14502E+01    80.75    9.50939E-10    59.29
   80.00   264.00      -8.94 -999.99   -8.94    0.00000    -0.00  LINEAR    1.18465E+01    81.04    9.72027E-10  -115.98
   80.00   265.00      -8.66 -999.99   -8.66    0.00000     0.00  LINEAR    1.22422E+01    81.37    9.92818E-10    80.63
   80.00   266.00      -8.38 -999.99   -8.38    0.00000    -0.00  LINEAR    1.26369E+01    81.73    1.01331E-09   -71.07
   80.00   267.00      -8.11 -999.99   -8.11    0.00000     0.00  LINEAR    1.30304E+01    82.11    1.03348E-09   148.76
   80.00   268.00      -7.86 -999.99   -7.86    0.00000     0.00  LINEAR    1.34226E+01    82.51    1.05335E-09    19.94
   80.00   269.00      -7.61 -999.99   -7.61    0.00000    -0.00  LINEAR    1.38130E+01    82.94    1.07289E-09   -97.71
   80.00   270.00      -7.37 -999.99   -7.37    0.00000     0.00  LINEAR    1.42015E+01    83.38    1.09210E-09   155.63
   80.00   271.00      -7.13 -999.99   -7.13    0.00000     0.00  LINEAR    1.45879E+01    83.85    1.11099E-09    59.76
   80.00   272.00      -6.91 -999.99   -6.91    0.00000    -0.00  LINEAR    1.49719E+01    84.32    1.12953E-09   -25.49
   80.00   273.00      -6.69 -999.99   -6.69    0.00000    -0.00  LINEAR    1.53533E+01    84.82    1.14772E-09  -100.33
   80.00   274.00      -6.48 -999.99   -6.48    0.00000    -0.00  LINEAR    1.57319E+01    85.32    1.16557E-09  -164.95
   80.00   275.00      -6.27 -999.99   -6.27    0.00000     0.00  LINEAR    1.61075E+01    85.84    1.18306E-09   140.45
   80.00   276.00      -6.07 -999.99   -6.07    0.00000     0.00  LINEAR    1.64800E+01    86.37    1.20019E-09    95.66
   80.00   277.00      -5.88 -999.99   -5.88    0.00000     0.00  LINEAR    1.68491E+01    86.91    1.21696E-09    60.49
   80.00   278.00      -5.70 -999.99   -5.70    0.00000     0.00  LINEAR    1.72146E+01    87.45    1.23335E-09    34.72
   80.00   279.00      -5.51 -999.99   -5.51    0.00000     0.00  LINEAR    1.75764E+01    88.01    1.24937E-09    18.14
   80.00   280.00      -5.34 -999.99   -5.34    0.00000     0.00  LINEAR    1.79344E+01    88.57    1.26500E-09    10.54
   80.00   281.00      -5.17 -999.99   -5.17    0.00000     0.00  LINEAR    1.82882E+01    89.14    1.28025E-09    11.70
   80.00   282.00      -5.01 -999.99   -5.01    0.00000     0.00  LINEAR    1.86379E+01    89.71    1.29511E-09    21.39
   80.00   283.00      -4.85 -999.99   -4.85    0.00000     0.00  LINEAR    1.89832E+01    90.29    1.30957E-09    39.41
   80.00   284.00      -4.69 -999.99   -4.69    0.00000     0.00  LINEAR    1.93240E+01    90.87    1.32364E-09    65.52
   80.00   285.00      -4.54 -999.99   -4.54    0.00000     0.00  LINEAR    1.96602E+01    91.45    1.33730E-09    99.49
   80.00   286.00      -4.40 -999.99   -4.40    0.00000     0.00  LINEAR    1.99917E+01    92.04    1.35055E-09   141.11
   80.00   287.00      -4.26 -999.99   -4.26    0.00000    -0.00  LINEAR    2.03182E+01    92.63    1.36339E-09  -169.88
   80.00   288.00      -4.12 -999.99   -4.12    0.00000    -0.00  LINEAR    2.06399E+01    93.22    1.37581E-09  -113.69
   80.00   289.00      -3.99 -999.99   -3.99    0.00000    -0.00  LINEAR    2.09564E+01    93.81    1.38782E-09   -50.57
   80.00   290.00      -3.86 -999.99   -3.86    0.00000     0.00  LINEAR    2.12677E+01    94.40    1.39940E-09    19.24
   80.00   291.00      -3.73 -999.99   -3.73    0.00000     0.00  LINEAR    2.15738E+01    95.00    1.41056E-09    95.51
   80.00   292.00      -3.61 -999.99   -3.61    0.00000     0.00  LINEAR    2.18745E+01    95.59    1.42128E-09   177.99
   80.00   293.00      -3.50 -999.99   -3.50    0.00000    -0.00  LINEAR    2.21699E+01    96.18    1.43157E-09   -93.56
   80.00   294.00      -3.39 -999.99   -3.39    0.00000    -0.00  LINEAR    2.24597E+01    96.77    1.44143E-09     0.60
   80.00   295.00      -3.28 -999.99   -3.28    0.00000     0.00  LINEAR    2.27439E+01    97.36    1.45084E-09   100.25
   80.00   296.00      -3.17 -999.99   -3.17    0.00000    -0.00  LINEAR    2.30226E+01    97.95    1.45982E-09  -154.89
   80.00   297.00      -3.07 -999.99   -3.07    0.00000    -0.00  LINEAR    2.32956E+01    98.53    1.46834E-09   -45.05
   80.00   298.00      -2.97 -999.99   -2.97    0.00000     0.00  LINEAR    2.35629E+01    99.11    1.47642E-09    69.51
   80.00   299.00      -2.87 -999.99   -2.87    0.00000     0.00  LINEAR    2.38245E+01    99.69    1.48405E-09  -171.47
   80.00   300.00      -2.78 -999.99   -2.78    0.00000    -0.00  LINEAR    2.40803E+01   100.27    1.49123E-09   -48.24
   80.00   301.00      -2.69 -999.99   -2.69    0.00000     0.00  LINEAR    2.43304E+01   100.84    1.49796E-09    78.95
   80.00   302.00      -2.60 -999.99   -2.60    0.00000    -0.00  LINEAR    2.45747E+01   101.41    1.50422E-09  -150.17
   80.00   303.00      -2.52 -999.99   -2.52    0.00000    -0.00  LINEAR    2.48132E+01   101.97    1.51003E-09   -15.86
   80.00   304.00      -2.44 -999.99   -2.44    0.00000     0.00  LINEAR    2.50459E+01   102.53    1.51538E-09   121.63
   80.00   305.00      -2.36 -999.99   -2.36    0.00000    -0.00  LINEAR    2.52728E+01   103.08    1.52026E-09   -97.96
   80.00   306.00      -2.28 -999.99   -2.28    0.00000     0.00  LINEAR    2.54939E+01   103.63    1.52469E-09    45.09
   80.00   307.00      -2.21 -999.99   -2.21    0.00000     0.00  LINEAR    2.57093E+01   104.17    1.52864E-09  -169.46
   80.00   308.00      -2.14 -999.99   -2.14    0.00000    -0.00  LINEAR    2.59189E+01   104.71    1.53214E-09   -21.89
   80.00   309.00      -2.07 -999.99   -2.07    0.00000     0.00  LINEAR    2.61229E+01   105.24    1.53516E-09   127.54
   80.00   310.00      -2.01 -999.99   -2.01    0.00000    -0.00  LINEAR    2.63211E+01   105.77    1.53772E-09   -81.43
   80.00   311.00      -1.94 -999.99   -1.94    0.00000     0.00  LINEAR    2.65138E+01   106.28    1.53981E-09    70.93
   80.00   312.00      -1.88 -999.99   -1.88    0.00000    -0.00  LINEAR    2.67008E+01   106.80    1.54143E-09  -135.64
   80.00   313.00      -1.82 -999.99   -1.82    0.00000     0.00  LINEAR    2.68823E+01   107.30    1.54258E-09    18.58
   80.00   314.00      -1.77 -999.99   -1.77    0.00000     0.00  LINEAR    2.70583E+01   107.80    1.54326E-09   173.34
   80.00   315.00      -1.71 -999.99   -1.71    0.00000    -0.00  LINEAR    2.72288E+01   108.29    1.54347E-09   -31.64
   80.00   316.00      -1.66 -999.99   -1.66    0.00000     0.00  LINEAR    2.73940E+01   108.77    1.54321E-09   123.39
   80.00   317.00      -1.61 -999.99   -1.61    0.00000    -0.00  LINEAR    2.75539E+01   109.24    1.54248E-09   -81.86
   80.00   318.00      -1.56 -999.99   -1.56    0.00000     0.00  LINEAR    2.77085E+01   109.71    1.54128E-09    72.37
   80.00   319.00      -1.51 -999.99   -1.51    0.00000    -0.00  LINEAR    2.78579E+01   110.16    1.53961E-09  -134.21
   80.00   320.00      -1.47 -999.99   -1.47    0.00000    -0.00  LINEAR    2.80022E+01   110.61    1.53747E-09    18.15
   80.00   321.00      -1.43 -999.99   -1.43    0.00000     0.00  LINEAR    2.81415E+01   111.05    1.53486E-09   169.18
   80.00   322.00      -1.38 -999.99   -1.38    0.00000    -0.00  LINEAR    2.82758E+01   111.48    1.53179E-09   -41.39
   80.00   323.00      -1.35 -999.99   -1.35    0.00000     0.00  LINEAR    2.84053E+01   111.91    1.52825E-09   106.19
   80.00   324.00      -1.31 -999.99   -1.31    0.00000    -0.00  LINEAR    2.85300E+01   112.32    1.52424E-09  -108.37
   80.00   325.00      -1.27 -999.99   -1.27    0.00000     0.00  LINEAR    2.86499E+01   112.72    1.51977E-09    34.69
   80.00   326.00      -1.24 -999.99   -1.24    0.00000     0.00  LINEAR    2.87652E+01   113.12    1.51484E-09   175.09
   80.00   327.00      -1.20 -999.99   -1.20    0.00000    -0.00  LINEAR    2.88760E+01   113.50    1.50945E-09   -47.42
   80.00   328.00      -1.17 -999.99   -1.17    0.00000     0.00  LINEAR    2.89823E+01   113.87    1.50359E-09    86.90
   80.00   329.00      -1.14 -999.99   -1.14    0.00000    -0.00  LINEAR    2.90842E+01   114.24    1.49728E-09  -142.22
   80.00   330.00      -1.11 -999.99   -1.11    0.00000    -0.00  LINEAR    2.91818E+01   114.59    1.49052E-09   -15.04
   80.00   331.00      -1.08 -999.99   -1.08    0.00000     0.00  LINEAR    2.92753E+01   114.94    1.48330E-09   108.19
   80.00   332.00      -1.06 -999.99   -1.06    0.00000    -0.00  LINEAR    2.93646E+01   115.27    1.47562E-09  -132.78
   80.00   333.00      -1.03 -999.99   -1.03    0.00000    -0.00  LINEAR    2.94499E+01   115.59    1.46750E-09   -18.23
   80.00   334.00      -1.01 -999.99   -1.01    0.00000     0.00  LINEAR    2.95312E+01   115.90    1.45893E-09    91.61
   80.00   335.00      -0.98 -999.99   -0.98    0.00000     0.00  LINEAR    2.96087E+01   116.20    1.44992E-09  -163.52
   80.00   336.00      -0.96 -999.99   -0.96    0.00000    -0.00  LINEAR    2.96823E+01   116.49    1.44047E-09   -63.88
   80.00   337.00      -0.94 -999.99   -0.94    0.00000     0.00  LINEAR    2.97523E+01   116.77    1.43058E-09    30.29
   80.00   338.00      -0.92 -999.99   -0.92    0.00000     0.00  LINEAR    2.98187E+01   117.04    1.42025E-09   118.74
   80.00   339.00      -0.91 -999.99   -0.91    0.00000     0.00  LINEAR    2.98815E+01   117.30    1.40949E-09  -158.78
   80.00   340.00      -0.89 -999.99   -0.89    0.00000    -0.00  LINEAR    2.99408E+01   117.54    1.39830E-09   -82.52
   80.00   341.00      -0.87 -999.99   -0.87    0.00000    -0.00  LINEAR    2.99968E+01   117.78    1.38669E-09   -12.70
   80.00   342.00      -0.86 -999.99   -0.86    0.00000     0.00  LINEAR    3.00494E+01   118.00    1.37466E-09    50.42
   80.00   343.00      -0.84 -999.99   -0.84    0.00000     0.00  LINEAR    3.00987E+01   118.21    1.36220E-09   106.60
   80.00   344.00      -0.83 -999.99   -0.83    0.00000     0.00  LINEAR    3.01449E+01   118.41    1.34934E-09   155.62
   80.00   345.00      -0.82 -999.99   -0.82    0.00000     0.00  LINEAR    3.01880E+01   118.60    1.33606E-09  -162.77
   80.00   346.00      -0.80 -999.99   -0.80    0.00000    -0.00  LINEAR    3.02279E+01   118.78    1.32237E-09  -128.80
   80.00   347.00      -0.79 -999.99   -0.79    0.00000    -0.00  LINEAR    3.02649E+01   118.94    1.30829E-09  -102.69
   80.00   348.00      -0.78 -999.99   -0.78    0.00000    -0.00  LINEAR    3.02989E+01   119.09    1.29380E-09   -84.67
   80.00   349.00      -0.78 -999.99   -0.78    0.00000    -0.00  LINEAR    3.03300E+01   119.23    1.27892E-09   -74.97
   80.00   350.00      -0.77 -999.99   -0.77    0.00000    -0.00  LINEAR    3.03582E+01   119.36    1.26366E-09   -73.81
   80.00   351.00      -0.76 -999.99   -0.76    0.00000    -0.00  LINEAR    3.03836E+01   119.48    1.24800E-09   -81.42
   80.00   352.00      -0.75 -999.99   -0.75    0.00000    -0.00  LINEAR    3.04063E+01   119.58    1.23197E-09   -98.00
   80.00   353.00      -0.75 -999.99   -0.75    0.00000    -0.00  LINEAR    3.04261E+01   119.67    1.21557E-09  -123.77
   80.00   354.00      -0.74 -999.99   -0.74    0.00000     0.00  LINEAR    3.04433E+01   119.75    1.19879E-09  -158.94
   80.00   355.00      -0.74 -999.99   -0.74    0.00000     0.00  LINEAR    3.04578E+01   119.82    1.18165E-09   156.28
   80.00   356.00      -0.74 -999.99   -0.74    0.00000     0.00  LINEAR    3.04696E+01   119.88    1.16415E-09   101.68
   80.00   357.00      -0.73 -999.99   -0.73    0.00000     0.00  LINEAR    3.04788E+01   119.92    1.14630E-09    37.06
   80.00   358.00      -0.73 -999.99   -0.73    0.00000    -0.00  LINEAR    3.04853E+01   119.95    1.12810E-09   -37.78
   80.00   359.00      -0.73 -999.99   -0.73    0.00000    -0.00  LINEAR    3.04892E+01   119.97    1.10955E-09  -123.04
   80.00   360.00      -0.73 -999.99   -0.73    0.00000     0.00  LINEAR    3.04906E+01   119.97    1.09067E-09   141.09






 ***** INPUT LINE 13  EN   0    0    0    0  0.00000E+00  0.00000E+00  0.00000E+00  0.00000E+00  0.00000E+00  0.00000E+00

 RUN TIME =     0.016
