1
 x13



                                ***********************************************
                                *                                             *
                                *  NUMERICAL ELECTROMAGNETICS CODE (NEC-5)    *
                                *                                             *
                                ***********************************************




                      **********************************************************

                          Dipole in free space                                                         
                                                                                                       
                          EZNEC Pro/2+ v. 7.0.4  2026-08-25 16:07:03                                   
                                                                                                       
                          ! Written by EZNEC/Pro+ v. 7.0 in NEC-5 format.                              
                                                                                                       

                      **********************************************************





                                 - - - STRUCTURE SPECIFICATION - - -

                                     COORDINATES MUST BE INPUT IN
                                     METERS OR BE SCALED TO METERS
                                     BEFORE STRUCTURE INPUT IS ENDED

 Model definition commands:

 GW    1    11  0.00000E+00 -2.50000E-01  0.00000E+00  0.00000E+00  2.50000E-01  0.00000E+00  5.00000E-04
 GE    0   -1

 Number of nodes :    12
 Number of wire elements :    11
 Number of patch elements:     0
 Number unknowns:    10




 ***** INPUT LINE  1  FR   0    1    0    0  3.21000E+02  0.00000E+00  0.00000E+00  0.00000E+00  0.00000E+00  0.00000E+00
 ***** INPUT LINE  2  GN  -1    0    0    0  0.00000E+00  0.00000E+00  0.00000E+00  0.00000E+00  0.00000E+00  0.00000E+00
 ***** INPUT LINE  3  EX   4    1    6    0  1.41421E+00  0.00000E+00  0.00000E+00  0.00000E+00  0.00000E+00  0.00000E+00
 ***** INPUT LINE  4  PQ   0    0    0    0  0.00000E+00  0.00000E+00  0.00000E+00  0.00000E+00  0.00000E+00  0.00000E+00
 ***** INPUT LINE  5  XQ   0    0    0    0  0.00000E+00  0.00000E+00  0.00000E+00  0.00000E+00  0.00000E+00  0.00000E+00




                                 - - - - - - FREQUENCY - - - - - -

                                    FREQUENCY= 3.2100E+02 MHZ
                                    WAVELENGTH= 9.3396E-01 METERS



                                  - - - ANTENNA ENVIRONMENT - - -

                                            FREE SPACE



                               - - - STRUCTURE IMPEDANCE LOADING - - -

                                   THIS STRUCTURE IS NOT LOADED
ALLOCATE CM:            100



                                - - - MATRIX TIMING - - -

                        FILL=    0.000 SEC.,  FACTOR=    0.000 SEC.



                                          - - - ANTENNA INPUT PARAMETERS - - -

   TAG   SEG.    VOLTAGE (VOLTS)         CURRENT (AMPS)         IMPEDANCE (OHMS)        ADMITTANCE (MHOS)      POWER
   NO.   NO.    REAL        IMAG.       REAL        IMAG.       REAL        IMAG.       REAL        IMAG.     (WATTS)
   1     6 1  1.4315E+02  1.5035E+02  1.4142E+00  0.0000E+00  1.0122E+02  1.0632E+02  4.6973E-03 -4.9337E-03  1.0122E+02



                                       - - - Wire Currents - - -

                             Lengths normalized by wavelength (or 2.*pi/CABS(k))

  Elem.  Tag            Coord. of seg. center          Seg.            - - - Current (Amps) - - -
   No.   No.     X            Y            Z           Length       Real         Imag.        Mag.         Phase
      1    1  0.00000E+00 -2.43344E-01  0.00000E+00  4.86688E-02  2.56064E-01 -3.89370E-02  2.59008E-01   -8.6461
      2    1  0.00000E+00 -1.94675E-01  0.00000E+00  4.86688E-02  7.18823E-01 -1.01427E-01  7.25944E-01   -8.0315
      3    1  0.00000E+00 -1.46006E-01  0.00000E+00  4.86688E-02  1.08377E+00 -1.33991E-01  1.09203E+00   -7.0479
      4    1  0.00000E+00 -9.73376E-02  0.00000E+00  4.86688E-02  1.34118E+00 -1.36557E-01  1.34811E+00   -5.8137
      5    1  0.00000E+00 -4.86688E-02  0.00000E+00  4.86688E-02  1.47188E+00 -1.07639E-01  1.47581E+00   -4.1826
      6    1  0.00000E+00  3.71478E-17  0.00000E+00  4.86688E-02  1.45882E+00 -4.25839E-02  1.45944E+00   -1.6720
      7    1  0.00000E+00  4.86688E-02  0.00000E+00  4.86688E-02  1.39236E+00 -3.15002E-02  1.39271E+00   -1.2960
      8    1  0.00000E+00  9.73376E-02  0.00000E+00  4.86688E-02  1.27780E+00 -7.54545E-02  1.28003E+00   -3.3794
      9    1  0.00000E+00  1.46006E-01  0.00000E+00  4.86688E-02  1.03467E+00 -8.63287E-02  1.03826E+00   -4.7695
     10    1  0.00000E+00  1.94675E-01  0.00000E+00  4.86688E-02  6.86932E-01 -7.02734E-02  6.90517E-01   -5.8411
     11    1  0.00000E+00  2.43344E-01  0.00000E+00  4.86688E-02  2.44817E-01 -2.78990E-02  2.46401E-01   -6.5013



                             - - - Wire Charge Densities - - -

                     Lengths normalized by wavelength (or 2.*pi/CABS(k))

  ELEM.  TAG          Coord. of Seg. Center           Seg.        Charge Density (C/m)
   No.   No.     X            Y            Z          Length        Mag.         Phase
      1    1  0.00000E+00 -2.43344E-01  0.00000E+00  4.86688E-02  5.65042E-09   81.3539
      2    1  0.00000E+00 -1.94675E-01  0.00000E+00  4.86688E-02  4.53835E-09   83.4991
      3    1  0.00000E+00 -1.46006E-01  0.00000E+00  4.86688E-02  3.45807E-09   86.7410
      4    1  0.00000E+00 -9.73376E-02  0.00000E+00  4.86688E-02  2.16748E-09   93.7198
      5    1  0.00000E+00 -4.86688E-02  0.00000E+00  4.86688E-02  8.45082E-10  125.4577
      6    1  0.00000E+00  3.71478E-17  0.00000E+00  4.86688E-02  1.34537E-09 -133.6705
      7    1  0.00000E+00  4.86688E-02  0.00000E+00  4.86688E-02  8.36435E-10  -34.7570
      8    1  0.00000E+00  9.73376E-02  0.00000E+00  4.86688E-02  2.04044E-09  -82.3481
      9    1  0.00000E+00  1.46006E-01  0.00000E+00  4.86688E-02  3.28202E-09  -90.6017
     10    1  0.00000E+00  1.94675E-01  0.00000E+00  4.86688E-02  4.31576E-09  -94.1961
     11    1  0.00000E+00  2.43344E-01  0.00000E+00  4.86688E-02  5.37540E-09  -96.5013



                                        - - - POWER BUDGET - - -

                                           INPUT POWER   = 1.0122E+02 WATTS
                                           RADIATED POWER= 1.0122E+02 WATTS
                                           WIRE LOSS     = 0.0000E+00 WATTS
                                           EFFICIENCY    = 100.00 PERCENT




 ***** INPUT LINE  6  EN   0    0    0    0  0.00000E+00  0.00000E+00  0.00000E+00  0.00000E+00  0.00000E+00  0.00000E+00

 RUN TIME =     0.000
