1
 x13



                                ***********************************************
                                *                                             *
                                *  NUMERICAL ELECTROMAGNETICS CODE (NEC-5)    *
                                *                                             *
                                ***********************************************




                      **********************************************************

                          Dipole in free space                                                         
                                                                                                       
                          EZNEC Pro/2+ v. 7.0.4  2026-08-25 16:07:08                                   
                                                                                                       
                          ! Written by EZNEC/Pro+ v. 7.0 in NEC-5 format.                              
                                                                                                       

                      **********************************************************





                                 - - - STRUCTURE SPECIFICATION - - -

                                     COORDINATES MUST BE INPUT IN
                                     METERS OR BE SCALED TO METERS
                                     BEFORE STRUCTURE INPUT IS ENDED

 Model definition commands:

 GW    1    11  0.00000E+00 -2.50000E-01  0.00000E+00  0.00000E+00  2.50000E-01  0.00000E+00  5.00000E-04
 GE    0   -1

 Number of nodes :    12
 Number of wire elements :    11
 Number of patch elements:     0
 Number unknowns:    10




 ***** INPUT LINE  1  FR   0    1    0    0  3.40000E+02  0.00000E+00  0.00000E+00  0.00000E+00  0.00000E+00  0.00000E+00
 ***** INPUT LINE  2  GN  -1    0    0    0  0.00000E+00  0.00000E+00  0.00000E+00  0.00000E+00  0.00000E+00  0.00000E+00
 ***** INPUT LINE  3  EX   4    1    6    0  1.41421E+00  0.00000E+00  0.00000E+00  0.00000E+00  0.00000E+00  0.00000E+00
 ***** INPUT LINE  4  PQ   0    0    0    0  0.00000E+00  0.00000E+00  0.00000E+00  0.00000E+00  0.00000E+00  0.00000E+00
 ***** INPUT LINE  5  XQ   0    0    0    0  0.00000E+00  0.00000E+00  0.00000E+00  0.00000E+00  0.00000E+00  0.00000E+00




                                 - - - - - - FREQUENCY - - - - - -

                                    FREQUENCY= 3.4000E+02 MHZ
                                    WAVELENGTH= 8.8176E-01 METERS



                                  - - - ANTENNA ENVIRONMENT - - -

                                            FREE SPACE



                               - - - STRUCTURE IMPEDANCE LOADING - - -

                                   THIS STRUCTURE IS NOT LOADED
ALLOCATE CM:            100



                                - - - MATRIX TIMING - - -

                        FILL=    0.000 SEC.,  FACTOR=    0.000 SEC.



                                          - - - ANTENNA INPUT PARAMETERS - - -

   TAG   SEG.    VOLTAGE (VOLTS)         CURRENT (AMPS)         IMPEDANCE (OHMS)        ADMITTANCE (MHOS)      POWER
   NO.   NO.    REAL        IMAG.       REAL        IMAG.       REAL        IMAG.       REAL        IMAG.     (WATTS)
   1     6 1  1.7757E+02  2.5019E+02  1.4142E+00  0.0000E+00  1.2556E+02  1.7691E+02  2.6679E-03 -3.7590E-03  1.2556E+02



                                       - - - Wire Currents - - -

                             Lengths normalized by wavelength (or 2.*pi/CABS(k))

  Elem.  Tag            Coord. of seg. center          Seg.            - - - Current (Amps) - - -
   No.   No.     X            Y            Z           Length       Real         Imag.        Mag.         Phase
      1    1  0.00000E+00 -2.57748E-01  0.00000E+00  5.15495E-02  2.83118E-01 -5.17607E-02  2.87811E-01  -10.3606
      2    1  0.00000E+00 -2.06198E-01  0.00000E+00  5.15495E-02  7.92231E-01 -1.35152E-01  8.03677E-01   -9.6812
      3    1  0.00000E+00 -1.54649E-01  0.00000E+00  5.15495E-02  1.18578E+00 -1.78948E-01  1.19920E+00   -8.5819
      4    1  0.00000E+00 -1.03099E-01  0.00000E+00  5.15495E-02  1.44917E+00 -1.82431E-01  1.46061E+00   -7.1750
      5    1  0.00000E+00 -5.15495E-02  0.00000E+00  5.15495E-02  1.55916E+00 -1.43558E-01  1.56575E+00   -5.2606
      6    1  0.00000E+00  3.93466E-17  0.00000E+00  5.15495E-02  1.49376E+00 -5.66838E-02  1.49483E+00   -2.1732
      7    1  0.00000E+00  5.15495E-02  0.00000E+00  5.15495E-02  1.41575E+00 -4.09051E-02  1.41634E+00   -1.6550
      8    1  0.00000E+00  1.03099E-01  0.00000E+00  5.15495E-02  1.33229E+00 -9.79334E-02  1.33589E+00   -4.2041
      9    1  0.00000E+00  1.54649E-01  0.00000E+00  5.15495E-02  1.09384E+00 -1.11869E-01  1.09955E+00   -5.8394
     10    1  0.00000E+00  2.06198E-01  0.00000E+00  5.15495E-02  7.31955E-01 -9.07832E-02  7.37563E-01   -7.0702
     11    1  0.00000E+00  2.57748E-01  0.00000E+00  5.15495E-02  2.61759E-01 -3.59421E-02  2.64215E-01   -7.8184



                             - - - Wire Charge Densities - - -

                     Lengths normalized by wavelength (or 2.*pi/CABS(k))

  ELEM.  TAG          Coord. of Seg. Center           Seg.        Charge Density (C/m)
   No.   No.     X            Y            Z          Length        Mag.         Phase
      1    1  0.00000E+00 -2.57748E-01  0.00000E+00  5.15495E-02  5.92791E-09   79.6394
      2    1  0.00000E+00 -2.06198E-01  0.00000E+00  5.15495E-02  4.70007E-09   82.0326
      3    1  0.00000E+00 -1.54649E-01  0.00000E+00  5.15495E-02  3.46006E-09   85.8468
      4    1  0.00000E+00 -1.03099E-01  0.00000E+00  5.15495E-02  1.98219E-09   95.1768
      5    1  0.00000E+00 -5.15495E-02  0.00000E+00  5.15495E-02  6.86617E-10  154.9065
      6    1  0.00000E+00  3.93466E-17  0.00000E+00  5.15495E-02  2.01171E-09 -125.4749
      7    1  0.00000E+00  5.15495E-02  0.00000E+00  5.15495E-02  8.43097E-10    2.1522
      8    1  0.00000E+00  1.03099E-01  0.00000E+00  5.15495E-02  1.78186E-09  -79.2590
      9    1  0.00000E+00  1.54649E-01  0.00000E+00  5.15495E-02  3.16089E-09  -90.8166
     10    1  0.00000E+00  2.06198E-01  0.00000E+00  5.15495E-02  4.31069E-09  -95.1809
     11    1  0.00000E+00  2.57748E-01  0.00000E+00  5.15495E-02  5.44190E-09  -97.8184



                                        - - - POWER BUDGET - - -

                                           INPUT POWER   = 1.2556E+02 WATTS
                                           RADIATED POWER= 1.2556E+02 WATTS
                                           WIRE LOSS     = 0.0000E+00 WATTS
                                           EFFICIENCY    = 100.00 PERCENT




 ***** INPUT LINE  6  EN   0    0    0    0  0.00000E+00  0.00000E+00  0.00000E+00  0.00000E+00  0.00000E+00  0.00000E+00

 RUN TIME =     0.000
