1
 x13



                                ***********************************************
                                *                                             *
                                *  NUMERICAL ELECTROMAGNETICS CODE (NEC-5)    *
                                *                                             *
                                ***********************************************




                      **********************************************************

                          Cardioid - L Network Feed                                                    
                                                                                                       
                          EZNEC Pro/2+ v. 7.0.4  2026-08-20 21:10:54                                   
                                                                                                       
                          ! Written by EZNEC/Pro+ v. 7.0 in NEC-5 format.                              
                                                                                                       
                          ! *Wire #3 for virtual segments.                                             
                                                                                                       

                      **********************************************************





                                 - - - STRUCTURE SPECIFICATION - - -

                                     COORDINATES MUST BE INPUT IN
                                     METERS OR BE SCALED TO METERS
                                     BEFORE STRUCTURE INPUT IS ENDED

 Model definition commands:

 GW    1    30  0.00000E+00  0.00000E+00  0.00000E+00  0.00000E+00  0.00000E+00  1.00584E+01  1.27000E-02
 GW    2    30  1.04823E+01  0.00000E+00  0.00000E+00  1.04823E+01  0.00000E+00  1.00584E+01  1.27000E-02
 GW    3     3  4.19290E+03  4.19290E+03  4.23483E+03  4.19303E+03  4.19303E+03  4.23496E+03  4.19290E-03
 GE    1   -1

   GROUND PLANE SPECIFIED.

   WHERE WIRE ENDS TOUCH GROUND, CURRENT WILL BE INTERPOLATED TO IMAGE IN GROUND PLANE.


 Number of nodes :    66
 Number of wire elements :    63
 Number of patch elements:     0
 Number unknowns:    62




 ***** INPUT LINE  1  LD   4    1   -1    0  1.80000E+01  0.00000E+00  0.00000E+00  0.00000E+00  0.00000E+00  0.00000E+00
 ***** INPUT LINE  2  LD   4    2   -1    0  1.80000E+01  0.00000E+00  0.00000E+00  0.00000E+00  0.00000E+00  0.00000E+00
 ***** INPUT LINE  3  LD   4    3    1    0  1.00000E+10  0.00000E+00  0.00000E+00  0.00000E+00  0.00000E+00  0.00000E+00
 ***** INPUT LINE  4  LD   4    3    2    0  1.00000E+10  0.00000E+00  0.00000E+00  0.00000E+00  0.00000E+00  0.00000E+00
 ***** INPUT LINE  5  FR   0    1    0    0  7.15000E+00  0.00000E+00  0.00000E+00  0.00000E+00  0.00000E+00  0.00000E+00
 ***** INPUT LINE  6  GD   0    0    0    0  1.30000E+01  5.00000E-03  1.00000E+00  0.00000E+00  0.00000E+00  0.00000E+00
 ***** INPUT LINE  7  EX   4    2   -1    0  0.00000E+00 -1.41421E+00  0.00000E+00  0.00000E+00  0.00000E+00  0.00000E+00
 ***** INPUT LINE  8  TL   3    1    1   -1  7.50000E+01  1.04824E+01  0.00000E+00  0.00000E+00  0.00000E+00  0.00000E+00
 ***** INPUT LINE  9  TL   3    2    2   -1  7.50000E+01  1.04824E+01  0.00000E+00  0.00000E+00  0.00000E+00  0.00000E+00
 ***** INPUT LINE 10  NT   3    1    3    2  1.50410E-07 -1.22600E-02 -1.50400E-07  1.22640E-02  2.30900E-07 -3.29300E-03
 ***** INPUT LINE 11  PQ   0    0    0    0  0.00000E+00  0.00000E+00  0.00000E+00  0.00000E+00  0.00000E+00  0.00000E+00
 ***** INPUT LINE 12  XQ   0    0    0    0  0.00000E+00  0.00000E+00  0.00000E+00  0.00000E+00  0.00000E+00  0.00000E+00




                                 - - - - - - FREQUENCY - - - - - -

                                    FREQUENCY= 7.1500E+00 MHZ
                                    WAVELENGTH= 4.1930E+01 METERS



                                  - - - ANTENNA ENVIRONMENT - - -


 GMPINO: EPSC from file = 2.00000E+01-3.89052E+01
              should be  1.30000E+01-1.25706E+01
 Will compute Sommerfeld-ground tables
                                        FINITE GROUND.  SOMMERFELD SOLUTION
                                        RELATIVE DIELECTRIC CONST.= 13.000
                                        CONDUCTIVITY= 5.000E-03 MHOS/METER
                                        COMPLEX DIELECTRIC CONSTANT= 1.30000E+01-1.25706E+01



                               - - - STRUCTURE IMPEDANCE LOADING - - -


       LOCATION          RESISTANCE   INDUCTANCE  CAPACITANCE       IMPEDANCE (OHMS)     CONDUCTIVITY    TYPE
    ITAG FROM THRU          OHMS        HENRYS       FARADS        REAL      IMAGINARY    MHOS/METER

       1    1    1                                             1.8000E+01                             FIXED IMPEDANCE 
       2    1    1                                             1.8000E+01                             FIXED IMPEDANCE 
       3    1    1                                             1.0000E+10                             FIXED IMPEDANCE 
       3    2    2                                             1.0000E+10                             FIXED IMPEDANCE 
ALLOCATE CM:           3844



                                - - - MATRIX TIMING - - -

                        FILL=    0.000 SEC.,  FACTOR=    0.000 SEC.



                                            - - - NETWORK DATA - - -

      - FROM -    - TO -           TRANSMISSION LINE               -  -  SHUNT ADMITTANCES (MHOS)  -  -              LINE
      TAG  SEG.   TAG  SEG.      IMPEDANCE      LENGTH            - END ONE -                 - END TWO -            TYPE
      NO.   NO.   NO.   NO.         OHMS        METERS         REAL          IMAG.         REAL          IMAG.
        3    61     1    -1     7.5000E+01    1.0482E+01    0.0000E+00    0.0000E+00    0.0000E+00    0.0000E+00   STRAIGHT
        3    62     2   -31     7.5000E+01    1.0482E+01    0.0000E+00    0.0000E+00    0.0000E+00    0.0000E+00   STRAIGHT

      - FROM -    - TO -                          -  -  ADMITTANCE MATRIX ELEMENTS (MHOS)  -  -
      TAG   SEG.   TAG  SEG.             (ONE,ONE)                   (ONE,TWO)                   (TWO,TWO)
      NO.   NO.   NO.   NO.        REAL          IMAG.         REAL          IMAG.         REAL          IMAG.
        3    61     3    62     1.5041E-07   -1.2260E-02   -1.5040E-07    1.2264E-02    2.3090E-07   -3.2930E-03



                           - - - STRUCTURE EXCITATION DATA AT NETWORK CONNECTION POINTS - - -

   TAG   SEG.    VOLTAGE (VOLTS)         CURRENT (AMPS)         IMPEDANCE (OHMS)        ADMITTANCE (MHOS)      POWER
   NO.   NO.    REAL        IMAG.       REAL        IMAG.       REAL        IMAG.       REAL        IMAG.     (WATTS)
   3    61 1 -4.4361E+01  3.1678E+01 -4.4361E-09  3.1678E-09  1.0000E+10 -1.3511E+04  1.0000E-10  1.3511E-16  1.4857E-07
   1     1 2  1.7802E+01  1.7219E+01  4.2236E-01  5.9149E-01  3.3514E+01 -6.1652E+00  2.8862E-02  5.3094E-03  8.8519E+00
   3    62 1 -6.3702E+01  1.2948E+01 -6.3702E-09  1.2948E-09  1.0000E+10 -1.6921E+04  1.0000E-10  1.6921E-16  2.1128E-07
   2    31 2  2.5069E+01 -2.5940E+01  1.7265E-01 -5.6484E-01  5.4406E+01  2.7753E+01  1.4585E-02 -7.4400E-03  9.4900E+00



                                          - - - ANTENNA INPUT PARAMETERS - - -

   TAG   SEG.    VOLTAGE (VOLTS)         CURRENT (AMPS)         IMPEDANCE (OHMS)        ADMITTANCE (MHOS)      POWER
   NO.   NO.    REAL        IMAG.       REAL        IMAG.       REAL        IMAG.       REAL        IMAG.     (WATTS)
   2    31 2  2.5069E+01 -2.5940E+01  0.0000E+00 -1.4142E+00  1.8342E+01  1.7727E+01  2.8190E-02 -2.7244E-02  1.8342E+01



                                       - - - Wire Currents - - -

                             Lengths normalized by wavelength (or 2.*pi/CABS(k))

  Elem.  Tag            Coord. of seg. center          Seg.            - - - Current (Amps) - - -
   No.   No.     X            Y            Z           Length       Real         Imag.        Mag.         Phase
      1    1  0.00000E+00  0.00000E+00  3.99809E-03  7.99617E-03  4.22980E-01  5.89748E-01  7.25751E-01   54.3511
      2    1  0.00000E+00  0.00000E+00  1.19943E-02  7.99617E-03  4.23408E-01  5.85951E-01  7.22919E-01   54.1481
      3    1  0.00000E+00  0.00000E+00  1.99904E-02  7.99617E-03  4.22411E-01  5.81237E-01  7.18517E-01   53.9924
      4    1  0.00000E+00  0.00000E+00  2.79866E-02  7.99617E-03  4.20207E-01  5.75282E-01  7.12407E-01   53.8543
      5    1  0.00000E+00  0.00000E+00  3.59828E-02  7.99617E-03  4.16842E-01  5.68037E-01  7.04573E-01   53.7277
      6    1  0.00000E+00  0.00000E+00  4.39789E-02  7.99617E-03  4.12341E-01  5.59488E-01  6.95019E-01   53.6099
      7    1  0.00000E+00  0.00000E+00  5.19751E-02  7.99617E-03  4.06725E-01  5.49637E-01  6.83759E-01   53.4990
      8    1  0.00000E+00  0.00000E+00  5.99713E-02  7.99617E-03  4.00012E-01  5.38495E-01  6.70810E-01   53.3938
      9    1  0.00000E+00  0.00000E+00  6.79675E-02  7.99617E-03  3.92221E-01  5.26080E-01  6.56199E-01   53.2935
     10    1  0.00000E+00  0.00000E+00  7.59636E-02  7.99617E-03  3.83370E-01  5.12413E-01  6.39953E-01   53.1974
     11    1  0.00000E+00  0.00000E+00  8.39598E-02  7.99617E-03  3.73481E-01  4.97521E-01  6.22105E-01   53.1050
     12    1  0.00000E+00  0.00000E+00  9.19560E-02  7.99617E-03  3.62577E-01  4.81431E-01  6.02692E-01   53.0158
     13    1  0.00000E+00  0.00000E+00  9.99521E-02  7.99617E-03  3.50679E-01  4.64175E-01  5.81751E-01   52.9294
     14    1  0.00000E+00  0.00000E+00  1.07948E-01  7.99617E-03  3.37813E-01  4.45788E-01  5.59325E-01   52.8456
     15    1  0.00000E+00  0.00000E+00  1.15944E-01  7.99617E-03  3.24005E-01  4.26305E-01  5.35458E-01   52.7640
     16    1  0.00000E+00  0.00000E+00  1.23941E-01  7.99617E-03  3.09283E-01  4.05764E-01  5.10196E-01   52.6845
     17    1  0.00000E+00  0.00000E+00  1.31937E-01  7.99617E-03  2.93674E-01  3.84204E-01  4.83588E-01   52.6068
     18    1  0.00000E+00  0.00000E+00  1.39933E-01  7.99617E-03  2.77207E-01  3.61664E-01  4.55680E-01   52.5307
     19    1  0.00000E+00  0.00000E+00  1.47929E-01  7.99617E-03  2.59909E-01  3.38185E-01  4.26523E-01   52.4562
     20    1  0.00000E+00  0.00000E+00  1.55925E-01  7.99617E-03  2.41811E-01  3.13805E-01  3.96164E-01   52.3830
     21    1  0.00000E+00  0.00000E+00  1.63922E-01  7.99617E-03  2.22937E-01  2.88561E-01  3.64648E-01   52.3110
     22    1  0.00000E+00  0.00000E+00  1.71918E-01  7.99617E-03  2.03312E-01  2.62487E-01  3.32017E-01   52.2401
     23    1  0.00000E+00  0.00000E+00  1.79914E-01  7.99617E-03  1.82956E-01  2.35613E-01  2.98305E-01   52.1702
     24    1  0.00000E+00  0.00000E+00  1.87910E-01  7.99617E-03  1.61881E-01  2.07955E-01  2.63536E-01   52.1013
     25    1  0.00000E+00  0.00000E+00  1.95906E-01  7.99617E-03  1.40089E-01  1.79520E-01  2.27711E-01   52.0332
     26    1  0.00000E+00  0.00000E+00  2.03902E-01  7.99617E-03  1.17559E-01  1.50284E-01  1.90803E-01   51.9659
     27    1  0.00000E+00  0.00000E+00  2.11899E-01  7.99617E-03  9.42342E-02  1.20179E-01  1.52719E-01   51.8994
     28    1  0.00000E+00  0.00000E+00  2.19895E-01  7.99617E-03  6.99743E-02  8.90302E-02  1.13238E-01   51.8340
     29    1  0.00000E+00  0.00000E+00  2.27891E-01  7.99617E-03  4.44286E-02  5.63996E-02  7.17970E-02   51.7709
     30    1  0.00000E+00  0.00000E+00  2.35887E-01  7.99617E-03  1.56355E-02  1.98172E-02  2.52427E-02   51.7271
     31    2  2.49994E-01  0.00000E+00  3.99809E-03  7.99617E-03  1.70424E-01 -5.67434E-01  5.92474E-01  -73.2828
     32    2  2.49994E-01  0.00000E+00  1.19943E-02  7.99617E-03  1.66429E-01 -5.70972E-01  5.94734E-01  -73.7495
     33    2  2.49994E-01  0.00000E+00  1.99904E-02  7.99617E-03  1.62890E-01 -5.71855E-01  5.94602E-01  -74.1006
     34    2  2.49994E-01  0.00000E+00  2.79866E-02  7.99617E-03  1.59299E-01 -5.70800E-01  5.92612E-01  -74.4067
     35    2  2.49994E-01  0.00000E+00  3.59828E-02  7.99617E-03  1.55564E-01 -5.67948E-01  5.88867E-01  -74.6821
     36    2  2.49994E-01  0.00000E+00  4.39789E-02  7.99617E-03  1.51647E-01 -5.63367E-01  5.83421E-01  -74.9342
     37    2  2.49994E-01  0.00000E+00  5.19751E-02  7.99617E-03  1.47532E-01 -5.57104E-01  5.76308E-01  -75.1674
     38    2  2.49994E-01  0.00000E+00  5.99713E-02  7.99617E-03  1.43211E-01 -5.49195E-01  5.67560E-01  -75.3848
     39    2  2.49994E-01  0.00000E+00  6.79675E-02  7.99617E-03  1.38681E-01 -5.39673E-01  5.57207E-01  -75.5884
     40    2  2.49994E-01  0.00000E+00  7.59636E-02  7.99617E-03  1.33944E-01 -5.28570E-01  5.45277E-01  -75.7801
     41    2  2.49994E-01  0.00000E+00  8.39598E-02  7.99617E-03  1.29004E-01 -5.15917E-01  5.31801E-01  -75.9612
     42    2  2.49994E-01  0.00000E+00  9.19560E-02  7.99617E-03  1.23865E-01 -5.01749E-01  5.16812E-01  -76.1329
     43    2  2.49994E-01  0.00000E+00  9.99521E-02  7.99617E-03  1.18534E-01 -4.86100E-01  5.00344E-01  -76.2960
     44    2  2.49994E-01  0.00000E+00  1.07948E-01  7.99617E-03  1.13019E-01 -4.69008E-01  4.82433E-01  -76.4515
     45    2  2.49994E-01  0.00000E+00  1.15944E-01  7.99617E-03  1.07326E-01 -4.50511E-01  4.63118E-01  -76.6001
     46    2  2.49994E-01  0.00000E+00  1.23941E-01  7.99617E-03  1.01466E-01 -4.30648E-01  4.42439E-01  -76.7422
     47    2  2.49994E-01  0.00000E+00  1.31937E-01  7.99617E-03  9.54459E-02 -4.09460E-01  4.20437E-01  -76.8786
     48    2  2.49994E-01  0.00000E+00  1.39933E-01  7.99617E-03  8.92754E-02 -3.86990E-01  3.97154E-01  -77.0096
     49    2  2.49994E-01  0.00000E+00  1.47929E-01  7.99617E-03  8.29635E-02 -3.63279E-01  3.72631E-01  -77.1357
     50    2  2.49994E-01  0.00000E+00  1.55925E-01  7.99617E-03  7.65189E-02 -3.38367E-01  3.46912E-01  -77.2574
     51    2  2.49994E-01  0.00000E+00  1.63922E-01  7.99617E-03  6.99499E-02 -3.12296E-01  3.20034E-01  -77.3749
     52    2  2.49994E-01  0.00000E+00  1.71918E-01  7.99617E-03  6.32642E-02 -2.85099E-01  2.92034E-01  -77.4886
     53    2  2.49994E-01  0.00000E+00  1.79914E-01  7.99617E-03  5.64679E-02 -2.56807E-01  2.62942E-01  -77.5989
     54    2  2.49994E-01  0.00000E+00  1.87910E-01  7.99617E-03  4.95652E-02 -2.27439E-01  2.32777E-01  -77.7059
     55    2  2.49994E-01  0.00000E+00  1.95906E-01  7.99617E-03  4.25568E-02 -1.96998E-01  2.01542E-01  -77.8099
     56    2  2.49994E-01  0.00000E+00  2.03902E-01  7.99617E-03  3.54375E-02 -1.65458E-01  1.69210E-01  -77.9111
     57    2  2.49994E-01  0.00000E+00  2.11899E-01  7.99617E-03  2.81910E-02 -1.32738E-01  1.35699E-01  -78.0096
     58    2  2.49994E-01  0.00000E+00  2.19895E-01  7.99617E-03  2.07778E-02 -9.86426E-02  1.00807E-01  -78.1053
     59    2  2.49994E-01  0.00000E+00  2.27891E-01  7.99617E-03  1.30979E-02 -6.26768E-02  6.40307E-02  -78.1965
     60    2  2.49994E-01  0.00000E+00  2.35887E-01  7.99617E-03  4.58658E-03 -2.20685E-02  2.25401E-02  -78.2591
     61    3  9.99980E+01  9.99980E+01  1.00998E+02  1.73494E-03 -2.21807E-09  1.58388E-09  2.72553E-09  144.4701
     62    3  9.99990E+01  9.99990E+01  1.00999E+02  1.73494E-03 -5.40317E-09  2.23127E-09  5.84575E-09  157.5616
     63    3  1.00000E+02  1.00000E+02  1.01000E+02  1.73494E-03 -3.18510E-09  6.47389E-10  3.25023E-09  168.5108



                             - - - Wire Charge Densities - - -

                     Lengths normalized by wavelength (or 2.*pi/CABS(k))

  ELEM.  TAG          Coord. of Seg. Center           Seg.        Charge Density (C/m)
   No.   No.     X            Y            Z          Length        Mag.         Phase
      1    1  0.00000E+00  0.00000E+00  3.99809E-03  7.99617E-03  2.45300E-10   19.5100
      2    1  0.00000E+00  0.00000E+00  1.19943E-02  7.99617E-03  2.74212E-10   -5.2544
      3    1  0.00000E+00  0.00000E+00  1.99904E-02  7.99617E-03  3.68801E-10  -16.9062
      4    1  0.00000E+00  0.00000E+00  2.79866E-02  7.99617E-03  4.75395E-10  -22.9509
      5    1  0.00000E+00  0.00000E+00  3.59828E-02  7.99617E-03  5.85833E-10  -26.5080
      6    1  0.00000E+00  0.00000E+00  4.39789E-02  7.99617E-03  6.97301E-10  -28.8200
      7    1  0.00000E+00  0.00000E+00  5.19751E-02  7.99617E-03  8.08520E-10  -30.4356
      8    1  0.00000E+00  0.00000E+00  5.99713E-02  7.99617E-03  9.18763E-10  -31.6274
      9    1  0.00000E+00  0.00000E+00  6.79675E-02  7.99617E-03  1.02754E-09  -32.5440
     10    1  0.00000E+00  0.00000E+00  7.59636E-02  7.99617E-03  1.13447E-09  -33.2730
     11    1  0.00000E+00  0.00000E+00  8.39598E-02  7.99617E-03  1.23926E-09  -33.8686
     12    1  0.00000E+00  0.00000E+00  9.19560E-02  7.99617E-03  1.34166E-09  -34.3665
     13    1  0.00000E+00  0.00000E+00  9.99521E-02  7.99617E-03  1.44143E-09  -34.7909
     14    1  0.00000E+00  0.00000E+00  1.07948E-01  7.99617E-03  1.53839E-09  -35.1588
     15    1  0.00000E+00  0.00000E+00  1.15944E-01  7.99617E-03  1.63238E-09  -35.4823
     16    1  0.00000E+00  0.00000E+00  1.23941E-01  7.99617E-03  1.72328E-09  -35.7707
     17    1  0.00000E+00  0.00000E+00  1.31937E-01  7.99617E-03  1.81100E-09  -36.0307
     18    1  0.00000E+00  0.00000E+00  1.39933E-01  7.99617E-03  1.89550E-09  -36.2676
     19    1  0.00000E+00  0.00000E+00  1.47929E-01  7.99617E-03  1.97678E-09  -36.4855
     20    1  0.00000E+00  0.00000E+00  1.55925E-01  7.99617E-03  2.05496E-09  -36.6878
     21    1  0.00000E+00  0.00000E+00  1.63922E-01  7.99617E-03  2.13022E-09  -36.8771
     22    1  0.00000E+00  0.00000E+00  1.71918E-01  7.99617E-03  2.20293E-09  -37.0555
     23    1  0.00000E+00  0.00000E+00  1.79914E-01  7.99617E-03  2.27365E-09  -37.2249
     24    1  0.00000E+00  0.00000E+00  1.87910E-01  7.99617E-03  2.34335E-09  -37.3868
     25    1  0.00000E+00  0.00000E+00  1.95906E-01  7.99617E-03  2.41362E-09  -37.5425
     26    1  0.00000E+00  0.00000E+00  2.03902E-01  7.99617E-03  2.48725E-09  -37.6931
     27    1  0.00000E+00  0.00000E+00  2.11899E-01  7.99617E-03  2.56962E-09  -37.8398
     28    1  0.00000E+00  0.00000E+00  2.19895E-01  7.99617E-03  2.67277E-09  -37.9835
     29    1  0.00000E+00  0.00000E+00  2.27891E-01  7.99617E-03  2.82980E-09  -38.1254
     30    1  0.00000E+00  0.00000E+00  2.35887E-01  7.99617E-03  3.35175E-09  -38.2729
     31    2  2.49994E-01  0.00000E+00  3.99809E-03  7.99617E-03  4.53133E-10  -40.6506
     32    2  2.49994E-01  0.00000E+00  1.19943E-02  7.99617E-03  2.66946E-10  -61.8178
     33    2  2.49994E-01  0.00000E+00  1.99904E-02  7.99617E-03  2.34701E-10  -92.1683
     34    2  2.49994E-01  0.00000E+00  2.79866E-02  7.99617E-03  2.75563E-10 -118.4194
     35    2  2.49994E-01  0.00000E+00  3.59828E-02  7.99617E-03  3.54445E-10 -134.3152
     36    2  2.49994E-01  0.00000E+00  4.39789E-02  7.99617E-03  4.48353E-10 -143.5410
     37    2  2.49994E-01  0.00000E+00  5.19751E-02  7.99617E-03  5.47931E-10 -149.2705
     38    2  2.49994E-01  0.00000E+00  5.99713E-02  7.99617E-03  6.49424E-10 -153.1006
     39    2  2.49994E-01  0.00000E+00  6.79675E-02  7.99617E-03  7.51103E-10 -155.8203
     40    2  2.49994E-01  0.00000E+00  7.59636E-02  7.99617E-03  8.52045E-10 -157.8452
     41    2  2.49994E-01  0.00000E+00  8.39598E-02  7.99617E-03  9.51681E-10 -159.4104
     42    2  2.49994E-01  0.00000E+00  9.19560E-02  7.99617E-03  1.04962E-09 -160.6572
     43    2  2.49994E-01  0.00000E+00  9.99521E-02  7.99617E-03  1.14556E-09 -161.6750
     44    2  2.49994E-01  0.00000E+00  1.07948E-01  7.99617E-03  1.23927E-09 -162.5231
     45    2  2.49994E-01  0.00000E+00  1.15944E-01  7.99617E-03  1.33057E-09 -163.2422
     46    2  2.49994E-01  0.00000E+00  1.23941E-01  7.99617E-03  1.41931E-09 -163.8610
     47    2  2.49994E-01  0.00000E+00  1.31937E-01  7.99617E-03  1.50538E-09 -164.4005
     48    2  2.49994E-01  0.00000E+00  1.39933E-01  7.99617E-03  1.58873E-09 -164.8763
     49    2  2.49994E-01  0.00000E+00  1.47929E-01  7.99617E-03  1.66934E-09 -165.3003
     50    2  2.49994E-01  0.00000E+00  1.55925E-01  7.99617E-03  1.74730E-09 -165.6816
     51    2  2.49994E-01  0.00000E+00  1.63922E-01  7.99617E-03  1.82274E-09 -166.0276
     52    2  2.49994E-01  0.00000E+00  1.71918E-01  7.99617E-03  1.89599E-09 -166.3440
     53    2  2.49994E-01  0.00000E+00  1.79914E-01  7.99617E-03  1.96754E-09 -166.6355
     54    2  2.49994E-01  0.00000E+00  1.87910E-01  7.99617E-03  2.03824E-09 -166.9061
     55    2  2.49994E-01  0.00000E+00  1.95906E-01  7.99617E-03  2.10950E-09 -167.1590
     56    2  2.49994E-01  0.00000E+00  2.03902E-01  7.99617E-03  2.18382E-09 -167.3972
     57    2  2.49994E-01  0.00000E+00  2.11899E-01  7.99617E-03  2.26605E-09 -167.6231
     58    2  2.49994E-01  0.00000E+00  2.19895E-01  7.99617E-03  2.36696E-09 -167.8391
     59    2  2.49994E-01  0.00000E+00  2.27891E-01  7.99617E-03  2.51629E-09 -168.0474
     60    2  2.49994E-01  0.00000E+00  2.35887E-01  7.99617E-03  2.99290E-09 -168.2591
     61    3  9.99980E+01  9.99980E+01  1.00998E+02  1.73494E-03  1.66796E-15 -125.5299
     62    3  9.99990E+01  9.99990E+01  1.00999E+02  1.73494E-03  8.23824E-16  -45.9193
     63    3  1.00000E+02  1.00000E+02  1.01000E+02  1.73494E-03  1.98906E-15   78.5108



                                        - - - POWER BUDGET - - -

                                           INPUT POWER   = 1.8342E+01 WATTS
                                           RADIATED POWER= 2.8790E+01 WATTS
                                           WIRE LOSS     = 7.8940E+00 WATTS
                                           EFFICIENCY    = 156.96 PERCENT




 ***** INPUT LINE 13  EN   0    0    0    0  0.00000E+00  0.00000E+00  0.00000E+00  0.00000E+00  0.00000E+00  0.00000E+00

 RUN TIME =     0.000
