1
 x13



                                ***********************************************
                                *                                             *
                                *  NUMERICAL ELECTROMAGNETICS CODE (NEC-5)    *
                                *                                             *
                                ***********************************************




                      **********************************************************

                          Vertical over real ground                                                    
                                                                                                       
                          EZNEC Pro/2+ v. 7.0.4  2026-08-25 15:57:58                                   
                                                                                                       
                          ! Written by EZNEC/Pro+ v. 7.0 in NEC-5 format.                              
                                                                                                       

                      **********************************************************





                                 - - - STRUCTURE SPECIFICATION - - -

                                     COORDINATES MUST BE INPUT IN
                                     METERS OR BE SCALED TO METERS
                                     BEFORE STRUCTURE INPUT IS ENDED

 Model definition commands:

 GW    1    10  0.00000E+00  0.00000E+00  0.00000E+00  0.00000E+00  0.00000E+00  1.03000E+01  2.00000E-02
 GE    1   -1

   GROUND PLANE SPECIFIED.

   WHERE WIRE ENDS TOUCH GROUND, CURRENT WILL BE INTERPOLATED TO IMAGE IN GROUND PLANE.


 Number of nodes :    11
 Number of wire elements :    10
 Number of patch elements:     0
 Number unknowns:    10




 ***** INPUT LINE  1  FR   0    1    0    0  7.00000E+00  0.00000E+00  0.00000E+00  0.00000E+00  0.00000E+00  0.00000E+00
 ***** INPUT LINE  2  GN   1    0    0    0  0.00000E+00  0.00000E+00  0.00000E+00  0.00000E+00  0.00000E+00  0.00000E+00
 ***** INPUT LINE  3  EX   4    1   -1    0  1.41421E+00  0.00000E+00  0.00000E+00  0.00000E+00  0.00000E+00  0.00000E+00
 ***** INPUT LINE  4  PQ   0    0    0    0  0.00000E+00  0.00000E+00  0.00000E+00  0.00000E+00  0.00000E+00  0.00000E+00
 ***** INPUT LINE  5  NE   0    2    3    4  1.00000E+00  2.00000E+00  3.00000E+00  2.00000E+00  2.00000E+00  2.00000E+00




                                 - - - - - - FREQUENCY - - - - - -

                                    FREQUENCY= 7.0000E+00 MHZ
                                    WAVELENGTH= 4.2829E+01 METERS



                                  - - - ANTENNA ENVIRONMENT - - -

                                          PERFECT GROUND



                               - - - STRUCTURE IMPEDANCE LOADING - - -

                                   THIS STRUCTURE IS NOT LOADED
ALLOCATE CM:            100



                                - - - MATRIX TIMING - - -

                        FILL=    0.000 SEC.,  FACTOR=    0.000 SEC.



                                          - - - ANTENNA INPUT PARAMETERS - - -

   TAG   SEG.    VOLTAGE (VOLTS)         CURRENT (AMPS)         IMPEDANCE (OHMS)        ADMITTANCE (MHOS)      POWER
   NO.   NO.    REAL        IMAG.       REAL        IMAG.       REAL        IMAG.       REAL        IMAG.     (WATTS)
   1     1 2  5.0305E+01 -2.0114E+00  1.4142E+00  0.0000E+00  3.5571E+01 -1.4223E+00  2.8068E-02  1.1223E-03  3.5571E+01



                                       - - - Wire Currents - - -

                             Lengths normalized by wavelength (or 2.*pi/CABS(k))

  Elem.  Tag            Coord. of seg. center          Seg.            - - - Current (Amps) - - -
   No.   No.     X            Y            Z           Length       Real         Imag.        Mag.         Phase
      1    1  0.00000E+00  0.00000E+00  1.20247E-02  2.40494E-02  1.40560E+00 -1.58886E-02  1.40568E+00   -0.6476
      2    1  0.00000E+00  0.00000E+00  3.60740E-02  2.40494E-02  1.37278E+00 -4.17020E-02  1.37342E+00   -1.7400
      3    1  0.00000E+00  0.00000E+00  6.01234E-02  2.40494E-02  1.30917E+00 -5.82250E-02  1.31046E+00   -2.5465
      4    1  0.00000E+00  0.00000E+00  8.41728E-02  2.40494E-02  1.21582E+00 -6.84623E-02  1.21775E+00   -3.2229
      5    1  0.00000E+00  0.00000E+00  1.08222E-01  2.40494E-02  1.09444E+00 -7.29206E-02  1.09687E+00   -3.8119
      6    1  0.00000E+00  0.00000E+00  1.32272E-01  2.40494E-02  9.47158E-01 -7.18305E-02  9.49878E-01   -4.3369
      7    1  0.00000E+00  0.00000E+00  1.56321E-01  2.40494E-02  7.76354E-01 -6.53642E-02  7.79101E-01   -4.8126
      8    1  0.00000E+00  0.00000E+00  1.80370E-01  2.40494E-02  5.84286E-01 -5.36673E-02  5.86746E-01   -5.2479
      9    1  0.00000E+00  0.00000E+00  2.04420E-01  2.40494E-02  3.72032E-01 -3.67631E-02  3.73844E-01   -5.6435
     10    1  0.00000E+00  0.00000E+00  2.28469E-01  2.40494E-02  1.30435E-01 -1.34996E-02  1.31132E-01   -5.9089



                             - - - Wire Charge Densities - - -

                     Lengths normalized by wavelength (or 2.*pi/CABS(k))

  ELEM.  TAG          Coord. of Seg. Center           Seg.        Charge Density (C/m)
   No.   No.     X            Y            Z          Length        Mag.         Phase
      1    1  0.00000E+00  0.00000E+00  1.20247E-02  2.40494E-02  7.98016E-10  -28.4777
      2    1  0.00000E+00  0.00000E+00  3.60740E-02  2.40494E-02  1.15450E-09  -67.6959
      3    1  0.00000E+00  0.00000E+00  6.01234E-02  2.40494E-02  1.76454E-09  -80.4976
      4    1  0.00000E+00  0.00000E+00  8.41728E-02  2.40494E-02  2.38613E-09  -86.1395
      5    1  0.00000E+00  0.00000E+00  1.08222E-01  2.40494E-02  2.97829E-09  -89.3040
      6    1  0.00000E+00  0.00000E+00  1.32272E-01  2.40494E-02  3.52529E-09  -91.3703
      7    1  0.00000E+00  0.00000E+00  1.56321E-01  2.40494E-02  4.02147E-09  -92.8674
      8    1  0.00000E+00  0.00000E+00  1.80370E-01  2.40494E-02  4.47417E-09  -94.0401
      9    1  0.00000E+00  0.00000E+00  2.04420E-01  2.40494E-02  4.92652E-09  -95.0197
     10    1  0.00000E+00  0.00000E+00  2.28469E-01  2.40494E-02  5.78926E-09  -95.9089



                                        - - - POWER BUDGET - - -

                                           INPUT POWER   = 3.5571E+01 WATTS
                                           RADIATED POWER= 3.5571E+01 WATTS
                                           WIRE LOSS     = 0.0000E+00 WATTS
                                           EFFICIENCY    = 100.00 PERCENT



                                      - - - NEAR ELECTRIC FIELDS - - -

              -  LOCATION  -                     -  EX  -               -  EY  -               -  EZ  -
        X           Y           Z           MAGNITUDE   PHASE      MAGNITUDE   PHASE      MAGNITUDE   PHASE
      METERS      METERS      METERS         VOLTS/M   DEGREES      VOLTS/M   DEGREES      VOLTS/M   DEGREES
    1.0000E+00  2.0000E+00  3.0000E+00     6.9487E+00   -85.99    1.3897E+01   -85.99    7.3978E+00  -179.95
    3.0000E+00  2.0000E+00  3.0000E+00     7.4832E+00   -88.79    4.9888E+00   -88.79    7.3017E+00   176.74
    1.0000E+00  4.0000E+00  3.0000E+00     1.8477E+00   -89.82    7.3908E+00   -89.82    7.1862E+00   175.06
    3.0000E+00  4.0000E+00  3.0000E+00     3.5532E+00   -91.51    4.7376E+00   -91.51    6.9527E+00   171.76
    1.0000E+00  6.0000E+00  3.0000E+00     7.3966E-01   -93.62    4.4380E+00   -93.62    6.6363E+00   166.98
    3.0000E+00  6.0000E+00  3.0000E+00     1.7406E+00   -94.89    3.4812E+00   -94.89    6.4501E+00   163.93
    1.0000E+00  2.0000E+00  5.0000E+00     1.0820E+01   -90.74    2.1639E+01   -90.74    6.8292E+00  -165.28
    3.0000E+00  2.0000E+00  5.0000E+00     1.1492E+01   -91.81    7.6610E+00   -91.81    6.8354E+00  -171.16
    1.0000E+00  4.0000E+00  5.0000E+00     2.8228E+00   -92.35    1.1291E+01   -92.35    6.7363E+00  -173.86
    3.0000E+00  4.0000E+00  5.0000E+00     5.3890E+00   -93.43    7.1854E+00   -93.43    6.5136E+00  -178.84
    1.0000E+00  6.0000E+00  5.0000E+00     1.1157E+00   -95.08    6.6940E+00   -95.08    6.2002E+00   174.48
    3.0000E+00  6.0000E+00  5.0000E+00     2.6218E+00   -96.19    5.2437E+00   -96.19    6.0168E+00   170.43
    1.0000E+00  2.0000E+00  7.0000E+00     1.3521E+01   -93.37    2.7041E+01   -93.37    8.2760E+00  -140.68
    3.0000E+00  2.0000E+00  7.0000E+00     1.3823E+01   -93.91    9.2156E+00   -93.91    7.3729E+00  -151.46
    1.0000E+00  4.0000E+00  7.0000E+00     3.3637E+00   -94.28    1.3455E+01   -94.28    7.0093E+00  -156.04
    3.0000E+00  4.0000E+00  7.0000E+00     6.3610E+00   -95.15    8.4813E+00   -95.15    6.4562E+00  -164.05
    1.0000E+00  6.0000E+00  7.0000E+00     1.3133E+00   -96.66    7.8797E+00   -96.66    5.8995E+00  -174.05
    3.0000E+00  6.0000E+00  7.0000E+00     3.0914E+00   -97.75    6.1828E+00   -97.75    5.6346E+00  -179.76
    1.0000E+00  2.0000E+00  9.0000E+00     1.3250E+01   -94.97    2.6500E+01   -94.97    1.4043E+01  -119.01
    3.0000E+00  2.0000E+00  9.0000E+00     1.3030E+01   -95.45    8.6869E+00   -95.45    9.3005E+00  -133.41
    1.0000E+00  4.0000E+00  9.0000E+00     3.1746E+00   -95.84    1.2698E+01   -95.84    8.2134E+00  -139.33
    3.0000E+00  4.0000E+00  9.0000E+00     6.0693E+00   -96.80    8.0924E+00   -96.80    6.8863E+00  -149.59
    1.0000E+00  6.0000E+00  9.0000E+00     1.2792E+00   -98.47    7.6755E+00   -98.47    5.8222E+00  -162.31
    3.0000E+00  6.0000E+00  9.0000E+00     3.0512E+00   -99.67    6.1023E+00   -99.67    5.3916E+00  -169.52




 ***** INPUT LINE  6  EN   0    0    0    0  0.00000E+00  0.00000E+00  0.00000E+00  0.00000E+00  0.00000E+00  0.00000E+00

 RUN TIME =     0.000
