1
 x13



                                ***********************************************
                                *                                             *
                                *  NUMERICAL ELECTROMAGNETICS CODE (NEC-5)    *
                                *                                             *
                                ***********************************************




                      **********************************************************

                          Vertical over real ground                                                    
                                                                                                       
                          EZNEC Pro/2+ v. 7.0.4  2026-08-25 15:58:17                                   
                                                                                                       
                          ! Written by EZNEC/Pro+ v. 7.0 in NEC-5 format.                              
                                                                                                       

                      **********************************************************





                                 - - - STRUCTURE SPECIFICATION - - -

                                     COORDINATES MUST BE INPUT IN
                                     METERS OR BE SCALED TO METERS
                                     BEFORE STRUCTURE INPUT IS ENDED

 Model definition commands:

 GW    1    10  0.00000E+00  0.00000E+00  0.00000E+00  0.00000E+00  0.00000E+00  1.03000E+01  2.00000E-02
 GE    1   -1

   GROUND PLANE SPECIFIED.

   WHERE WIRE ENDS TOUCH GROUND, CURRENT WILL BE INTERPOLATED TO IMAGE IN GROUND PLANE.


 Number of nodes :    11
 Number of wire elements :    10
 Number of patch elements:     0
 Number unknowns:    10




 ***** INPUT LINE  1  FR   0    1    0    0  7.01000E+00  0.00000E+00  0.00000E+00  0.00000E+00  0.00000E+00  0.00000E+00
 ***** INPUT LINE  2  GN   1    0    0    0  0.00000E+00  0.00000E+00  0.00000E+00  0.00000E+00  0.00000E+00  0.00000E+00
 ***** INPUT LINE  3  EX   4    1   -1    0  1.41421E+00  0.00000E+00  0.00000E+00  0.00000E+00  0.00000E+00  0.00000E+00
 ***** INPUT LINE  4  PQ   0    0    0    0  0.00000E+00  0.00000E+00  0.00000E+00  0.00000E+00  0.00000E+00  0.00000E+00
 ***** INPUT LINE  5  NE   0    2    3    4  1.00000E+00  2.00000E+00  3.00000E+00  2.00000E+00  2.00000E+00  2.00000E+00




                                 - - - - - - FREQUENCY - - - - - -

                                    FREQUENCY= 7.0100E+00 MHZ
                                    WAVELENGTH= 4.2767E+01 METERS



                                  - - - ANTENNA ENVIRONMENT - - -

                                          PERFECT GROUND



                               - - - STRUCTURE IMPEDANCE LOADING - - -

                                   THIS STRUCTURE IS NOT LOADED
ALLOCATE CM:            100



                                - - - MATRIX TIMING - - -

                        FILL=    0.000 SEC.,  FACTOR=    0.000 SEC.



                                          - - - ANTENNA INPUT PARAMETERS - - -

   TAG   SEG.    VOLTAGE (VOLTS)         CURRENT (AMPS)         IMPEDANCE (OHMS)        ADMITTANCE (MHOS)      POWER
   NO.   NO.    REAL        IMAG.       REAL        IMAG.       REAL        IMAG.       REAL        IMAG.     (WATTS)
   1     1 2  5.0537E+01 -9.6872E-01  1.4142E+00  0.0000E+00  3.5735E+01 -6.8499E-01  2.7973E-02  5.3621E-04  3.5735E+01



                                       - - - Wire Currents - - -

                             Lengths normalized by wavelength (or 2.*pi/CABS(k))

  Elem.  Tag            Coord. of seg. center          Seg.            - - - Current (Amps) - - -
   No.   No.     X            Y            Z           Length       Real         Imag.        Mag.         Phase
      1    1  0.00000E+00  0.00000E+00  1.20419E-02  2.40837E-02  1.40592E+00 -1.59852E-02  1.40601E+00   -0.6514
      2    1  0.00000E+00  0.00000E+00  3.61256E-02  2.40837E-02  1.37362E+00 -4.19560E-02  1.37427E+00   -1.7495
      3    1  0.00000E+00  0.00000E+00  6.02093E-02  2.40837E-02  1.31032E+00 -5.85807E-02  1.31163E+00   -2.5598
      4    1  0.00000E+00  0.00000E+00  8.42930E-02  2.40837E-02  1.21715E+00 -6.88811E-02  1.21909E+00   -3.2390
      5    1  0.00000E+00  0.00000E+00  1.08377E-01  2.40837E-02  1.09581E+00 -7.33664E-02  1.09827E+00   -3.8303
      6    1  0.00000E+00  0.00000E+00  1.32460E-01  2.40837E-02  9.48466E-01 -7.22684E-02  9.51216E-01   -4.3572
      7    1  0.00000E+00  0.00000E+00  1.56544E-01  2.40837E-02  7.77502E-01 -6.57608E-02  7.80278E-01   -4.8345
      8    1  0.00000E+00  0.00000E+00  1.80628E-01  2.40837E-02  5.85191E-01 -5.39908E-02  5.87676E-01   -5.2713
      9    1  0.00000E+00  0.00000E+00  2.04712E-01  2.40837E-02  3.72625E-01 -3.69828E-02  3.74456E-01   -5.6680
     10    1  0.00000E+00  0.00000E+00  2.28795E-01  2.40837E-02  1.30646E-01 -1.35797E-02  1.31349E-01   -5.9342



                             - - - Wire Charge Densities - - -

                     Lengths normalized by wavelength (or 2.*pi/CABS(k))

  ELEM.  TAG          Coord. of Seg. Center           Seg.        Charge Density (C/m)
   No.   No.     X            Y            Z          Length        Mag.         Phase
      1    1  0.00000E+00  0.00000E+00  1.20419E-02  2.40837E-02  7.93929E-10  -27.4235
      2    1  0.00000E+00  0.00000E+00  3.61256E-02  2.40837E-02  1.14601E-09  -67.4100
      3    1  0.00000E+00  0.00000E+00  6.02093E-02  2.40837E-02  1.75720E-09  -80.4119
      4    1  0.00000E+00  0.00000E+00  8.42930E-02  2.40837E-02  2.38046E-09  -86.1121
      5    1  0.00000E+00  0.00000E+00  1.08377E-01  2.40837E-02  2.97428E-09  -89.3001
      6    1  0.00000E+00  0.00000E+00  1.32460E-01  2.40837E-02  3.52281E-09  -91.3783
      7    1  0.00000E+00  0.00000E+00  1.56544E-01  2.40837E-02  4.02032E-09  -92.8823
      8    1  0.00000E+00  0.00000E+00  1.80628E-01  2.40837E-02  4.47410E-09  -94.0595
      9    1  0.00000E+00  0.00000E+00  2.04712E-01  2.40837E-02  4.92726E-09  -95.0424
     10    1  0.00000E+00  0.00000E+00  2.28795E-01  2.40837E-02  5.79059E-09  -95.9342



                                        - - - POWER BUDGET - - -

                                           INPUT POWER   = 3.5735E+01 WATTS
                                           RADIATED POWER= 3.5735E+01 WATTS
                                           WIRE LOSS     = 0.0000E+00 WATTS
                                           EFFICIENCY    = 100.00 PERCENT



                                      - - - NEAR ELECTRIC FIELDS - - -

              -  LOCATION  -                     -  EX  -               -  EY  -               -  EZ  -
        X           Y           Z           MAGNITUDE   PHASE      MAGNITUDE   PHASE      MAGNITUDE   PHASE
      METERS      METERS      METERS         VOLTS/M   DEGREES      VOLTS/M   DEGREES      VOLTS/M   DEGREES
    1.0000E+00  2.0000E+00  3.0000E+00     6.9316E+00   -85.96    1.3863E+01   -85.96    7.4257E+00  -179.78
    3.0000E+00  2.0000E+00  3.0000E+00     7.4712E+00   -88.79    4.9808E+00   -88.79    7.3272E+00   176.84
    1.0000E+00  4.0000E+00  3.0000E+00     1.8453E+00   -89.82    7.3811E+00   -89.82    7.2106E+00   175.14
    3.0000E+00  4.0000E+00  3.0000E+00     3.5500E+00   -91.52    4.7334E+00   -91.52    6.9752E+00   171.80
    1.0000E+00  6.0000E+00  3.0000E+00     7.3933E-01   -93.64    4.4360E+00   -93.64    6.6568E+00   166.99
    3.0000E+00  6.0000E+00  3.0000E+00     1.7402E+00   -94.92    3.4804E+00   -94.92    6.4695E+00   163.92
    1.0000E+00  2.0000E+00  5.0000E+00     1.0810E+01   -90.74    2.1619E+01   -90.74    6.8536E+00  -165.28
    3.0000E+00  2.0000E+00  5.0000E+00     1.1484E+01   -91.82    7.6561E+00   -91.82    6.8586E+00  -171.18
    1.0000E+00  4.0000E+00  5.0000E+00     2.8213E+00   -92.36    1.1285E+01   -92.36    6.7587E+00  -173.88
    3.0000E+00  4.0000E+00  5.0000E+00     5.3873E+00   -93.45    7.1831E+00   -93.45    6.5344E+00  -178.87
    1.0000E+00  6.0000E+00  5.0000E+00     1.1156E+00   -95.11    6.6936E+00   -95.11    6.2193E+00   174.43
    3.0000E+00  6.0000E+00  5.0000E+00     2.6221E+00   -96.23    5.2441E+00   -96.23    6.0349E+00   170.37
    1.0000E+00  2.0000E+00  7.0000E+00     1.3519E+01   -93.38    2.7037E+01   -93.38    8.2928E+00  -140.78
    3.0000E+00  2.0000E+00  7.0000E+00     1.3823E+01   -93.93    9.2150E+00   -93.93    7.3900E+00  -151.56
    1.0000E+00  4.0000E+00  7.0000E+00     3.3637E+00   -94.31    1.3455E+01   -94.31    7.0263E+00  -156.14
    3.0000E+00  4.0000E+00  7.0000E+00     6.3616E+00   -95.18    8.4821E+00   -95.18    6.4726E+00  -164.16
    1.0000E+00  6.0000E+00  7.0000E+00     1.3136E+00   -96.70    7.8818E+00   -96.70    5.9151E+00  -174.15
    3.0000E+00  6.0000E+00  7.0000E+00     3.0925E+00   -97.79    6.1850E+00   -97.79    5.6497E+00  -179.86
    1.0000E+00  2.0000E+00  9.0000E+00     1.3252E+01   -94.99    2.6504E+01   -94.99    1.4053E+01  -119.09
    3.0000E+00  2.0000E+00  9.0000E+00     1.3034E+01   -95.47    8.6891E+00   -95.47    9.3105E+00  -133.53
    1.0000E+00  4.0000E+00  9.0000E+00     3.1755E+00   -95.87    1.2702E+01   -95.87    8.2237E+00  -139.45
    3.0000E+00  4.0000E+00  9.0000E+00     6.0716E+00   -96.84    8.0955E+00   -96.84    6.8969E+00  -149.72
    1.0000E+00  6.0000E+00  9.0000E+00     1.2799E+00   -98.51    7.6794E+00   -98.51    5.8330E+00  -162.45
    3.0000E+00  6.0000E+00  9.0000E+00     3.0530E+00   -99.72    6.1059E+00   -99.72    5.4024E+00  -169.67




 ***** INPUT LINE  6  EN   0    0    0    0  0.00000E+00  0.00000E+00  0.00000E+00  0.00000E+00  0.00000E+00  0.00000E+00

 RUN TIME =     0.000
