1
 x13



                                ***********************************************
                                *                                             *
                                *  NUMERICAL ELECTROMAGNETICS CODE (NEC-5)    *
                                *                                             *
                                ***********************************************




                      **********************************************************

                          Dipole in free space                                                         
                                                                                                       
                          EZNEC Pro/2+ v. 7.0.4  2026-08-25 16:07:03                                   
                                                                                                       
                          ! Written by EZNEC/Pro+ v. 7.0 in NEC-5 format.                              
                                                                                                       

                      **********************************************************





                                 - - - STRUCTURE SPECIFICATION - - -

                                     COORDINATES MUST BE INPUT IN
                                     METERS OR BE SCALED TO METERS
                                     BEFORE STRUCTURE INPUT IS ENDED

 Model definition commands:

 GW    1    11  0.00000E+00 -2.50000E-01  0.00000E+00  0.00000E+00  2.50000E-01  0.00000E+00  5.00000E-04
 GE    0   -1

 Number of nodes :    12
 Number of wire elements :    11
 Number of patch elements:     0
 Number unknowns:    10




 ***** INPUT LINE  1  FR   0    1    0    0  3.19000E+02  0.00000E+00  0.00000E+00  0.00000E+00  0.00000E+00  0.00000E+00
 ***** INPUT LINE  2  GN  -1    0    0    0  0.00000E+00  0.00000E+00  0.00000E+00  0.00000E+00  0.00000E+00  0.00000E+00
 ***** INPUT LINE  3  EX   4    1    6    0  1.41421E+00  0.00000E+00  0.00000E+00  0.00000E+00  0.00000E+00  0.00000E+00
 ***** INPUT LINE  4  PQ   0    0    0    0  0.00000E+00  0.00000E+00  0.00000E+00  0.00000E+00  0.00000E+00  0.00000E+00
 ***** INPUT LINE  5  XQ   0    0    0    0  0.00000E+00  0.00000E+00  0.00000E+00  0.00000E+00  0.00000E+00  0.00000E+00




                                 - - - - - - FREQUENCY - - - - - -

                                    FREQUENCY= 3.1900E+02 MHZ
                                    WAVELENGTH= 9.3981E-01 METERS



                                  - - - ANTENNA ENVIRONMENT - - -

                                            FREE SPACE



                               - - - STRUCTURE IMPEDANCE LOADING - - -

                                   THIS STRUCTURE IS NOT LOADED
ALLOCATE CM:            100



                                - - - MATRIX TIMING - - -

                        FILL=    0.000 SEC.,  FACTOR=    0.000 SEC.



                                          - - - ANTENNA INPUT PARAMETERS - - -

   TAG   SEG.    VOLTAGE (VOLTS)         CURRENT (AMPS)         IMPEDANCE (OHMS)        ADMITTANCE (MHOS)      POWER
   NO.   NO.    REAL        IMAG.       REAL        IMAG.       REAL        IMAG.       REAL        IMAG.     (WATTS)
   1     6 1  1.3998E+02  1.4005E+02  1.4142E+00  0.0000E+00  9.8980E+01  9.9029E+01  5.0490E-03 -5.0515E-03  9.8980E+01



                                       - - - Wire Currents - - -

                             Lengths normalized by wavelength (or 2.*pi/CABS(k))

  Elem.  Tag            Coord. of seg. center          Seg.            - - - Current (Amps) - - -
   No.   No.     X            Y            Z           Length       Real         Imag.        Mag.         Phase
      1    1  0.00000E+00 -2.41828E-01  0.00000E+00  4.83656E-02  2.53487E-01 -3.77963E-02  2.56289E-01   -8.4806
      2    1  0.00000E+00 -1.93462E-01  0.00000E+00  4.83656E-02  7.11827E-01 -9.84310E-02  7.18600E-01   -7.8729
      3    1  0.00000E+00 -1.45097E-01  0.00000E+00  4.83656E-02  1.07404E+00 -1.30002E-01  1.08188E+00   -6.9015
      4    1  0.00000E+00 -9.67312E-02  0.00000E+00  4.83656E-02  1.33085E+00 -1.32485E-01  1.33742E+00   -5.6850
      5    1  0.00000E+00 -4.83656E-02  0.00000E+00  4.83656E-02  1.46349E+00 -1.04446E-01  1.46722E+00   -4.0822
      6    1  0.00000E+00  3.69164E-17  0.00000E+00  4.83656E-02  1.45546E+00 -4.13285E-02  1.45604E+00   -1.6265
      7    1  0.00000E+00  4.83656E-02  0.00000E+00  4.83656E-02  1.39006E+00 -3.06441E-02  1.39039E+00   -1.2629
      8    1  0.00000E+00  9.67312E-02  0.00000E+00  4.83656E-02  1.27245E+00 -7.34074E-02  1.27456E+00   -3.3017
      9    1  0.00000E+00  1.45097E-01  0.00000E+00  4.83656E-02  1.02886E+00 -8.39999E-02  1.03229E+00   -4.6675
     10    1  0.00000E+00  1.93462E-01  0.00000E+00  4.83656E-02  6.82519E-01 -6.83994E-02  6.85938E-01   -5.7229
     11    1  0.00000E+00  2.41828E-01  0.00000E+00  4.83656E-02  2.43156E-01 -2.71627E-02  2.44668E-01   -6.3740



                             - - - Wire Charge Densities - - -

                     Lengths normalized by wavelength (or 2.*pi/CABS(k))

  ELEM.  TAG          Coord. of Seg. Center           Seg.        Charge Density (C/m)
   No.   No.     X            Y            Z          Length        Mag.         Phase
      1    1  0.00000E+00 -2.41828E-01  0.00000E+00  4.83656E-02  5.62617E-09   81.5194
      2    1  0.00000E+00 -1.93462E-01  0.00000E+00  4.83656E-02  4.52488E-09   83.6386
      3    1  0.00000E+00 -1.45097E-01  0.00000E+00  4.83656E-02  3.45976E-09   86.8238
      4    1  0.00000E+00 -9.67312E-02  0.00000E+00  4.83656E-02  2.18733E-09   93.5958
      5    1  0.00000E+00 -4.83656E-02  0.00000E+00  4.83656E-02  8.71875E-10  123.2726
      6    1  0.00000E+00  3.69164E-17  0.00000E+00  4.83656E-02  1.28174E-09 -135.0591
      7    1  0.00000E+00  4.83656E-02  0.00000E+00  4.83656E-02  8.56616E-10  -38.2503
      8    1  0.00000E+00  9.67312E-02  0.00000E+00  4.83656E-02  2.06862E-09  -82.6107
      9    1  0.00000E+00  1.45097E-01  0.00000E+00  4.83656E-02  3.29603E-09  -90.5826
     10    1  0.00000E+00  1.93462E-01  0.00000E+00  4.83656E-02  4.31829E-09  -94.1028
     11    1  0.00000E+00  2.41828E-01  0.00000E+00  4.83656E-02  5.37105E-09  -96.3740



                                        - - - POWER BUDGET - - -

                                           INPUT POWER   = 9.8980E+01 WATTS
                                           RADIATED POWER= 9.8980E+01 WATTS
                                           WIRE LOSS     = 0.0000E+00 WATTS
                                           EFFICIENCY    = 100.00 PERCENT




 ***** INPUT LINE  6  EN   0    0    0    0  0.00000E+00  0.00000E+00  0.00000E+00  0.00000E+00  0.00000E+00  0.00000E+00

 RUN TIME =     0.000
