1
 x13



                                ***********************************************
                                *                                             *
                                *  NUMERICAL ELECTROMAGNETICS CODE (NEC-5)    *
                                *                                             *
                                ***********************************************




                      **********************************************************

                          Dipole in free space                                                         
                                                                                                       
                          EZNEC Pro/2+ v. 7.0.4  2026-08-25 16:07:10                                   
                                                                                                       
                          ! Written by EZNEC/Pro+ v. 7.0 in NEC-5 format.                              
                                                                                                       

                      **********************************************************





                                 - - - STRUCTURE SPECIFICATION - - -

                                     COORDINATES MUST BE INPUT IN
                                     METERS OR BE SCALED TO METERS
                                     BEFORE STRUCTURE INPUT IS ENDED

 Model definition commands:

 GW    1    11  0.00000E+00 -2.50000E-01  0.00000E+00  0.00000E+00  2.50000E-01  0.00000E+00  5.00000E-04
 GE    0   -1

 Number of nodes :    12
 Number of wire elements :    11
 Number of patch elements:     0
 Number unknowns:    10




 ***** INPUT LINE  1  FR   0    1    0    0  3.45000E+02  0.00000E+00  0.00000E+00  0.00000E+00  0.00000E+00  0.00000E+00
 ***** INPUT LINE  2  GN  -1    0    0    0  0.00000E+00  0.00000E+00  0.00000E+00  0.00000E+00  0.00000E+00  0.00000E+00
 ***** INPUT LINE  3  EX   4    1    6    0  1.41421E+00  0.00000E+00  0.00000E+00  0.00000E+00  0.00000E+00  0.00000E+00
 ***** INPUT LINE  4  PQ   0    0    0    0  0.00000E+00  0.00000E+00  0.00000E+00  0.00000E+00  0.00000E+00  0.00000E+00
 ***** INPUT LINE  5  XQ   0    0    0    0  0.00000E+00  0.00000E+00  0.00000E+00  0.00000E+00  0.00000E+00  0.00000E+00




                                 - - - - - - FREQUENCY - - - - - -

                                    FREQUENCY= 3.4500E+02 MHZ
                                    WAVELENGTH= 8.6899E-01 METERS



                                  - - - ANTENNA ENVIRONMENT - - -

                                            FREE SPACE



                               - - - STRUCTURE IMPEDANCE LOADING - - -

                                   THIS STRUCTURE IS NOT LOADED
ALLOCATE CM:            100



                                - - - MATRIX TIMING - - -

                        FILL=    0.000 SEC.,  FACTOR=    0.000 SEC.



                                          - - - ANTENNA INPUT PARAMETERS - - -

   TAG   SEG.    VOLTAGE (VOLTS)         CURRENT (AMPS)         IMPEDANCE (OHMS)        ADMITTANCE (MHOS)      POWER
   NO.   NO.    REAL        IMAG.       REAL        IMAG.       REAL        IMAG.       REAL        IMAG.     (WATTS)
   1     6 1  1.8811E+02  2.7719E+02  1.4142E+00  0.0000E+00  1.3301E+02  1.9601E+02  2.3706E-03 -3.4932E-03  1.3301E+02



                                       - - - Wire Currents - - -

                             Lengths normalized by wavelength (or 2.*pi/CABS(k))

  Elem.  Tag            Coord. of seg. center          Seg.            - - - Current (Amps) - - -
   No.   No.     X            Y            Z           Length       Real         Imag.        Mag.         Phase
      1    1  0.00000E+00 -2.61538E-01  0.00000E+00  5.23076E-02  2.91093E-01 -5.58392E-02  2.96401E-01  -10.8589
      2    1  0.00000E+00 -2.09230E-01  0.00000E+00  5.23076E-02  8.13861E-01 -1.45891E-01  8.26833E-01  -10.1628
      3    1  0.00000E+00 -1.56923E-01  0.00000E+00  5.23076E-02  1.21579E+00 -1.93280E-01  1.23106E+00   -9.0330
      4    1  0.00000E+00 -1.04615E-01  0.00000E+00  5.23076E-02  1.48086E+00 -1.97051E-01  1.49391E+00   -7.5795
      5    1  0.00000E+00 -5.23076E-02  0.00000E+00  5.23076E-02  1.58466E+00 -1.54985E-01  1.59222E+00   -5.5859
      6    1  0.00000E+00  3.99253E-17  0.00000E+00  5.23076E-02  1.50393E+00 -6.11619E-02  1.50517E+00   -2.3288
      7    1  0.00000E+00  5.23076E-02  0.00000E+00  5.23076E-02  1.42240E+00 -4.38177E-02  1.42307E+00   -1.7645
      8    1  0.00000E+00  1.04615E-01  0.00000E+00  5.23076E-02  1.34780E+00 -1.04891E-01  1.35187E+00   -4.4500
      9    1  0.00000E+00  1.56923E-01  0.00000E+00  5.23076E-02  1.11070E+00 -1.19764E-01  1.11714E+00   -6.1543
     10    1  0.00000E+00  2.09230E-01  0.00000E+00  5.23076E-02  7.44788E-01 -9.71082E-02  7.51092E-01   -7.4285
     11    1  0.00000E+00  2.61538E-01  0.00000E+00  5.23076E-02  2.66587E-01 -3.84174E-02  2.69341E-01   -8.2003



                             - - - Wire Charge Densities - - -

                     Lengths normalized by wavelength (or 2.*pi/CABS(k))

  ELEM.  TAG          Coord. of Seg. Center           Seg.        Charge Density (C/m)
   No.   No.     X            Y            Z          Length        Mag.         Phase
      1    1  0.00000E+00 -2.61538E-01  0.00000E+00  5.23076E-02  6.01635E-09   79.1411
      2    1  0.00000E+00 -2.09230E-01  0.00000E+00  5.23076E-02  4.75352E-09   81.5994
      3    1  0.00000E+00 -1.56923E-01  0.00000E+00  5.23076E-02  3.46614E-09   85.5748
      4    1  0.00000E+00 -1.04615E-01  0.00000E+00  5.23076E-02  1.93410E-09   95.6644
      5    1  0.00000E+00 -5.23076E-02  0.00000E+00  5.23076E-02  6.87571E-10  164.6231
      6    1  0.00000E+00  3.99253E-17  0.00000E+00  5.23076E-02  2.20397E-09 -124.2834
      7    1  0.00000E+00  5.23076E-02  0.00000E+00  5.23076E-02  9.04801E-10   10.5820
      8    1  0.00000E+00  1.04615E-01  0.00000E+00  5.23076E-02  1.71658E-09  -78.2264
      9    1  0.00000E+00  1.56923E-01  0.00000E+00  5.23076E-02  3.13240E-09  -90.8847
     10    1  0.00000E+00  2.09230E-01  0.00000E+00  5.23076E-02  4.31502E-09  -95.4725
     11    1  0.00000E+00  2.61538E-01  0.00000E+00  5.23076E-02  5.46708E-09  -98.2003



                                        - - - POWER BUDGET - - -

                                           INPUT POWER   = 1.3301E+02 WATTS
                                           RADIATED POWER= 1.3301E+02 WATTS
                                           WIRE LOSS     = 0.0000E+00 WATTS
                                           EFFICIENCY    = 100.00 PERCENT




 ***** INPUT LINE  6  EN   0    0    0    0  0.00000E+00  0.00000E+00  0.00000E+00  0.00000E+00  0.00000E+00  0.00000E+00

 RUN TIME =     0.000
