1
 x13



                                ***********************************************
                                *                                             *
                                *  NUMERICAL ELECTROMAGNETICS CODE (NEC-5)    *
                                *                                             *
                                ***********************************************




                      **********************************************************

                          40-meter four-square array                                                   
                                                                                                       
                          EZNEC Pro/2+ v. 7.0.4  2026-08-20 20:32:55                                   
                                                                                                       
                          ! Written by EZNEC/Pro+ v. 7.0 in NEC-5 format.                              
                                                                                                       

                      **********************************************************





                                 - - - STRUCTURE SPECIFICATION - - -

                                     COORDINATES MUST BE INPUT IN
                                     METERS OR BE SCALED TO METERS
                                     BEFORE STRUCTURE INPUT IS ENDED

 Model definition commands:

 GW    1     6  0.00000E+00  0.00000E+00  0.00000E+00  0.00000E+00  0.00000E+00  9.98220E+00  1.90500E-02
 GW    2     6  0.00000E+00  1.04912E+01  0.00000E+00  0.00000E+00  1.04912E+01  9.98220E+00  1.90500E-02
 GW    3     6  1.04912E+01  0.00000E+00  0.00000E+00  1.04912E+01  0.00000E+00  9.98220E+00  1.90500E-02
 GW    4     6  1.04912E+01  1.04912E+01  0.00000E+00  1.04912E+01  1.04912E+01  9.98220E+00  1.90500E-02
 GE    1   -1

   GROUND PLANE SPECIFIED.

   WHERE WIRE ENDS TOUCH GROUND, CURRENT WILL BE INTERPOLATED TO IMAGE IN GROUND PLANE.


 Number of nodes :    28
 Number of wire elements :    24
 Number of patch elements:     0
 Number unknowns:    24




 ***** INPUT LINE  1  FR   0    1    0    0  7.15000E+00  0.00000E+00  0.00000E+00  0.00000E+00  0.00000E+00  0.00000E+00
 ***** INPUT LINE  2  GD   0    0    0    0  1.30000E+01  5.00000E-03  1.00000E+00  0.00000E+00  0.00000E+00  0.00000E+00
 ***** INPUT LINE  3  EX   4    1   -1    0  1.41421E+00  0.00000E+00  0.00000E+00  0.00000E+00  0.00000E+00  0.00000E+00
 ***** INPUT LINE  4  EX   4    2   -1    0  0.00000E+00 -1.41421E+00  0.00000E+00  0.00000E+00  0.00000E+00  0.00000E+00
 ***** INPUT LINE  5  EX   4    3   -1    0  0.00000E+00 -1.41421E+00  0.00000E+00  0.00000E+00  0.00000E+00  0.00000E+00
 ***** INPUT LINE  6  EX   4    4   -1    0 -1.41421E+00  0.00000E+00  0.00000E+00  0.00000E+00  0.00000E+00  0.00000E+00
 ***** INPUT LINE  7  PQ   0    0    0    0  0.00000E+00  0.00000E+00  0.00000E+00  0.00000E+00  0.00000E+00  0.00000E+00
 ***** INPUT LINE  8  XQ   0    0    0    0  0.00000E+00  0.00000E+00  0.00000E+00  0.00000E+00  0.00000E+00  0.00000E+00




                                 - - - - - - FREQUENCY - - - - - -

                                    FREQUENCY= 7.1500E+00 MHZ
                                    WAVELENGTH= 4.1930E+01 METERS



                                  - - - ANTENNA ENVIRONMENT - - -


 GMPINO: EPSC from file = 1.30000E+01-6.37447E+00
              should be  1.30000E+01-1.25706E+01
 Will compute Sommerfeld-ground tables
                                        FINITE GROUND.  SOMMERFELD SOLUTION
                                        RELATIVE DIELECTRIC CONST.= 13.000
                                        CONDUCTIVITY= 5.000E-03 MHOS/METER
                                        COMPLEX DIELECTRIC CONSTANT= 1.30000E+01-1.25706E+01



                               - - - STRUCTURE IMPEDANCE LOADING - - -

                                   THIS STRUCTURE IS NOT LOADED
ALLOCATE CM:            576



                                - - - MATRIX TIMING - - -

                        FILL=    0.000 SEC.,  FACTOR=    0.000 SEC.



                                          - - - ANTENNA INPUT PARAMETERS - - -

   TAG   SEG.    VOLTAGE (VOLTS)         CURRENT (AMPS)         IMPEDANCE (OHMS)        ADMITTANCE (MHOS)      POWER
   NO.   NO.    REAL        IMAG.       REAL        IMAG.       REAL        IMAG.       REAL        IMAG.     (WATTS)
   1     1 2 -2.5159E+00 -3.4212E+01  1.4142E+00  0.0000E+00 -1.7790E+00 -2.4192E+01 -3.0235E-03  4.1114E-02 -1.7790E+00
   2     7 2 -3.9534E+01 -5.2019E+01  0.0000E+00 -1.4142E+00  3.6783E+01 -2.7955E+01  1.7233E-02  1.3097E-02  3.6783E+01
   3    13 2 -3.9534E+01 -5.2019E+01  0.0000E+00 -1.4142E+00  3.6783E+01 -2.7955E+01  1.7233E-02  1.3097E-02  3.6783E+01
   4    19 2 -7.9938E+01 -5.8796E+01 -1.4142E+00  0.0000E+00  5.6525E+01  4.1575E+01  1.1481E-02 -8.4442E-03  5.6525E+01



                                       - - - Wire Currents - - -

                             Lengths normalized by wavelength (or 2.*pi/CABS(k))

  Elem.  Tag            Coord. of seg. center          Seg.            - - - Current (Amps) - - -
   No.   No.     X            Y            Z           Length       Real         Imag.        Mag.         Phase
      1    1  0.00000E+00  0.00000E+00  1.98390E-02  3.96780E-02  1.37737E+00  8.42074E-04  1.37737E+00    0.0350
      2    1  0.00000E+00  0.00000E+00  5.95170E-02  3.96780E-02  1.26791E+00  1.60646E-03  1.26791E+00    0.0726
      3    1  0.00000E+00  0.00000E+00  9.91949E-02  3.96780E-02  1.08819E+00  9.54657E-04  1.08819E+00    0.0503
      4    1  0.00000E+00  0.00000E+00  1.38873E-01  3.96780E-02  8.44178E-01 -2.63934E-04  8.44178E-01   -0.0179
      5    1  0.00000E+00  0.00000E+00  1.78551E-01  3.96780E-02  5.45471E-01 -1.14894E-03  5.45472E-01   -0.1207
      6    1  0.00000E+00  0.00000E+00  2.18229E-01  3.96780E-02  1.91843E-01 -6.94735E-04  1.91845E-01   -0.2075
      7    2  0.00000E+00  2.50208E-01  1.98390E-02  3.96780E-02 -2.23424E-02 -1.37514E+00  1.37532E+00  -90.9308
      8    2  0.00000E+00  2.50208E-01  5.95170E-02  3.96780E-02 -5.58389E-02 -1.26243E+00  1.26367E+00  -92.5326
      9    2  0.00000E+00  2.50208E-01  9.91949E-02  3.96780E-02 -7.00014E-02 -1.08156E+00  1.08382E+00  -93.7032
     10    2  0.00000E+00  2.50208E-01  1.38873E-01  3.96780E-02 -6.83901E-02 -8.37946E-01  8.40732E-01  -94.6659
     11    2  0.00000E+00  2.50208E-01  1.78551E-01  3.96780E-02 -5.18905E-02 -5.40933E-01  5.43416E-01  -95.4795
     12    2  0.00000E+00  2.50208E-01  2.18229E-01  3.96780E-02 -2.00054E-02 -1.90143E-01  1.91192E-01  -96.0061
     13    3  2.50208E-01  0.00000E+00  1.98390E-02  3.96780E-02 -2.23424E-02 -1.37514E+00  1.37532E+00  -90.9308
     14    3  2.50208E-01  0.00000E+00  5.95170E-02  3.96780E-02 -5.58389E-02 -1.26243E+00  1.26367E+00  -92.5326
     15    3  2.50208E-01  0.00000E+00  9.91949E-02  3.96780E-02 -7.00014E-02 -1.08156E+00  1.08382E+00  -93.7032
     16    3  2.50208E-01  0.00000E+00  1.38873E-01  3.96780E-02 -6.83901E-02 -8.37946E-01  8.40732E-01  -94.6659
     17    3  2.50208E-01  0.00000E+00  1.78551E-01  3.96780E-02 -5.18905E-02 -5.40933E-01  5.43416E-01  -95.4795
     18    3  2.50208E-01  0.00000E+00  2.18229E-01  3.96780E-02 -2.00054E-02 -1.90143E-01  1.91192E-01  -96.0061
     19    4  2.50208E-01  2.50208E-01  1.98390E-02  3.96780E-02 -1.41731E+00  3.41608E-02  1.41772E+00  178.6193
     20    4  2.50208E-01  2.50208E-01  5.95170E-02  3.96780E-02 -1.36768E+00  8.50161E-02  1.37032E+00  176.4430
     21    4  2.50208E-01  2.50208E-01  9.91949E-02  3.96780E-02 -1.21321E+00  1.05817E-01  1.21781E+00  175.0152
     22    4  2.50208E-01  2.50208E-01  1.38873E-01  3.96780E-02 -9.66239E-01  1.02532E-01  9.71664E-01  173.9428
     23    4  2.50208E-01  2.50208E-01  1.78551E-01  3.96780E-02 -6.38021E-01  7.71399E-02  6.42668E-01  173.1061
     24    4  2.50208E-01  2.50208E-01  2.18229E-01  3.96780E-02 -2.27507E-01  2.95700E-02  2.29421E-01  172.5946



                             - - - Wire Charge Densities - - -

                     Lengths normalized by wavelength (or 2.*pi/CABS(k))

  ELEM.  TAG          Coord. of Seg. Center           Seg.        Charge Density (C/m)
   No.   No.     X            Y            Z          Length        Mag.         Phase
      1    1  0.00000E+00  0.00000E+00  1.98390E-02  3.96780E-02  9.86088E-10  -91.3094
      2    1  0.00000E+00  0.00000E+00  5.95170E-02  3.96780E-02  1.94334E-09  -89.9387
      3    1  0.00000E+00  0.00000E+00  9.91949E-02  3.96780E-02  2.86568E-09  -89.6928
      4    1  0.00000E+00  0.00000E+00  1.38873E-01  3.96780E-02  3.66398E-09  -89.7303
      5    1  0.00000E+00  0.00000E+00  1.78551E-01  3.96780E-02  4.32917E-09  -89.9148
      6    1  0.00000E+00  0.00000E+00  2.18229E-01  3.96780E-02  5.13356E-09  -90.2075
      7    2  0.00000E+00  2.50208E-01  1.98390E-02  3.96780E-02  1.20445E-09 -150.2396
      8    2  0.00000E+00  2.50208E-01  5.95170E-02  3.96780E-02  1.99277E-09 -171.3859
      9    2  0.00000E+00  2.50208E-01  9.91949E-02  3.96780E-02  2.87089E-09 -178.3932
     10    2  0.00000E+00  2.50208E-01  1.38873E-01  3.96780E-02  3.65111E-09  178.0597
     11    2  0.00000E+00  2.50208E-01  1.78551E-01  3.96780E-02  4.31048E-09  175.7707
     12    2  0.00000E+00  2.50208E-01  2.18229E-01  3.96780E-02  5.11611E-09  173.9939
     13    3  2.50208E-01  0.00000E+00  1.98390E-02  3.96780E-02  1.20445E-09 -150.2396
     14    3  2.50208E-01  0.00000E+00  5.95170E-02  3.96780E-02  1.99277E-09 -171.3859
     15    3  2.50208E-01  0.00000E+00  9.91949E-02  3.96780E-02  2.87089E-09 -178.3932
     16    3  2.50208E-01  0.00000E+00  1.38873E-01  3.96780E-02  3.65111E-09  178.0597
     17    3  2.50208E-01  0.00000E+00  1.78551E-01  3.96780E-02  4.31048E-09  175.7707
     18    3  2.50208E-01  0.00000E+00  2.18229E-01  3.96780E-02  5.11611E-09  173.9939
     19    4  2.50208E-01  2.50208E-01  1.98390E-02  3.96780E-02  9.17844E-10 -174.8283
     20    4  2.50208E-01  2.50208E-01  5.95170E-02  3.96780E-02  1.47972E-09  107.5716
     21    4  2.50208E-01  2.50208E-01  9.91949E-02  3.96780E-02  2.72510E-09   92.3110
     22    4  2.50208E-01  2.50208E-01  1.38873E-01  3.96780E-02  3.89072E-09   87.0860
     23    4  2.50208E-01  2.50208E-01  1.78551E-01  3.96780E-02  4.92071E-09   84.3827
     24    4  2.50208E-01  2.50208E-01  2.18229E-01  3.96780E-02  6.13906E-09   82.5946



                                        - - - POWER BUDGET - - -

                                           INPUT POWER   = 1.2831E+02 WATTS
                                           RADIATED POWER= 1.2831E+02 WATTS
                                           WIRE LOSS     = 0.0000E+00 WATTS
                                           EFFICIENCY    = 100.00 PERCENT




 ***** INPUT LINE  9  EN   0    0    0    0  0.00000E+00  0.00000E+00  0.00000E+00  0.00000E+00  0.00000E+00  0.00000E+00

 RUN TIME =     0.000
