1
 x13



                                ***********************************************
                                *                                             *
                                *  NUMERICAL ELECTROMAGNETICS CODE (NEC-5)    *
                                *                                             *
                                ***********************************************




                      **********************************************************

                          Dipole in free space                                                         
                                                                                                       
                          EZNEC Pro/2+ v. 7.0.4  2026-08-25 16:06:59                                   
                                                                                                       
                          ! Written by EZNEC/Pro+ v. 7.0 in NEC-5 format.                              
                                                                                                       

                      **********************************************************





                                 - - - STRUCTURE SPECIFICATION - - -

                                     COORDINATES MUST BE INPUT IN
                                     METERS OR BE SCALED TO METERS
                                     BEFORE STRUCTURE INPUT IS ENDED

 Model definition commands:

 GW    1    11  0.00000E+00 -2.50000E-01  0.00000E+00  0.00000E+00  2.50000E-01  0.00000E+00  5.00000E-04
 GE    0   -1

 Number of nodes :    12
 Number of wire elements :    11
 Number of patch elements:     0
 Number unknowns:    10




 ***** INPUT LINE  1  FR   0    1    0    0  3.00000E+02  0.00000E+00  0.00000E+00  0.00000E+00  0.00000E+00  0.00000E+00
 ***** INPUT LINE  2  GN  -1    0    0    0  0.00000E+00  0.00000E+00  0.00000E+00  0.00000E+00  0.00000E+00  0.00000E+00
 ***** INPUT LINE  3  EX   4    1    6    0  1.41421E+00  0.00000E+00  0.00000E+00  0.00000E+00  0.00000E+00  0.00000E+00
 ***** INPUT LINE  4  PQ   0    0    0    0  0.00000E+00  0.00000E+00  0.00000E+00  0.00000E+00  0.00000E+00  0.00000E+00
 ***** INPUT LINE  5  XQ   0    0    0    0  0.00000E+00  0.00000E+00  0.00000E+00  0.00000E+00  0.00000E+00  0.00000E+00




                                 - - - - - - FREQUENCY - - - - - -

                                    FREQUENCY= 3.0000E+02 MHZ
                                    WAVELENGTH= 9.9933E-01 METERS



                                  - - - ANTENNA ENVIRONMENT - - -

                                            FREE SPACE



                               - - - STRUCTURE IMPEDANCE LOADING - - -

                                   THIS STRUCTURE IS NOT LOADED
ALLOCATE CM:            100



                                - - - MATRIX TIMING - - -

                        FILL=    0.000 SEC.,  FACTOR=    0.000 SEC.



                                          - - - ANTENNA INPUT PARAMETERS - - -

   TAG   SEG.    VOLTAGE (VOLTS)         CURRENT (AMPS)         IMPEDANCE (OHMS)        ADMITTANCE (MHOS)      POWER
   NO.   NO.    REAL        IMAG.       REAL        IMAG.       REAL        IMAG.       REAL        IMAG.     (WATTS)
   1     6 1  1.1332E+02  4.3360E+01  1.4142E+00  0.0000E+00  8.0131E+01  3.0660E+01  1.0886E-02 -4.1652E-03  8.0131E+01



                                       - - - Wire Currents - - -

                             Lengths normalized by wavelength (or 2.*pi/CABS(k))

  Elem.  Tag            Coord. of seg. center          Seg.            - - - Current (Amps) - - -
   No.   No.     X            Y            Z           Length       Real         Imag.        Mag.         Phase
      1    1  0.00000E+00 -2.27424E-01  0.00000E+00  4.54849E-02  2.31211E-01 -2.85225E-02  2.32963E-01   -7.0326
      2    1  0.00000E+00 -1.81939E-01  0.00000E+00  4.54849E-02  6.51338E-01 -7.41032E-02  6.55540E-01   -6.4907
      3    1  0.00000E+00 -1.36455E-01  0.00000E+00  4.54849E-02  9.89781E-01 -9.76409E-02  9.94585E-01   -5.6339
      4    1  0.00000E+00 -9.09697E-02  0.00000E+00  4.54849E-02  1.24120E+00 -9.94546E-02  1.24518E+00   -4.5812
      5    1  0.00000E+00 -4.54849E-02  0.00000E+00  4.54849E-02  1.39053E+00 -7.85132E-02  1.39275E+00   -3.2316
      6    1  0.00000E+00  3.47176E-17  0.00000E+00  4.54849E-02  1.42609E+00 -3.11188E-02  1.42643E+00   -1.2501
      7    1  0.00000E+00  4.54849E-02  0.00000E+00  4.54849E-02  1.36962E+00 -2.35537E-02  1.36982E+00   -0.9852
      8    1  0.00000E+00  9.09697E-02  0.00000E+00  4.54849E-02  1.22496E+00 -5.64459E-02  1.22626E+00   -2.6383
      9    1  0.00000E+00  1.36455E-01  0.00000E+00  4.54849E-02  9.77423E-01 -6.46846E-02  9.79561E-01   -3.7862
     10    1  0.00000E+00  1.81939E-01  0.00000E+00  4.54849E-02  6.43417E-01 -5.28252E-02  6.45582E-01   -4.6935
     11    1  0.00000E+00  2.27424E-01  0.00000E+00  4.54849E-02  2.28437E-01 -2.10328E-02  2.29404E-01   -5.2605



                             - - - Wire Charge Densities - - -

                     Lengths normalized by wavelength (or 2.*pi/CABS(k))

  ELEM.  TAG          Coord. of Seg. Center           Seg.        Charge Density (C/m)
   No.   No.     X            Y            Z          Length        Mag.         Phase
      1    1  0.00000E+00 -2.27424E-01  0.00000E+00  4.54849E-02  5.43800E-09   82.9674
      2    1  0.00000E+00 -1.81939E-01  0.00000E+00  4.54849E-02  4.42777E-09   84.8405
      3    1  0.00000E+00 -1.36455E-01  0.00000E+00  4.54849E-02  3.49362E-09   87.5188
      4    1  0.00000E+00 -9.09697E-02  0.00000E+00  4.54849E-02  2.38099E-09   92.6217
      5    1  0.00000E+00 -4.54849E-02  0.00000E+00  4.54849E-02  1.17061E-09  108.9381
      6    1  0.00000E+00  3.47176E-17  0.00000E+00  4.54849E-02  7.77492E-10 -159.1124
      7    1  0.00000E+00  4.54849E-02  0.00000E+00  4.54849E-02  1.17722E-09  -62.1578
      8    1  0.00000E+00  9.09697E-02  0.00000E+00  4.54849E-02  2.34607E-09  -84.6686
      9    1  0.00000E+00  1.36455E-01  0.00000E+00  4.54849E-02  3.44228E-09  -90.4273
     10    1  0.00000E+00  1.81939E-01  0.00000E+00  4.54849E-02  4.36165E-09  -93.3011
     11    1  0.00000E+00  2.27424E-01  0.00000E+00  4.54849E-02  5.35490E-09  -95.2605



                                        - - - POWER BUDGET - - -

                                           INPUT POWER   = 8.0131E+01 WATTS
                                           RADIATED POWER= 8.0131E+01 WATTS
                                           WIRE LOSS     = 0.0000E+00 WATTS
                                           EFFICIENCY    = 100.00 PERCENT




 ***** INPUT LINE  6  EN   0    0    0    0  0.00000E+00  0.00000E+00  0.00000E+00  0.00000E+00  0.00000E+00  0.00000E+00

 RUN TIME =     0.000
