1
 x13



                                ***********************************************
                                *                                             *
                                *  NUMERICAL ELECTROMAGNETICS CODE (NEC-5)    *
                                *                                             *
                                ***********************************************




                      **********************************************************

                          Dipole in free space                                                         
                                                                                                       
                          EZNEC Pro/2+ v. 7.0.4  2026-08-25 16:07:02                                   
                                                                                                       
                          ! Written by EZNEC/Pro+ v. 7.0 in NEC-5 format.                              
                                                                                                       

                      **********************************************************





                                 - - - STRUCTURE SPECIFICATION - - -

                                     COORDINATES MUST BE INPUT IN
                                     METERS OR BE SCALED TO METERS
                                     BEFORE STRUCTURE INPUT IS ENDED

 Model definition commands:

 GW    1    11  0.00000E+00 -2.50000E-01  0.00000E+00  0.00000E+00  2.50000E-01  0.00000E+00  5.00000E-04
 GE    0   -1

 Number of nodes :    12
 Number of wire elements :    11
 Number of patch elements:     0
 Number unknowns:    10




 ***** INPUT LINE  1  FR   0    1    0    0  3.14000E+02  0.00000E+00  0.00000E+00  0.00000E+00  0.00000E+00  0.00000E+00
 ***** INPUT LINE  2  GN  -1    0    0    0  0.00000E+00  0.00000E+00  0.00000E+00  0.00000E+00  0.00000E+00  0.00000E+00
 ***** INPUT LINE  3  EX   4    1    6    0  1.41421E+00  0.00000E+00  0.00000E+00  0.00000E+00  0.00000E+00  0.00000E+00
 ***** INPUT LINE  4  PQ   0    0    0    0  0.00000E+00  0.00000E+00  0.00000E+00  0.00000E+00  0.00000E+00  0.00000E+00
 ***** INPUT LINE  5  XQ   0    0    0    0  0.00000E+00  0.00000E+00  0.00000E+00  0.00000E+00  0.00000E+00  0.00000E+00




                                 - - - - - - FREQUENCY - - - - - -

                                    FREQUENCY= 3.1400E+02 MHZ
                                    WAVELENGTH= 9.5478E-01 METERS



                                  - - - ANTENNA ENVIRONMENT - - -

                                            FREE SPACE



                               - - - STRUCTURE IMPEDANCE LOADING - - -

                                   THIS STRUCTURE IS NOT LOADED
ALLOCATE CM:            100



                                - - - MATRIX TIMING - - -

                        FILL=    0.000 SEC.,  FACTOR=    0.000 SEC.



                                          - - - ANTENNA INPUT PARAMETERS - - -

   TAG   SEG.    VOLTAGE (VOLTS)         CURRENT (AMPS)         IMPEDANCE (OHMS)        ADMITTANCE (MHOS)      POWER
   NO.   NO.    REAL        IMAG.       REAL        IMAG.       REAL        IMAG.       REAL        IMAG.     (WATTS)
   1     6 1  1.3237E+02  1.1441E+02  1.4142E+00  0.0000E+00  9.3603E+01  8.0902E+01  6.1152E-03 -5.2854E-03  9.3603E+01



                                       - - - Wire Currents - - -

                             Lengths normalized by wavelength (or 2.*pi/CABS(k))

  Elem.  Tag            Coord. of seg. center          Seg.            - - - Current (Amps) - - -
   No.   No.     X            Y            Z           Length       Real         Imag.        Mag.         Phase
      1    1  0.00000E+00 -2.38037E-01  0.00000E+00  4.76075E-02  2.47248E-01 -3.50929E-02  2.49726E-01   -8.0783
      2    1  0.00000E+00 -1.90430E-01  0.00000E+00  4.76075E-02  6.94889E-01 -9.13335E-02  7.00865E-01   -7.4878
      3    1  0.00000E+00 -1.42822E-01  0.00000E+00  4.76075E-02  1.05046E+00 -1.20554E-01  1.05736E+00   -6.5468
      4    1  0.00000E+00 -9.52150E-02  0.00000E+00  4.76075E-02  1.30580E+00 -1.22842E-01  1.31157E+00   -5.3742
      5    1  0.00000E+00 -4.76075E-02  0.00000E+00  4.76075E-02  1.44315E+00 -9.68814E-02  1.44640E+00   -3.8406
      6    1  0.00000E+00  3.63378E-17  0.00000E+00  4.76075E-02  1.44729E+00 -3.83527E-02  1.44779E+00   -1.5180
      7    1  0.00000E+00  4.76075E-02  0.00000E+00  4.76075E-02  1.38443E+00 -2.86016E-02  1.38473E+00   -1.1835
      8    1  0.00000E+00  9.52150E-02  0.00000E+00  4.76075E-02  1.25937E+00 -6.85226E-02  1.26124E+00   -3.1144
      9    1  0.00000E+00  1.42822E-01  0.00000E+00  4.76075E-02  1.01469E+00 -7.84410E-02  1.01772E+00   -4.4205
     10    1  0.00000E+00  1.90430E-01  0.00000E+00  4.76075E-02  6.71741E-01 -6.39229E-02  6.74776E-01   -5.4359
     11    1  0.00000E+00  2.38037E-01  0.00000E+00  4.76075E-02  2.39099E-01 -2.54028E-02  2.40445E-01   -6.0646



                             - - - Wire Charge Densities - - -

                     Lengths normalized by wavelength (or 2.*pi/CABS(k))

  ELEM.  TAG          Coord. of Seg. Center           Seg.        Charge Density (C/m)
   No.   No.     X            Y            Z          Length        Mag.         Phase
      1    1  0.00000E+00 -2.38037E-01  0.00000E+00  4.76075E-02  5.56937E-09   81.9217
      2    1  0.00000E+00 -1.90430E-01  0.00000E+00  4.76075E-02  4.49398E-09   83.9758
      3    1  0.00000E+00 -1.42822E-01  0.00000E+00  4.76075E-02  3.46555E-09   87.0221
      4    1  0.00000E+00 -9.52150E-02  0.00000E+00  4.76075E-02  2.23734E-09   93.3056
      5    1  0.00000E+00 -4.76075E-02  0.00000E+00  4.76075E-02  9.43823E-10  118.4730
      6    1  0.00000E+00  3.63378E-17  0.00000E+00  4.76075E-02  1.12942E-09 -139.2293
      7    1  0.00000E+00  4.76075E-02  0.00000E+00  4.76075E-02  9.20861E-10  -46.1565
      8    1  0.00000E+00  9.52150E-02  0.00000E+00  4.76075E-02  2.13989E-09  -83.2250
      9    1  0.00000E+00  1.42822E-01  0.00000E+00  4.76075E-02  3.33216E-09  -90.5372
     10    1  0.00000E+00  1.90430E-01  0.00000E+00  4.76075E-02  4.32629E-09  -93.8773
     11    1  0.00000E+00  2.38037E-01  0.00000E+00  4.76075E-02  5.36239E-09  -96.0646



                                        - - - POWER BUDGET - - -

                                           INPUT POWER   = 9.3603E+01 WATTS
                                           RADIATED POWER= 9.3603E+01 WATTS
                                           WIRE LOSS     = 0.0000E+00 WATTS
                                           EFFICIENCY    = 100.00 PERCENT




 ***** INPUT LINE  6  EN   0    0    0    0  0.00000E+00  0.00000E+00  0.00000E+00  0.00000E+00  0.00000E+00  0.00000E+00

 RUN TIME =     0.000
