1
 x13



                                ***********************************************
                                *                                             *
                                *  NUMERICAL ELECTROMAGNETICS CODE (NEC-5)    *
                                *                                             *
                                ***********************************************




                      **********************************************************

                          Dipole in free space                                                         
                                                                                                       
                          EZNEC Pro/2+ v. 7.0.4  2026-08-25 16:07:01                                   
                                                                                                       
                          ! Written by EZNEC/Pro+ v. 7.0 in NEC-5 format.                              
                                                                                                       

                      **********************************************************





                                 - - - STRUCTURE SPECIFICATION - - -

                                     COORDINATES MUST BE INPUT IN
                                     METERS OR BE SCALED TO METERS
                                     BEFORE STRUCTURE INPUT IS ENDED

 Model definition commands:

 GW    1    11  0.00000E+00 -2.50000E-01  0.00000E+00  0.00000E+00  2.50000E-01  0.00000E+00  5.00000E-04
 GE    0   -1

 Number of nodes :    12
 Number of wire elements :    11
 Number of patch elements:     0
 Number unknowns:    10




 ***** INPUT LINE  1  FR   0    1    0    0  3.11000E+02  0.00000E+00  0.00000E+00  0.00000E+00  0.00000E+00  0.00000E+00
 ***** INPUT LINE  2  GN  -1    0    0    0  0.00000E+00  0.00000E+00  0.00000E+00  0.00000E+00  0.00000E+00  0.00000E+00
 ***** INPUT LINE  3  EX   4    1    6    0  1.41421E+00  0.00000E+00  0.00000E+00  0.00000E+00  0.00000E+00  0.00000E+00
 ***** INPUT LINE  4  PQ   0    0    0    0  0.00000E+00  0.00000E+00  0.00000E+00  0.00000E+00  0.00000E+00  0.00000E+00
 ***** INPUT LINE  5  XQ   0    0    0    0  0.00000E+00  0.00000E+00  0.00000E+00  0.00000E+00  0.00000E+00  0.00000E+00




                                 - - - - - - FREQUENCY - - - - - -

                                    FREQUENCY= 3.1100E+02 MHZ
                                    WAVELENGTH= 9.6399E-01 METERS



                                  - - - ANTENNA ENVIRONMENT - - -

                                            FREE SPACE



                               - - - STRUCTURE IMPEDANCE LOADING - - -

                                   THIS STRUCTURE IS NOT LOADED
ALLOCATE CM:            100



                                - - - MATRIX TIMING - - -

                        FILL=    0.000 SEC.,  FACTOR=    0.000 SEC.



                                          - - - ANTENNA INPUT PARAMETERS - - -

   TAG   SEG.    VOLTAGE (VOLTS)         CURRENT (AMPS)         IMPEDANCE (OHMS)        ADMITTANCE (MHOS)      POWER
   NO.   NO.    REAL        IMAG.       REAL        IMAG.       REAL        IMAG.       REAL        IMAG.     (WATTS)
   1     6 1  1.2803E+02  9.9109E+01  1.4142E+00  0.0000E+00  9.0528E+01  7.0081E+01  6.9070E-03 -5.3470E-03  9.0528E+01



                                       - - - Wire Currents - - -

                             Lengths normalized by wavelength (or 2.*pi/CABS(k))

  Elem.  Tag            Coord. of seg. center          Seg.            - - - Current (Amps) - - -
   No.   No.     X            Y            Z           Length       Real         Imag.        Mag.         Phase
      1    1  0.00000E+00 -2.35763E-01  0.00000E+00  4.71526E-02  2.43639E-01 -3.35668E-02  2.45940E-01   -7.8444
      2    1  0.00000E+00 -1.88611E-01  0.00000E+00  4.71526E-02  6.85089E-01 -8.73287E-02  6.90633E-01   -7.2643
      3    1  0.00000E+00 -1.41458E-01  0.00000E+00  4.71526E-02  1.03682E+00 -1.15225E-01  1.04320E+00   -6.3414
      4    1  0.00000E+00 -9.43053E-02  0.00000E+00  4.71526E-02  1.29129E+00 -1.17403E-01  1.29662E+00   -5.1950
      5    1  0.00000E+00 -4.71526E-02  0.00000E+00  4.71526E-02  1.43136E+00 -9.26123E-02  1.43435E+00   -3.7020
      6    1  0.00000E+00  3.59906E-17  0.00000E+00  4.71526E-02  1.44254E+00 -3.66726E-02  1.44301E+00   -1.4563
      7    1  0.00000E+00  4.71526E-02  0.00000E+00  4.71526E-02  1.38115E+00 -2.74399E-02  1.38142E+00   -1.1382
      8    1  0.00000E+00  9.43053E-02  0.00000E+00  4.71526E-02  1.25173E+00 -6.57438E-02  1.25346E+00   -3.0065
      9    1  0.00000E+00  1.41458E-01  0.00000E+00  4.71526E-02  1.00641E+00 -7.52774E-02  1.00922E+00   -4.2777
     10    1  0.00000E+00  1.88611E-01  0.00000E+00  4.71526E-02  6.65446E-01 -6.13733E-02  6.68270E-01   -5.2694
     11    1  0.00000E+00  2.35763E-01  0.00000E+00  4.71526E-02  2.36730E-01 -2.43998E-02  2.37984E-01   -5.8847



                             - - - Wire Charge Densities - - -

                     Lengths normalized by wavelength (or 2.*pi/CABS(k))

  ELEM.  TAG          Coord. of Seg. Center           Seg.        Charge Density (C/m)
   No.   No.     X            Y            Z          Length        Mag.         Phase
      1    1  0.00000E+00 -2.35763E-01  0.00000E+00  4.71526E-02  5.53785E-09   82.1556
      2    1  0.00000E+00 -1.88611E-01  0.00000E+00  4.71526E-02  4.47731E-09   84.1707
      3    1  0.00000E+00 -1.41458E-01  0.00000E+00  4.71526E-02  3.47009E-09   87.1356
      4    1  0.00000E+00 -9.43053E-02  0.00000E+00  4.71526E-02  2.26765E-09   93.1440
      5    1  0.00000E+00 -4.71526E-02  0.00000E+00  4.71526E-02  9.89771E-10  115.9970
      6    1  0.00000E+00  3.59906E-17  0.00000E+00  4.71526E-02  1.04340E-09 -142.3179
      7    1  0.00000E+00  4.71526E-02  0.00000E+00  4.71526E-02  9.67558E-10  -50.3137
      8    1  0.00000E+00  9.43053E-02  0.00000E+00  4.71526E-02  2.18323E-09  -83.5666
      9    1  0.00000E+00  1.41458E-01  0.00000E+00  4.71526E-02  3.35462E-09  -90.5116
     10    1  0.00000E+00  1.88611E-01  0.00000E+00  4.71526E-02  4.33224E-09  -93.7471
     11    1  0.00000E+00  2.35763E-01  0.00000E+00  4.71526E-02  5.35870E-09  -95.8847



                                        - - - POWER BUDGET - - -

                                           INPUT POWER   = 9.0528E+01 WATTS
                                           RADIATED POWER= 9.0528E+01 WATTS
                                           WIRE LOSS     = 0.0000E+00 WATTS
                                           EFFICIENCY    = 100.00 PERCENT




 ***** INPUT LINE  6  EN   0    0    0    0  0.00000E+00  0.00000E+00  0.00000E+00  0.00000E+00  0.00000E+00  0.00000E+00

 RUN TIME =     0.000
