1
 x13



                                ***********************************************
                                *                                             *
                                *  NUMERICAL ELECTROMAGNETICS CODE (NEC-5)    *
                                *                                             *
                                ***********************************************




                      **********************************************************

                          Dipole with coax feedline                                                    
                                                                                                       
                          EZNEC Pro/2+ v. 7.0.4  2026-08-20 20:19:05                                   
                                                                                                       
                          ! Written by EZNEC/Pro+ v. 7.0 in NEC-5 format.                              
                                                                                                       

                      **********************************************************





                                 - - - STRUCTURE SPECIFICATION - - -

                                     COORDINATES MUST BE INPUT IN
                                     METERS OR BE SCALED TO METERS
                                     BEFORE STRUCTURE INPUT IS ENDED

 Model definition commands:

 GW    1    10  0.00000E+00 -5.11150E+00  9.14400E+00  0.00000E+00 -3.04800E-02  9.14400E+00  1.02620E-03
 GW    2     1  0.00000E+00 -3.04800E-02  9.14400E+00  0.00000E+00  3.04800E-02  9.14400E+00  1.02620E-03
 GW    3    10  0.00000E+00  3.04800E-02  9.14400E+00  0.00000E+00  5.11150E+00  9.14400E+00  1.02620E-03
 GW    4     1  0.00000E+00 -3.04800E-02  3.04800E-03  0.00000E+00  3.04800E-02  3.04800E-03  1.02620E-03
 GW    5    20  0.00000E+00  3.04800E-02  9.14400E+00  0.00000E+00  3.04800E-02  3.04800E-03  1.90500E-03
 GE    1   -1

   GROUND PLANE SPECIFIED.

   WHERE WIRE ENDS TOUCH GROUND, CURRENT WILL BE INTERPOLATED TO IMAGE IN GROUND PLANE.


 Number of nodes :    43
 Number of wire elements :    42
 Number of patch elements:     0
 Number unknowns:    41




 ***** INPUT LINE  1  FR   0    1    0    0  1.40000E+01  0.00000E+00  0.00000E+00  0.00000E+00  0.00000E+00  0.00000E+00
 ***** INPUT LINE  2  GD   0    0    0    0  2.00000E+01  3.03000E-02  1.00000E+00  0.00000E+00  0.00000E+00  0.00000E+00
 ***** INPUT LINE  3  EX   4    4    1    0  1.41421E+00  0.00000E+00  0.00000E+00  0.00000E+00  0.00000E+00  0.00000E+00
 ***** INPUT LINE  4  TL   2   -1    4    1  5.00000E+01  1.38502E+01  0.00000E+00  0.00000E+00  0.00000E+00  0.00000E+00
 ***** INPUT LINE  5  PQ   0    0    0    0  0.00000E+00  0.00000E+00  0.00000E+00  0.00000E+00  0.00000E+00  0.00000E+00
 ***** INPUT LINE  6  XQ   0    0    0    0  0.00000E+00  0.00000E+00  0.00000E+00  0.00000E+00  0.00000E+00  0.00000E+00




                                 - - - - - - FREQUENCY - - - - - -

                                    FREQUENCY= 1.4000E+01 MHZ
                                    WAVELENGTH= 2.1414E+01 METERS



                                  - - - ANTENNA ENVIRONMENT - - -


 GMPINO: EPSC from file = 1.30000E+01-1.28034E+01
              should be  2.00000E+01-3.89052E+01
 Will compute Sommerfeld-ground tables
                                        FINITE GROUND.  SOMMERFELD SOLUTION
                                        RELATIVE DIELECTRIC CONST.= 20.000
                                        CONDUCTIVITY= 3.030E-02 MHOS/METER
                                        COMPLEX DIELECTRIC CONSTANT= 2.00000E+01-3.89052E+01



                               - - - STRUCTURE IMPEDANCE LOADING - - -

                                   THIS STRUCTURE IS NOT LOADED
ALLOCATE CM:           1681



                                - - - MATRIX TIMING - - -

                        FILL=    0.000 SEC.,  FACTOR=    0.000 SEC.



                                            - - - NETWORK DATA - - -

      - FROM -    - TO -           TRANSMISSION LINE               -  -  SHUNT ADMITTANCES (MHOS)  -  -              LINE
      TAG  SEG.   TAG  SEG.      IMPEDANCE      LENGTH            - END ONE -                 - END TWO -            TYPE
      NO.   NO.   NO.   NO.         OHMS        METERS         REAL          IMAG.         REAL          IMAG.
        2   -11     4    22     5.0000E+01    1.3850E+01    0.0000E+00    0.0000E+00    0.0000E+00    0.0000E+00   STRAIGHT



                           - - - STRUCTURE EXCITATION DATA AT NETWORK CONNECTION POINTS - - -

   TAG   SEG.    VOLTAGE (VOLTS)         CURRENT (AMPS)         IMPEDANCE (OHMS)        ADMITTANCE (MHOS)      POWER
   NO.   NO.    REAL        IMAG.       REAL        IMAG.       REAL        IMAG.       REAL        IMAG.     (WATTS)
   2    11 2 -2.0151E+01  6.7616E+01 -5.6244E-01  5.3779E-01  7.8766E+01 -4.4905E+01  9.5816E-03  5.4625E-03  2.3848E+01
   4    22 1  3.3602E+01 -1.8432E+01 -3.2429E-03  3.6661E-03 -7.3692E+03 -2.6471E+03 -1.2019E-04  4.3173E-05 -8.8270E-02



                                          - - - ANTENNA INPUT PARAMETERS - - -

   TAG   SEG.    VOLTAGE (VOLTS)         CURRENT (AMPS)         IMPEDANCE (OHMS)        ADMITTANCE (MHOS)      POWER
   NO.   NO.    REAL        IMAG.       REAL        IMAG.       REAL        IMAG.       REAL        IMAG.     (WATTS)
   4    22 1  3.3602E+01 -1.8432E+01  1.4142E+00  0.0000E+00  2.3760E+01 -1.3033E+01  3.2352E-02  1.7747E-02  2.3760E+01



                                       - - - Wire Currents - - -

                             Lengths normalized by wavelength (or 2.*pi/CABS(k))

  Elem.  Tag            Coord. of seg. center          Seg.            - - - Current (Amps) - - -
   No.   No.     X            Y            Z           Length       Real         Imag.        Mag.         Phase
      1    1  0.00000E+00 -2.26832E-01  4.27005E-01  2.37272E-02 -4.30501E-02  4.87000E-02  6.50000E-02  131.4762
      2    1  0.00000E+00 -2.03105E-01  4.27005E-01  2.37272E-02 -1.25376E-01  1.40717E-01  1.88469E-01  131.7004
      3    1  0.00000E+00 -1.79378E-01  4.27005E-01  2.37272E-02 -2.01585E-01  2.23634E-01  3.01079E-01  132.0317
      4    1  0.00000E+00 -1.55650E-01  4.27005E-01  2.37272E-02 -2.72850E-01  2.98839E-01  4.04662E-01  132.3971
      5    1  0.00000E+00 -1.31923E-01  4.27005E-01  2.37272E-02 -3.38440E-01  3.65536E-01  4.98155E-01  132.7957
      6    1  0.00000E+00 -1.08196E-01  4.27005E-01  2.37272E-02 -3.97382E-01  4.22662E-01  5.80134E-01  133.2342
      7    1  0.00000E+00 -8.44686E-02  4.27005E-01  2.37272E-02 -4.48724E-01  4.69177E-01  6.49214E-01  133.7235
      8    1  0.00000E+00 -6.07414E-02  4.27005E-01  2.37272E-02 -4.91667E-01  5.04160E-01  7.04211E-01  134.2813
      9    1  0.00000E+00 -3.70142E-02  4.27005E-01  2.37272E-02 -5.25721E-01  5.26840E-01  7.44274E-01  134.9391
     10    1  0.00000E+00 -1.32870E-02  4.27005E-01  2.37272E-02 -5.51463E-01  5.36404E-01  7.69311E-01  135.7931
     11    2  0.00000E+00 -1.70116E-17  4.27005E-01  2.84670E-03 -5.61538E-01  5.38088E-01  7.77730E-01  136.2216
     12    3  0.00000E+00  1.32870E-02  4.27005E-01  2.37272E-02 -5.67041E-01  5.07779E-01  7.61167E-01  138.1559
     13    3  0.00000E+00  3.70142E-02  4.27005E-01  2.37272E-02 -5.44260E-01  4.98506E-01  7.38057E-01  137.5124
     14    3  0.00000E+00  6.07414E-02  4.27005E-01  2.37272E-02 -5.11010E-01  4.77137E-01  6.99135E-01  136.9633
     15    3  0.00000E+00  8.44686E-02  4.27005E-01  2.37272E-02 -4.67733E-01  4.44188E-01  6.45040E-01  136.4790
     16    3  0.00000E+00  1.08196E-01  4.27005E-01  2.37272E-02 -4.15182E-01  4.00323E-01  5.76745E-01  136.0439
     17    3  0.00000E+00  1.31923E-01  4.27005E-01  2.37272E-02 -3.54294E-01  3.46376E-01  4.95481E-01  135.6474
     18    3  0.00000E+00  1.55650E-01  4.27005E-01  2.37272E-02 -2.86119E-01  2.83311E-01  4.02653E-01  135.2825
     19    3  0.00000E+00  1.79378E-01  4.27005E-01  2.37272E-02 -2.11709E-01  2.12117E-01  2.99691E-01  134.9448
     20    3  0.00000E+00  2.03105E-01  4.27005E-01  2.37272E-02 -1.31850E-01  1.33535E-01  1.87659E-01  134.6363
     21    3  0.00000E+00  2.26832E-01  4.27005E-01  2.37272E-02 -4.53138E-02  4.62302E-02  6.47346E-02  134.4265
     22    4  0.00000E+00  0.00000E+00  1.42335E-04  2.84670E-03 -1.62143E-03  1.83304E-03  2.44726E-03  131.4947
     23    5  0.00000E+00  1.42335E-03  4.16333E-01  2.13431E-02  2.13868E-02  3.05730E-02  3.73109E-02   55.0260
     24    5  0.00000E+00  1.42335E-03  3.94990E-01  2.13431E-02  3.31454E-02  3.32405E-02  4.69420E-02   45.0821
     25    5  0.00000E+00  1.42335E-03  3.73647E-01  2.13431E-02  4.36256E-02  3.52442E-02  5.60834E-02   38.9340
     26    5  0.00000E+00  1.42335E-03  3.52304E-01  2.13431E-02  5.30028E-02  3.66796E-02  6.44569E-02   34.6845
     27    5  0.00000E+00  1.42335E-03  3.30961E-01  2.13431E-02  6.12329E-02  3.75639E-02  7.18368E-02   31.5274
     28    5  0.00000E+00  1.42335E-03  3.09618E-01  2.13431E-02  6.82274E-02  3.79038E-02  7.80492E-02   29.0544
     29    5  0.00000E+00  1.42335E-03  2.88274E-01  2.13431E-02  7.38924E-02  3.77070E-02  8.29572E-02   27.0350
     30    5  0.00000E+00  1.42335E-03  2.66931E-01  2.13431E-02  7.81431E-02  3.69861E-02  8.64541E-02   25.3288
     31    5  0.00000E+00  1.42335E-03  2.45588E-01  2.13431E-02  8.09108E-02  3.57599E-02  8.84609E-02   23.8439
     32    5  0.00000E+00  1.42335E-03  2.24245E-01  2.13431E-02  8.21460E-02  3.40540E-02  8.89250E-02   22.5167
     33    5  0.00000E+00  1.42335E-03  2.02902E-01  2.13431E-02  8.18207E-02  3.19001E-02  8.78193E-02   21.2997
     34    5  0.00000E+00  1.42335E-03  1.81559E-01  2.13431E-02  7.99281E-02  2.93360E-02  8.51417E-02   20.1546
     35    5  0.00000E+00  1.42335E-03  1.60216E-01  2.13431E-02  7.64832E-02  2.64044E-02  8.09128E-02   19.0463
     36    5  0.00000E+00  1.42335E-03  1.38873E-01  2.13431E-02  7.15200E-02  2.31517E-02  7.51738E-02   17.9373
     37    5  0.00000E+00  1.42335E-03  1.17529E-01  2.13431E-02  6.50881E-02  1.96263E-02  6.79828E-02   16.7799
     38    5  0.00000E+00  1.42335E-03  9.61864E-02  2.13431E-02  5.72466E-02  1.58758E-02  5.94072E-02   15.5000
     39    5  0.00000E+00  1.42335E-03  7.48432E-02  2.13431E-02  4.80499E-02  1.19425E-02  4.95118E-02   13.9577
     40    5  0.00000E+00  1.42335E-03  5.35001E-02  2.13431E-02  3.75184E-02  7.85355E-03  3.83316E-02   11.8227
     41    5  0.00000E+00  1.42335E-03  3.21570E-02  2.13431E-02  2.55452E-02  3.59167E-03  2.57965E-02    8.0034
     42    5  0.00000E+00  1.42335E-03  1.08139E-02  2.13431E-02  1.12076E-02 -1.12745E-03  1.12642E-02   -5.7445



                             - - - Wire Charge Densities - - -

                     Lengths normalized by wavelength (or 2.*pi/CABS(k))

  ELEM.  TAG          Coord. of Seg. Center           Seg.        Charge Density (C/m)
   No.   No.     X            Y            Z          Length        Mag.         Phase
      1    1  0.00000E+00 -2.26832E-01  4.27005E-01  2.37272E-02  2.90861E-09 -138.5238
      2    1  0.00000E+00 -2.03105E-01  4.27005E-01  2.37272E-02  2.61649E-09 -137.8011
      3    1  0.00000E+00 -1.79378E-01  4.27005E-01  2.37272E-02  2.42306E-09 -136.9961
      4    1  0.00000E+00 -1.55650E-01  4.27005E-01  2.37272E-02  2.21331E-09 -136.0428
      5    1  0.00000E+00 -1.31923E-01  4.27005E-01  2.37272E-02  1.97284E-09 -134.8474
      6    1  0.00000E+00 -1.08196E-01  4.27005E-01  2.37272E-02  1.70052E-09 -133.2413
      7    1  0.00000E+00 -8.44686E-02  4.27005E-01  2.37272E-02  1.40021E-09 -130.8811
      8    1  0.00000E+00 -6.07414E-02  4.27005E-01  2.37272E-02  1.07978E-09 -126.9448
      9    1  0.00000E+00 -3.70142E-02  4.27005E-01  2.37272E-02  7.55406E-10 -118.9726
     10    1  0.00000E+00 -1.32870E-02  4.27005E-01  2.37272E-02  4.94908E-10  -97.1990
     11    2  0.00000E+00 -1.70116E-17  4.27005E-01  2.84670E-03  3.52860E-10  108.4006
     12    3  0.00000E+00  1.32870E-02  4.27005E-01  2.37272E-02  3.97330E-10   79.9156
     13    3  0.00000E+00  3.70142E-02  4.27005E-01  2.37272E-02  7.16887E-10   61.1981
     14    3  0.00000E+00  6.07414E-02  4.27005E-01  2.37272E-02  1.05462E-09   54.6044
     15    3  0.00000E+00  8.44686E-02  4.27005E-01  2.37272E-02  1.38032E-09   51.2734
     16    3  0.00000E+00  1.08196E-01  4.27005E-01  2.37272E-02  1.68325E-09   49.2248
     17    3  0.00000E+00  1.31923E-01  4.27005E-01  2.37272E-02  1.95716E-09   47.8006
     18    3  0.00000E+00  1.55650E-01  4.27005E-01  2.37272E-02  2.19880E-09   46.7217
     19    3  0.00000E+00  1.79378E-01  4.27005E-01  2.37272E-02  2.40959E-09   45.8490
     20    3  0.00000E+00  2.03105E-01  4.27005E-01  2.37272E-02  2.60400E-09   45.1031
     21    3  0.00000E+00  2.26832E-01  4.27005E-01  2.37272E-02  2.89673E-09   44.4265
     22    4  0.00000E+00  0.00000E+00  1.42335E-04  2.84670E-03  9.12762E-10 -138.5053
     23    5  0.00000E+00  1.42335E-03  4.16333E-01  2.13431E-02  3.19666E-10  103.6847
     24    5  0.00000E+00  1.42335E-03  3.94990E-01  2.13431E-02  2.80228E-10  101.7516
     25    5  0.00000E+00  1.42335E-03  3.73647E-01  2.13431E-02  2.50645E-10   99.7861
     26    5  0.00000E+00  1.42335E-03  3.52304E-01  2.13431E-02  2.21362E-10   97.4762
     27    5  0.00000E+00  1.42335E-03  3.30961E-01  2.13431E-02  1.90547E-10   94.5719
     28    5  0.00000E+00  1.42335E-03  3.09618E-01  2.13431E-02  1.58018E-10   90.6235
     29    5  0.00000E+00  1.42335E-03  2.88274E-01  2.13431E-02  1.24335E-10   84.6886
     30    5  0.00000E+00  1.42335E-03  2.66931E-01  2.13431E-02  9.09763E-11   74.4740
     31    5  0.00000E+00  1.42335E-03  2.45588E-01  2.13431E-02  6.20113E-11   53.7773
     32    5  0.00000E+00  1.42335E-03  2.24245E-01  2.13431E-02  4.95555E-11   13.3275
     33    5  0.00000E+00  1.42335E-03  2.02902E-01  2.13431E-02  6.50753E-11  -25.1057
     34    5  0.00000E+00  1.42335E-03  1.81559E-01  2.13431E-02  9.55854E-11  -44.1133
     35    5  0.00000E+00  1.42335E-03  1.60216E-01  2.13431E-02  1.30200E-10  -53.6296
     36    5  0.00000E+00  1.42335E-03  1.38873E-01  2.13431E-02  1.65348E-10  -59.2266
     37    5  0.00000E+00  1.42335E-03  1.17529E-01  2.13431E-02  1.99715E-10  -62.9654
     38    5  0.00000E+00  1.42335E-03  9.61864E-02  2.13431E-02  2.32820E-10  -65.7030
     39    5  0.00000E+00  1.42335E-03  7.48432E-02  2.13431E-02  2.64854E-10  -67.8473
     40    5  0.00000E+00  1.42335E-03  5.35001E-02  2.13431E-02  2.97215E-10  -69.6123
     41    5  0.00000E+00  1.42335E-03  3.21570E-02  2.13431E-02  3.35070E-10  -71.1115
     42    5  0.00000E+00  1.42335E-03  1.08139E-02  2.13431E-02  4.15855E-10  -72.3212



                                        - - - POWER BUDGET - - -

                                           INPUT POWER   = 2.3760E+01 WATTS
                                           RADIATED POWER= 4.7520E+01 WATTS
                                           WIRE LOSS     = 0.0000E+00 WATTS
                                           EFFICIENCY    = 200.00 PERCENT




 ***** INPUT LINE  7  EN   0    0    0    0  0.00000E+00  0.00000E+00  0.00000E+00  0.00000E+00  0.00000E+00  0.00000E+00

 RUN TIME =     0.000
