1



                                ***********************************************
                                *                                             *
                                *  NUMERICAL ELECTROMAGNETICS CODE (NEC-4.2)  *
                                *                                             *
                                ***********************************************




                      **********************************************************

                          Cardioid - L Network Feed                                                    
                                                                                                       
                          EZNEC Pro/2+ v. 7.0.4  2026-10-03 16:38:22                                   
                                                                                                       
                          ! Written by EZNEC/Pro+ v. 7.0 in NEC-4.2 format.                            
                                                                                                       
                          ! *Wire #3 for virtual segments.                                             
                                                                                                       
                          ! WARNING: MININEC-type ground may not work properly with standard           
                          !          NEC-2 or -4 program.                                              
                                                                                                       

                      **********************************************************





                                 - - - STRUCTURE SPECIFICATION - - -

                                     COORDINATES MUST BE INPUT IN
                                     METERS OR BE SCALED TO METERS
                                     BEFORE STRUCTURE INPUT IS ENDED


  WIRE                                                                               NO. OF    FIRST  LAST     TAG
  NO.        X1         Y1         Z1          X2         Y2         Z2      RADIUS   SEG.     SEG.   SEG.     NO.
     1    0.00000    0.00000    0.00000     0.00000    0.00000   10.05840    0.01270     30        1    30       1
     2   10.48226    0.00000    0.00000    10.48226    0.00000   10.05840    0.01270     30       31    60       2
     3 4192.90100 4192.90100 4234.83100  4192.98500 4192.98500 4234.91500    0.00419      2       61    62       3

   GROUND PLANE SPECIFIED.

   WHERE WIRE ENDS TOUCH GROUND, CURRENT WILL BE INTERPOLATED TO IMAGE IN GROUND PLANE.


   TOTAL SEGMENTS USED=   62     NO. SEG. IN A SYMMETRIC CELL=   62     SYMMETRY FLAG=  0


         - MULTIPLE WIRE JUNCTIONS -
 JUNCTION    SEGMENTS  (- FOR END 1, + FOR END 2)
  NONE




                                 - - - - SEGMENTATION DATA - - - -

                                        COORDINATES IN METERS

                         I+ AND I- INDICATE THE SEGMENTS BEFORE AND AFTER I


  SEG.   COORDINATES OF SEG. CENTER     SEG.     ORIENTATION ANGLES    WIRE    CONNECTION DATA   TAG
  NO.       X         Y         Z       LENGTH     ALPHA     BETA      RADIUS    I-   I    I+    NO.
     1   0.00000   0.00000   0.16764   0.33528   90.00000   0.00000   0.01270     1    1    2      1
     2   0.00000   0.00000   0.50292   0.33528   90.00000   0.00000   0.01270     1    2    3      1
     3   0.00000   0.00000   0.83820   0.33528   90.00000   0.00000   0.01270     2    3    4      1
     4   0.00000   0.00000   1.17348   0.33528   90.00000   0.00000   0.01270     3    4    5      1
     5   0.00000   0.00000   1.50876   0.33528   90.00000   0.00000   0.01270     4    5    6      1
     6   0.00000   0.00000   1.84404   0.33528   90.00000   0.00000   0.01270     5    6    7      1
     7   0.00000   0.00000   2.17932   0.33528   90.00000   0.00000   0.01270     6    7    8      1
     8   0.00000   0.00000   2.51460   0.33528   90.00000   0.00000   0.01270     7    8    9      1
     9   0.00000   0.00000   2.84988   0.33528   90.00000   0.00000   0.01270     8    9   10      1
    10   0.00000   0.00000   3.18516   0.33528   90.00000   0.00000   0.01270     9   10   11      1
    11   0.00000   0.00000   3.52044   0.33528   90.00000   0.00000   0.01270    10   11   12      1
    12   0.00000   0.00000   3.85572   0.33528   90.00000   0.00000   0.01270    11   12   13      1
    13   0.00000   0.00000   4.19100   0.33528   90.00000   0.00000   0.01270    12   13   14      1
    14   0.00000   0.00000   4.52628   0.33528   90.00000   0.00000   0.01270    13   14   15      1
    15   0.00000   0.00000   4.86156   0.33528   90.00000   0.00000   0.01270    14   15   16      1
    16   0.00000   0.00000   5.19684   0.33528   90.00000   0.00000   0.01270    15   16   17      1
    17   0.00000   0.00000   5.53212   0.33528   90.00000   0.00000   0.01270    16   17   18      1
    18   0.00000   0.00000   5.86740   0.33528   90.00000   0.00000   0.01270    17   18   19      1
    19   0.00000   0.00000   6.20268   0.33528   90.00000   0.00000   0.01270    18   19   20      1
    20   0.00000   0.00000   6.53796   0.33528   90.00000   0.00000   0.01270    19   20   21      1
    21   0.00000   0.00000   6.87324   0.33528   90.00000   0.00000   0.01270    20   21   22      1
    22   0.00000   0.00000   7.20852   0.33528   90.00000   0.00000   0.01270    21   22   23      1
    23   0.00000   0.00000   7.54380   0.33528   90.00000   0.00000   0.01270    22   23   24      1
    24   0.00000   0.00000   7.87908   0.33528   90.00000   0.00000   0.01270    23   24   25      1
    25   0.00000   0.00000   8.21436   0.33528   90.00000   0.00000   0.01270    24   25   26      1
    26   0.00000   0.00000   8.54964   0.33528   90.00000   0.00000   0.01270    25   26   27      1
    27   0.00000   0.00000   8.88492   0.33528   90.00000   0.00000   0.01270    26   27   28      1
    28   0.00000   0.00000   9.22020   0.33528   90.00000   0.00000   0.01270    27   28   29      1
    29   0.00000   0.00000   9.55548   0.33528   90.00000   0.00000   0.01270    28   29   30      1
    30   0.00000   0.00000   9.89076   0.33528   90.00000   0.00000   0.01270    29   30    0      1
    31  10.48226   0.00000   0.16764   0.33528   90.00000   0.00000   0.01270    31   31   32      2
    32  10.48226   0.00000   0.50292   0.33528   90.00000   0.00000   0.01270    31   32   33      2
    33  10.48226   0.00000   0.83820   0.33528   90.00000   0.00000   0.01270    32   33   34      2
    34  10.48226   0.00000   1.17348   0.33528   90.00000   0.00000   0.01270    33   34   35      2
    35  10.48226   0.00000   1.50876   0.33528   90.00000   0.00000   0.01270    34   35   36      2
    36  10.48226   0.00000   1.84404   0.33528   90.00000   0.00000   0.01270    35   36   37      2
    37  10.48226   0.00000   2.17932   0.33528   90.00000   0.00000   0.01270    36   37   38      2
    38  10.48226   0.00000   2.51460   0.33528   90.00000   0.00000   0.01270    37   38   39      2
    39  10.48226   0.00000   2.84988   0.33528   90.00000   0.00000   0.01270    38   39   40      2
    40  10.48226   0.00000   3.18516   0.33528   90.00000   0.00000   0.01270    39   40   41      2
    41  10.48226   0.00000   3.52044   0.33528   90.00000   0.00000   0.01270    40   41   42      2
    42  10.48226   0.00000   3.85572   0.33528   90.00000   0.00000   0.01270    41   42   43      2
    43  10.48226   0.00000   4.19100   0.33528   90.00000   0.00000   0.01270    42   43   44      2
    44  10.48226   0.00000   4.52628   0.33528   90.00000   0.00000   0.01270    43   44   45      2
    45  10.48226   0.00000   4.86156   0.33528   90.00000   0.00000   0.01270    44   45   46      2
    46  10.48226   0.00000   5.19684   0.33528   90.00000   0.00000   0.01270    45   46   47      2
    47  10.48226   0.00000   5.53212   0.33528   90.00000   0.00000   0.01270    46   47   48      2
    48  10.48226   0.00000   5.86740   0.33528   90.00000   0.00000   0.01270    47   48   49      2
    49  10.48226   0.00000   6.20268   0.33528   90.00000   0.00000   0.01270    48   49   50      2
    50  10.48226   0.00000   6.53796   0.33528   90.00000   0.00000   0.01270    49   50   51      2
    51  10.48226   0.00000   6.87324   0.33528   90.00000   0.00000   0.01270    50   51   52      2
    52  10.48226   0.00000   7.20852   0.33528   90.00000   0.00000   0.01270    51   52   53      2
    53  10.48226   0.00000   7.54380   0.33528   90.00000   0.00000   0.01270    52   53   54      2
    54  10.48226   0.00000   7.87908   0.33528   90.00000   0.00000   0.01270    53   54   55      2
    55  10.48226   0.00000   8.21436   0.33528   90.00000   0.00000   0.01270    54   55   56      2
    56  10.48226   0.00000   8.54964   0.33528   90.00000   0.00000   0.01270    55   56   57      2
    57  10.48226   0.00000   8.88492   0.33528   90.00000   0.00000   0.01270    56   57   58      2
    58  10.48226   0.00000   9.22020   0.33528   90.00000   0.00000   0.01270    57   58   59      2
    59  10.48226   0.00000   9.55548   0.33528   90.00000   0.00000   0.01270    58   59   60      2
    60  10.48226   0.00000   9.89076   0.33528   90.00000   0.00000   0.01270    59   60    0      2
    614192.922004192.922004234.85200   0.07275   35.26439  45.00000   0.00419     0   61   62      3
    624192.964004192.964004234.89400   0.07275   35.26439  45.00000   0.00419    61   62    0      3




 ***** INPUT LINE  1  LD   4    1    1    0  1.80000E+01  0.00000E+00  0.00000E+00  0.00000E+00  0.00000E+00  0.00000E+00
 ***** INPUT LINE  2  LD   4    2    1    0  1.80000E+01  0.00000E+00  0.00000E+00  0.00000E+00  0.00000E+00  0.00000E+00
 ***** INPUT LINE  3  LD   4    3    0    0  1.00000E+10  0.00000E+00  0.00000E+00  0.00000E+00  0.00000E+00  0.00000E+00
 ***** INPUT LINE  4  FR   0    1    0    0  7.15000E+00  0.00000E+00  0.00000E+00  0.00000E+00  0.00000E+00  0.00000E+00
 ***** INPUT LINE  5  GN   1    0    0    0  0.00000E+00  0.00000E+00  0.00000E+00  0.00000E+00  0.00000E+00  0.00000E+00
 ***** INPUT LINE  6  EX   6    3    1    0  1.41421E+00  0.00000E+00  0.00000E+00  0.00000E+00  0.00000E+00  0.00000E+00
 ***** INPUT LINE  7  TL   3    1    1    1  7.50000E+01  1.04824E+01  0.00000E+00  0.00000E+00  0.00000E+00  0.00000E+00
 ***** INPUT LINE  8  TL   3    2    2    1  7.50000E+01  1.04824E+01  0.00000E+00  0.00000E+00  0.00000E+00  0.00000E+00
 ***** INPUT LINE  9  NT   3    1    3    2  1.50410E-07 -1.22600E-02 -1.50400E-07  1.22640E-02  2.30900E-07 -3.29300E-03
 ***** INPUT LINE 10  GD   2    0    0    0  1.30000E+01  5.00000E-03  0.00000E+00  0.00000E+00  0.00000E+00  0.00000E+00
 ***** INPUT LINE 11  PQ   0    0    0    0  0.00000E+00  0.00000E+00  0.00000E+00  0.00000E+00  0.00000E+00  0.00000E+00
 ***** INPUT LINE 12  XQ   0    0    0    0  0.00000E+00  0.00000E+00  0.00000E+00  0.00000E+00  0.00000E+00  0.00000E+00




                                 - - - - - - FREQUENCY - - - - - -

                                    FREQUENCY= 7.1500E+00 MHZ
                                    WAVELENGTH= 4.1930E+01 METERS



                                  - - - ANTENNA ENVIRONMENT - - -

                                          PERFECT GROUND



                               - - - STRUCTURE IMPEDANCE LOADING - - -


       LOCATION          RESISTANCE   INDUCTANCE  CAPACITANCE       IMPEDANCE (OHMS)     CONDUCTIVITY    TYPE
    ITAG FROM THRU          OHMS        HENRYS       FARADS        REAL      IMAGINARY    MHOS/METER

       1    1    1                                             1.8000E+01                             FIXED IMPEDANCE 

       2    1    1                                             1.8000E+01                             FIXED IMPEDANCE 

       3                                                       1.0000E+10                             FIXED IMPEDANCE 



                                - - - MATRIX TIMING - - -

                        FILL=    0.006 SEC.,  FACTOR=    0.000 SEC.



                                            - - - NETWORK DATA - - -

      - FROM -    - TO -           TRANSMISSION LINE               -  -  SHUNT ADMITTANCES (MHOS)  -  -              LINE
      TAG  SEG.   TAG  SEG.      IMPEDANCE      LENGTH            - END ONE -                 - END TWO -            TYPE
      NO.   NO.   NO.   NO.         OHMS        METERS         REAL          IMAG.         REAL          IMAG.
        3    61     1     1     7.5000E+01    1.0482E+01    0.0000E+00    0.0000E+00    0.0000E+00    0.0000E+00   STRAIGHT
        3    62     2    31     7.5000E+01    1.0482E+01    0.0000E+00    0.0000E+00    0.0000E+00    0.0000E+00   STRAIGHT

      - FROM -    - TO -                          -  -  ADMITTANCE MATRIX ELEMENTS (MHOS)  -  -
      HTAG  SEG.   TAG  SEG.             (ONE,ONE)                   (ONE,TWO)                   (TWO,TWO)
      NO.   NO.   NO.   NO.        REAL          IMAG.         REAL          IMAG.         REAL          IMAG.
        3    61     3    62     1.5041E-07   -1.2260E-02   -1.5040E-07    1.2264E-02    2.3090E-07   -3.2930E-03



                           - - - STRUCTURE EXCITATION DATA AT NETWORK CONNECTION POINTS - - -

   TAG   SEG.    VOLTAGE (VOLTS)         CURRENT (AMPS)         IMPEDANCE (OHMS)        ADMITTANCE (MHOS)      POWER
   NO.   NO.    REAL        IMAG.       REAL        IMAG.       REAL        IMAG.       REAL        IMAG.     (WATTS)
     3    61 4.43742E+01 3.66672E+01 4.43738E-09 3.66673E-09 1.00000E+10-5.68596E+04 9.99997E-11 5.68593E-16 1.65677E-07
     1     1 7.03552E+00-3.15674E+01 4.88906E-01-5.91653E-01 3.75442E+01-1.91330E+01 2.11441E-02 1.07753E-02 1.10583E+01
     3    62 3.67109E+01-4.43381E+01 3.67113E-09-4.43380E-09 9.99997E+09-5.69526E+04 1.00000E-10 5.69529E-16 1.65679E-07
     2    31-3.17466E+01-4.46778E+01-5.91160E-01-4.89490E-01 6.89843E+01 1.84564E+01 1.35277E-02-3.61928E-03 2.03183E+01



                                          - - - ANTENNA INPUT PARAMETERS - - -

   TAG   SEG.    VOLTAGE (VOLTS)         CURRENT (AMPS)         IMPEDANCE (OHMS)        ADMITTANCE (MHOS)      POWER
   NO.   NO.    REAL        IMAG.       REAL        IMAG.       REAL        IMAG.       REAL        IMAG.     (WATTS)
     3    61 4.43742E+01 3.66672E+01 1.41421E+00 0.00000E+00 3.13773E+01 2.59276E+01 1.89388E-02-1.56495E-02 3.13773E+01



                             - - - CURRENTS AND LOCATION - - -

                     LENGTHS NORMALIZED BY WAVELENGTH (OR 2.*PI/CABS(K))

  SEG.  TAG    COORD. OF SEG. CENTER     SEG.            - - - CURRENT (AMPS) - - -
  NO.   NO.     X        Y        Z      LENGTH     REAL        IMAG.       MAG.        PHASE
     1    1   0.0000   0.0000   0.0040  0.00800   4.8891E-01 -5.9165E-01  7.6752E-01  -50.432
     2    1   0.0000   0.0000   0.0120  0.00800   4.8367E-01 -5.8984E-01  7.6279E-01  -50.648
     3    1   0.0000   0.0000   0.0200  0.00800   4.7756E-01 -5.8659E-01  7.5640E-01  -50.850
     4    1   0.0000   0.0000   0.0280  0.00800   4.7078E-01 -5.8192E-01  7.4850E-01  -51.027
     5    1   0.0000   0.0000   0.0360  0.00800   4.6315E-01 -5.7582E-01  7.3897E-01  -51.189
     6    1   0.0000   0.0000   0.0440  0.00800   4.5464E-01 -5.6831E-01  7.2778E-01  -51.341
     7    1   0.0000   0.0000   0.0520  0.00800   4.4522E-01 -5.5939E-01  7.1494E-01  -51.484
     8    1   0.0000   0.0000   0.0600  0.00800   4.3489E-01 -5.4908E-01  7.0044E-01  -51.620
     9    1   0.0000   0.0000   0.0680  0.00800   4.2366E-01 -5.3741E-01  6.8432E-01  -51.750
    10    1   0.0000   0.0000   0.0760  0.00800   4.1154E-01 -5.2440E-01  6.6660E-01  -51.876
    11    1   0.0000   0.0000   0.0840  0.00800   3.9855E-01 -5.1006E-01  6.4731E-01  -51.996
    12    1   0.0000   0.0000   0.0920  0.00800   3.8472E-01 -4.9443E-01  6.2648E-01  -52.113
    13    1   0.0000   0.0000   0.1000  0.00800   3.7006E-01 -4.7755E-01  6.0415E-01  -52.227
    14    1   0.0000   0.0000   0.1079  0.00800   3.5461E-01 -4.5944E-01  5.8037E-01  -52.338
    15    1   0.0000   0.0000   0.1159  0.00800   3.3839E-01 -4.4013E-01  5.5518E-01  -52.446
    16    1   0.0000   0.0000   0.1239  0.00800   3.2143E-01 -4.1967E-01  5.2862E-01  -52.551
    17    1   0.0000   0.0000   0.1319  0.00800   3.0377E-01 -3.9809E-01  5.0075E-01  -52.654
    18    1   0.0000   0.0000   0.1399  0.00800   2.8543E-01 -3.7544E-01  4.7162E-01  -52.756
    19    1   0.0000   0.0000   0.1479  0.00800   2.6645E-01 -3.5174E-01  4.4127E-01  -52.855
    20    1   0.0000   0.0000   0.1559  0.00800   2.4686E-01 -3.2704E-01  4.0975E-01  -52.953
    21    1   0.0000   0.0000   0.1639  0.00800   2.2668E-01 -3.0137E-01  3.7710E-01  -53.050
    22    1   0.0000   0.0000   0.1719  0.00800   2.0596E-01 -2.7476E-01  3.4338E-01  -53.145
    23    1   0.0000   0.0000   0.1799  0.00800   1.8470E-01 -2.4725E-01  3.0862E-01  -53.240
    24    1   0.0000   0.0000   0.1879  0.00800   1.6293E-01 -2.1884E-01  2.7283E-01  -53.333
    25    1   0.0000   0.0000   0.1959  0.00800   1.4065E-01 -1.8955E-01  2.3603E-01  -53.425
    26    1   0.0000   0.0000   0.2039  0.00800   1.1784E-01 -1.5935E-01  1.9820E-01  -53.517
    27    1   0.0000   0.0000   0.2119  0.00800   9.4475E-02 -1.2818E-01  1.5923E-01  -53.608
    28    1   0.0000   0.0000   0.2199  0.00800   7.0419E-02 -9.5858E-02  1.1894E-01  -53.698
    29    1   0.0000   0.0000   0.2279  0.00800   4.5384E-02 -6.1984E-02  7.6823E-02  -53.789
    30    1   0.0000   0.0000   0.2359  0.00800   1.7767E-02 -2.4344E-02  3.0138E-02  -53.877
    31    2   0.2500   0.0000   0.0040  0.00800  -5.9116E-01 -4.8949E-01  7.6751E-01 -140.375
    32    2   0.2500   0.0000   0.0120  0.00800  -5.9654E-01 -4.8423E-01  7.6833E-01 -140.932
    33    2   0.2500   0.0000   0.0200  0.00800  -5.9984E-01 -4.7810E-01  7.6707E-01 -141.443
    34    2   0.2500   0.0000   0.0280  0.00800  -6.0072E-01 -4.7133E-01  7.6355E-01 -141.882
    35    2   0.2500   0.0000   0.0360  0.00800  -5.9949E-01 -4.6372E-01  7.5791E-01 -142.277
    36    2   0.2500   0.0000   0.0440  0.00800  -5.9627E-01 -4.5524E-01  7.5019E-01 -142.639
    37    2   0.2500   0.0000   0.0520  0.00800  -5.9113E-01 -4.4586E-01  7.4042E-01 -142.975
    38    2   0.2500   0.0000   0.0600  0.00800  -5.8413E-01 -4.3558E-01  7.2865E-01 -143.289
    39    2   0.2500   0.0000   0.0680  0.00800  -5.7529E-01 -4.2440E-01  7.1489E-01 -143.583
    40    2   0.2500   0.0000   0.0760  0.00800  -5.6466E-01 -4.1235E-01  6.9919E-01 -143.861
    41    2   0.2500   0.0000   0.0840  0.00800  -5.5227E-01 -3.9943E-01  6.8158E-01 -144.124
    42    2   0.2500   0.0000   0.0920  0.00800  -5.3817E-01 -3.8567E-01  6.6209E-01 -144.373
    43    2   0.2500   0.0000   0.1000  0.00800  -5.2238E-01 -3.7108E-01  6.4077E-01 -144.611
    44    2   0.2500   0.0000   0.1079  0.00800  -5.0496E-01 -3.5570E-01  6.1766E-01 -144.838
    45    2   0.2500   0.0000   0.1159  0.00800  -4.8593E-01 -3.3955E-01  5.9281E-01 -145.056
    46    2   0.2500   0.0000   0.1239  0.00800  -4.6535E-01 -3.2265E-01  5.6626E-01 -145.264
    47    2   0.2500   0.0000   0.1319  0.00800  -4.4325E-01 -3.0504E-01  5.3808E-01 -145.464
    48    2   0.2500   0.0000   0.1399  0.00800  -4.1969E-01 -2.8675E-01  5.0829E-01 -145.657
    49    2   0.2500   0.0000   0.1479  0.00800  -3.9470E-01 -2.6780E-01  4.7697E-01 -145.843
    50    2   0.2500   0.0000   0.1559  0.00800  -3.6833E-01 -2.4823E-01  4.4416E-01 -146.023
    51    2   0.2500   0.0000   0.1639  0.00800  -3.4062E-01 -2.2805E-01  4.0992E-01 -146.197
    52    2   0.2500   0.0000   0.1719  0.00800  -3.1161E-01 -2.0731E-01  3.7427E-01 -146.365
    53    2   0.2500   0.0000   0.1799  0.00800  -2.8134E-01 -1.8601E-01  3.3727E-01 -146.529
    54    2   0.2500   0.0000   0.1879  0.00800  -2.4982E-01 -1.6418E-01  2.9894E-01 -146.688
    55    2   0.2500   0.0000   0.1959  0.00800  -2.1706E-01 -1.4181E-01  2.5927E-01 -146.843
    56    2   0.2500   0.0000   0.2039  0.00800  -1.8303E-01 -1.1889E-01  2.1825E-01 -146.994
    57    2   0.2500   0.0000   0.2119  0.00800  -1.4766E-01 -9.5369E-02  1.7578E-01 -147.142
    58    2   0.2500   0.0000   0.2199  0.00800  -1.1074E-01 -7.1130E-02  1.3162E-01 -147.287
    59    2   0.2500   0.0000   0.2279  0.00800  -7.1812E-02 -4.5872E-02  8.5213E-02 -147.431
    60    2   0.2500   0.0000   0.2359  0.00800  -2.8281E-02 -1.7969E-02  3.3507E-02 -147.569
    61    3  99.9980  99.9980 100.9980  0.00173   4.4374E-09  3.6667E-09  5.7563E-09   39.568
    62    3  99.9990  99.9990 100.9990  0.00173   3.6711E-09 -4.4338E-09  5.7564E-09  -50.376



                                  - - - CHARGE DENSITIES - - -

                       LENGTHS NORMALIZED TO WAVELENGTH (OR 2.*PI/CABS(K))


  SEG.  TAG    COORD. OF SEG. CENTER     SEG.          CHARGE DENSITY (COULOMBS/METER)
  NO.   NO.     X        Y        Z      LENGTH     REAL        IMAG.       MAG.        PHASE
     1    1   0.0000   0.0000   0.0040  0.00800  -6.2232E-11 -1.9825E-10  2.0779E-10 -107.427
     2    1   0.0000   0.0000   0.0120  0.00800  -1.7004E-10 -3.9850E-10  4.3326E-10 -113.108
     3    1   0.0000   0.0000   0.0200  0.00800  -2.6290E-10 -4.2490E-10  4.9966E-10 -121.746
     4    1   0.0000   0.0000   0.0280  0.00800  -3.5750E-10 -4.7755E-10  5.9654E-10 -126.819
     5    1   0.0000   0.0000   0.0360  0.00800  -4.5188E-10 -5.3547E-10  7.0066E-10 -130.161
     6    1   0.0000   0.0000   0.0440  0.00800  -5.4559E-10 -5.9534E-10  8.0752E-10 -132.503
     7    1   0.0000   0.0000   0.0520  0.00800  -6.3831E-10 -6.5572E-10  9.1510E-10 -134.229
     8    1   0.0000   0.0000   0.0600  0.00800  -7.2980E-10 -7.1586E-10  1.0223E-09 -135.553
     9    1   0.0000   0.0000   0.0680  0.00800  -8.1987E-10 -7.7527E-10  1.1284E-09 -136.602
    10    1   0.0000   0.0000   0.0760  0.00800  -9.0830E-10 -8.3360E-10  1.2328E-09 -137.456
    11    1   0.0000   0.0000   0.0840  0.00800  -9.9494E-10 -8.9060E-10  1.3353E-09 -138.167
    12    1   0.0000   0.0000   0.0920  0.00800  -1.0796E-09 -9.4606E-10  1.4355E-09 -138.772
    13    1   0.0000   0.0000   0.1000  0.00800  -1.1622E-09 -9.9982E-10  1.5331E-09 -139.294
    14    1   0.0000   0.0000   0.1079  0.00800  -1.2425E-09 -1.0517E-09  1.6278E-09 -139.752
    15    1   0.0000   0.0000   0.1159  0.00800  -1.3204E-09 -1.1017E-09  1.7197E-09 -140.159
    16    1   0.0000   0.0000   0.1239  0.00800  -1.3959E-09 -1.1496E-09  1.8084E-09 -140.525
    17    1   0.0000   0.0000   0.1319  0.00800  -1.4689E-09 -1.1955E-09  1.8939E-09 -140.858
    18    1   0.0000   0.0000   0.1399  0.00800  -1.5393E-09 -1.2392E-09  1.9761E-09 -141.164
    19    1   0.0000   0.0000   0.1479  0.00800  -1.6072E-09 -1.2808E-09  2.0551E-09 -141.447
    20    1   0.0000   0.0000   0.1559  0.00800  -1.6726E-09 -1.3204E-09  2.1310E-09 -141.711
    21    1   0.0000   0.0000   0.1639  0.00800  -1.7358E-09 -1.3581E-09  2.2039E-09 -141.960
    22    1   0.0000   0.0000   0.1719  0.00800  -1.7969E-09 -1.3940E-09  2.2742E-09 -142.195
    23    1   0.0000   0.0000   0.1799  0.00800  -1.8565E-09 -1.4286E-09  2.3425E-09 -142.420
    24    1   0.0000   0.0000   0.1879  0.00800  -1.9153E-09 -1.4625E-09  2.4098E-09 -142.636
    25    1   0.0000   0.0000   0.1959  0.00800  -1.9746E-09 -1.4964E-09  2.4776E-09 -142.844
    26    1   0.0000   0.0000   0.2039  0.00800  -2.0367E-09 -1.5322E-09  2.5487E-09 -143.046
    27    1   0.0000   0.0000   0.2119  0.00800  -2.1059E-09 -1.5730E-09  2.6285E-09 -143.243
    28    1   0.0000   0.0000   0.2199  0.00800  -2.1922E-09 -1.6259E-09  2.7293E-09 -143.437
    29    1   0.0000   0.0000   0.2279  0.00800  -2.3216E-09 -1.7098E-09  2.8833E-09 -143.629
    30    1   0.0000   0.0000   0.2359  0.00800  -2.8715E-09 -2.0991E-09  3.5569E-09 -143.833
    30E   1   0.0000   0.0000   0.2399  0.00800  -3.3400E-09 -2.4344E-09  4.1330E-09 -143.913
    31    2   0.2500   0.0000   0.0040  0.00800  -1.9930E-10 -2.2056E-10  2.9726E-10 -132.102
    32    2   0.2500   0.0000   0.0120  0.00800  -3.9989E-10 -3.2541E-10  5.1556E-10 -140.863
    33    2   0.2500   0.0000   0.0200  0.00800  -4.2509E-10 -1.3299E-10  4.4541E-10 -162.628
    34    2   0.2500   0.0000   0.0280  0.00800  -4.7682E-10  1.3110E-11  4.7700E-10  178.425
    35    2   0.2500   0.0000   0.0360  0.00800  -5.3391E-10  1.4832E-10  5.5413E-10  164.475
    36    2   0.2500   0.0000   0.0440  0.00800  -5.9303E-10  2.7783E-10  6.5489E-10  154.897
    37    2   0.2500   0.0000   0.0520  0.00800  -6.5275E-10  4.0358E-10  7.6744E-10  148.273
    38    2   0.2500   0.0000   0.0600  0.00800  -7.1232E-10  5.2639E-10  8.8571E-10  143.537
    39    2   0.2500   0.0000   0.0680  0.00800  -7.7125E-10  6.4662E-10  1.0065E-09  140.024
    40    2   0.2500   0.0000   0.0760  0.00800  -8.2922E-10  7.6440E-10  1.1278E-09  137.329
    41    2   0.2500   0.0000   0.0840  0.00800  -8.8597E-10  8.7975E-10  1.2486E-09  135.202
    42    2   0.2500   0.0000   0.0920  0.00800  -9.4130E-10  9.9260E-10  1.3680E-09  133.481
    43    2   0.2500   0.0000   0.1000  0.00800  -9.9507E-10  1.1029E-09  1.4854E-09  132.058
    44    2   0.2500   0.0000   0.1079  0.00800  -1.0471E-09  1.2105E-09  1.6005E-09  130.861
    45    2   0.2500   0.0000   0.1159  0.00800  -1.0974E-09  1.3153E-09  1.7130E-09  129.839
    46    2   0.2500   0.0000   0.1239  0.00800  -1.1457E-09  1.4173E-09  1.8225E-09  128.953
    47    2   0.2500   0.0000   0.1319  0.00800  -1.1922E-09  1.5163E-09  1.9288E-09  128.176
    48    2   0.2500   0.0000   0.1399  0.00800  -1.2366E-09  1.6123E-09  2.0320E-09  127.488
    49    2   0.2500   0.0000   0.1479  0.00800  -1.2791E-09  1.7054E-09  2.1318E-09  126.871
    50    2   0.2500   0.0000   0.1559  0.00800  -1.3198E-09  1.7957E-09  2.2285E-09  126.315
    51    2   0.2500   0.0000   0.1639  0.00800  -1.3586E-09  1.8832E-09  2.3221E-09  125.809
    52    2   0.2500   0.0000   0.1719  0.00800  -1.3959E-09  1.9683E-09  2.4131E-09  125.344
    53    2   0.2500   0.0000   0.1799  0.00800  -1.4320E-09  2.0516E-09  2.5020E-09  124.915
    54    2   0.2500   0.0000   0.1879  0.00800  -1.4675E-09  2.1340E-09  2.5899E-09  124.516
    55    2   0.2500   0.0000   0.1959  0.00800  -1.5033E-09  2.2169E-09  2.6785E-09  124.141
    56    2   0.2500   0.0000   0.2039  0.00800  -1.5410E-09  2.3030E-09  2.7710E-09  123.788
    57    2   0.2500   0.0000   0.2119  0.00800  -1.5839E-09  2.3973E-09  2.8733E-09  123.453
    58    2   0.2500   0.0000   0.2199  0.00800  -1.6393E-09  2.5116E-09  2.9993E-09  123.132
    59    2   0.2500   0.0000   0.2279  0.00800  -1.7262E-09  2.6763E-09  3.1847E-09  122.822
    60    2   0.2500   0.0000   0.2359  0.00800  -2.1223E-09  3.3313E-09  3.9499E-09  122.501
    60E   2   0.2500   0.0000   0.2399  0.00800  -2.4628E-09  3.8845E-09  4.5994E-09  122.375
    61E   3  99.9975  99.9975 100.9975  0.00173  -4.2722E-15  3.5036E-15  5.5252E-15  140.645
    61    3  99.9980  99.9980 100.9980  0.00173   2.7681E-16  1.5236E-15  1.5485E-15   79.703
    62    3  99.9990  99.9990 100.9990  0.00173  -1.3815E-17 -1.5485E-15  1.5485E-15  -90.511
    62E   3  99.9995  99.9995 100.9995  0.00173  -4.8535E-15 -2.6404E-15  5.5252E-15 -151.453



                                        - - - POWER BUDGET - - -

                                           INPUT POWER   = 3.1377E+01 WATTS
                                           RADIATED POWER= 2.0773E+01 WATTS
                                           WIRE LOSS     = 1.0603E+01 WATTS
                                           NETWORK LOSS  = 6.3126E-04 WATTS
                                           EFFICIENCY    =  66.20 PERCENT




 ***** INPUT LINE 13  EN   0    0    0    0  0.00000E+00  0.00000E+00  0.00000E+00  0.00000E+00  0.00000E+00  0.00000E+00

 RUN TIME =     0.015
