1



                                ***********************************************
                                *                                             *
                                *  NUMERICAL ELECTROMAGNETICS CODE (NEC-4.2)  *
                                *                                             *
                                ***********************************************




                      **********************************************************

                          4-Square Array - L Ntwk Feed                                                 
                                                                                                       
                          EZNEC Pro/2+ v. 7.0.4  2026-10-03 16:39:03                                   
                                                                                                       
                          ! Written by EZNEC/Pro+ v. 7.0 in NEC-4.2 format.                            
                                                                                                       
                          ! *Wire #5 for virtual segments.                                             
                                                                                                       
                          ! WARNING: MININEC-type ground may not work properly with standard           
                          !          NEC-2 or -4 program.                                              
                                                                                                       

                      **********************************************************





                                 - - - STRUCTURE SPECIFICATION - - -

                                     COORDINATES MUST BE INPUT IN
                                     METERS OR BE SCALED TO METERS
                                     BEFORE STRUCTURE INPUT IS ENDED


  WIRE                                                                               NO. OF    FIRST  LAST     TAG
  NO.        X1         Y1         Z1          X2         Y2         Z2      RADIUS   SEG.     SEG.   SEG.     NO.
     1    0.00000    0.00000    0.00000     0.00000    0.00000   10.02487    0.01905     20        1    20       1
     2    0.00000   10.48238    0.00000     0.00000   10.48238   10.02487    0.01905     20       21    40       2
     3   10.48238    0.00000    0.00000    10.48238    0.00000   10.02487    0.01905     20       41    60       3
     4   10.48238   10.48238    0.00000    10.48238   10.48238   10.02487    0.01905     20       61    80       4
     5 4192.90100 4192.90100 4234.83100  4192.98500 4192.98500 4234.91500    0.00419      2       81    82       5

   GROUND PLANE SPECIFIED.

   WHERE WIRE ENDS TOUCH GROUND, CURRENT WILL BE INTERPOLATED TO IMAGE IN GROUND PLANE.


   TOTAL SEGMENTS USED=   82     NO. SEG. IN A SYMMETRIC CELL=   82     SYMMETRY FLAG=  0


         - MULTIPLE WIRE JUNCTIONS -
 JUNCTION    SEGMENTS  (- FOR END 1, + FOR END 2)
  NONE




                                 - - - - SEGMENTATION DATA - - - -

                                        COORDINATES IN METERS

                         I+ AND I- INDICATE THE SEGMENTS BEFORE AND AFTER I


  SEG.   COORDINATES OF SEG. CENTER     SEG.     ORIENTATION ANGLES    WIRE    CONNECTION DATA   TAG
  NO.       X         Y         Z       LENGTH     ALPHA     BETA      RADIUS    I-   I    I+    NO.
     1   0.00000   0.00000   0.25062   0.50124   90.00000   0.00000   0.01905     1    1    2      1
     2   0.00000   0.00000   0.75187   0.50124   90.00000   0.00000   0.01905     1    2    3      1
     3   0.00000   0.00000   1.25311   0.50124   90.00000   0.00000   0.01905     2    3    4      1
     4   0.00000   0.00000   1.75435   0.50124   90.00000   0.00000   0.01905     3    4    5      1
     5   0.00000   0.00000   2.25560   0.50124   90.00000   0.00000   0.01905     4    5    6      1
     6   0.00000   0.00000   2.75684   0.50124   90.00000   0.00000   0.01905     5    6    7      1
     7   0.00000   0.00000   3.25808   0.50124   90.00000   0.00000   0.01905     6    7    8      1
     8   0.00000   0.00000   3.75933   0.50124   90.00000   0.00000   0.01905     7    8    9      1
     9   0.00000   0.00000   4.26057   0.50124   90.00000   0.00000   0.01905     8    9   10      1
    10   0.00000   0.00000   4.76181   0.50124   90.00000   0.00000   0.01905     9   10   11      1
    11   0.00000   0.00000   5.26306   0.50124   90.00000   0.00000   0.01905    10   11   12      1
    12   0.00000   0.00000   5.76430   0.50124   90.00000   0.00000   0.01905    11   12   13      1
    13   0.00000   0.00000   6.26554   0.50124   90.00000   0.00000   0.01905    12   13   14      1
    14   0.00000   0.00000   6.76679   0.50124   90.00000   0.00000   0.01905    13   14   15      1
    15   0.00000   0.00000   7.26803   0.50124   90.00000   0.00000   0.01905    14   15   16      1
    16   0.00000   0.00000   7.76927   0.50124   90.00000   0.00000   0.01905    15   16   17      1
    17   0.00000   0.00000   8.27052   0.50124   90.00000   0.00000   0.01905    16   17   18      1
    18   0.00000   0.00000   8.77176   0.50124   90.00000   0.00000   0.01905    17   18   19      1
    19   0.00000   0.00000   9.27300   0.50124   90.00000   0.00000   0.01905    18   19   20      1
    20   0.00000   0.00000   9.77425   0.50124   90.00000   0.00000   0.01905    19   20    0      1
    21   0.00000  10.48238   0.25062   0.50124   90.00000   0.00000   0.01905    21   21   22      2
    22   0.00000  10.48238   0.75187   0.50124   90.00000   0.00000   0.01905    21   22   23      2
    23   0.00000  10.48238   1.25311   0.50124   90.00000   0.00000   0.01905    22   23   24      2
    24   0.00000  10.48238   1.75435   0.50124   90.00000   0.00000   0.01905    23   24   25      2
    25   0.00000  10.48238   2.25560   0.50124   90.00000   0.00000   0.01905    24   25   26      2
    26   0.00000  10.48238   2.75684   0.50124   90.00000   0.00000   0.01905    25   26   27      2
    27   0.00000  10.48238   3.25808   0.50124   90.00000   0.00000   0.01905    26   27   28      2
    28   0.00000  10.48238   3.75933   0.50124   90.00000   0.00000   0.01905    27   28   29      2
    29   0.00000  10.48238   4.26057   0.50124   90.00000   0.00000   0.01905    28   29   30      2
    30   0.00000  10.48238   4.76181   0.50124   90.00000   0.00000   0.01905    29   30   31      2
    31   0.00000  10.48238   5.26306   0.50124   90.00000   0.00000   0.01905    30   31   32      2
    32   0.00000  10.48238   5.76430   0.50124   90.00000   0.00000   0.01905    31   32   33      2
    33   0.00000  10.48238   6.26554   0.50124   90.00000   0.00000   0.01905    32   33   34      2
    34   0.00000  10.48238   6.76679   0.50124   90.00000   0.00000   0.01905    33   34   35      2
    35   0.00000  10.48238   7.26803   0.50124   90.00000   0.00000   0.01905    34   35   36      2
    36   0.00000  10.48238   7.76927   0.50124   90.00000   0.00000   0.01905    35   36   37      2
    37   0.00000  10.48238   8.27052   0.50124   90.00000   0.00000   0.01905    36   37   38      2
    38   0.00000  10.48238   8.77176   0.50124   90.00000   0.00000   0.01905    37   38   39      2
    39   0.00000  10.48238   9.27300   0.50124   90.00000   0.00000   0.01905    38   39   40      2
    40   0.00000  10.48238   9.77425   0.50124   90.00000   0.00000   0.01905    39   40    0      2
    41  10.48238   0.00000   0.25062   0.50124   90.00000   0.00000   0.01905    41   41   42      3
    42  10.48238   0.00000   0.75187   0.50124   90.00000   0.00000   0.01905    41   42   43      3
    43  10.48238   0.00000   1.25311   0.50124   90.00000   0.00000   0.01905    42   43   44      3
    44  10.48238   0.00000   1.75435   0.50124   90.00000   0.00000   0.01905    43   44   45      3
    45  10.48238   0.00000   2.25560   0.50124   90.00000   0.00000   0.01905    44   45   46      3
    46  10.48238   0.00000   2.75684   0.50124   90.00000   0.00000   0.01905    45   46   47      3
    47  10.48238   0.00000   3.25808   0.50124   90.00000   0.00000   0.01905    46   47   48      3
    48  10.48238   0.00000   3.75933   0.50124   90.00000   0.00000   0.01905    47   48   49      3
    49  10.48238   0.00000   4.26057   0.50124   90.00000   0.00000   0.01905    48   49   50      3
    50  10.48238   0.00000   4.76181   0.50124   90.00000   0.00000   0.01905    49   50   51      3
    51  10.48238   0.00000   5.26306   0.50124   90.00000   0.00000   0.01905    50   51   52      3
    52  10.48238   0.00000   5.76430   0.50124   90.00000   0.00000   0.01905    51   52   53      3
    53  10.48238   0.00000   6.26554   0.50124   90.00000   0.00000   0.01905    52   53   54      3
    54  10.48238   0.00000   6.76679   0.50124   90.00000   0.00000   0.01905    53   54   55      3
    55  10.48238   0.00000   7.26803   0.50124   90.00000   0.00000   0.01905    54   55   56      3
    56  10.48238   0.00000   7.76927   0.50124   90.00000   0.00000   0.01905    55   56   57      3
    57  10.48238   0.00000   8.27052   0.50124   90.00000   0.00000   0.01905    56   57   58      3
    58  10.48238   0.00000   8.77176   0.50124   90.00000   0.00000   0.01905    57   58   59      3
    59  10.48238   0.00000   9.27300   0.50124   90.00000   0.00000   0.01905    58   59   60      3
    60  10.48238   0.00000   9.77425   0.50124   90.00000   0.00000   0.01905    59   60    0      3
    61  10.48238  10.48238   0.25062   0.50124   90.00000   0.00000   0.01905    61   61   62      4
    62  10.48238  10.48238   0.75187   0.50124   90.00000   0.00000   0.01905    61   62   63      4
    63  10.48238  10.48238   1.25311   0.50124   90.00000   0.00000   0.01905    62   63   64      4
    64  10.48238  10.48238   1.75435   0.50124   90.00000   0.00000   0.01905    63   64   65      4
    65  10.48238  10.48238   2.25560   0.50124   90.00000   0.00000   0.01905    64   65   66      4
    66  10.48238  10.48238   2.75684   0.50124   90.00000   0.00000   0.01905    65   66   67      4
    67  10.48238  10.48238   3.25808   0.50124   90.00000   0.00000   0.01905    66   67   68      4
    68  10.48238  10.48238   3.75933   0.50124   90.00000   0.00000   0.01905    67   68   69      4
    69  10.48238  10.48238   4.26057   0.50124   90.00000   0.00000   0.01905    68   69   70      4
    70  10.48238  10.48238   4.76181   0.50124   90.00000   0.00000   0.01905    69   70   71      4
    71  10.48238  10.48238   5.26306   0.50124   90.00000   0.00000   0.01905    70   71   72      4
    72  10.48238  10.48238   5.76430   0.50124   90.00000   0.00000   0.01905    71   72   73      4
    73  10.48238  10.48238   6.26554   0.50124   90.00000   0.00000   0.01905    72   73   74      4
    74  10.48238  10.48238   6.76679   0.50124   90.00000   0.00000   0.01905    73   74   75      4
    75  10.48238  10.48238   7.26803   0.50124   90.00000   0.00000   0.01905    74   75   76      4
    76  10.48238  10.48238   7.76927   0.50124   90.00000   0.00000   0.01905    75   76   77      4
    77  10.48238  10.48238   8.27052   0.50124   90.00000   0.00000   0.01905    76   77   78      4
    78  10.48238  10.48238   8.77176   0.50124   90.00000   0.00000   0.01905    77   78   79      4
    79  10.48238  10.48238   9.27300   0.50124   90.00000   0.00000   0.01905    78   79   80      4
    80  10.48238  10.48238   9.77425   0.50124   90.00000   0.00000   0.01905    79   80    0      4
    814192.922004192.922004234.85200   0.07275   35.26439  45.00000   0.00419     0   81   82      5
    824192.964004192.964004234.89400   0.07275   35.26439  45.00000   0.00419    81   82    0      5




 ***** INPUT LINE  1  LD   4    1    1    0  1.80000E+01  0.00000E+00  0.00000E+00  0.00000E+00  0.00000E+00  0.00000E+00
 ***** INPUT LINE  2  LD   4    2    1    0  1.80000E+01  0.00000E+00  0.00000E+00  0.00000E+00  0.00000E+00  0.00000E+00
 ***** INPUT LINE  3  LD   4    3    1    0  1.80000E+01  0.00000E+00  0.00000E+00  0.00000E+00  0.00000E+00  0.00000E+00
 ***** INPUT LINE  4  LD   4    4    1    0  1.80000E+01  0.00000E+00  0.00000E+00  0.00000E+00  0.00000E+00  0.00000E+00
 ***** INPUT LINE  5  LD   4    5    0    0  1.00000E+10  0.00000E+00  0.00000E+00  0.00000E+00  0.00000E+00  0.00000E+00
 ***** INPUT LINE  6  FR   0    1    0    0  7.15000E+00  0.00000E+00  0.00000E+00  0.00000E+00  0.00000E+00  0.00000E+00
 ***** INPUT LINE  7  GN   1    0    0    0  0.00000E+00  0.00000E+00  0.00000E+00  0.00000E+00  0.00000E+00  0.00000E+00
 ***** INPUT LINE  8  EX   6    5    1    0  1.41421E+00  0.00000E+00  0.00000E+00  0.00000E+00  0.00000E+00  0.00000E+00
 ***** INPUT LINE  9  TL   5    1    1    1  5.00000E+01  1.04822E+01  0.00000E+00  0.00000E+00  0.00000E+00  0.00000E+00
 ***** INPUT LINE 10  TL   5    1    4    1  5.00000E+01  3.14468E+01  0.00000E+00  0.00000E+00  0.00000E+00  0.00000E+00
 ***** INPUT LINE 11  TL   5    2    2    1  5.00000E+01  1.04822E+01  0.00000E+00  0.00000E+00  0.00000E+00  0.00000E+00
 ***** INPUT LINE 12  TL   5    2    3    1  5.00000E+01  1.04822E+01  0.00000E+00  0.00000E+00  0.00000E+00  0.00000E+00
 ***** INPUT LINE 13  NT   5    1    5    2  2.11510E-06 -4.59900E-02 -2.11500E-06  4.59910E-02  5.90090E-06  1.55380E-02
 ***** INPUT LINE 14  GD   2    0    0    0  1.30000E+01  5.00000E-03  0.00000E+00  0.00000E+00  0.00000E+00  0.00000E+00
 ***** INPUT LINE 15  PQ   0    0    0    0  0.00000E+00  0.00000E+00  0.00000E+00  0.00000E+00  0.00000E+00  0.00000E+00
 ***** INPUT LINE 16  XQ   0    0    0    0  0.00000E+00  0.00000E+00  0.00000E+00  0.00000E+00  0.00000E+00  0.00000E+00




                                 - - - - - - FREQUENCY - - - - - -

                                    FREQUENCY= 7.1500E+00 MHZ
                                    WAVELENGTH= 4.1930E+01 METERS



                                  - - - ANTENNA ENVIRONMENT - - -

                                          PERFECT GROUND



                               - - - STRUCTURE IMPEDANCE LOADING - - -


       LOCATION          RESISTANCE   INDUCTANCE  CAPACITANCE       IMPEDANCE (OHMS)     CONDUCTIVITY    TYPE
    ITAG FROM THRU          OHMS        HENRYS       FARADS        REAL      IMAGINARY    MHOS/METER

       1    1    1                                             1.8000E+01                             FIXED IMPEDANCE 

       2    1    1                                             1.8000E+01                             FIXED IMPEDANCE 

       3    1    1                                             1.8000E+01                             FIXED IMPEDANCE 

       4    1    1                                             1.8000E+01                             FIXED IMPEDANCE 

       5                                                       1.0000E+10                             FIXED IMPEDANCE 



                                - - - MATRIX TIMING - - -

                        FILL=    0.002 SEC.,  FACTOR=    0.000 SEC.



                                            - - - NETWORK DATA - - -

      - FROM -    - TO -           TRANSMISSION LINE               -  -  SHUNT ADMITTANCES (MHOS)  -  -              LINE
      TAG  SEG.   TAG  SEG.      IMPEDANCE      LENGTH            - END ONE -                 - END TWO -            TYPE
      NO.   NO.   NO.   NO.         OHMS        METERS         REAL          IMAG.         REAL          IMAG.
        5    81     1     1     5.0000E+01    1.0482E+01    0.0000E+00    0.0000E+00    0.0000E+00    0.0000E+00   STRAIGHT
        5    81     4    61     5.0000E+01    3.1447E+01    0.0000E+00    0.0000E+00    0.0000E+00    0.0000E+00   STRAIGHT
        5    82     2    21     5.0000E+01    1.0482E+01    0.0000E+00    0.0000E+00    0.0000E+00    0.0000E+00   STRAIGHT
        5    82     3    41     5.0000E+01    1.0482E+01    0.0000E+00    0.0000E+00    0.0000E+00    0.0000E+00   STRAIGHT

      - FROM -    - TO -                          -  -  ADMITTANCE MATRIX ELEMENTS (MHOS)  -  -
      HTAG  SEG.   TAG  SEG.             (ONE,ONE)                   (ONE,TWO)                   (TWO,TWO)
      NO.   NO.   NO.   NO.        REAL          IMAG.         REAL          IMAG.         REAL          IMAG.
        5    81     5    82     2.1151E-06   -4.5990E-02   -2.1150E-06    4.5991E-02    5.9009E-06    1.5538E-02



                           - - - STRUCTURE EXCITATION DATA AT NETWORK CONNECTION POINTS - - -

   TAG   SEG.    VOLTAGE (VOLTS)         CURRENT (AMPS)         IMPEDANCE (OHMS)        ADMITTANCE (MHOS)      POWER
   NO.   NO.    REAL        IMAG.       REAL        IMAG.       REAL        IMAG.       REAL        IMAG.     (WATTS)
     5    81 1.49312E+01 5.42238E+00 1.49311E-09 5.42245E-10 1.00000E+10-5.70716E+04 9.99997E-11 5.70713E-16 1.26171E-08
     1     1-2.96670E+00-6.62869E+00 1.08455E-01-2.98627E-01 1.64231E+01-1.58990E+01 3.14321E-02 3.04290E-02 8.28877E-01
     4    61-2.48055E+01 1.72791E+01-1.08486E-01 2.98569E-01 7.77906E+01 5.48160E+01 8.58979E-03-6.05289E-03 3.92502E+00
     5    82 5.43400E+00-1.49300E+01 5.43410E-10-1.49300E-09 9.99997E+09-5.81608E+04 1.00000E-10 5.81611E-16 1.26217E-08
     2    21-1.92756E+01-4.35765E-01-2.98600E-01-1.08701E-01 5.74686E+01-1.94613E+01 1.56106E-02 5.28642E-03 2.90152E+00
     3    41-1.92756E+01-4.35765E-01-2.98600E-01-1.08701E-01 5.74686E+01-1.94613E+01 1.56106E-02 5.28642E-03 2.90152E+00



                                          - - - ANTENNA INPUT PARAMETERS - - -

   TAG   SEG.    VOLTAGE (VOLTS)         CURRENT (AMPS)         IMPEDANCE (OHMS)        ADMITTANCE (MHOS)      POWER
   NO.   NO.    REAL        IMAG.       REAL        IMAG.       REAL        IMAG.       REAL        IMAG.     (WATTS)
     5    81 1.49312E+01 5.42238E+00 1.41421E+00 0.00000E+00 1.05579E+01 3.83420E+00 8.36795E-02-3.03889E-02 1.05579E+01



                             - - - CURRENTS AND LOCATION - - -

                     LENGTHS NORMALIZED BY WAVELENGTH (OR 2.*PI/CABS(K))

  SEG.  TAG    COORD. OF SEG. CENTER     SEG.            - - - CURRENT (AMPS) - - -
  NO.   NO.     X        Y        Z      LENGTH     REAL        IMAG.       MAG.        PHASE
     1    1   0.0000   0.0000   0.0060  0.01195   1.0845E-01 -2.9863E-01  3.1771E-01  -70.040
     2    1   0.0000   0.0000   0.0179  0.01195   1.0748E-01 -2.9559E-01  3.1452E-01  -70.018
     3    1   0.0000   0.0000   0.0299  0.01195   1.0592E-01 -2.9104E-01  3.0972E-01  -70.002
     4    1   0.0000   0.0000   0.0418  0.01195   1.0381E-01 -2.8510E-01  3.0341E-01  -69.993
     5    1   0.0000   0.0000   0.0538  0.01195   1.0113E-01 -2.7770E-01  2.9554E-01  -69.989
     6    1   0.0000   0.0000   0.0657  0.01195   9.7907E-02 -2.6887E-01  2.8614E-01  -69.991
     7    1   0.0000   0.0000   0.0777  0.01195   9.4145E-02 -2.5863E-01  2.7523E-01  -69.998
     8    1   0.0000   0.0000   0.0897  0.01195   8.9866E-02 -2.4702E-01  2.6286E-01  -70.009
     9    1   0.0000   0.0000   0.1016  0.01195   8.5090E-02 -2.3409E-01  2.4908E-01  -70.025
    10    1   0.0000   0.0000   0.1136  0.01195   7.9843E-02 -2.1989E-01  2.3394E-01  -70.044
    11    1   0.0000   0.0000   0.1255  0.01195   7.4151E-02 -2.0448E-01  2.1751E-01  -70.068
    12    1   0.0000   0.0000   0.1375  0.01195   6.8042E-02 -1.8792E-01  1.9985E-01  -70.095
    13    1   0.0000   0.0000   0.1494  0.01195   6.1544E-02 -1.7026E-01  1.8104E-01  -70.126
    14    1   0.0000   0.0000   0.1614  0.01195   5.4685E-02 -1.5157E-01  1.6113E-01  -70.161
    15    1   0.0000   0.0000   0.1733  0.01195   4.7490E-02 -1.3190E-01  1.4019E-01  -70.199
    16    1   0.0000   0.0000   0.1853  0.01195   3.9981E-02 -1.1129E-01  1.1825E-01  -70.239
    17    1   0.0000   0.0000   0.1972  0.01195   3.2165E-02 -8.9750E-02  9.5340E-02  -70.283
    18    1   0.0000   0.0000   0.2092  0.01195   2.4031E-02 -6.7225E-02  7.1392E-02  -70.329
    19    1   0.0000   0.0000   0.2212  0.01195   1.5507E-02 -4.3495E-02  4.6176E-02  -70.378
    20    1   0.0000   0.0000   0.2331  0.01195   6.0713E-03 -1.7077E-02  1.8124E-02  -70.429
    21    2   0.0000   0.2500   0.0060  0.01195  -2.9860E-01 -1.0870E-01  3.1777E-01 -159.997
    22    2   0.0000   0.2500   0.0179  0.01195  -2.9651E-01 -1.0420E-01  3.1428E-01 -160.637
    23    2   0.0000   0.2500   0.0299  0.01195  -2.9281E-01 -9.9532E-02  3.0926E-01 -161.226
    24    2   0.0000   0.2500   0.0418  0.01195  -2.8753E-01 -9.4922E-02  3.0280E-01 -161.731
    25    2   0.0000   0.2500   0.0538  0.01195  -2.8070E-01 -9.0204E-02  2.9483E-01 -162.185
    26    2   0.0000   0.2500   0.0657  0.01195  -2.7232E-01 -8.5332E-02  2.8537E-01 -162.601
    27    2   0.0000   0.2500   0.0777  0.01195  -2.6243E-01 -8.0296E-02  2.7444E-01 -162.987
    28    2   0.0000   0.2500   0.0897  0.01195  -2.5108E-01 -7.5096E-02  2.6207E-01 -163.349
    29    2   0.0000   0.2500   0.1016  0.01195  -2.3832E-01 -6.9740E-02  2.4831E-01 -163.689
    30    2   0.0000   0.2500   0.1136  0.01195  -2.2419E-01 -6.4243E-02  2.3322E-01 -164.010
    31    2   0.0000   0.2500   0.1255  0.01195  -2.0877E-01 -5.8619E-02  2.1684E-01 -164.316
    32    2   0.0000   0.2500   0.1375  0.01195  -1.9211E-01 -5.2885E-02  1.9926E-01 -164.609
    33    2   0.0000   0.2500   0.1494  0.01195  -1.7428E-01 -4.7060E-02  1.8052E-01 -164.889
    34    2   0.0000   0.2500   0.1614  0.01195  -1.5533E-01 -4.1161E-02  1.6069E-01 -165.158
    35    2   0.0000   0.2500   0.1733  0.01195  -1.3532E-01 -3.5203E-02  1.3983E-01 -165.418
    36    2   0.0000   0.2500   0.1853  0.01195  -1.1430E-01 -2.9198E-02  1.1797E-01 -165.670
    37    2   0.0000   0.2500   0.1972  0.01195  -9.2272E-02 -2.3151E-02  9.5133E-02 -165.915
    38    2   0.0000   0.2500   0.2092  0.01195  -6.9182E-02 -1.7052E-02  7.1253E-02 -166.154
    39    2   0.0000   0.2500   0.2212  0.01195  -4.4803E-02 -1.0848E-02  4.6098E-02 -166.389
    40    2   0.0000   0.2500   0.2331  0.01195  -1.7606E-02 -4.1895E-03  1.8098E-02 -166.615
    41    3   0.2500   0.0000   0.0060  0.01195  -2.9860E-01 -1.0870E-01  3.1777E-01 -159.997
    42    3   0.2500   0.0000   0.0179  0.01195  -2.9651E-01 -1.0420E-01  3.1428E-01 -160.637
    43    3   0.2500   0.0000   0.0299  0.01195  -2.9281E-01 -9.9532E-02  3.0926E-01 -161.226
    44    3   0.2500   0.0000   0.0418  0.01195  -2.8753E-01 -9.4922E-02  3.0280E-01 -161.731
    45    3   0.2500   0.0000   0.0538  0.01195  -2.8070E-01 -9.0204E-02  2.9483E-01 -162.185
    46    3   0.2500   0.0000   0.0657  0.01195  -2.7232E-01 -8.5332E-02  2.8537E-01 -162.601
    47    3   0.2500   0.0000   0.0777  0.01195  -2.6243E-01 -8.0296E-02  2.7444E-01 -162.987
    48    3   0.2500   0.0000   0.0897  0.01195  -2.5108E-01 -7.5096E-02  2.6207E-01 -163.349
    49    3   0.2500   0.0000   0.1016  0.01195  -2.3832E-01 -6.9740E-02  2.4831E-01 -163.689
    50    3   0.2500   0.0000   0.1136  0.01195  -2.2419E-01 -6.4243E-02  2.3322E-01 -164.010
    51    3   0.2500   0.0000   0.1255  0.01195  -2.0877E-01 -5.8619E-02  2.1684E-01 -164.316
    52    3   0.2500   0.0000   0.1375  0.01195  -1.9211E-01 -5.2885E-02  1.9926E-01 -164.609
    53    3   0.2500   0.0000   0.1494  0.01195  -1.7428E-01 -4.7060E-02  1.8052E-01 -164.889
    54    3   0.2500   0.0000   0.1614  0.01195  -1.5533E-01 -4.1161E-02  1.6069E-01 -165.158
    55    3   0.2500   0.0000   0.1733  0.01195  -1.3532E-01 -3.5203E-02  1.3983E-01 -165.418
    56    3   0.2500   0.0000   0.1853  0.01195  -1.1430E-01 -2.9198E-02  1.1797E-01 -165.670
    57    3   0.2500   0.0000   0.1972  0.01195  -9.2272E-02 -2.3151E-02  9.5133E-02 -165.915
    58    3   0.2500   0.0000   0.2092  0.01195  -6.9182E-02 -1.7052E-02  7.1253E-02 -166.154
    59    3   0.2500   0.0000   0.2212  0.01195  -4.4803E-02 -1.0848E-02  4.6098E-02 -166.389
    60    3   0.2500   0.0000   0.2331  0.01195  -1.7606E-02 -4.1895E-03  1.8098E-02 -166.615
    61    4   0.2500   0.2500   0.0060  0.01195  -1.0849E-01  2.9857E-01  3.1767E-01  109.969
    62    4   0.2500   0.2500   0.0179  0.01195  -1.0456E-01  3.0330E-01  3.2081E-01  109.021
    63    4   0.2500   0.2500   0.0299  0.01195  -1.0041E-01  3.0564E-01  3.2171E-01  108.186
    64    4   0.2500   0.2500   0.0418  0.01195  -9.6237E-02  3.0525E-01  3.2006E-01  107.498
    65    4   0.2500   0.2500   0.0538  0.01195  -9.1896E-02  3.0245E-01  3.1610E-01  106.901
    66    4   0.2500   0.2500   0.0657  0.01195  -8.7351E-02  2.9736E-01  3.0992E-01  106.371
    67    4   0.2500   0.2500   0.0777  0.01195  -8.2589E-02  2.9005E-01  3.0158E-01  105.894
    68    4   0.2500   0.2500   0.0897  0.01195  -7.7612E-02  2.8060E-01  2.9114E-01  105.461
    69    4   0.2500   0.2500   0.1016  0.01195  -7.2428E-02  2.6909E-01  2.7866E-01  105.065
    70    4   0.2500   0.2500   0.1136  0.01195  -6.7048E-02  2.5557E-01  2.6422E-01  104.700
    71    4   0.2500   0.2500   0.1255  0.01195  -6.1485E-02  2.4012E-01  2.4787E-01  104.362
    72    4   0.2500   0.2500   0.1375  0.01195  -5.5754E-02  2.2282E-01  2.2969E-01  104.048
    73    4   0.2500   0.2500   0.1494  0.01195  -4.9871E-02  2.0374E-01  2.0976E-01  103.754
    74    4   0.2500   0.2500   0.1614  0.01195  -4.3851E-02  1.8296E-01  1.8814E-01  103.478
    75    4   0.2500   0.2500   0.1733  0.01195  -3.7707E-02  1.6054E-01  1.6491E-01  103.218
    76    4   0.2500   0.2500   0.1853  0.01195  -3.1448E-02  1.3653E-01  1.4011E-01  102.971
    77    4   0.2500   0.2500   0.1972  0.01195  -2.5076E-02  1.1095E-01  1.1374E-01  102.736
    78    4   0.2500   0.2500   0.2092  0.01195  -1.8575E-02  8.3711E-02  8.5747E-02  102.511
    79    4   0.2500   0.2500   0.2212  0.01195  -1.1887E-02  5.4546E-02  5.5826E-02  102.294
    80    4   0.2500   0.2500   0.2331  0.01195  -4.6176E-03  2.1561E-02  2.2050E-02  102.088
    81    5  99.9980  99.9980 100.9980  0.00173   1.4931E-09  5.4224E-10  1.5885E-09   19.959
    82    5  99.9990  99.9990 100.9990  0.00173   5.4341E-10 -1.4930E-09  1.5888E-09  -70.000



                                  - - - CHARGE DENSITIES - - -

                       LENGTHS NORMALIZED TO WAVELENGTH (OR 2.*PI/CABS(K))


  SEG.  TAG    COORD. OF SEG. CENTER     SEG.          CHARGE DENSITY (COULOMBS/METER)
  NO.   NO.     X        Y        Z      LENGTH     REAL        IMAG.       MAG.        PHASE
     1    1   0.0000   0.0000   0.0060  0.01195  -7.3348E-11 -2.3168E-11  7.6920E-11 -162.471
     2    1   0.0000   0.0000   0.0179  0.01195  -1.7360E-10 -5.7632E-11  1.8291E-10 -161.635
     3    1   0.0000   0.0000   0.0299  0.01195  -2.3231E-10 -8.1405E-11  2.4616E-10 -160.689
     4    1   0.0000   0.0000   0.0418  0.01195  -2.9635E-10 -1.0636E-10  3.1485E-10 -160.257
     5    1   0.0000   0.0000   0.0538  0.01195  -3.6049E-10 -1.3109E-10  3.8358E-10 -160.016
     6    1   0.0000   0.0000   0.0657  0.01195  -4.2370E-10 -1.5528E-10  4.5126E-10 -159.873
     7    1   0.0000   0.0000   0.0777  0.01195  -4.8542E-10 -1.7871E-10  5.1727E-10 -159.788
     8    1   0.0000   0.0000   0.0897  0.01195  -5.4523E-10 -2.0124E-10  5.8119E-10 -159.741
     9    1   0.0000   0.0000   0.1016  0.01195  -6.0285E-10 -2.2274E-10  6.4268E-10 -159.722
    10    1   0.0000   0.0000   0.1136  0.01195  -6.5802E-10 -2.4310E-10  7.0149E-10 -159.724
    11    1   0.0000   0.0000   0.1255  0.01195  -7.1057E-10 -2.6225E-10  7.5742E-10 -159.742
    12    1   0.0000   0.0000   0.1375  0.01195  -7.6042E-10 -2.8015E-10  8.1038E-10 -159.775
    13    1   0.0000   0.0000   0.1494  0.01195  -8.0757E-10 -2.9680E-10  8.6038E-10 -159.821
    14    1   0.0000   0.0000   0.1614  0.01195  -8.5219E-10 -3.1225E-10  9.0760E-10 -159.877
    15    1   0.0000   0.0000   0.1733  0.01195  -8.9471E-10 -3.2666E-10  9.5248E-10 -159.942
    16    1   0.0000   0.0000   0.1853  0.01195  -9.3601E-10 -3.4036E-10  9.9597E-10 -160.017
    17    1   0.0000   0.0000   0.1972  0.01195  -9.7800E-10 -3.5403E-10  1.0401E-09 -160.100
    18    1   0.0000   0.0000   0.2092  0.01195  -1.0252E-09 -3.6926E-10  1.0896E-09 -160.191
    19    1   0.0000   0.0000   0.2212  0.01195  -1.0895E-09 -3.9033E-10  1.1573E-09 -160.290
    20    1   0.0000   0.0000   0.2331  0.01195  -1.3478E-09 -4.7985E-10  1.4307E-09 -160.403
    20E   1   0.0000   0.0000   0.2391  0.01195  -1.5663E-09 -5.5621E-10  1.6621E-09 -160.449
    21    2   0.0000   0.2500   0.0060  0.01195  -1.1633E-10  4.8266E-11  1.2595E-10  157.467
    22    2   0.0000   0.2500   0.0179  0.01195  -2.1817E-10  1.3032E-10  2.5413E-10  149.150
    23    2   0.0000   0.2500   0.0299  0.01195  -2.0391E-10  1.9916E-10  2.8503E-10  135.675
    24    2   0.0000   0.2500   0.0418  0.01195  -2.0677E-10  2.6905E-10  3.3932E-10  127.543
    25    2   0.0000   0.2500   0.0538  0.01195  -2.1285E-10  3.3813E-10  3.9955E-10  122.190
    26    2   0.0000   0.2500   0.0657  0.01195  -2.2001E-10  4.0588E-10  4.6167E-10  118.461
    27    2   0.0000   0.2500   0.0777  0.01195  -2.2738E-10  4.7188E-10  5.2381E-10  115.727
    28    2   0.0000   0.2500   0.0897  0.01195  -2.3450E-10  5.3584E-10  5.8490E-10  113.636
    29    2   0.0000   0.2500   0.1016  0.01195  -2.4112E-10  5.9747E-10  6.4429E-10  111.978
    30    2   0.0000   0.2500   0.1136  0.01195  -2.4710E-10  6.5655E-10  7.0151E-10  110.625
    31    2   0.0000   0.2500   0.1255  0.01195  -2.5234E-10  7.1292E-10  7.5626E-10  109.492
    32    2   0.0000   0.2500   0.1375  0.01195  -2.5681E-10  7.6649E-10  8.0836E-10  108.523
    33    2   0.0000   0.2500   0.1494  0.01195  -2.6048E-10  8.1726E-10  8.5776E-10  107.679
    34    2   0.0000   0.2500   0.1614  0.01195  -2.6342E-10  8.6540E-10  9.0460E-10  106.930
    35    2   0.0000   0.2500   0.1733  0.01195  -2.6573E-10  9.1135E-10  9.4930E-10  106.256
    36    2   0.0000   0.2500   0.1853  0.01195  -2.6765E-10  9.5603E-10  9.9279E-10  105.640
    37    2   0.0000   0.2500   0.1972  0.01195  -2.6963E-10  1.0014E-09  1.0371E-09  105.070
    38    2   0.0000   0.2500   0.2092  0.01195  -2.7274E-10  1.0520E-09  1.0868E-09  104.534
    39    2   0.0000   0.2500   0.2212  0.01195  -2.7985E-10  1.1204E-09  1.1549E-09  104.024
    40    2   0.0000   0.2500   0.2331  0.01195  -3.3343E-10  1.3890E-09  1.4284E-09  103.499
    40E   2   0.0000   0.2500   0.2391  0.01195  -3.8167E-10  1.6154E-09  1.6599E-09  103.293
    41    3   0.2500   0.0000   0.0060  0.01195  -1.1633E-10  4.8266E-11  1.2595E-10  157.467
    42    3   0.2500   0.0000   0.0179  0.01195  -2.1817E-10  1.3032E-10  2.5413E-10  149.150
    43    3   0.2500   0.0000   0.0299  0.01195  -2.0391E-10  1.9916E-10  2.8503E-10  135.675
    44    3   0.2500   0.0000   0.0418  0.01195  -2.0677E-10  2.6905E-10  3.3932E-10  127.543
    45    3   0.2500   0.0000   0.0538  0.01195  -2.1285E-10  3.3813E-10  3.9955E-10  122.190
    46    3   0.2500   0.0000   0.0657  0.01195  -2.2001E-10  4.0588E-10  4.6167E-10  118.461
    47    3   0.2500   0.0000   0.0777  0.01195  -2.2738E-10  4.7188E-10  5.2381E-10  115.727
    48    3   0.2500   0.0000   0.0897  0.01195  -2.3450E-10  5.3584E-10  5.8490E-10  113.636
    49    3   0.2500   0.0000   0.1016  0.01195  -2.4112E-10  5.9747E-10  6.4429E-10  111.978
    50    3   0.2500   0.0000   0.1136  0.01195  -2.4710E-10  6.5655E-10  7.0151E-10  110.625
    51    3   0.2500   0.0000   0.1255  0.01195  -2.5234E-10  7.1292E-10  7.5626E-10  109.492
    52    3   0.2500   0.0000   0.1375  0.01195  -2.5681E-10  7.6649E-10  8.0836E-10  108.523
    53    3   0.2500   0.0000   0.1494  0.01195  -2.6048E-10  8.1726E-10  8.5776E-10  107.679
    54    3   0.2500   0.0000   0.1614  0.01195  -2.6342E-10  8.6540E-10  9.0460E-10  106.930
    55    3   0.2500   0.0000   0.1733  0.01195  -2.6573E-10  9.1135E-10  9.4930E-10  106.256
    56    3   0.2500   0.0000   0.1853  0.01195  -2.6765E-10  9.5603E-10  9.9279E-10  105.640
    57    3   0.2500   0.0000   0.1972  0.01195  -2.6963E-10  1.0014E-09  1.0371E-09  105.070
    58    3   0.2500   0.0000   0.2092  0.01195  -2.7274E-10  1.0520E-09  1.0868E-09  104.534
    59    3   0.2500   0.0000   0.2212  0.01195  -2.7985E-10  1.1204E-09  1.1549E-09  104.024
    60    3   0.2500   0.0000   0.2331  0.01195  -3.3343E-10  1.3890E-09  1.4284E-09  103.499
    60E   3   0.2500   0.0000   0.2391  0.01195  -3.8167E-10  1.6154E-09  1.6599E-09  103.293
    61    4   0.2500   0.2500   0.0060  0.01195  -1.3187E-10  1.0129E-10  1.6629E-10  142.472
    62    4   0.2500   0.2500   0.0179  0.01195  -1.8082E-10  1.9183E-10  2.6362E-10  133.308
    63    4   0.2500   0.2500   0.0299  0.01195  -3.9767E-11  1.8294E-10  1.8721E-10  102.264
    64    4   0.2500   0.2500   0.0418  0.01195   7.1719E-11  1.8870E-10  2.0187E-10   69.190
    65    4   0.2500   0.2500   0.0538  0.01195   1.7593E-10  1.9723E-10  2.6429E-10   48.268
    66    4   0.2500   0.2500   0.0657  0.01195   2.7585E-10  2.0669E-10  3.4470E-10   36.843
    67    4   0.2500   0.2500   0.0777  0.01195   3.7245E-10  2.1631E-10  4.3070E-10   30.147
    68    4   0.2500   0.2500   0.0897  0.01195   4.6597E-10  2.2572E-10  5.1776E-10   25.846
    69    4   0.2500   0.2500   0.1016  0.01195   5.5643E-10  2.3471E-10  6.0390E-10   22.870
    70    4   0.2500   0.2500   0.1136  0.01195   6.4372E-10  2.4313E-10  6.8810E-10   20.691
    71    4   0.2500   0.2500   0.1255  0.01195   7.2772E-10  2.5091E-10  7.6976E-10   19.023
    72    4   0.2500   0.2500   0.1375  0.01195   8.0836E-10  2.5801E-10  8.4854E-10   17.702
    73    4   0.2500   0.2500   0.1494  0.01195   8.8566E-10  2.6444E-10  9.2429E-10   16.624
    74    4   0.2500   0.2500   0.1614  0.01195   9.5982E-10  2.7023E-10  9.9713E-10   15.724
    75    4   0.2500   0.2500   0.1733  0.01195   1.0314E-09  2.7551E-10  1.0675E-09   14.956
    76    4   0.2500   0.2500   0.1853  0.01195   1.1014E-09  2.8050E-10  1.1365E-09   14.289
    77    4   0.2500   0.2500   0.1972  0.01195   1.1723E-09  2.8572E-10  1.2066E-09   13.698
    78    4   0.2500   0.2500   0.2092  0.01195   1.2498E-09  2.9234E-10  1.2836E-09   13.165
    79    4   0.2500   0.2500   0.2212  0.01195   1.3494E-09  3.0352E-10  1.3831E-09   12.676
    80    4   0.2500   0.2500   0.2331  0.01195   1.6959E-09  3.6641E-10  1.7351E-09   12.191
    80E   4   0.2500   0.2500   0.2391  0.01195   1.9829E-09  4.2169E-10  2.0273E-09   12.006
    81E   5  99.9975  99.9975 100.9975  0.00173  -7.8620E-16  1.3065E-15  1.5248E-15  121.038
    81    5  99.9980  99.9980 100.9980  0.00173   2.1314E-16  3.7037E-16  4.2733E-16   60.080
    82    5  99.9990  99.9990 100.9990  0.00173  -1.4707E-16 -4.0121E-16  4.2731E-16 -110.131
    82E   5  99.9995  99.9995 100.9995  0.00173  -1.5066E-15 -2.3662E-16  1.5251E-15 -171.074



                                        - - - POWER BUDGET - - -

                                           INPUT POWER   = 1.0558E+01 WATTS
                                           RADIATED POWER= 6.9227E+00 WATTS
                                           WIRE LOSS     = 3.6343E+00 WATTS
                                           NETWORK LOSS  = 1.0113E-03 WATTS
                                           EFFICIENCY    =  65.57 PERCENT




 ***** INPUT LINE 17  EN   0    0    0    0  0.00000E+00  0.00000E+00  0.00000E+00  0.00000E+00  0.00000E+00  0.00000E+00

 RUN TIME =     0.016
