1



                                ***********************************************
                                *                                             *
                                *  NUMERICAL ELECTROMAGNETICS CODE (NEC-4.2)  *
                                *                                             *
                                ***********************************************




                      **********************************************************

                          4-square array w/feed system                                                 
                                                                                                       
                          EZNEC Pro/2+ v. 7.0.4  2026-10-03 16:41:42                                   
                                                                                                       
                          ! Written by EZNEC/Pro+ v. 7.0 in NEC-4.2 format.                            
                                                                                                       
                          ! WARNING: MININEC-type ground may not work properly with standard           
                          !          NEC-2 or -4 program.                                              
                                                                                                       

                      **********************************************************





                                 - - - STRUCTURE SPECIFICATION - - -

                                     COORDINATES MUST BE INPUT IN
                                     METERS OR BE SCALED TO METERS
                                     BEFORE STRUCTURE INPUT IS ENDED


  WIRE                                                                               NO. OF    FIRST  LAST     TAG
  NO.        X1         Y1         Z1          X2         Y2         Z2      RADIUS   SEG.     SEG.   SEG.     NO.
     1    0.00000    0.00000    0.00000     0.00000    0.00000    9.98220    0.01905      6        1     6       1
     2    0.00000   10.49122    0.00000     0.00000   10.49122    9.98220    0.01905      6        7    12       2
     3   10.49122    0.00000    0.00000    10.49122    0.00000    9.98220    0.01905      6       13    18       3
     4   10.49122   10.49122    0.00000    10.49122   10.49122    9.98220    0.01905      6       19    24       4
     5    5.18160    0.00000    0.00305     5.18160    0.06096    0.00305    0.00013      1       25    25       5
     6    0.00000    5.18160    0.00305     0.06096    5.18160    0.00305    0.00013      1       26    26       6
     7    5.18160    5.18160    0.00305     5.18160    5.24256    0.00305    0.00013      1       27    27       7

   GROUND PLANE SPECIFIED.

   WHERE WIRE ENDS TOUCH GROUND, CURRENT WILL BE INTERPOLATED TO IMAGE IN GROUND PLANE.


   TOTAL SEGMENTS USED=   27     NO. SEG. IN A SYMMETRIC CELL=   27     SYMMETRY FLAG=  0


         - MULTIPLE WIRE JUNCTIONS -
 JUNCTION    SEGMENTS  (- FOR END 1, + FOR END 2)
  NONE




                                 - - - - SEGMENTATION DATA - - - -

                                        COORDINATES IN METERS

                         I+ AND I- INDICATE THE SEGMENTS BEFORE AND AFTER I


  SEG.   COORDINATES OF SEG. CENTER     SEG.     ORIENTATION ANGLES    WIRE    CONNECTION DATA   TAG
  NO.       X         Y         Z       LENGTH     ALPHA     BETA      RADIUS    I-   I    I+    NO.
     1   0.00000   0.00000   0.83185   1.66370   90.00000   0.00000   0.01905     1    1    2      1
     2   0.00000   0.00000   2.49555   1.66370   90.00000   0.00000   0.01905     1    2    3      1
     3   0.00000   0.00000   4.15925   1.66370   90.00000   0.00000   0.01905     2    3    4      1
     4   0.00000   0.00000   5.82295   1.66370   90.00000   0.00000   0.01905     3    4    5      1
     5   0.00000   0.00000   7.48665   1.66370   90.00000   0.00000   0.01905     4    5    6      1
     6   0.00000   0.00000   9.15035   1.66370   90.00000   0.00000   0.01905     5    6    0      1
     7   0.00000  10.49122   0.83185   1.66370   90.00000   0.00000   0.01905     7    7    8      2
     8   0.00000  10.49122   2.49555   1.66370   90.00000   0.00000   0.01905     7    8    9      2
     9   0.00000  10.49122   4.15925   1.66370   90.00000   0.00000   0.01905     8    9   10      2
    10   0.00000  10.49122   5.82295   1.66370   90.00000   0.00000   0.01905     9   10   11      2
    11   0.00000  10.49122   7.48665   1.66370   90.00000   0.00000   0.01905    10   11   12      2
    12   0.00000  10.49122   9.15035   1.66370   90.00000   0.00000   0.01905    11   12    0      2
    13  10.49122   0.00000   0.83185   1.66370   90.00000   0.00000   0.01905    13   13   14      3
    14  10.49122   0.00000   2.49555   1.66370   90.00000   0.00000   0.01905    13   14   15      3
    15  10.49122   0.00000   4.15925   1.66370   90.00000   0.00000   0.01905    14   15   16      3
    16  10.49122   0.00000   5.82295   1.66370   90.00000   0.00000   0.01905    15   16   17      3
    17  10.49122   0.00000   7.48665   1.66370   90.00000   0.00000   0.01905    16   17   18      3
    18  10.49122   0.00000   9.15035   1.66370   90.00000   0.00000   0.01905    17   18    0      3
    19  10.49122  10.49122   0.83185   1.66370   90.00000   0.00000   0.01905    19   19   20      4
    20  10.49122  10.49122   2.49555   1.66370   90.00000   0.00000   0.01905    19   20   21      4
    21  10.49122  10.49122   4.15925   1.66370   90.00000   0.00000   0.01905    20   21   22      4
    22  10.49122  10.49122   5.82295   1.66370   90.00000   0.00000   0.01905    21   22   23      4
    23  10.49122  10.49122   7.48665   1.66370   90.00000   0.00000   0.01905    22   23   24      4
    24  10.49122  10.49122   9.15035   1.66370   90.00000   0.00000   0.01905    23   24    0      4
    25   5.18160   0.03048   0.00305   0.06096    0.00000  90.00000   0.00013     0   25    0      5
    26   0.03048   5.18160   0.00305   0.06096    0.00000   0.00000   0.00013     0   26    0      6
    27   5.18160   5.21208   0.00305   0.06096    0.00000  90.00000   0.00013     0   27    0      7




 ***** INPUT LINE  1  FR   0    1    0    0  7.15000E+00  0.00000E+00  0.00000E+00  0.00000E+00  0.00000E+00  0.00000E+00
 ***** INPUT LINE  2  GN   1    0    0    0  0.00000E+00  0.00000E+00  0.00000E+00  0.00000E+00  0.00000E+00  0.00000E+00
 ***** INPUT LINE  3  EX   6    7    1    0  1.41421E+00  0.00000E+00  0.00000E+00  0.00000E+00  0.00000E+00  0.00000E+00
 ***** INPUT LINE  4  TL   5    1    1    1  5.00000E+01  1.04823E+01  0.00000E+00  0.00000E+00  0.00000E+00  0.00000E+00
 ***** INPUT LINE  5  TL   5    1    4    1  5.00000E+01  3.14468E+01  0.00000E+00  0.00000E+00  0.00000E+00  0.00000E+00
 ***** INPUT LINE  6  TL   6    1    2    1  5.00000E+01  1.04823E+01  0.00000E+00  0.00000E+00  0.00000E+00  0.00000E+00
 ***** INPUT LINE  7  TL   6    1    3    1  5.00000E+01  1.04823E+01  0.00000E+00  0.00000E+00  0.00000E+00  0.00000E+00
 ***** INPUT LINE  8  TL   5    1    7    1  7.50000E+01  3.65365E+00  0.00000E+00  0.00000E+00  0.00000E+00  0.00000E+00
 ***** INPUT LINE  9  TL   6    1    7    1  7.50000E+01  2.02261E+01  0.00000E+00  0.00000E+00  0.00000E+00  0.00000E+00
 ***** INPUT LINE 10  GD   2    0    0    0  1.30000E+01  5.00000E-03  0.00000E+00  0.00000E+00  0.00000E+00  0.00000E+00
 ***** INPUT LINE 11  PQ   0    0    0    0  0.00000E+00  0.00000E+00  0.00000E+00  0.00000E+00  0.00000E+00  0.00000E+00
 ***** INPUT LINE 12  XQ   0    0    0    0  0.00000E+00  0.00000E+00  0.00000E+00  0.00000E+00  0.00000E+00  0.00000E+00




                                 - - - - - - FREQUENCY - - - - - -

                                    FREQUENCY= 7.1500E+00 MHZ
                                    WAVELENGTH= 4.1930E+01 METERS



                                  - - - ANTENNA ENVIRONMENT - - -

                                          PERFECT GROUND



                               - - - STRUCTURE IMPEDANCE LOADING - - -

                                   THIS STRUCTURE IS NOT LOADED



                                - - - MATRIX TIMING - - -

                        FILL=    0.000 SEC.,  FACTOR=    0.000 SEC.



                                            - - - NETWORK DATA - - -

      - FROM -    - TO -           TRANSMISSION LINE               -  -  SHUNT ADMITTANCES (MHOS)  -  -              LINE
      TAG  SEG.   TAG  SEG.      IMPEDANCE      LENGTH            - END ONE -                 - END TWO -            TYPE
      NO.   NO.   NO.   NO.         OHMS        METERS         REAL          IMAG.         REAL          IMAG.
        5    25     1     1     5.0000E+01    1.0482E+01    0.0000E+00    0.0000E+00    0.0000E+00    0.0000E+00   STRAIGHT
        5    25     4    19     5.0000E+01    3.1447E+01    0.0000E+00    0.0000E+00    0.0000E+00    0.0000E+00   STRAIGHT
        6    26     2     7     5.0000E+01    1.0482E+01    0.0000E+00    0.0000E+00    0.0000E+00    0.0000E+00   STRAIGHT
        6    26     3    13     5.0000E+01    1.0482E+01    0.0000E+00    0.0000E+00    0.0000E+00    0.0000E+00   STRAIGHT
        5    25     7    27     7.5000E+01    3.6536E+00    0.0000E+00    0.0000E+00    0.0000E+00    0.0000E+00   STRAIGHT
        6    26     7    27     7.5000E+01    2.0226E+01    0.0000E+00    0.0000E+00    0.0000E+00    0.0000E+00   STRAIGHT



                           - - - STRUCTURE EXCITATION DATA AT NETWORK CONNECTION POINTS - - -

   TAG   SEG.    VOLTAGE (VOLTS)         CURRENT (AMPS)         IMPEDANCE (OHMS)        ADMITTANCE (MHOS)      POWER
   NO.   NO.    REAL        IMAG.       REAL        IMAG.       REAL        IMAG.       REAL        IMAG.     (WATTS)
     5    25 1.32451E+01-1.65565E+01 8.24041E-05 6.59227E-05 1.69958E-01-2.00918E+05 4.21019E-12 4.97715E-06 9.46344E-10
     1     1-3.78786E+00 8.55025E+00-3.31136E-01-2.64905E-01-5.62047E+00-2.13246E+01-1.15569E-02 4.38481E-02-5.05353E-01
     4    19 6.44959E+00 3.46677E+01 3.31047E-01 2.64917E-01 6.29637E+01 5.43353E+01 9.10307E-03-7.85561E-03 5.65960E+00
     6    26-1.84976E+01-1.32917E+01 6.61547E-05-9.20655E-05 3.20230E-01-2.00918E+05 7.93276E-12 4.97716E-06 2.05788E-09
     2     7-2.76611E+00 2.09727E+01-2.65851E-01 3.69949E-01 4.09282E+01-2.19345E+01 1.89813E-02 1.01726E-02 4.24710E+00
     3    13-2.76611E+00 2.09727E+01-2.65851E-01 3.69949E-01 4.09282E+01-2.19345E+01 1.89813E-02 1.01726E-02 4.24710E+00
     7    27 1.93018E+01 6.25795E+00-3.11472E-05 9.60678E-05-8.96527E-01-2.00918E+05-2.22088E-11 4.97715E-06-4.57192E-09



                                          - - - ANTENNA INPUT PARAMETERS - - -

   TAG   SEG.    VOLTAGE (VOLTS)         CURRENT (AMPS)         IMPEDANCE (OHMS)        ADMITTANCE (MHOS)      POWER
   NO.   NO.    REAL        IMAG.       REAL        IMAG.       REAL        IMAG.       REAL        IMAG.     (WATTS)
     7    27 1.93018E+01 6.25795E+00 1.41421E+00 0.00000E+00 1.36484E+01 4.42504E+00 6.62993E-02-2.14953E-02 1.36484E+01



                             - - - CURRENTS AND LOCATION - - -

                     LENGTHS NORMALIZED BY WAVELENGTH (OR 2.*PI/CABS(K))

  SEG.  TAG    COORD. OF SEG. CENTER     SEG.            - - - CURRENT (AMPS) - - -
  NO.   NO.     X        Y        Z      LENGTH     REAL        IMAG.       MAG.        PHASE
     1    1   0.0000   0.0000   0.0198  0.03968  -3.3114E-01 -2.6491E-01  4.2406E-01 -141.341
     2    1   0.0000   0.0000   0.0595  0.03968  -3.0600E-01 -2.4613E-01  3.9271E-01 -141.189
     3    1   0.0000   0.0000   0.0992  0.03968  -2.6324E-01 -2.1241E-01  3.3825E-01 -141.100
     4    1   0.0000   0.0000   0.1389  0.03968  -2.0535E-01 -1.6580E-01  2.6393E-01 -141.083
     5    1   0.0000   0.0000   0.1786  0.03968  -1.3449E-01 -1.0844E-01  1.7276E-01 -141.122
     6    1   0.0000   0.0000   0.2182  0.03968  -5.0724E-02 -4.0781E-02  6.5085E-02 -141.201
     7    2   0.0000   0.2502   0.0198  0.03968  -2.6585E-01  3.6995E-01  4.5556E-01  125.702
     8    2   0.0000   0.2502   0.0595  0.03968  -2.3769E-01  3.4860E-01  4.2193E-01  124.288
     9    2   0.0000   0.2502   0.0992  0.03968  -1.9818E-01  3.0497E-01  3.6371E-01  123.017
    10    2   0.0000   0.2502   0.1389  0.03968  -1.5050E-01  2.4101E-01  2.8414E-01  121.982
    11    2   0.0000   0.2502   0.1786  0.03968  -9.6171E-02  1.5953E-01  1.8627E-01  121.084
    12    2   0.0000   0.2502   0.2182  0.03968  -3.5450E-02  6.0699E-02  7.0293E-02  120.286
    13    3   0.2502   0.0000   0.0198  0.03968  -2.6585E-01  3.6995E-01  4.5556E-01  125.702
    14    3   0.2502   0.0000   0.0595  0.03968  -2.3769E-01  3.4860E-01  4.2193E-01  124.288
    15    3   0.2502   0.0000   0.0992  0.03968  -1.9818E-01  3.0497E-01  3.6371E-01  123.017
    16    3   0.2502   0.0000   0.1389  0.03968  -1.5050E-01  2.4101E-01  2.8414E-01  121.982
    17    3   0.2502   0.0000   0.1786  0.03968  -9.6171E-02  1.5953E-01  1.8627E-01  121.084
    18    3   0.2502   0.0000   0.2182  0.03968  -3.5450E-02  6.0699E-02  7.0293E-02  120.286
    19    4   0.2502   0.2502   0.0198  0.03968   3.3105E-01  2.6492E-01  4.2400E-01   38.668
    20    4   0.2502   0.2502   0.0595  0.03968   3.2974E-01  2.4505E-01  4.1082E-01   36.618
    21    4   0.2502   0.2502   0.0992  0.03968   3.0186E-01  2.1100E-01  3.6829E-01   34.954
    22    4   0.2502   0.2502   0.1389  0.03968   2.4680E-01  1.6474E-01  2.9673E-01   33.723
    23    4   0.2502   0.2502   0.1786  0.03968   1.6790E-01  1.0797E-01  1.9962E-01   32.743
    24    4   0.2502   0.2502   0.2182  0.03968   6.5370E-02  4.0744E-02  7.7028E-02   31.935
    25    5   0.1236   0.0007   0.0001  0.00145   8.2404E-05  6.5923E-05  1.0553E-04   38.660
    26    6   0.0007   0.1236   0.0001  0.00145   6.6155E-05 -9.2066E-05  1.1337E-04  -54.300
    27    7   0.1236   0.1243   0.0001  0.00145  -3.1147E-05  9.6068E-05  1.0099E-04  107.964



                                  - - - CHARGE DENSITIES - - -

                       LENGTHS NORMALIZED TO WAVELENGTH (OR 2.*PI/CABS(K))


  SEG.  TAG    COORD. OF SEG. CENTER     SEG.          CHARGE DENSITY (COULOMBS/METER)
  NO.   NO.     X        Y        Z      LENGTH     REAL        IMAG.       MAG.        PHASE
     1    1   0.0000   0.0000   0.0198  0.03968  -1.3002E-10  1.7680E-10  2.1946E-10  126.330
     2    1   0.0000   0.0000   0.0595  0.03968  -3.5748E-10  4.6474E-10  5.8632E-10  127.568
     3    1   0.0000   0.0000   0.0992  0.03968  -5.4199E-10  6.7814E-10  8.6812E-10  128.633
     4    1   0.0000   0.0000   0.1389  0.03968  -7.0090E-10  8.6710E-10  1.1150E-09  128.949
     5    1   0.0000   0.0000   0.1786  0.03968  -8.3155E-10  1.0276E-09  1.3219E-09  128.980
     6    1   0.0000   0.0000   0.2182  0.03968  -1.0177E-09  1.2638E-09  1.6226E-09  128.843
     6E   1   0.0000   0.0000   0.2381  0.03968  -1.1361E-09  1.4150E-09  1.8146E-09  128.760
     7    2   0.0000   0.2502   0.0198  0.03968   1.4178E-10  2.0770E-10  2.5148E-10   55.683
     8    2   0.0000   0.2502   0.0595  0.03968   4.3645E-10  4.7289E-10  6.4352E-10   47.294
     9    2   0.0000   0.2502   0.0992  0.03968   7.2609E-10  5.8649E-10  9.3337E-10   38.929
    10    2   0.0000   0.2502   0.1389  0.03968   9.7999E-10  6.8694E-10  1.1968E-09   35.029
    11    2   0.0000   0.2502   0.1786  0.03968   1.1981E-09  7.6544E-10  1.4218E-09   32.573
    12    2   0.0000   0.2502   0.2182  0.03968   1.5059E-09  8.9321E-10  1.7509E-09   30.673
    12E   2   0.0000   0.2502   0.2381  0.03968   1.6995E-09  9.7916E-10  1.9614E-09   29.948
    13    3   0.2502   0.0000   0.0198  0.03968   1.4178E-10  2.0770E-10  2.5148E-10   55.683
    14    3   0.2502   0.0000   0.0595  0.03968   4.3645E-10  4.7289E-10  6.4352E-10   47.294
    15    3   0.2502   0.0000   0.0992  0.03968   7.2609E-10  5.8649E-10  9.3337E-10   38.929
    16    3   0.2502   0.0000   0.1389  0.03968   9.7999E-10  6.8694E-10  1.1968E-09   35.029
    17    3   0.2502   0.0000   0.1786  0.03968   1.1981E-09  7.6544E-10  1.4218E-09   32.573
    18    3   0.2502   0.0000   0.2182  0.03968   1.5059E-09  8.9321E-10  1.7509E-09   30.673
    18E   3   0.2502   0.0000   0.2381  0.03968   1.6995E-09  9.7916E-10  1.9614E-09   29.948
    19    4   0.2502   0.2502   0.0198  0.03968   1.3952E-10  2.0253E-11  1.4098E-10    8.259
    20    4   0.2502   0.2502   0.0595  0.03968   3.6878E-10 -1.7051E-10  4.0629E-10  -24.814
    21    4   0.2502   0.2502   0.0992  0.03968   5.4109E-10 -5.6277E-10  7.8070E-10  -46.125
    22    4   0.2502   0.2502   0.1389  0.03968   6.9387E-10 -9.0340E-10  1.1391E-09  -52.474
    23    4   0.2502   0.2502   0.1786  0.03968   8.2402E-10 -1.2045E-09  1.4594E-09  -55.623
    24    4   0.2502   0.2502   0.2182  0.03968   1.0149E-09 -1.6041E-09  1.8982E-09  -57.680
    24E   4   0.2502   0.2502   0.2381  0.03968   1.1369E-09 -1.8476E-09  2.1693E-09  -58.395
    25E   5   0.1236   0.0000   0.0001  0.00145  -9.5887E-11  1.1986E-10  1.5349E-10  128.660
    25    5   0.1236   0.0007   0.0001  0.00145   0.0000E+00  0.0000E+00  0.0000E+00    0.000
    25E   5   0.1236   0.0015   0.0001  0.00145   9.5887E-11 -1.1986E-10  1.5349E-10  -51.340
    26E   6   0.0000   0.1236   0.0001  0.00145   1.3391E-10  9.6224E-11  1.6490E-10   35.700
    26    6   0.0007   0.1236   0.0001  0.00145   0.0000E+00  0.0000E+00  0.0000E+00    0.000
    26E   6   0.0015   0.1236   0.0001  0.00145  -1.3391E-10 -9.6224E-11  1.6490E-10 -144.300
    27E   7   0.1236   0.1236   0.0001  0.00145  -1.3973E-10 -4.5305E-11  1.4689E-10 -162.036
    27    7   0.1236   0.1243   0.0001  0.00145   0.0000E+00  0.0000E+00  0.0000E+00    0.000
    27E   7   0.1236   0.1250   0.0001  0.00145   1.3973E-10  4.5305E-11  1.4689E-10   17.964



                                        - - - POWER BUDGET - - -

                                           INPUT POWER   = 1.3648E+01 WATTS
                                           RADIATED POWER= 1.3648E+01 WATTS
                                           WIRE LOSS     = 0.0000E+00 WATTS
                                           NETWORK LOSS  = 1.7764E-14 WATTS
                                           EFFICIENCY    = 100.00 PERCENT




 ***** INPUT LINE 13  EN   0    0    0    0  0.00000E+00  0.00000E+00  0.00000E+00  0.00000E+00  0.00000E+00  0.00000E+00

 RUN TIME =     0.007
