1



                                ***********************************************
                                *                                             *
                                *  NUMERICAL ELECTROMAGNETICS CODE (NEC-4.2)  *
                                *                                             *
                                ***********************************************




                      **********************************************************

                          Dipole in free space                                                         
                                                                                                       
                          EZNEC Pro/2+ v. 7.0.4  2026-10-03 17:06:02                                   
                                                                                                       
                          ! Written by EZNEC/Pro+ v. 7.0 in NEC-4.2 format.                            
                                                                                                       

                      **********************************************************





                                 - - - STRUCTURE SPECIFICATION - - -

                                     COORDINATES MUST BE INPUT IN
                                     METERS OR BE SCALED TO METERS
                                     BEFORE STRUCTURE INPUT IS ENDED


  WIRE                                                                               NO. OF    FIRST  LAST     TAG
  NO.        X1         Y1         Z1          X2         Y2         Z2      RADIUS   SEG.     SEG.   SEG.     NO.
     1    0.00000   -0.25000    0.00000     0.00000    0.25000    0.00000    0.00050     11        1    11       1

   TOTAL SEGMENTS USED=   11     NO. SEG. IN A SYMMETRIC CELL=   11     SYMMETRY FLAG=  0


         - MULTIPLE WIRE JUNCTIONS -
 JUNCTION    SEGMENTS  (- FOR END 1, + FOR END 2)
  NONE




                                 - - - - SEGMENTATION DATA - - - -

                                        COORDINATES IN METERS

                         I+ AND I- INDICATE THE SEGMENTS BEFORE AND AFTER I


  SEG.   COORDINATES OF SEG. CENTER     SEG.     ORIENTATION ANGLES    WIRE    CONNECTION DATA   TAG
  NO.       X         Y         Z       LENGTH     ALPHA     BETA      RADIUS    I-   I    I+    NO.
     1   0.00000  -0.22727   0.00000   0.04545    0.00000  90.00000   0.00050     0    1    2      1
     2   0.00000  -0.18182   0.00000   0.04545    0.00000  90.00000   0.00050     1    2    3      1
     3   0.00000  -0.13636   0.00000   0.04545    0.00000  90.00000   0.00050     2    3    4      1
     4   0.00000  -0.09091   0.00000   0.04545    0.00000  90.00000   0.00050     3    4    5      1
     5   0.00000  -0.04545   0.00000   0.04545    0.00000  90.00000   0.00050     4    5    6      1
     6   0.00000   0.00000   0.00000   0.04545    0.00000  90.00000   0.00050     5    6    7      1
     7   0.00000   0.04545   0.00000   0.04545    0.00000  90.00000   0.00050     6    7    8      1
     8   0.00000   0.09091   0.00000   0.04545    0.00000  90.00000   0.00050     7    8    9      1
     9   0.00000   0.13636   0.00000   0.04545    0.00000  90.00000   0.00050     8    9   10      1
    10   0.00000   0.18182   0.00000   0.04545    0.00000  90.00000   0.00050     9   10   11      1
    11   0.00000   0.22727   0.00000   0.04545    0.00000  90.00000   0.00050    10   11    0      1




 ***** INPUT LINE  1  LD   4    1    3    0  1.80000E+01  0.00000E+00  0.00000E+00  0.00000E+00  0.00000E+00  0.00000E+00
 ***** INPUT LINE  2  FR   0    1    0    0  2.99793E+02  0.00000E+00  0.00000E+00  0.00000E+00  0.00000E+00  0.00000E+00
 ***** INPUT LINE  3  GN  -1    0    0    0  0.00000E+00  0.00000E+00  0.00000E+00  0.00000E+00  0.00000E+00  0.00000E+00
 ***** INPUT LINE  4  EX   6    1    6    0  1.41421E+00  0.00000E+00  0.00000E+00  0.00000E+00  0.00000E+00  0.00000E+00
 ***** INPUT LINE  5  PQ   0    0    0    0  0.00000E+00  0.00000E+00  0.00000E+00  0.00000E+00  0.00000E+00  0.00000E+00
 ***** INPUT LINE  6  XQ   0    0    0    0  0.00000E+00  0.00000E+00  0.00000E+00  0.00000E+00  0.00000E+00  0.00000E+00




                                 - - - - - - FREQUENCY - - - - - -

                                    FREQUENCY= 2.9979E+02 MHZ
                                    WAVELENGTH= 1.0000E+00 METERS



                                  - - - ANTENNA ENVIRONMENT - - -

                                            FREE SPACE



                               - - - STRUCTURE IMPEDANCE LOADING - - -


       LOCATION          RESISTANCE   INDUCTANCE  CAPACITANCE       IMPEDANCE (OHMS)     CONDUCTIVITY    TYPE
    ITAG FROM THRU          OHMS        HENRYS       FARADS        REAL      IMAGINARY    MHOS/METER

       1    3    3                                             1.8000E+01                             FIXED IMPEDANCE 



                                - - - MATRIX TIMING - - -

                        FILL=    0.000 SEC.,  FACTOR=    0.000 SEC.



                                          - - - ANTENNA INPUT PARAMETERS - - -

   TAG   SEG.    VOLTAGE (VOLTS)         CURRENT (AMPS)         IMPEDANCE (OHMS)        ADMITTANCE (MHOS)      POWER
   NO.   NO.    REAL        IMAG.       REAL        IMAG.       REAL        IMAG.       REAL        IMAG.     (WATTS)
     1     6 1.28209E+02 6.27867E+01 1.41421E+00 0.00000E+00 9.06573E+01 4.43969E+01 8.89684E-03-4.35698E-03 9.06574E+01



                             - - - CURRENTS AND LOCATION - - -

                     LENGTHS NORMALIZED BY WAVELENGTH (OR 2.*PI/CABS(K))

  SEG.  TAG    COORD. OF SEG. CENTER     SEG.            - - - CURRENT (AMPS) - - -
  NO.   NO.     X        Y        Z      LENGTH     REAL        IMAG.       MAG.        PHASE
     1    1   0.0000  -0.2273   0.0000  0.04545   2.5379E-01 -3.4315E-02  2.5610E-01   -7.700
     2    1   0.0000  -0.1818   0.0000  0.04545   6.6597E-01 -8.1017E-02  6.7088E-01   -6.936
     3    1   0.0000  -0.1364   0.0000  0.04545   9.9705E-01 -1.0391E-01  1.0024E+00   -5.950
     4    1   0.0000  -0.0909   0.0000  0.04545   1.2415E+00 -8.9504E-02  1.2447E+00   -4.124
     5    1   0.0000  -0.0455   0.0000  0.04545   1.3818E+00 -4.9524E-02  1.3827E+00   -2.053
     6    1   0.0000   0.0000   0.0000  0.04545   1.4142E+00  8.6736E-19  1.4142E+00    0.000
     7    1   0.0000   0.0455   0.0000  0.04545   1.3830E+00 -3.8872E-02  1.3835E+00   -1.610
     8    1   0.0000   0.0909   0.0000  0.04545   1.2438E+00 -6.8537E-02  1.2457E+00   -3.154
     9    1   0.0000   0.1364   0.0000  0.04545   1.0002E+00 -7.5355E-02  1.0030E+00   -4.309
    10    1   0.0000   0.1818   0.0000  0.04545   6.6815E-01 -6.1518E-02  6.7097E-01   -5.261
    11    1   0.0000   0.2273   0.0000  0.04545   2.5461E-01 -2.7116E-02  2.5605E-01   -6.079



                                  - - - CHARGE DENSITIES - - -

                       LENGTHS NORMALIZED TO WAVELENGTH (OR 2.*PI/CABS(K))


  SEG.  TAG    COORD. OF SEG. CENTER     SEG.          CHARGE DENSITY (COULOMBS/METER)
  NO.   NO.     X        Y        Z      LENGTH     REAL        IMAG.       MAG.        PHASE
     1E   1   0.0000  -0.2500   0.0000  0.04545   8.7376E-10  6.1968E-09  6.2581E-09   81.974
     1    1   0.0000  -0.2273   0.0000  0.04545   7.0743E-10  5.5035E-09  5.5488E-09   82.675
     2    1   0.0000  -0.1818   0.0000  0.04545   4.1734E-10  4.3235E-09  4.3436E-09   84.486
     3    1   0.0000  -0.1364   0.0000  0.04545   5.1376E-11  3.3962E-09  3.3966E-09   89.133
     4    1   0.0000  -0.0909   0.0000  0.04545  -3.2771E-10  2.2788E-09  2.3022E-09   98.184
     5    1   0.0000  -0.0455   0.0000  0.04545  -6.3495E-10  9.6824E-10  1.1579E-09  123.256
     6    1   0.0000   0.0000   0.0000  0.04545  -6.2768E-11  6.9988E-12  6.3157E-11  173.638
     7    1   0.0000   0.0455   0.0000  0.04545   5.1221E-10 -9.5463E-10  1.0834E-09  -61.784
     8    1   0.0000   0.0909   0.0000  0.04545   2.0678E-10 -2.2656E-09  2.2751E-09  -84.785
     9    1   0.0000   0.1364   0.0000  0.04545  -4.2963E-11 -3.3970E-09  3.3973E-09  -90.725
    10    1   0.0000   0.1818   0.0000  0.04545  -2.7809E-10 -4.3385E-09  4.3474E-09  -93.668
    11    1   0.0000   0.2273   0.0000  0.04545  -5.4961E-10 -5.5213E-09  5.5486E-09  -95.685
    11E   1   0.0000   0.2500   0.0000  0.04545  -6.9966E-10 -6.2168E-09  6.2561E-09  -96.421



                                        - - - POWER BUDGET - - -

                                           INPUT POWER   = 9.0657E+01 WATTS
                                           RADIATED POWER= 8.1613E+01 WATTS
                                           WIRE LOSS     = 9.0441E+00 WATTS
                                           EFFICIENCY    =  90.02 PERCENT




 ***** INPUT LINE  7  EN   0    0    0    0  0.00000E+00  0.00000E+00  0.00000E+00  0.00000E+00  0.00000E+00  0.00000E+00

 RUN TIME =     0.006
