1



                                ***********************************************
                                *                                             *
                                *  NUMERICAL ELECTROMAGNETICS CODE (NEC-4.2)  *
                                *                                             *
                                ***********************************************




                      **********************************************************

                          Dipole in free space                                                         
                                                                                                       
                          EZNEC Pro/2+ v. 7.0.4  2026-10-03 17:15:39                                   
                                                                                                       
                          ! Written by EZNEC/Pro+ v. 7.0 in NEC-4.2 format.                            
                                                                                                       

                      **********************************************************





                                 - - - STRUCTURE SPECIFICATION - - -

                                     COORDINATES MUST BE INPUT IN
                                     METERS OR BE SCALED TO METERS
                                     BEFORE STRUCTURE INPUT IS ENDED


  WIRE                                                                               NO. OF    FIRST  LAST     TAG
  NO.        X1         Y1         Z1          X2         Y2         Z2      RADIUS   SEG.     SEG.   SEG.     NO.
     1    0.00000   -0.25000   10.00000     0.00000    0.25000   10.00000    0.00050     11        1    11       1

   TOTAL SEGMENTS USED=   11     NO. SEG. IN A SYMMETRIC CELL=   11     SYMMETRY FLAG=  0


         - MULTIPLE WIRE JUNCTIONS -
 JUNCTION    SEGMENTS  (- FOR END 1, + FOR END 2)
  NONE




                                 - - - - SEGMENTATION DATA - - - -

                                        COORDINATES IN METERS

                         I+ AND I- INDICATE THE SEGMENTS BEFORE AND AFTER I


  SEG.   COORDINATES OF SEG. CENTER     SEG.     ORIENTATION ANGLES    WIRE    CONNECTION DATA   TAG
  NO.       X         Y         Z       LENGTH     ALPHA     BETA      RADIUS    I-   I    I+    NO.
     1   0.00000  -0.22727  10.00000   0.04545    0.00000  90.00000   0.00050     0    1    2      1
     2   0.00000  -0.18182  10.00000   0.04545    0.00000  90.00000   0.00050     1    2    3      1
     3   0.00000  -0.13636  10.00000   0.04545    0.00000  90.00000   0.00050     2    3    4      1
     4   0.00000  -0.09091  10.00000   0.04545    0.00000  90.00000   0.00050     3    4    5      1
     5   0.00000  -0.04545  10.00000   0.04545    0.00000  90.00000   0.00050     4    5    6      1
     6   0.00000   0.00000  10.00000   0.04545    0.00000  90.00000   0.00050     5    6    7      1
     7   0.00000   0.04545  10.00000   0.04545    0.00000  90.00000   0.00050     6    7    8      1
     8   0.00000   0.09091  10.00000   0.04545    0.00000  90.00000   0.00050     7    8    9      1
     9   0.00000   0.13636  10.00000   0.04545    0.00000  90.00000   0.00050     8    9   10      1
    10   0.00000   0.18182  10.00000   0.04545    0.00000  90.00000   0.00050     9   10   11      1
    11   0.00000   0.22727  10.00000   0.04545    0.00000  90.00000   0.00050    10   11    0      1




 ***** INPUT LINE  1  FR   0    1    0    0  2.99793E+02  0.00000E+00  0.00000E+00  0.00000E+00  0.00000E+00  0.00000E+00
 ***** INPUT LINE  2  GN  -1    0    0    0  0.00000E+00  0.00000E+00  0.00000E+00  0.00000E+00  0.00000E+00  0.00000E+00
 ***** INPUT LINE  3  EX   6    1    6    0  1.41421E+00  0.00000E+00  0.00000E+00  0.00000E+00  0.00000E+00  0.00000E+00
 ***** INPUT LINE  4  PQ   0    0    0    0  0.00000E+00  0.00000E+00  0.00000E+00  0.00000E+00  0.00000E+00  0.00000E+00
 ***** INPUT LINE  5  NE   0    2   11   11  0.00000E+00 -5.00000E-01  9.50000E+00  1.00000E+00  1.00000E-01  1.00000E-01




                                 - - - - - - FREQUENCY - - - - - -

                                    FREQUENCY= 2.9979E+02 MHZ
                                    WAVELENGTH= 1.0000E+00 METERS



                                  - - - ANTENNA ENVIRONMENT - - -

                                            FREE SPACE



                               - - - STRUCTURE IMPEDANCE LOADING - - -

                                   THIS STRUCTURE IS NOT LOADED



                                - - - MATRIX TIMING - - -

                        FILL=    0.000 SEC.,  FACTOR=    0.000 SEC.



                                          - - - ANTENNA INPUT PARAMETERS - - -

   TAG   SEG.    VOLTAGE (VOLTS)         CURRENT (AMPS)         IMPEDANCE (OHMS)        ADMITTANCE (MHOS)      POWER
   NO.   NO.    REAL        IMAG.       REAL        IMAG.       REAL        IMAG.       REAL        IMAG.     (WATTS)
     1     6 1.15612E+02 6.50586E+01 1.41421E+00 0.00000E+00 8.17499E+01 4.60034E+01 9.29044E-03-5.22804E-03 8.17500E+01



                             - - - CURRENTS AND LOCATION - - -

                     LENGTHS NORMALIZED BY WAVELENGTH (OR 2.*PI/CABS(K))

  SEG.  TAG    COORD. OF SEG. CENTER     SEG.            - - - CURRENT (AMPS) - - -
  NO.   NO.     X        Y        Z      LENGTH     REAL        IMAG.       MAG.        PHASE
     1    1   0.0000  -0.2273   9.9997  0.04545   2.5481E-01 -2.6990E-02  2.5624E-01   -6.046
     2    1   0.0000  -0.1818   9.9997  0.04545   6.6861E-01 -6.1211E-02  6.7141E-01   -5.231
     3    1   0.0000  -0.1364   9.9997  0.04545   1.0008E+00 -7.4970E-02  1.0036E+00   -4.284
     4    1   0.0000  -0.0909   9.9997  0.04545   1.2443E+00 -6.8254E-02  1.2462E+00   -3.140
     5    1   0.0000  -0.0455   9.9997  0.04545   1.3833E+00 -3.9119E-02  1.3838E+00   -1.620
     6    1   0.0000   0.0000   9.9997  0.04545   1.4142E+00  8.0318E-16  1.4142E+00    0.000
     7    1   0.0000   0.0455   9.9997  0.04545   1.3833E+00 -3.9119E-02  1.3838E+00   -1.620
     8    1   0.0000   0.0909   9.9997  0.04545   1.2443E+00 -6.8254E-02  1.2462E+00   -3.140
     9    1   0.0000   0.1364   9.9997  0.04545   1.0008E+00 -7.4970E-02  1.0036E+00   -4.284
    10    1   0.0000   0.1818   9.9997  0.04545   6.6861E-01 -6.1211E-02  6.7141E-01   -5.231
    11    1   0.0000   0.2273   9.9997  0.04545   2.5481E-01 -2.6990E-02  2.5624E-01   -6.046



                                  - - - CHARGE DENSITIES - - -

                       LENGTHS NORMALIZED TO WAVELENGTH (OR 2.*PI/CABS(K))


  SEG.  TAG    COORD. OF SEG. CENTER     SEG.          CHARGE DENSITY (COULOMBS/METER)
  NO.   NO.     X        Y        Z      LENGTH     REAL        IMAG.       MAG.        PHASE
     1E   1   0.0000  -0.2500   9.9997  0.04545   6.9652E-10  6.2220E-09  6.2608E-09   83.613
     1    1   0.0000  -0.2273   9.9997  0.04545   5.4696E-10  5.5254E-09  5.5524E-09   84.347
     2    1   0.0000  -0.1818   9.9997  0.04545   2.7651E-10  4.3407E-09  4.3495E-09   86.355
     3    1   0.0000  -0.1364   9.9997  0.04545   4.2928E-11  3.3974E-09  3.3977E-09   89.276
     4    1   0.0000  -0.0909   9.9997  0.04545  -2.0388E-10  2.2639E-09  2.2731E-09   95.146
     5    1   0.0000  -0.0455   9.9997  0.04545  -4.9995E-10  9.4962E-10  1.0732E-09  117.766
     6    1   0.0000   0.0000   9.9997  0.04545   0.0000E+00 -4.4439E-24  4.4439E-24  -90.000
     7    1   0.0000   0.0455   9.9997  0.04545   4.9995E-10 -9.4962E-10  1.0732E-09  -62.234
     8    1   0.0000   0.0909   9.9997  0.04545   2.0388E-10 -2.2639E-09  2.2731E-09  -84.854
     9    1   0.0000   0.1364   9.9997  0.04545  -4.2928E-11 -3.3974E-09  3.3977E-09  -90.724
    10    1   0.0000   0.1818   9.9997  0.04545  -2.7651E-10 -4.3407E-09  4.3495E-09  -93.645
    11    1   0.0000   0.2273   9.9997  0.04545  -5.4696E-10 -5.5254E-09  5.5524E-09  -95.653
    11E   1   0.0000   0.2500   9.9997  0.04545  -6.9652E-10 -6.2220E-09  6.2608E-09  -96.387



                                        - - - POWER BUDGET - - -

                                           INPUT POWER   = 8.1750E+01 WATTS
                                           RADIATED POWER= 8.1750E+01 WATTS
                                           WIRE LOSS     = 0.0000E+00 WATTS
                                           EFFICIENCY    = 100.00 PERCENT



                                      - - - NEAR ELECTRIC FIELDS - - -

              -  LOCATION  -                     -  EX  -               -  EY  -               -  EZ  -
        X           Y           Z           MAGNITUDE   PHASE      MAGNITUDE   PHASE      MAGNITUDE   PHASE
      METERS      METERS      METERS         VOLTS/M   DEGREES      VOLTS/M   DEGREES      VOLTS/M   DEGREES
    0.0000E+00 -5.0000E-01  9.5000E+00     0.0000E+00     0.00    6.7479E+01    27.87    6.2151E+01   155.32
    1.0000E+00 -5.0000E-01  9.5000E+00     2.3485E+01   160.77    5.8587E+01  -178.03    1.1742E+01   -19.23
    0.0000E+00 -4.0000E-01  9.5000E+00     0.0000E+00     0.00    8.7222E+01    42.40    6.7630E+01   173.17
    1.0000E+00 -4.0000E-01  9.5000E+00     2.0775E+01   172.74    6.4634E+01  -166.50    1.0388E+01    -7.26
    0.0000E+00 -3.0000E-01  9.5000E+00     0.0000E+00     0.00    1.1067E+02    53.20    6.6877E+01  -172.93
    1.0000E+00 -3.0000E-01  9.5000E+00     1.6923E+01  -177.79    7.0074E+01  -157.37    8.4613E+00     2.21
    0.0000E+00 -2.0000E-01  9.5000E+00     0.0000E+00     0.00    1.3451E+02    60.45    5.5561E+01  -163.18
    1.0000E+00 -2.0000E-01  9.5000E+00     1.1998E+01  -170.93    7.4428E+01  -150.76    5.9988E+00     9.07
    0.0000E+00 -1.0000E-01  9.5000E+00     0.0000E+00     0.00    1.5290E+02    64.53    3.1999E+01  -157.48
    1.0000E+00 -1.0000E-01  9.5000E+00     6.2310E+00  -166.78    7.7253E+01  -146.77    3.1155E+00    13.22
    0.0000E+00 -2.7756E-17  9.5000E+00     0.0000E+00     0.00    1.5987E+02    65.84    5.0525E-14   -10.12
    1.0000E+00 -2.7756E-17  9.5000E+00     1.2466E-14   -85.91    7.8233E+01  -145.43    6.2331E-15    94.09
    0.0000E+00  1.0000E-01  9.5000E+00     0.0000E+00     0.00    1.5290E+02    64.53    3.1999E+01    22.52
    1.0000E+00  1.0000E-01  9.5000E+00     6.2310E+00    13.22    7.7253E+01  -146.77    3.1155E+00  -166.78
    0.0000E+00  2.0000E-01  9.5000E+00     0.0000E+00     0.00    1.3451E+02    60.45    5.5561E+01    16.82
    1.0000E+00  2.0000E-01  9.5000E+00     1.1998E+01     9.07    7.4428E+01  -150.76    5.9988E+00  -170.93
    0.0000E+00  3.0000E-01  9.5000E+00     0.0000E+00     0.00    1.1067E+02    53.20    6.6877E+01     7.07
    1.0000E+00  3.0000E-01  9.5000E+00     1.6923E+01     2.21    7.0074E+01  -157.37    8.4613E+00  -177.79
    0.0000E+00  4.0000E-01  9.5000E+00     0.0000E+00     0.00    8.7222E+01    42.40    6.7630E+01    -6.83
    1.0000E+00  4.0000E-01  9.5000E+00     2.0775E+01    -7.26    6.4634E+01  -166.50    1.0388E+01   172.74
    0.0000E+00  5.0000E-01  9.5000E+00     0.0000E+00     0.00    6.7479E+01    27.87    6.2151E+01   -24.68
    1.0000E+00  5.0000E-01  9.5000E+00     2.3485E+01   -19.23    5.8587E+01  -178.03    1.1742E+01   160.77
    0.0000E+00 -5.0000E-01  9.6000E+00     0.0000E+00     0.00    6.7871E+01    64.80    6.9383E+01   177.69
    1.0000E+00 -5.0000E-01  9.6000E+00     2.5734E+01   173.55    5.9590E+01  -164.38    1.0294E+01    -6.45
    0.0000E+00 -4.0000E-01  9.6000E+00     0.0000E+00     0.00    9.0406E+01    79.34    8.2119E+01  -163.31
    1.0000E+00 -4.0000E-01  9.6000E+00     2.2908E+01  -174.18    6.6129E+01  -152.59    9.1633E+00     5.82
    0.0000E+00 -3.0000E-01  9.6000E+00     0.0000E+00     0.00    1.1963E+02    88.90    8.8623E+01  -148.84
    1.0000E+00 -3.0000E-01  9.6000E+00     1.8761E+01  -164.46    7.2064E+01  -143.25    7.5045E+00    15.54
    0.0000E+00 -2.0000E-01  9.6000E+00     0.0000E+00     0.00    1.5210E+02    94.23    7.9293E+01  -139.08
    1.0000E+00 -2.0000E-01  9.6000E+00     1.3357E+01  -157.42    7.6848E+01  -136.50    5.3428E+00    22.58
    0.0000E+00 -1.0000E-01  9.6000E+00     0.0000E+00     0.00    1.7884E+02    96.69    4.7869E+01  -133.62
    1.0000E+00 -1.0000E-01  9.6000E+00     6.9556E+00  -153.16    7.9969E+01  -132.41    2.7822E+00    26.84
    0.0000E+00 -2.7756E-17  9.6000E+00     0.0000E+00     0.00    1.8930E+02    97.38    2.3898E-14    41.99
    1.0000E+00 -2.7756E-17  9.6000E+00     2.4437E-14  -109.09    8.1055E+01  -131.04    7.2292E-15    79.38
    0.0000E+00  1.0000E-01  9.6000E+00     0.0000E+00     0.00    1.7884E+02    96.69    4.7869E+01    46.38
    1.0000E+00  1.0000E-01  9.6000E+00     6.9556E+00    26.84    7.9969E+01  -132.41    2.7822E+00  -153.16
    0.0000E+00  2.0000E-01  9.6000E+00     0.0000E+00     0.00    1.5210E+02    94.23    7.9293E+01    40.92
    1.0000E+00  2.0000E-01  9.6000E+00     1.3357E+01    22.58    7.6848E+01  -136.50    5.3428E+00  -157.42
    0.0000E+00  3.0000E-01  9.6000E+00     0.0000E+00     0.00    1.1963E+02    88.90    8.8623E+01    31.16
    1.0000E+00  3.0000E-01  9.6000E+00     1.8761E+01    15.54    7.2064E+01  -143.25    7.5045E+00  -164.46
    0.0000E+00  4.0000E-01  9.6000E+00     0.0000E+00     0.00    9.0406E+01    79.34    8.2119E+01    16.69
    1.0000E+00  4.0000E-01  9.6000E+00     2.2908E+01     5.82    6.6129E+01  -152.59    9.1633E+00  -174.18
    0.0000E+00  5.0000E-01  9.6000E+00     0.0000E+00     0.00    6.7871E+01    64.80    6.9383E+01    -2.31
    1.0000E+00  5.0000E-01  9.6000E+00     2.5734E+01    -6.45    5.9590E+01  -164.38    1.0294E+01   173.55
    0.0000E+00 -5.0000E-01  9.7000E+00     0.0000E+00     0.00    7.2274E+01   104.29    7.3416E+01  -162.83
    1.0000E+00 -5.0000E-01  9.7000E+00     2.7747E+01  -176.25    6.0389E+01  -153.42    8.3242E+00     3.75
    0.0000E+00 -4.0000E-01  9.7000E+00     0.0000E+00     0.00    9.7974E+01   120.38    9.8179E+01  -142.66
    1.0000E+00 -4.0000E-01  9.7000E+00     2.4835E+01  -163.72    6.7359E+01  -141.42    7.4505E+00    16.28
    0.0000E+00 -3.0000E-01  9.7000E+00     0.0000E+00     0.00    1.3287E+02   128.28    1.2179E+02  -127.91
    1.0000E+00 -3.0000E-01  9.7000E+00     2.0436E+01  -153.79    7.3732E+01  -131.91    6.1308E+00    26.21
    0.0000E+00 -2.0000E-01  9.7000E+00     0.0000E+00     0.00    1.7510E+02   129.16    1.2256E+02  -118.73
    1.0000E+00 -2.0000E-01  9.7000E+00     1.4603E+01  -146.61    7.8904E+01  -125.03    4.3809E+00    33.39
    0.0000E+00 -1.0000E-01  9.7000E+00     0.0000E+00     0.00    2.1308E+02   127.63    7.9048E+01  -113.99
    1.0000E+00 -1.0000E-01  9.7000E+00     7.6222E+00  -142.26    8.2292E+01  -120.87    2.2867E+00    37.74
    0.0000E+00 -2.7756E-17  9.7000E+00     0.0000E+00     0.00    2.2862E+02   126.91    3.5925E-14     8.53
    1.0000E+00 -2.7756E-17  9.7000E+00     3.2024E-15  -123.69    8.3473E+01  -119.47    2.2204E-15    90.00
    0.0000E+00  1.0000E-01  9.7000E+00     0.0000E+00     0.00    2.1308E+02   127.63    7.9048E+01    66.01
    1.0000E+00  1.0000E-01  9.7000E+00     7.6222E+00    37.74    8.2292E+01  -120.87    2.2867E+00  -142.26
    0.0000E+00  2.0000E-01  9.7000E+00     0.0000E+00     0.00    1.7510E+02   129.16    1.2256E+02    61.27
    1.0000E+00  2.0000E-01  9.7000E+00     1.4603E+01    33.39    7.8904E+01  -125.03    4.3809E+00  -146.61
    0.0000E+00  3.0000E-01  9.7000E+00     0.0000E+00     0.00    1.3287E+02   128.28    1.2179E+02    52.09
    1.0000E+00  3.0000E-01  9.7000E+00     2.0436E+01    26.21    7.3732E+01  -131.91    6.1308E+00  -153.79
    0.0000E+00  4.0000E-01  9.7000E+00     0.0000E+00     0.00    9.7974E+01   120.38    9.8179E+01    37.34
    1.0000E+00  4.0000E-01  9.7000E+00     2.4835E+01    16.28    6.7359E+01  -141.42    7.4505E+00  -163.72
    0.0000E+00  5.0000E-01  9.7000E+00     0.0000E+00     0.00    7.2274E+01   104.29    7.3416E+01    17.17
    1.0000E+00  5.0000E-01  9.7000E+00     2.7747E+01     3.75    6.0389E+01  -153.42    8.3242E+00  -176.25
    0.0000E+00 -5.0000E-01  9.8000E+00     0.0000E+00     0.00    8.6243E+01   141.85    6.8430E+01  -147.14
    1.0000E+00 -5.0000E-01  9.8000E+00     2.9354E+01  -168.81    6.0969E+01  -145.39    5.8707E+00    11.19
    0.0000E+00 -4.0000E-01  9.8000E+00     0.0000E+00     0.00    1.2328E+02   164.13    1.1003E+02  -125.78
    1.0000E+00 -4.0000E-01  9.8000E+00     2.6385E+01  -156.09    6.8275E+01  -133.23    5.2770E+00    23.91
    0.0000E+00 -3.0000E-01  9.8000E+00     0.0000E+00     0.00    1.6971E+02   174.37    1.7638E+02  -111.23
    1.0000E+00 -3.0000E-01  9.8000E+00     2.1792E+01  -146.01    7.4997E+01  -123.60    4.3583E+00    33.99
    0.0000E+00 -2.0000E-01  9.8000E+00     0.0000E+00     0.00    2.1416E+02   167.63    2.1961E+02  -103.56
    1.0000E+00 -2.0000E-01  9.8000E+00     1.5617E+01  -138.71    8.0478E+01  -116.63    3.1234E+00    41.29
    0.0000E+00 -1.0000E-01  9.8000E+00     0.0000E+00     0.00    2.5894E+02   156.70    1.5317E+02   -99.81
    1.0000E+00 -1.0000E-01  9.8000E+00     8.1666E+00  -134.29    8.4081E+01  -112.41    1.6333E+00    45.71
    0.0000E+00 -2.7756E-17  9.8000E+00     0.0000E+00     0.00    2.8048E+02   153.17    2.7748E-14  -140.19
    1.0000E+00 -2.7756E-17  9.8000E+00     4.4409E-15   -90.00    8.5340E+01  -111.00    1.3506E-15   170.54
    0.0000E+00  1.0000E-01  9.8000E+00     0.0000E+00     0.00    2.5894E+02   156.70    1.5317E+02    80.19
    1.0000E+00  1.0000E-01  9.8000E+00     8.1666E+00    45.71    8.4081E+01  -112.41    1.6333E+00  -134.29
    0.0000E+00  2.0000E-01  9.8000E+00     0.0000E+00     0.00    2.1416E+02   167.63    2.1961E+02    76.44
    1.0000E+00  2.0000E-01  9.8000E+00     1.5617E+01    41.29    8.0478E+01  -116.63    3.1234E+00  -138.71
    0.0000E+00  3.0000E-01  9.8000E+00     0.0000E+00     0.00    1.6971E+02   174.37    1.7638E+02    68.77
    1.0000E+00  3.0000E-01  9.8000E+00     2.1792E+01    33.99    7.4997E+01  -123.60    4.3583E+00  -146.01
    0.0000E+00  4.0000E-01  9.8000E+00     0.0000E+00     0.00    1.2328E+02   164.13    1.1003E+02    54.22
    1.0000E+00  4.0000E-01  9.8000E+00     2.6385E+01    23.91    6.8275E+01  -133.23    5.2770E+00  -156.09
    0.0000E+00  5.0000E-01  9.8000E+00     0.0000E+00     0.00    8.6243E+01   141.85    6.8430E+01    32.86
    1.0000E+00  5.0000E-01  9.8000E+00     2.9354E+01    11.19    6.0969E+01  -145.39    5.8707E+00  -168.81
    0.0000E+00 -5.0000E-01  9.9000E+00     0.0000E+00     0.00    1.0863E+02   168.57    4.4948E+01  -136.59
    1.0000E+00 -5.0000E-01  9.9000E+00     3.0394E+01  -164.28    6.1320E+01  -140.49    3.0394E+00    15.72
    0.0000E+00 -4.0000E-01  9.9000E+00     0.0000E+00     0.00    1.8440E+02  -160.16    9.3496E+01  -114.08
    1.0000E+00 -4.0000E-01  9.9000E+00     2.7394E+01  -151.44    6.8841E+01  -128.23    2.7394E+00    28.56
    0.0000E+00 -3.0000E-01  9.9000E+00     0.0000E+00     0.00    3.2944E+02  -137.63    2.7116E+02  -100.36
    1.0000E+00 -3.0000E-01  9.9000E+00     2.2679E+01  -141.26    7.5787E+01  -118.53    2.2679E+00    38.74
    0.0000E+00 -2.0000E-01  9.9000E+00     0.0000E+00     0.00    3.3188E+02  -147.87    5.7518E+02   -95.43
    1.0000E+00 -2.0000E-01  9.9000E+00     1.6283E+01  -133.89    8.1469E+01  -111.50    1.6283E+00    46.11
    0.0000E+00 -1.0000E-01  9.9000E+00     0.0000E+00     0.00    3.1298E+02  -178.61    4.0060E+02   -90.89
    1.0000E+00 -1.0000E-01  9.9000E+00     8.5252E+00  -129.43    8.5213E+01  -107.24    8.5252E-01    50.57
    0.0000E+00 -2.7756E-17  9.9000E+00     0.0000E+00     0.00    3.5380E+02   175.43    1.8913E-13   151.99
    1.0000E+00 -2.7756E-17  9.9000E+00     2.8546E-14    -5.36    8.6522E+01  -105.82    2.2232E-15   177.14
    0.0000E+00  1.0000E-01  9.9000E+00     0.0000E+00     0.00    3.1298E+02  -178.61    4.0060E+02    89.11
    1.0000E+00  1.0000E-01  9.9000E+00     8.5252E+00    50.57    8.5213E+01  -107.24    8.5252E-01  -129.43
    0.0000E+00  2.0000E-01  9.9000E+00     0.0000E+00     0.00    3.3188E+02  -147.87    5.7518E+02    84.57
    1.0000E+00  2.0000E-01  9.9000E+00     1.6283E+01    46.11    8.1469E+01  -111.50    1.6283E+00  -133.89
    0.0000E+00  3.0000E-01  9.9000E+00     0.0000E+00     0.00    3.2944E+02  -137.63    2.7116E+02    79.64
    1.0000E+00  3.0000E-01  9.9000E+00     2.2679E+01    38.74    7.5787E+01  -118.53    2.2679E+00  -141.26
    0.0000E+00  4.0000E-01  9.9000E+00     0.0000E+00     0.00    1.8440E+02  -160.16    9.3496E+01    65.92
    1.0000E+00  4.0000E-01  9.9000E+00     2.7394E+01    28.56    6.8841E+01  -128.23    2.7394E+00  -151.44
    0.0000E+00  5.0000E-01  9.9000E+00     0.0000E+00     0.00    1.0863E+02   168.57    4.4948E+01    43.41
    1.0000E+00  5.0000E-01  9.9000E+00     3.0394E+01    15.72    6.1320E+01  -140.49    3.0394E+00  -164.28
    0.0000E+00 -5.0000E-01  1.0000E+01     0.0000E+00     0.00    1.2125E+02   178.12    0.0000E+00     0.00
    1.0000E+00 -5.0000E-01  1.0000E+01     3.0755E+01  -162.76    6.1438E+01  -138.84    5.4632E-14    17.24
    0.0000E+00 -4.0000E-01  1.0000E+01     0.0000E+00     0.00    2.3664E+02  -146.09    0.0000E+00     0.00
    1.0000E+00 -4.0000E-01  1.0000E+01     2.7745E+01  -149.88    6.9033E+01  -126.55    4.9286E-14    30.12
    0.0000E+00 -3.0000E-01  1.0000E+01     0.0000E+00     0.00    8.7972E+02  -111.19    0.0000E+00     0.00
    1.0000E+00 -3.0000E-01  1.0000E+01     2.2989E+01  -139.67    7.6056E+01  -116.82    4.0836E-14    40.33
    0.0000E+00 -2.0000E-01  1.0000E+01     0.0000E+00     0.00    3.0454E+01   -89.00    0.0000E+00     0.00
    1.0000E+00 -2.0000E-01  1.0000E+01     1.6516E+01  -132.28    8.1807E+01  -109.77    2.9339E-14    47.72
    0.0000E+00 -1.0000E-01  1.0000E+01     0.0000E+00     0.00    9.2870E+00   -32.40    0.0000E+00     0.00
    1.0000E+00 -1.0000E-01  1.0000E+01     8.6506E+00  -127.80    8.5600E+01  -105.51    1.5367E-14    52.20
    0.0000E+00 -2.7756E-17  1.0000E+01     0.0000E+00     0.00    2.9185E+03  -150.63    0.0000E+00     0.00
    1.0000E+00 -2.7756E-17  1.0000E+01     1.5888E-14   -26.57    8.6927E+01  -104.08    2.8223E-29   153.43
    0.0000E+00  1.0000E-01  1.0000E+01     0.0000E+00     0.00    9.2870E+00   -32.40    0.0000E+00     0.00
    1.0000E+00  1.0000E-01  1.0000E+01     8.6506E+00    52.20    8.5600E+01  -105.51    1.5367E-14  -127.80
    0.0000E+00  2.0000E-01  1.0000E+01     0.0000E+00     0.00    3.0454E+01   -89.00    0.0000E+00     0.00
    1.0000E+00  2.0000E-01  1.0000E+01     1.6516E+01    47.72    8.1807E+01  -109.77    2.9339E-14  -132.28
    0.0000E+00  3.0000E-01  1.0000E+01     0.0000E+00     0.00    8.7972E+02  -111.19    0.0000E+00     0.00
    1.0000E+00  3.0000E-01  1.0000E+01     2.2989E+01    40.33    7.6056E+01  -116.82    4.0836E-14  -139.67
    0.0000E+00  4.0000E-01  1.0000E+01     0.0000E+00     0.00    2.3664E+02  -146.09    0.0000E+00     0.00
    1.0000E+00  4.0000E-01  1.0000E+01     2.7745E+01    30.12    6.9033E+01  -126.55    4.9286E-14  -149.88
    0.0000E+00  5.0000E-01  1.0000E+01     0.0000E+00     0.00    1.2125E+02   178.12    0.0000E+00     0.00
    1.0000E+00  5.0000E-01  1.0000E+01     3.0755E+01    17.24    6.1438E+01  -138.84    5.4632E-14  -162.76
    0.0000E+00 -5.0000E-01  1.0100E+01     0.0000E+00     0.00    1.0863E+02   168.57    4.4948E+01    43.41
    1.0000E+00 -5.0000E-01  1.0100E+01     3.0394E+01  -164.28    6.1320E+01  -140.49    3.0394E+00  -164.28
    0.0000E+00 -4.0000E-01  1.0100E+01     0.0000E+00     0.00    1.8440E+02  -160.16    9.3496E+01    65.92
    1.0000E+00 -4.0000E-01  1.0100E+01     2.7394E+01  -151.44    6.8841E+01  -128.23    2.7394E+00  -151.44
    0.0000E+00 -3.0000E-01  1.0100E+01     0.0000E+00     0.00    3.2944E+02  -137.63    2.7116E+02    79.64
    1.0000E+00 -3.0000E-01  1.0100E+01     2.2679E+01  -141.26    7.5787E+01  -118.53    2.2679E+00  -141.26
    0.0000E+00 -2.0000E-01  1.0100E+01     0.0000E+00     0.00    3.3188E+02  -147.87    5.7518E+02    84.57
    1.0000E+00 -2.0000E-01  1.0100E+01     1.6283E+01  -133.89    8.1469E+01  -111.50    1.6283E+00  -133.89
    0.0000E+00 -1.0000E-01  1.0100E+01     0.0000E+00     0.00    3.1298E+02  -178.61    4.0060E+02    89.11
    1.0000E+00 -1.0000E-01  1.0100E+01     8.5252E+00  -129.43    8.5213E+01  -107.24    8.5252E-01  -129.43
    0.0000E+00 -2.7756E-17  1.0100E+01     0.0000E+00     0.00    3.5380E+02   175.43    3.1252E-13  -139.61
    1.0000E+00 -2.7756E-17  1.0100E+01     3.5527E-15     0.00    8.6522E+01  -105.82    2.0015E-15     3.18
    0.0000E+00  1.0000E-01  1.0100E+01     0.0000E+00     0.00    3.1298E+02  -178.61    4.0060E+02   -90.89
    1.0000E+00  1.0000E-01  1.0100E+01     8.5252E+00    50.57    8.5213E+01  -107.24    8.5252E-01    50.57
    0.0000E+00  2.0000E-01  1.0100E+01     0.0000E+00     0.00    3.3188E+02  -147.87    5.7518E+02   -95.43
    1.0000E+00  2.0000E-01  1.0100E+01     1.6283E+01    46.11    8.1469E+01  -111.50    1.6283E+00    46.11
    0.0000E+00  3.0000E-01  1.0100E+01     0.0000E+00     0.00    3.2944E+02  -137.63    2.7116E+02  -100.36
    1.0000E+00  3.0000E-01  1.0100E+01     2.2679E+01    38.74    7.5787E+01  -118.53    2.2679E+00    38.74
    0.0000E+00  4.0000E-01  1.0100E+01     0.0000E+00     0.00    1.8440E+02  -160.16    9.3496E+01  -114.08
    1.0000E+00  4.0000E-01  1.0100E+01     2.7394E+01    28.56    6.8841E+01  -128.23    2.7394E+00    28.56
    0.0000E+00  5.0000E-01  1.0100E+01     0.0000E+00     0.00    1.0863E+02   168.57    4.4948E+01  -136.59
    1.0000E+00  5.0000E-01  1.0100E+01     3.0394E+01    15.72    6.1320E+01  -140.49    3.0394E+00    15.72
    0.0000E+00 -5.0000E-01  1.0200E+01     0.0000E+00     0.00    8.6243E+01   141.85    6.8430E+01    32.86
    1.0000E+00 -5.0000E-01  1.0200E+01     2.9354E+01  -168.81    6.0969E+01  -145.39    5.8707E+00  -168.81
    0.0000E+00 -4.0000E-01  1.0200E+01     0.0000E+00     0.00    1.2328E+02   164.13    1.1003E+02    54.22
    1.0000E+00 -4.0000E-01  1.0200E+01     2.6385E+01  -156.09    6.8275E+01  -133.23    5.2770E+00  -156.09
    0.0000E+00 -3.0000E-01  1.0200E+01     0.0000E+00     0.00    1.6971E+02   174.37    1.7638E+02    68.77
    1.0000E+00 -3.0000E-01  1.0200E+01     2.1792E+01  -146.01    7.4997E+01  -123.60    4.3583E+00  -146.01
    0.0000E+00 -2.0000E-01  1.0200E+01     0.0000E+00     0.00    2.1416E+02   167.63    2.1961E+02    76.44
    1.0000E+00 -2.0000E-01  1.0200E+01     1.5617E+01  -138.71    8.0478E+01  -116.63    3.1234E+00  -138.71
    0.0000E+00 -1.0000E-01  1.0200E+01     0.0000E+00     0.00    2.5894E+02   156.70    1.5317E+02    80.19
    1.0000E+00 -1.0000E-01  1.0200E+01     8.1666E+00  -134.29    8.4081E+01  -112.41    1.6333E+00  -134.29
    0.0000E+00 -2.7756E-17  1.0200E+01     0.0000E+00     0.00    2.8048E+02   153.17    1.2126E-13  -174.96
    1.0000E+00 -2.7756E-17  1.0200E+01     6.4047E-15   -33.69    8.5340E+01  -111.00    9.9301E-16   -26.57
    0.0000E+00  1.0000E-01  1.0200E+01     0.0000E+00     0.00    2.5894E+02   156.70    1.5317E+02   -99.81
    1.0000E+00  1.0000E-01  1.0200E+01     8.1666E+00    45.71    8.4081E+01  -112.41    1.6333E+00    45.71
    0.0000E+00  2.0000E-01  1.0200E+01     0.0000E+00     0.00    2.1416E+02   167.63    2.1961E+02  -103.56
    1.0000E+00  2.0000E-01  1.0200E+01     1.5617E+01    41.29    8.0478E+01  -116.63    3.1234E+00    41.29
    0.0000E+00  3.0000E-01  1.0200E+01     0.0000E+00     0.00    1.6971E+02   174.37    1.7638E+02  -111.23
    1.0000E+00  3.0000E-01  1.0200E+01     2.1792E+01    33.99    7.4997E+01  -123.60    4.3583E+00    33.99
    0.0000E+00  4.0000E-01  1.0200E+01     0.0000E+00     0.00    1.2328E+02   164.13    1.1003E+02  -125.78
    1.0000E+00  4.0000E-01  1.0200E+01     2.6385E+01    23.91    6.8275E+01  -133.23    5.2770E+00    23.91
    0.0000E+00  5.0000E-01  1.0200E+01     0.0000E+00     0.00    8.6243E+01   141.85    6.8430E+01  -147.14
    1.0000E+00  5.0000E-01  1.0200E+01     2.9354E+01    11.19    6.0969E+01  -145.39    5.8707E+00    11.19
    0.0000E+00 -5.0000E-01  1.0300E+01     0.0000E+00     0.00    7.2274E+01   104.29    7.3416E+01    17.17
    1.0000E+00 -5.0000E-01  1.0300E+01     2.7747E+01  -176.25    6.0389E+01  -153.42    8.3242E+00  -176.25
    0.0000E+00 -4.0000E-01  1.0300E+01     0.0000E+00     0.00    9.7974E+01   120.38    9.8179E+01    37.34
    1.0000E+00 -4.0000E-01  1.0300E+01     2.4835E+01  -163.72    6.7359E+01  -141.42    7.4505E+00  -163.72
    0.0000E+00 -3.0000E-01  1.0300E+01     0.0000E+00     0.00    1.3287E+02   128.28    1.2179E+02    52.09
    1.0000E+00 -3.0000E-01  1.0300E+01     2.0436E+01  -153.79    7.3732E+01  -131.91    6.1308E+00  -153.79
    0.0000E+00 -2.0000E-01  1.0300E+01     0.0000E+00     0.00    1.7510E+02   129.16    1.2256E+02    61.27
    1.0000E+00 -2.0000E-01  1.0300E+01     1.4603E+01  -146.61    7.8904E+01  -125.03    4.3809E+00  -146.61
    0.0000E+00 -1.0000E-01  1.0300E+01     0.0000E+00     0.00    2.1308E+02   127.63    7.9048E+01    66.01
    1.0000E+00 -1.0000E-01  1.0300E+01     7.6222E+00  -142.26    8.2292E+01  -120.87    2.2867E+00  -142.26
    0.0000E+00 -2.7756E-17  1.0300E+01     0.0000E+00     0.00    2.2862E+02   126.91    5.0243E-14  -171.87
    1.0000E+00 -2.7756E-17  1.0300E+01     9.7700E-15   -90.00    8.3473E+01  -119.47    4.4409E-15   -53.13
    0.0000E+00  1.0000E-01  1.0300E+01     0.0000E+00     0.00    2.1308E+02   127.63    7.9048E+01  -113.99
    1.0000E+00  1.0000E-01  1.0300E+01     7.6222E+00    37.74    8.2292E+01  -120.87    2.2867E+00    37.74
    0.0000E+00  2.0000E-01  1.0300E+01     0.0000E+00     0.00    1.7510E+02   129.16    1.2256E+02  -118.73
    1.0000E+00  2.0000E-01  1.0300E+01     1.4603E+01    33.39    7.8904E+01  -125.03    4.3809E+00    33.39
    0.0000E+00  3.0000E-01  1.0300E+01     0.0000E+00     0.00    1.3287E+02   128.28    1.2179E+02  -127.91
    1.0000E+00  3.0000E-01  1.0300E+01     2.0436E+01    26.21    7.3732E+01  -131.91    6.1308E+00    26.21
    0.0000E+00  4.0000E-01  1.0300E+01     0.0000E+00     0.00    9.7974E+01   120.38    9.8179E+01  -142.66
    1.0000E+00  4.0000E-01  1.0300E+01     2.4835E+01    16.28    6.7359E+01  -141.42    7.4505E+00    16.28
    0.0000E+00  5.0000E-01  1.0300E+01     0.0000E+00     0.00    7.2274E+01   104.29    7.3416E+01  -162.83
    1.0000E+00  5.0000E-01  1.0300E+01     2.7747E+01     3.75    6.0389E+01  -153.42    8.3242E+00     3.75
    0.0000E+00 -5.0000E-01  1.0400E+01     0.0000E+00     0.00    6.7871E+01    64.80    6.9383E+01    -2.31
    1.0000E+00 -5.0000E-01  1.0400E+01     2.5734E+01   173.55    5.9590E+01  -164.38    1.0294E+01   173.55
    0.0000E+00 -4.0000E-01  1.0400E+01     0.0000E+00     0.00    9.0406E+01    79.34    8.2119E+01    16.69
    1.0000E+00 -4.0000E-01  1.0400E+01     2.2908E+01  -174.18    6.6129E+01  -152.59    9.1633E+00  -174.18
    0.0000E+00 -3.0000E-01  1.0400E+01     0.0000E+00     0.00    1.1963E+02    88.90    8.8623E+01    31.16
    1.0000E+00 -3.0000E-01  1.0400E+01     1.8761E+01  -164.46    7.2064E+01  -143.25    7.5045E+00  -164.46
    0.0000E+00 -2.0000E-01  1.0400E+01     0.0000E+00     0.00    1.5210E+02    94.23    7.9293E+01    40.92
    1.0000E+00 -2.0000E-01  1.0400E+01     1.3357E+01  -157.42    7.6848E+01  -136.50    5.3428E+00  -157.42
    0.0000E+00 -1.0000E-01  1.0400E+01     0.0000E+00     0.00    1.7884E+02    96.69    4.7869E+01    46.38
    1.0000E+00 -1.0000E-01  1.0400E+01     6.9556E+00  -153.16    7.9969E+01  -132.41    2.7822E+00  -153.16
    0.0000E+00 -2.7756E-17  1.0400E+01     0.0000E+00     0.00    1.8930E+02    97.38    3.9241E-14  -174.81
    1.0000E+00 -2.7756E-17  1.0400E+01     2.0505E-14  -107.65    8.1055E+01  -131.04    9.3364E-15  -115.35
    0.0000E+00  1.0000E-01  1.0400E+01     0.0000E+00     0.00    1.7884E+02    96.69    4.7869E+01  -133.62
    1.0000E+00  1.0000E-01  1.0400E+01     6.9556E+00    26.84    7.9969E+01  -132.41    2.7822E+00    26.84
    0.0000E+00  2.0000E-01  1.0400E+01     0.0000E+00     0.00    1.5210E+02    94.23    7.9293E+01  -139.08
    1.0000E+00  2.0000E-01  1.0400E+01     1.3357E+01    22.58    7.6848E+01  -136.50    5.3428E+00    22.58
    0.0000E+00  3.0000E-01  1.0400E+01     0.0000E+00     0.00    1.1963E+02    88.90    8.8623E+01  -148.84
    1.0000E+00  3.0000E-01  1.0400E+01     1.8761E+01    15.54    7.2064E+01  -143.25    7.5045E+00    15.54
    0.0000E+00  4.0000E-01  1.0400E+01     0.0000E+00     0.00    9.0406E+01    79.34    8.2119E+01  -163.31
    1.0000E+00  4.0000E-01  1.0400E+01     2.2908E+01     5.82    6.6129E+01  -152.59    9.1633E+00     5.82
    0.0000E+00  5.0000E-01  1.0400E+01     0.0000E+00     0.00    6.7871E+01    64.80    6.9383E+01   177.69
    1.0000E+00  5.0000E-01  1.0400E+01     2.5734E+01    -6.45    5.9590E+01  -164.38    1.0294E+01    -6.45
    0.0000E+00 -5.0000E-01  1.0500E+01     0.0000E+00     0.00    6.7479E+01    27.87    6.2151E+01   -24.68
    1.0000E+00 -5.0000E-01  1.0500E+01     2.3485E+01   160.77    5.8587E+01  -178.03    1.1742E+01   160.77
    0.0000E+00 -4.0000E-01  1.0500E+01     0.0000E+00     0.00    8.7222E+01    42.40    6.7630E+01    -6.83
    1.0000E+00 -4.0000E-01  1.0500E+01     2.0775E+01   172.74    6.4634E+01  -166.50    1.0388E+01   172.74
    0.0000E+00 -3.0000E-01  1.0500E+01     0.0000E+00     0.00    1.1067E+02    53.20    6.6877E+01     7.07
    1.0000E+00 -3.0000E-01  1.0500E+01     1.6923E+01  -177.79    7.0074E+01  -157.37    8.4613E+00  -177.79
    0.0000E+00 -2.0000E-01  1.0500E+01     0.0000E+00     0.00    1.3451E+02    60.45    5.5561E+01    16.82
    1.0000E+00 -2.0000E-01  1.0500E+01     1.1998E+01  -170.93    7.4428E+01  -150.76    5.9988E+00  -170.93
    0.0000E+00 -1.0000E-01  1.0500E+01     0.0000E+00     0.00    1.5290E+02    64.53    3.1999E+01    22.52
    1.0000E+00 -1.0000E-01  1.0500E+01     6.2310E+00  -166.78    7.7253E+01  -146.77    3.1155E+00  -166.78
    0.0000E+00 -2.7756E-17  1.0500E+01     0.0000E+00     0.00    1.5987E+02    65.84    5.9554E-14   162.65
    1.0000E+00 -2.7756E-17  1.0500E+01     1.2466E-14   -94.09    7.8233E+01  -145.43    7.2292E-15  -100.62
    0.0000E+00  1.0000E-01  1.0500E+01     0.0000E+00     0.00    1.5290E+02    64.53    3.1999E+01  -157.48
    1.0000E+00  1.0000E-01  1.0500E+01     6.2310E+00    13.22    7.7253E+01  -146.77    3.1155E+00    13.22
    0.0000E+00  2.0000E-01  1.0500E+01     0.0000E+00     0.00    1.3451E+02    60.45    5.5561E+01  -163.18
    1.0000E+00  2.0000E-01  1.0500E+01     1.1998E+01     9.07    7.4428E+01  -150.76    5.9988E+00     9.07
    0.0000E+00  3.0000E-01  1.0500E+01     0.0000E+00     0.00    1.1067E+02    53.20    6.6877E+01  -172.93
    1.0000E+00  3.0000E-01  1.0500E+01     1.6923E+01     2.21    7.0074E+01  -157.37    8.4613E+00     2.21
    0.0000E+00  4.0000E-01  1.0500E+01     0.0000E+00     0.00    8.7222E+01    42.40    6.7630E+01   173.17
    1.0000E+00  4.0000E-01  1.0500E+01     2.0775E+01    -7.26    6.4634E+01  -166.50    1.0388E+01    -7.26
    0.0000E+00  5.0000E-01  1.0500E+01     0.0000E+00     0.00    6.7479E+01    27.87    6.2151E+01   155.32
    1.0000E+00  5.0000E-01  1.0500E+01     2.3485E+01   -19.23    5.8587E+01  -178.03    1.1742E+01   -19.23




 ***** INPUT LINE  6  EN   0    0    0    0  0.00000E+00  0.00000E+00  0.00000E+00  0.00000E+00  0.00000E+00  0.00000E+00

 RUN TIME =     0.015
