1



                                ***********************************************
                                *                                             *
                                *  NUMERICAL ELECTROMAGNETICS CODE (NEC-4.2)  *
                                *                                             *
                                ***********************************************




                      **********************************************************

                          Dipole in free space                                                         
                                                                                                       
                          EZNEC Pro/2+ v. 7.0.4  2026-10-03 17:16:34                                   
                                                                                                       
                          ! Written by EZNEC/Pro+ v. 7.0 in NEC-4.2 format.                            
                                                                                                       

                      **********************************************************





                                 - - - STRUCTURE SPECIFICATION - - -

                                     COORDINATES MUST BE INPUT IN
                                     METERS OR BE SCALED TO METERS
                                     BEFORE STRUCTURE INPUT IS ENDED


  WIRE                                                                               NO. OF    FIRST  LAST     TAG
  NO.        X1         Y1         Z1          X2         Y2         Z2      RADIUS   SEG.     SEG.   SEG.     NO.
     1    0.00000   -0.25000   10.00000     0.00000    0.25000   10.00000    0.00050     11        1    11       1

   GROUND PLANE SPECIFIED.

   WHERE WIRE ENDS TOUCH GROUND, CURRENT WILL BE INTERPOLATED TO IMAGE IN GROUND PLANE.


   TOTAL SEGMENTS USED=   11     NO. SEG. IN A SYMMETRIC CELL=   11     SYMMETRY FLAG=  0


         - MULTIPLE WIRE JUNCTIONS -
 JUNCTION    SEGMENTS  (- FOR END 1, + FOR END 2)
  NONE




                                 - - - - SEGMENTATION DATA - - - -

                                        COORDINATES IN METERS

                         I+ AND I- INDICATE THE SEGMENTS BEFORE AND AFTER I


  SEG.   COORDINATES OF SEG. CENTER     SEG.     ORIENTATION ANGLES    WIRE    CONNECTION DATA   TAG
  NO.       X         Y         Z       LENGTH     ALPHA     BETA      RADIUS    I-   I    I+    NO.
     1   0.00000  -0.22727  10.00000   0.04545    0.00000  90.00000   0.00050     0    1    2      1
     2   0.00000  -0.18182  10.00000   0.04545    0.00000  90.00000   0.00050     1    2    3      1
     3   0.00000  -0.13636  10.00000   0.04545    0.00000  90.00000   0.00050     2    3    4      1
     4   0.00000  -0.09091  10.00000   0.04545    0.00000  90.00000   0.00050     3    4    5      1
     5   0.00000  -0.04545  10.00000   0.04545    0.00000  90.00000   0.00050     4    5    6      1
     6   0.00000   0.00000  10.00000   0.04545    0.00000  90.00000   0.00050     5    6    7      1
     7   0.00000   0.04545  10.00000   0.04545    0.00000  90.00000   0.00050     6    7    8      1
     8   0.00000   0.09091  10.00000   0.04545    0.00000  90.00000   0.00050     7    8    9      1
     9   0.00000   0.13636  10.00000   0.04545    0.00000  90.00000   0.00050     8    9   10      1
    10   0.00000   0.18182  10.00000   0.04545    0.00000  90.00000   0.00050     9   10   11      1
    11   0.00000   0.22727  10.00000   0.04545    0.00000  90.00000   0.00050    10   11    0      1




 ***** INPUT LINE  1  FR   0    1    0    0  2.99793E+02  0.00000E+00  0.00000E+00  0.00000E+00  0.00000E+00  0.00000E+00
 ***** INPUT LINE  2  GN   2    0    0    0  1.30000E+01  5.00000E-03  0.00000E+00  0.00000E+00  0.00000E+00  0.00000E+00
 ***** INPUT LINE  3  EX   6    1    6    0  1.41421E+00  0.00000E+00  0.00000E+00  0.00000E+00  0.00000E+00  0.00000E+00
 ***** INPUT LINE  4  PQ   0    0    0    0  0.00000E+00  0.00000E+00  0.00000E+00  0.00000E+00  0.00000E+00  0.00000E+00
 ***** INPUT LINE  5  NE   0    2   11   11  0.00000E+00 -5.00000E-01  9.50000E+00  1.00000E+00  1.00000E-01  1.00000E-01




                                 - - - - - - FREQUENCY - - - - - -

                                    FREQUENCY= 2.9979E+02 MHZ
                                    WAVELENGTH= 1.0000E+00 METERS



                                  - - - ANTENNA ENVIRONMENT - - -


 GNDINO: UNABLE TO OPEN FILE SOMD.NEC                                
 WILL COMPUTE SOMMERFELD-GROUND TABLES

 Time to generate Sommerfeld ground tables =   0.09 seconds

                                        FINITE GROUND.  SOMMERFELD SOLUTION GN2
                                        RELATIVE DIELECTRIC CONST.= 13.000
                                        CONDUCTIVITY= 5.000E-03 MHOS/METER
                                        COMPLEX DIELECTRIC CONSTANT= 1.30000E+01-2.99799E-01



                               - - - STRUCTURE IMPEDANCE LOADING - - -

                                   THIS STRUCTURE IS NOT LOADED



                                - - - MATRIX TIMING - - -

                        FILL=    0.000 SEC.,  FACTOR=    0.000 SEC.



                                          - - - ANTENNA INPUT PARAMETERS - - -

   TAG   SEG.    VOLTAGE (VOLTS)         CURRENT (AMPS)         IMPEDANCE (OHMS)        ADMITTANCE (MHOS)      POWER
   NO.   NO.    REAL        IMAG.       REAL        IMAG.       REAL        IMAG.       REAL        IMAG.     (WATTS)
     1     6 1.15511E+02 6.42059E+01 1.41421E+00 0.00000E+00 8.16784E+01 4.54004E+01 9.35332E-03-5.19898E-03 8.16785E+01



                             - - - CURRENTS AND LOCATION - - -

                     LENGTHS NORMALIZED BY WAVELENGTH (OR 2.*PI/CABS(K))

  SEG.  TAG    COORD. OF SEG. CENTER     SEG.            - - - CURRENT (AMPS) - - -
  NO.   NO.     X        Y        Z      LENGTH     REAL        IMAG.       MAG.        PHASE
     1    1   0.0000  -0.2273   9.9997  0.04545   2.5460E-01 -2.6965E-02  2.5603E-01   -6.046
     2    1   0.0000  -0.1818   9.9997  0.04545   6.6814E-01 -6.1155E-02  6.7093E-01   -5.230
     3    1   0.0000  -0.1364   9.9997  0.04545   1.0002E+00 -7.4903E-02  1.0030E+00   -4.283
     4    1   0.0000  -0.0909   9.9997  0.04545   1.2438E+00 -6.8193E-02  1.2457E+00   -3.138
     5    1   0.0000  -0.0455   9.9997  0.04545   1.3830E+00 -3.9085E-02  1.3835E+00   -1.619
     6    1   0.0000   0.0000   9.9997  0.04545   1.4142E+00 -9.9747E-17  1.4142E+00    0.000
     7    1   0.0000   0.0455   9.9997  0.04545   1.3830E+00 -3.9085E-02  1.3835E+00   -1.619
     8    1   0.0000   0.0909   9.9997  0.04545   1.2438E+00 -6.8193E-02  1.2457E+00   -3.138
     9    1   0.0000   0.1364   9.9997  0.04545   1.0002E+00 -7.4903E-02  1.0030E+00   -4.283
    10    1   0.0000   0.1818   9.9997  0.04545   6.6814E-01 -6.1155E-02  6.7093E-01   -5.230
    11    1   0.0000   0.2273   9.9997  0.04545   2.5460E-01 -2.6965E-02  2.5603E-01   -6.046



                                  - - - CHARGE DENSITIES - - -

                       LENGTHS NORMALIZED TO WAVELENGTH (OR 2.*PI/CABS(K))


  SEG.  TAG    COORD. OF SEG. CENTER     SEG.          CHARGE DENSITY (COULOMBS/METER)
  NO.   NO.     X        Y        Z      LENGTH     REAL        IMAG.       MAG.        PHASE
     1E   1   0.0000  -0.2500   9.9997  0.04545   6.9587E-10  6.2165E-09  6.2553E-09   83.613
     1    1   0.0000  -0.2273   9.9997  0.04545   5.4646E-10  5.5212E-09  5.5482E-09   84.348
     2    1   0.0000  -0.1818   9.9997  0.04545   2.7627E-10  4.3386E-09  4.3474E-09   86.356
     3    1   0.0000  -0.1364   9.9997  0.04545   4.2899E-11  3.3972E-09  3.3974E-09   89.277
     4    1   0.0000  -0.0909   9.9997  0.04545  -2.0370E-10  2.2655E-09  2.2746E-09   95.138
     5    1   0.0000  -0.0455   9.9997  0.04545  -4.9951E-10  9.5336E-10  1.0763E-09  117.652
     6    1   0.0000   0.0000   9.9997  0.04545  -5.5548E-25 -5.9251E-24  5.9511E-24  -95.356
     7    1   0.0000   0.0455   9.9997  0.04545   4.9951E-10 -9.5336E-10  1.0763E-09  -62.348
     8    1   0.0000   0.0909   9.9997  0.04545   2.0370E-10 -2.2655E-09  2.2746E-09  -84.862
     9    1   0.0000   0.1364   9.9997  0.04545  -4.2899E-11 -3.3972E-09  3.3974E-09  -90.723
    10    1   0.0000   0.1818   9.9997  0.04545  -2.7627E-10 -4.3386E-09  4.3474E-09  -93.644
    11    1   0.0000   0.2273   9.9997  0.04545  -5.4646E-10 -5.5212E-09  5.5482E-09  -95.652
    11E   1   0.0000   0.2500   9.9997  0.04545  -6.9587E-10 -6.2165E-09  6.2553E-09  -96.387



                                        - - - POWER BUDGET - - -

                                           INPUT POWER   = 8.1678E+01 WATTS
                                           RADIATED POWER= 8.1678E+01 WATTS
                                           WIRE LOSS     = 0.0000E+00 WATTS
                                           EFFICIENCY    = 100.00 PERCENT



                                      - - - NEAR ELECTRIC FIELDS - - -

              -  LOCATION  -                     -  EX  -               -  EY  -               -  EZ  -
        X           Y           Z           MAGNITUDE   PHASE      MAGNITUDE   PHASE      MAGNITUDE   PHASE
      METERS      METERS      METERS         VOLTS/M   DEGREES      VOLTS/M   DEGREES      VOLTS/M   DEGREES
    0.0000E+00 -5.0000E-01  9.5000E+00     2.6546E-06   -96.96    6.6038E+01    26.00    6.2109E+01   155.38
    1.0000E+00 -5.0000E-01  9.5000E+00     2.3476E+01   160.78    5.9386E+01  -175.63    1.1741E+01   -19.55
    0.0000E+00 -4.0000E-01  9.5000E+00     2.1245E-06   -96.13    8.5284E+01    41.22    6.7606E+01   173.22
    1.0000E+00 -4.0000E-01  9.5000E+00     2.0768E+01   172.75    6.5868E+01  -164.50    1.0376E+01    -7.55
    0.0000E+00 -3.0000E-01  9.5000E+00     1.5939E-06   -95.48    1.0844E+02    52.47    6.6862E+01  -172.89
    1.0000E+00 -3.0000E-01  9.5000E+00     1.6917E+01  -177.78    7.1622E+01  -155.69    8.4464E+00     1.96
    0.0000E+00 -2.0000E-01  9.5000E+00     1.0628E-06   -95.02    1.3212E+02    59.96    5.5551E+01  -163.15
    1.0000E+00 -2.0000E-01  9.5000E+00     1.1994E+01  -170.92    7.6183E+01  -149.32    5.9859E+00     8.84
    0.0000E+00 -1.0000E-01  9.5000E+00     5.3148E-07   -94.74    1.5042E+02    64.16    3.1995E+01  -157.46
    1.0000E+00 -1.0000E-01  9.5000E+00     6.2291E+00  -166.77    7.9125E+01  -145.46    3.1082E+00    13.00
    0.0000E+00 -2.7756E-17  9.5000E+00     4.3825E-14   -90.88    1.5737E+02    65.51    3.6621E-14   -14.04
    1.0000E+00 -2.7756E-17  9.5000E+00     1.4321E-14   -97.13    8.0142E+01  -144.17    6.2331E-15    94.09
    0.0000E+00  1.0000E-01  9.5000E+00     5.3148E-07    85.26    1.5042E+02    64.16    3.1995E+01    22.54
    1.0000E+00  1.0000E-01  9.5000E+00     6.2291E+00    13.23    7.9125E+01  -145.46    3.1082E+00  -167.00
    0.0000E+00  2.0000E-01  9.5000E+00     1.0628E-06    84.98    1.3212E+02    59.96    5.5551E+01    16.85
    1.0000E+00  2.0000E-01  9.5000E+00     1.1994E+01     9.08    7.6183E+01  -149.32    5.9859E+00  -171.16
    0.0000E+00  3.0000E-01  9.5000E+00     1.5939E-06    84.52    1.0844E+02    52.47    6.6862E+01     7.11
    1.0000E+00  3.0000E-01  9.5000E+00     1.6917E+01     2.22    7.1622E+01  -155.69    8.4464E+00  -178.04
    0.0000E+00  4.0000E-01  9.5000E+00     2.1245E-06    83.87    8.5284E+01    41.22    6.7606E+01    -6.78
    1.0000E+00  4.0000E-01  9.5000E+00     2.0768E+01    -7.25    6.5868E+01  -164.50    1.0376E+01   172.45
    0.0000E+00  5.0000E-01  9.5000E+00     2.6546E-06    83.04    6.6038E+01    26.00    6.2109E+01   -24.62
    1.0000E+00  5.0000E-01  9.5000E+00     2.3476E+01   -19.22    5.9386E+01  -175.63    1.1741E+01   160.45
    0.0000E+00 -5.0000E-01  9.6000E+00     2.6142E-06  -132.94    6.5372E+01    65.46    6.9401E+01   177.74
    1.0000E+00 -5.0000E-01  9.6000E+00     2.5728E+01   173.56    6.1952E+01  -163.44    1.0243E+01    -6.71
    0.0000E+00 -4.0000E-01  9.6000E+00     2.0922E-06  -132.12    8.8150E+01    80.19    8.2134E+01  -163.29
    1.0000E+00 -4.0000E-01  9.6000E+00     2.2903E+01  -174.17    6.8635E+01  -152.13    9.1158E+00     5.65
    0.0000E+00 -3.0000E-01  9.6000E+00     1.5697E-06  -131.47    1.1759E+02    89.71    8.8629E+01  -148.83
    1.0000E+00 -3.0000E-01  9.6000E+00     1.8757E+01  -164.45    7.4619E+01  -143.13    7.4657E+00    15.43
    0.0000E+00 -2.0000E-01  9.6000E+00     1.0467E-06  -131.01    1.5020E+02    94.92    7.9293E+01  -139.08
    1.0000E+00 -2.0000E-01  9.6000E+00     1.3354E+01  -157.42    7.9404E+01  -136.58    5.3158E+00    22.50
    0.0000E+00 -1.0000E-01  9.6000E+00     5.2340E-07  -130.73    1.7700E+02    97.30    4.7867E+01  -133.61
    1.0000E+00 -1.0000E-01  9.6000E+00     6.9539E+00  -153.16    8.2511E+01  -132.61    2.7684E+00    26.78
    0.0000E+00 -2.7756E-17  9.6000E+00     4.3601E-14  -126.88    1.8748E+02    97.97    4.8591E-14    18.10
    1.0000E+00 -2.7756E-17  9.6000E+00     1.9860E-14  -100.30    8.3589E+01  -131.28    5.1979E-15    70.02
    0.0000E+00  1.0000E-01  9.6000E+00     5.2340E-07    49.27    1.7700E+02    97.30    4.7867E+01    46.39
    1.0000E+00  1.0000E-01  9.6000E+00     6.9539E+00    26.84    8.2511E+01  -132.61    2.7684E+00  -153.22
    0.0000E+00  2.0000E-01  9.6000E+00     1.0467E-06    48.99    1.5020E+02    94.92    7.9293E+01    40.92
    1.0000E+00  2.0000E-01  9.6000E+00     1.3354E+01    22.58    7.9404E+01  -136.58    5.3158E+00  -157.50
    0.0000E+00  3.0000E-01  9.6000E+00     1.5697E-06    48.53    1.1759E+02    89.71    8.8629E+01    31.17
    1.0000E+00  3.0000E-01  9.6000E+00     1.8757E+01    15.55    7.4619E+01  -143.13    7.4657E+00  -164.57
    0.0000E+00  4.0000E-01  9.6000E+00     2.0922E-06    47.88    8.8150E+01    80.19    8.2134E+01    16.71
    1.0000E+00  4.0000E-01  9.6000E+00     2.2903E+01     5.83    6.8635E+01  -152.13    9.1158E+00  -174.35
    0.0000E+00  5.0000E-01  9.6000E+00     2.6142E-06    47.06    6.5372E+01    65.46    6.9401E+01    -2.26
    1.0000E+00  5.0000E-01  9.6000E+00     2.5728E+01    -6.44    6.1952E+01  -163.44    1.0243E+01   173.29
    0.0000E+00 -5.0000E-01  9.7000E+00     2.5747E-06  -168.92    7.2395E+01   106.33    7.3452E+01  -162.83
    1.0000E+00 -5.0000E-01  9.7000E+00     2.7742E+01  -176.25    6.2730E+01  -154.36    8.2565E+00     3.77
    0.0000E+00 -4.0000E-01  9.7000E+00     2.0606E-06  -168.10    9.8743E+01   121.80    9.8188E+01  -142.67
    1.0000E+00 -4.0000E-01  9.7000E+00     2.4830E+01  -163.72    6.9460E+01  -142.63    7.3976E+00    16.38
    0.0000E+00 -3.0000E-01  9.7000E+00     1.5459E-06  -167.46    1.3392E+02   129.28    1.2177E+02  -127.92
    1.0000E+00 -3.0000E-01  9.7000E+00     2.0431E+01  -153.80    7.5585E+01  -133.26    6.0928E+00    26.35
    0.0000E+00 -2.0000E-01  9.7000E+00     1.0308E-06  -167.00    1.7615E+02   129.92    1.2253E+02  -118.74
    1.0000E+00 -2.0000E-01  9.7000E+00     1.4599E+01  -146.61    8.0547E+01  -126.44    4.3568E+00    33.57
    0.0000E+00 -1.0000E-01  9.7000E+00     5.1548E-07  -166.72    2.1404E+02   128.27    7.9035E+01  -114.00
    1.0000E+00 -1.0000E-01  9.7000E+00     7.6202E+00  -142.26    8.3797E+01  -122.29    2.2751E+00    37.93
    0.0000E+00 -2.7756E-17  9.7000E+00     4.3379E-14  -162.87    2.2954E+02   127.50    5.4026E-14     9.46
    1.0000E+00 -2.7756E-17  9.7000E+00     7.1054E-15   -90.00    8.4931E+01  -120.90    3.5804E-15    82.87
    0.0000E+00  1.0000E-01  9.7000E+00     5.1548E-07    13.28    2.1404E+02   128.27    7.9035E+01    66.00
    1.0000E+00  1.0000E-01  9.7000E+00     7.6202E+00    37.74    8.3797E+01  -122.29    2.2751E+00  -142.07
    0.0000E+00  2.0000E-01  9.7000E+00     1.0308E-06    13.00    1.7615E+02   129.92    1.2253E+02    61.26
    1.0000E+00  2.0000E-01  9.7000E+00     1.4599E+01    33.39    8.0547E+01  -126.44    4.3568E+00  -146.43
    0.0000E+00  3.0000E-01  9.7000E+00     1.5459E-06    12.54    1.3392E+02   129.28    1.2177E+02    52.08
    1.0000E+00  3.0000E-01  9.7000E+00     2.0431E+01    26.20    7.5585E+01  -133.26    6.0928E+00  -153.65
    0.0000E+00  4.0000E-01  9.7000E+00     2.0606E-06    11.90    9.8743E+01   121.80    9.8188E+01    37.33
    1.0000E+00  4.0000E-01  9.7000E+00     2.4830E+01    16.28    6.9460E+01  -142.63    7.3976E+00  -163.62
    0.0000E+00  5.0000E-01  9.7000E+00     2.5747E-06    11.08    7.2395E+01   106.33    7.3452E+01    17.17
    1.0000E+00  5.0000E-01  9.7000E+00     2.7742E+01     3.75    6.2730E+01  -154.36    8.2565E+00  -176.23
    0.0000E+00 -5.0000E-01  9.8000E+00     2.5359E-06   155.10    8.8696E+01   142.25    6.8437E+01  -147.19
    1.0000E+00 -5.0000E-01  9.8000E+00     2.9346E+01  -168.82    6.1963E+01  -147.58    5.8240E+00    11.64
    0.0000E+00 -4.0000E-01  9.8000E+00     2.0296E-06   155.92    1.2578E+02   163.98    1.1000E+02  -125.81
    1.0000E+00 -4.0000E-01  9.8000E+00     2.6377E+01  -156.09    6.8783E+01  -135.33    5.2477E+00    24.38
    0.0000E+00 -3.0000E-01  9.8000E+00     1.5226E-06   156.56    1.7209E+02   174.13    1.7631E+02  -111.25
    1.0000E+00 -3.0000E-01  9.8000E+00     2.1785E+01  -146.01    7.5100E+01  -125.56    4.3418E+00    34.46
    0.0000E+00 -2.0000E-01  9.8000E+00     1.0153E-06   157.01    2.1661E+02   167.52    2.1953E+02  -103.57
    1.0000E+00 -2.0000E-01  9.8000E+00     1.5612E+01  -138.71    8.0284E+01  -118.45    3.1152E+00    41.75
    0.0000E+00 -1.0000E-01  9.8000E+00     5.0771E-07   157.29    2.6140E+02   156.72    1.5314E+02   -99.81
    1.0000E+00 -1.0000E-01  9.8000E+00     8.1637E+00  -134.29    8.3709E+01  -114.14    1.6301E+00    46.16
    0.0000E+00 -2.7756E-17  9.8000E+00     4.3160E-14   161.13    2.8294E+02   153.21    1.4648E-14    75.96
    1.0000E+00 -2.7756E-17  9.8000E+00     7.1607E-15    -7.13    8.4908E+01  -112.70    1.1102E-15  -143.13
    0.0000E+00  1.0000E-01  9.8000E+00     5.0771E-07   -22.71    2.6140E+02   156.72    1.5314E+02    80.19
    1.0000E+00  1.0000E-01  9.8000E+00     8.1637E+00    45.71    8.3709E+01  -114.14    1.6301E+00  -133.84
    0.0000E+00  2.0000E-01  9.8000E+00     1.0153E-06   -22.99    2.1661E+02   167.52    2.1953E+02    76.43
    1.0000E+00  2.0000E-01  9.8000E+00     1.5612E+01    41.29    8.0284E+01  -118.45    3.1152E+00  -138.25
    0.0000E+00  3.0000E-01  9.8000E+00     1.5226E-06   -23.44    1.7209E+02   174.13    1.7631E+02    68.75
    1.0000E+00  3.0000E-01  9.8000E+00     2.1785E+01    33.99    7.5100E+01  -125.56    4.3418E+00  -145.54
    0.0000E+00  4.0000E-01  9.8000E+00     2.0296E-06   -24.08    1.2578E+02   163.98    1.1000E+02    54.19
    1.0000E+00  4.0000E-01  9.8000E+00     2.6377E+01    23.91    6.8783E+01  -135.33    5.2477E+00  -155.62
    0.0000E+00  5.0000E-01  9.8000E+00     2.5359E-06   -24.90    8.8696E+01   142.25    6.8437E+01    32.81
    1.0000E+00  5.0000E-01  9.8000E+00     2.9346E+01    11.18    6.1963E+01  -147.58    5.8240E+00  -168.36
    0.0000E+00 -5.0000E-01  9.9000E+00     2.4980E-06   119.12    1.1029E+02   167.58    4.4913E+01  -136.67
    1.0000E+00 -5.0000E-01  9.9000E+00     3.0383E+01  -164.29    6.0536E+01  -142.77    3.0346E+00    16.91
    0.0000E+00 -4.0000E-01  9.9000E+00     1.9992E-06   119.94    1.8483E+02  -160.94    9.3422E+01  -114.11
    1.0000E+00 -4.0000E-01  9.9000E+00     2.7384E+01  -151.45    6.7578E+01  -130.10    2.7460E+00    29.61
    0.0000E+00 -3.0000E-01  9.9000E+00     1.4998E-06   120.57    3.2883E+02  -138.06    2.7099E+02  -100.37
    1.0000E+00 -3.0000E-01  9.9000E+00     2.2670E+01  -141.27    7.4179E+01  -120.05    2.2789E+00    39.65
    0.0000E+00 -2.0000E-01  9.9000E+00     1.0001E-06   121.03    3.3180E+02  -148.30    5.7492E+02   -95.43
    1.0000E+00 -2.0000E-01  9.9000E+00     1.6276E+01  -133.90    7.9635E+01  -112.78    1.6384E+00    46.92
    0.0000E+00 -1.0000E-01  9.9000E+00     5.0011E-07   121.30    3.1418E+02  -179.00    4.0064E+02   -90.89
    1.0000E+00 -1.0000E-01  9.9000E+00     8.5215E+00  -129.43    8.3254E+01  -108.38    8.5837E-01    51.31
    0.0000E+00 -2.7756E-17  9.9000E+00     4.2944E-14   125.13    3.5521E+02   175.07    2.7247E-13   112.22
    1.0000E+00 -2.7756E-17  9.9000E+00     1.6208E-14     9.46    8.4524E+01  -106.91    1.3506E-15  -170.54
    0.0000E+00  1.0000E-01  9.9000E+00     5.0011E-07   -58.70    3.1418E+02  -179.00    4.0064E+02    89.11
    1.0000E+00  1.0000E-01  9.9000E+00     8.5215E+00    50.57    8.3254E+01  -108.38    8.5837E-01  -128.69
    0.0000E+00  2.0000E-01  9.9000E+00     1.0001E-06   -58.97    3.3180E+02  -148.30    5.7492E+02    84.57
    1.0000E+00  2.0000E-01  9.9000E+00     1.6276E+01    46.10    7.9635E+01  -112.78    1.6384E+00  -133.08
    0.0000E+00  3.0000E-01  9.9000E+00     1.4998E-06   -59.43    3.2883E+02  -138.06    2.7099E+02    79.63
    1.0000E+00  3.0000E-01  9.9000E+00     2.2670E+01    38.73    7.4179E+01  -120.05    2.2789E+00  -140.35
    0.0000E+00  4.0000E-01  9.9000E+00     1.9992E-06   -60.06    1.8483E+02  -160.94    9.3422E+01    65.89
    1.0000E+00  4.0000E-01  9.9000E+00     2.7384E+01    28.55    6.7578E+01  -130.10    2.7460E+00  -150.39
    0.0000E+00  5.0000E-01  9.9000E+00     2.4980E-06   -60.88    1.1029E+02   167.58    4.4913E+01    43.33
    1.0000E+00  5.0000E-01  9.9000E+00     3.0383E+01    15.71    6.0536E+01  -142.77    3.0346E+00  -163.09
    0.0000E+00 -5.0000E-01  1.0000E+01     2.4607E-06    83.14    1.2105E+02   176.92    6.2986E-02    82.70
    1.0000E+00 -5.0000E-01  1.0000E+01     3.0741E+01  -162.77    5.9327E+01  -140.20    6.2706E-02    73.69
    0.0000E+00 -4.0000E-01  1.0000E+01     1.9694E-06    83.95    2.3494E+02  -146.57    5.0412E-02    83.52
    1.0000E+00 -4.0000E-01  1.0000E+01     2.7732E+01  -149.88    6.6669E+01  -127.38    5.0188E-02    74.50
    0.0000E+00 -3.0000E-01  1.0000E+01     1.4775E-06    84.58    8.7676E+02  -111.24    3.7823E-02    84.15
    1.0000E+00 -3.0000E-01  1.0000E+01     2.2978E+01  -139.67    7.3561E+01  -117.27    3.7654E-02    75.13
    0.0000E+00 -2.0000E-01  1.0000E+01     9.8517E-07    85.04    3.0426E+01   -88.99    2.5222E-02    84.60
    1.0000E+00 -2.0000E-01  1.0000E+01     1.6508E+01  -132.28    7.9257E+01  -109.98    2.5109E-02    75.58
    0.0000E+00 -1.0000E-01  1.0000E+01     4.9265E-07    85.31    9.3080E+00   -32.67    1.2613E-02    84.87
    1.0000E+00 -1.0000E-01  1.0000E+01     8.6464E+00  -127.80    8.3033E+01  -105.59    1.2557E-02    75.86
    0.0000E+00 -2.7756E-17  1.0000E+01     4.2729E-14    89.14    2.9074E+03  -150.93    9.9995E-19  -147.17
    1.0000E+00 -2.7756E-17  1.0000E+01     1.0695E-14  -131.63    8.4357E+01  -104.12    1.7220E-18  -118.18
    0.0000E+00  1.0000E-01  1.0000E+01     4.9265E-07   -94.69    9.3080E+00   -32.67    1.2613E-02   -95.13
    1.0000E+00  1.0000E-01  1.0000E+01     8.6464E+00    52.20    8.3033E+01  -105.59    1.2557E-02  -104.15
    0.0000E+00  2.0000E-01  1.0000E+01     9.8517E-07   -94.96    3.0426E+01   -88.99    2.5222E-02   -95.40
    1.0000E+00  2.0000E-01  1.0000E+01     1.6508E+01    47.72    7.9257E+01  -109.98    2.5109E-02  -104.42
    0.0000E+00  3.0000E-01  1.0000E+01     1.4775E-06   -95.42    8.7676E+02  -111.24    3.7823E-02   -95.85
    1.0000E+00  3.0000E-01  1.0000E+01     2.2978E+01    40.33    7.3561E+01  -117.27    3.7654E-02  -104.87
    0.0000E+00  4.0000E-01  1.0000E+01     1.9694E-06   -96.05    2.3494E+02  -146.57    5.0412E-02   -96.48
    1.0000E+00  4.0000E-01  1.0000E+01     2.7732E+01    30.12    6.6669E+01  -127.38    5.0188E-02  -105.50
    0.0000E+00  5.0000E-01  1.0000E+01     2.4607E-06   -96.86    1.2105E+02   176.92    6.2986E-02   -97.30
    1.0000E+00  5.0000E-01  1.0000E+01     3.0741E+01    17.23    5.9327E+01  -140.20    6.2706E-02  -106.31
    0.0000E+00 -5.0000E-01  1.0100E+01     2.4243E-06    47.16    1.0732E+02   167.41    4.4992E+01    43.41
    1.0000E+00 -5.0000E-01  1.0100E+01     3.0378E+01  -164.29    5.8775E+01  -140.47    2.9808E+00  -164.73
    0.0000E+00 -4.0000E-01  1.0100E+01     1.9402E-06    47.97    1.8212E+02  -160.55    9.3499E+01    65.91
    1.0000E+00 -4.0000E-01  1.0100E+01     2.7380E+01  -151.44    6.6348E+01  -127.78    2.6895E+00  -151.62
    0.0000E+00 -3.0000E-01  1.0100E+01     1.4556E-06    48.60    3.2679E+02  -137.68    2.7105E+02    79.63
    1.0000E+00 -3.0000E-01  1.0100E+01     2.2668E+01  -141.26    7.3406E+01  -117.82    2.2298E+00  -141.27
    0.0000E+00 -2.0000E-01  1.0100E+01     9.7056E-07    49.05    3.2939E+02  -147.99    5.7496E+02    84.57
    1.0000E+00 -2.0000E-01  1.0100E+01     1.6275E+01  -133.89    7.9207E+01  -110.65    1.6030E+00  -133.79
    0.0000E+00 -1.0000E-01  1.0100E+01     4.8534E-07    49.32    3.1121E+02  -178.95    4.0066E+02    89.11
    1.0000E+00 -1.0000E-01  1.0100E+01     8.5210E+00  -129.43    8.3038E+01  -106.33    8.3998E-01  -129.27
    0.0000E+00 -2.7756E-17  1.0100E+01     4.2516E-14    53.14    3.5222E+02   175.06    4.1777E-13  -138.45
    1.0000E+00 -2.7756E-17  1.0100E+01     7.5886E-15    20.56    8.4378E+01  -104.89    1.3369E-15    -4.76
    0.0000E+00  1.0000E-01  1.0100E+01     4.8534E-07  -130.68    3.1121E+02  -178.95    4.0066E+02   -90.89
    1.0000E+00  1.0000E-01  1.0100E+01     8.5210E+00    50.57    8.3038E+01  -106.33    8.3998E-01    50.73
    0.0000E+00  2.0000E-01  1.0100E+01     9.7056E-07  -130.95    3.2939E+02  -147.99    5.7496E+02   -95.43
    1.0000E+00  2.0000E-01  1.0100E+01     1.6275E+01    46.11    7.9207E+01  -110.65    1.6030E+00    46.21
    0.0000E+00  3.0000E-01  1.0100E+01     1.4556E-06  -131.40    3.2679E+02  -137.68    2.7105E+02  -100.37
    1.0000E+00  3.0000E-01  1.0100E+01     2.2668E+01    38.74    7.3406E+01  -117.82    2.2298E+00    38.73
    0.0000E+00  4.0000E-01  1.0100E+01     1.9402E-06  -132.03    1.8212E+02  -160.55    9.3499E+01  -114.09
    1.0000E+00  4.0000E-01  1.0100E+01     2.7380E+01    28.56    6.6348E+01  -127.78    2.6895E+00    28.38
    0.0000E+00  5.0000E-01  1.0100E+01     2.4243E-06  -132.84    1.0732E+02   167.41    4.4992E+01  -136.59
    1.0000E+00  5.0000E-01  1.0100E+01     3.0378E+01    15.71    5.8775E+01  -140.47    2.9808E+00    15.27
    0.0000E+00 -5.0000E-01  1.0200E+01     2.3885E-06    11.18    8.4626E+01   140.54    6.8460E+01    32.84
    1.0000E+00 -5.0000E-01  1.0200E+01     2.9338E+01  -168.81    5.8820E+01  -144.11    5.8079E+00  -168.71
    0.0000E+00 -4.0000E-01  1.0200E+01     1.9115E-06    11.99    1.2104E+02   163.56    1.1002E+02    54.20
    1.0000E+00 -4.0000E-01  1.0200E+01     2.6371E+01  -156.08    6.6429E+01  -131.76    5.2292E+00  -155.89
    0.0000E+00 -3.0000E-01  1.0200E+01     1.4341E-06    12.61    1.6727E+02   174.10    1.7633E+02    68.76
    1.0000E+00 -3.0000E-01  1.0200E+01     2.1781E+01  -146.00    7.3442E+01  -122.06    4.3250E+00  -145.76
    0.0000E+00 -2.0000E-01  1.0200E+01     9.5623E-07    13.07    2.1183E+02   167.33    2.1955E+02    76.43
    1.0000E+00 -2.0000E-01  1.0200E+01     1.5610E+01  -138.70    7.9157E+01  -115.08    3.1027E+00  -138.43
    0.0000E+00 -1.0000E-01  1.0200E+01     4.7818E-07    13.33    2.5685E+02   156.36    1.5315E+02    80.19
    1.0000E+00 -1.0000E-01  1.0200E+01     8.1628E+00  -134.28    8.2911E+01  -110.87    1.6235E+00  -134.00
    0.0000E+00 -2.7756E-17  1.0200E+01     4.2306E-14    17.14    2.7850E+02   152.82    1.6097E-13  -157.96
    1.0000E+00 -2.7756E-17  1.0200E+01     1.4648E-14   -14.04    8.4221E+01  -109.46    1.3506E-15    -9.46
    0.0000E+00  1.0000E-01  1.0200E+01     4.7818E-07  -166.67    2.5685E+02   156.36    1.5315E+02   -99.81
    1.0000E+00  1.0000E-01  1.0200E+01     8.1628E+00    45.72    8.2911E+01  -110.87    1.6235E+00    46.00
    0.0000E+00  2.0000E-01  1.0200E+01     9.5623E-07  -166.93    2.1183E+02   167.33    2.1955E+02  -103.57
    1.0000E+00  2.0000E-01  1.0200E+01     1.5610E+01    41.30    7.9157E+01  -115.08    3.1027E+00    41.57
    0.0000E+00  3.0000E-01  1.0200E+01     1.4341E-06  -167.39    1.6727E+02   174.10    1.7633E+02  -111.24
    1.0000E+00  3.0000E-01  1.0200E+01     2.1781E+01    34.00    7.3442E+01  -122.06    4.3250E+00    34.24
    0.0000E+00  4.0000E-01  1.0200E+01     1.9115E-06  -168.01    1.2104E+02   163.56    1.1002E+02  -125.80
    1.0000E+00  4.0000E-01  1.0200E+01     2.6371E+01    23.92    6.6429E+01  -131.76    5.2292E+00    24.11
    0.0000E+00  5.0000E-01  1.0200E+01     2.3885E-06  -168.82    8.4626E+01   140.54    6.8460E+01  -147.16
    1.0000E+00  5.0000E-01  1.0200E+01     2.9338E+01    11.19    5.8820E+01  -144.11    5.8079E+00    11.29
    0.0000E+00 -5.0000E-01  1.0300E+01     2.3534E-06   -24.80    7.0729E+01   102.70    7.3433E+01    17.14
    1.0000E+00 -5.0000E-01  1.0300E+01     2.7733E+01  -176.24    5.9132E+01  -151.34    8.2731E+00  -175.99
    0.0000E+00 -4.0000E-01  1.0300E+01     1.8835E-06   -24.00    9.5938E+01   119.49    9.8164E+01    37.32
    1.0000E+00 -4.0000E-01  1.0300E+01     2.4823E+01  -163.71    6.6543E+01  -139.39    7.4163E+00  -163.43
    0.0000E+00 -3.0000E-01  1.0300E+01     1.4130E-06   -23.38    1.3064E+02   127.75    1.2175E+02    52.07
    1.0000E+00 -3.0000E-01  1.0300E+01     2.0427E+01  -153.79    7.3288E+01  -129.99    6.1096E+00  -153.50
    0.0000E+00 -2.0000E-01  1.0300E+01     9.4218E-07   -22.92    1.7284E+02   128.76    1.2252E+02    61.26
    1.0000E+00 -2.0000E-01  1.0300E+01     1.4597E+01  -146.60    7.8734E+01  -123.22    4.3692E+00  -146.31
    0.0000E+00 -1.0000E-01  1.0300E+01     4.7115E-07   -22.66    2.1085E+02   127.29    7.9028E+01    66.00
    1.0000E+00 -1.0000E-01  1.0300E+01     7.6190E+00  -142.25    8.2289E+01  -119.13    2.2816E+00  -141.97
    0.0000E+00 -2.7756E-17  1.0300E+01     4.2098E-14   -18.86    2.2640E+02   126.58    5.4113E-14  -156.80
    1.0000E+00 -2.7756E-17  1.0300E+01     1.3528E-14   -66.80    8.3526E+01  -117.76    3.5804E-15   -82.87
    0.0000E+00  1.0000E-01  1.0300E+01     4.7115E-07   157.34    2.1085E+02   127.29    7.9028E+01  -114.00
    1.0000E+00  1.0000E-01  1.0300E+01     7.6190E+00    37.75    8.2289E+01  -119.13    2.2816E+00    38.03
    0.0000E+00  2.0000E-01  1.0300E+01     9.4218E-07   157.08    1.7284E+02   128.76    1.2252E+02  -118.74
    1.0000E+00  2.0000E-01  1.0300E+01     1.4597E+01    33.40    7.8734E+01  -123.22    4.3692E+00    33.69
    0.0000E+00  3.0000E-01  1.0300E+01     1.4130E-06   156.62    1.3064E+02   127.75    1.2175E+02  -127.93
    1.0000E+00  3.0000E-01  1.0300E+01     2.0427E+01    26.21    7.3288E+01  -129.99    6.1096E+00    26.50
    0.0000E+00  4.0000E-01  1.0300E+01     1.8835E-06   156.00    9.5938E+01   119.49    9.8164E+01  -142.68
    1.0000E+00  4.0000E-01  1.0300E+01     2.4823E+01    16.29    6.6543E+01  -139.39    7.4163E+00    16.57
    0.0000E+00  5.0000E-01  1.0300E+01     2.3534E-06   155.20    7.0729E+01   102.70    7.3433E+01  -162.86
    1.0000E+00  5.0000E-01  1.0300E+01     2.7733E+01     3.76    5.9132E+01  -151.34    8.2731E+00     4.01
    0.0000E+00 -5.0000E-01  1.0400E+01     2.3190E-06   -60.78    6.6461E+01    63.04    6.9389E+01    -2.35
    1.0000E+00 -5.0000E-01  1.0400E+01     2.5723E+01   173.56    5.9373E+01  -161.99    1.0263E+01   173.85
    0.0000E+00 -4.0000E-01  1.0400E+01     1.8559E-06   -59.98    8.8524E+01    78.27    8.2099E+01    16.66
    1.0000E+00 -4.0000E-01  1.0400E+01     2.2899E+01  -174.17    6.6381E+01  -150.45    9.1476E+00  -173.88
    0.0000E+00 -3.0000E-01  1.0400E+01     1.3924E-06   -59.36    1.1749E+02    88.25    8.8590E+01    31.14
    1.0000E+00 -3.0000E-01  1.0400E+01     1.8754E+01  -164.45    7.2680E+01  -141.35    7.4981E+00  -164.18
    0.0000E+00 -2.0000E-01  1.0400E+01     9.2841E-07   -58.91    1.4985E+02    93.79    7.9262E+01    40.90
    1.0000E+00 -2.0000E-01  1.0400E+01     1.3352E+01  -157.41    7.7720E+01  -134.77    5.3411E+00  -157.16
    0.0000E+00 -1.0000E-01  1.0400E+01     4.6426E-07   -58.65    1.7653E+02    96.34    4.7851E+01    46.37
    1.0000E+00 -1.0000E-01  1.0400E+01     6.9530E+00  -153.15    8.0990E+01  -130.80    2.7822E+00  -152.91
    0.0000E+00 -2.7756E-17  1.0400E+01     4.1891E-14   -54.85    1.8697E+02    97.07    2.5262E-14  -169.88
    1.0000E+00 -2.7756E-17  1.0400E+01     1.3323E-14  -126.87    8.2124E+01  -129.47    9.8604E-15  -125.84
    0.0000E+00  1.0000E-01  1.0400E+01     4.6426E-07   121.35    1.7653E+02    96.34    4.7851E+01  -133.63
    1.0000E+00  1.0000E-01  1.0400E+01     6.9530E+00    26.85    8.0990E+01  -130.80    2.7822E+00    27.09
    0.0000E+00  2.0000E-01  1.0400E+01     9.2841E-07   121.09    1.4985E+02    93.79    7.9262E+01  -139.10
    1.0000E+00  2.0000E-01  1.0400E+01     1.3352E+01    22.59    7.7720E+01  -134.77    5.3411E+00    22.84
    0.0000E+00  3.0000E-01  1.0400E+01     1.3924E-06   120.64    1.1749E+02    88.25    8.8590E+01  -148.86
    1.0000E+00  3.0000E-01  1.0400E+01     1.8754E+01    15.55    7.2680E+01  -141.35    7.4981E+00    15.82
    0.0000E+00  4.0000E-01  1.0400E+01     1.8559E-06   120.02    8.8524E+01    78.27    8.2099E+01  -163.34
    1.0000E+00  4.0000E-01  1.0400E+01     2.2899E+01     5.83    6.6381E+01  -150.45    9.1476E+00     6.12
    0.0000E+00  5.0000E-01  1.0400E+01     2.3190E-06   119.22    6.6461E+01    63.04    6.9389E+01   177.65
    1.0000E+00  5.0000E-01  1.0400E+01     2.5723E+01    -6.44    5.9373E+01  -161.99    1.0263E+01    -6.15
    0.0000E+00 -5.0000E-01  1.0500E+01     2.2853E-06   -96.76    6.6110E+01    26.09    6.2147E+01   -24.73
    1.0000E+00 -5.0000E-01  1.0500E+01     2.3476E+01   160.78    5.9319E+01  -175.74    1.1735E+01   161.06
    0.0000E+00 -4.0000E-01  1.0500E+01     1.8289E-06   -95.97    8.5380E+01    41.28    6.7606E+01    -6.87
    1.0000E+00 -4.0000E-01  1.0500E+01     2.0768E+01   172.75    6.5784E+01  -164.58    1.0391E+01   173.00
    0.0000E+00 -3.0000E-01  1.0500E+01     1.3721E-06   -95.35    1.0854E+02    52.51    6.6845E+01     7.04
    1.0000E+00 -3.0000E-01  1.0500E+01     1.6917E+01  -177.78    7.1526E+01  -155.76    8.4686E+00  -177.55
    0.0000E+00 -2.0000E-01  1.0500E+01     9.1490E-07   -94.90    1.3223E+02    59.99    5.5532E+01    16.80
    1.0000E+00 -2.0000E-01  1.0500E+01     1.1994E+01  -170.92    7.6079E+01  -149.38    6.0059E+00  -170.72
    0.0000E+00 -1.0000E-01  1.0500E+01     4.5751E-07   -94.64    1.5054E+02    64.18    3.1983E+01    22.50
    1.0000E+00 -1.0000E-01  1.0500E+01     6.2291E+00  -166.77    7.9017E+01  -145.51    3.1198E+00  -166.59
    0.0000E+00 -2.7756E-17  1.0500E+01     4.1687E-14   -90.85    1.5749E+02    65.52    4.8485E-14   151.56
    1.0000E+00 -2.7756E-17  1.0500E+01     1.3902E-14  -116.57    8.0033E+01  -144.22    5.4931E-15  -104.04
    0.0000E+00  1.0000E-01  1.0500E+01     4.5751E-07    85.36    1.5054E+02    64.18    3.1983E+01  -157.50
    1.0000E+00  1.0000E-01  1.0500E+01     6.2291E+00    13.23    7.9017E+01  -145.51    3.1198E+00    13.41
    0.0000E+00  2.0000E-01  1.0500E+01     9.1490E-07    85.10    1.3223E+02    59.99    5.5532E+01  -163.20
    1.0000E+00  2.0000E-01  1.0500E+01     1.1994E+01     9.08    7.6079E+01  -149.38    6.0059E+00     9.28
    0.0000E+00  3.0000E-01  1.0500E+01     1.3721E-06    84.65    1.0854E+02    52.51    6.6845E+01  -172.96
    1.0000E+00  3.0000E-01  1.0500E+01     1.6917E+01     2.22    7.1526E+01  -155.76    8.4686E+00     2.45
    0.0000E+00  4.0000E-01  1.0500E+01     1.8289E-06    84.03    8.5380E+01    41.28    6.7606E+01   173.13
    1.0000E+00  4.0000E-01  1.0500E+01     2.0768E+01    -7.25    6.5784E+01  -164.58    1.0391E+01    -7.00
    0.0000E+00  5.0000E-01  1.0500E+01     2.2853E-06    83.24    6.6110E+01    26.09    6.2147E+01   155.27
    1.0000E+00  5.0000E-01  1.0500E+01     2.3476E+01   -19.22    5.9319E+01  -175.74    1.1735E+01   -18.94




 ***** INPUT LINE  6  EN   0    0    0    0  0.00000E+00  0.00000E+00  0.00000E+00  0.00000E+00  0.00000E+00  0.00000E+00

 RUN TIME =     0.118
