1



                                 *********************************************

                                    NUMERICAL ELECTROMAGNETICS CODE (NEC-2D)

                                 *********************************************




                                     - - - - COMMENTS - - - -


                          QFH optimized for LCP gain and circularity                                 
                          By Peter Renner                                                            
                                                                                                     
                                                                                                     




                                 - - - STRUCTURE SPECIFICATION - - -

                                     COORDINATES MUST BE INPUT IN
                                     METERS OR BE SCALED TO METERS
                                     BEFORE STRUCTURE INPUT IS ENDED


  WIRE                                                                               NO. OF    FIRST  LAST     TAG
  NO.        X1         Y1         Z1          X2         Y2         Z2      RADIUS   SEG.     SEG.   SEG.     NO.
     HELIX STRUCTURE-   AXIAL SPACING BETWEEN TURNS = 109.886 TOTAL AXIAL LENGTH =  56.320
     1  RADIUS OF HELIX =    21.695    21.695    18.408    18.408           0.42436      10        1    10      10
     THE CONE ANGLE OF THE SPIRAL IS   -0.0583
     2   21.69538    0.00000    0.00000   -21.69538    0.00000    0.00000    0.42436      5       11    15      11
      THE STRUCTURE HAS BEEN MOVED, MOVE DATA CARD IS -
        0    0   0.00000   0.00000   0.00000   0.00000   0.00000   0.00000  10.00000
     HELIX STRUCTURE-   AXIAL SPACING BETWEEN TURNS = 109.886 TOTAL AXIAL LENGTH =  56.320
     3  RADIUS OF HELIX =    21.695    21.695    18.408    18.408           0.42436      10       16    25      15
     THE CONE ANGLE OF THE SPIRAL IS   -0.0583
      THE STRUCTURE HAS BEEN MOVED, MOVE DATA CARD IS -
        0    0   0.00000   0.00000 180.00000   0.00000   0.00000   0.00000  15.00000
     4  -18.40774    0.00000   56.31987    18.40774    0.00000   56.31987    0.42436      5       26    30     800
     5    0.00000  -18.74511   55.47114     0.00000   18.74511   55.47114    0.42436      5       31    35     801
      THE STRUCTURE HAS BEEN MOVED, MOVE DATA CARD IS -
        0    0   0.00000   0.00000 184.51026   0.00000   0.00000   0.00000 800.00000
     HELIX STRUCTURE-   AXIAL SPACING BETWEEN TURNS =  94.091 TOTAL AXIAL LENGTH =  48.225
     6  RADIUS OF HELIX =    23.443    23.443    18.745    18.745           0.42436      10       36    45      20
     THE CONE ANGLE OF THE SPIRAL IS   -0.0971
      THE STRUCTURE HAS BEEN MOVED, MOVE DATA CARD IS -
        0    0   0.00000   0.00000  90.00000   0.00000   0.00000   7.24663  20.00000
     HELIX STRUCTURE-   AXIAL SPACING BETWEEN TURNS =  94.091 TOTAL AXIAL LENGTH =  48.225
     7  RADIUS OF HELIX =    23.443    23.443    18.745    18.745           0.42436      10       46    55      21
     THE CONE ANGLE OF THE SPIRAL IS   -0.0971
      THE STRUCTURE HAS BEEN MOVED, MOVE DATA CARD IS -
        0    0   0.00000   0.00000 270.00000   0.00000   0.00000   7.24663  21.00000
     8    0.00000   23.44332    7.24663     0.00000  -23.44332    7.24663    0.42436      5       56    60      22
      STRUCTURE SCALED BY FACTOR   0.00100
     9   -0.00012    0.00000 9901.00000     0.00012    0.00000 9901.00000    0.00001      1       61    61    9901
    10   -0.00012    0.00000 9902.00000     0.00012    0.00000 9902.00000    0.00001      1       62    62    9902

   TOTAL SEGMENTS USED=   62     NO. SEG. IN A SYMMETRIC CELL=   62     SYMMETRY FLAG=  0


         - MULTIPLE WIRE JUNCTIONS -
 JUNCTION    SEGMENTS  (- FOR END 1, + FOR END 2)
  NONE




                                 - - - - SEGMENTATION DATA - - - -

                                        COORDINATES IN METERS

                         I+ AND I- INDICATE THE SEGMENTS BEFORE AND AFTER I


  SEG.   COORDINATES OF SEG. CENTER     SEG.     ORIENTATION ANGLES    WIRE    CONNECTION DATA   TAG
  NO.       X         Y         Z       LENGTH     ALPHA     BETA      RADIUS    I-   I    I+    NO.
     1   0.02098   0.00338   0.00282   0.00892   39.17622 101.91673   0.00042   -11    1    2     10
     2   0.01855   0.00970   0.00845   0.00883   39.60764 120.40943   0.00042     1    2    3     10
     3   0.01430   0.01483   0.01408   0.00875   40.04703 138.90343   0.00042     2    3    4     10
     4   0.00873   0.01830   0.01971   0.00867   40.49458 157.39881   0.00042     3    4    5     10
     5   0.00245   0.01980   0.02534   0.00859   40.95045 175.89562   0.00042     4    5    6     10
     6  -0.00388   0.01924   0.03098   0.00851   41.41482-165.60606   0.00042     5    6    7     10
     7  -0.00961   0.01674   0.03661   0.00844   41.88786-147.10615   0.00042     6    7    8     10
     8  -0.01417   0.01263   0.04224   0.00836   42.36975-128.60457   0.00042     7    8    9     10
     9  -0.01714   0.00736   0.04787   0.00828   42.86067-110.10124   0.00042     8    9   10     10
    10  -0.01827   0.00153   0.05350   0.00820   43.36080 -91.59606   0.00042     9   10  -30     10
    11   0.01736   0.00000   0.00000   0.00868    0.00000 180.00000   0.00042    -1   11   12     11
    12   0.00868   0.00000   0.00000   0.00868    0.00000 180.00000   0.00042    11   12   13     11
    13   0.00000   0.00000   0.00000   0.00868    0.00000 180.00000   0.00042    12   13   14     11
    14  -0.00868   0.00000   0.00000   0.00868    0.00000 180.00000   0.00042    13   14   15     11
    15  -0.01736   0.00000   0.00000   0.00868    0.00000-180.00000   0.00042    14   15   16     11
    16  -0.02098  -0.00338   0.00282   0.00892   39.17622 -78.08327   0.00042    15   16   17     15
    17  -0.01855  -0.00970   0.00845   0.00883   39.60764 -59.59057   0.00042    16   17   18     15
    18  -0.01430  -0.01483   0.01408   0.00875   40.04703 -41.09657   0.00042    17   18   19     15
    19  -0.00873  -0.01830   0.01971   0.00867   40.49458 -22.60119   0.00042    18   19   20     15
    20  -0.00245  -0.01980   0.02534   0.00859   40.95045  -4.10438   0.00042    19   20   21     15
    21   0.00388  -0.01924   0.03098   0.00851   41.41482  14.39394   0.00042    20   21   22     15
    22   0.00961  -0.01674   0.03661   0.00844   41.88786  32.89385   0.00042    21   22   23     15
    23   0.01417  -0.01263   0.04224   0.00836   42.36975  51.39543   0.00042    22   23   24     15
    24   0.01714  -0.00736   0.04787   0.00828   42.86067  69.89876   0.00042    23   24   25     15
    25   0.01827  -0.00153   0.05350   0.00820   43.36080  88.40394   0.00042    24   25   26     15
    26   0.01468   0.00116   0.05632   0.00736    0.00000-175.48974   0.00042    25   26   27    800
    27   0.00734   0.00058   0.05632   0.00736    0.00000-175.48974   0.00042    26   27   28    800
    28   0.00000   0.00000   0.05632   0.00736    0.00000-175.48974   0.00042    27   28   29    800
    29  -0.00734  -0.00058   0.05632   0.00736    0.00000-175.48974   0.00042    28   29   30    800
    30  -0.01468  -0.00116   0.05632   0.00736    0.00000-175.48974   0.00042    29   30  -10    800
    31  -0.00118   0.01495   0.05547   0.00750    0.00000 -85.48974   0.00042    55   31   32    801
    32  -0.00059   0.00747   0.05547   0.00750    0.00000 -85.48974   0.00042    31   32   33    801
    33   0.00000   0.00000   0.05547   0.00750    0.00000 -85.48974   0.00042    32   33   34    801
    34   0.00059  -0.00747   0.05547   0.00750    0.00000 -85.48974   0.00042    33   34   35    801
    35   0.00118  -0.01495   0.05547   0.00750    0.00000 -85.48974   0.00042    34   35  -45    801
    36  -0.00364   0.02262   0.00966   0.00888   32.89425-167.20854   0.00042   -56   36   37     20
    37  -0.01039   0.01989   0.01448   0.00875   33.42869-148.68403   0.00042    36   37   38     20
    38  -0.01582   0.01526   0.01930   0.00863   33.97863-130.15644   0.00042    37   38   39     20
    39  -0.01942   0.00927   0.02413   0.00850   34.54463-111.62556   0.00042    38   39   40     20
    40  -0.02089   0.00259   0.02895   0.00838   35.12731 -93.09117   0.00042    39   40   41     20
    41  -0.02019  -0.00406   0.03377   0.00826   35.72727 -74.55305   0.00042    40   41   42     20
    42  -0.01746  -0.01001   0.03859   0.00814   36.34515 -56.01093   0.00042    41   42   43     20
    43  -0.01309  -0.01467   0.04342   0.00802   36.98162 -37.46454   0.00042    42   43   44     20
    44  -0.00759  -0.01764   0.04824   0.00790   37.63735 -18.91356   0.00042    43   44   45     20
    45  -0.00158  -0.01867   0.05306   0.00778   38.31304  -0.35767   0.00042    44   45  -35     20
    46   0.00364  -0.02262   0.00966   0.00888   32.89425  12.79146   0.00042    60   46   47     21
    47   0.01039  -0.01989   0.01448   0.00875   33.42869  31.31597   0.00042    46   47   48     21
    48   0.01582  -0.01526   0.01930   0.00863   33.97863  49.84356   0.00042    47   48   49     21
    49   0.01942  -0.00927   0.02413   0.00850   34.54463  68.37444   0.00042    48   49   50     21
    50   0.02089  -0.00259   0.02895   0.00838   35.12731  86.90883   0.00042    49   50   51     21
    51   0.02019   0.00406   0.03377   0.00826   35.72727 105.44695   0.00042    50   51   52     21
    52   0.01746   0.01001   0.03859   0.00814   36.34515 123.98907   0.00042    51   52   53     21
    53   0.01309   0.01467   0.04342   0.00802   36.98162 142.53546   0.00042    52   53   54     21
    54   0.00759   0.01764   0.04824   0.00790   37.63735 161.08644   0.00042    53   54   55     21
    55   0.00158   0.01867   0.05306   0.00778   38.31304 179.64233   0.00042    54   55   31     21
    56   0.00000   0.01875   0.00725   0.00938    0.00000 -90.00000   0.00042   -36   56   57     22
    57   0.00000   0.00938   0.00725   0.00938    0.00000 -90.00000   0.00042    56   57   58     22
    58   0.00000   0.00000   0.00725   0.00938    0.00000 -90.00000   0.00042    57   58   59     22
    59   0.00000  -0.00938   0.00725   0.00938    0.00000 -90.00000   0.00042    58   59   60     22
    60   0.00000  -0.01875   0.00725   0.00938    0.00000 -90.00000   0.00042    59   60   46     22
    61   0.00000   0.000009901.00000   0.00024    0.00000   0.00000   0.00001     0   61    0   9901
    62   0.00000   0.000009902.00000   0.00024    0.00000   0.00000   0.00001     0   62    0   9902






 ***** DATA CARD NO.  1   LD   5     0     0     0  5.80000E+07  0.00000E+00  0.00000E+00  0.00000E+00  0.00000E+00  0.00000E+00
 ***** DATA CARD NO.  2   GN  -1     0     0     0  0.00000E+00  0.00000E+00  0.00000E+00  0.00000E+00  0.00000E+00  0.00000E+00
 ***** DATA CARD NO.  3   EK   0     0     0     0  0.00000E+00  0.00000E+00  0.00000E+00  0.00000E+00  0.00000E+00  0.00000E+00
 ***** DATA CARD NO.  4   EX   0  9901     1     0  0.00000E+00  1.00000E+00  0.00000E+00  0.00000E+00  0.00000E+00  0.00000E+00
 ***** DATA CARD NO.  5   EX   0  9902     1     0 -1.00000E+00  0.00000E+00  0.00000E+00  0.00000E+00  0.00000E+00  0.00000E+00
 ***** DATA CARD NO.  6   FR   0     0     0     0  1.28000E+03  0.00000E+00  0.00000E+00  0.00000E+00  0.00000E+00  0.00000E+00
 ***** DATA CARD NO.  7   NT ***     1   800     3  0.00000E+00  0.00000E+00  0.00000E+00  1.00000E+00  0.00000E+00  0.00000E+00
 ***** DATA CARD NO.  8   NT ***     1   801     3  0.00000E+00  0.00000E+00  0.00000E+00  1.00000E+00  0.00000E+00  0.00000E+00
 ***** DATA CARD NO.  9   XQ   0     0     0     0  0.00000E+00  0.00000E+00  0.00000E+00  0.00000E+00  0.00000E+00  0.00000E+00




                                 - - - - - - FREQUENCY - - - - - -

                                    FREQUENCY= 1.2800E+03 MHZ
                                    WAVELENGTH= 2.3422E-01 METERS




                    APPROXIMATE INTEGRATION EMPLOYED FOR SEGMENTS MORE THAN   1.000 WAVELENGTHS APART

                    THE EXTENDED THIN WIRE KERNEL WILL BE USED



                               - - - STRUCTURE IMPEDANCE LOADING - - -


       LOCATION          RESISTANCE   INDUCTANCE  CAPACITANCE       IMPEDANCE (OHMS)     CONDUCTIVITY    TYPE
    ITAG FROM THRU          OHMS        HENRYS       FARADS        REAL      IMAGINARY    MHOS/METER

     ALL                                                                                 5.8000E+07     WIRE  



                                  - - - ANTENNA ENVIRONMENT - - -

                                            FREE SPACE



                                - - - MATRIX TIMING - - -

                        FILL=    0.000 SEC.,  FACTOR=    0.000 SEC.



                                            - - - NETWORK DATA - - -

      - FROM -    - TO -                          -  -  ADMITTANCE MATRIX ELEMENTS (MHOS)  -  -
      TAG  SEG.   TAG  SEG.             (ONE,ONE)                   (ONE,TWO)                   (TWO,TWO)
      NO.   NO.   NO.   NO.        REAL          IMAG.         REAL          IMAG.         REAL          IMAG.
     9901    61   800    28     0.0000E+00    0.0000E+00    0.0000E+00    1.0000E+00    0.0000E+00    0.0000E+00           
     9902    62   801    33     0.0000E+00    0.0000E+00    0.0000E+00    1.0000E+00    0.0000E+00    0.0000E+00           



                           - - - STRUCTURE EXCITATION DATA AT NETWORK CONNECTION POINTS - - -

   TAG   SEG.    VOLTAGE (VOLTS)         CURRENT (AMPS)         IMPEDANCE (OHMS)        ADMITTANCE (MHOS)      POWER
   NO.   NO.    REAL        IMAG.       REAL        IMAG.       REAL        IMAG.       REAL        IMAG.     (WATTS)
   800    28 5.01146E+01-9.76549E-02 1.00000E+00 0.00000E+00 5.01146E+01-9.76549E-02 1.99542E-02 3.88834E-05 2.50573E+01
   801    33 1.58468E+01 1.58957E+01-2.86039E-16 1.00000E+00 1.58957E+01-1.58468E+01 3.15520E-02 3.14549E-02 7.94786E+00
  9901    61 0.00000E+00 1.00000E+00-5.16265E-06 5.64023E-12 2.11618E-01-1.93699E+05 5.64023E-12 5.16265E-06 2.82011E-12
  9902    62-1.00000E+00 0.00000E+00 2.73981E-12-5.16263E-06-1.02796E-01-1.93700E+05-2.73981E-12 5.16263E-06-1.36990E-12



                                          - - - ANTENNA INPUT PARAMETERS - - -

   TAG   SEG.    VOLTAGE (VOLTS)         CURRENT (AMPS)         IMPEDANCE (OHMS)        ADMITTANCE (MHOS)      POWER
   NO.   NO.    REAL        IMAG.       REAL        IMAG.       REAL        IMAG.       REAL        IMAG.     (WATTS)
  9901    61 0.00000E+00 1.00000E+00 9.76497E-02 5.01146E+01 1.99542E-02 3.88813E-05 5.01146E+01-9.76497E-02 2.50573E+01
  9902    62-1.00000E+00 0.00000E+00-1.58957E+01 1.58468E+01 3.15520E-02 3.14549E-02 1.58957E+01-1.58468E+01 7.94786E+00



                             - - - CURRENTS AND LOCATION - - -

                                 DISTANCES IN WAVELENGTHS


  SEG.  TAG    COORD. OF SEG. CENTER     SEG.            - - - CURRENT (AMPS) - - -
  NO.   NO.     X        Y        Z      LENGTH     REAL        IMAG.       MAG.        PHASE
     1   10   0.0896   0.0144   0.0120  0.03806   7.4671E-01 -7.3181E-02  7.5029E-01   -5.597
     2   10   0.0792   0.0414   0.0361  0.03772   6.1494E-01 -7.2475E-02  6.1920E-01   -6.722
     3   10   0.0610   0.0633   0.0601  0.03737   4.5029E-01 -6.7922E-02  4.5539E-01   -8.578
     4   10   0.0373   0.0781   0.0842  0.03703   2.6109E-01 -5.7694E-02  2.6738E-01  -12.461
     5   10   0.0105   0.0846   0.1082  0.03669   5.7247E-02 -4.2515E-02  7.1307E-02  -36.600
     6   10  -0.0166   0.0822   0.1323  0.03635  -1.5076E-01 -2.4798E-02  1.5279E-01 -170.659
     7   10  -0.0410   0.0715   0.1563  0.03601  -3.5297E-01 -6.7886E-03  3.5304E-01 -178.898
     8   10  -0.0605   0.0539   0.1803  0.03568  -5.4009E-01  9.4383E-03  5.4017E-01  178.999
     9   10  -0.0732   0.0314   0.2044  0.03535  -7.0375E-01  2.1808E-02  7.0409E-01  178.225
    10   10  -0.0780   0.0065   0.2284  0.03502  -8.3682E-01  2.7953E-02  8.3728E-01  178.087
    11   11   0.0741   0.0000   0.0000  0.03705  -8.3807E-01  7.1966E-02  8.4116E-01  175.092
    12   11   0.0371   0.0000   0.0000  0.03705  -8.9344E-01  6.7919E-02  8.9602E-01  175.653
    13   11   0.0000   0.0000   0.0000  0.03705  -9.1222E-01  6.5775E-02  9.1459E-01  175.876
    14   11  -0.0371   0.0000   0.0000  0.03705  -8.9344E-01  6.7919E-02  8.9602E-01  175.653
    15   11  -0.0741   0.0000   0.0000  0.03705  -8.3807E-01  7.1966E-02  8.4116E-01  175.092
    16   15  -0.0896  -0.0144   0.0120  0.03806  -7.4671E-01  7.3181E-02  7.5029E-01  174.403
    17   15  -0.0792  -0.0414   0.0361  0.03772  -6.1494E-01  7.2475E-02  6.1920E-01  173.278
    18   15  -0.0610  -0.0633   0.0601  0.03737  -4.5029E-01  6.7922E-02  4.5539E-01  171.422
    19   15  -0.0373  -0.0781   0.0842  0.03703  -2.6109E-01  5.7694E-02  2.6738E-01  167.539
    20   15  -0.0105  -0.0846   0.1082  0.03669  -5.7247E-02  4.2515E-02  7.1307E-02  143.400
    21   15   0.0166  -0.0822   0.1323  0.03635   1.5076E-01  2.4798E-02  1.5279E-01    9.341
    22   15   0.0410  -0.0715   0.1563  0.03601   3.5297E-01  6.7886E-03  3.5304E-01    1.102
    23   15   0.0605  -0.0539   0.1803  0.03568   5.4009E-01 -9.4383E-03  5.4017E-01   -1.001
    24   15   0.0732  -0.0314   0.2044  0.03535   7.0375E-01 -2.1808E-02  7.0409E-01   -1.775
    25   15   0.0780  -0.0065   0.2284  0.03502   8.3682E-01 -2.7953E-02  8.3728E-01   -1.913
    26  800   0.0627   0.0049   0.2405  0.03144   9.2925E-01 -2.5929E-02  9.2961E-01   -1.598
    27  800   0.0313   0.0025   0.2405  0.03144   9.8220E-01 -1.7032E-02  9.8235E-01   -0.993
    28  800   0.0000   0.0000   0.2405  0.03144   1.0000E+00  0.0000E+00  1.0000E+00    0.000
    29  800  -0.0313  -0.0025   0.2405  0.03144   9.8220E-01 -1.7032E-02  9.8235E-01   -0.993
    30  800  -0.0627  -0.0049   0.2405  0.03144   9.2925E-01 -2.5929E-02  9.2961E-01   -1.598
    31  801  -0.0050   0.0638   0.2368  0.03201  -3.0284E-03  9.1257E-01  9.1257E-01   90.190
    32  801  -0.0025   0.0319   0.2368  0.03201   2.0661E-03  9.7445E-01  9.7445E-01   89.879
    33  801   0.0000   0.0000   0.2368  0.03201  -2.8604E-16  1.0000E+00  1.0000E+00   90.000
    34  801   0.0025  -0.0319   0.2368  0.03201   2.0661E-03  9.7445E-01  9.7445E-01   89.879
    35  801   0.0050  -0.0638   0.2368  0.03201  -3.0284E-03  9.1257E-01  9.1257E-01   90.190
    36   20  -0.0155   0.0966   0.0412  0.03791   3.8792E-02  7.2907E-01  7.3010E-01   86.954
    37   20  -0.0444   0.0849   0.0618  0.03737   5.7710E-02  5.8940E-01  5.9222E-01   84.408
    38   20  -0.0675   0.0652   0.0824  0.03684   7.0909E-02  4.2188E-01  4.2780E-01   80.459
    39   20  -0.0829   0.0396   0.1030  0.03631   7.6984E-02  2.3529E-01  2.4757E-01   71.883
    40   20  -0.0892   0.0111   0.1236  0.03578   7.5755E-02  3.8491E-02  8.4973E-02   26.935
    41   20  -0.0862  -0.0173   0.1442  0.03526   6.8049E-02 -1.5982E-01  1.7370E-01  -66.936
    42   20  -0.0745  -0.0427   0.1648  0.03474   5.5427E-02 -3.5141E-01  3.5576E-01  -81.037
    43   20  -0.0559  -0.0627   0.1854  0.03423   3.9967E-02 -5.2880E-01  5.3031E-01  -85.678
    44   20  -0.0324  -0.0753   0.2060  0.03372   2.4191E-02 -6.8538E-01  6.8580E-01  -87.979
    45   20  -0.0067  -0.0797   0.2265  0.03321   1.1037E-02 -8.1542E-01  8.1550E-01  -89.225
    46   21   0.0155  -0.0966   0.0412  0.03791  -3.8792E-02 -7.2907E-01  7.3010E-01  -93.046
    47   21   0.0444  -0.0849   0.0618  0.03737  -5.7710E-02 -5.8940E-01  5.9222E-01  -95.592
    48   21   0.0675  -0.0652   0.0824  0.03684  -7.0909E-02 -4.2188E-01  4.2780E-01  -99.541
    49   21   0.0829  -0.0396   0.1030  0.03631  -7.6984E-02 -2.3529E-01  2.4757E-01 -108.117
    50   21   0.0892  -0.0111   0.1236  0.03578  -7.5755E-02 -3.8491E-02  8.4973E-02 -153.065
    51   21   0.0862   0.0173   0.1442  0.03526  -6.8049E-02  1.5982E-01  1.7370E-01  113.064
    52   21   0.0745   0.0427   0.1648  0.03474  -5.5427E-02  3.5141E-01  3.5576E-01   98.963
    53   21   0.0559   0.0627   0.1854  0.03423  -3.9967E-02  5.2880E-01  5.3031E-01   94.322
    54   21   0.0324   0.0753   0.2060  0.03372  -2.4191E-02  6.8538E-01  6.8580E-01   92.021
    55   21   0.0067   0.0797   0.2265  0.03321  -1.1037E-02  8.1542E-01  8.1550E-01   90.775
    56   22   0.0000   0.0801   0.0309  0.04004  -1.5542E-02 -8.3474E-01  8.3488E-01  -91.067
    57   22   0.0000   0.0400   0.0309  0.04004   1.1907E-02 -9.0354E-01  9.0362E-01  -89.245
    58   22   0.0000   0.0000   0.0309  0.04004   2.3564E-02 -9.2715E-01  9.2745E-01  -88.544
    59   22   0.0000  -0.0400   0.0309  0.04004   1.1907E-02 -9.0354E-01  9.0362E-01  -89.245
    60   22   0.0000  -0.0801   0.0309  0.04004  -1.5542E-02 -8.3474E-01  8.3488E-01  -91.067
    61 9901   0.0000   0.0000*********  0.00102  -5.1626E-06  5.6402E-12  5.1626E-06  180.000
    62 9902   0.0000   0.0000*********  0.00102   2.7398E-12 -5.1626E-06  5.1626E-06  -90.000



                                        - - - POWER BUDGET - - -

                                           INPUT POWER   = 3.3005E+01 WATTS
                                           RADIATED POWER= 3.2599E+01 WATTS
                                           STRUCTURE LOSS= 4.0635E-01 WATTS
                                           NETWORK LOSS  =-7.8160E-14 WATTS
                                           EFFICIENCY    =  98.77 PERCENT






 ***** DATA CARD NO. 10   EN   0     0     0     0  0.00000E+00  0.00000E+00  0.00000E+00  0.00000E+00  0.00000E+00  0.00000E+00

 RUN TIME =     0.000
