1



                                 *********************************************

                                    NUMERICAL ELECTROMAGNETICS CODE (NEC-2D)

                                 *********************************************




                                     - - - - COMMENTS - - - -


                          3el GP80 CW by EU1TT                                                       
                                                                                                     




                                 - - - STRUCTURE SPECIFICATION - - -

                                     COORDINATES MUST BE INPUT IN
                                     METERS OR BE SCALED TO METERS
                                     BEFORE STRUCTURE INPUT IS ENDED


  WIRE                                                                               NO. OF    FIRST  LAST     TAG
  NO.        X1         Y1         Z1          X2         Y2         Z2      RADIUS   SEG.     SEG.   SEG.     NO.
     1    0.00000    0.00000    0.00000     0.00000    0.00000   23.50000    0.04000     12        1    12       1
     2   -2.00000    0.00000   23.00000   -18.00000    0.00000    2.00000    0.00200     13       13    25       2
     3  -18.00000    0.00000    2.00000    -2.50000    0.00000    2.00000    0.00200      8       26    33       3
     4    2.00000    0.00000   23.00000    17.50000    0.00000    2.00000    0.00200     13       34    46       4
     5    7.00000    0.00000    2.00000    17.50000    0.00000    2.00000    0.00200      5       47    51       5

   GROUND PLANE SPECIFIED.

   WHERE WIRE ENDS TOUCH GROUND, CURRENT WILL BE INTERPOLATED TO IMAGE IN GROUND PLANE.


   TOTAL SEGMENTS USED=   51     NO. SEG. IN A SYMMETRIC CELL=   51     SYMMETRY FLAG=  0


         - MULTIPLE WIRE JUNCTIONS -
 JUNCTION    SEGMENTS  (- FOR END 1, + FOR END 2)
  NONE




                                 - - - - SEGMENTATION DATA - - - -

                                        COORDINATES IN METERS

                         I+ AND I- INDICATE THE SEGMENTS BEFORE AND AFTER I


  SEG.   COORDINATES OF SEG. CENTER     SEG.     ORIENTATION ANGLES    WIRE    CONNECTION DATA   TAG
  NO.       X         Y         Z       LENGTH     ALPHA     BETA      RADIUS    I-   I    I+    NO.
     1   0.00000   0.00000   0.97917   1.95833   90.00000   0.00000   0.04000     1    1    2      1
     2   0.00000   0.00000   2.93750   1.95833   90.00000   0.00000   0.04000     1    2    3      1
     3   0.00000   0.00000   4.89583   1.95833   90.00000   0.00000   0.04000     2    3    4      1
     4   0.00000   0.00000   6.85417   1.95833   90.00000   0.00000   0.04000     3    4    5      1
     5   0.00000   0.00000   8.81250   1.95833   90.00000   0.00000   0.04000     4    5    6      1
     6   0.00000   0.00000  10.77083   1.95833   90.00000   0.00000   0.04000     5    6    7      1
     7   0.00000   0.00000  12.72917   1.95833   90.00000   0.00000   0.04000     6    7    8      1
     8   0.00000   0.00000  14.68750   1.95833   90.00000   0.00000   0.04000     7    8    9      1
     9   0.00000   0.00000  16.64583   1.95833   90.00000   0.00000   0.04000     8    9   10      1
    10   0.00000   0.00000  18.60417   1.95833   90.00000   0.00000   0.04000     9   10   11      1
    11   0.00000   0.00000  20.56250   1.95833   90.00000   0.00000   0.04000    10   11   12      1
    12   0.00000   0.00000  22.52083   1.95833   90.00000   0.00000   0.04000    11   12    0      1
    13  -2.61538   0.00000  22.19231   2.03083  -52.69605 180.00000   0.00200     0   13   14      2
    14  -3.84615   0.00000  20.57692   2.03083  -52.69605 180.00000   0.00200    13   14   15      2
    15  -5.07692   0.00000  18.96154   2.03083  -52.69605 180.00000   0.00200    14   15   16      2
    16  -6.30769   0.00000  17.34615   2.03083  -52.69605 180.00000   0.00200    15   16   17      2
    17  -7.53846   0.00000  15.73077   2.03083  -52.69605 180.00000   0.00200    16   17   18      2
    18  -8.76923   0.00000  14.11538   2.03083  -52.69605 180.00000   0.00200    17   18   19      2
    19 -10.00000   0.00000  12.50000   2.03083  -52.69605 180.00000   0.00200    18   19   20      2
    20 -11.23077   0.00000  10.88462   2.03083  -52.69605 180.00000   0.00200    19   20   21      2
    21 -12.46154   0.00000   9.26923   2.03083  -52.69605 180.00000   0.00200    20   21   22      2
    22 -13.69231   0.00000   7.65385   2.03083  -52.69605 180.00000   0.00200    21   22   23      2
    23 -14.92308   0.00000   6.03846   2.03083  -52.69605 180.00000   0.00200    22   23   24      2
    24 -16.15385   0.00000   4.42308   2.03083  -52.69605 180.00000   0.00200    23   24   25      2
    25 -17.38462   0.00000   2.80769   2.03083  -52.69605 180.00000   0.00200    24   25   26      2
    26 -17.03125   0.00000   2.00000   1.93750    0.00000   0.00000   0.00200    25   26   27      3
    27 -15.09375   0.00000   2.00000   1.93750    0.00000   0.00000   0.00200    26   27   28      3
    28 -13.15625   0.00000   2.00000   1.93750    0.00000   0.00000   0.00200    27   28   29      3
    29 -11.21875   0.00000   2.00000   1.93750    0.00000   0.00000   0.00200    28   29   30      3
    30  -9.28125   0.00000   2.00000   1.93750    0.00000   0.00000   0.00200    29   30   31      3
    31  -7.34375   0.00000   2.00000   1.93750    0.00000   0.00000   0.00200    30   31   32      3
    32  -5.40625   0.00000   2.00000   1.93750    0.00000   0.00000   0.00200    31   32   33      3
    33  -3.46875   0.00000   2.00000   1.93750    0.00000   0.00000   0.00200    32   33    0      3
    34   2.59615   0.00000  22.19231   2.00775  -53.56914   0.00000   0.00200     0   34   35      4
    35   3.78846   0.00000  20.57692   2.00775  -53.56914   0.00000   0.00200    34   35   36      4
    36   4.98077   0.00000  18.96154   2.00775  -53.56914   0.00000   0.00200    35   36   37      4
    37   6.17308   0.00000  17.34615   2.00775  -53.56914   0.00000   0.00200    36   37   38      4
    38   7.36538   0.00000  15.73077   2.00775  -53.56914   0.00000   0.00200    37   38   39      4
    39   8.55769   0.00000  14.11538   2.00775  -53.56914   0.00000   0.00200    38   39   40      4
    40   9.75000   0.00000  12.50000   2.00775  -53.56914   0.00000   0.00200    39   40   41      4
    41  10.94231   0.00000  10.88462   2.00775  -53.56914   0.00000   0.00200    40   41   42      4
    42  12.13462   0.00000   9.26923   2.00775  -53.56914   0.00000   0.00200    41   42   43      4
    43  13.32692   0.00000   7.65385   2.00775  -53.56914   0.00000   0.00200    42   43   44      4
    44  14.51923   0.00000   6.03846   2.00775  -53.56914   0.00000   0.00200    43   44   45      4
    45  15.71154   0.00000   4.42308   2.00775  -53.56914   0.00000   0.00200    44   45   46      4
    46  16.90385   0.00000   2.80769   2.00775  -53.56914   0.00000   0.00200    45   46  -51      4
    47   8.05000   0.00000   2.00000   2.10000    0.00000   0.00000   0.00200     0   47   48      5
    48  10.15000   0.00000   2.00000   2.10000    0.00000   0.00000   0.00200    47   48   49      5
    49  12.25000   0.00000   2.00000   2.10000    0.00000   0.00000   0.00200    48   49   50      5
    50  14.35000   0.00000   2.00000   2.10000    0.00000   0.00000   0.00200    49   50   51      5
    51  16.45000   0.00000   2.00000   2.10000    0.00000   0.00000   0.00200    50   51  -46      5






 ***** DATA CARD NO.  1   EX   0     1     1     0  1.00000E+00  0.00000E+00  0.00000E+00  0.00000E+00  0.00000E+00  0.00000E+00
 ***** DATA CARD NO.  2   LD   0     1     1     1  0.00000E+00  0.00000E+00  3.78000E-10  0.00000E+00  0.00000E+00  0.00000E+00
 ***** DATA CARD NO.  3   GN   1     0     0     0  0.00000E+00  0.00000E+00  0.00000E+00  0.00000E+00  0.00000E+00  0.00000E+00
 ***** DATA CARD NO.  4   GD   0     0     0     0  1.30000E+01  5.00000E-03  0.00000E+00  0.00000E+00  0.00000E+00  0.00000E+00
 ***** DATA CARD NO.  5   FR   0     1     0     0  3.55000E+00  1.00000E+00  0.00000E+00  0.00000E+00  0.00000E+00  0.00000E+00
 ***** DATA CARD NO.  6   XQ   0     0     0     0  0.00000E+00  0.00000E+00  0.00000E+00  0.00000E+00  0.00000E+00  0.00000E+00




                                 - - - - - - FREQUENCY - - - - - -

                                    FREQUENCY= 3.5500E+00 MHZ
                                    WAVELENGTH= 8.4451E+01 METERS




                    APPROXIMATE INTEGRATION EMPLOYED FOR SEGMENTS MORE THAN   1.000 WAVELENGTHS APART



                               - - - STRUCTURE IMPEDANCE LOADING - - -


       LOCATION          RESISTANCE   INDUCTANCE  CAPACITANCE       IMPEDANCE (OHMS)     CONDUCTIVITY    TYPE
    ITAG FROM THRU          OHMS        HENRYS       FARADS        REAL      IMAGINARY    MHOS/METER

       1    1    1                                3.7800E-10                                           SERIES 



                                  - - - ANTENNA ENVIRONMENT - - -

                                          PERFECT GROUND



                                - - - MATRIX TIMING - - -

                        FILL=    0.016 SEC.,  FACTOR=    0.000 SEC.



                                          - - - ANTENNA INPUT PARAMETERS - - -

   TAG   SEG.    VOLTAGE (VOLTS)         CURRENT (AMPS)         IMPEDANCE (OHMS)        ADMITTANCE (MHOS)      POWER
   NO.   NO.    REAL        IMAG.       REAL        IMAG.       REAL        IMAG.       REAL        IMAG.     (WATTS)
     1     1 1.00000E+00 0.00000E+00 1.99190E-02 4.66946E-06 5.02032E+01-1.17687E-02 1.99190E-02 4.66946E-06 9.95952E-03



                             - - - CURRENTS AND LOCATION - - -

                                 DISTANCES IN WAVELENGTHS


  SEG.  TAG    COORD. OF SEG. CENTER     SEG.            - - - CURRENT (AMPS) - - -
  NO.   NO.     X        Y        Z      LENGTH     REAL        IMAG.       MAG.        PHASE
     1    1   0.0000   0.0000   0.0116  0.02319   1.9919E-02  4.6695E-06  1.9919E-02    0.013
     2    1   0.0000   0.0000   0.0348  0.02319   2.0681E-02 -5.1524E-04  2.0688E-02   -1.427
     3    1   0.0000   0.0000   0.0580  0.02319   2.0980E-02 -9.7924E-04  2.1003E-02   -2.672
     4    1   0.0000   0.0000   0.0812  0.02319   2.0714E-02 -1.3141E-03  2.0756E-02   -3.630
     5    1   0.0000   0.0000   0.1044  0.02319   1.9930E-02 -1.5340E-03  1.9989E-02   -4.401
     6    1   0.0000   0.0000   0.1275  0.02319   1.8657E-02 -1.6468E-03  1.8730E-02   -5.044
     7    1   0.0000   0.0000   0.1507  0.02319   1.6925E-02 -1.6575E-03  1.7006E-02   -5.593
     8    1   0.0000   0.0000   0.1739  0.02319   1.4765E-02 -1.5696E-03  1.4849E-02   -6.068
     9    1   0.0000   0.0000   0.1971  0.02319   1.2210E-02 -1.3860E-03  1.2288E-02   -6.476
    10    1   0.0000   0.0000   0.2203  0.02319   9.2877E-03 -1.1095E-03  9.3538E-03   -6.812
    11    1   0.0000   0.0000   0.2435  0.02319   6.0149E-03 -7.4289E-04  6.0606E-03   -7.041
    12    1   0.0000   0.0000   0.2667  0.02319   2.2861E-03 -2.8381E-04  2.3036E-03   -7.077
    13    2  -0.0310   0.0000   0.2628  0.02405   6.9336E-04 -1.3247E-03  1.4952E-03  -62.373
    14    2  -0.0455   0.0000   0.2437  0.02405   1.9020E-03 -3.6864E-03  4.1481E-03  -62.709
    15    2  -0.0601   0.0000   0.2245  0.02405   2.9689E-03 -5.8371E-03  6.5488E-03  -63.041
    16    2  -0.0747   0.0000   0.2054  0.02405   3.9190E-03 -7.8034E-03  8.7322E-03  -63.334
    17    2  -0.0893   0.0000   0.1863  0.02405   4.7510E-03 -9.5646E-03  1.0680E-02  -63.585
    18    2  -0.1038   0.0000   0.1671  0.02405   5.4593E-03 -1.1095E-02  1.2365E-02  -63.800
    19    2  -0.1184   0.0000   0.1480  0.02405   6.0369E-03 -1.2368E-02  1.3763E-02  -63.983
    20    2  -0.1330   0.0000   0.1289  0.02405   6.4775E-03 -1.3363E-02  1.4850E-02  -64.138
    21    2  -0.1476   0.0000   0.1098  0.02405   6.7760E-03 -1.4060E-02  1.5608E-02  -64.269
    22    2  -0.1621   0.0000   0.0906  0.02405   6.9288E-03 -1.4448E-02  1.6023E-02  -64.379
    23    2  -0.1767   0.0000   0.0715  0.02405   6.9344E-03 -1.4518E-02  1.6089E-02  -64.469
    24    2  -0.1913   0.0000   0.0524  0.02405   6.7939E-03 -1.4270E-02  1.5805E-02  -64.541
    25    2  -0.2059   0.0000   0.0332  0.02405   6.5107E-03 -1.3709E-02  1.5176E-02  -64.595
    26    3  -0.2017   0.0000   0.0237  0.02294   6.1014E-03 -1.2868E-02  1.4241E-02  -64.632
    27    3  -0.1787   0.0000   0.0237  0.02294   5.5742E-03 -1.1774E-02  1.3027E-02  -64.665
    28    3  -0.1558   0.0000   0.0237  0.02294   4.9329E-03 -1.0436E-02  1.1543E-02  -64.700
    29    3  -0.1328   0.0000   0.0237  0.02294   4.1932E-03 -8.8853E-03  9.8251E-03  -64.736
    30    3  -0.1099   0.0000   0.0237  0.02294   3.3714E-03 -7.1554E-03  7.9099E-03  -64.771
    31    3  -0.0870   0.0000   0.0237  0.02294   2.4841E-03 -5.2793E-03  5.8345E-03  -64.801
    32    3  -0.0640   0.0000   0.0237  0.02294   1.5456E-03 -3.2865E-03  3.6318E-03  -64.814
    33    3  -0.0411   0.0000   0.0237  0.02294   5.4867E-04 -1.1649E-03  1.2876E-03  -64.779
    34    4   0.0307   0.0000   0.2628  0.02377   3.9059E-04  7.1640E-04  8.1596E-04   61.400
    35    4   0.0449   0.0000   0.2437  0.02377   1.0512E-03  1.9671E-03  2.2303E-03   61.880
    36    4   0.0590   0.0000   0.2245  0.02377   1.6063E-03  3.0692E-03  3.4641E-03   62.374
    37    4   0.0731   0.0000   0.2054  0.02377   2.0740E-03  4.0371E-03  4.5387E-03   62.809
    38    4   0.0872   0.0000   0.1863  0.02377   2.4577E-03  4.8608E-03  5.4468E-03   63.178
    39    4   0.1013   0.0000   0.1671  0.02377   2.7580E-03  5.5284E-03  6.1782E-03   63.487
    40    4   0.1155   0.0000   0.1480  0.02377   2.9741E-03  6.0293E-03  6.7229E-03   63.744
    41    4   0.1296   0.0000   0.1289  0.02377   3.1056E-03  6.3556E-03  7.0738E-03   63.958
    42    4   0.1437   0.0000   0.1098  0.02377   3.1526E-03  6.5028E-03  7.2267E-03   64.135
    43    4   0.1578   0.0000   0.0906  0.02377   3.1159E-03  6.4697E-03  7.1809E-03   64.284
    44    4   0.1719   0.0000   0.0715  0.02377   2.9973E-03  6.2586E-03  6.9393E-03   64.410
    45    4   0.1860   0.0000   0.0524  0.02377   2.7993E-03  5.8746E-03  6.5075E-03   64.522
    46    4   0.2002   0.0000   0.0332  0.02377   2.5252E-03  5.3252E-03  5.8936E-03   64.630
    47    5   0.0953   0.0000   0.0237  0.02487  -2.8005E-04 -6.0714E-04  6.6862E-04 -114.762
    48    5   0.1202   0.0000   0.0237  0.02487  -7.9842E-04 -1.7213E-03  1.8974E-03 -114.884
    49    5   0.1451   0.0000   0.0237  0.02487  -1.2903E-03 -2.7660E-03  3.0521E-03 -115.009
    50    5   0.1699   0.0000   0.0237  0.02487  -1.7526E-03 -3.7361E-03  4.1267E-03 -115.131
    51    5   0.1948   0.0000   0.0237  0.02487  -2.1720E-03 -4.6047E-03  5.0913E-03 -115.253



                                        - - - POWER BUDGET - - -

                                           INPUT POWER   = 9.9595E-03 WATTS
                                           RADIATED POWER= 9.9595E-03 WATTS
                                           STRUCTURE LOSS= 0.0000E+00 WATTS
                                           NETWORK LOSS  = 0.0000E+00 WATTS
                                           EFFICIENCY    = 100.00 PERCENT






 ***** DATA CARD NO.  7   EN   0     0     0     0  0.00000E+00  0.00000E+00  0.00000E+00  0.00000E+00  0.00000E+00  0.00000E+00

 RUN TIME =     0.016
