1
 x13



                                ***********************************************
                                *                                             *
                                *  NUMERICAL ELECTROMAGNETICS CODE (NEC-5)    *
                                *                                             *
                                ***********************************************




                      **********************************************************

                          Dipole in free space                                                         
                                                                                                       
                          EZNEC Pro/2+ v. 7.0.4  2026-08-25 16:07:11                                   
                                                                                                       
                          ! Written by EZNEC/Pro+ v. 7.0 in NEC-5 format.                              
                                                                                                       

                      **********************************************************





                                 - - - STRUCTURE SPECIFICATION - - -

                                     COORDINATES MUST BE INPUT IN
                                     METERS OR BE SCALED TO METERS
                                     BEFORE STRUCTURE INPUT IS ENDED

 Model definition commands:

 GW    1    11  0.00000E+00 -2.50000E-01  0.00000E+00  0.00000E+00  2.50000E-01  0.00000E+00  5.00000E-04
 GE    0   -1

 Number of nodes :    12
 Number of wire elements :    11
 Number of patch elements:     0
 Number unknowns:    10




 ***** INPUT LINE  1  FR   0    1    0    0  3.48000E+02  0.00000E+00  0.00000E+00  0.00000E+00  0.00000E+00  0.00000E+00
 ***** INPUT LINE  2  GN  -1    0    0    0  0.00000E+00  0.00000E+00  0.00000E+00  0.00000E+00  0.00000E+00  0.00000E+00
 ***** INPUT LINE  3  EX   4    1    6    0  1.41421E+00  0.00000E+00  0.00000E+00  0.00000E+00  0.00000E+00  0.00000E+00
 ***** INPUT LINE  4  PQ   0    0    0    0  0.00000E+00  0.00000E+00  0.00000E+00  0.00000E+00  0.00000E+00  0.00000E+00
 ***** INPUT LINE  5  XQ   0    0    0    0  0.00000E+00  0.00000E+00  0.00000E+00  0.00000E+00  0.00000E+00  0.00000E+00




                                 - - - - - - FREQUENCY - - - - - -

                                    FREQUENCY= 3.4800E+02 MHZ
                                    WAVELENGTH= 8.6149E-01 METERS



                                  - - - ANTENNA ENVIRONMENT - - -

                                            FREE SPACE



                               - - - STRUCTURE IMPEDANCE LOADING - - -

                                   THIS STRUCTURE IS NOT LOADED
ALLOCATE CM:            100



                                - - - MATRIX TIMING - - -

                        FILL=    0.000 SEC.,  FACTOR=    0.000 SEC.



                                          - - - ANTENNA INPUT PARAMETERS - - -

   TAG   SEG.    VOLTAGE (VOLTS)         CURRENT (AMPS)         IMPEDANCE (OHMS)        ADMITTANCE (MHOS)      POWER
   NO.   NO.    REAL        IMAG.       REAL        IMAG.       REAL        IMAG.       REAL        IMAG.     (WATTS)
   1     6 1  1.9478E+02  2.9357E+02  1.4142E+00  0.0000E+00  1.3773E+02  2.0758E+02  2.2193E-03 -3.3449E-03  1.3773E+02



                                       - - - Wire Currents - - -

                             Lengths normalized by wavelength (or 2.*pi/CABS(k))

  Elem.  Tag            Coord. of seg. center          Seg.            - - - Current (Amps) - - -
   No.   No.     X            Y            Z           Length       Real         Imag.        Mag.         Phase
      1    1  0.00000E+00 -2.63812E-01  0.00000E+00  5.27624E-02  2.96068E-01 -5.84531E-02  3.01783E-01  -11.1683
      2    1  0.00000E+00 -2.11050E-01  0.00000E+00  5.27624E-02  8.27351E-01 -1.52777E-01  8.41339E-01  -10.4623
      3    1  0.00000E+00 -1.58287E-01  0.00000E+00  5.27624E-02  1.23450E+00 -2.02472E-01  1.25099E+00   -9.3143
      4    1  0.00000E+00 -1.05525E-01  0.00000E+00  5.27624E-02  1.50060E+00 -2.06426E-01  1.51473E+00   -7.8326
      5    1  0.00000E+00 -5.27624E-02  0.00000E+00  5.27624E-02  1.60053E+00 -1.62309E-01  1.60873E+00   -5.7905
      6    1  0.00000E+00  4.02724E-17  0.00000E+00  5.27624E-02  1.51025E+00 -6.40301E-02  1.51161E+00   -2.4277
      7    1  0.00000E+00  5.27624E-02  0.00000E+00  5.27624E-02  1.42649E+00 -4.56660E-02  1.42722E+00   -1.8336
      8    1  0.00000E+00  1.05525E-01  0.00000E+00  5.27624E-02  1.35735E+00 -1.09305E-01  1.36174E+00   -4.6040
      9    1  0.00000E+00  1.58287E-01  0.00000E+00  5.27624E-02  1.12109E+00 -1.24771E-01  1.12802E+00   -6.3505
     10    1  0.00000E+00  2.11050E-01  0.00000E+00  5.27624E-02  7.52697E-01 -1.01116E-01  7.59459E-01   -7.6512
     11    1  0.00000E+00  2.63812E-01  0.00000E+00  5.27624E-02  2.69562E-01 -3.99846E-02  2.72511E-01   -8.4373



                             - - - Wire Charge Densities - - -

                     Lengths normalized by wavelength (or 2.*pi/CABS(k))

  ELEM.  TAG          Coord. of Seg. Center           Seg.        Charge Density (C/m)
   No.   No.     X            Y            Z          Length        Mag.         Phase
      1    1  0.00000E+00 -2.63812E-01  0.00000E+00  5.27624E-02  6.07280E-09   78.8317
      2    1  0.00000E+00 -2.11050E-01  0.00000E+00  5.27624E-02  4.78796E-09   81.3290
      3    1  0.00000E+00 -1.58287E-01  0.00000E+00  5.27624E-02  3.47094E-09   85.4032
      4    1  0.00000E+00 -1.05525E-01  0.00000E+00  5.27624E-02  1.90533E-09   95.9830
      5    1  0.00000E+00 -5.27624E-02  0.00000E+00  5.27624E-02  6.98866E-10  170.4510
      6    1  0.00000E+00  4.02724E-17  0.00000E+00  5.27624E-02  2.32269E-09 -123.6925
      7    1  0.00000E+00  5.27624E-02  0.00000E+00  5.27624E-02  9.51581E-10   15.0508
      8    1  0.00000E+00  1.05525E-01  0.00000E+00  5.27624E-02  1.67800E-09  -77.5526
      9    1  0.00000E+00  1.58287E-01  0.00000E+00  5.27624E-02  3.11595E-09  -90.9281
     10    1  0.00000E+00  2.11050E-01  0.00000E+00  5.27624E-02  4.31876E-09  -95.6546
     11    1  0.00000E+00  2.63812E-01  0.00000E+00  5.27624E-02  5.48376E-09  -98.4373



                                        - - - POWER BUDGET - - -

                                           INPUT POWER   = 1.3773E+02 WATTS
                                           RADIATED POWER= 1.3773E+02 WATTS
                                           WIRE LOSS     = 0.0000E+00 WATTS
                                           EFFICIENCY    = 100.00 PERCENT




 ***** INPUT LINE  6  EN   0    0    0    0  0.00000E+00  0.00000E+00  0.00000E+00  0.00000E+00  0.00000E+00  0.00000E+00

 RUN TIME =     0.000
