1
 x13



                                ***********************************************
                                *                                             *
                                *  NUMERICAL ELECTROMAGNETICS CODE (NEC-5)    *
                                *                                             *
                                ***********************************************




                      **********************************************************

                          Five-element Yagi                                                            
                                                                                                       
                          EZNEC Pro/2+ v. 7.0.4  2026-08-20 20:24:27                                   
                                                                                                       
                          ! Written by EZNEC/Pro+ v. 7.0 in NEC-5 format.                              
                                                                                                       

                      **********************************************************





                                 - - - STRUCTURE SPECIFICATION - - -

                                     COORDINATES MUST BE INPUT IN
                                     METERS OR BE SCALED TO METERS
                                     BEFORE STRUCTURE INPUT IS ENDED

 Model definition commands:

 GW    1     3 -1.82880E+00 -1.21920E+00  0.00000E+00 -1.82880E+00  1.21920E+00  0.00000E+00  1.58750E-02
 GW    2     1 -1.82880E+00  1.21920E+00  0.00000E+00 -1.82880E+00  1.82880E+00  0.00000E+00  1.27000E-02
 GW    3     1 -1.82880E+00  1.82880E+00  0.00000E+00 -1.82880E+00  2.33680E+00  0.00000E+00  1.11125E-02
 GW    4     2 -1.82880E+00  2.33680E+00  0.00000E+00 -1.82880E+00  3.40360E+00  0.00000E+00  9.52500E-03
 GW    5     1 -1.82880E+00  3.40360E+00  0.00000E+00 -1.82880E+00  3.91160E+00  0.00000E+00  7.93750E-03
 GW    6     1 -1.82880E+00 -1.21920E+00  0.00000E+00 -1.82880E+00 -1.82880E+00  0.00000E+00  1.27000E-02
 GW    7     1 -1.82880E+00 -1.82880E+00  0.00000E+00 -1.82880E+00 -2.33680E+00  0.00000E+00  1.11125E-02
 GW    8     2 -1.82880E+00 -2.33680E+00  0.00000E+00 -1.82880E+00 -3.40360E+00  0.00000E+00  9.52500E-03
 GW    9     1 -1.82880E+00 -3.40360E+00  0.00000E+00 -1.82880E+00 -3.91160E+00  0.00000E+00  7.93750E-03
 GW   10     3 -1.82880E+00  3.91160E+00  0.00000E+00 -1.82880E+00  5.64832E+00  0.00000E+00  6.35000E-03
 GW   11     3 -1.82880E+00 -3.91160E+00  0.00000E+00 -1.82880E+00 -5.64832E+00  0.00000E+00  6.35000E-03
 GW   12     3  0.00000E+00 -1.21920E+00  0.00000E+00  0.00000E+00  1.21920E+00  0.00000E+00  1.58750E-02
 GW   13     1  0.00000E+00  1.21920E+00  0.00000E+00  0.00000E+00  1.82880E+00  0.00000E+00  1.27000E-02
 GW   14     1  0.00000E+00  1.82880E+00  0.00000E+00  0.00000E+00  2.33680E+00  0.00000E+00  1.11125E-02
 GW   15     2  0.00000E+00  2.33680E+00  0.00000E+00  0.00000E+00  3.40360E+00  0.00000E+00  9.52500E-03
 GW   16     1  0.00000E+00  3.40360E+00  0.00000E+00  0.00000E+00  3.91160E+00  0.00000E+00  7.93750E-03
 GW   17     1  0.00000E+00 -1.21920E+00  0.00000E+00  0.00000E+00 -1.82880E+00  0.00000E+00  1.27000E-02
 GW   18     1  0.00000E+00 -1.82880E+00  0.00000E+00  0.00000E+00 -2.33680E+00  0.00000E+00  1.11125E-02
 GW   19     2  0.00000E+00 -2.33680E+00  0.00000E+00  0.00000E+00 -3.40360E+00  0.00000E+00  9.52500E-03
 GW   20     1  0.00000E+00 -3.40360E+00  0.00000E+00  0.00000E+00 -3.91160E+00  0.00000E+00  7.93750E-03
 GW   21     3  0.00000E+00  3.91160E+00  0.00000E+00  0.00000E+00  5.27050E+00  0.00000E+00  6.35000E-03
 GW   22     3  0.00000E+00 -3.91160E+00  0.00000E+00  0.00000E+00 -5.27050E+00  0.00000E+00  6.35000E-03
 GW   23     3  1.82880E+00 -1.21920E+00  0.00000E+00  1.82880E+00  1.21920E+00  0.00000E+00  1.58750E-02
 GW   24     1  1.82880E+00  1.21920E+00  0.00000E+00  1.82880E+00  1.82880E+00  0.00000E+00  1.27000E-02
 GW   25     1  1.82880E+00  1.82880E+00  0.00000E+00  1.82880E+00  2.33680E+00  0.00000E+00  1.11125E-02
 GW   26     2  1.82880E+00  2.33680E+00  0.00000E+00  1.82880E+00  3.40360E+00  0.00000E+00  9.52500E-03
 GW   27     1  1.82880E+00  3.40360E+00  0.00000E+00  1.82880E+00  3.91160E+00  0.00000E+00  7.93750E-03
 GW   28     1  1.82880E+00 -1.21920E+00  0.00000E+00  1.82880E+00 -1.82880E+00  0.00000E+00  1.27000E-02
 GW   29     1  1.82880E+00 -1.82880E+00  0.00000E+00  1.82880E+00 -2.33680E+00  0.00000E+00  1.11125E-02
 GW   30     2  1.82880E+00 -2.33680E+00  0.00000E+00  1.82880E+00 -3.40360E+00  0.00000E+00  9.52500E-03
 GW   31     1  1.82880E+00 -3.40360E+00  0.00000E+00  1.82880E+00 -3.91160E+00  0.00000E+00  7.93750E-03
 GW   32     3  1.82880E+00  3.91160E+00  0.00000E+00  1.82880E+00  5.21970E+00  0.00000E+00  6.35000E-03
 GW   33     3  1.82880E+00 -3.91160E+00  0.00000E+00  1.82880E+00 -5.21970E+00  0.00000E+00  6.35000E-03
 GW   34     3  5.35940E+00 -1.21920E+00  0.00000E+00  5.35940E+00  1.21920E+00  0.00000E+00  1.58750E-02
 GW   35     1  5.35940E+00  1.21920E+00  0.00000E+00  5.35940E+00  1.82880E+00  0.00000E+00  1.27000E-02
 GW   36     1  5.35940E+00  1.82880E+00  0.00000E+00  5.35940E+00  2.33680E+00  0.00000E+00  1.11125E-02
 GW   37     2  5.35940E+00  2.33680E+00  0.00000E+00  5.35940E+00  3.40360E+00  0.00000E+00  9.52500E-03
 GW   38     1  5.35940E+00  3.40360E+00  0.00000E+00  5.35940E+00  3.91160E+00  0.00000E+00  7.93750E-03
 GW   39     1  5.35940E+00 -1.21920E+00  0.00000E+00  5.35940E+00 -1.82880E+00  0.00000E+00  1.27000E-02
 GW   40     1  5.35940E+00 -1.82880E+00  0.00000E+00  5.35940E+00 -2.33680E+00  0.00000E+00  1.11125E-02
 GW   41     2  5.35940E+00 -2.33680E+00  0.00000E+00  5.35940E+00 -3.40360E+00  0.00000E+00  9.52500E-03
 GW   42     1  5.35940E+00 -3.40360E+00  0.00000E+00  5.35940E+00 -3.91160E+00  0.00000E+00  7.93750E-03
 GW   43     3  5.35940E+00  3.91160E+00  0.00000E+00  5.35940E+00  5.14032E+00  0.00000E+00  6.35000E-03
 GW   44     3  5.35940E+00 -3.91160E+00  0.00000E+00  5.35940E+00 -5.14032E+00  0.00000E+00  6.35000E-03
 GW   45     3  1.02108E+01 -1.21920E+00  0.00000E+00  1.02108E+01  1.21920E+00  0.00000E+00  1.58750E-02
 GW   46     1  1.02108E+01  1.21920E+00  0.00000E+00  1.02108E+01  1.82880E+00  0.00000E+00  1.27000E-02
 GW   47     1  1.02108E+01  1.82880E+00  0.00000E+00  1.02108E+01  2.33680E+00  0.00000E+00  1.11125E-02
 GW   48     2  1.02108E+01  2.33680E+00  0.00000E+00  1.02108E+01  3.40360E+00  0.00000E+00  9.52500E-03
 GW   49     1  1.02108E+01  3.40360E+00  0.00000E+00  1.02108E+01  3.91160E+00  0.00000E+00  7.93750E-03
 GW   50     1  1.02108E+01 -1.21920E+00  0.00000E+00  1.02108E+01 -1.82880E+00  0.00000E+00  1.27000E-02
 GW   51     1  1.02108E+01 -1.82880E+00  0.00000E+00  1.02108E+01 -2.33680E+00  0.00000E+00  1.11125E-02
 GW   52     2  1.02108E+01 -2.33680E+00  0.00000E+00  1.02108E+01 -3.40360E+00  0.00000E+00  9.52500E-03
 GW   53     1  1.02108E+01 -3.40360E+00  0.00000E+00  1.02108E+01 -3.91160E+00  0.00000E+00  7.93750E-03
 GW   54     3  1.02108E+01  3.91160E+00  0.00000E+00  1.02108E+01  4.87680E+00  0.00000E+00  6.35000E-03
 GW   55     3  1.02108E+01 -3.91160E+00  0.00000E+00  1.02108E+01 -4.87680E+00  0.00000E+00  6.35000E-03
 GE    0   -1

 Number of nodes :   100
 Number of wire elements :    95
 Number of patch elements:     0
 Number unknowns:    90




 ***** INPUT LINE  1  FR   0    1    0    0  1.42000E+01  0.00000E+00  0.00000E+00  0.00000E+00  0.00000E+00  0.00000E+00
 ***** INPUT LINE  2  GN  -1    0    0    0  0.00000E+00  0.00000E+00  0.00000E+00  0.00000E+00  0.00000E+00  0.00000E+00
 ***** INPUT LINE  3  EX   4   12    2    0  1.41421E+00  0.00000E+00  0.00000E+00  0.00000E+00  0.00000E+00  0.00000E+00
 ***** INPUT LINE  4  PQ   0    0    0    0  0.00000E+00  0.00000E+00  0.00000E+00  0.00000E+00  0.00000E+00  0.00000E+00
 ***** INPUT LINE  5  XQ   0    0    0    0  0.00000E+00  0.00000E+00  0.00000E+00  0.00000E+00  0.00000E+00  0.00000E+00




                                 - - - - - - FREQUENCY - - - - - -

                                    FREQUENCY= 1.4200E+01 MHZ
                                    WAVELENGTH= 2.1113E+01 METERS



                                  - - - ANTENNA ENVIRONMENT - - -

                                            FREE SPACE



                               - - - STRUCTURE IMPEDANCE LOADING - - -

                                   THIS STRUCTURE IS NOT LOADED
ALLOCATE CM:           8100



                                - - - MATRIX TIMING - - -

                        FILL=    0.000 SEC.,  FACTOR=    0.000 SEC.



                                          - - - ANTENNA INPUT PARAMETERS - - -

   TAG   SEG.    VOLTAGE (VOLTS)         CURRENT (AMPS)         IMPEDANCE (OHMS)        ADMITTANCE (MHOS)      POWER
   NO.   NO.    REAL        IMAG.       REAL        IMAG.       REAL        IMAG.       REAL        IMAG.     (WATTS)
  12    21 1  3.3012E+01 -3.4781E+01  1.4142E+00  0.0000E+00  2.3343E+01 -2.4594E+01  2.0302E-02  2.1390E-02  2.3343E+01



                                       - - - Wire Currents - - -

                             Lengths normalized by wavelength (or 2.*pi/CABS(k))

  Elem.  Tag            Coord. of seg. center          Seg.            - - - Current (Amps) - - -
   No.   No.     X            Y            Z           Length       Real         Imag.        Mag.         Phase
      1    1 -8.66209E-02 -3.84982E-02  0.00000E+00  3.84982E-02 -4.14874E-01  4.15838E-01  5.87402E-01  134.9335
      2    1 -8.66209E-02 -5.25856E-18  0.00000E+00  3.84982E-02 -4.27942E-01  4.27168E-01  6.04655E-01  135.0518
      3    1 -8.66209E-02  3.84982E-02  0.00000E+00  3.84982E-02 -4.15405E-01  4.15292E-01  5.87391E-01  135.0078
      4    2 -8.66209E-02  7.21841E-02  0.00000E+00  2.88736E-02 -3.86088E-01  3.88223E-01  5.47523E-01  134.8420
      5    3 -8.66209E-02  9.86516E-02  0.00000E+00  2.40614E-02 -3.51519E-01  3.56137E-01  5.00399E-01  134.6261
      6    4 -8.66209E-02  1.23315E-01  0.00000E+00  2.52644E-02 -3.11636E-01  3.18667E-01  4.45719E-01  134.3608
      7    4 -8.66209E-02  1.48579E-01  0.00000E+00  2.52644E-02 -2.64226E-01  2.73445E-01  3.80246E-01  134.0177
      8    5 -8.66209E-02  1.73242E-01  0.00000E+00  2.40614E-02 -2.13184E-01  2.23833E-01  3.09109E-01  133.6041
      9    6 -8.66209E-02 -7.21841E-02  0.00000E+00  2.88736E-02  3.85277E-01 -3.89069E-01  5.47551E-01  -45.2806
     10    7 -8.66209E-02 -9.86516E-02  0.00000E+00  2.40614E-02  3.50653E-01 -3.57053E-01  5.00444E-01  -45.5181
     11    8 -8.66209E-02 -1.23315E-01  0.00000E+00  2.52644E-02  3.10817E-01 -3.19551E-01  4.45780E-01  -45.7938
     12    8 -8.66209E-02 -1.48579E-01  0.00000E+00  2.52644E-02  2.63517E-01 -2.74228E-01  3.80318E-01  -46.1411
     13    9 -8.66209E-02 -1.73242E-01  0.00000E+00  2.40614E-02  2.12619E-01 -2.24475E-01  3.09186E-01  -46.5537
     14   10 -8.66209E-02  1.98983E-01  0.00000E+00  2.74199E-02 -1.58069E-01  1.68830E-01  2.31278E-01  133.1147
     15   10 -8.66209E-02  2.26402E-01  0.00000E+00  2.74199E-02 -9.75843E-02  1.06361E-01  1.44344E-01  132.5359
     16   10 -8.66209E-02  2.53822E-01  0.00000E+00  2.74199E-02 -3.33221E-02  3.68865E-02  4.97089E-02  132.0936
     17   11 -8.66209E-02 -1.98983E-01  0.00000E+00  2.74199E-02  1.57668E-01 -1.69303E-01  2.31350E-01  -47.0379
     18   11 -8.66209E-02 -2.26402E-01  0.00000E+00  2.74199E-02  9.73544E-02 -1.06646E-01  1.44400E-01  -47.6078
     19   11 -8.66209E-02 -2.53822E-01  0.00000E+00  2.74199E-02  3.32488E-02 -3.69816E-02  4.97304E-02  -48.0424
     20   12  0.00000E+00 -3.84982E-02  0.00000E+00  3.84982E-02  1.34737E+00 -2.31566E-02  1.34757E+00   -0.9846
     21   12  0.00000E+00 -5.25856E-18  0.00000E+00  3.84982E-02  1.40488E+00 -8.84968E-03  1.40491E+00   -0.3609
     22   12  0.00000E+00  3.84982E-02  0.00000E+00  3.84982E-02  1.36364E+00 -7.75196E-03  1.36366E+00   -0.3257
     23   13  0.00000E+00  7.21841E-02  0.00000E+00  2.88736E-02  1.25377E+00 -1.87228E-02  1.25391E+00   -0.8555
     24   14  0.00000E+00  9.86516E-02  0.00000E+00  2.40614E-02  1.13175E+00 -2.35645E-02  1.13199E+00   -1.1928
     25   15  0.00000E+00  1.23315E-01  0.00000E+00  2.52644E-02  9.92636E-01 -2.58506E-02  9.92973E-01   -1.4918
     26   15  0.00000E+00  1.48579E-01  0.00000E+00  2.52644E-02  8.27048E-01 -2.60502E-02  8.27458E-01   -1.8041
     27   16  0.00000E+00  1.73242E-01  0.00000E+00  2.40614E-02  6.46876E-01 -2.40037E-02  6.47321E-01   -2.1251
     28   17  0.00000E+00 -7.21841E-02  0.00000E+00  2.88736E-02 -1.24079E+00  3.09846E-02  1.24118E+00  178.5695
     29   18  0.00000E+00 -9.86516E-02  0.00000E+00  2.40614E-02 -1.12038E+00  3.42767E-02  1.12091E+00  178.2477
     30   19  0.00000E+00 -1.23315E-01  0.00000E+00  2.52644E-02 -9.82811E-01  3.50932E-02  9.83437E-01  177.9550
     31   19  0.00000E+00 -1.48579E-01  0.00000E+00  2.52644E-02 -8.18926E-01  3.36741E-02  8.19618E-01  177.6453
     32   20  0.00000E+00 -1.73242E-01  0.00000E+00  2.40614E-02 -6.40546E-01  2.99322E-02  6.41245E-01  177.3246
     33   21  0.00000E+00  1.96000E-01  0.00000E+00  2.14547E-02  4.72199E-01 -2.00356E-02  4.72624E-01   -2.4296
     34   21  0.00000E+00  2.17455E-01  0.00000E+00  2.14547E-02  2.97909E-01 -1.40936E-02  2.98242E-01   -2.7085
     35   21  0.00000E+00  2.38909E-01  0.00000E+00  2.14547E-02  1.03668E-01 -5.26837E-03  1.03802E-01   -2.9092
     36   22  0.00000E+00 -1.96000E-01  0.00000E+00  2.14547E-02 -4.67582E-01  2.43510E-02  4.68216E-01  177.0188
     37   22  0.00000E+00 -2.17455E-01  0.00000E+00  2.14547E-02 -2.94994E-01  1.68132E-02  2.95473E-01  176.7380
     38   22  0.00000E+00 -2.38909E-01  0.00000E+00  2.14547E-02 -1.02652E-01  6.21452E-03  1.02840E-01  176.5356
     39   23  8.66209E-02 -3.84982E-02  0.00000E+00  3.84982E-02 -3.88254E-01 -9.82474E-01  1.05641E+00 -111.5629
     40   23  8.66209E-02 -5.25856E-18  0.00000E+00  3.84982E-02 -4.01557E-01 -1.01385E+00  1.09048E+00 -111.6071
     41   23  8.66209E-02  3.84982E-02  0.00000E+00  3.84982E-02 -3.88761E-01 -9.82988E-01  1.05707E+00 -111.5782
     42   24  8.66209E-02  7.21841E-02  0.00000E+00  2.88736E-02 -3.58807E-01 -9.11064E-01  9.79173E-01 -111.4962
     43   25  8.66209E-02  9.86516E-02  0.00000E+00  2.40614E-02 -3.23378E-01 -8.25537E-01  8.86614E-01 -111.3912
     44   26  8.66209E-02  1.23315E-01  0.00000E+00  2.52644E-02 -2.82342E-01 -7.25671E-01  7.78662E-01 -111.2599
     45   26  8.66209E-02  1.48579E-01  0.00000E+00  2.52644E-02 -2.33285E-01 -6.05027E-01  6.48444E-01 -111.0856
     46   27  8.66209E-02  1.73242E-01  0.00000E+00  2.40614E-02 -1.80030E-01 -4.72190E-01  5.05346E-01 -110.8701
     47   28  8.66209E-02 -7.21841E-02  0.00000E+00  2.88736E-02  3.58038E-01  9.10275E-01  9.78157E-01   68.5288
     48   29  8.66209E-02 -9.86516E-02  0.00000E+00  2.40614E-02  3.22568E-01  8.24695E-01  8.85535E-01   68.6377
     49   30  8.66209E-02 -1.23315E-01  0.00000E+00  2.52644E-02  2.81589E-01  7.24876E-01  7.77648E-01   68.7706
     50   30  8.66209E-02 -1.48579E-01  0.00000E+00  2.52644E-02  2.32652E-01  6.04344E-01  6.47579E-01   68.9450
     51   31  8.66209E-02 -1.73242E-01  0.00000E+00  2.40614E-02  1.79548E-01  4.71658E-01  5.04677E-01   69.1594
     52   32  8.66209E-02  1.95599E-01  0.00000E+00  2.06527E-02 -1.29729E-01 -3.44444E-01  3.68064E-01 -110.6380
     53   32  8.66209E-02  2.16252E-01  0.00000E+00  2.06527E-02 -8.12275E-02 -2.18325E-01  2.32946E-01 -110.4076
     54   32  8.66209E-02  2.36904E-01  0.00000E+00  2.06527E-02 -2.81061E-02 -7.62547E-02  8.12695E-02 -110.2330
     55   33  8.66209E-02 -1.95599E-01  0.00000E+00  2.06527E-02  1.29395E-01  3.44065E-01  3.67591E-01   69.3899
     56   33  8.66209E-02 -2.16252E-01  0.00000E+00  2.06527E-02  8.10288E-02  2.18093E-01  2.32659E-01   69.6183
     57   33  8.66209E-02 -2.36904E-01  0.00000E+00  2.06527E-02  2.80403E-02  7.61758E-02  8.11727E-02   69.7913
     58   34  2.53847E-01 -3.84982E-02  0.00000E+00  3.84982E-02 -9.38187E-01  3.88132E-01  1.01530E+00  157.5249
     59   34  2.53847E-01 -5.25856E-18  0.00000E+00  3.84982E-02 -9.68339E-01  4.00793E-01  1.04801E+00  157.5155
     60   34  2.53847E-01  3.84982E-02  0.00000E+00  3.84982E-02 -9.38213E-01  3.88085E-01  1.01531E+00  157.5279
     61   35  2.53847E-01  7.21841E-02  0.00000E+00  2.88736E-02 -8.68342E-01  3.58700E-01  9.39512E-01  157.5552
     62   36  2.53847E-01  9.86516E-02  0.00000E+00  2.40614E-02 -7.85205E-01  3.23838E-01  8.49363E-01  157.5876
     63   37  2.53847E-01  1.23315E-01  0.00000E+00  2.52644E-02 -6.87961E-01  2.83194E-01  7.43968E-01  157.6259
     64   37  2.53847E-01  1.48579E-01  0.00000E+00  2.52644E-02 -5.70220E-01  2.34173E-01  6.16432E-01  157.6735
     65   38  2.53847E-01  1.73242E-01  0.00000E+00  2.40614E-02 -4.40211E-01  1.80292E-01  4.75701E-01  157.7281
     66   39  2.53847E-01 -7.21841E-02  0.00000E+00  2.88736E-02  8.68300E-01 -3.58780E-01  9.39504E-01  -22.4503
     67   40  2.53847E-01 -9.86516E-02  0.00000E+00  2.40614E-02  7.85157E-01 -3.23934E-01  8.49355E-01  -22.4197
     68   41  2.53847E-01 -1.23315E-01  0.00000E+00  2.52644E-02  6.87912E-01 -2.83295E-01  7.43962E-01  -22.3828
     69   41  2.53847E-01 -1.48579E-01  0.00000E+00  2.52644E-02  5.70176E-01 -2.34270E-01  6.16428E-01  -22.3365
     70   42  2.53847E-01 -1.73242E-01  0.00000E+00  2.40614E-02  4.40175E-01 -1.80376E-01  4.75699E-01  -22.2830
     71   43  2.53847E-01  1.94972E-01  0.00000E+00  1.93995E-02 -3.18492E-01  1.30095E-01  3.44038E-01  157.7814
     72   43  2.53847E-01  2.14372E-01  0.00000E+00  1.93995E-02 -2.02149E-01  8.23793E-02  2.18290E-01  157.8283
     73   43  2.53847E-01  2.33771E-01  0.00000E+00  1.93995E-02 -7.07057E-02  2.87647E-02  7.63328E-02  157.8624
     74   44  2.53847E-01 -1.94972E-01  0.00000E+00  1.93995E-02  3.18465E-01 -1.30162E-01  3.44038E-01  -22.2306
     75   44  2.53847E-01 -2.14372E-01  0.00000E+00  1.93995E-02  2.02132E-01 -8.24241E-02  2.18292E-01  -22.1843
     76   44  2.53847E-01 -2.33771E-01  0.00000E+00  1.93995E-02  7.06998E-02 -2.87810E-02  7.63335E-02  -22.1506
     77   45  4.83634E-01 -3.84982E-02  0.00000E+00  3.84982E-02  4.04732E-01  4.44068E-01  6.00837E-01   47.6533
     78   45  4.83634E-01 -5.25856E-18  0.00000E+00  3.84982E-02  4.19059E-01  4.59548E-01  6.21928E-01   47.6385
     79   45  4.83634E-01  3.84982E-02  0.00000E+00  3.84982E-02  4.04722E-01  4.44057E-01  6.00821E-01   47.6533
     80   46  4.83634E-01  7.21841E-02  0.00000E+00  2.88736E-02  3.71525E-01  4.08126E-01  5.51904E-01   47.6878
     81   47  4.83634E-01  9.86516E-02  0.00000E+00  2.40614E-02  3.32108E-01  3.65344E-01  4.93733E-01   47.7283
     82   48  4.83634E-01  1.23315E-01  0.00000E+00  2.52644E-02  2.86107E-01  3.15256E-01  4.25727E-01   47.7750
     83   48  4.83634E-01  1.48579E-01  0.00000E+00  2.52644E-02  2.30504E-01  2.54494E-01  3.43365E-01   47.8318
     84   49  4.83634E-01  1.73242E-01  0.00000E+00  2.40614E-02  1.69119E-01  1.87137E-01  2.52233E-01   47.8953
     85   50  4.83634E-01 -7.21841E-02  0.00000E+00  2.88736E-02 -3.71543E-01 -4.08146E-01  5.51930E-01 -132.3122
     86   51  4.83634E-01 -9.86516E-02  0.00000E+00  2.40614E-02 -3.32130E-01 -3.65369E-01  4.93765E-01 -132.2716
     87   52  4.83634E-01 -1.23315E-01  0.00000E+00  2.52644E-02 -2.86130E-01 -3.15282E-01  4.25762E-01 -132.2249
     88   52  4.83634E-01 -1.48579E-01  0.00000E+00  2.52644E-02 -2.30526E-01 -2.54519E-01  3.43398E-01 -132.1681
     89   53  4.83634E-01 -1.73242E-01  0.00000E+00  2.40614E-02 -1.69138E-01 -1.87158E-01  2.52261E-01 -132.1046
     90   54  4.83634E-01  1.92892E-01  0.00000E+00  1.52389E-02  1.17349E-01  1.30112E-01  1.75214E-01   47.9524
     91   54  4.83634E-01  2.08131E-01  0.00000E+00  1.52389E-02  7.45223E-02  8.27439E-02  1.11356E-01   47.9926
     92   54  4.83634E-01  2.23370E-01  0.00000E+00  1.52389E-02  2.61173E-02  2.90282E-02  3.90480E-02   48.0216
     93   55  4.83634E-01 -1.92892E-01  0.00000E+00  1.52389E-02 -1.17364E-01 -1.30128E-01  1.75236E-01 -132.0475
     94   55  4.83634E-01 -2.08131E-01  0.00000E+00  1.52389E-02 -7.45322E-02 -8.27551E-02  1.11371E-01 -132.0073
     95   55  4.83634E-01 -2.23370E-01  0.00000E+00  1.52389E-02 -2.61209E-02 -2.90323E-02  3.90535E-02 -131.9783



                             - - - Wire Charge Densities - - -

                     Lengths normalized by wavelength (or 2.*pi/CABS(k))

  ELEM.  TAG          Coord. of Seg. Center           Seg.        Charge Density (C/m)
   No.   No.     X            Y            Z          Length        Mag.         Phase
      1    1 -8.66209E-02 -3.84982E-02  0.00000E+00  3.84982E-02  4.76680E-10 -131.6562
      2    1 -8.66209E-02 -5.25856E-18  0.00000E+00  3.84982E-02  6.07265E-12  -44.4265
      3    1 -8.66209E-02  3.84982E-02  0.00000E+00  3.84982E-02  4.76424E-10   47.2800
      4    2 -8.66209E-02  7.21841E-02  0.00000E+00  2.88736E-02  8.32026E-10   47.2860
      5    3 -8.66209E-02  9.86516E-02  0.00000E+00  2.40614E-02  1.08283E-09   46.9931
      6    4 -8.66209E-02  1.23315E-01  0.00000E+00  2.52644E-02  1.26849E-09   46.6192
      7    4 -8.66209E-02  1.48579E-01  0.00000E+00  2.52644E-02  1.48500E-09   46.1253
      8    5 -8.66209E-02  1.73242E-01  0.00000E+00  2.40614E-02  1.58171E-09   45.5070
      9    6 -8.66209E-02 -7.21841E-02  0.00000E+00  2.88736E-02  8.31925E-10 -132.4869
     10    7 -8.66209E-02 -9.86516E-02  0.00000E+00  2.40614E-02  1.08259E-09 -133.0099
     11    8 -8.66209E-02 -1.23315E-01  0.00000E+00  2.52644E-02  1.26824E-09 -133.4840
     12    8 -8.66209E-02 -1.48579E-01  0.00000E+00  2.52644E-02  1.48482E-09 -134.0272
     13    9 -8.66209E-02 -1.73242E-01  0.00000E+00  2.40614E-02  1.58168E-09 -134.6651
     14   10 -8.66209E-02  1.98983E-01  0.00000E+00  2.74199E-02  1.62714E-09   44.6750
     15   10 -8.66209E-02  2.26402E-01  0.00000E+00  2.74199E-02  1.73999E-09   43.5147
     16   10 -8.66209E-02  2.53822E-01  0.00000E+00  2.74199E-02  1.92480E-09   42.0936
     17   11 -8.66209E-02 -1.98983E-01  0.00000E+00  2.74199E-02  1.62732E-09 -135.4987
     18   11 -8.66209E-02 -2.26402E-01  0.00000E+00  2.74199E-02  1.74045E-09 -136.6461
     19   11 -8.66209E-02 -2.53822E-01  0.00000E+00  2.74199E-02  1.92564E-09 -138.0424
     20   12  0.00000E+00 -3.84982E-02  0.00000E+00  3.84982E-02  1.33712E-09   96.4628
     21   12  0.00000E+00 -5.25856E-18  0.00000E+00  3.84982E-02  3.54717E-10  133.4764
     22   12  0.00000E+00  3.84982E-02  0.00000E+00  3.84982E-02  1.41111E-09  -81.2858
     23   13  0.00000E+00  7.21841E-02  0.00000E+00  2.88736E-02  2.18341E-09  -86.8924
     24   14  0.00000E+00  9.86516E-02  0.00000E+00  2.40614E-02  2.76923E-09  -88.5183
     25   15  0.00000E+00  1.23315E-01  0.00000E+00  2.52644E-02  3.20982E-09  -89.5023
     26   15  0.00000E+00  1.48579E-01  0.00000E+00  2.52644E-02  3.74923E-09  -90.2979
     27   16  0.00000E+00  1.73242E-01  0.00000E+00  2.40614E-02  4.01432E-09  -90.9969
     28   17  0.00000E+00 -7.21841E-02  0.00000E+00  2.88736E-02  2.14948E-09   92.3244
     29   18  0.00000E+00 -9.86516E-02  0.00000E+00  2.40614E-02  2.73625E-09   90.8513
     30   19  0.00000E+00 -1.23315E-01  0.00000E+00  2.52644E-02  3.17581E-09   89.9206
     31   19  0.00000E+00 -1.48579E-01  0.00000E+00  2.52644E-02  3.71188E-09   89.1474
     32   20  0.00000E+00 -1.73242E-01  0.00000E+00  2.40614E-02  3.97565E-09   88.4560
     33   21  0.00000E+00  1.96000E-01  0.00000E+00  2.14547E-02  4.14463E-09  -91.6320
     34   21  0.00000E+00  2.17455E-01  0.00000E+00  2.14547E-02  4.48568E-09  -92.2489
     35   21  0.00000E+00  2.38909E-01  0.00000E+00  2.14547E-02  5.13689E-09  -92.9092
     36   22  0.00000E+00 -1.96000E-01  0.00000E+00  2.14547E-02  4.10546E-09   87.8214
     37   22  0.00000E+00 -2.17455E-01  0.00000E+00  2.14547E-02  4.44378E-09   87.2015
     38   22  0.00000E+00 -2.38909E-01  0.00000E+00  2.14547E-02  5.08931E-09   86.5356
     39   23  8.66209E-02 -3.84982E-02  0.00000E+00  3.84982E-02  9.34576E-10  -22.8432
     40   23  8.66209E-02 -5.25856E-18  0.00000E+00  3.84982E-02  5.80384E-12  -44.7811
     41   23  8.66209E-02  3.84982E-02  0.00000E+00  3.84982E-02  9.26831E-10  157.3451
     42   24  8.66209E-02  7.21841E-02  0.00000E+00  2.88736E-02  1.62923E-09  157.4246
     43   25  8.66209E-02  9.86516E-02  0.00000E+00  2.40614E-02  2.12992E-09  157.5658
     44   26  8.66209E-02  1.23315E-01  0.00000E+00  2.52644E-02  2.50888E-09  157.7392
     45   26  8.66209E-02  1.48579E-01  0.00000E+00  2.52644E-02  2.96431E-09  157.9851
     46   27  8.66209E-02  1.73242E-01  0.00000E+00  2.40614E-02  3.20262E-09  158.3175
     47   28  8.66209E-02 -7.21841E-02  0.00000E+00  2.88736E-02  1.63191E-09  -22.6077
     48   29  8.66209E-02 -9.86516E-02  0.00000E+00  2.40614E-02  2.12956E-09  -22.4250
     49   30  8.66209E-02 -1.23315E-01  0.00000E+00  2.52644E-02  2.50651E-09  -22.2347
     50   30  8.66209E-02 -1.48579E-01  0.00000E+00  2.52644E-02  2.96043E-09  -21.9816
     51   31  8.66209E-02 -1.73242E-01  0.00000E+00  2.40614E-02  3.19803E-09  -21.6477
     52   32  8.66209E-02  1.95599E-01  0.00000E+00  2.06527E-02  3.32696E-09  158.7208
     53   32  8.66209E-02  2.16252E-01  0.00000E+00  2.06527E-02  3.61971E-09  159.1892
     54   32  8.66209E-02  2.36904E-01  0.00000E+00  2.06527E-02  4.17801E-09  159.7670
     55   33  8.66209E-02 -1.95599E-01  0.00000E+00  2.06527E-02  3.32224E-09  -21.2461
     56   33  8.66209E-02 -2.16252E-01  0.00000E+00  2.06527E-02  3.61488E-09  -20.7813
     57   33  8.66209E-02 -2.36904E-01  0.00000E+00  2.06527E-02  4.17304E-09  -20.2087
     58   34  2.53847E-01 -3.84982E-02  0.00000E+00  3.84982E-02  9.01840E-10 -112.8028
     59   34  2.53847E-01 -5.25856E-18  0.00000E+00  3.84982E-02  3.91184E-13  -28.3491
     60   34  2.53847E-01  3.84982E-02  0.00000E+00  3.84982E-02  9.01782E-10   67.1534
     61   35  2.53847E-01  7.21841E-02  0.00000E+00  2.88736E-02  1.58489E-09   67.2178
     62   36  2.53847E-01  9.86516E-02  0.00000E+00  2.40614E-02  2.07614E-09   67.2793
     63   37  2.53847E-01  1.23315E-01  0.00000E+00  2.52644E-02  2.45202E-09   67.3479
     64   37  2.53847E-01  1.48579E-01  0.00000E+00  2.52644E-02  2.90777E-09   67.4359
     65   38  2.53847E-01  1.73242E-01  0.00000E+00  2.40614E-02  3.15683E-09   67.5402
     66   39  2.53847E-01 -7.21841E-02  0.00000E+00  2.88736E-02  1.58490E-09 -112.7661
     67   40  2.53847E-01 -9.86516E-02  0.00000E+00  2.40614E-02  2.07611E-09 -112.7145
     68   41  2.53847E-01 -1.23315E-01  0.00000E+00  2.52644E-02  2.45197E-09 -112.6520
     69   41  2.53847E-01 -1.48579E-01  0.00000E+00  2.52644E-02  2.90771E-09 -112.5686
     70   42  2.53847E-01 -1.73242E-01  0.00000E+00  2.40614E-02  3.15678E-09 -112.4676
     71   43  2.53847E-01  1.94972E-01  0.00000E+00  1.93995E-02  3.29054E-09   67.6466
     72   43  2.53847E-01  2.14372E-01  0.00000E+00  1.93995E-02  3.59168E-09   67.7489
     73   43  2.53847E-01  2.33771E-01  0.00000E+00  1.93995E-02  4.17772E-09   67.8624
     74   44  2.53847E-01 -1.94972E-01  0.00000E+00  1.93995E-02  3.29050E-09 -112.3634
     75   44  2.53847E-01 -2.14372E-01  0.00000E+00  1.93995E-02  3.59167E-09 -112.2627
     76   44  2.53847E-01 -2.33771E-01  0.00000E+00  1.93995E-02  4.17776E-09 -112.1506
     77   45  4.83634E-01 -3.84982E-02  0.00000E+00  3.84982E-02  5.81809E-10  137.2171
     78   45  4.83634E-01 -5.25856E-18  0.00000E+00  3.84982E-02  1.12478E-13  -41.7232
     79   45  4.83634E-01  3.84982E-02  0.00000E+00  3.84982E-02  5.82013E-10  -42.7825
     80   46  4.83634E-01  7.21841E-02  0.00000E+00  2.88736E-02  1.02283E-09  -42.7003
     81   47  4.83634E-01  9.86516E-02  0.00000E+00  2.40614E-02  1.33952E-09  -42.6151
     82   48  4.83634E-01  1.23315E-01  0.00000E+00  2.52644E-02  1.58226E-09  -42.5234
     83   48  4.83634E-01  1.48579E-01  0.00000E+00  2.52644E-02  1.87905E-09  -42.4095
     84   49  4.83634E-01  1.73242E-01  0.00000E+00  2.40614E-02  2.04837E-09  -42.2810
     85   50  4.83634E-01 -7.21841E-02  0.00000E+00  2.88736E-02  1.02268E-09  137.2995
     86   51  4.83634E-01 -9.86516E-02  0.00000E+00  2.40614E-02  1.33944E-09  137.3848
     87   52  4.83634E-01 -1.23315E-01  0.00000E+00  2.52644E-02  1.58225E-09  137.4766
     88   52  4.83634E-01 -1.48579E-01  0.00000E+00  2.52644E-02  1.87911E-09  137.5905
     89   53  4.83634E-01 -1.73242E-01  0.00000E+00  2.40614E-02  2.04852E-09  137.7191
     90   54  4.83634E-01  1.92892E-01  0.00000E+00  1.52389E-02  2.13190E-09  -42.1637
     91   54  4.83634E-01  2.08131E-01  0.00000E+00  1.52389E-02  2.31731E-09  -42.0756
     92   54  4.83634E-01  2.23370E-01  0.00000E+00  1.52389E-02  2.72060E-09  -41.9784
     93   55  4.83634E-01 -1.92892E-01  0.00000E+00  1.52389E-02  2.13211E-09  137.8364
     94   55  4.83634E-01 -2.08131E-01  0.00000E+00  1.52389E-02  2.31759E-09  137.9245
     95   55  4.83634E-01 -2.23370E-01  0.00000E+00  1.52389E-02  2.72099E-09  138.0217



                                        - - - POWER BUDGET - - -

                                           INPUT POWER   = 2.3343E+01 WATTS
                                           RADIATED POWER= 2.3343E+01 WATTS
                                           WIRE LOSS     = 0.0000E+00 WATTS
                                           EFFICIENCY    = 100.00 PERCENT




 ***** INPUT LINE  6  EN   0    0    0    0  0.00000E+00  0.00000E+00  0.00000E+00  0.00000E+00  0.00000E+00  0.00000E+00

 RUN TIME =     0.000
