1



                                 *********************************************

                                    NUMERICAL ELECTROMAGNETICS CODE (NEC-2D)

                                 *********************************************




                                     - - - - COMMENTS - - - -


                          Trap Dipole:  15-20 Meters                                                 
                          Based on www.cebik.com/amod/amod49.html                                    
                          (Lesson 19 ARRL modeling course)                                           
                          Use freq-loop from 13 to 22 Mhz for SWR                                    
                                                                                                     




                                 - - - STRUCTURE SPECIFICATION - - -

                                     COORDINATES MUST BE INPUT IN
                                     METERS OR BE SCALED TO METERS
                                     BEFORE STRUCTURE INPUT IS ENDED


  WIRE                                                                               NO. OF    FIRST  LAST     TAG
  NO.        X1         Y1         Z1          X2         Y2         Z2      RADIUS   SEG.     SEG.   SEG.     NO.
     1    0.00000  -10.76433    0.00000     0.00000   10.76433    0.00000    0.04153     41        1    41       1
     2    0.00000  -11.26268    0.00000     0.00000  -10.76433    0.00000    0.04153      1       42    42       2
     3    0.00000   10.76433    0.00000     0.00000   11.26268    0.00000    0.04153      1       43    43       3
     4    0.00000  -13.62485    0.00000     0.00000  -11.26268    0.00000    0.04153      8       44    51       4
     5    0.00000   11.26268    0.00000     0.00000   13.62485    0.00000    0.04153      8       52    59       5
      STRUCTURE SCALED BY FACTOR   0.30580

   TOTAL SEGMENTS USED=   59     NO. SEG. IN A SYMMETRIC CELL=   59     SYMMETRY FLAG=  0


         - MULTIPLE WIRE JUNCTIONS -
 JUNCTION    SEGMENTS  (- FOR END 1, + FOR END 2)
  NONE




                                 - - - - SEGMENTATION DATA - - - -

                                        COORDINATES IN METERS

                         I+ AND I- INDICATE THE SEGMENTS BEFORE AND AFTER I


  SEG.   COORDINATES OF SEG. CENTER     SEG.     ORIENTATION ANGLES    WIRE    CONNECTION DATA   TAG
  NO.       X         Y         Z       LENGTH     ALPHA     BETA      RADIUS    I-   I    I+    NO.
     1   0.00000  -3.21145   0.00000   0.16057    0.00000  90.00000   0.01270    42    1    2      1
     2   0.00000  -3.05087   0.00000   0.16057    0.00000  90.00000   0.01270     1    2    3      1
     3   0.00000  -2.89030   0.00000   0.16057    0.00000  90.00000   0.01270     2    3    4      1
     4   0.00000  -2.72973   0.00000   0.16057    0.00000  90.00000   0.01270     3    4    5      1
     5   0.00000  -2.56916   0.00000   0.16057    0.00000  90.00000   0.01270     4    5    6      1
     6   0.00000  -2.40858   0.00000   0.16057    0.00000  90.00000   0.01270     5    6    7      1
     7   0.00000  -2.24801   0.00000   0.16057    0.00000  90.00000   0.01270     6    7    8      1
     8   0.00000  -2.08744   0.00000   0.16057    0.00000  90.00000   0.01270     7    8    9      1
     9   0.00000  -1.92687   0.00000   0.16057    0.00000  90.00000   0.01270     8    9   10      1
    10   0.00000  -1.76630   0.00000   0.16057    0.00000  90.00000   0.01270     9   10   11      1
    11   0.00000  -1.60572   0.00000   0.16057    0.00000  90.00000   0.01270    10   11   12      1
    12   0.00000  -1.44515   0.00000   0.16057    0.00000  90.00000   0.01270    11   12   13      1
    13   0.00000  -1.28458   0.00000   0.16057    0.00000  90.00000   0.01270    12   13   14      1
    14   0.00000  -1.12401   0.00000   0.16057    0.00000  90.00000   0.01270    13   14   15      1
    15   0.00000  -0.96343   0.00000   0.16057    0.00000  90.00000   0.01270    14   15   16      1
    16   0.00000  -0.80286   0.00000   0.16057    0.00000  90.00000   0.01270    15   16   17      1
    17   0.00000  -0.64229   0.00000   0.16057    0.00000  90.00000   0.01270    16   17   18      1
    18   0.00000  -0.48172   0.00000   0.16057    0.00000  90.00000   0.01270    17   18   19      1
    19   0.00000  -0.32114   0.00000   0.16057    0.00000  90.00000   0.01270    18   19   20      1
    20   0.00000  -0.16057   0.00000   0.16057    0.00000  90.00000   0.01270    19   20   21      1
    21   0.00000   0.00000   0.00000   0.16057    0.00000  90.00000   0.01270    20   21   22      1
    22   0.00000   0.16057   0.00000   0.16057    0.00000  90.00000   0.01270    21   22   23      1
    23   0.00000   0.32114   0.00000   0.16057    0.00000  90.00000   0.01270    22   23   24      1
    24   0.00000   0.48172   0.00000   0.16057    0.00000  90.00000   0.01270    23   24   25      1
    25   0.00000   0.64229   0.00000   0.16057    0.00000  90.00000   0.01270    24   25   26      1
    26   0.00000   0.80286   0.00000   0.16057    0.00000  90.00000   0.01270    25   26   27      1
    27   0.00000   0.96343   0.00000   0.16057    0.00000  90.00000   0.01270    26   27   28      1
    28   0.00000   1.12401   0.00000   0.16057    0.00000  90.00000   0.01270    27   28   29      1
    29   0.00000   1.28458   0.00000   0.16057    0.00000  90.00000   0.01270    28   29   30      1
    30   0.00000   1.44515   0.00000   0.16057    0.00000  90.00000   0.01270    29   30   31      1
    31   0.00000   1.60572   0.00000   0.16057    0.00000  90.00000   0.01270    30   31   32      1
    32   0.00000   1.76630   0.00000   0.16057    0.00000  90.00000   0.01270    31   32   33      1
    33   0.00000   1.92687   0.00000   0.16057    0.00000  90.00000   0.01270    32   33   34      1
    34   0.00000   2.08744   0.00000   0.16057    0.00000  90.00000   0.01270    33   34   35      1
    35   0.00000   2.24801   0.00000   0.16057    0.00000  90.00000   0.01270    34   35   36      1
    36   0.00000   2.40858   0.00000   0.16057    0.00000  90.00000   0.01270    35   36   37      1
    37   0.00000   2.56916   0.00000   0.16057    0.00000  90.00000   0.01270    36   37   38      1
    38   0.00000   2.72973   0.00000   0.16057    0.00000  90.00000   0.01270    37   38   39      1
    39   0.00000   2.89030   0.00000   0.16057    0.00000  90.00000   0.01270    38   39   40      1
    40   0.00000   3.05087   0.00000   0.16057    0.00000  90.00000   0.01270    39   40   41      1
    41   0.00000   3.21145   0.00000   0.16057    0.00000  90.00000   0.01270    40   41   43      1
    42   0.00000  -3.36793   0.00000   0.15240    0.00000  90.00000   0.01270    51   42    1      2
    43   0.00000   3.36793   0.00000   0.15240    0.00000  90.00000   0.01270    41   43   52      3
    44   0.00000  -4.12133   0.00000   0.09029    0.00000  90.00000   0.01270     0   44   45      4
    45   0.00000  -4.03104   0.00000   0.09029    0.00000  90.00000   0.01270    44   45   46      4
    46   0.00000  -3.94074   0.00000   0.09029    0.00000  90.00000   0.01270    45   46   47      4
    47   0.00000  -3.85045   0.00000   0.09029    0.00000  90.00000   0.01270    46   47   48      4
    48   0.00000  -3.76016   0.00000   0.09029    0.00000  90.00000   0.01270    47   48   49      4
    49   0.00000  -3.66986   0.00000   0.09029    0.00000  90.00000   0.01270    48   49   50      4
    50   0.00000  -3.57957   0.00000   0.09029    0.00000  90.00000   0.01270    49   50   51      4
    51   0.00000  -3.48927   0.00000   0.09029    0.00000  90.00000   0.01270    50   51   42      4
    52   0.00000   3.48927   0.00000   0.09029    0.00000  90.00000   0.01270    43   52   53      5
    53   0.00000   3.57957   0.00000   0.09029    0.00000  90.00000   0.01270    52   53   54      5
    54   0.00000   3.66986   0.00000   0.09029    0.00000  90.00000   0.01270    53   54   55      5
    55   0.00000   3.76016   0.00000   0.09029    0.00000  90.00000   0.01270    54   55   56      5
    56   0.00000   3.85045   0.00000   0.09029    0.00000  90.00000   0.01270    55   56   57      5
    57   0.00000   3.94074   0.00000   0.09029    0.00000  90.00000   0.01270    56   57   58      5
    58   0.00000   4.03104   0.00000   0.09029    0.00000  90.00000   0.01270    57   58   59      5
    59   0.00000   4.12133   0.00000   0.09029    0.00000  90.00000   0.01270    58   59    0      5






 ***** DATA CARD NO.  1   EK   0     0     0     0  0.00000E+00  0.00000E+00  0.00000E+00  0.00000E+00  0.00000E+00  0.00000E+00
 ***** DATA CARD NO.  2   LD   5     0     0     0  3.07690E+07  0.00000E+00  0.00000E+00  0.00000E+00  0.00000E+00  0.00000E+00
 ***** DATA CARD NO.  3   LD   1     2     1     1  1.02814E+05  3.30006E-06  1.74050E-11  0.00000E+00  0.00000E+00  0.00000E+00
 ***** DATA CARD NO.  4   LD   1     3     1     1  1.02814E+05  3.30006E-06  1.74050E-11  0.00000E+00  0.00000E+00  0.00000E+00
 ***** DATA CARD NO.  5   EX   0     1    21     0  1.00000E+00  0.00000E+00  0.00000E+00  0.00000E+00  0.00000E+00  0.00000E+00
 ***** DATA CARD NO.  6   GN  -1     0     0     0  0.00000E+00  0.00000E+00  0.00000E+00  0.00000E+00  0.00000E+00  0.00000E+00
 ***** DATA CARD NO.  7   FR   0     1     0     0  2.11000E+01  0.00000E+00  0.00000E+00  0.00000E+00  0.00000E+00  0.00000E+00
 ***** DATA CARD NO.  8   XQ   0     0     0     0  0.00000E+00  0.00000E+00  0.00000E+00  0.00000E+00  0.00000E+00  0.00000E+00




                                 - - - - - - FREQUENCY - - - - - -

                                    FREQUENCY= 2.1100E+01 MHZ
                                    WAVELENGTH= 1.4209E+01 METERS




                    APPROXIMATE INTEGRATION EMPLOYED FOR SEGMENTS MORE THAN   1.000 WAVELENGTHS APART

                    THE EXTENDED THIN WIRE KERNEL WILL BE USED



                               - - - STRUCTURE IMPEDANCE LOADING - - -


       LOCATION          RESISTANCE   INDUCTANCE  CAPACITANCE       IMPEDANCE (OHMS)     CONDUCTIVITY    TYPE
    ITAG FROM THRU          OHMS        HENRYS       FARADS        REAL      IMAGINARY    MHOS/METER

     ALL                                                                                 3.0769E+07     WIRE  

       2    1    1      1.0281E+05   3.3001E-06   1.7405E-11                                          PARALLEL

       3    1    1      1.0281E+05   3.3001E-06   1.7405E-11                                          PARALLEL

          NOTE, SOME OF THE ABOVE SEGMENTS HAVE BEEN LOADED TWICE - IMPEDANCES ADDED



                                  - - - ANTENNA ENVIRONMENT - - -

                                            FREE SPACE



                                - - - MATRIX TIMING - - -

                        FILL=    0.000 SEC.,  FACTOR=    0.016 SEC.



                                          - - - ANTENNA INPUT PARAMETERS - - -

   TAG   SEG.    VOLTAGE (VOLTS)         CURRENT (AMPS)         IMPEDANCE (OHMS)        ADMITTANCE (MHOS)      POWER
   NO.   NO.    REAL        IMAG.       REAL        IMAG.       REAL        IMAG.       REAL        IMAG.     (WATTS)
     1    21 1.00000E+00 0.00000E+00 1.37472E-02 1.55136E-03 7.18272E+01-8.10563E+00 1.37472E-02 1.55136E-03 6.87362E-03



                             - - - CURRENTS AND LOCATION - - -

                                 DISTANCES IN WAVELENGTHS


  SEG.  TAG    COORD. OF SEG. CENTER     SEG.            - - - CURRENT (AMPS) - - -
  NO.   NO.     X        Y        Z      LENGTH     REAL        IMAG.       MAG.        PHASE
     1    1   0.0000  -0.2260   0.0000  0.01130   1.2899E-03 -4.6361E-05  1.2907E-03   -2.058
     2    1   0.0000  -0.2147   0.0000  0.01130   2.4922E-03 -4.6373E-05  2.4927E-03   -1.066
     3    1   0.0000  -0.2034   0.0000  0.01130   3.5774E-03 -3.6755E-05  3.5776E-03   -0.589
     4    1   0.0000  -0.1921   0.0000  0.01130   4.6009E-03 -1.8706E-05  4.6009E-03   -0.233
     5    1   0.0000  -0.1808   0.0000  0.01130   5.5737E-03  7.4776E-06  5.5737E-03    0.077
     6    1   0.0000  -0.1695   0.0000  0.01130   6.4993E-03  4.1637E-05  6.4994E-03    0.367
     7    1   0.0000  -0.1582   0.0000  0.01130   7.3781E-03  8.3664E-05  7.3786E-03    0.650
     8    1   0.0000  -0.1469   0.0000  0.01130   8.2092E-03  1.3347E-04  8.2102E-03    0.931
     9    1   0.0000  -0.1356   0.0000  0.01130   8.9906E-03  1.9096E-04  8.9926E-03    1.217
    10    1   0.0000  -0.1243   0.0000  0.01130   9.7204E-03  2.5606E-04  9.7237E-03    1.509
    11    1   0.0000  -0.1130   0.0000  0.01130   1.0396E-02  3.2870E-04  1.0401E-02    1.811
    12    1   0.0000  -0.1017   0.0000  0.01130   1.1016E-02  4.0882E-04  1.1023E-02    2.125
    13    1   0.0000  -0.0904   0.0000  0.01130   1.1576E-02  4.9640E-04  1.1587E-02    2.455
    14    1   0.0000  -0.0791   0.0000  0.01130   1.2077E-02  5.9148E-04  1.2091E-02    2.804
    15    1   0.0000  -0.0678   0.0000  0.01130   1.2514E-02  6.9423E-04  1.2534E-02    3.175
    16    1   0.0000  -0.0565   0.0000  0.01130   1.2888E-02  8.0502E-04  1.2913E-02    3.574
    17    1   0.0000  -0.0452   0.0000  0.01130   1.3196E-02  9.2462E-04  1.3228E-02    4.008
    18    1   0.0000  -0.0339   0.0000  0.01130   1.3436E-02  1.0546E-03  1.3477E-02    4.488
    19    1   0.0000  -0.0226   0.0000  0.01130   1.3609E-02  1.1985E-03  1.3661E-02    5.033
    20    1   0.0000  -0.0113   0.0000  0.01130   1.3713E-02  1.3713E-03  1.3781E-02    5.711
    21    1   0.0000   0.0000   0.0000  0.01130   1.3747E-02  1.5514E-03  1.3834E-02    6.439
    22    1   0.0000   0.0113   0.0000  0.01130   1.3713E-02  1.3713E-03  1.3781E-02    5.711
    23    1   0.0000   0.0226   0.0000  0.01130   1.3609E-02  1.1985E-03  1.3661E-02    5.033
    24    1   0.0000   0.0339   0.0000  0.01130   1.3436E-02  1.0546E-03  1.3477E-02    4.488
    25    1   0.0000   0.0452   0.0000  0.01130   1.3196E-02  9.2462E-04  1.3228E-02    4.008
    26    1   0.0000   0.0565   0.0000  0.01130   1.2888E-02  8.0502E-04  1.2913E-02    3.574
    27    1   0.0000   0.0678   0.0000  0.01130   1.2514E-02  6.9423E-04  1.2534E-02    3.175
    28    1   0.0000   0.0791   0.0000  0.01130   1.2077E-02  5.9148E-04  1.2091E-02    2.804
    29    1   0.0000   0.0904   0.0000  0.01130   1.1576E-02  4.9640E-04  1.1587E-02    2.455
    30    1   0.0000   0.1017   0.0000  0.01130   1.1016E-02  4.0882E-04  1.1023E-02    2.125
    31    1   0.0000   0.1130   0.0000  0.01130   1.0396E-02  3.2870E-04  1.0401E-02    1.811
    32    1   0.0000   0.1243   0.0000  0.01130   9.7204E-03  2.5606E-04  9.7237E-03    1.509
    33    1   0.0000   0.1356   0.0000  0.01130   8.9906E-03  1.9096E-04  8.9926E-03    1.217
    34    1   0.0000   0.1469   0.0000  0.01130   8.2092E-03  1.3347E-04  8.2102E-03    0.931
    35    1   0.0000   0.1582   0.0000  0.01130   7.3781E-03  8.3664E-05  7.3786E-03    0.650
    36    1   0.0000   0.1695   0.0000  0.01130   6.4993E-03  4.1637E-05  6.4994E-03    0.367
    37    1   0.0000   0.1808   0.0000  0.01130   5.5737E-03  7.4776E-06  5.5737E-03    0.077
    38    1   0.0000   0.1921   0.0000  0.01130   4.6009E-03 -1.8706E-05  4.6009E-03   -0.233
    39    1   0.0000   0.2034   0.0000  0.01130   3.5774E-03 -3.6755E-05  3.5776E-03   -0.589
    40    1   0.0000   0.2147   0.0000  0.01130   2.4922E-03 -4.6373E-05  2.4927E-03   -1.066
    41    1   0.0000   0.2260   0.0000  0.01130   1.2899E-03 -4.6361E-05  1.2907E-03   -2.058
    42    2   0.0000  -0.2370   0.0000  0.01073   8.1909E-05 -3.8582E-05  9.0541E-05  -25.222
    43    3   0.0000   0.2370   0.0000  0.01073   8.1909E-05 -3.8582E-05  9.0541E-05  -25.222
    44    4   0.0000  -0.2901   0.0000  0.00635   6.8123E-05 -1.4697E-05  6.9691E-05  -12.175
    45    4   0.0000  -0.2837   0.0000  0.00635   1.4591E-04 -3.0530E-05  1.4907E-04  -11.818
    46    4   0.0000  -0.2774   0.0000  0.00635   2.0369E-04 -4.1389E-05  2.0785E-04  -11.486
    47    4   0.0000  -0.2710   0.0000  0.00635   2.4708E-04 -4.8977E-05  2.5189E-04  -11.212
    48    4   0.0000  -0.2646   0.0000  0.00635   2.7447E-04 -5.3556E-05  2.7965E-04  -11.041
    49    4   0.0000  -0.2583   0.0000  0.00635   2.8162E-04 -5.5191E-05  2.8697E-04  -11.088
    50    4   0.0000  -0.2519   0.0000  0.00635   2.5974E-04 -5.3787E-05  2.6525E-04  -11.699
    51    4   0.0000  -0.2456   0.0000  0.00635   1.7608E-04 -4.8727E-05  1.8270E-04  -15.469
    52    5   0.0000   0.2456   0.0000  0.00635   1.7608E-04 -4.8727E-05  1.8270E-04  -15.469
    53    5   0.0000   0.2519   0.0000  0.00635   2.5974E-04 -5.3787E-05  2.6525E-04  -11.699
    54    5   0.0000   0.2583   0.0000  0.00635   2.8162E-04 -5.5191E-05  2.8697E-04  -11.088
    55    5   0.0000   0.2646   0.0000  0.00635   2.7447E-04 -5.3556E-05  2.7965E-04  -11.041
    56    5   0.0000   0.2710   0.0000  0.00635   2.4708E-04 -4.8977E-05  2.5189E-04  -11.212
    57    5   0.0000   0.2774   0.0000  0.00635   2.0369E-04 -4.1389E-05  2.0785E-04  -11.486
    58    5   0.0000   0.2837   0.0000  0.00635   1.4591E-04 -3.0530E-05  1.4907E-04  -11.818
    59    5   0.0000   0.2901   0.0000  0.00635   6.8123E-05 -1.4697E-05  6.9691E-05  -12.175



                                        - - - POWER BUDGET - - -

                                           INPUT POWER   = 6.8736E-03 WATTS
                                           RADIATED POWER= 6.7267E-03 WATTS
                                           STRUCTURE LOSS= 1.4691E-04 WATTS
                                           NETWORK LOSS  = 0.0000E+00 WATTS
                                           EFFICIENCY    =  97.86 PERCENT






 ***** DATA CARD NO.  9   EN   0     0     0     0  0.00000E+00  0.00000E+00  0.00000E+00  0.00000E+00  0.00000E+00  0.00000E+00

 RUN TIME =     0.016
