1



                                 *********************************************

                                    NUMERICAL ELECTROMAGNETICS CODE (NEC-2D)

                                 *********************************************




                                     - - - - COMMENTS - - - -


                          N6BV - 40QUAD.ANT, two WA2WVL-style loops                                  
                                                                                                     




                                 - - - STRUCTURE SPECIFICATION - - -

                                     COORDINATES MUST BE INPUT IN
                                     METERS OR BE SCALED TO METERS
                                     BEFORE STRUCTURE INPUT IS ENDED


  WIRE                                                                               NO. OF    FIRST  LAST     TAG
  NO.        X1         Y1         Z1          X2         Y2         Z2      RADIUS   SEG.     SEG.   SEG.     NO.
     1    2.66700    0.00000   30.48000     2.66700    6.57355   23.90645    0.00065      5        1     5       1
     2    2.66700    6.57355   23.90645     2.66700    1.52400   17.33291    0.00065      5        6    10       2
     3    2.66700    1.52400   17.33291     0.15240    0.07620   20.57400    0.00065     10       11    20       3
     4    2.66700    0.00000   30.48000     2.66700   -6.57355   23.90645    0.00065      5       21    25       4
     5    2.66700   -6.57355   23.90645     2.66700   -1.52400   17.33291    0.00065      5       26    30       5
     6    2.66700   -1.52400   17.33291     0.15240   -0.07620   20.57400    0.00065     10       31    40       6
     7    0.15240   -0.07620   20.57400     0.15240    0.07620   20.57400    0.00065      1       41    41       7
     8   -2.66700    0.00000   30.48000    -2.66700    6.57355   23.90645    0.00065      5       42    46       8
     9   -2.66700    6.57355   23.90645    -2.66700    1.52400   17.33291    0.00065      5       47    51       9
    10   -2.66700    1.52400   17.33291    -0.15240    0.07620   20.57400    0.00065     10       52    61      10
    11   -2.66700    0.00000   30.48000    -2.66700   -6.57355   23.90645    0.00065      5       62    66      11
    12   -2.66700   -6.57355   23.90645    -2.66700   -1.52400   17.33291    0.00065      5       67    71      12
    13   -2.66700   -1.52400   17.33291    -0.15240   -0.07620   20.57400    0.00065     10       72    81      13
    14   -0.15240   -0.07620   20.57400    -0.15240    0.07620   20.57400    0.00065      1       82    82      14

   GROUND PLANE SPECIFIED.

   WHERE WIRE ENDS TOUCH GROUND, CURRENT WILL BE INTERPOLATED TO IMAGE IN GROUND PLANE.


   TOTAL SEGMENTS USED=   82     NO. SEG. IN A SYMMETRIC CELL=   82     SYMMETRY FLAG=  0


         - MULTIPLE WIRE JUNCTIONS -
 JUNCTION    SEGMENTS  (- FOR END 1, + FOR END 2)
  NONE




                                 - - - - SEGMENTATION DATA - - - -

                                        COORDINATES IN METERS

                         I+ AND I- INDICATE THE SEGMENTS BEFORE AND AFTER I


  SEG.   COORDINATES OF SEG. CENTER     SEG.     ORIENTATION ANGLES    WIRE    CONNECTION DATA   TAG
  NO.       X         Y         Z       LENGTH     ALPHA     BETA      RADIUS    I-   I    I+    NO.
     1   2.66700   0.65735  29.82265   1.85928  -45.00000  90.00000   0.00065   -21    1    2      1
     2   2.66700   1.97206  28.50794   1.85928  -45.00000  90.00000   0.00065     1    2    3      1
     3   2.66700   3.28677  27.19323   1.85928  -45.00000  90.00000   0.00065     2    3    4      1
     4   2.66700   4.60148  25.87852   1.85928  -45.00000  90.00000   0.00065     3    4    5      1
     5   2.66700   5.91619  24.56381   1.85928  -45.00000  90.00000   0.00065     4    5    6      1
     6   2.66700   6.06859  23.24910   1.65782  -52.46991 -90.00000   0.00065     5    6    7      2
     7   2.66700   5.05868  21.93439   1.65782  -52.46991 -90.00000   0.00065     6    7    8      2
     8   2.66700   4.04877  20.61968   1.65782  -52.46991 -90.00000   0.00065     7    8    9      2
     9   2.66700   3.03886  19.30497   1.65782  -52.46991 -90.00000   0.00065     8    9   10      2
    10   2.66700   2.02895  17.99026   1.65782  -52.46991 -90.00000   0.00065     9   10   11      2
    11   2.54127   1.45161  17.49496   0.43502   48.16332-150.06849   0.00065    10   11   12      3
    12   2.28981   1.30683  17.81907   0.43502   48.16332-150.06849   0.00065    11   12   13      3
    13   2.03835   1.16205  18.14318   0.43502   48.16332-150.06849   0.00065    12   13   14      3
    14   1.78689   1.01727  18.46729   0.43502   48.16332-150.06849   0.00065    13   14   15      3
    15   1.53543   0.87249  18.79140   0.43502   48.16332-150.06849   0.00065    14   15   16      3
    16   1.28397   0.72771  19.11551   0.43502   48.16332-150.06849   0.00065    15   16   17      3
    17   1.03251   0.58293  19.43962   0.43502   48.16332-150.06849   0.00065    16   17   18      3
    18   0.78105   0.43815  19.76373   0.43502   48.16332-150.06849   0.00065    17   18   19      3
    19   0.52959   0.29337  20.08784   0.43502   48.16332-150.06849   0.00065    18   19   20      3
    20   0.27813   0.14859  20.41195   0.43502   48.16332-150.06849   0.00065    19   20  -41      3
    21   2.66700  -0.65735  29.82265   1.85928  -45.00000 -90.00000   0.00065    -1   21   22      4
    22   2.66700  -1.97206  28.50794   1.85928  -45.00000 -90.00000   0.00065    21   22   23      4
    23   2.66700  -3.28677  27.19323   1.85928  -45.00000 -90.00000   0.00065    22   23   24      4
    24   2.66700  -4.60148  25.87852   1.85928  -45.00000 -90.00000   0.00065    23   24   25      4
    25   2.66700  -5.91619  24.56381   1.85928  -45.00000 -90.00000   0.00065    24   25   26      4
    26   2.66700  -6.06859  23.24910   1.65782  -52.46991  90.00000   0.00065    25   26   27      5
    27   2.66700  -5.05868  21.93439   1.65782  -52.46991  90.00000   0.00065    26   27   28      5
    28   2.66700  -4.04877  20.61968   1.65782  -52.46991  90.00000   0.00065    27   28   29      5
    29   2.66700  -3.03886  19.30497   1.65782  -52.46991  90.00000   0.00065    28   29   30      5
    30   2.66700  -2.02895  17.99026   1.65782  -52.46991  90.00000   0.00065    29   30   31      5
    31   2.54127  -1.45161  17.49496   0.43502   48.16332 150.06849   0.00065    30   31   32      6
    32   2.28981  -1.30683  17.81907   0.43502   48.16332 150.06849   0.00065    31   32   33      6
    33   2.03835  -1.16205  18.14318   0.43502   48.16332 150.06849   0.00065    32   33   34      6
    34   1.78689  -1.01727  18.46729   0.43502   48.16332 150.06849   0.00065    33   34   35      6
    35   1.53543  -0.87249  18.79140   0.43502   48.16332 150.06849   0.00065    34   35   36      6
    36   1.28397  -0.72771  19.11551   0.43502   48.16332 150.06849   0.00065    35   36   37      6
    37   1.03251  -0.58293  19.43962   0.43502   48.16332 150.06849   0.00065    36   37   38      6
    38   0.78105  -0.43815  19.76373   0.43502   48.16332 150.06849   0.00065    37   38   39      6
    39   0.52959  -0.29337  20.08784   0.43502   48.16332 150.06849   0.00065    38   39   40      6
    40   0.27813  -0.14859  20.41195   0.43502   48.16332 150.06849   0.00065    39   40   41      6
    41   0.15240   0.00000  20.57400   0.15240    0.00000  90.00000   0.00065    40   41  -20      7
    42  -2.66700   0.65735  29.82265   1.85928  -45.00000  90.00000   0.00065   -62   42   43      8
    43  -2.66700   1.97206  28.50794   1.85928  -45.00000  90.00000   0.00065    42   43   44      8
    44  -2.66700   3.28677  27.19323   1.85928  -45.00000  90.00000   0.00065    43   44   45      8
    45  -2.66700   4.60148  25.87852   1.85928  -45.00000  90.00000   0.00065    44   45   46      8
    46  -2.66700   5.91619  24.56381   1.85928  -45.00000  90.00000   0.00065    45   46   47      8
    47  -2.66700   6.06859  23.24910   1.65782  -52.46991 -90.00000   0.00065    46   47   48      9
    48  -2.66700   5.05868  21.93439   1.65782  -52.46991 -90.00000   0.00065    47   48   49      9
    49  -2.66700   4.04877  20.61968   1.65782  -52.46991 -90.00000   0.00065    48   49   50      9
    50  -2.66700   3.03886  19.30497   1.65782  -52.46991 -90.00000   0.00065    49   50   51      9
    51  -2.66700   2.02895  17.99026   1.65782  -52.46991 -90.00000   0.00065    50   51   52      9
    52  -2.54127   1.45161  17.49496   0.43502   48.16332 -29.93151   0.00065    51   52   53     10
    53  -2.28981   1.30683  17.81907   0.43502   48.16332 -29.93151   0.00065    52   53   54     10
    54  -2.03835   1.16205  18.14318   0.43502   48.16332 -29.93151   0.00065    53   54   55     10
    55  -1.78689   1.01727  18.46729   0.43502   48.16332 -29.93151   0.00065    54   55   56     10
    56  -1.53543   0.87249  18.79140   0.43502   48.16332 -29.93151   0.00065    55   56   57     10
    57  -1.28397   0.72771  19.11551   0.43502   48.16332 -29.93151   0.00065    56   57   58     10
    58  -1.03251   0.58293  19.43962   0.43502   48.16332 -29.93151   0.00065    57   58   59     10
    59  -0.78105   0.43815  19.76373   0.43502   48.16332 -29.93151   0.00065    58   59   60     10
    60  -0.52959   0.29337  20.08784   0.43502   48.16332 -29.93151   0.00065    59   60   61     10
    61  -0.27813   0.14859  20.41195   0.43502   48.16332 -29.93151   0.00065    60   61  -82     10
    62  -2.66700  -0.65735  29.82265   1.85928  -45.00000 -90.00000   0.00065   -42   62   63     11
    63  -2.66700  -1.97206  28.50794   1.85928  -45.00000 -90.00000   0.00065    62   63   64     11
    64  -2.66700  -3.28677  27.19323   1.85928  -45.00000 -90.00000   0.00065    63   64   65     11
    65  -2.66700  -4.60148  25.87852   1.85928  -45.00000 -90.00000   0.00065    64   65   66     11
    66  -2.66700  -5.91619  24.56381   1.85928  -45.00000 -90.00000   0.00065    65   66   67     11
    67  -2.66700  -6.06859  23.24910   1.65782  -52.46991  90.00000   0.00065    66   67   68     12
    68  -2.66700  -5.05868  21.93439   1.65782  -52.46991  90.00000   0.00065    67   68   69     12
    69  -2.66700  -4.04877  20.61968   1.65782  -52.46991  90.00000   0.00065    68   69   70     12
    70  -2.66700  -3.03886  19.30497   1.65782  -52.46991  90.00000   0.00065    69   70   71     12
    71  -2.66700  -2.02895  17.99026   1.65782  -52.46991  90.00000   0.00065    70   71   72     12
    72  -2.54127  -1.45161  17.49496   0.43502   48.16332  29.93151   0.00065    71   72   73     13
    73  -2.28981  -1.30683  17.81907   0.43502   48.16332  29.93151   0.00065    72   73   74     13
    74  -2.03835  -1.16205  18.14318   0.43502   48.16332  29.93151   0.00065    73   74   75     13
    75  -1.78689  -1.01727  18.46729   0.43502   48.16332  29.93151   0.00065    74   75   76     13
    76  -1.53543  -0.87249  18.79140   0.43502   48.16332  29.93151   0.00065    75   76   77     13
    77  -1.28397  -0.72771  19.11551   0.43502   48.16332  29.93151   0.00065    76   77   78     13
    78  -1.03251  -0.58293  19.43962   0.43502   48.16332  29.93151   0.00065    77   78   79     13
    79  -0.78105  -0.43815  19.76373   0.43502   48.16332  29.93151   0.00065    78   79   80     13
    80  -0.52959  -0.29337  20.08784   0.43502   48.16332  29.93151   0.00065    79   80   81     13
    81  -0.27813  -0.14859  20.41195   0.43502   48.16332  29.93151   0.00065    80   81   82     13
    82  -0.15240   0.00000  20.57400   0.15240    0.00000  90.00000   0.00065    81   82  -61     14






 ***** DATA CARD NO.  1   EX   0     7     1     0  1.00000E+00  0.00000E+00  0.00000E+00  0.00000E+00  0.00000E+00  0.00000E+00
 ***** DATA CARD NO.  2   LD   0    14     1     1  0.00000E+00  2.00000E-06  0.00000E+00  0.00000E+00  0.00000E+00  0.00000E+00
 ***** DATA CARD NO.  3   GN   0     0     0     0  1.30000E+01  5.00000E-03  0.00000E+00  0.00000E+00  0.00000E+00  0.00000E+00
 ***** DATA CARD NO.  4   FR   0     1     0     0  7.10000E+00  0.00000E+00  0.00000E+00  0.00000E+00  0.00000E+00  0.00000E+00
 ***** DATA CARD NO.  5   XQ   0     0     0     0  0.00000E+00  0.00000E+00  0.00000E+00  0.00000E+00  0.00000E+00  0.00000E+00




                                 - - - - - - FREQUENCY - - - - - -

                                    FREQUENCY= 7.1000E+00 MHZ
                                    WAVELENGTH= 4.2225E+01 METERS




                    APPROXIMATE INTEGRATION EMPLOYED FOR SEGMENTS MORE THAN   1.000 WAVELENGTHS APART



                               - - - STRUCTURE IMPEDANCE LOADING - - -


       LOCATION          RESISTANCE   INDUCTANCE  CAPACITANCE       IMPEDANCE (OHMS)     CONDUCTIVITY    TYPE
    ITAG FROM THRU          OHMS        HENRYS       FARADS        REAL      IMAGINARY    MHOS/METER

      14    1    1                   2.0000E-06                                                        SERIES 



                                  - - - ANTENNA ENVIRONMENT - - -

                                        FINITE GROUND.  REFLECTION COEFFICIENT APPROXIMATION
                                        RELATIVE DIELECTRIC CONST.= 13.000
                                        CONDUCTIVITY= 5.000E-03 MHOS/METER
                                        COMPLEX DIELECTRIC CONSTANT= 1.30000E+01-1.26592E+01



                                - - - MATRIX TIMING - - -

                        FILL=    0.016 SEC.,  FACTOR=    0.000 SEC.



                                          - - - ANTENNA INPUT PARAMETERS - - -

   TAG   SEG.    VOLTAGE (VOLTS)         CURRENT (AMPS)         IMPEDANCE (OHMS)        ADMITTANCE (MHOS)      POWER
   NO.   NO.    REAL        IMAG.       REAL        IMAG.       REAL        IMAG.       REAL        IMAG.     (WATTS)
     7    41 1.00000E+00 0.00000E+00 1.64043E-02-1.26520E-04 6.09561E+01 4.70133E-01 1.64043E-02-1.26520E-04 8.20213E-03



                             - - - CURRENTS AND LOCATION - - -

                                 DISTANCES IN WAVELENGTHS


  SEG.  TAG    COORD. OF SEG. CENTER     SEG.            - - - CURRENT (AMPS) - - -
  NO.   NO.     X        Y        Z      LENGTH     REAL        IMAG.       MAG.        PHASE
     1    1   0.0632   0.0156   0.7063  0.04403   1.5543E-02 -5.8602E-04  1.5554E-02   -2.159
     2    1   0.0632   0.0467   0.6751  0.04403   1.4391E-02 -5.0460E-04  1.4400E-02   -2.008
     3    1   0.0632   0.0778   0.6440  0.04403   1.2159E-02 -3.4226E-04  1.2164E-02   -1.612
     4    1   0.0632   0.1090   0.6129  0.04403   9.0119E-03 -1.1116E-04  9.0126E-03   -0.707
     5    1   0.0632   0.1401   0.5817  0.04403   5.1901E-03  1.6148E-04  5.1926E-03    1.782
     6    2   0.0632   0.1437   0.5506  0.03926   1.2224E-03  4.2055E-04  1.2927E-03   18.985
     7    2   0.0632   0.1198   0.5195  0.03926  -2.6096E-03  6.2849E-04  2.6842E-03  166.459
     8    2   0.0632   0.0959   0.4883  0.03926  -6.2971E-03  7.7024E-04  6.3441E-03  173.026
     9    2   0.0632   0.0720   0.4572  0.03926  -9.6197E-03  8.2395E-04  9.6549E-03  175.104
    10    2   0.0632   0.0481   0.4261  0.03926  -1.2381E-02  7.7676E-04  1.2405E-02  176.410
    11    3   0.0602   0.0344   0.4143  0.01030  -1.3760E-02  6.9346E-04  1.3778E-02  177.115
    12    3   0.0542   0.0309   0.4220  0.01030  -1.4253E-02  6.5051E-04  1.4268E-02  177.387
    13    3   0.0483   0.0275   0.4297  0.01030  -1.4700E-02  6.0460E-04  1.4713E-02  177.645
    14    3   0.0423   0.0241   0.4374  0.01030  -1.5100E-02  5.5577E-04  1.5111E-02  177.892
    15    3   0.0364   0.0207   0.4450  0.01030  -1.5451E-02  5.0396E-04  1.5459E-02  178.132
    16    3   0.0304   0.0172   0.4527  0.01030  -1.5749E-02  4.4895E-04  1.5756E-02  178.367
    17    3   0.0245   0.0138   0.4604  0.01030  -1.5994E-02  3.9031E-04  1.5999E-02  178.602
    18    3   0.0185   0.0104   0.4681  0.01030  -1.6184E-02  3.2728E-04  1.6187E-02  178.841
    19    3   0.0125   0.0069   0.4757  0.01030  -1.6316E-02  2.5849E-04  1.6318E-02  179.092
    20    3   0.0066   0.0035   0.4834  0.01030  -1.6390E-02  1.8042E-04  1.6391E-02  179.369
    21    4   0.0632  -0.0156   0.7063  0.04403  -1.5543E-02  5.8602E-04  1.5554E-02  177.841
    22    4   0.0632  -0.0467   0.6751  0.04403  -1.4391E-02  5.0460E-04  1.4400E-02  177.992
    23    4   0.0632  -0.0778   0.6440  0.04403  -1.2159E-02  3.4226E-04  1.2164E-02  178.388
    24    4   0.0632  -0.1090   0.6129  0.04403  -9.0119E-03  1.1116E-04  9.0126E-03  179.293
    25    4   0.0632  -0.1401   0.5817  0.04403  -5.1901E-03 -1.6148E-04  5.1926E-03 -178.218
    26    5   0.0632  -0.1437   0.5506  0.03926  -1.2224E-03 -4.2055E-04  1.2927E-03 -161.015
    27    5   0.0632  -0.1198   0.5195  0.03926   2.6096E-03 -6.2849E-04  2.6842E-03  -13.541
    28    5   0.0632  -0.0959   0.4883  0.03926   6.2971E-03 -7.7024E-04  6.3441E-03   -6.974
    29    5   0.0632  -0.0720   0.4572  0.03926   9.6197E-03 -8.2395E-04  9.6549E-03   -4.896
    30    5   0.0632  -0.0481   0.4261  0.03926   1.2381E-02 -7.7676E-04  1.2405E-02   -3.590
    31    6   0.0602  -0.0344   0.4143  0.01030   1.3760E-02 -6.9346E-04  1.3778E-02   -2.885
    32    6   0.0542  -0.0309   0.4220  0.01030   1.4253E-02 -6.5051E-04  1.4268E-02   -2.613
    33    6   0.0483  -0.0275   0.4297  0.01030   1.4700E-02 -6.0460E-04  1.4713E-02   -2.355
    34    6   0.0423  -0.0241   0.4374  0.01030   1.5100E-02 -5.5577E-04  1.5111E-02   -2.108
    35    6   0.0364  -0.0207   0.4450  0.01030   1.5451E-02 -5.0396E-04  1.5459E-02   -1.868
    36    6   0.0304  -0.0172   0.4527  0.01030   1.5749E-02 -4.4895E-04  1.5756E-02   -1.633
    37    6   0.0245  -0.0138   0.4604  0.01030   1.5994E-02 -3.9031E-04  1.5999E-02   -1.398
    38    6   0.0185  -0.0104   0.4681  0.01030   1.6184E-02 -3.2728E-04  1.6187E-02   -1.159
    39    6   0.0125  -0.0069   0.4757  0.01030   1.6316E-02 -2.5849E-04  1.6318E-02   -0.908
    40    6   0.0066  -0.0035   0.4834  0.01030   1.6390E-02 -1.8042E-04  1.6391E-02   -0.631
    41    7   0.0036   0.0000   0.4872  0.00361   1.6404E-02 -1.2652E-04  1.6405E-02   -0.442
    42    8  -0.0632   0.0156   0.7063  0.04403  -1.1446E-02  1.2495E-02  1.6945E-02  132.490
    43    8  -0.0632   0.0467   0.6751  0.04403  -1.0644E-02  1.1614E-02  1.5754E-02  132.505
    44    8  -0.0632   0.0778   0.6440  0.04403  -9.0894E-03  9.9120E-03  1.3449E-02  132.521
    45    8  -0.0632   0.1090   0.6129  0.04403  -6.8974E-03  7.5132E-03  1.0199E-02  132.553
    46    8  -0.0632   0.1401   0.5817  0.04403  -4.2475E-03  4.5974E-03  6.2592E-03  132.735
    47    9  -0.0632   0.1437   0.5506  0.03926  -1.5076E-03  1.5533E-03  2.1646E-03  134.145
    48    9  -0.0632   0.1198   0.5195  0.03926   1.2088E-03 -1.4427E-03  1.8822E-03  -50.040
    49    9  -0.0632   0.0959   0.4883  0.03926   3.8931E-03 -4.3955E-03  5.8717E-03  -48.469
    50    9  -0.0632   0.0720   0.4572  0.03926   6.3758E-03 -7.1378E-03  9.5707E-03  -48.228
    51    9  -0.0632   0.0481   0.4261  0.03926   8.5046E-03 -9.5148E-03  1.2762E-02  -48.209
    52   10  -0.0602   0.0344   0.4143  0.01030   9.6080E-03 -1.0766E-02  1.4430E-02  -48.252
    53   10  -0.0542   0.0309   0.4220  0.01030   1.0015E-02 -1.1228E-02  1.5045E-02  -48.267
    54   10  -0.0483   0.0275   0.4297  0.01030   1.0394E-02 -1.1656E-02  1.5617E-02  -48.275
    55   10  -0.0423   0.0241   0.4374  0.01030   1.0743E-02 -1.2049E-02  1.6143E-02  -48.277
    56   10  -0.0364   0.0207   0.4450  0.01030   1.1062E-02 -1.2404E-02  1.6620E-02  -48.274
    57   10  -0.0304   0.0172   0.4527  0.01030   1.1347E-02 -1.2720E-02  1.7046E-02  -48.267
    58   10  -0.0245   0.0138   0.4604  0.01030   1.1597E-02 -1.2997E-02  1.7419E-02  -48.257
    59   10  -0.0185   0.0104   0.4681  0.01030   1.1812E-02 -1.3233E-02  1.7738E-02  -48.246
    60   10  -0.0125   0.0069   0.4757  0.01030   1.1991E-02 -1.3428E-02  1.8002E-02  -48.235
    61   10  -0.0066   0.0035   0.4834  0.01030   1.2135E-02 -1.3584E-02  1.8215E-02  -48.225
    62   11  -0.0632  -0.0156   0.7063  0.04403   1.1446E-02 -1.2495E-02  1.6945E-02  -47.510
    63   11  -0.0632  -0.0467   0.6751  0.04403   1.0644E-02 -1.1614E-02  1.5754E-02  -47.495
    64   11  -0.0632  -0.0778   0.6440  0.04403   9.0894E-03 -9.9120E-03  1.3449E-02  -47.479
    65   11  -0.0632  -0.1090   0.6129  0.04403   6.8974E-03 -7.5132E-03  1.0199E-02  -47.447
    66   11  -0.0632  -0.1401   0.5817  0.04403   4.2475E-03 -4.5974E-03  6.2592E-03  -47.265
    67   12  -0.0632  -0.1437   0.5506  0.03926   1.5076E-03 -1.5533E-03  2.1646E-03  -45.855
    68   12  -0.0632  -0.1198   0.5195  0.03926  -1.2088E-03  1.4427E-03  1.8822E-03  129.960
    69   12  -0.0632  -0.0959   0.4883  0.03926  -3.8931E-03  4.3955E-03  5.8717E-03  131.531
    70   12  -0.0632  -0.0720   0.4572  0.03926  -6.3758E-03  7.1378E-03  9.5707E-03  131.772
    71   12  -0.0632  -0.0481   0.4261  0.03926  -8.5046E-03  9.5148E-03  1.2762E-02  131.791
    72   13  -0.0602  -0.0344   0.4143  0.01030  -9.6080E-03  1.0766E-02  1.4430E-02  131.748
    73   13  -0.0542  -0.0309   0.4220  0.01030  -1.0015E-02  1.1228E-02  1.5045E-02  131.733
    74   13  -0.0483  -0.0275   0.4297  0.01030  -1.0394E-02  1.1656E-02  1.5617E-02  131.725
    75   13  -0.0423  -0.0241   0.4374  0.01030  -1.0743E-02  1.2049E-02  1.6143E-02  131.723
    76   13  -0.0364  -0.0207   0.4450  0.01030  -1.1062E-02  1.2404E-02  1.6620E-02  131.726
    77   13  -0.0304  -0.0172   0.4527  0.01030  -1.1347E-02  1.2720E-02  1.7046E-02  131.733
    78   13  -0.0245  -0.0138   0.4604  0.01030  -1.1597E-02  1.2997E-02  1.7419E-02  131.743
    79   13  -0.0185  -0.0104   0.4681  0.01030  -1.1812E-02  1.3233E-02  1.7738E-02  131.754
    80   13  -0.0125  -0.0069   0.4757  0.01030  -1.1991E-02  1.3428E-02  1.8002E-02  131.765
    81   13  -0.0066  -0.0035   0.4834  0.01030  -1.2135E-02  1.3584E-02  1.8215E-02  131.775
    82   14  -0.0036   0.0000   0.4872  0.00361  -1.2206E-02  1.3662E-02  1.8321E-02  131.779



                                        - - - POWER BUDGET - - -

                                           INPUT POWER   = 8.2021E-03 WATTS
                                           RADIATED POWER= 8.2021E-03 WATTS
                                           STRUCTURE LOSS= 0.0000E+00 WATTS
                                           NETWORK LOSS  = 0.0000E+00 WATTS
                                           EFFICIENCY    = 100.00 PERCENT






 ***** DATA CARD NO.  6   EN   0     0     0     0  0.00000E+00  0.00000E+00  0.00000E+00  0.00000E+00  0.00000E+00  0.00000E+00

 RUN TIME =     0.016
