1
 x13



                                ***********************************************
                                *                                             *
                                *  NUMERICAL ELECTROMAGNETICS CODE (NEC-5)    *
                                *                                             *
                                ***********************************************




                      **********************************************************

                          Dipole in free space                                                         
                                                                                                       
                          EZNEC Pro/2+ v. 7.0.4  2026-08-25 16:07:03                                   
                                                                                                       
                          ! Written by EZNEC/Pro+ v. 7.0 in NEC-5 format.                              
                                                                                                       

                      **********************************************************





                                 - - - STRUCTURE SPECIFICATION - - -

                                     COORDINATES MUST BE INPUT IN
                                     METERS OR BE SCALED TO METERS
                                     BEFORE STRUCTURE INPUT IS ENDED

 Model definition commands:

 GW    1    11  0.00000E+00 -2.50000E-01  0.00000E+00  0.00000E+00  2.50000E-01  0.00000E+00  5.00000E-04
 GE    0   -1

 Number of nodes :    12
 Number of wire elements :    11
 Number of patch elements:     0
 Number unknowns:    10




 ***** INPUT LINE  1  FR   0    1    0    0  3.18000E+02  0.00000E+00  0.00000E+00  0.00000E+00  0.00000E+00  0.00000E+00
 ***** INPUT LINE  2  GN  -1    0    0    0  0.00000E+00  0.00000E+00  0.00000E+00  0.00000E+00  0.00000E+00  0.00000E+00
 ***** INPUT LINE  3  EX   4    1    6    0  1.41421E+00  0.00000E+00  0.00000E+00  0.00000E+00  0.00000E+00  0.00000E+00
 ***** INPUT LINE  4  PQ   0    0    0    0  0.00000E+00  0.00000E+00  0.00000E+00  0.00000E+00  0.00000E+00  0.00000E+00
 ***** INPUT LINE  5  XQ   0    0    0    0  0.00000E+00  0.00000E+00  0.00000E+00  0.00000E+00  0.00000E+00  0.00000E+00




                                 - - - - - - FREQUENCY - - - - - -

                                    FREQUENCY= 3.1800E+02 MHZ
                                    WAVELENGTH= 9.4277E-01 METERS



                                  - - - ANTENNA ENVIRONMENT - - -

                                            FREE SPACE



                               - - - STRUCTURE IMPEDANCE LOADING - - -

                                   THIS STRUCTURE IS NOT LOADED
ALLOCATE CM:            100



                                - - - MATRIX TIMING - - -

                        FILL=    0.000 SEC.,  FACTOR=    0.000 SEC.



                                          - - - ANTENNA INPUT PARAMETERS - - -

   TAG   SEG.    VOLTAGE (VOLTS)         CURRENT (AMPS)         IMPEDANCE (OHMS)        ADMITTANCE (MHOS)      POWER
   NO.   NO.    REAL        IMAG.       REAL        IMAG.       REAL        IMAG.       REAL        IMAG.     (WATTS)
   1     6 1  1.3842E+02  1.3491E+02  1.4142E+00  0.0000E+00  9.7878E+01  9.5394E+01  5.2397E-03 -5.1067E-03  9.7878E+01



                                       - - - Wire Currents - - -

                             Lengths normalized by wavelength (or 2.*pi/CABS(k))

  Elem.  Tag            Coord. of seg. center          Seg.            - - - Current (Amps) - - -
   No.   No.     X            Y            Z           Length       Real         Imag.        Mag.         Phase
      1    1  0.00000E+00 -2.41070E-01  0.00000E+00  4.82140E-02  2.52216E-01 -3.72390E-02  2.54950E-01   -8.3989
      2    1  0.00000E+00 -1.92856E-01  0.00000E+00  4.82140E-02  7.08377E-01 -9.69674E-02  7.14983E-01   -7.7946
      3    1  0.00000E+00 -1.44642E-01  0.00000E+00  4.82140E-02  1.06924E+00 -1.28053E-01  1.07688E+00   -6.8293
      4    1  0.00000E+00 -9.64279E-02  0.00000E+00  4.82140E-02  1.32575E+00 -1.30496E-01  1.33215E+00   -5.6216
      5    1  0.00000E+00 -4.82140E-02  0.00000E+00  4.82140E-02  1.45936E+00 -1.02887E-01  1.46298E+00   -4.0328
      6    1  0.00000E+00  3.68007E-17  0.00000E+00  4.82140E-02  1.45380E+00 -4.07151E-02  1.45437E+00   -1.6042
      7    1  0.00000E+00  4.82140E-02  0.00000E+00  4.82140E-02  1.38892E+00 -3.02246E-02  1.38925E+00   -1.2466
      8    1  0.00000E+00  9.64279E-02  0.00000E+00  4.82140E-02  1.26980E+00 -7.24042E-02  1.27186E+00   -3.2635
      9    1  0.00000E+00  1.44642E-01  0.00000E+00  4.82140E-02  1.02599E+00 -8.28585E-02  1.02933E+00   -4.6172
     10    1  0.00000E+00  1.92856E-01  0.00000E+00  4.82140E-02  6.80334E-01 -6.74806E-02  6.83673E-01   -5.6645
     11    1  0.00000E+00  2.41070E-01  0.00000E+00  4.82140E-02  2.42333E-01 -2.68016E-02  2.43811E-01   -6.3112



                             - - - Wire Charge Densities - - -

                     Lengths normalized by wavelength (or 2.*pi/CABS(k))

  ELEM.  TAG          Coord. of Seg. Center           Seg.        Charge Density (C/m)
   No.   No.     X            Y            Z          Length        Mag.         Phase
      1    1  0.00000E+00 -2.41070E-01  0.00000E+00  4.82140E-02  5.61437E-09   81.6011
      2    1  0.00000E+00 -1.92856E-01  0.00000E+00  4.82140E-02  4.51839E-09   83.7073
      3    1  0.00000E+00 -1.44642E-01  0.00000E+00  4.82140E-02  3.46074E-09   86.8644
      4    1  0.00000E+00 -9.64279E-02  0.00000E+00  4.82140E-02  2.19729E-09   93.5355
      5    1  0.00000E+00 -4.82140E-02  0.00000E+00  4.82140E-02  8.85732E-10  122.2394
      6    1  0.00000E+00  3.68007E-17  0.00000E+00  4.82140E-02  1.25047E-09 -135.8085
      7    1  0.00000E+00  4.82140E-02  0.00000E+00  4.82140E-02  8.67955E-10  -39.9283
      8    1  0.00000E+00  9.64279E-02  0.00000E+00  4.82140E-02  2.08278E-09  -82.7383
      9    1  0.00000E+00  1.44642E-01  0.00000E+00  4.82140E-02  3.30312E-09  -90.5732
     10    1  0.00000E+00  1.92856E-01  0.00000E+00  4.82140E-02  4.31970E-09  -94.0568
     11    1  0.00000E+00  2.41070E-01  0.00000E+00  4.82140E-02  5.36907E-09  -96.3112



                                        - - - POWER BUDGET - - -

                                           INPUT POWER   = 9.7878E+01 WATTS
                                           RADIATED POWER= 9.7878E+01 WATTS
                                           WIRE LOSS     = 0.0000E+00 WATTS
                                           EFFICIENCY    = 100.00 PERCENT




 ***** INPUT LINE  6  EN   0    0    0    0  0.00000E+00  0.00000E+00  0.00000E+00  0.00000E+00  0.00000E+00  0.00000E+00

 RUN TIME =     0.000
