1
 x13



                                ***********************************************
                                *                                             *
                                *  NUMERICAL ELECTROMAGNETICS CODE (NEC-5)    *
                                *                                             *
                                ***********************************************




                      **********************************************************

                          Dipole in free space                                                         
                                                                                                       
                          EZNEC Pro/2+ v. 7.0.4  2026-08-25 16:07:04                                   
                                                                                                       
                          ! Written by EZNEC/Pro+ v. 7.0 in NEC-5 format.                              
                                                                                                       

                      **********************************************************





                                 - - - STRUCTURE SPECIFICATION - - -

                                     COORDINATES MUST BE INPUT IN
                                     METERS OR BE SCALED TO METERS
                                     BEFORE STRUCTURE INPUT IS ENDED

 Model definition commands:

 GW    1    11  0.00000E+00 -2.50000E-01  0.00000E+00  0.00000E+00  2.50000E-01  0.00000E+00  5.00000E-04
 GE    0   -1

 Number of nodes :    12
 Number of wire elements :    11
 Number of patch elements:     0
 Number unknowns:    10




 ***** INPUT LINE  1  FR   0    1    0    0  3.25000E+02  0.00000E+00  0.00000E+00  0.00000E+00  0.00000E+00  0.00000E+00
 ***** INPUT LINE  2  GN  -1    0    0    0  0.00000E+00  0.00000E+00  0.00000E+00  0.00000E+00  0.00000E+00  0.00000E+00
 ***** INPUT LINE  3  EX   4    1    6    0  1.41421E+00  0.00000E+00  0.00000E+00  0.00000E+00  0.00000E+00  0.00000E+00
 ***** INPUT LINE  4  PQ   0    0    0    0  0.00000E+00  0.00000E+00  0.00000E+00  0.00000E+00  0.00000E+00  0.00000E+00
 ***** INPUT LINE  5  XQ   0    0    0    0  0.00000E+00  0.00000E+00  0.00000E+00  0.00000E+00  0.00000E+00  0.00000E+00




                                 - - - - - - FREQUENCY - - - - - -

                                    FREQUENCY= 3.2500E+02 MHZ
                                    WAVELENGTH= 9.2246E-01 METERS



                                  - - - ANTENNA ENVIRONMENT - - -

                                            FREE SPACE



                               - - - STRUCTURE IMPEDANCE LOADING - - -

                                   THIS STRUCTURE IS NOT LOADED
ALLOCATE CM:            100



                                - - - MATRIX TIMING - - -

                        FILL=    0.000 SEC.,  FACTOR=    0.000 SEC.



                                          - - - ANTENNA INPUT PARAMETERS - - -

   TAG   SEG.    VOLTAGE (VOLTS)         CURRENT (AMPS)         IMPEDANCE (OHMS)        ADMITTANCE (MHOS)      POWER
   NO.   NO.    REAL        IMAG.       REAL        IMAG.       REAL        IMAG.       REAL        IMAG.     (WATTS)
   1     6 1  1.4973E+02  1.7107E+02  1.4142E+00  0.0000E+00  1.0588E+02  1.2096E+02  4.0972E-03 -4.6809E-03  1.0588E+02



                                       - - - Wire Currents - - -

                             Lengths normalized by wavelength (or 2.*pi/CABS(k))

  Elem.  Tag            Coord. of seg. center          Seg.            - - - Current (Amps) - - -
   No.   No.     X            Y            Z           Length       Real         Imag.        Mag.         Phase
      1    1  0.00000E+00 -2.46376E-01  0.00000E+00  4.92753E-02  2.61365E-01 -4.13270E-02  2.64612E-01   -8.9852
      2    1  0.00000E+00 -1.97101E-01  0.00000E+00  4.92753E-02  7.33209E-01 -1.07707E-01  7.41078E-01   -8.3568
      3    1  0.00000E+00 -1.47826E-01  0.00000E+00  4.92753E-02  1.10378E+00 -1.42356E-01  1.11292E+00   -7.3489
      4    1  0.00000E+00 -9.85505E-02  0.00000E+00  4.92753E-02  1.36240E+00 -1.45094E-01  1.37010E+00   -6.0790
      5    1  0.00000E+00 -4.92753E-02  0.00000E+00  4.92753E-02  1.48907E+00 -1.14331E-01  1.49346E+00   -4.3905
      6    1  0.00000E+00  3.76107E-17  0.00000E+00  4.92753E-02  1.46572E+00 -4.52136E-02  1.46642E+00   -1.7669
      7    1  0.00000E+00  4.92753E-02  0.00000E+00  4.92753E-02  1.39705E+00 -3.32831E-02  1.39744E+00   -1.3648
      8    1  0.00000E+00  9.85505E-02  0.00000E+00  4.92753E-02  1.28871E+00 -7.97173E-02  1.29118E+00   -3.5397
      9    1  0.00000E+00  1.47826E-01  0.00000E+00  4.92753E-02  1.04651E+00 -9.11764E-02  1.05047E+00   -4.9793
     10    1  0.00000E+00  1.97101E-01  0.00000E+00  4.92753E-02  6.95939E-01 -7.41723E-02  6.99881E-01   -6.0835
     11    1  0.00000E+00  2.46376E-01  0.00000E+00  4.92753E-02  2.48207E-01 -2.94301E-02  2.49945E-01   -6.7621



                             - - - Wire Charge Densities - - -

                     Lengths normalized by wavelength (or 2.*pi/CABS(k))

  ELEM.  TAG          Coord. of Seg. Center           Seg.        Charge Density (C/m)
   No.   No.     X            Y            Z          Length        Mag.         Phase
      1    1  0.00000E+00 -2.46376E-01  0.00000E+00  4.92753E-02  5.70162E-09   81.0148
      2    1  0.00000E+00 -1.97101E-01  0.00000E+00  4.92753E-02  4.56725E-09   83.2122
      3    1  0.00000E+00 -1.47826E-01  0.00000E+00  4.92753E-02  3.45577E-09   86.5695
      4    1  0.00000E+00 -9.85505E-02  0.00000E+00  4.92753E-02  2.12802E-09   93.9825
      5    1  0.00000E+00 -4.92753E-02  0.00000E+00  4.92753E-02  7.95749E-10  130.3351
      6    1  0.00000E+00  3.76107E-17  0.00000E+00  4.92753E-02  1.47674E-09 -131.2781
      7    1  0.00000E+00  4.92753E-02  0.00000E+00  4.92753E-02  8.06943E-10  -27.2859
      8    1  0.00000E+00  9.85505E-02  0.00000E+00  4.92753E-02  1.98464E-09  -81.7911
      9    1  0.00000E+00  1.47826E-01  0.00000E+00  4.92753E-02  3.25475E-09  -90.6418
     10    1  0.00000E+00  1.97101E-01  0.00000E+00  4.92753E-02  4.31186E-09  -94.3884
     11    1  0.00000E+00  2.46376E-01  0.00000E+00  4.92753E-02  5.38560E-09  -96.7621



                                        - - - POWER BUDGET - - -

                                           INPUT POWER   = 1.0588E+02 WATTS
                                           RADIATED POWER= 1.0588E+02 WATTS
                                           WIRE LOSS     = 0.0000E+00 WATTS
                                           EFFICIENCY    = 100.00 PERCENT




 ***** INPUT LINE  6  EN   0    0    0    0  0.00000E+00  0.00000E+00  0.00000E+00  0.00000E+00  0.00000E+00  0.00000E+00

 RUN TIME =     0.000
