1
 x13



                                ***********************************************
                                *                                             *
                                *  NUMERICAL ELECTROMAGNETICS CODE (NEC-5)    *
                                *                                             *
                                ***********************************************




                      **********************************************************

                          Dipole in free space                                                         
                                                                                                       
                          EZNEC Pro/2+ v. 7.0.4  2026-08-25 16:07:07                                   
                                                                                                       
                          ! Written by EZNEC/Pro+ v. 7.0 in NEC-5 format.                              
                                                                                                       

                      **********************************************************





                                 - - - STRUCTURE SPECIFICATION - - -

                                     COORDINATES MUST BE INPUT IN
                                     METERS OR BE SCALED TO METERS
                                     BEFORE STRUCTURE INPUT IS ENDED

 Model definition commands:

 GW    1    11  0.00000E+00 -2.50000E-01  0.00000E+00  0.00000E+00  2.50000E-01  0.00000E+00  5.00000E-04
 GE    0   -1

 Number of nodes :    12
 Number of wire elements :    11
 Number of patch elements:     0
 Number unknowns:    10




 ***** INPUT LINE  1  FR   0    1    0    0  3.33000E+02  0.00000E+00  0.00000E+00  0.00000E+00  0.00000E+00  0.00000E+00
 ***** INPUT LINE  2  GN  -1    0    0    0  0.00000E+00  0.00000E+00  0.00000E+00  0.00000E+00  0.00000E+00  0.00000E+00
 ***** INPUT LINE  3  EX   4    1    6    0  1.41421E+00  0.00000E+00  0.00000E+00  0.00000E+00  0.00000E+00  0.00000E+00
 ***** INPUT LINE  4  PQ   0    0    0    0  0.00000E+00  0.00000E+00  0.00000E+00  0.00000E+00  0.00000E+00  0.00000E+00
 ***** INPUT LINE  5  XQ   0    0    0    0  0.00000E+00  0.00000E+00  0.00000E+00  0.00000E+00  0.00000E+00  0.00000E+00




                                 - - - - - - FREQUENCY - - - - - -

                                    FREQUENCY= 3.3300E+02 MHZ
                                    WAVELENGTH= 9.0030E-01 METERS



                                  - - - ANTENNA ENVIRONMENT - - -

                                            FREE SPACE



                               - - - STRUCTURE IMPEDANCE LOADING - - -

                                   THIS STRUCTURE IS NOT LOADED
ALLOCATE CM:            100



                                - - - MATRIX TIMING - - -

                        FILL=    0.000 SEC.,  FACTOR=    0.000 SEC.



                                          - - - ANTENNA INPUT PARAMETERS - - -

   TAG   SEG.    VOLTAGE (VOLTS)         CURRENT (AMPS)         IMPEDANCE (OHMS)        ADMITTANCE (MHOS)      POWER
   NO.   NO.    REAL        IMAG.       REAL        IMAG.       REAL        IMAG.       REAL        IMAG.     (WATTS)
   1     6 1  1.6392E+02  2.1295E+02  1.4142E+00  0.0000E+00  1.1591E+02  1.5058E+02  3.2100E-03 -4.1702E-03  1.1591E+02



                                       - - - Wire Currents - - -

                             Lengths normalized by wavelength (or 2.*pi/CABS(k))

  Elem.  Tag            Coord. of seg. center          Seg.            - - - Current (Amps) - - -
   No.   No.     X            Y            Z           Length       Real         Imag.        Mag.         Phase
      1    1  0.00000E+00 -2.52441E-01  0.00000E+00  5.04882E-02  2.72580E-01 -4.65805E-02  2.76532E-01   -9.6974
      2    1  0.00000E+00 -2.01953E-01  0.00000E+00  5.04882E-02  7.63643E-01 -1.21520E-01  7.73252E-01   -9.0418
      3    1  0.00000E+00 -1.51465E-01  0.00000E+00  5.04882E-02  1.14608E+00 -1.60767E-01  1.15730E+00   -7.9851
      4    1  0.00000E+00 -1.00976E-01  0.00000E+00  5.04882E-02  1.40720E+00 -1.63881E-01  1.41671E+00   -6.6427
      5    1  0.00000E+00 -5.04882E-02  0.00000E+00  5.04882E-02  1.52530E+00 -1.29045E-01  1.53075E+00   -4.8359
      6    1  0.00000E+00  3.85366E-17  0.00000E+00  5.04882E-02  1.48023E+00 -5.09914E-02  1.48111E+00   -1.9730
      7    1  0.00000E+00  5.04882E-02  0.00000E+00  5.04882E-02  1.40680E+00 -3.71527E-02  1.40729E+00   -1.5128
      8    1  0.00000E+00  1.00976E-01  0.00000E+00  5.04882E-02  1.31142E+00 -8.89670E-02  1.31444E+00   -3.8810
      9    1  0.00000E+00  1.51465E-01  0.00000E+00  5.04882E-02  1.07116E+00 -1.01688E-01  1.07598E+00   -5.4230
     10    1  0.00000E+00  2.01953E-01  0.00000E+00  5.04882E-02  7.14695E-01 -8.26166E-02  7.19455E-01   -6.5940
     11    1  0.00000E+00  2.52441E-01  0.00000E+00  5.04882E-02  2.55265E-01 -3.27427E-02  2.57356E-01   -7.3094



                             - - - Wire Charge Densities - - -

                     Lengths normalized by wavelength (or 2.*pi/CABS(k))

  ELEM.  TAG          Coord. of Seg. Center           Seg.        Charge Density (C/m)
   No.   No.     X            Y            Z          Length        Mag.         Phase
      1    1  0.00000E+00 -2.52441E-01  0.00000E+00  5.04882E-02  5.81532E-09   80.3026
      2    1  0.00000E+00 -2.01953E-01  0.00000E+00  5.04882E-02  4.63312E-09   82.6044
      3    1  0.00000E+00 -1.51465E-01  0.00000E+00  5.04882E-02  3.45549E-09   86.2006
      4    1  0.00000E+00 -1.00976E-01  0.00000E+00  5.04882E-02  2.04989E-09   94.5743
      5    1  0.00000E+00 -5.04882E-02  0.00000E+00  5.04882E-02  7.19527E-10  142.2737
      6    1  0.00000E+00  3.85366E-17  0.00000E+00  5.04882E-02  1.75415E-09 -127.6839
      7    1  0.00000E+00  5.04882E-02  0.00000E+00  5.04882E-02  7.96721E-10  -11.2908
      8    1  0.00000E+00  1.00976E-01  0.00000E+00  5.04882E-02  1.87521E-09  -80.5363
      9    1  0.00000E+00  1.51465E-01  0.00000E+00  5.04882E-02  3.20308E-09  -90.7300
     10    1  0.00000E+00  2.01953E-01  0.00000E+00  5.04882E-02  4.30859E-09  -94.7964
     11    1  0.00000E+00  2.52441E-01  0.00000E+00  5.04882E-02  5.41207E-09  -97.3094



                                        - - - POWER BUDGET - - -

                                           INPUT POWER   = 1.1591E+02 WATTS
                                           RADIATED POWER= 1.1591E+02 WATTS
                                           WIRE LOSS     = 0.0000E+00 WATTS
                                           EFFICIENCY    = 100.00 PERCENT




 ***** INPUT LINE  6  EN   0    0    0    0  0.00000E+00  0.00000E+00  0.00000E+00  0.00000E+00  0.00000E+00  0.00000E+00

 RUN TIME =     0.000
