1
 x13



                                ***********************************************
                                *                                             *
                                *  NUMERICAL ELECTROMAGNETICS CODE (NEC-5)    *
                                *                                             *
                                ***********************************************




                      **********************************************************

                          Dipole in free space                                                         
                                                                                                       
                          EZNEC Pro/2+ v. 7.0.4  2026-08-25 16:07:02                                   
                                                                                                       
                          ! Written by EZNEC/Pro+ v. 7.0 in NEC-5 format.                              
                                                                                                       

                      **********************************************************





                                 - - - STRUCTURE SPECIFICATION - - -

                                     COORDINATES MUST BE INPUT IN
                                     METERS OR BE SCALED TO METERS
                                     BEFORE STRUCTURE INPUT IS ENDED

 Model definition commands:

 GW    1    11  0.00000E+00 -2.50000E-01  0.00000E+00  0.00000E+00  2.50000E-01  0.00000E+00  5.00000E-04
 GE    0   -1

 Number of nodes :    12
 Number of wire elements :    11
 Number of patch elements:     0
 Number unknowns:    10




 ***** INPUT LINE  1  FR   0    1    0    0  3.12000E+02  0.00000E+00  0.00000E+00  0.00000E+00  0.00000E+00  0.00000E+00
 ***** INPUT LINE  2  GN  -1    0    0    0  0.00000E+00  0.00000E+00  0.00000E+00  0.00000E+00  0.00000E+00  0.00000E+00
 ***** INPUT LINE  3  EX   4    1    6    0  1.41421E+00  0.00000E+00  0.00000E+00  0.00000E+00  0.00000E+00  0.00000E+00
 ***** INPUT LINE  4  PQ   0    0    0    0  0.00000E+00  0.00000E+00  0.00000E+00  0.00000E+00  0.00000E+00  0.00000E+00
 ***** INPUT LINE  5  XQ   0    0    0    0  0.00000E+00  0.00000E+00  0.00000E+00  0.00000E+00  0.00000E+00  0.00000E+00




                                 - - - - - - FREQUENCY - - - - - -

                                    FREQUENCY= 3.1200E+02 MHZ
                                    WAVELENGTH= 9.6090E-01 METERS



                                  - - - ANTENNA ENVIRONMENT - - -

                                            FREE SPACE



                               - - - STRUCTURE IMPEDANCE LOADING - - -

                                   THIS STRUCTURE IS NOT LOADED
ALLOCATE CM:            100



                                - - - MATRIX TIMING - - -

                        FILL=    0.000 SEC.,  FACTOR=    0.000 SEC.



                                          - - - ANTENNA INPUT PARAMETERS - - -

   TAG   SEG.    VOLTAGE (VOLTS)         CURRENT (AMPS)         IMPEDANCE (OHMS)        ADMITTANCE (MHOS)      POWER
   NO.   NO.    REAL        IMAG.       REAL        IMAG.       REAL        IMAG.       REAL        IMAG.     (WATTS)
   1     6 1  1.2946E+02  1.0420E+02  1.4142E+00  0.0000E+00  9.1541E+01  7.3684E+01  6.6291E-03 -5.3359E-03  9.1541E+01



                                       - - - Wire Currents - - -

                             Lengths normalized by wavelength (or 2.*pi/CABS(k))

  Elem.  Tag            Coord. of seg. center          Seg.            - - - Current (Amps) - - -
   No.   No.     X            Y            Z           Length       Real         Imag.        Mag.         Phase
      1    1  0.00000E+00 -2.36521E-01  0.00000E+00  4.73043E-02  2.44831E-01 -3.40678E-02  2.47190E-01   -7.9218
      2    1  0.00000E+00 -1.89217E-01  0.00000E+00  4.73043E-02  6.88326E-01 -8.86434E-02  6.94011E-01   -7.3382
      3    1  0.00000E+00 -1.41913E-01  0.00000E+00  4.73043E-02  1.04133E+00 -1.16974E-01  1.04788E+00   -6.4093
      4    1  0.00000E+00 -9.46085E-02  0.00000E+00  4.73043E-02  1.29609E+00 -1.19188E-01  1.30155E+00   -5.2541
      5    1  0.00000E+00 -4.73043E-02  0.00000E+00  4.73043E-02  1.43526E+00 -9.40138E-02  1.43833E+00   -3.7477
      6    1  0.00000E+00  3.61063E-17  0.00000E+00  4.73043E-02  1.44411E+00 -3.72242E-02  1.44459E+00   -1.4766
      7    1  0.00000E+00  4.73043E-02  0.00000E+00  4.73043E-02  1.38224E+00 -2.78220E-02  1.38252E+00   -1.1531
      8    1  0.00000E+00  9.46085E-02  0.00000E+00  4.73043E-02  1.25426E+00 -6.66578E-02  1.25603E+00   -3.0421
      9    1  0.00000E+00  1.41913E-01  0.00000E+00  4.73043E-02  1.00915E+00 -7.63181E-02  1.01203E+00   -4.3248
     10    1  0.00000E+00  1.89217E-01  0.00000E+00  4.73043E-02  6.67530E-01 -6.22122E-02  6.70423E-01   -5.3244
     11    1  0.00000E+00  2.36521E-01  0.00000E+00  4.73043E-02  2.37514E-01 -2.47298E-02  2.38798E-01   -5.9442



                             - - - Wire Charge Densities - - -

                     Lengths normalized by wavelength (or 2.*pi/CABS(k))

  ELEM.  TAG          Coord. of Seg. Center           Seg.        Charge Density (C/m)
   No.   No.     X            Y            Z          Length        Mag.         Phase
      1    1  0.00000E+00 -2.36521E-01  0.00000E+00  4.73043E-02  5.54815E-09   82.0782
      2    1  0.00000E+00 -1.89217E-01  0.00000E+00  4.73043E-02  4.48272E-09   84.1064
      3    1  0.00000E+00 -1.41913E-01  0.00000E+00  4.73043E-02  3.46849E-09   87.0982
      4    1  0.00000E+00 -9.46085E-02  0.00000E+00  4.73043E-02  2.25752E-09   93.1969
      5    1  0.00000E+00 -4.73043E-02  0.00000E+00  4.73043E-02  9.74255E-10  116.7916
      6    1  0.00000E+00  3.61063E-17  0.00000E+00  4.73043E-02  1.07157E-09 -141.2323
      7    1  0.00000E+00  4.73043E-02  0.00000E+00  4.73043E-02  9.51387E-10  -48.9763
      8    1  0.00000E+00  9.46085E-02  0.00000E+00  4.73043E-02  2.16873E-09  -83.4549
      9    1  0.00000E+00  1.41913E-01  0.00000E+00  4.73043E-02  3.34707E-09  -90.5200
     10    1  0.00000E+00  1.89217E-01  0.00000E+00  4.73043E-02  4.33016E-09  -93.7901
     11    1  0.00000E+00  2.36521E-01  0.00000E+00  4.73043E-02  5.35981E-09  -95.9442



                                        - - - POWER BUDGET - - -

                                           INPUT POWER   = 9.1541E+01 WATTS
                                           RADIATED POWER= 9.1541E+01 WATTS
                                           WIRE LOSS     = 0.0000E+00 WATTS
                                           EFFICIENCY    = 100.00 PERCENT




 ***** INPUT LINE  6  EN   0    0    0    0  0.00000E+00  0.00000E+00  0.00000E+00  0.00000E+00  0.00000E+00  0.00000E+00

 RUN TIME =     0.000
