1
 x13



                                ***********************************************
                                *                                             *
                                *  NUMERICAL ELECTROMAGNETICS CODE (NEC-5)    *
                                *                                             *
                                ***********************************************




                      **********************************************************

                          Dipole in free space                                                         
                                                                                                       
                          EZNEC Pro/2+ v. 7.0.4  2026-08-25 16:07:03                                   
                                                                                                       
                          ! Written by EZNEC/Pro+ v. 7.0 in NEC-5 format.                              
                                                                                                       

                      **********************************************************





                                 - - - STRUCTURE SPECIFICATION - - -

                                     COORDINATES MUST BE INPUT IN
                                     METERS OR BE SCALED TO METERS
                                     BEFORE STRUCTURE INPUT IS ENDED

 Model definition commands:

 GW    1    11  0.00000E+00 -2.50000E-01  0.00000E+00  0.00000E+00  2.50000E-01  0.00000E+00  5.00000E-04
 GE    0   -1

 Number of nodes :    12
 Number of wire elements :    11
 Number of patch elements:     0
 Number unknowns:    10




 ***** INPUT LINE  1  FR   0    1    0    0  3.20000E+02  0.00000E+00  0.00000E+00  0.00000E+00  0.00000E+00  0.00000E+00
 ***** INPUT LINE  2  GN  -1    0    0    0  0.00000E+00  0.00000E+00  0.00000E+00  0.00000E+00  0.00000E+00  0.00000E+00
 ***** INPUT LINE  3  EX   4    1    6    0  1.41421E+00  0.00000E+00  0.00000E+00  0.00000E+00  0.00000E+00  0.00000E+00
 ***** INPUT LINE  4  PQ   0    0    0    0  0.00000E+00  0.00000E+00  0.00000E+00  0.00000E+00  0.00000E+00  0.00000E+00
 ***** INPUT LINE  5  XQ   0    0    0    0  0.00000E+00  0.00000E+00  0.00000E+00  0.00000E+00  0.00000E+00  0.00000E+00




                                 - - - - - - FREQUENCY - - - - - -

                                    FREQUENCY= 3.2000E+02 MHZ
                                    WAVELENGTH= 9.3688E-01 METERS



                                  - - - ANTENNA ENVIRONMENT - - -

                                            FREE SPACE



                               - - - STRUCTURE IMPEDANCE LOADING - - -

                                   THIS STRUCTURE IS NOT LOADED
ALLOCATE CM:            100



                                - - - MATRIX TIMING - - -

                        FILL=    0.000 SEC.,  FACTOR=    0.000 SEC.



                                          - - - ANTENNA INPUT PARAMETERS - - -

   TAG   SEG.    VOLTAGE (VOLTS)         CURRENT (AMPS)         IMPEDANCE (OHMS)        ADMITTANCE (MHOS)      POWER
   NO.   NO.    REAL        IMAG.       REAL        IMAG.       REAL        IMAG.       REAL        IMAG.     (WATTS)
   1     6 1  1.4155E+02  1.4520E+02  1.4142E+00  0.0000E+00  1.0009E+02  1.0267E+02  4.8684E-03 -4.9937E-03  1.0009E+02



                                       - - - Wire Currents - - -

                             Lengths normalized by wavelength (or 2.*pi/CABS(k))

  Elem.  Tag            Coord. of seg. center          Seg.            - - - Current (Amps) - - -
   No.   No.     X            Y            Z           Length       Real         Imag.        Mag.         Phase
      1    1  0.00000E+00 -2.42586E-01  0.00000E+00  4.85172E-02  2.54770E-01 -3.83623E-02  2.57642E-01   -8.5631
      2    1  0.00000E+00 -1.94069E-01  0.00000E+00  4.85172E-02  7.15309E-01 -9.99174E-02  7.22254E-01   -7.9519
      3    1  0.00000E+00 -1.45552E-01  0.00000E+00  4.85172E-02  1.07889E+00 -1.31981E-01  1.08693E+00   -6.9744
      4    1  0.00000E+00 -9.70344E-02  0.00000E+00  4.85172E-02  1.33599E+00 -1.34505E-01  1.34274E+00   -5.7491
      5    1  0.00000E+00 -4.85172E-02  0.00000E+00  4.85172E-02  1.46767E+00 -1.06031E-01  1.47149E+00   -4.1321
      6    1  0.00000E+00  3.70321E-17  0.00000E+00  4.85172E-02  1.45713E+00 -4.19514E-02  1.45774E+00   -1.6491
      7    1  0.00000E+00  4.85172E-02  0.00000E+00  4.85172E-02  1.39120E+00 -3.10693E-02  1.39155E+00   -1.2794
      8    1  0.00000E+00  9.70344E-02  0.00000E+00  4.85172E-02  1.27512E+00 -7.44241E-02  1.27729E+00   -3.3404
      9    1  0.00000E+00  1.45552E-01  0.00000E+00  4.85172E-02  1.03175E+00 -8.51566E-02  1.03526E+00   -4.7183
     10    1  0.00000E+00  1.94069E-01  0.00000E+00  4.85172E-02  6.84718E-01 -6.93303E-02  6.88219E-01   -5.7817
     11    1  0.00000E+00  2.42586E-01  0.00000E+00  4.85172E-02  2.43983E-01 -2.75285E-02  2.45532E-01   -6.4374



                             - - - Wire Charge Densities - - -

                     Lengths normalized by wavelength (or 2.*pi/CABS(k))

  ELEM.  TAG          Coord. of Seg. Center           Seg.        Charge Density (C/m)
   No.   No.     X            Y            Z          Length        Mag.         Phase
      1    1  0.00000E+00 -2.42586E-01  0.00000E+00  4.85172E-02  5.63818E-09   81.4369
      2    1  0.00000E+00 -1.94069E-01  0.00000E+00  4.85172E-02  4.53154E-09   83.5692
      3    1  0.00000E+00 -1.45552E-01  0.00000E+00  4.85172E-02  3.45887E-09   86.7827
      4    1  0.00000E+00 -9.70344E-02  0.00000E+00  4.85172E-02  2.17740E-09   93.6572
      5    1  0.00000E+00 -4.85172E-02  0.00000E+00  4.85172E-02  8.58319E-10  124.3450
      6    1  0.00000E+00  3.70321E-17  0.00000E+00  4.85172E-02  1.31338E-09 -134.3471
      7    1  0.00000E+00  4.85172E-02  0.00000E+00  4.85172E-02  8.46098E-10  -36.5260
      8    1  0.00000E+00  9.70344E-02  0.00000E+00  4.85172E-02  2.05451E-09  -82.4807
      9    1  0.00000E+00  1.45552E-01  0.00000E+00  4.85172E-02  3.28899E-09  -90.5921
     10    1  0.00000E+00  1.94069E-01  0.00000E+00  4.85172E-02  4.31698E-09  -94.1492
     11    1  0.00000E+00  2.42586E-01  0.00000E+00  4.85172E-02  5.37316E-09  -96.4374



                                        - - - POWER BUDGET - - -

                                           INPUT POWER   = 1.0009E+02 WATTS
                                           RADIATED POWER= 1.0009E+02 WATTS
                                           WIRE LOSS     = 0.0000E+00 WATTS
                                           EFFICIENCY    = 100.00 PERCENT




 ***** INPUT LINE  6  EN   0    0    0    0  0.00000E+00  0.00000E+00  0.00000E+00  0.00000E+00  0.00000E+00  0.00000E+00

 RUN TIME =     0.000
