1
 x13



                                ***********************************************
                                *                                             *
                                *  NUMERICAL ELECTROMAGNETICS CODE (NEC-5)    *
                                *                                             *
                                ***********************************************




                      **********************************************************

                          Dipole in free space                                                         
                                                                                                       
                          EZNEC Pro/2+ v. 7.0.4  2026-08-25 16:07:05                                   
                                                                                                       
                          ! Written by EZNEC/Pro+ v. 7.0 in NEC-5 format.                              
                                                                                                       

                      **********************************************************





                                 - - - STRUCTURE SPECIFICATION - - -

                                     COORDINATES MUST BE INPUT IN
                                     METERS OR BE SCALED TO METERS
                                     BEFORE STRUCTURE INPUT IS ENDED

 Model definition commands:

 GW    1    11  0.00000E+00 -2.50000E-01  0.00000E+00  0.00000E+00  2.50000E-01  0.00000E+00  5.00000E-04
 GE    0   -1

 Number of nodes :    12
 Number of wire elements :    11
 Number of patch elements:     0
 Number unknowns:    10




 ***** INPUT LINE  1  FR   0    1    0    0  3.29000E+02  0.00000E+00  0.00000E+00  0.00000E+00  0.00000E+00  0.00000E+00
 ***** INPUT LINE  2  GN  -1    0    0    0  0.00000E+00  0.00000E+00  0.00000E+00  0.00000E+00  0.00000E+00  0.00000E+00
 ***** INPUT LINE  3  EX   4    1    6    0  1.41421E+00  0.00000E+00  0.00000E+00  0.00000E+00  0.00000E+00  0.00000E+00
 ***** INPUT LINE  4  PQ   0    0    0    0  0.00000E+00  0.00000E+00  0.00000E+00  0.00000E+00  0.00000E+00  0.00000E+00
 ***** INPUT LINE  5  XQ   0    0    0    0  0.00000E+00  0.00000E+00  0.00000E+00  0.00000E+00  0.00000E+00  0.00000E+00




                                 - - - - - - FREQUENCY - - - - - -

                                    FREQUENCY= 3.2900E+02 MHZ
                                    WAVELENGTH= 9.1125E-01 METERS



                                  - - - ANTENNA ENVIRONMENT - - -

                                            FREE SPACE



                               - - - STRUCTURE IMPEDANCE LOADING - - -

                                   THIS STRUCTURE IS NOT LOADED
ALLOCATE CM:            100



                                - - - MATRIX TIMING - - -

                        FILL=    0.000 SEC.,  FACTOR=    0.000 SEC.



                                          - - - ANTENNA INPUT PARAMETERS - - -

   TAG   SEG.    VOLTAGE (VOLTS)         CURRENT (AMPS)         IMPEDANCE (OHMS)        ADMITTANCE (MHOS)      POWER
   NO.   NO.    REAL        IMAG.       REAL        IMAG.       REAL        IMAG.       REAL        IMAG.     (WATTS)
   1     6 1  1.5665E+02  1.9192E+02  1.4142E+00  0.0000E+00  1.1077E+02  1.3571E+02  3.6096E-03 -4.4225E-03  1.1077E+02



                                       - - - Wire Currents - - -

                             Lengths normalized by wavelength (or 2.*pi/CABS(k))

  Elem.  Tag            Coord. of seg. center          Seg.            - - - Current (Amps) - - -
   No.   No.     X            Y            Z           Length       Real         Imag.        Mag.         Phase
      1    1  0.00000E+00 -2.49409E-01  0.00000E+00  4.98817E-02  2.66867E-01 -4.38709E-02  2.70449E-01   -9.3355
      2    1  0.00000E+00 -1.99527E-01  0.00000E+00  4.98817E-02  7.48140E-01 -1.14394E-01  7.56835E-01   -8.6934
      3    1  0.00000E+00 -1.49645E-01  0.00000E+00  4.98817E-02  1.12454E+00 -1.51267E-01  1.13467E+00   -7.6611
      4    1  0.00000E+00 -9.97635E-02  0.00000E+00  4.98817E-02  1.38440E+00 -1.54188E-01  1.39296E+00   -6.3551
      5    1  0.00000E+00 -4.98817E-02  0.00000E+00  4.98817E-02  1.50687E+00 -1.21455E-01  1.51176E+00   -4.6081
      6    1  0.00000E+00  3.80737E-17  0.00000E+00  4.98817E-02  1.47285E+00 -4.80119E-02  1.47363E+00   -1.8671
      7    1  0.00000E+00  4.98817E-02  0.00000E+00  4.98817E-02  1.40186E+00 -3.51652E-02  1.40230E+00   -1.4369
      8    1  0.00000E+00  9.97635E-02  0.00000E+00  4.98817E-02  1.29992E+00 -8.42166E-02  1.30264E+00   -3.7068
      9    1  0.00000E+00  1.49645E-01  0.00000E+00  4.98817E-02  1.05867E+00 -9.62908E-02  1.06304E+00   -5.1970
     10    1  0.00000E+00  1.99527E-01  0.00000E+00  4.98817E-02  7.05191E-01 -7.82824E-02  7.09523E-01   -6.3344
     11    1  0.00000E+00  2.49409E-01  0.00000E+00  4.98817E-02  2.51688E-01 -3.10430E-02  2.53596E-01   -7.0313



                             - - - Wire Charge Densities - - -

                     Lengths normalized by wavelength (or 2.*pi/CABS(k))

  ELEM.  TAG          Coord. of Seg. Center           Seg.        Charge Density (C/m)
   No.   No.     X            Y            Z          Length        Mag.         Phase
      1    1  0.00000E+00 -2.49409E-01  0.00000E+00  4.98817E-02  5.75654E-09   80.6645
      2    1  0.00000E+00 -1.99527E-01  0.00000E+00  4.98817E-02  4.59881E-09   82.9142
      3    1  0.00000E+00 -1.49645E-01  0.00000E+00  4.98817E-02  3.45490E-09   86.3895
      4    1  0.00000E+00 -9.97635E-02  0.00000E+00  4.98817E-02  2.08883E-09   94.2667
      5    1  0.00000E+00 -4.98817E-02  0.00000E+00  4.98817E-02  7.53329E-10  135.9354
      6    1  0.00000E+00  3.80737E-17  0.00000E+00  4.98817E-02  1.61311E-09 -129.3105
      7    1  0.00000E+00  4.98817E-02  0.00000E+00  4.98817E-02  7.93356E-10  -19.3598
      8    1  0.00000E+00  9.97635E-02  0.00000E+00  4.98817E-02  1.92956E-09  -81.1887
      9    1  0.00000E+00  1.49645E-01  0.00000E+00  4.98817E-02  3.22844E-09  -90.6845
     10    1  0.00000E+00  1.99527E-01  0.00000E+00  4.98817E-02  4.30947E-09  -94.5884
     11    1  0.00000E+00  2.49409E-01  0.00000E+00  4.98817E-02  5.39782E-09  -97.0313



                                        - - - POWER BUDGET - - -

                                           INPUT POWER   = 1.1077E+02 WATTS
                                           RADIATED POWER= 1.1077E+02 WATTS
                                           WIRE LOSS     = 0.0000E+00 WATTS
                                           EFFICIENCY    = 100.00 PERCENT




 ***** INPUT LINE  6  EN   0    0    0    0  0.00000E+00  0.00000E+00  0.00000E+00  0.00000E+00  0.00000E+00  0.00000E+00

 RUN TIME =     0.000
