1
 x13



                                ***********************************************
                                *                                             *
                                *  NUMERICAL ELECTROMAGNETICS CODE (NEC-5)    *
                                *                                             *
                                ***********************************************




                      **********************************************************

                          Cardioid                                                                     
                                                                                                       
                          EZNEC Pro/2+ v. 7.0.4  2026-08-20 20:33:12                                   
                                                                                                       
                          ! Written by EZNEC/Pro+ v. 7.0 in NEC-5 format.                              
                                                                                                       

                      **********************************************************





                                 - - - STRUCTURE SPECIFICATION - - -

                                     COORDINATES MUST BE INPUT IN
                                     METERS OR BE SCALED TO METERS
                                     BEFORE STRUCTURE INPUT IS ENDED

 Model definition commands:

 GW    1     6  0.00000E+00  0.00000E+00  0.00000E+00  0.00000E+00  0.00000E+00  2.42000E-01  1.21000E-04
 GW    2     6  2.50000E-01  0.00000E+00  0.00000E+00  2.50000E-01  0.00000E+00  2.42000E-01  1.21000E-04
 GE    1   -1

   GROUND PLANE SPECIFIED.

   WHERE WIRE ENDS TOUCH GROUND, CURRENT WILL BE INTERPOLATED TO IMAGE IN GROUND PLANE.


 Number of nodes :    14
 Number of wire elements :    12
 Number of patch elements:     0
 Number unknowns:    12




 ***** INPUT LINE  1  FR   0    1    0    0  2.99793E+02  0.00000E+00  0.00000E+00  0.00000E+00  0.00000E+00  0.00000E+00
 ***** INPUT LINE  2  GN   1    0    0    0  0.00000E+00  0.00000E+00  0.00000E+00  0.00000E+00  0.00000E+00  0.00000E+00
 ***** INPUT LINE  3  EX   4    1   -1    0  1.41421E+00  0.00000E+00  0.00000E+00  0.00000E+00  0.00000E+00  0.00000E+00
 ***** INPUT LINE  4  EX   4    2   -1    0  0.00000E+00 -1.41421E+00  0.00000E+00  0.00000E+00  0.00000E+00  0.00000E+00
 ***** INPUT LINE  5  PQ   0    0    0    0  0.00000E+00  0.00000E+00  0.00000E+00  0.00000E+00  0.00000E+00  0.00000E+00
 ***** INPUT LINE  6  XQ   0    0    0    0  0.00000E+00  0.00000E+00  0.00000E+00  0.00000E+00  0.00000E+00  0.00000E+00




                                 - - - - - - FREQUENCY - - - - - -

                                    FREQUENCY= 2.9979E+02 MHZ
                                    WAVELENGTH= 1.0000E+00 METERS



                                  - - - ANTENNA ENVIRONMENT - - -

                                          PERFECT GROUND



                               - - - STRUCTURE IMPEDANCE LOADING - - -

                                   THIS STRUCTURE IS NOT LOADED
ALLOCATE CM:            144



                                - - - MATRIX TIMING - - -

                        FILL=    0.000 SEC.,  FACTOR=    0.000 SEC.



                                          - - - ANTENNA INPUT PARAMETERS - - -

   TAG   SEG.    VOLTAGE (VOLTS)         CURRENT (AMPS)         IMPEDANCE (OHMS)        ADMITTANCE (MHOS)      POWER
   NO.   NO.    REAL        IMAG.       REAL        IMAG.       REAL        IMAG.       REAL        IMAG.     (WATTS)
   1     1 2  2.7067E+01 -3.4746E+01  1.4142E+00  0.0000E+00  1.9139E+01 -2.4569E+01  1.9732E-02  2.5330E-02  1.9139E+01
   2     7 2  1.7210E+01 -6.9746E+01  0.0000E+00 -1.4142E+00  4.9318E+01  1.2169E+01  1.9113E-02 -4.7162E-03  4.9318E+01



                                       - - - Wire Currents - - -

                             Lengths normalized by wavelength (or 2.*pi/CABS(k))

  Elem.  Tag            Coord. of seg. center          Seg.            - - - Current (Amps) - - -
   No.   No.     X            Y            Z           Length       Real         Imag.        Mag.         Phase
      1    1  0.00000E+00  0.00000E+00  2.01662E-02  4.03323E-02  1.38022E+00 -8.99046E-03  1.38025E+00   -0.3732
      2    1  0.00000E+00  0.00000E+00  6.04985E-02  4.03323E-02  1.27375E+00 -2.29151E-02  1.27396E+00   -1.0307
      3    1  0.00000E+00  0.00000E+00  1.00831E-01  4.03323E-02  1.09283E+00 -2.94506E-02  1.09323E+00   -1.5437
      4    1  0.00000E+00  0.00000E+00  1.41163E-01  4.03323E-02  8.45295E-01 -2.93270E-02  8.45803E-01   -1.9870
      5    1  0.00000E+00  0.00000E+00  1.81495E-01  4.03323E-02  5.42403E-01 -2.25394E-02  5.42871E-01   -2.3795
      6    1  0.00000E+00  0.00000E+00  2.21828E-01  4.03323E-02  1.89305E-01 -8.73833E-03  1.89507E-01   -2.6429
      7    2  2.49994E-01  0.00000E+00  2.01662E-02  4.03323E-02 -2.28467E-02 -1.39729E+00  1.39748E+00  -90.9367
      8    2  2.49994E-01  0.00000E+00  6.04985E-02  4.03323E-02 -5.75817E-02 -1.31685E+00  1.31811E+00  -92.5038
      9    2  2.49994E-01  0.00000E+00  1.00831E-01  4.03323E-02 -7.26400E-02 -1.14740E+00  1.14970E+00  -93.6225
     10    2  2.49994E-01  0.00000E+00  1.41163E-01  4.03323E-02 -7.08227E-02 -8.98717E-01  9.01503E-01  -94.5058
     11    2  2.49994E-01  0.00000E+00  1.81495E-01  4.03323E-02 -5.32683E-02 -5.82749E-01  5.85178E-01  -95.2228
     12    2  2.49994E-01  0.00000E+00  2.21828E-01  4.03323E-02 -2.03506E-02 -2.04761E-01  2.05770E-01  -95.6758



                             - - - Wire Charge Densities - - -

                     Lengths normalized by wavelength (or 2.*pi/CABS(k))

  ELEM.  TAG          Coord. of Seg. Center           Seg.        Charge Density (C/m)
   No.   No.     X            Y            Z          Length        Mag.         Phase
      1    1  0.00000E+00  0.00000E+00  2.01662E-02  4.03323E-02  9.25540E-10  -75.1842
      2    1  0.00000E+00  0.00000E+00  6.04985E-02  4.03323E-02  1.91251E-09  -86.1057
      3    1  0.00000E+00  0.00000E+00  1.00831E-01  4.03323E-02  2.85491E-09  -89.1540
      4    1  0.00000E+00  0.00000E+00  1.41163E-01  4.03323E-02  3.66205E-09  -90.7105
      5    1  0.00000E+00  0.00000E+00  1.81495E-01  4.03323E-02  4.31387E-09  -91.7704
      6    1  0.00000E+00  0.00000E+00  2.21828E-01  4.03323E-02  4.98872E-09  -92.6429
      7    2  2.49994E-01  0.00000E+00  2.01662E-02  4.03323E-02  7.48489E-10 -126.5314
      8    2  2.49994E-01  0.00000E+00  6.04985E-02  4.03323E-02  1.70093E-09 -169.3976
      9    2  2.49994E-01  0.00000E+00  1.00831E-01  4.03323E-02  2.79016E-09 -178.2862
     10    2  2.49994E-01  0.00000E+00  1.41163E-01  4.03323E-02  3.75995E-09  177.9990
     11    2  2.49994E-01  0.00000E+00  1.81495E-01  4.03323E-02  4.57214E-09  175.8506
     12    2  2.49994E-01  0.00000E+00  2.21828E-01  4.03323E-02  5.41685E-09  174.3242



                                        - - - POWER BUDGET - - -

                                           INPUT POWER   = 6.8457E+01 WATTS
                                           RADIATED POWER= 6.8457E+01 WATTS
                                           WIRE LOSS     = 0.0000E+00 WATTS
                                           EFFICIENCY    = 100.00 PERCENT




 ***** INPUT LINE  7  EN   0    0    0    0  0.00000E+00  0.00000E+00  0.00000E+00  0.00000E+00  0.00000E+00  0.00000E+00

 RUN TIME =     0.000
