1
 x13



                                ***********************************************
                                *                                             *
                                *  NUMERICAL ELECTROMAGNETICS CODE (NEC-5)    *
                                *                                             *
                                ***********************************************




                      **********************************************************

                          Dipole in free space                                                         
                                                                                                       
                          EZNEC Pro/2+ v. 7.0.4  2026-08-25 16:07:08                                   
                                                                                                       
                          ! Written by EZNEC/Pro+ v. 7.0 in NEC-5 format.                              
                                                                                                       

                      **********************************************************





                                 - - - STRUCTURE SPECIFICATION - - -

                                     COORDINATES MUST BE INPUT IN
                                     METERS OR BE SCALED TO METERS
                                     BEFORE STRUCTURE INPUT IS ENDED

 Model definition commands:

 GW    1    11  0.00000E+00 -2.50000E-01  0.00000E+00  0.00000E+00  2.50000E-01  0.00000E+00  5.00000E-04
 GE    0   -1

 Number of nodes :    12
 Number of wire elements :    11
 Number of patch elements:     0
 Number unknowns:    10




 ***** INPUT LINE  1  FR   0    1    0    0  3.38000E+02  0.00000E+00  0.00000E+00  0.00000E+00  0.00000E+00  0.00000E+00
 ***** INPUT LINE  2  GN  -1    0    0    0  0.00000E+00  0.00000E+00  0.00000E+00  0.00000E+00  0.00000E+00  0.00000E+00
 ***** INPUT LINE  3  EX   4    1    6    0  1.41421E+00  0.00000E+00  0.00000E+00  0.00000E+00  0.00000E+00  0.00000E+00
 ***** INPUT LINE  4  PQ   0    0    0    0  0.00000E+00  0.00000E+00  0.00000E+00  0.00000E+00  0.00000E+00  0.00000E+00
 ***** INPUT LINE  5  XQ   0    0    0    0  0.00000E+00  0.00000E+00  0.00000E+00  0.00000E+00  0.00000E+00  0.00000E+00




                                 - - - - - - FREQUENCY - - - - - -

                                    FREQUENCY= 3.3800E+02 MHZ
                                    WAVELENGTH= 8.8698E-01 METERS



                                  - - - ANTENNA ENVIRONMENT - - -

                                            FREE SPACE



                               - - - STRUCTURE IMPEDANCE LOADING - - -

                                   THIS STRUCTURE IS NOT LOADED
ALLOCATE CM:            100



                                - - - MATRIX TIMING - - -

                        FILL=    0.000 SEC.,  FACTOR=    0.000 SEC.



                                          - - - ANTENNA INPUT PARAMETERS - - -

   TAG   SEG.    VOLTAGE (VOLTS)         CURRENT (AMPS)         IMPEDANCE (OHMS)        ADMITTANCE (MHOS)      POWER
   NO.   NO.    REAL        IMAG.       REAL        IMAG.       REAL        IMAG.       REAL        IMAG.     (WATTS)
   1     6 1  1.7354E+02  2.3949E+02  1.4142E+00  0.0000E+00  1.2271E+02  1.6934E+02  2.8058E-03 -3.8720E-03  1.2271E+02



                                       - - - Wire Currents - - -

                             Lengths normalized by wavelength (or 2.*pi/CABS(k))

  Elem.  Tag            Coord. of seg. center          Seg.            - - - Current (Amps) - - -
   No.   No.     X            Y            Z           Length       Real         Imag.        Mag.         Phase
      1    1  0.00000E+00 -2.56231E-01  0.00000E+00  5.12463E-02  2.80035E-01 -5.02204E-02  2.84503E-01  -10.1671
      2    1  0.00000E+00 -2.04985E-01  0.00000E+00  5.12463E-02  7.83867E-01 -1.31097E-01  7.94754E-01   -9.4945
      3    1  0.00000E+00 -1.53739E-01  0.00000E+00  5.12463E-02  1.17417E+00 -1.73540E-01  1.18692E+00   -8.4073
      4    1  0.00000E+00 -1.02493E-01  0.00000E+00  5.12463E-02  1.43691E+00 -1.76913E-01  1.44776E+00   -7.0190
      5    1  0.00000E+00 -5.12463E-02  0.00000E+00  5.12463E-02  1.54927E+00 -1.39242E-01  1.55552E+00   -5.1357
      6    1  0.00000E+00  3.91152E-17  0.00000E+00  5.12463E-02  1.48981E+00 -5.49917E-02  1.49082E+00   -2.1139
      7    1  0.00000E+00  5.12463E-02  0.00000E+00  5.12463E-02  1.41315E+00 -3.97956E-02  1.41371E+00   -1.6131
      8    1  0.00000E+00  1.02493E-01  0.00000E+00  5.12463E-02  1.32623E+00 -9.52828E-02  1.32965E+00   -4.1093
      9    1  0.00000E+00  1.53739E-01  0.00000E+00  5.12463E-02  1.08725E+00 -1.08861E-01  1.09269E+00   -5.7176
     10    1  0.00000E+00  2.04985E-01  0.00000E+00  5.12463E-02  7.26940E-01 -8.83708E-02  7.32292E-01   -6.9312
     11    1  0.00000E+00  2.56231E-01  0.00000E+00  5.12463E-02  2.59872E-01 -3.49974E-02  2.62218E-01   -7.6700



                             - - - Wire Charge Densities - - -

                     Lengths normalized by wavelength (or 2.*pi/CABS(k))

  ELEM.  TAG          Coord. of Seg. Center           Seg.        Charge Density (C/m)
   No.   No.     X            Y            Z          Length        Mag.         Phase
      1    1  0.00000E+00 -2.56231E-01  0.00000E+00  5.12463E-02  5.89444E-09   79.8329
      2    1  0.00000E+00 -2.04985E-01  0.00000E+00  5.12463E-02  4.68002E-09   82.2000
      3    1  0.00000E+00 -1.53739E-01  0.00000E+00  5.12463E-02  3.45829E-09   85.9510
      4    1  0.00000E+00 -1.02493E-01  0.00000E+00  5.12463E-02  2.00148E-09   94.9957
      5    1  0.00000E+00 -5.12463E-02  0.00000E+00  5.12463E-02  6.92198E-10  151.1344
      6    1  0.00000E+00  3.91152E-17  0.00000E+00  5.12463E-02  1.93674E-09 -126.0348
      7    1  0.00000E+00  5.12463E-02  0.00000E+00  5.12463E-02  8.24796E-10   -1.5297
      8    1  0.00000E+00  1.02493E-01  0.00000E+00  5.12463E-02  1.80830E-09  -79.6428
      9    1  0.00000E+00  1.53739E-01  0.00000E+00  5.12463E-02  3.17267E-09  -90.7909
     10    1  0.00000E+00  2.04985E-01  0.00000E+00  5.12463E-02  4.30962E-09  -95.0682
     11    1  0.00000E+00  2.56231E-01  0.00000E+00  5.12463E-02  5.43274E-09  -97.6700



                                        - - - POWER BUDGET - - -

                                           INPUT POWER   = 1.2271E+02 WATTS
                                           RADIATED POWER= 1.2271E+02 WATTS
                                           WIRE LOSS     = 0.0000E+00 WATTS
                                           EFFICIENCY    = 100.00 PERCENT




 ***** INPUT LINE  6  EN   0    0    0    0  0.00000E+00  0.00000E+00  0.00000E+00  0.00000E+00  0.00000E+00  0.00000E+00

 RUN TIME =     0.000
