1
 x13



                                ***********************************************
                                *                                             *
                                *  NUMERICAL ELECTROMAGNETICS CODE (NEC-5)    *
                                *                                             *
                                ***********************************************




                      **********************************************************

                          NEC-4 Example                                                                
                                                                                                       
                          EZNEC Pro/2+ v. 7.0.4  2026-08-20 21:16:33                                   
                                                                                                       
                          ! Written by EZNEC/Pro+ v. 7.0 in NEC-5 format.                              
                                                                                                       

                      **********************************************************





                                 - - - STRUCTURE SPECIFICATION - - -

                                     COORDINATES MUST BE INPUT IN
                                     METERS OR BE SCALED TO METERS
                                     BEFORE STRUCTURE INPUT IS ENDED

 Model definition commands:

 GW    1    15  2.00000E+01 -4.00000E+01  3.00000E+02  2.00000E+01 -4.00000E+01  0.00000E+00  5.00000E-03
 GW    2     4  4.00000E+01 -4.00000E+01  0.00000E+00  4.00000E+01  4.00000E+01  0.00000E+00  5.00000E-03
 GW    3     4  4.00000E+01  4.00000E+01  0.00000E+00 -4.00000E+01  4.00000E+01  0.00000E+00  5.00000E-03
 GW    4     4 -4.00000E+01  4.00000E+01  0.00000E+00 -4.00000E+01 -4.00000E+01  0.00000E+00  5.00000E-03
 GW    5     3 -4.00000E+01 -4.00000E+01  0.00000E+00  2.00000E+01 -4.00000E+01  0.00000E+00  5.00000E-03
 GW    6     1  2.00000E+01 -4.00000E+01  0.00000E+00  4.00000E+01 -4.00000E+01  0.00000E+00  5.00000E-03
 GE    0   -1

 Number of nodes :    31
 Number of wire elements :    31
 Number of patch elements:     0
 Number unknowns:    31




 ***** INPUT LINE  1  FR   0    1    0    0  5.00000E-04  0.00000E+00  0.00000E+00  0.00000E+00  0.00000E+00  0.00000E+00
 ***** INPUT LINE  2  GN  -1    0    0    0  0.00000E+00  0.00000E+00  0.00000E+00  0.00000E+00  0.00000E+00  0.00000E+00
 ***** INPUT LINE  3  EX   0    1   14    0  0.00000E+00 -4.04676E+05  0.00000E+00  0.00000E+00  0.00000E+00  0.00000E+00
 ***** INPUT LINE  4  PQ   0    0    0    0  0.00000E+00  0.00000E+00  0.00000E+00  0.00000E+00  0.00000E+00  0.00000E+00
 ***** INPUT LINE  5  RP   0    1  361 1000  9.00000E+01  0.00000E+00  0.00000E+00  1.00000E+00  0.00000E+00  0.00000E+00




                                 - - - - - - FREQUENCY - - - - - -

                                    FREQUENCY= 5.0000E-04 MHZ
                                    WAVELENGTH= 5.9960E+05 METERS



                                  - - - ANTENNA ENVIRONMENT - - -

                                            FREE SPACE



                               - - - STRUCTURE IMPEDANCE LOADING - - -

                                   THIS STRUCTURE IS NOT LOADED
ALLOCATE CM:            961



                                - - - MATRIX TIMING - - -

                        FILL=    0.000 SEC.,  FACTOR=    0.000 SEC.



                                          - - - ANTENNA INPUT PARAMETERS - - -

   TAG   SEG.    VOLTAGE (VOLTS)         CURRENT (AMPS)         IMPEDANCE (OHMS)        ADMITTANCE (MHOS)      POWER
   NO.   NO.    REAL        IMAG.       REAL        IMAG.       REAL        IMAG.       REAL        IMAG.     (WATTS)
   1    14 1  0.0000E+00 -4.0468E+05  1.0863E+00 -1.6382E-10  5.6177E-05 -3.7251E+05  4.0483E-16  2.6845E-06  3.3148E-05



                                       - - - Wire Currents - - -

                             Lengths normalized by wavelength (or 2.*pi/CABS(k))

  Elem.  Tag            Coord. of seg. center          Seg.            - - - Current (Amps) - - -
   No.   No.     X            Y            Z           Length       Real         Imag.        Mag.         Phase
      1    1  3.33556E-05 -6.67111E-05  4.83656E-04  3.33556E-05  3.95187E-02 -1.54033E-11  3.95187E-02   -0.0000
      2    1  3.33556E-05 -6.67111E-05  4.50300E-04  3.33556E-05  1.16304E-01 -4.39235E-11  1.16304E-01   -0.0000
      3    1  3.33556E-05 -6.67111E-05  4.16945E-04  3.33556E-05  1.90132E-01 -6.85479E-11  1.90132E-01   -0.0000
      4    1  3.33556E-05 -6.67111E-05  3.83589E-04  3.33556E-05  2.62956E-01 -9.01292E-11  2.62956E-01   -0.0000
      5    1  3.33556E-05 -6.67111E-05  3.50233E-04  3.33556E-05  3.35391E-01 -1.08927E-10  3.35391E-01   -0.0000
      6    1  3.33556E-05 -6.67111E-05  3.16878E-04  3.33556E-05  4.07803E-01 -1.25076E-10  4.07803E-01   -0.0000
      7    1  3.33556E-05 -6.67111E-05  2.83522E-04  3.33556E-05  4.80478E-01 -1.38660E-10  4.80478E-01   -0.0000
      8    1  3.33556E-05 -6.67111E-05  2.50167E-04  3.33556E-05  5.53694E-01 -1.49737E-10  5.53694E-01   -0.0000
      9    1  3.33556E-05 -6.67111E-05  2.16811E-04  3.33556E-05  6.27759E-01 -1.58354E-10  6.27759E-01   -0.0000
     10    1  3.33556E-05 -6.67111E-05  1.83456E-04  3.33556E-05  7.03064E-01 -1.64550E-10  7.03064E-01   -0.0000
     11    1  3.33556E-05 -6.67111E-05  1.50100E-04  3.33556E-05  7.80150E-01 -1.68359E-10  7.80150E-01   -0.0000
     12    1  3.33556E-05 -6.67111E-05  1.16744E-04  3.33556E-05  8.59867E-01 -1.69822E-10  8.59867E-01   -0.0000
     13    1  3.33556E-05 -6.67111E-05  8.33889E-05  3.33556E-05  9.43785E-01 -1.68984E-10  9.43785E-01   -0.0000
     14    1  3.33556E-05 -6.67111E-05  5.00334E-05  3.33556E-05  1.03670E+00 -1.65910E-10  1.03670E+00   -0.0000
     15    1  3.33556E-05 -6.67111E-05  1.66778E-05  3.33556E-05  1.05240E+00 -1.60758E-10  1.05240E+00   -0.0000
     16    2  6.67111E-05 -5.00334E-05  0.00000E+00  3.33556E-05  4.15355E-01 -6.67865E-11  4.15355E-01   -0.0000
     17    2  6.67111E-05 -1.66778E-05  0.00000E+00  3.33556E-05  3.50632E-01 -5.82962E-11  3.50632E-01   -0.0000
     18    2  6.67111E-05  1.66778E-05  0.00000E+00  3.33556E-05  2.86212E-01 -4.90685E-11  2.86212E-01   -0.0000
     19    2  6.67111E-05  5.00334E-05  0.00000E+00  3.33556E-05  2.22387E-01 -3.91493E-11  2.22387E-01   -0.0000
     20    3  5.00334E-05  6.67111E-05  0.00000E+00  3.33556E-05  1.59008E-01 -2.86261E-11  1.59008E-01   -0.0000
     21    3  1.66778E-05  6.67111E-05  0.00000E+00  3.33556E-05  9.57497E-02 -1.76810E-11  9.57497E-02   -0.0000
     22    3 -1.66778E-05  6.67111E-05  0.00000E+00  3.33556E-05  3.25541E-02 -6.41758E-12  3.25541E-02   -0.0000
     23    3 -5.00334E-05  6.67111E-05  0.00000E+00  3.33556E-05 -3.04431E-02  5.17985E-12  3.04431E-02  180.0000
     24    4 -6.67111E-05  5.00334E-05  0.00000E+00  3.33556E-05 -9.33420E-02  1.68621E-11  9.33420E-02  180.0000
     25    4 -6.67111E-05  1.66778E-05  0.00000E+00  3.33556E-05 -1.56479E-01  2.81219E-11  1.56479E-01  180.0000
     26    4 -6.67111E-05 -1.66778E-05  0.00000E+00  3.33556E-05 -2.19996E-01  3.87214E-11  2.19996E-01  180.0000
     27    4 -6.67111E-05 -5.00334E-05  0.00000E+00  3.33556E-05 -2.83784E-01  4.86671E-11  2.83784E-01  180.0000
     28    5 -5.00334E-05 -6.67111E-05  0.00000E+00  3.33556E-05 -3.47865E-01  5.80104E-11  3.47865E-01  180.0000
     29    5 -1.66778E-05 -6.67111E-05  0.00000E+00  3.33556E-05 -4.12423E-01  6.68755E-11  4.12423E-01  180.0000
     30    5  1.66778E-05 -6.67111E-05  0.00000E+00  3.33556E-05 -4.76316E-01  7.52016E-11  4.76316E-01  180.0000
     31    6  5.00334E-05 -6.67111E-05  0.00000E+00  3.33556E-05  4.79204E-01 -7.46670E-11  4.79204E-01   -0.0000



                             - - - Wire Charge Densities - - -

                     Lengths normalized by wavelength (or 2.*pi/CABS(k))

  ELEM.  TAG          Coord. of Seg. Center           Seg.        Charge Density (C/m)
   No.   No.     X            Y            Z          Length        Mag.         Phase
      1    1  3.33556E-05 -6.67111E-05  4.83656E-04  3.33556E-05  1.25792E-06   90.0000
      2    1  3.33556E-05 -6.67111E-05  4.50300E-04  3.33556E-05  1.18623E-06   90.0000
      3    1  3.33556E-05 -6.67111E-05  4.16945E-04  3.33556E-05  1.16380E-06   90.0000
      4    1  3.33556E-05 -6.67111E-05  3.83589E-04  3.33556E-05  1.15424E-06   90.0000
      5    1  3.33556E-05 -6.67111E-05  3.50233E-04  3.33556E-05  1.15144E-06   90.0000
      6    1  3.33556E-05 -6.67111E-05  3.16878E-04  3.33556E-05  1.15350E-06   90.0000
      7    1  3.33556E-05 -6.67111E-05  2.83522E-04  3.33556E-05  1.15984E-06   90.0000
      8    1  3.33556E-05 -6.67111E-05  2.50167E-04  3.33556E-05  1.17069E-06   90.0000
      9    1  3.33556E-05 -6.67111E-05  2.16811E-04  3.33556E-05  1.18688E-06   90.0000
     10    1  3.33556E-05 -6.67111E-05  1.83456E-04  3.33556E-05  1.21013E-06   90.0000
     11    1  3.33556E-05 -6.67111E-05  1.50100E-04  3.33556E-05  1.24362E-06   90.0000
     12    1  3.33556E-05 -6.67111E-05  1.16744E-04  3.33556E-05  1.29384E-06   90.0000
     13    1  3.33556E-05 -6.67111E-05  8.33889E-05  3.33556E-05  1.37736E-06   90.0000
     14    1  3.33556E-05 -6.67111E-05  5.00334E-05  3.33556E-05  1.58010E-06   90.0000
     15    1  3.33556E-05 -6.67111E-05  1.66778E-05  3.33556E-05  1.08016E-06  -90.0000
     16    2  6.67111E-05 -5.00334E-05  0.00000E+00  3.33556E-05  1.03051E-06  -90.0000
     17    2  6.67111E-05 -1.66778E-05  0.00000E+00  3.33556E-05  1.02968E-06  -90.0000
     18    2  6.67111E-05  1.66778E-05  0.00000E+00  3.33556E-05  1.02090E-06  -90.0000
     19    2  6.67111E-05  5.00334E-05  0.00000E+00  3.33556E-05  1.01071E-06  -90.0000
     20    3  5.00334E-05  6.67111E-05  0.00000E+00  3.33556E-05  1.00668E-06  -90.0000
     21    3  1.66778E-05  6.67111E-05  0.00000E+00  3.33556E-05  1.00690E-06  -90.0000
     22    3 -1.66778E-05  6.67111E-05  0.00000E+00  3.33556E-05  1.00468E-06  -90.0000
     23    3 -5.00334E-05  6.67111E-05  0.00000E+00  3.33556E-05  1.00058E-06  -90.0000
     24    4 -6.67111E-05  5.00334E-05  0.00000E+00  3.33556E-05  1.00155E-06  -90.0000
     25    4 -6.67111E-05  1.66778E-05  0.00000E+00  3.33556E-05  1.00815E-06  -90.0000
     26    4 -6.67111E-05 -1.66778E-05  0.00000E+00  3.33556E-05  1.01367E-06  -90.0000
     27    4 -6.67111E-05 -5.00334E-05  0.00000E+00  3.33556E-05  1.01675E-06  -90.0000
     28    5 -5.00334E-05 -6.67111E-05  0.00000E+00  3.33556E-05  1.02302E-06  -90.0000
     29    5 -1.66778E-05 -6.67111E-05  0.00000E+00  3.33556E-05  1.03193E-06  -90.0000
     30    5  1.66778E-05 -6.67111E-05  0.00000E+00  3.33556E-05  1.00185E-06  -90.0000
     31    6  5.00334E-05 -6.67111E-05  0.00000E+00  3.33556E-05  1.00185E-06  -90.0000



                                        - - - POWER BUDGET - - -

                                           INPUT POWER   = 3.3148E-05 WATTS
                                           RADIATED POWER= 3.3148E-05 WATTS
                                           WIRE LOSS     = 0.0000E+00 WATTS
                                           EFFICIENCY    = 100.00 PERCENT



                                                - - - RADIATION PATTERNS - - -

  - - ANGLES - -          - POWER GAINS -        - - - POLARIZATION - - -    - - - E(THETA) - - -    - - - E(PHI) - - -
  THETA     PHI        VERT.   HOR.    TOTAL      AXIAL     TILT   SENSE     MAGNITUDE    PHASE      MAGNITUDE    PHASE 
 DEGREES  DEGREES       DB      DB      DB        RATIO     DEG.               VOLTS     DEGREES       VOLTS     DEGREES
   90.00     0.00       1.46  -10.88    1.70    0.00002    13.59  RIGHT     5.27159E-02   -89.99    1.27435E-02   -89.99
   90.00     1.00       1.46  -10.80    1.71    0.00002    13.70  RIGHT     5.27159E-02   -89.99    1.28527E-02   -89.99
   90.00     2.00       1.46  -10.73    1.71    0.00002    13.81  RIGHT     5.27159E-02   -89.99    1.29581E-02   -89.99
   90.00     3.00       1.46  -10.66    1.71    0.00002    13.91  RIGHT     5.27159E-02   -89.99    1.30595E-02   -89.99
   90.00     4.00       1.46  -10.60    1.72    0.00002    14.01  RIGHT     5.27159E-02   -89.99    1.31570E-02   -89.99
   90.00     5.00       1.46  -10.54    1.72    0.00002    14.11  RIGHT     5.27159E-02   -89.99    1.32504E-02   -89.99
   90.00     6.00       1.46  -10.48    1.73    0.00002    14.20  RIGHT     5.27159E-02   -89.99    1.33398E-02   -90.00
   90.00     7.00       1.46  -10.42    1.73    0.00002    14.29  RIGHT     5.27159E-02   -89.99    1.34251E-02   -90.00
   90.00     8.00       1.46  -10.37    1.73    0.00002    14.37  RIGHT     5.27159E-02   -89.99    1.35064E-02   -90.00
   90.00     9.00       1.46  -10.32    1.73    0.00002    14.45  RIGHT     5.27159E-02   -89.99    1.35835E-02   -90.00
   90.00    10.00       1.46  -10.28    1.74    0.00002    14.52  RIGHT     5.27159E-02   -89.99    1.36565E-02   -90.00
   90.00    11.00       1.46  -10.23    1.74    0.00001    14.59  RIGHT     5.27159E-02   -89.99    1.37253E-02   -90.00
   90.00    12.00       1.46  -10.19    1.74    0.00001    14.66  RIGHT     5.27159E-02   -89.99    1.37900E-02   -90.00
   90.00    13.00       1.46  -10.15    1.75    0.00001    14.72  RIGHT     5.27159E-02   -89.99    1.38504E-02   -90.00
   90.00    14.00       1.46  -10.12    1.75    0.00001    14.78  RIGHT     5.27159E-02   -89.99    1.39067E-02   -90.00
   90.00    15.00       1.46  -10.09    1.75    0.00001    14.83  RIGHT     5.27159E-02   -89.99    1.39587E-02   -90.00
   90.00    16.00       1.46  -10.06    1.75    0.00001    14.88  RIGHT     5.27159E-02   -90.00    1.40064E-02   -90.00
   90.00    17.00       1.46  -10.03    1.75    0.00001    14.92  LINEAR    5.27159E-02   -90.00    1.40499E-02   -90.00
   90.00    18.00       1.46  -10.01    1.76    0.00001    14.96  LINEAR    5.27159E-02   -90.00    1.40891E-02   -90.00
   90.00    19.00       1.46   -9.98    1.76    0.00001    15.00  LINEAR    5.27159E-02   -90.00    1.41240E-02   -90.00
   90.00    20.00       1.46   -9.97    1.76    0.00001    15.03  LINEAR    5.27159E-02   -90.00    1.41546E-02   -90.00
   90.00    21.00       1.46   -9.95    1.76    0.00001    15.06  LINEAR    5.27159E-02   -90.00    1.41809E-02   -90.00
   90.00    22.00       1.46   -9.94    1.76    0.00000    15.08  LINEAR    5.27159E-02   -90.00    1.42028E-02   -90.00
   90.00    23.00       1.46   -9.92    1.76    0.00000    15.10  LINEAR    5.27159E-02   -90.00    1.42205E-02   -90.00
   90.00    24.00       1.46   -9.92    1.76    0.00000    15.11  LINEAR    5.27159E-02   -90.00    1.42338E-02   -90.00
   90.00    25.00       1.46   -9.91    1.76    0.00000    15.12  LINEAR    5.27159E-02   -90.00    1.42428E-02   -90.00
   90.00    26.00       1.46   -9.91    1.76    0.00000    15.12  LINEAR    5.27159E-02   -90.00    1.42474E-02   -90.00
   90.00    27.00       1.46   -9.91    1.76    0.00000    15.12  LINEAR    5.27159E-02   -90.00    1.42477E-02   -90.00
   90.00    28.00       1.46   -9.91    1.76    0.00000    15.12  LINEAR    5.27159E-02   -90.00    1.42437E-02   -90.00
   90.00    29.00       1.46   -9.92    1.76    0.00000    15.11  LINEAR    5.27159E-02   -90.00    1.42353E-02   -90.00
   90.00    30.00       1.46   -9.92    1.76    0.00000    15.10  LINEAR    5.27159E-02   -90.00    1.42226E-02   -90.00
   90.00    31.00       1.46   -9.93    1.76    0.00000    15.08  LINEAR    5.27159E-02   -90.00    1.42055E-02   -90.00
   90.00    32.00       1.46   -9.95    1.76    0.00001    15.06  LINEAR    5.27159E-02   -90.00    1.41842E-02   -90.00
   90.00    33.00       1.46   -9.96    1.76    0.00001    15.03  LINEAR    5.27159E-02   -90.00    1.41585E-02   -90.00
   90.00    34.00       1.46   -9.98    1.76    0.00001    15.00  LINEAR    5.27159E-02   -90.00    1.41285E-02   -90.00
   90.00    35.00       1.46  -10.00    1.76    0.00001    14.97  LINEAR    5.27159E-02   -90.00    1.40941E-02   -90.00
   90.00    36.00       1.46  -10.03    1.75    0.00001    14.93  LINEAR    5.27159E-02   -90.00    1.40555E-02   -90.00
   90.00    37.00       1.46  -10.05    1.75    0.00001    14.89  LEFT      5.27159E-02   -90.00    1.40127E-02   -90.00
   90.00    38.00       1.46  -10.08    1.75    0.00001    14.84  LEFT      5.27159E-02   -90.01    1.39655E-02   -90.00
   90.00    39.00       1.46  -10.11    1.75    0.00001    14.79  LEFT      5.27159E-02   -90.01    1.39141E-02   -90.00
   90.00    40.00       1.46  -10.15    1.75    0.00001    14.73  LEFT      5.27159E-02   -90.01    1.38584E-02   -90.00
   90.00    41.00       1.46  -10.19    1.74    0.00001    14.67  LEFT      5.27159E-02   -90.01    1.37986E-02   -90.00
   90.00    42.00       1.46  -10.23    1.74    0.00002    14.60  LEFT      5.27159E-02   -90.01    1.37345E-02   -90.00
   90.00    43.00       1.46  -10.27    1.74    0.00002    14.53  LEFT      5.27159E-02   -90.01    1.36662E-02   -90.00
   90.00    44.00       1.46  -10.32    1.74    0.00002    14.46  LEFT      5.27159E-02   -90.01    1.35938E-02   -90.00
   90.00    45.00       1.46  -10.37    1.73    0.00002    14.38  LEFT      5.27159E-02   -90.01    1.35173E-02   -90.00
   90.00    46.00       1.46  -10.42    1.73    0.00002    14.30  LEFT      5.27159E-02   -90.01    1.34366E-02   -90.00
   90.00    47.00       1.46  -10.47    1.73    0.00002    14.21  LEFT      5.27159E-02   -90.01    1.33518E-02   -90.00
   90.00    48.00       1.46  -10.53    1.72    0.00002    14.12  LEFT      5.27159E-02   -90.01    1.32630E-02   -90.00
   90.00    49.00       1.46  -10.59    1.72    0.00002    14.03  LEFT      5.27159E-02   -90.01    1.31701E-02   -90.01
   90.00    50.00       1.46  -10.66    1.71    0.00002    13.93  LEFT      5.27159E-02   -90.01    1.30732E-02   -90.01
   90.00    51.00       1.46  -10.72    1.71    0.00002    13.82  LEFT      5.27159E-02   -90.01    1.29723E-02   -90.01
   90.00    52.00       1.46  -10.79    1.71    0.00002    13.72  LEFT      5.27159E-02   -90.01    1.28675E-02   -90.01
   90.00    53.00       1.46  -10.87    1.70    0.00002    13.61  LEFT      5.27159E-02   -90.01    1.27588E-02   -90.01
   90.00    54.00       1.46  -10.94    1.70    0.00002    13.49  LEFT      5.27159E-02   -90.01    1.26462E-02   -90.01
   90.00    55.00       1.46  -11.02    1.69    0.00003    13.37  LEFT      5.27159E-02   -90.01    1.25297E-02   -90.01
   90.00    56.00       1.46  -11.11    1.69    0.00003    13.25  LEFT      5.27159E-02   -90.01    1.24094E-02   -90.01
   90.00    57.00       1.46  -11.20    1.69    0.00003    13.12  LEFT      5.27159E-02   -90.01    1.22853E-02   -90.01
   90.00    58.00       1.46  -11.29    1.68    0.00003    12.99  LEFT      5.27159E-02   -90.01    1.21575E-02   -90.01
   90.00    59.00       1.46  -11.38    1.68    0.00003    12.85  LEFT      5.27159E-02   -90.01    1.20260E-02   -90.01
   90.00    60.00       1.46  -11.48    1.67    0.00003    12.71  LEFT      5.27159E-02   -90.01    1.18908E-02   -90.01
   90.00    61.00       1.46  -11.58    1.67    0.00003    12.57  LEFT      5.27159E-02   -90.02    1.17520E-02   -90.01
   90.00    62.00       1.46  -11.69    1.66    0.00003    12.42  LEFT      5.27159E-02   -90.02    1.16096E-02   -90.01
   90.00    63.00       1.46  -11.80    1.66    0.00003    12.27  LEFT      5.27159E-02   -90.02    1.14637E-02   -90.01
   90.00    64.00       1.46  -11.91    1.65    0.00003    12.11  LEFT      5.27159E-02   -90.02    1.13142E-02   -90.01
   90.00    65.00       1.46  -12.03    1.65    0.00003    11.95  LEFT      5.27159E-02   -90.02    1.11614E-02   -90.01
   90.00    66.00       1.46  -12.15    1.64    0.00003    11.79  LEFT      5.27159E-02   -90.02    1.10051E-02   -90.01
   90.00    67.00       1.46  -12.28    1.64    0.00003    11.63  LEFT      5.27159E-02   -90.02    1.08455E-02   -90.01
   90.00    68.00       1.46  -12.41    1.63    0.00003    11.46  LEFT      5.27159E-02   -90.02    1.06826E-02   -90.01
   90.00    69.00       1.46  -12.55    1.63    0.00003    11.28  LEFT      5.27159E-02   -90.02    1.05164E-02   -90.01
   90.00    70.00       1.46  -12.69    1.62    0.00003    11.10  LEFT      5.27159E-02   -90.02    1.03470E-02   -90.01
   90.00    71.00       1.46  -12.83    1.61    0.00003    10.92  LEFT      5.27159E-02   -90.02    1.01745E-02   -90.01
   90.00    72.00       1.46  -12.98    1.61    0.00003    10.74  LEFT      5.27159E-02   -90.02    9.99888E-03   -90.01
   90.00    73.00       1.46  -13.14    1.60    0.00003    10.55  LEFT      5.27159E-02   -90.02    9.82020E-03   -90.01
   90.00    74.00       1.46  -13.30    1.60    0.00003    10.36  LEFT      5.27159E-02   -90.02    9.63854E-03   -90.01
   90.00    75.00       1.46  -13.47    1.59    0.00003    10.17  LEFT      5.27159E-02   -90.02    9.45394E-03   -90.01
   90.00    76.00       1.46  -13.64    1.59    0.00003     9.97  LEFT      5.27159E-02   -90.02    9.26646E-03   -90.01
   90.00    77.00       1.46  -13.83    1.58    0.00003     9.77  LEFT      5.27159E-02   -90.02    9.07616E-03   -90.01
   90.00    78.00       1.46  -14.01    1.58    0.00003     9.56  LEFT      5.27159E-02   -90.02    8.88309E-03   -90.01
   90.00    79.00       1.46  -14.21    1.57    0.00003     9.36  LEFT      5.27159E-02   -90.02    8.68732E-03   -90.01
   90.00    80.00       1.46  -14.41    1.57    0.00003     9.15  LEFT      5.27159E-02   -90.02    8.48890E-03   -90.01
   90.00    81.00       1.46  -14.61    1.56    0.00003     8.93  LEFT      5.27159E-02   -90.02    8.28789E-03   -90.01
   90.00    82.00       1.46  -14.83    1.56    0.00003     8.72  LEFT      5.27159E-02   -90.02    8.08436E-03   -90.01
   90.00    83.00       1.46  -15.05    1.55    0.00003     8.50  LEFT      5.27159E-02   -90.02    7.87837E-03   -90.01
   90.00    84.00       1.46  -15.29    1.55    0.00003     8.28  LEFT      5.27159E-02   -90.02    7.66998E-03   -90.01
   90.00    85.00       1.46  -15.53    1.54    0.00003     8.05  LEFT      5.27159E-02   -90.02    7.45925E-03   -90.01
   90.00    86.00       1.46  -15.78    1.54    0.00003     7.83  LEFT      5.27159E-02   -90.02    7.24625E-03   -90.01
   90.00    87.00       1.46  -16.04    1.53    0.00003     7.60  LEFT      5.27159E-02   -90.02    7.03104E-03   -90.01
   90.00    88.00       1.46  -16.32    1.53    0.00003     7.36  LEFT      5.27159E-02   -90.02    6.81369E-03   -90.01
   90.00    89.00       1.46  -16.60    1.52    0.00003     7.13  LEFT      5.27159E-02   -90.02    6.59427E-03   -90.01
   90.00    90.00       1.46  -16.90    1.52    0.00003     6.89  LEFT      5.27159E-02   -90.02    6.37284E-03   -90.01
   90.00    91.00       1.46  -17.21    1.51    0.00002     6.65  LEFT      5.27159E-02   -90.02    6.14946E-03   -90.01
   90.00    92.00       1.46  -17.53    1.51    0.00002     6.41  LEFT      5.27159E-02   -90.02    5.92421E-03   -90.01
   90.00    93.00       1.46  -17.87    1.51    0.00002     6.17  LEFT      5.27159E-02   -90.02    5.69716E-03   -90.01
   90.00    94.00       1.46  -18.23    1.50    0.00002     5.92  LEFT      5.27159E-02   -90.02    5.46837E-03   -90.01
   90.00    95.00       1.46  -18.60    1.50    0.00002     5.67  LEFT      5.27159E-02   -90.02    5.23792E-03   -90.01
   90.00    96.00       1.46  -18.99    1.49    0.00002     5.42  LEFT      5.27159E-02   -90.03    5.00587E-03   -90.01
   90.00    97.00       1.46  -19.41    1.49    0.00002     5.17  LEFT      5.27159E-02   -90.03    4.77230E-03   -90.01
   90.00    98.00       1.46  -19.85    1.49    0.00002     4.92  LEFT      5.27159E-02   -90.03    4.53727E-03   -90.01
   90.00    99.00       1.46  -20.31    1.48    0.00002     4.66  LEFT      5.27159E-02   -90.03    4.30086E-03   -90.01
   90.00   100.00       1.46  -20.81    1.48    0.00002     4.41  LEFT      5.27159E-02   -90.03    4.06314E-03   -90.01
   90.00   101.00       1.46  -21.33    1.48    0.00002     4.15  LEFT      5.27159E-02   -90.03    3.82418E-03   -90.01
   90.00   102.00       1.46  -21.90    1.48    0.00002     3.89  LEFT      5.27159E-02   -90.03    3.58406E-03   -90.01
   90.00   103.00       1.46  -22.50    1.47    0.00001     3.63  LEFT      5.27159E-02   -90.03    3.34284E-03   -90.01
   90.00   104.00       1.46  -23.15    1.47    0.00001     3.37  LEFT      5.27159E-02   -90.03    3.10061E-03   -90.01
   90.00   105.00       1.46  -23.86    1.47    0.00001     3.10  LEFT      5.27159E-02   -90.03    2.85743E-03   -90.01
   90.00   106.00       1.46  -24.64    1.47    0.00001     2.84  LEFT      5.27159E-02   -90.03    2.61339E-03   -90.01
   90.00   107.00       1.46  -25.49    1.46    0.00001     2.57  LEFT      5.27159E-02   -90.03    2.36854E-03   -90.01
   90.00   108.00       1.46  -26.44    1.46    0.00001     2.31  LINEAR    5.27159E-02   -90.03    2.12298E-03   -90.01
   90.00   109.00       1.46  -27.51    1.46    0.00001     2.04  LINEAR    5.27159E-02   -90.03    1.87677E-03   -90.01
   90.00   110.00       1.46  -28.74    1.46    0.00001     1.77  LINEAR    5.27159E-02   -90.03    1.62998E-03   -90.01
   90.00   111.00       1.46  -30.17    1.46    0.00001     1.50  LINEAR    5.27159E-02   -90.03    1.38270E-03   -90.01
   90.00   112.00       1.46  -31.88    1.46    0.00001     1.23  LINEAR    5.27159E-02   -90.03    1.13500E-03   -90.01
   90.00   113.00       1.46  -34.03    1.46    0.00000     0.96  LINEAR    5.27159E-02   -90.03    8.86956E-04   -90.01
   90.00   114.00       1.46  -36.88    1.46    0.00000     0.69  LINEAR    5.27159E-02   -90.03    6.38639E-04   -90.01
   90.00   115.00       1.46  -41.16    1.46    0.00000     0.42  LINEAR    5.27159E-02   -90.03    3.90128E-04   -90.01
   90.00   116.00       1.46  -49.97    1.46    0.00000     0.15  LINEAR    5.27159E-02   -90.03    1.41498E-04   -90.00
   90.00   117.00       1.46  -52.38    1.46    0.00000    -0.12  LINEAR    5.27159E-02   -90.03    1.07176E-04    89.97
   90.00   118.00       1.46  -41.96    1.46    0.00000    -0.39  LINEAR    5.27159E-02   -90.03    3.55816E-04    89.98
   90.00   119.00       1.46  -37.36    1.46    0.00000    -0.66  LINEAR    5.27159E-02   -90.03    6.04349E-04    89.98
   90.00   120.00       1.46  -34.37    1.46    0.00000    -0.93  LINEAR    5.27159E-02   -90.03    8.52697E-04    89.98
   90.00   121.00       1.46  -32.15    1.46    0.00000    -1.20  LINEAR    5.27159E-02   -90.03    1.10079E-03    89.99
   90.00   122.00       1.46  -30.39    1.46    0.00001    -1.47  LINEAR    5.27159E-02   -90.03    1.34854E-03    89.99
   90.00   123.00       1.46  -28.92    1.46    0.00001    -1.73  LINEAR    5.27159E-02   -90.03    1.59588E-03    89.99
   90.00   124.00       1.46  -27.67    1.46    0.00001    -2.00  LINEAR    5.27159E-02   -90.03    1.84274E-03    89.99
   90.00   125.00       1.46  -26.58    1.46    0.00001    -2.27  LINEAR    5.27159E-02   -90.03    2.08903E-03    89.99
   90.00   126.00       1.46  -25.62    1.46    0.00001    -2.54  LINEAR    5.27159E-02   -90.03    2.33469E-03    89.99
   90.00   127.00       1.46  -24.75    1.47    0.00001    -2.80  RIGHT     5.27159E-02   -90.03    2.57964E-03    89.99
   90.00   128.00       1.46  -23.97    1.47    0.00001    -3.07  RIGHT     5.27159E-02   -90.03    2.82380E-03    89.99
   90.00   129.00       1.46  -23.25    1.47    0.00001    -3.33  RIGHT     5.27159E-02   -90.03    3.06710E-03    89.99
   90.00   130.00       1.46  -22.59    1.47    0.00001    -3.59  RIGHT     5.27159E-02   -90.03    3.30947E-03    89.99
   90.00   131.00       1.46  -21.98    1.48    0.00001    -3.85  RIGHT     5.27159E-02   -90.03    3.55083E-03    89.99
   90.00   132.00       1.46  -21.41    1.48    0.00002    -4.11  RIGHT     5.27159E-02   -90.03    3.79111E-03    89.99
   90.00   133.00       1.46  -20.88    1.48    0.00002    -4.37  RIGHT     5.27159E-02   -90.03    4.03023E-03    89.99
   90.00   134.00       1.46  -20.38    1.48    0.00002    -4.63  RIGHT     5.27159E-02   -90.03    4.26812E-03    89.99
   90.00   135.00       1.46  -19.91    1.49    0.00002    -4.88  RIGHT     5.27159E-02   -90.03    4.50472E-03    89.99
   90.00   136.00       1.46  -19.47    1.49    0.00002    -5.14  RIGHT     5.27159E-02   -90.03    4.73994E-03    89.99
   90.00   137.00       1.46  -19.05    1.49    0.00002    -5.39  RIGHT     5.27159E-02   -90.03    4.97372E-03    89.99
   90.00   138.00       1.46  -18.65    1.50    0.00002    -5.64  RIGHT     5.27159E-02   -90.02    5.20598E-03    89.99
   90.00   139.00       1.46  -18.28    1.50    0.00002    -5.89  RIGHT     5.27159E-02   -90.02    5.43666E-03    89.99
   90.00   140.00       1.46  -17.92    1.51    0.00002    -6.13  RIGHT     5.27159E-02   -90.02    5.66568E-03    89.99
   90.00   141.00       1.46  -17.58    1.51    0.00002    -6.38  RIGHT     5.27159E-02   -90.02    5.89298E-03    89.99
   90.00   142.00       1.46  -17.25    1.51    0.00002    -6.62  RIGHT     5.27159E-02   -90.02    6.11848E-03    89.99
   90.00   143.00       1.46  -16.94    1.52    0.00002    -6.86  RIGHT     5.27159E-02   -90.02    6.34212E-03    89.99
   90.00   144.00       1.46  -16.64    1.52    0.00002    -7.10  RIGHT     5.27159E-02   -90.02    6.56382E-03    89.99
   90.00   145.00       1.46  -16.35    1.53    0.00003    -7.33  RIGHT     5.27159E-02   -90.02    6.78353E-03    89.99
   90.00   146.00       1.46  -16.08    1.53    0.00003    -7.57  RIGHT     5.27159E-02   -90.02    7.00117E-03    89.99
   90.00   147.00       1.46  -15.82    1.54    0.00003    -7.80  RIGHT     5.27159E-02   -90.02    7.21668E-03    89.99
   90.00   148.00       1.46  -15.56    1.54    0.00003    -8.02  RIGHT     5.27159E-02   -90.02    7.42999E-03    89.99
   90.00   149.00       1.46  -15.32    1.55    0.00003    -8.25  RIGHT     5.27159E-02   -90.02    7.64103E-03    89.99
   90.00   150.00       1.46  -15.09    1.55    0.00003    -8.47  RIGHT     5.27159E-02   -90.02    7.84975E-03    89.99
   90.00   151.00       1.46  -14.86    1.56    0.00003    -8.69  RIGHT     5.27159E-02   -90.02    8.05608E-03    89.99
   90.00   152.00       1.46  -14.64    1.56    0.00003    -8.91  RIGHT     5.27159E-02   -90.02    8.25995E-03    89.99
   90.00   153.00       1.46  -14.43    1.57    0.00003    -9.12  RIGHT     5.27159E-02   -90.02    8.46131E-03    89.99
   90.00   154.00       1.46  -14.23    1.57    0.00003    -9.33  RIGHT     5.27159E-02   -90.02    8.66009E-03    89.99
   90.00   155.00       1.46  -14.04    1.58    0.00003    -9.54  RIGHT     5.27159E-02   -90.02    8.85623E-03    89.99
   90.00   156.00       1.46  -13.85    1.58    0.00003    -9.74  RIGHT     5.27159E-02   -90.02    9.04967E-03    89.99
   90.00   157.00       1.46  -13.67    1.59    0.00003    -9.94  RIGHT     5.27159E-02   -90.02    9.24036E-03    89.99
   90.00   158.00       1.46  -13.49    1.59    0.00003   -10.14  RIGHT     5.27159E-02   -90.02    9.42823E-03    89.99
   90.00   159.00       1.46  -13.33    1.60    0.00003   -10.33  RIGHT     5.27159E-02   -90.02    9.61323E-03    89.99
   90.00   160.00       1.46  -13.16    1.60    0.00003   -10.53  RIGHT     5.27159E-02   -90.02    9.79531E-03    89.99
   90.00   161.00       1.46  -13.01    1.61    0.00003   -10.71  RIGHT     5.27159E-02   -90.02    9.97439E-03    89.99
   90.00   162.00       1.46  -12.85    1.61    0.00003   -10.90  RIGHT     5.27159E-02   -90.02    1.01504E-02    89.99
   90.00   163.00       1.46  -12.71    1.62    0.00003   -11.08  RIGHT     5.27159E-02   -90.02    1.03234E-02    89.99
   90.00   164.00       1.46  -12.56    1.62    0.00003   -11.26  RIGHT     5.27159E-02   -90.02    1.04932E-02    89.99
   90.00   165.00       1.46  -12.43    1.63    0.00003   -11.43  RIGHT     5.27159E-02   -90.02    1.06598E-02    89.99
   90.00   166.00       1.46  -12.30    1.63    0.00003   -11.60  RIGHT     5.27159E-02   -90.02    1.08232E-02    89.99
   90.00   167.00       1.46  -12.17    1.64    0.00003   -11.77  RIGHT     5.27159E-02   -90.02    1.09833E-02    89.99
   90.00   168.00       1.46  -12.05    1.65    0.00003   -11.93  RIGHT     5.27159E-02   -90.02    1.11400E-02    89.99
   90.00   169.00       1.46  -11.93    1.65    0.00003   -12.09  RIGHT     5.27159E-02   -90.02    1.12933E-02    89.99
   90.00   170.00       1.46  -11.81    1.66    0.00003   -12.25  RIGHT     5.27159E-02   -90.02    1.14432E-02    89.99
   90.00   171.00       1.46  -11.70    1.66    0.00003   -12.40  RIGHT     5.27159E-02   -90.02    1.15896E-02    89.99
   90.00   172.00       1.46  -11.60    1.67    0.00003   -12.55  RIGHT     5.27159E-02   -90.02    1.17325E-02    89.99
   90.00   173.00       1.46  -11.49    1.67    0.00003   -12.69  RIGHT     5.27159E-02   -90.01    1.18718E-02    89.99
   90.00   174.00       1.46  -11.39    1.68    0.00003   -12.83  RIGHT     5.27159E-02   -90.01    1.20075E-02    89.99
   90.00   175.00       1.46  -11.30    1.68    0.00003   -12.97  RIGHT     5.27159E-02   -90.01    1.21395E-02    89.99
   90.00   176.00       1.46  -11.21    1.68    0.00003   -13.10  RIGHT     5.27159E-02   -90.01    1.22679E-02    89.99
   90.00   177.00       1.46  -11.12    1.69    0.00003   -13.23  RIGHT     5.27159E-02   -90.01    1.23925E-02    89.99
   90.00   178.00       1.46  -11.04    1.69    0.00002   -13.35  RIGHT     5.27159E-02   -90.01    1.25133E-02    89.99
   90.00   179.00       1.46  -10.95    1.70    0.00002   -13.47  RIGHT     5.27159E-02   -90.01    1.26303E-02    89.99
   90.00   180.00       1.46  -10.88    1.70    0.00002   -13.59  RIGHT     5.27159E-02   -90.01    1.27435E-02    89.99
   90.00   181.00       1.46  -10.80    1.71    0.00002   -13.70  RIGHT     5.27159E-02   -90.01    1.28527E-02    89.99
   90.00   182.00       1.46  -10.73    1.71    0.00002   -13.81  RIGHT     5.27159E-02   -90.01    1.29581E-02    89.99
   90.00   183.00       1.46  -10.66    1.71    0.00002   -13.91  RIGHT     5.27159E-02   -90.01    1.30595E-02    89.99
   90.00   184.00       1.46  -10.60    1.72    0.00002   -14.01  RIGHT     5.27159E-02   -90.01    1.31570E-02    89.99
   90.00   185.00       1.46  -10.54    1.72    0.00002   -14.11  RIGHT     5.27159E-02   -90.01    1.32504E-02    89.99
   90.00   186.00       1.46  -10.48    1.73    0.00002   -14.20  RIGHT     5.27159E-02   -90.01    1.33398E-02    90.00
   90.00   187.00       1.46  -10.42    1.73    0.00002   -14.29  RIGHT     5.27159E-02   -90.01    1.34251E-02    90.00
   90.00   188.00       1.46  -10.37    1.73    0.00002   -14.37  RIGHT     5.27159E-02   -90.01    1.35064E-02    90.00
   90.00   189.00       1.46  -10.32    1.73    0.00002   -14.45  RIGHT     5.27159E-02   -90.01    1.35835E-02    90.00
   90.00   190.00       1.46  -10.28    1.74    0.00002   -14.52  RIGHT     5.27159E-02   -90.01    1.36565E-02    90.00
   90.00   191.00       1.46  -10.23    1.74    0.00001   -14.59  RIGHT     5.27159E-02   -90.01    1.37253E-02    90.00
   90.00   192.00       1.46  -10.19    1.74    0.00001   -14.66  RIGHT     5.27159E-02   -90.01    1.37900E-02    90.00
   90.00   193.00       1.46  -10.15    1.75    0.00001   -14.72  RIGHT     5.27159E-02   -90.01    1.38504E-02    90.00
   90.00   194.00       1.46  -10.12    1.75    0.00001   -14.78  RIGHT     5.27159E-02   -90.01    1.39067E-02    90.00
   90.00   195.00       1.46  -10.09    1.75    0.00001   -14.83  RIGHT     5.27159E-02   -90.01    1.39587E-02    90.00
   90.00   196.00       1.46  -10.06    1.75    0.00001   -14.88  RIGHT     5.27159E-02   -90.00    1.40064E-02    90.00
   90.00   197.00       1.46  -10.03    1.75    0.00001   -14.92  LINEAR    5.27159E-02   -90.00    1.40499E-02    90.00
   90.00   198.00       1.46  -10.01    1.76    0.00001   -14.96  LINEAR    5.27159E-02   -90.00    1.40891E-02    90.00
   90.00   199.00       1.46   -9.98    1.76    0.00001   -15.00  LINEAR    5.27159E-02   -90.00    1.41240E-02    90.00
   90.00   200.00       1.46   -9.97    1.76    0.00001   -15.03  LINEAR    5.27159E-02   -90.00    1.41546E-02    90.00
   90.00   201.00       1.46   -9.95    1.76    0.00001   -15.06  LINEAR    5.27159E-02   -90.00    1.41809E-02    90.00
   90.00   202.00       1.46   -9.94    1.76    0.00000   -15.08  LINEAR    5.27159E-02   -90.00    1.42028E-02    90.00
   90.00   203.00       1.46   -9.92    1.76    0.00000   -15.10  LINEAR    5.27159E-02   -90.00    1.42205E-02    90.00
   90.00   204.00       1.46   -9.92    1.76    0.00000   -15.11  LINEAR    5.27159E-02   -90.00    1.42338E-02    90.00
   90.00   205.00       1.46   -9.91    1.76    0.00000   -15.12  LINEAR    5.27159E-02   -90.00    1.42428E-02    90.00
   90.00   206.00       1.46   -9.91    1.76    0.00000   -15.12  LINEAR    5.27159E-02   -90.00    1.42474E-02    90.00
   90.00   207.00       1.46   -9.91    1.76    0.00000   -15.12  LINEAR    5.27159E-02   -90.00    1.42477E-02    90.00
   90.00   208.00       1.46   -9.91    1.76    0.00000   -15.12  LINEAR    5.27159E-02   -90.00    1.42437E-02    90.00
   90.00   209.00       1.46   -9.92    1.76    0.00000   -15.11  LINEAR    5.27159E-02   -90.00    1.42353E-02    90.00
   90.00   210.00       1.46   -9.92    1.76    0.00000   -15.10  LINEAR    5.27159E-02   -90.00    1.42226E-02    90.00
   90.00   211.00       1.46   -9.93    1.76    0.00000   -15.08  LINEAR    5.27159E-02   -90.00    1.42055E-02    90.00
   90.00   212.00       1.46   -9.95    1.76    0.00001   -15.06  LINEAR    5.27159E-02   -90.00    1.41842E-02    90.00
   90.00   213.00       1.46   -9.96    1.76    0.00001   -15.03  LINEAR    5.27159E-02   -90.00    1.41585E-02    90.00
   90.00   214.00       1.46   -9.98    1.76    0.00001   -15.00  LINEAR    5.27159E-02   -90.00    1.41285E-02    90.00
   90.00   215.00       1.46  -10.00    1.76    0.00001   -14.97  LINEAR    5.27159E-02   -90.00    1.40941E-02    90.00
   90.00   216.00       1.46  -10.03    1.75    0.00001   -14.93  LINEAR    5.27159E-02   -90.00    1.40555E-02    90.00
   90.00   217.00       1.46  -10.05    1.75    0.00001   -14.89  LEFT      5.27159E-02   -90.00    1.40127E-02    90.00
   90.00   218.00       1.46  -10.08    1.75    0.00001   -14.84  LEFT      5.27159E-02   -89.99    1.39655E-02    90.00
   90.00   219.00       1.46  -10.11    1.75    0.00001   -14.79  LEFT      5.27159E-02   -89.99    1.39141E-02    90.00
   90.00   220.00       1.46  -10.15    1.75    0.00001   -14.73  LEFT      5.27159E-02   -89.99    1.38584E-02    90.00
   90.00   221.00       1.46  -10.19    1.74    0.00001   -14.67  LEFT      5.27159E-02   -89.99    1.37986E-02    90.00
   90.00   222.00       1.46  -10.23    1.74    0.00002   -14.60  LEFT      5.27159E-02   -89.99    1.37345E-02    90.00
   90.00   223.00       1.46  -10.27    1.74    0.00002   -14.53  LEFT      5.27159E-02   -89.99    1.36662E-02    90.00
   90.00   224.00       1.46  -10.32    1.74    0.00002   -14.46  LEFT      5.27159E-02   -89.99    1.35938E-02    90.00
   90.00   225.00       1.46  -10.37    1.73    0.00002   -14.38  LEFT      5.27159E-02   -89.99    1.35173E-02    90.00
   90.00   226.00       1.46  -10.42    1.73    0.00002   -14.30  LEFT      5.27159E-02   -89.99    1.34366E-02    90.00
   90.00   227.00       1.46  -10.47    1.73    0.00002   -14.21  LEFT      5.27159E-02   -89.99    1.33518E-02    90.00
   90.00   228.00       1.46  -10.53    1.72    0.00002   -14.12  LEFT      5.27159E-02   -89.99    1.32630E-02    90.00
   90.00   229.00       1.46  -10.59    1.72    0.00002   -14.03  LEFT      5.27159E-02   -89.99    1.31701E-02    90.01
   90.00   230.00       1.46  -10.66    1.71    0.00002   -13.93  LEFT      5.27159E-02   -89.99    1.30732E-02    90.01
   90.00   231.00       1.46  -10.72    1.71    0.00002   -13.82  LEFT      5.27159E-02   -89.99    1.29723E-02    90.01
   90.00   232.00       1.46  -10.79    1.71    0.00002   -13.72  LEFT      5.27159E-02   -89.99    1.28675E-02    90.01
   90.00   233.00       1.46  -10.87    1.70    0.00002   -13.61  LEFT      5.27159E-02   -89.99    1.27588E-02    90.01
   90.00   234.00       1.46  -10.94    1.70    0.00002   -13.49  LEFT      5.27159E-02   -89.99    1.26462E-02    90.01
   90.00   235.00       1.46  -11.02    1.69    0.00003   -13.37  LEFT      5.27159E-02   -89.99    1.25297E-02    90.01
   90.00   236.00       1.46  -11.11    1.69    0.00003   -13.25  LEFT      5.27159E-02   -89.99    1.24094E-02    90.01
   90.00   237.00       1.46  -11.20    1.69    0.00003   -13.12  LEFT      5.27159E-02   -89.99    1.22853E-02    90.01
   90.00   238.00       1.46  -11.29    1.68    0.00003   -12.99  LEFT      5.27159E-02   -89.99    1.21575E-02    90.01
   90.00   239.00       1.46  -11.38    1.68    0.00003   -12.85  LEFT      5.27159E-02   -89.99    1.20260E-02    90.01
   90.00   240.00       1.46  -11.48    1.67    0.00003   -12.71  LEFT      5.27159E-02   -89.99    1.18908E-02    90.01
   90.00   241.00       1.46  -11.58    1.67    0.00003   -12.57  LEFT      5.27159E-02   -89.98    1.17520E-02    90.01
   90.00   242.00       1.46  -11.69    1.66    0.00003   -12.42  LEFT      5.27159E-02   -89.98    1.16096E-02    90.01
   90.00   243.00       1.46  -11.80    1.66    0.00003   -12.27  LEFT      5.27159E-02   -89.98    1.14637E-02    90.01
   90.00   244.00       1.46  -11.91    1.65    0.00003   -12.11  LEFT      5.27159E-02   -89.98    1.13142E-02    90.01
   90.00   245.00       1.46  -12.03    1.65    0.00003   -11.95  LEFT      5.27159E-02   -89.98    1.11614E-02    90.01
   90.00   246.00       1.46  -12.15    1.64    0.00003   -11.79  LEFT      5.27159E-02   -89.98    1.10051E-02    90.01
   90.00   247.00       1.46  -12.28    1.64    0.00003   -11.63  LEFT      5.27159E-02   -89.98    1.08455E-02    90.01
   90.00   248.00       1.46  -12.41    1.63    0.00003   -11.46  LEFT      5.27159E-02   -89.98    1.06826E-02    90.01
   90.00   249.00       1.46  -12.55    1.63    0.00003   -11.28  LEFT      5.27159E-02   -89.98    1.05164E-02    90.01
   90.00   250.00       1.46  -12.69    1.62    0.00003   -11.10  LEFT      5.27159E-02   -89.98    1.03470E-02    90.01
   90.00   251.00       1.46  -12.83    1.61    0.00003   -10.92  LEFT      5.27159E-02   -89.98    1.01745E-02    90.01
   90.00   252.00       1.46  -12.98    1.61    0.00003   -10.74  LEFT      5.27159E-02   -89.98    9.99888E-03    90.01
   90.00   253.00       1.46  -13.14    1.60    0.00003   -10.55  LEFT      5.27159E-02   -89.98    9.82020E-03    90.01
   90.00   254.00       1.46  -13.30    1.60    0.00003   -10.36  LEFT      5.27159E-02   -89.98    9.63854E-03    90.01
   90.00   255.00       1.46  -13.47    1.59    0.00003   -10.17  LEFT      5.27159E-02   -89.98    9.45394E-03    90.01
   90.00   256.00       1.46  -13.64    1.59    0.00003    -9.97  LEFT      5.27159E-02   -89.98    9.26646E-03    90.01
   90.00   257.00       1.46  -13.83    1.58    0.00003    -9.77  LEFT      5.27159E-02   -89.98    9.07616E-03    90.01
   90.00   258.00       1.46  -14.01    1.58    0.00003    -9.56  LEFT      5.27159E-02   -89.98    8.88309E-03    90.01
   90.00   259.00       1.46  -14.21    1.57    0.00003    -9.36  LEFT      5.27159E-02   -89.98    8.68732E-03    90.01
   90.00   260.00       1.46  -14.41    1.57    0.00003    -9.15  LEFT      5.27159E-02   -89.98    8.48890E-03    90.01
   90.00   261.00       1.46  -14.61    1.56    0.00003    -8.93  LEFT      5.27159E-02   -89.98    8.28789E-03    90.01
   90.00   262.00       1.46  -14.83    1.56    0.00003    -8.72  LEFT      5.27159E-02   -89.98    8.08436E-03    90.01
   90.00   263.00       1.46  -15.05    1.55    0.00003    -8.50  LEFT      5.27159E-02   -89.98    7.87837E-03    90.01
   90.00   264.00       1.46  -15.29    1.55    0.00003    -8.28  LEFT      5.27159E-02   -89.98    7.66998E-03    90.01
   90.00   265.00       1.46  -15.53    1.54    0.00003    -8.05  LEFT      5.27159E-02   -89.98    7.45925E-03    90.01
   90.00   266.00       1.46  -15.78    1.54    0.00003    -7.83  LEFT      5.27159E-02   -89.98    7.24625E-03    90.01
   90.00   267.00       1.46  -16.04    1.53    0.00003    -7.60  LEFT      5.27159E-02   -89.98    7.03104E-03    90.01
   90.00   268.00       1.46  -16.32    1.53    0.00003    -7.36  LEFT      5.27159E-02   -89.98    6.81369E-03    90.01
   90.00   269.00       1.46  -16.60    1.52    0.00003    -7.13  LEFT      5.27159E-02   -89.98    6.59427E-03    90.01
   90.00   270.00       1.46  -16.90    1.52    0.00003    -6.89  LEFT      5.27159E-02   -89.98    6.37284E-03    90.01
   90.00   271.00       1.46  -17.21    1.51    0.00002    -6.65  LEFT      5.27159E-02   -89.98    6.14946E-03    90.01
   90.00   272.00       1.46  -17.53    1.51    0.00002    -6.41  LEFT      5.27159E-02   -89.98    5.92421E-03    90.01
   90.00   273.00       1.46  -17.87    1.51    0.00002    -6.17  LEFT      5.27159E-02   -89.98    5.69716E-03    90.01
   90.00   274.00       1.46  -18.23    1.50    0.00002    -5.92  LEFT      5.27159E-02   -89.98    5.46837E-03    90.01
   90.00   275.00       1.46  -18.60    1.50    0.00002    -5.67  LEFT      5.27159E-02   -89.98    5.23792E-03    90.01
   90.00   276.00       1.46  -18.99    1.49    0.00002    -5.42  LEFT      5.27159E-02   -89.97    5.00587E-03    90.01
   90.00   277.00       1.46  -19.41    1.49    0.00002    -5.17  LEFT      5.27159E-02   -89.97    4.77230E-03    90.01
   90.00   278.00       1.46  -19.85    1.49    0.00002    -4.92  LEFT      5.27159E-02   -89.97    4.53727E-03    90.01
   90.00   279.00       1.46  -20.31    1.48    0.00002    -4.66  LEFT      5.27159E-02   -89.97    4.30086E-03    90.01
   90.00   280.00       1.46  -20.81    1.48    0.00002    -4.41  LEFT      5.27159E-02   -89.97    4.06314E-03    90.01
   90.00   281.00       1.46  -21.33    1.48    0.00002    -4.15  LEFT      5.27159E-02   -89.97    3.82418E-03    90.01
   90.00   282.00       1.46  -21.90    1.48    0.00002    -3.89  LEFT      5.27159E-02   -89.97    3.58406E-03    90.01
   90.00   283.00       1.46  -22.50    1.47    0.00001    -3.63  LEFT      5.27159E-02   -89.97    3.34284E-03    90.01
   90.00   284.00       1.46  -23.15    1.47    0.00001    -3.37  LEFT      5.27159E-02   -89.97    3.10061E-03    90.01
   90.00   285.00       1.46  -23.86    1.47    0.00001    -3.10  LEFT      5.27159E-02   -89.97    2.85743E-03    90.01
   90.00   286.00       1.46  -24.64    1.47    0.00001    -2.84  LEFT      5.27159E-02   -89.97    2.61339E-03    90.01
   90.00   287.00       1.46  -25.49    1.46    0.00001    -2.57  LEFT      5.27159E-02   -89.97    2.36854E-03    90.01
   90.00   288.00       1.46  -26.44    1.46    0.00001    -2.31  LINEAR    5.27159E-02   -89.97    2.12298E-03    90.01
   90.00   289.00       1.46  -27.51    1.46    0.00001    -2.04  LINEAR    5.27159E-02   -89.97    1.87677E-03    90.01
   90.00   290.00       1.46  -28.74    1.46    0.00001    -1.77  LINEAR    5.27159E-02   -89.97    1.62998E-03    90.01
   90.00   291.00       1.46  -30.17    1.46    0.00001    -1.50  LINEAR    5.27159E-02   -89.97    1.38270E-03    90.01
   90.00   292.00       1.46  -31.88    1.46    0.00001    -1.23  LINEAR    5.27159E-02   -89.97    1.13500E-03    90.01
   90.00   293.00       1.46  -34.03    1.46    0.00000    -0.96  LINEAR    5.27159E-02   -89.97    8.86956E-04    90.01
   90.00   294.00       1.46  -36.88    1.46    0.00000    -0.69  LINEAR    5.27159E-02   -89.97    6.38639E-04    90.01
   90.00   295.00       1.46  -41.16    1.46    0.00000    -0.42  LINEAR    5.27159E-02   -89.97    3.90128E-04    90.01
   90.00   296.00       1.46  -49.97    1.46    0.00000    -0.15  LINEAR    5.27159E-02   -89.97    1.41498E-04    90.00
   90.00   297.00       1.46  -52.38    1.46    0.00000     0.12  LINEAR    5.27159E-02   -89.97    1.07176E-04   -89.97
   90.00   298.00       1.46  -41.96    1.46    0.00000     0.39  LINEAR    5.27159E-02   -89.97    3.55816E-04   -89.98
   90.00   299.00       1.46  -37.36    1.46    0.00000     0.66  LINEAR    5.27159E-02   -89.97    6.04349E-04   -89.98
   90.00   300.00       1.46  -34.37    1.46    0.00000     0.93  LINEAR    5.27159E-02   -89.97    8.52697E-04   -89.98
   90.00   301.00       1.46  -32.15    1.46    0.00000     1.20  LINEAR    5.27159E-02   -89.97    1.10079E-03   -89.99
   90.00   302.00       1.46  -30.39    1.46    0.00001     1.47  LINEAR    5.27159E-02   -89.97    1.34854E-03   -89.99
   90.00   303.00       1.46  -28.92    1.46    0.00001     1.73  LINEAR    5.27159E-02   -89.97    1.59588E-03   -89.99
   90.00   304.00       1.46  -27.67    1.46    0.00001     2.00  LINEAR    5.27159E-02   -89.97    1.84274E-03   -89.99
   90.00   305.00       1.46  -26.58    1.46    0.00001     2.27  LINEAR    5.27159E-02   -89.97    2.08903E-03   -89.99
   90.00   306.00       1.46  -25.62    1.46    0.00001     2.54  LINEAR    5.27159E-02   -89.97    2.33469E-03   -89.99
   90.00   307.00       1.46  -24.75    1.47    0.00001     2.80  RIGHT     5.27159E-02   -89.97    2.57964E-03   -89.99
   90.00   308.00       1.46  -23.97    1.47    0.00001     3.07  RIGHT     5.27159E-02   -89.97    2.82380E-03   -89.99
   90.00   309.00       1.46  -23.25    1.47    0.00001     3.33  RIGHT     5.27159E-02   -89.97    3.06710E-03   -89.99
   90.00   310.00       1.46  -22.59    1.47    0.00001     3.59  RIGHT     5.27159E-02   -89.97    3.30947E-03   -89.99
   90.00   311.00       1.46  -21.98    1.48    0.00001     3.85  RIGHT     5.27159E-02   -89.97    3.55083E-03   -89.99
   90.00   312.00       1.46  -21.41    1.48    0.00002     4.11  RIGHT     5.27159E-02   -89.97    3.79111E-03   -89.99
   90.00   313.00       1.46  -20.88    1.48    0.00002     4.37  RIGHT     5.27159E-02   -89.97    4.03023E-03   -89.99
   90.00   314.00       1.46  -20.38    1.48    0.00002     4.63  RIGHT     5.27159E-02   -89.97    4.26812E-03   -89.99
   90.00   315.00       1.46  -19.91    1.49    0.00002     4.88  RIGHT     5.27159E-02   -89.97    4.50472E-03   -89.99
   90.00   316.00       1.46  -19.47    1.49    0.00002     5.14  RIGHT     5.27159E-02   -89.97    4.73994E-03   -89.99
   90.00   317.00       1.46  -19.05    1.49    0.00002     5.39  RIGHT     5.27159E-02   -89.97    4.97372E-03   -89.99
   90.00   318.00       1.46  -18.65    1.50    0.00002     5.64  RIGHT     5.27159E-02   -89.98    5.20598E-03   -89.99
   90.00   319.00       1.46  -18.28    1.50    0.00002     5.89  RIGHT     5.27159E-02   -89.98    5.43666E-03   -89.99
   90.00   320.00       1.46  -17.92    1.51    0.00002     6.13  RIGHT     5.27159E-02   -89.98    5.66568E-03   -89.99
   90.00   321.00       1.46  -17.58    1.51    0.00002     6.38  RIGHT     5.27159E-02   -89.98    5.89298E-03   -89.99
   90.00   322.00       1.46  -17.25    1.51    0.00002     6.62  RIGHT     5.27159E-02   -89.98    6.11848E-03   -89.99
   90.00   323.00       1.46  -16.94    1.52    0.00002     6.86  RIGHT     5.27159E-02   -89.98    6.34212E-03   -89.99
   90.00   324.00       1.46  -16.64    1.52    0.00002     7.10  RIGHT     5.27159E-02   -89.98    6.56382E-03   -89.99
   90.00   325.00       1.46  -16.35    1.53    0.00003     7.33  RIGHT     5.27159E-02   -89.98    6.78353E-03   -89.99
   90.00   326.00       1.46  -16.08    1.53    0.00003     7.57  RIGHT     5.27159E-02   -89.98    7.00117E-03   -89.99
   90.00   327.00       1.46  -15.82    1.54    0.00003     7.80  RIGHT     5.27159E-02   -89.98    7.21668E-03   -89.99
   90.00   328.00       1.46  -15.56    1.54    0.00003     8.02  RIGHT     5.27159E-02   -89.98    7.42999E-03   -89.99
   90.00   329.00       1.46  -15.32    1.55    0.00003     8.25  RIGHT     5.27159E-02   -89.98    7.64103E-03   -89.99
   90.00   330.00       1.46  -15.09    1.55    0.00003     8.47  RIGHT     5.27159E-02   -89.98    7.84975E-03   -89.99
   90.00   331.00       1.46  -14.86    1.56    0.00003     8.69  RIGHT     5.27159E-02   -89.98    8.05608E-03   -89.99
   90.00   332.00       1.46  -14.64    1.56    0.00003     8.91  RIGHT     5.27159E-02   -89.98    8.25995E-03   -89.99
   90.00   333.00       1.46  -14.43    1.57    0.00003     9.12  RIGHT     5.27159E-02   -89.98    8.46131E-03   -89.99
   90.00   334.00       1.46  -14.23    1.57    0.00003     9.33  RIGHT     5.27159E-02   -89.98    8.66009E-03   -89.99
   90.00   335.00       1.46  -14.04    1.58    0.00003     9.54  RIGHT     5.27159E-02   -89.98    8.85623E-03   -89.99
   90.00   336.00       1.46  -13.85    1.58    0.00003     9.74  RIGHT     5.27159E-02   -89.98    9.04967E-03   -89.99
   90.00   337.00       1.46  -13.67    1.59    0.00003     9.94  RIGHT     5.27159E-02   -89.98    9.24036E-03   -89.99
   90.00   338.00       1.46  -13.49    1.59    0.00003    10.14  RIGHT     5.27159E-02   -89.98    9.42823E-03   -89.99
   90.00   339.00       1.46  -13.33    1.60    0.00003    10.33  RIGHT     5.27159E-02   -89.98    9.61323E-03   -89.99
   90.00   340.00       1.46  -13.16    1.60    0.00003    10.53  RIGHT     5.27159E-02   -89.98    9.79531E-03   -89.99
   90.00   341.00       1.46  -13.01    1.61    0.00003    10.71  RIGHT     5.27159E-02   -89.98    9.97439E-03   -89.99
   90.00   342.00       1.46  -12.85    1.61    0.00003    10.90  RIGHT     5.27159E-02   -89.98    1.01504E-02   -89.99
   90.00   343.00       1.46  -12.71    1.62    0.00003    11.08  RIGHT     5.27159E-02   -89.98    1.03234E-02   -89.99
   90.00   344.00       1.46  -12.56    1.62    0.00003    11.26  RIGHT     5.27159E-02   -89.98    1.04932E-02   -89.99
   90.00   345.00       1.46  -12.43    1.63    0.00003    11.43  RIGHT     5.27159E-02   -89.98    1.06598E-02   -89.99
   90.00   346.00       1.46  -12.30    1.63    0.00003    11.60  RIGHT     5.27159E-02   -89.98    1.08232E-02   -89.99
   90.00   347.00       1.46  -12.17    1.64    0.00003    11.77  RIGHT     5.27159E-02   -89.98    1.09833E-02   -89.99
   90.00   348.00       1.46  -12.05    1.65    0.00003    11.93  RIGHT     5.27159E-02   -89.98    1.11400E-02   -89.99
   90.00   349.00       1.46  -11.93    1.65    0.00003    12.09  RIGHT     5.27159E-02   -89.98    1.12933E-02   -89.99
   90.00   350.00       1.46  -11.81    1.66    0.00003    12.25  RIGHT     5.27159E-02   -89.98    1.14432E-02   -89.99
   90.00   351.00       1.46  -11.70    1.66    0.00003    12.40  RIGHT     5.27159E-02   -89.98    1.15896E-02   -89.99
   90.00   352.00       1.46  -11.60    1.67    0.00003    12.55  RIGHT     5.27159E-02   -89.98    1.17325E-02   -89.99
   90.00   353.00       1.46  -11.49    1.67    0.00003    12.69  RIGHT     5.27159E-02   -89.99    1.18718E-02   -89.99
   90.00   354.00       1.46  -11.39    1.68    0.00003    12.83  RIGHT     5.27159E-02   -89.99    1.20075E-02   -89.99
   90.00   355.00       1.46  -11.30    1.68    0.00003    12.97  RIGHT     5.27159E-02   -89.99    1.21395E-02   -89.99
   90.00   356.00       1.46  -11.21    1.68    0.00003    13.10  RIGHT     5.27159E-02   -89.99    1.22679E-02   -89.99
   90.00   357.00       1.46  -11.12    1.69    0.00003    13.23  RIGHT     5.27159E-02   -89.99    1.23925E-02   -89.99
   90.00   358.00       1.46  -11.04    1.69    0.00002    13.35  RIGHT     5.27159E-02   -89.99    1.25133E-02   -89.99
   90.00   359.00       1.46  -10.95    1.70    0.00002    13.47  RIGHT     5.27159E-02   -89.99    1.26303E-02   -89.99
   90.00   360.00       1.46  -10.88    1.70    0.00002    13.59  RIGHT     5.27159E-02   -89.99    1.27435E-02   -89.99






 ***** INPUT LINE  6  EN   0    0    0    0  0.00000E+00  0.00000E+00  0.00000E+00  0.00000E+00  0.00000E+00  0.00000E+00

 RUN TIME =     0.000
