1
 x13



                                ***********************************************
                                *                                             *
                                *  NUMERICAL ELECTROMAGNETICS CODE (NEC-5)    *
                                *                                             *
                                ***********************************************




                      **********************************************************

                          Dipole in free space                                                         
                                                                                                       
                          EZNEC Pro/2+ v. 7.0.4  2026-08-25 16:07:01                                   
                                                                                                       
                          ! Written by EZNEC/Pro+ v. 7.0 in NEC-5 format.                              
                                                                                                       

                      **********************************************************





                                 - - - STRUCTURE SPECIFICATION - - -

                                     COORDINATES MUST BE INPUT IN
                                     METERS OR BE SCALED TO METERS
                                     BEFORE STRUCTURE INPUT IS ENDED

 Model definition commands:

 GW    1    11  0.00000E+00 -2.50000E-01  0.00000E+00  0.00000E+00  2.50000E-01  0.00000E+00  5.00000E-04
 GE    0   -1

 Number of nodes :    12
 Number of wire elements :    11
 Number of patch elements:     0
 Number unknowns:    10




 ***** INPUT LINE  1  FR   0    1    0    0  3.08000E+02  0.00000E+00  0.00000E+00  0.00000E+00  0.00000E+00  0.00000E+00
 ***** INPUT LINE  2  GN  -1    0    0    0  0.00000E+00  0.00000E+00  0.00000E+00  0.00000E+00  0.00000E+00  0.00000E+00
 ***** INPUT LINE  3  EX   4    1    6    0  1.41421E+00  0.00000E+00  0.00000E+00  0.00000E+00  0.00000E+00  0.00000E+00
 ***** INPUT LINE  4  PQ   0    0    0    0  0.00000E+00  0.00000E+00  0.00000E+00  0.00000E+00  0.00000E+00  0.00000E+00
 ***** INPUT LINE  5  XQ   0    0    0    0  0.00000E+00  0.00000E+00  0.00000E+00  0.00000E+00  0.00000E+00  0.00000E+00




                                 - - - - - - FREQUENCY - - - - - -

                                    FREQUENCY= 3.0800E+02 MHZ
                                    WAVELENGTH= 9.7338E-01 METERS



                                  - - - ANTENNA ENVIRONMENT - - -

                                            FREE SPACE



                               - - - STRUCTURE IMPEDANCE LOADING - - -

                                   THIS STRUCTURE IS NOT LOADED
ALLOCATE CM:            100



                                - - - MATRIX TIMING - - -

                        FILL=    0.000 SEC.,  FACTOR=    0.000 SEC.



                                          - - - ANTENNA INPUT PARAMETERS - - -

   TAG   SEG.    VOLTAGE (VOLTS)         CURRENT (AMPS)         IMPEDANCE (OHMS)        ADMITTANCE (MHOS)      POWER
   NO.   NO.    REAL        IMAG.       REAL        IMAG.       REAL        IMAG.       REAL        IMAG.     (WATTS)
   1     6 1  1.2383E+02  8.3854E+01  1.4142E+00  0.0000E+00  8.7559E+01  5.9294E+01  7.8301E-03 -5.3024E-03  8.7559E+01



                                       - - - Wire Currents - - -

                             Lengths normalized by wavelength (or 2.*pi/CABS(k))

  Elem.  Tag            Coord. of seg. center          Seg.            - - - Current (Amps) - - -
   No.   No.     X            Y            Z           Length       Real         Imag.        Mag.         Phase
      1    1  0.00000E+00 -2.33489E-01  0.00000E+00  4.66978E-02  2.40126E-01 -3.21081E-02  2.42264E-01   -7.6160
      2    1  0.00000E+00 -1.86791E-01  0.00000E+00  4.66978E-02  6.75552E-01 -8.35023E-02  6.80694E-01   -7.0464
      3    1  0.00000E+00 -1.40093E-01  0.00000E+00  4.66978E-02  1.02353E+00 -1.10135E-01  1.02944E+00   -6.1416
      4    1  0.00000E+00 -9.33956E-02  0.00000E+00  4.66978E-02  1.27716E+00 -1.12208E-01  1.28208E+00   -5.0210
      5    1  0.00000E+00 -4.66978E-02  0.00000E+00  4.66978E-02  1.41985E+00 -8.85332E-02  1.42261E+00   -3.5680
      6    1  0.00000E+00  3.56434E-17  0.00000E+00  4.66978E-02  1.43791E+00 -3.50666E-02  1.43834E+00   -1.3970
      7    1  0.00000E+00  4.66978E-02  0.00000E+00  4.66978E-02  1.37792E+00 -2.63235E-02  1.37817E+00   -1.0944
      8    1  0.00000E+00  9.33956E-02  0.00000E+00  4.66978E-02  1.24424E+00 -6.30731E-02  1.24583E+00   -2.9020
      9    1  0.00000E+00  1.40093E-01  0.00000E+00  4.66978E-02  9.98291E-01 -7.22360E-02  1.00090E+00   -4.1387
     10    1  0.00000E+00  1.86791E-01  0.00000E+00  4.66978E-02  6.59276E-01 -5.89208E-02  6.61904E-01   -5.1071
     11    1  0.00000E+00  2.33489E-01  0.00000E+00  4.66978E-02  2.34407E-01 -2.34344E-02  2.35576E-01   -5.7091



                             - - - Wire Charge Densities - - -

                     Lengths normalized by wavelength (or 2.*pi/CABS(k))

  ELEM.  TAG          Coord. of Seg. Center           Seg.        Charge Density (C/m)
   No.   No.     X            Y            Z          Length        Mag.         Phase
      1    1  0.00000E+00 -2.33489E-01  0.00000E+00  4.66978E-02  5.50821E-09   82.3840
      2    1  0.00000E+00 -1.86791E-01  0.00000E+00  4.66978E-02  4.46201E-09   84.3602
      3    1  0.00000E+00 -1.40093E-01  0.00000E+00  4.66978E-02  3.47544E-09   87.2451
      4    1  0.00000E+00 -9.33956E-02  0.00000E+00  4.66978E-02  2.29819E-09   92.9911
      5    1  0.00000E+00 -4.66978E-02  0.00000E+00  4.66978E-02  1.03738E-09  113.7831
      6    1  0.00000E+00  3.56434E-17  0.00000E+00  4.66978E-02  9.62228E-10 -145.9537
      7    1  0.00000E+00  4.66978E-02  0.00000E+00  4.66978E-02  1.01936E-09  -54.0459
      8    1  0.00000E+00  9.33956E-02  0.00000E+00  4.66978E-02  2.22701E-09  -83.8896
      9    1  0.00000E+00  1.40093E-01  0.00000E+00  4.66978E-02  3.37769E-09  -90.4872
     10    1  0.00000E+00  1.86791E-01  0.00000E+00  4.66978E-02  4.33908E-09  -93.6207
     11    1  0.00000E+00  2.33489E-01  0.00000E+00  4.66978E-02  5.35615E-09  -95.7091



                                        - - - POWER BUDGET - - -

                                           INPUT POWER   = 8.7559E+01 WATTS
                                           RADIATED POWER= 8.7559E+01 WATTS
                                           WIRE LOSS     = 0.0000E+00 WATTS
                                           EFFICIENCY    = 100.00 PERCENT




 ***** INPUT LINE  6  EN   0    0    0    0  0.00000E+00  0.00000E+00  0.00000E+00  0.00000E+00  0.00000E+00  0.00000E+00

 RUN TIME =     0.000
