1
 x13



                                ***********************************************
                                *                                             *
                                *  NUMERICAL ELECTROMAGNETICS CODE (NEC-5)    *
                                *                                             *
                                ***********************************************




                      **********************************************************

                          Dipole in free space                                                         
                                                                                                       
                          EZNEC Pro/2+ v. 7.0.4  2026-08-25 16:07:11                                   
                                                                                                       
                          ! Written by EZNEC/Pro+ v. 7.0 in NEC-5 format.                              
                                                                                                       

                      **********************************************************





                                 - - - STRUCTURE SPECIFICATION - - -

                                     COORDINATES MUST BE INPUT IN
                                     METERS OR BE SCALED TO METERS
                                     BEFORE STRUCTURE INPUT IS ENDED

 Model definition commands:

 GW    1    11  0.00000E+00 -2.50000E-01  0.00000E+00  0.00000E+00  2.50000E-01  0.00000E+00  5.00000E-04
 GE    0   -1

 Number of nodes :    12
 Number of wire elements :    11
 Number of patch elements:     0
 Number unknowns:    10




 ***** INPUT LINE  1  FR   0    1    0    0  3.49000E+02  0.00000E+00  0.00000E+00  0.00000E+00  0.00000E+00  0.00000E+00
 ***** INPUT LINE  2  GN  -1    0    0    0  0.00000E+00  0.00000E+00  0.00000E+00  0.00000E+00  0.00000E+00  0.00000E+00
 ***** INPUT LINE  3  EX   4    1    6    0  1.41421E+00  0.00000E+00  0.00000E+00  0.00000E+00  0.00000E+00  0.00000E+00
 ***** INPUT LINE  4  PQ   0    0    0    0  0.00000E+00  0.00000E+00  0.00000E+00  0.00000E+00  0.00000E+00  0.00000E+00
 ***** INPUT LINE  5  XQ   0    0    0    0  0.00000E+00  0.00000E+00  0.00000E+00  0.00000E+00  0.00000E+00  0.00000E+00




                                 - - - - - - FREQUENCY - - - - - -

                                    FREQUENCY= 3.4900E+02 MHZ
                                    WAVELENGTH= 8.5903E-01 METERS



                                  - - - ANTENNA ENVIRONMENT - - -

                                            FREE SPACE



                               - - - STRUCTURE IMPEDANCE LOADING - - -

                                   THIS STRUCTURE IS NOT LOADED
ALLOCATE CM:            100



                                - - - MATRIX TIMING - - -

                        FILL=    0.000 SEC.,  FACTOR=    0.000 SEC.



                                          - - - ANTENNA INPUT PARAMETERS - - -

   TAG   SEG.    VOLTAGE (VOLTS)         CURRENT (AMPS)         IMPEDANCE (OHMS)        ADMITTANCE (MHOS)      POWER
   NO.   NO.    REAL        IMAG.       REAL        IMAG.       REAL        IMAG.       REAL        IMAG.     (WATTS)
   1     6 1  1.9706E+02  2.9906E+02  1.4142E+00  0.0000E+00  1.3934E+02  2.1147E+02  2.1727E-03 -3.2972E-03  1.3934E+02



                                       - - - Wire Currents - - -

                             Lengths normalized by wavelength (or 2.*pi/CABS(k))

  Elem.  Tag            Coord. of seg. center          Seg.            - - - Current (Amps) - - -
   No.   No.     X            Y            Z           Length       Real         Imag.        Mag.         Phase
      1    1  0.00000E+00 -2.64570E-01  0.00000E+00  5.29141E-02  2.97759E-01 -5.93539E-02  3.03617E-01  -11.2733
      2    1  0.00000E+00 -2.11656E-01  0.00000E+00  5.29141E-02  8.31937E-01 -1.55151E-01  8.46280E-01  -10.5639
      3    1  0.00000E+00 -1.58742E-01  0.00000E+00  5.29141E-02  1.24085E+00 -2.05641E-01  1.25778E+00   -9.4098
      4    1  0.00000E+00 -1.05828E-01  0.00000E+00  5.29141E-02  1.50730E+00 -2.09658E-01  1.52181E+00   -7.9188
      5    1  0.00000E+00 -5.29141E-02  0.00000E+00  5.29141E-02  1.60591E+00 -1.64833E-01  1.61435E+00   -5.8604
      6    1  0.00000E+00  4.03882E-17  0.00000E+00  5.29141E-02  1.51239E+00 -6.50182E-02  1.51379E+00   -2.4616
      7    1  0.00000E+00  5.29141E-02  0.00000E+00  5.29141E-02  1.42788E+00 -4.62997E-02  1.42863E+00   -1.8572
      8    1  0.00000E+00  1.05828E-01  0.00000E+00  5.29141E-02  1.36057E+00 -1.10819E-01  1.36508E+00   -4.6565
      9    1  0.00000E+00  1.58742E-01  0.00000E+00  5.29141E-02  1.12460E+00 -1.26486E-01  1.13170E+00   -6.4172
     10    1  0.00000E+00  2.11656E-01  0.00000E+00  5.29141E-02  7.55369E-01 -1.02489E-01  7.62290E-01   -7.7267
     11    1  0.00000E+00  2.64570E-01  0.00000E+00  5.29141E-02  2.70567E-01 -4.05213E-02  2.73584E-01   -8.5176



                             - - - Wire Charge Densities - - -

                     Lengths normalized by wavelength (or 2.*pi/CABS(k))

  ELEM.  TAG          Coord. of Seg. Center           Seg.        Charge Density (C/m)
   No.   No.     X            Y            Z          Length        Mag.         Phase
      1    1  0.00000E+00 -2.64570E-01  0.00000E+00  5.29141E-02  6.09220E-09   78.7267
      2    1  0.00000E+00 -2.11656E-01  0.00000E+00  5.29141E-02  4.79985E-09   81.2370
      3    1  0.00000E+00 -1.58742E-01  0.00000E+00  5.29141E-02  3.47273E-09   85.3446
      4    1  0.00000E+00 -1.05828E-01  0.00000E+00  5.29141E-02  1.89574E-09   96.0939
      5    1  0.00000E+00 -5.29141E-02  0.00000E+00  5.29141E-02  7.04444E-10  172.3629
      6    1  0.00000E+00  4.03882E-17  0.00000E+00  5.29141E-02  2.36284E-09 -123.5138
      7    1  0.00000E+00  5.29141E-02  0.00000E+00  5.29141E-02  9.68620E-10   16.4399
      8    1  0.00000E+00  1.05828E-01  0.00000E+00  5.29141E-02  1.66524E-09  -77.3183
      9    1  0.00000E+00  1.58742E-01  0.00000E+00  5.29141E-02  3.11057E-09  -90.9431
     10    1  0.00000E+00  2.11656E-01  0.00000E+00  5.29141E-02  4.32019E-09  -95.7166
     11    1  0.00000E+00  2.64570E-01  0.00000E+00  5.29141E-02  5.48958E-09  -98.5176



                                        - - - POWER BUDGET - - -

                                           INPUT POWER   = 1.3934E+02 WATTS
                                           RADIATED POWER= 1.3934E+02 WATTS
                                           WIRE LOSS     = 0.0000E+00 WATTS
                                           EFFICIENCY    = 100.00 PERCENT




 ***** INPUT LINE  6  EN   0    0    0    0  0.00000E+00  0.00000E+00  0.00000E+00  0.00000E+00  0.00000E+00  0.00000E+00

 RUN TIME =     0.016
