1
 x13



                                ***********************************************
                                *                                             *
                                *  NUMERICAL ELECTROMAGNETICS CODE (NEC-5)    *
                                *                                             *
                                ***********************************************




                      **********************************************************

                          Dipole in free space                                                         
                                                                                                       
                          EZNEC Pro/2+ v. 7.0.4  2026-08-25 16:07:05                                   
                                                                                                       
                          ! Written by EZNEC/Pro+ v. 7.0 in NEC-5 format.                              
                                                                                                       

                      **********************************************************





                                 - - - STRUCTURE SPECIFICATION - - -

                                     COORDINATES MUST BE INPUT IN
                                     METERS OR BE SCALED TO METERS
                                     BEFORE STRUCTURE INPUT IS ENDED

 Model definition commands:

 GW    1    11  0.00000E+00 -2.50000E-01  0.00000E+00  0.00000E+00  2.50000E-01  0.00000E+00  5.00000E-04
 GE    0   -1

 Number of nodes :    12
 Number of wire elements :    11
 Number of patch elements:     0
 Number unknowns:    10




 ***** INPUT LINE  1  FR   0    1    0    0  3.26000E+02  0.00000E+00  0.00000E+00  0.00000E+00  0.00000E+00  0.00000E+00
 ***** INPUT LINE  2  GN  -1    0    0    0  0.00000E+00  0.00000E+00  0.00000E+00  0.00000E+00  0.00000E+00  0.00000E+00
 ***** INPUT LINE  3  EX   4    1    6    0  1.41421E+00  0.00000E+00  0.00000E+00  0.00000E+00  0.00000E+00  0.00000E+00
 ***** INPUT LINE  4  PQ   0    0    0    0  0.00000E+00  0.00000E+00  0.00000E+00  0.00000E+00  0.00000E+00  0.00000E+00
 ***** INPUT LINE  5  XQ   0    0    0    0  0.00000E+00  0.00000E+00  0.00000E+00  0.00000E+00  0.00000E+00  0.00000E+00




                                 - - - - - - FREQUENCY - - - - - -

                                    FREQUENCY= 3.2600E+02 MHZ
                                    WAVELENGTH= 9.1963E-01 METERS



                                  - - - ANTENNA ENVIRONMENT - - -

                                            FREE SPACE



                               - - - STRUCTURE IMPEDANCE LOADING - - -

                                   THIS STRUCTURE IS NOT LOADED
ALLOCATE CM:            100



                                - - - MATRIX TIMING - - -

                        FILL=    0.000 SEC.,  FACTOR=    0.000 SEC.



                                          - - - ANTENNA INPUT PARAMETERS - - -

   TAG   SEG.    VOLTAGE (VOLTS)         CURRENT (AMPS)         IMPEDANCE (OHMS)        ADMITTANCE (MHOS)      POWER
   NO.   NO.    REAL        IMAG.       REAL        IMAG.       REAL        IMAG.       REAL        IMAG.     (WATTS)
   1     6 1  1.5143E+02  1.7627E+02  1.4142E+00  0.0000E+00  1.0708E+02  1.2464E+02  3.9658E-03 -4.6162E-03  1.0708E+02



                                       - - - Wire Currents - - -

                             Lengths normalized by wavelength (or 2.*pi/CABS(k))

  Elem.  Tag            Coord. of seg. center          Seg.            - - - Current (Amps) - - -
   No.   No.     X            Y            Z           Length       Real         Imag.        Mag.         Phase
      1    1  0.00000E+00 -2.47134E-01  0.00000E+00  4.94269E-02  2.62721E-01 -4.19481E-02  2.66049E-01   -9.0717
      2    1  0.00000E+00 -1.97708E-01  0.00000E+00  4.94269E-02  7.36890E-01 -1.09339E-01  7.44957E-01   -8.4399
      3    1  0.00000E+00 -1.48281E-01  0.00000E+00  4.94269E-02  1.10890E+00 -1.44531E-01  1.11828E+00   -7.4259
      4    1  0.00000E+00 -9.88538E-02  0.00000E+00  4.94269E-02  1.36782E+00 -1.47313E-01  1.37573E+00   -6.1470
      5    1  0.00000E+00 -4.94269E-02  0.00000E+00  4.94269E-02  1.49347E+00 -1.16070E-01  1.49797E+00   -4.4440
      6    1  0.00000E+00  3.77265E-17  0.00000E+00  4.94269E-02  1.46748E+00 -4.58969E-02  1.46820E+00   -1.7914
      7    1  0.00000E+00  4.94269E-02  0.00000E+00  4.94269E-02  1.39824E+00 -3.37441E-02  1.39864E+00   -1.3825
      8    1  0.00000E+00  9.88538E-02  0.00000E+00  4.94269E-02  1.29149E+00 -8.08194E-02  1.29401E+00   -3.5808
      9    1  0.00000E+00  1.48281E-01  0.00000E+00  4.94269E-02  1.04952E+00 -9.24294E-02  1.05358E+00   -5.0330
     10    1  0.00000E+00  1.97708E-01  0.00000E+00  4.94269E-02  6.98229E-01 -7.51795E-02  7.02265E-01   -6.1455
     11    1  0.00000E+00  2.47134E-01  0.00000E+00  4.94269E-02  2.49068E-01 -2.98255E-02  2.50848E-01   -6.8286



                             - - - Wire Charge Densities - - -

                     Lengths normalized by wavelength (or 2.*pi/CABS(k))

  ELEM.  TAG          Coord. of Seg. Center           Seg.        Charge Density (C/m)
   No.   No.     X            Y            Z          Length        Mag.         Phase
      1    1  0.00000E+00 -2.47134E-01  0.00000E+00  4.94269E-02  5.71500E-09   80.9283
      2    1  0.00000E+00 -1.97708E-01  0.00000E+00  4.94269E-02  4.57488E-09   83.1388
      3    1  0.00000E+00 -1.48281E-01  0.00000E+00  4.94269E-02  3.45541E-09   86.5253
      4    1  0.00000E+00 -9.88538E-02  0.00000E+00  4.94269E-02  2.11820E-09   94.0515
      5    1  0.00000E+00 -4.94269E-02  0.00000E+00  4.94269E-02  7.84433E-10  131.6658
      6    1  0.00000E+00  3.77265E-17  0.00000E+00  4.94269E-02  1.51038E-09 -130.7500
      7    1  0.00000E+00  4.94269E-02  0.00000E+00  4.94269E-02  8.02000E-10  -25.3362
      8    1  0.00000E+00  9.88538E-02  0.00000E+00  4.94269E-02  1.97080E-09  -81.6450
      9    1  0.00000E+00  1.48281E-01  0.00000E+00  4.94269E-02  3.24808E-09  -90.6523
     10    1  0.00000E+00  1.97708E-01  0.00000E+00  4.94269E-02  4.31112E-09  -94.4376
     11    1  0.00000E+00  2.47134E-01  0.00000E+00  4.94269E-02  5.38847E-09  -96.8286



                                        - - - POWER BUDGET - - -

                                           INPUT POWER   = 1.0708E+02 WATTS
                                           RADIATED POWER= 1.0708E+02 WATTS
                                           WIRE LOSS     = 0.0000E+00 WATTS
                                           EFFICIENCY    = 100.00 PERCENT




 ***** INPUT LINE  6  EN   0    0    0    0  0.00000E+00  0.00000E+00  0.00000E+00  0.00000E+00  0.00000E+00  0.00000E+00

 RUN TIME =     0.000
