1
 x13



                                ***********************************************
                                *                                             *
                                *  NUMERICAL ELECTROMAGNETICS CODE (NEC-5)    *
                                *                                             *
                                ***********************************************




                      **********************************************************

                          Elevated radial system                                                       
                                                                                                       
                          EZNEC Pro/2+ v. 7.0.4  2026-08-20 20:35:58                                   
                                                                                                       
                          ! Written by EZNEC/Pro+ v. 7.0 in NEC-5 format.                              
                                                                                                       

                      **********************************************************





                                 - - - STRUCTURE SPECIFICATION - - -

                                     COORDINATES MUST BE INPUT IN
                                     METERS OR BE SCALED TO METERS
                                     BEFORE STRUCTURE INPUT IS ENDED

 Model definition commands:

 GW    1     5  0.00000E+00  0.00000E+00  1.77800E-02  0.00000E+00  0.00000E+00  3.55600E+01  1.29400E-03
 GW    2     5  0.00000E+00  0.00000E+00  1.77800E-02  3.96240E+01  0.00000E+00  1.77800E-02  1.29400E-03
 GW    3     5  0.00000E+00  0.00000E+00  1.77800E-02  0.00000E+00  3.96240E+01  1.77800E-02  1.29400E-03
 GW    4     5  0.00000E+00  0.00000E+00  1.77800E-02 -3.96240E+01  0.00000E+00  1.77800E-02  1.29400E-03
 GW    5     5  0.00000E+00  0.00000E+00  1.77800E-02  0.00000E+00 -3.96240E+01  1.77800E-02  1.29400E-03
 GE    1   -1

   GROUND PLANE SPECIFIED.

   WHERE WIRE ENDS TOUCH GROUND, CURRENT WILL BE INTERPOLATED TO IMAGE IN GROUND PLANE.


 Number of nodes :    26
 Number of wire elements :    25
 Number of patch elements:     0
 Number unknowns:    24




 ***** INPUT LINE  1  FR   0    1    0    0  1.83200E+00  0.00000E+00  0.00000E+00  0.00000E+00  0.00000E+00  0.00000E+00
 ***** INPUT LINE  2  GN   0    0    0    0  1.30000E+01  5.00000E-03  1.00000E+00  0.00000E+00  0.00000E+00  0.00000E+00
 ***** INPUT LINE  3  EX   0    1   -1    0  1.41421E+00  0.00000E+00  0.00000E+00  0.00000E+00  0.00000E+00  0.00000E+00
 ***** INPUT LINE  4  PQ   0    0    0    0  0.00000E+00  0.00000E+00  0.00000E+00  0.00000E+00  0.00000E+00  0.00000E+00
 ***** INPUT LINE  5  XQ   0    0    0    0  0.00000E+00  0.00000E+00  0.00000E+00  0.00000E+00  0.00000E+00  0.00000E+00




                                 - - - - - - FREQUENCY - - - - - -

                                    FREQUENCY= 1.8320E+00 MHZ
                                    WAVELENGTH= 1.6365E+02 METERS



                                  - - - ANTENNA ENVIRONMENT - - -


 GMPINO: EPSC from file = 2.00000E+01-3.89052E+01
              should be  1.30000E+01-4.90612E+01
 Will compute Sommerfeld-ground tables
                                        FINITE GROUND.  SOMMERFELD SOLUTION
                                        RELATIVE DIELECTRIC CONST.= 13.000
                                        CONDUCTIVITY= 5.000E-03 MHOS/METER
                                        COMPLEX DIELECTRIC CONSTANT= 1.30000E+01-4.90612E+01



                               - - - STRUCTURE IMPEDANCE LOADING - - -

                                   THIS STRUCTURE IS NOT LOADED
ALLOCATE CM:            576



                                - - - MATRIX TIMING - - -

                        FILL=    0.297 SEC.,  FACTOR=    0.000 SEC.



                                          - - - ANTENNA INPUT PARAMETERS - - -

   TAG   SEG.    VOLTAGE (VOLTS)         CURRENT (AMPS)         IMPEDANCE (OHMS)        ADMITTANCE (MHOS)      POWER
   NO.   NO.    REAL        IMAG.       REAL        IMAG.       REAL        IMAG.       REAL        IMAG.     (WATTS)
   1     1 2  1.4142E+00  0.0000E+00  1.3842E-02  1.7693E-02  3.8791E+01 -4.9583E+01  9.7876E-03  1.2511E-02  9.7876E-03



                                       - - - Wire Currents - - -

                             Lengths normalized by wavelength (or 2.*pi/CABS(k))

  Elem.  Tag            Coord. of seg. center          Seg.            - - - Current (Amps) - - -
   No.   No.     X            Y            Z           Length       Real         Imag.        Mag.         Phase
      1    1  0.00000E+00  0.00000E+00  2.18276E-02  4.34379E-02  1.32701E-02  1.67860E-02  2.13978E-02   51.6721
      2    1  0.00000E+00  0.00000E+00  6.52654E-02  4.34379E-02  1.16686E-02  1.44740E-02  1.85918E-02   51.1250
      3    1  0.00000E+00  0.00000E+00  1.08703E-01  4.34379E-02  9.19002E-03  1.12176E-02  1.45014E-02   50.6740
      4    1  0.00000E+00  0.00000E+00  1.52141E-01  4.34379E-02  5.95200E-03  7.16812E-03  9.31710E-03   50.2957
      5    1  0.00000E+00  0.00000E+00  1.95579E-01  4.34379E-02  2.08142E-03  2.48496E-03  3.24150E-03   50.0502
      6    2  2.42132E-02  0.00000E+00  1.08649E-04  4.84264E-02 -4.16290E-03 -4.81165E-03  6.36253E-03 -130.8654
      7    2  7.26396E-02  0.00000E+00  1.08649E-04  4.84264E-02 -5.04021E-03 -5.14150E-03  7.19991E-03 -134.4300
      8    2  1.21066E-01  0.00000E+00  1.08649E-04  4.84264E-02 -4.78370E-03 -4.55864E-03  6.60794E-03 -136.3800
      9    2  1.69492E-01  0.00000E+00  1.08649E-04  4.84264E-02 -3.40751E-03 -3.13437E-03  4.62983E-03 -137.3909
     10    2  2.17919E-01  0.00000E+00  1.08649E-04  4.84264E-02 -1.23134E-03 -1.11720E-03  1.66263E-03 -137.7825
     11    3  0.00000E+00  2.42132E-02  1.08649E-04  4.84264E-02 -4.16290E-03 -4.81165E-03  6.36253E-03 -130.8654
     12    3  0.00000E+00  7.26396E-02  1.08649E-04  4.84264E-02 -5.04021E-03 -5.14150E-03  7.19991E-03 -134.4300
     13    3  0.00000E+00  1.21066E-01  1.08649E-04  4.84264E-02 -4.78370E-03 -4.55864E-03  6.60794E-03 -136.3800
     14    3  0.00000E+00  1.69492E-01  1.08649E-04  4.84264E-02 -3.40751E-03 -3.13437E-03  4.62983E-03 -137.3909
     15    3  0.00000E+00  2.17919E-01  1.08649E-04  4.84264E-02 -1.23134E-03 -1.11720E-03  1.66263E-03 -137.7825
     16    4 -2.42132E-02  0.00000E+00  1.08649E-04  4.84264E-02 -4.16290E-03 -4.81165E-03  6.36253E-03 -130.8654
     17    4 -7.26396E-02  0.00000E+00  1.08649E-04  4.84264E-02 -5.04021E-03 -5.14150E-03  7.19991E-03 -134.4300
     18    4 -1.21066E-01  0.00000E+00  1.08649E-04  4.84264E-02 -4.78370E-03 -4.55864E-03  6.60794E-03 -136.3800
     19    4 -1.69492E-01  0.00000E+00  1.08649E-04  4.84264E-02 -3.40751E-03 -3.13437E-03  4.62983E-03 -137.3909
     20    4 -2.17919E-01  0.00000E+00  1.08649E-04  4.84264E-02 -1.23134E-03 -1.11720E-03  1.66263E-03 -137.7825
     21    5  0.00000E+00 -2.42132E-02  1.08649E-04  4.84264E-02 -4.16290E-03 -4.81165E-03  6.36253E-03 -130.8654
     22    5  0.00000E+00 -7.26396E-02  1.08649E-04  4.84264E-02 -5.04021E-03 -5.14150E-03  7.19991E-03 -134.4300
     23    5  0.00000E+00 -1.21066E-01  1.08649E-04  4.84264E-02 -4.78370E-03 -4.55864E-03  6.60794E-03 -136.3800
     24    5  0.00000E+00 -1.69492E-01  1.08649E-04  4.84264E-02 -3.40751E-03 -3.13437E-03  4.62983E-03 -137.3909
     25    5  0.00000E+00 -2.17919E-01  1.08649E-04  4.84264E-02 -1.23134E-03 -1.11720E-03  1.66263E-03 -137.7825



                             - - - Wire Charge Densities - - -

                     Lengths normalized by wavelength (or 2.*pi/CABS(k))

  ELEM.  TAG          Coord. of Seg. Center           Seg.        Charge Density (C/m)
   No.   No.     X            Y            Z          Length        Mag.         Phase
      1    1  0.00000E+00  0.00000E+00  2.18276E-02  4.34379E-02  2.62053E-11  -32.2267
      2    1  0.00000E+00  0.00000E+00  6.52654E-02  4.34379E-02  4.25795E-11  -36.2368
      3    1  0.00000E+00  0.00000E+00  1.08703E-01  4.34379E-02  5.74613E-11  -38.0471
      4    1  0.00000E+00  0.00000E+00  1.52141E-01  4.34379E-02  6.92778E-11  -39.1429
      5    1  0.00000E+00  0.00000E+00  1.95579E-01  4.34379E-02  7.92312E-11  -39.9498
      6    2  2.42132E-02  0.00000E+00  1.08649E-04  4.84264E-02  1.75987E-11  -61.0603
      7    2  7.26396E-02  0.00000E+00  1.08649E-04  4.84264E-02  4.04302E-12 -108.5169
      8    2  1.21066E-01  0.00000E+00  1.08649E-04  4.84264E-02  1.48858E-11  140.5540
      9    2  1.69492E-01  0.00000E+00  1.08649E-04  4.84264E-02  2.86087E-11  133.6073
     10    2  2.17919E-01  0.00000E+00  1.08649E-04  4.84264E-02  3.64528E-11  132.2175
     11    3  0.00000E+00  2.42132E-02  1.08649E-04  4.84264E-02  1.75987E-11  -61.0603
     12    3  0.00000E+00  7.26396E-02  1.08649E-04  4.84264E-02  4.04302E-12 -108.5169
     13    3  0.00000E+00  1.21066E-01  1.08649E-04  4.84264E-02  1.48858E-11  140.5540
     14    3  0.00000E+00  1.69492E-01  1.08649E-04  4.84264E-02  2.86087E-11  133.6073
     15    3  0.00000E+00  2.17919E-01  1.08649E-04  4.84264E-02  3.64528E-11  132.2175
     16    4 -2.42132E-02  0.00000E+00  1.08649E-04  4.84264E-02  1.75987E-11  -61.0603
     17    4 -7.26396E-02  0.00000E+00  1.08649E-04  4.84264E-02  4.04302E-12 -108.5169
     18    4 -1.21066E-01  0.00000E+00  1.08649E-04  4.84264E-02  1.48858E-11  140.5540
     19    4 -1.69492E-01  0.00000E+00  1.08649E-04  4.84264E-02  2.86087E-11  133.6073
     20    4 -2.17919E-01  0.00000E+00  1.08649E-04  4.84264E-02  3.64528E-11  132.2175
     21    5  0.00000E+00 -2.42132E-02  1.08649E-04  4.84264E-02  1.75987E-11  -61.0603
     22    5  0.00000E+00 -7.26396E-02  1.08649E-04  4.84264E-02  4.04302E-12 -108.5169
     23    5  0.00000E+00 -1.21066E-01  1.08649E-04  4.84264E-02  1.48858E-11  140.5540
     24    5  0.00000E+00 -1.69492E-01  1.08649E-04  4.84264E-02  2.86087E-11  133.6073
     25    5  0.00000E+00 -2.17919E-01  1.08649E-04  4.84264E-02  3.64528E-11  132.2175



                                        - - - POWER BUDGET - - -

                                           INPUT POWER   = 9.7876E-03 WATTS
                                           RADIATED POWER= 9.7876E-03 WATTS
                                           WIRE LOSS     = 0.0000E+00 WATTS
                                           EFFICIENCY    = 100.00 PERCENT




 ***** INPUT LINE  6  EN   0    0    0    0  0.00000E+00  0.00000E+00  0.00000E+00  0.00000E+00  0.00000E+00  0.00000E+00

Sommerfeld integral tables written in previous run:
Potentials: 11 12 13 14 15 21 23 31 33
E and H:

 RUN TIME =     0.297
