1
 x13



                                ***********************************************
                                *                                             *
                                *  NUMERICAL ELECTROMAGNETICS CODE (NEC-5)    *
                                *                                             *
                                ***********************************************




                      **********************************************************

                          Dipole in free space                                                         
                                                                                                       
                          EZNEC Pro/2+ v. 7.0.4  2026-08-25 16:07:11                                   
                                                                                                       
                          ! Written by EZNEC/Pro+ v. 7.0 in NEC-5 format.                              
                                                                                                       

                      **********************************************************





                                 - - - STRUCTURE SPECIFICATION - - -

                                     COORDINATES MUST BE INPUT IN
                                     METERS OR BE SCALED TO METERS
                                     BEFORE STRUCTURE INPUT IS ENDED

 Model definition commands:

 GW    1    11  0.00000E+00 -2.50000E-01  0.00000E+00  0.00000E+00  2.50000E-01  0.00000E+00  5.00000E-04
 GE    0   -1

 Number of nodes :    12
 Number of wire elements :    11
 Number of patch elements:     0
 Number unknowns:    10




 ***** INPUT LINE  1  FR   0    1    0    0  3.50000E+02  0.00000E+00  0.00000E+00  0.00000E+00  0.00000E+00  0.00000E+00
 ***** INPUT LINE  2  GN  -1    0    0    0  0.00000E+00  0.00000E+00  0.00000E+00  0.00000E+00  0.00000E+00  0.00000E+00
 ***** INPUT LINE  3  EX   4    1    6    0  1.41421E+00  0.00000E+00  0.00000E+00  0.00000E+00  0.00000E+00  0.00000E+00
 ***** INPUT LINE  4  PQ   0    0    0    0  0.00000E+00  0.00000E+00  0.00000E+00  0.00000E+00  0.00000E+00  0.00000E+00
 ***** INPUT LINE  5  XQ   0    0    0    0  0.00000E+00  0.00000E+00  0.00000E+00  0.00000E+00  0.00000E+00  0.00000E+00




                                 - - - - - - FREQUENCY - - - - - -

                                    FREQUENCY= 3.5000E+02 MHZ
                                    WAVELENGTH= 8.5657E-01 METERS



                                  - - - ANTENNA ENVIRONMENT - - -

                                            FREE SPACE



                               - - - STRUCTURE IMPEDANCE LOADING - - -

                                   THIS STRUCTURE IS NOT LOADED
ALLOCATE CM:            100



                                - - - MATRIX TIMING - - -

                        FILL=    0.000 SEC.,  FACTOR=    0.000 SEC.



                                          - - - ANTENNA INPUT PARAMETERS - - -

   TAG   SEG.    VOLTAGE (VOLTS)         CURRENT (AMPS)         IMPEDANCE (OHMS)        ADMITTANCE (MHOS)      POWER
   NO.   NO.    REAL        IMAG.       REAL        IMAG.       REAL        IMAG.       REAL        IMAG.     (WATTS)
   1     6 1  1.9938E+02  3.0456E+02  1.4142E+00  0.0000E+00  1.4098E+02  2.1536E+02  2.1278E-03 -3.2504E-03  1.4098E+02



                                       - - - Wire Currents - - -

                             Lengths normalized by wavelength (or 2.*pi/CABS(k))

  Elem.  Tag            Coord. of seg. center          Seg.            - - - Current (Amps) - - -
   No.   No.     X            Y            Z           Length       Real         Imag.        Mag.         Phase
      1    1  0.00000E+00 -2.65328E-01  0.00000E+00  5.30657E-02  2.99467E-01 -6.02699E-02  3.05472E-01  -11.3792
      2    1  0.00000E+00 -2.12263E-01  0.00000E+00  5.30657E-02  8.36567E-01 -1.57565E-01  8.51277E-01  -10.6665
      3    1  0.00000E+00 -1.59197E-01  0.00000E+00  5.30657E-02  1.24727E+00 -2.08864E-01  1.26464E+00   -9.5063
      4    1  0.00000E+00 -1.06131E-01  0.00000E+00  5.30657E-02  1.51407E+00 -2.12945E-01  1.52897E+00   -8.0058
      5    1  0.00000E+00 -5.30657E-02  0.00000E+00  5.30657E-02  1.61134E+00 -1.67399E-01  1.62001E+00   -5.9311
      6    1  0.00000E+00  4.05039E-17  0.00000E+00  5.30657E-02  1.51456E+00 -6.60229E-02  1.51600E+00   -2.4961
      7    1  0.00000E+00  5.30657E-02  0.00000E+00  5.30657E-02  1.42927E+00 -4.69424E-02  1.43004E+00   -1.8811
      8    1  0.00000E+00  1.06131E-01  0.00000E+00  5.30657E-02  1.36382E+00 -1.12353E-01  1.36844E+00   -4.7095
      9    1  0.00000E+00  1.59197E-01  0.00000E+00  5.30657E-02  1.12814E+00 -1.28226E-01  1.13540E+00   -6.4845
     10    1  0.00000E+00  2.12263E-01  0.00000E+00  5.30657E-02  7.58059E-01 -1.03881E-01  7.65143E-01   -7.8029
     11    1  0.00000E+00  2.65328E-01  0.00000E+00  5.30657E-02  2.71579E-01 -4.10654E-02  2.74666E-01   -8.5986



                             - - - Wire Charge Densities - - -

                     Lengths normalized by wavelength (or 2.*pi/CABS(k))

  ELEM.  TAG          Coord. of Seg. Center           Seg.        Charge Density (C/m)
   No.   No.     X            Y            Z          Length        Mag.         Phase
      1    1  0.00000E+00 -2.65328E-01  0.00000E+00  5.30657E-02  6.11189E-09   78.6208
      2    1  0.00000E+00 -2.12263E-01  0.00000E+00  5.30657E-02  4.81195E-09   81.1441
      3    1  0.00000E+00 -1.59197E-01  0.00000E+00  5.30657E-02  3.47462E-09   85.2852
      4    1  0.00000E+00 -1.06131E-01  0.00000E+00  5.30657E-02  1.88617E-09   96.2073
      5    1  0.00000E+00 -5.30657E-02  0.00000E+00  5.30657E-02  7.10923E-10  174.2517
      6    1  0.00000E+00  4.05039E-17  0.00000E+00  5.30657E-02  2.40328E-09 -123.3437
      7    1  0.00000E+00  5.30657E-02  0.00000E+00  5.30657E-02  9.86334E-10   17.7794
      8    1  0.00000E+00  1.06131E-01  0.00000E+00  5.30657E-02  1.65254E-09  -77.0789
      9    1  0.00000E+00  1.59197E-01  0.00000E+00  5.30657E-02  3.10524E-09  -90.9583
     10    1  0.00000E+00  2.12263E-01  0.00000E+00  5.30657E-02  4.32172E-09  -95.7792
     11    1  0.00000E+00  2.65328E-01  0.00000E+00  5.30657E-02  5.49553E-09  -98.5986



                                        - - - POWER BUDGET - - -

                                           INPUT POWER   = 1.4098E+02 WATTS
                                           RADIATED POWER= 1.4098E+02 WATTS
                                           WIRE LOSS     = 0.0000E+00 WATTS
                                           EFFICIENCY    = 100.00 PERCENT




 ***** INPUT LINE  6  EN   0    0    0    0  0.00000E+00  0.00000E+00  0.00000E+00  0.00000E+00  0.00000E+00  0.00000E+00

 RUN TIME =     0.016
