1
 x13



                                ***********************************************
                                *                                             *
                                *  NUMERICAL ELECTROMAGNETICS CODE (NEC-5)    *
                                *                                             *
                                ***********************************************




                      **********************************************************

                          Back yard dipole                                                             
                                                                                                       
                          EZNEC Pro/2+ v. 7.0.4  2026-08-20 20:21:08                                   
                                                                                                       
                          ! Written by EZNEC/Pro+ v. 7.0 in NEC-5 format.                              
                                                                                                       

                      **********************************************************





                                 - - - STRUCTURE SPECIFICATION - - -

                                     COORDINATES MUST BE INPUT IN
                                     METERS OR BE SCALED TO METERS
                                     BEFORE STRUCTURE INPUT IS ENDED

 Model definition commands:

 GW    1    11  0.00000E+00  0.00000E+00  9.14400E+00  0.00000E+00  1.01895E+01  9.14400E+00  1.02620E-03
 GE    1   -1

   GROUND PLANE SPECIFIED.

   WHERE WIRE ENDS TOUCH GROUND, CURRENT WILL BE INTERPOLATED TO IMAGE IN GROUND PLANE.


 Number of nodes :    12
 Number of wire elements :    11
 Number of patch elements:     0
 Number unknowns:    10




 ***** INPUT LINE  1  FR   0    1    0    0  1.40000E+01  0.00000E+00  0.00000E+00  0.00000E+00  0.00000E+00  0.00000E+00
 ***** INPUT LINE  2  GN   0    0    0    0  2.00000E+01  3.03000E-02  1.00000E+00  0.00000E+00  0.00000E+00  0.00000E+00
 ***** INPUT LINE  3  EX   4    1    6    0  1.41421E+00  0.00000E+00  0.00000E+00  0.00000E+00  0.00000E+00  0.00000E+00
 ***** INPUT LINE  4  PQ   0    0    0    0  0.00000E+00  0.00000E+00  0.00000E+00  0.00000E+00  0.00000E+00  0.00000E+00
 ***** INPUT LINE  5  RP   0  181    1 1000  9.00000E+01  0.00000E+00 -1.00000E+00  0.00000E+00  0.00000E+00  0.00000E+00




                                 - - - - - - FREQUENCY - - - - - -

                                    FREQUENCY= 1.4000E+01 MHZ
                                    WAVELENGTH= 2.1414E+01 METERS



                                  - - - ANTENNA ENVIRONMENT - - -


Sommerfeld integral tables read:
Potentials: 11 12 13 14 15 21 23 31 33
E, H:
                                        FINITE GROUND.  SOMMERFELD SOLUTION
                                        RELATIVE DIELECTRIC CONST.= 20.000
                                        CONDUCTIVITY= 3.030E-02 MHOS/METER
                                        COMPLEX DIELECTRIC CONSTANT= 2.00000E+01-3.89052E+01



                               - - - STRUCTURE IMPEDANCE LOADING - - -

                                   THIS STRUCTURE IS NOT LOADED
ALLOCATE CM:            100



                                - - - MATRIX TIMING - - -

                        FILL=    0.000 SEC.,  FACTOR=    0.000 SEC.



                                          - - - ANTENNA INPUT PARAMETERS - - -

   TAG   SEG.    VOLTAGE (VOLTS)         CURRENT (AMPS)         IMPEDANCE (OHMS)        ADMITTANCE (MHOS)      POWER
   NO.   NO.    REAL        IMAG.       REAL        IMAG.       REAL        IMAG.       REAL        IMAG.     (WATTS)
   1     6 1  1.0236E+02 -8.2799E+01  1.4142E+00  0.0000E+00  7.2380E+01 -5.8548E+01  8.3515E-03  6.7555E-03  7.2380E+01



                                       - - - Wire Currents - - -

                             Lengths normalized by wavelength (or 2.*pi/CABS(k))

  Elem.  Tag            Coord. of seg. center          Seg.            - - - Current (Amps) - - -
   No.   No.     X            Y            Z           Length       Real         Imag.        Mag.         Phase
      1    1  0.00000E+00  2.16284E-02  4.27005E-01  4.32569E-02  2.04022E-01 -1.59801E-02  2.04647E-01   -4.4786
      2    1  0.00000E+00  6.48853E-02  4.27005E-01  4.32569E-02  5.83960E-01 -4.17952E-02  5.85454E-01   -4.0938
      3    1  0.00000E+00  1.08142E-01  4.27005E-01  4.32569E-02  9.05053E-01 -5.53135E-02  9.06741E-01   -3.4974
      4    1  0.00000E+00  1.51399E-01  4.27005E-01  4.32569E-02  1.15676E+00 -5.61745E-02  1.15812E+00   -2.7802
      5    1  0.00000E+00  1.94656E-01  4.27005E-01  4.32569E-02  1.32486E+00 -4.38367E-02  1.32558E+00   -1.8951
      6    1  0.00000E+00  2.37913E-01  4.27005E-01  4.32569E-02  1.40032E+00 -1.71605E-02  1.40042E+00   -0.7021
      7    1  0.00000E+00  2.81170E-01  4.27005E-01  4.32569E-02  1.34996E+00 -1.28826E-02  1.35002E+00   -0.5468
      8    1  0.00000E+00  3.24426E-01  4.27005E-01  4.32569E-02  1.17696E+00 -3.13401E-02  1.17737E+00   -1.5253
      9    1  0.00000E+00  3.67683E-01  4.27005E-01  4.32569E-02  9.20456E-01 -3.64315E-02  9.21177E-01   -2.2666
     10    1  0.00000E+00  4.10940E-01  4.27005E-01  4.32569E-02  5.93785E-01 -2.97881E-02  5.94532E-01   -2.8719
     11    1  0.00000E+00  4.54197E-01  4.27005E-01  4.32569E-02  2.07438E-01 -1.18141E-02  2.07775E-01   -3.2596



                             - - - Wire Charge Densities - - -

                     Lengths normalized by wavelength (or 2.*pi/CABS(k))

  ELEM.  TAG          Coord. of Seg. Center           Seg.        Charge Density (C/m)
   No.   No.     X            Y            Z          Length        Mag.         Phase
      1    1  0.00000E+00  2.16284E-02  4.27005E-01  4.32569E-02  5.02306E-09   85.5214
      2    1  0.00000E+00  6.48853E-02  4.27005E-01  4.32569E-02  4.32462E-09   86.8001
      3    1  0.00000E+00  1.08142E-01  4.27005E-01  4.32569E-02  3.56450E-09   88.5467
      4    1  0.00000E+00  1.51399E-01  4.27005E-01  4.32569E-02  2.61574E-09   91.5175
      5    1  0.00000E+00  1.94656E-01  4.27005E-01  4.32569E-02  1.52902E-09   98.7864
      6    1  0.00000E+00  2.37913E-01  4.27005E-01  4.32569E-02  5.42006E-10  140.9980
      7    1  0.00000E+00  2.81170E-01  4.27005E-01  4.32569E-02  1.60861E-09  -78.6635
      8    1  0.00000E+00  3.24426E-01  4.27005E-01  4.32569E-02  2.67253E-09  -87.0651
      9    1  0.00000E+00  3.67683E-01  4.27005E-01  4.32569E-02  3.62684E-09  -90.1875
     10    1  0.00000E+00  4.10940E-01  4.27005E-01  4.32569E-02  4.39392E-09  -91.9719
     11    1  0.00000E+00  4.54197E-01  4.27005E-01  4.32569E-02  5.09983E-09  -93.2596



                                        - - - POWER BUDGET - - -

                                           INPUT POWER   = 7.2380E+01 WATTS
                                           RADIATED POWER= 7.2380E+01 WATTS
                                           WIRE LOSS     = 0.0000E+00 WATTS
                                           EFFICIENCY    = 100.00 PERCENT



                                                - - - RADIATION PATTERNS - - -

  - - ANGLES - -          - POWER GAINS -        - - - POLARIZATION - - -    - - - E(THETA) - - -    - - - E(PHI) - - -
  THETA     PHI        VERT.   HOR.    TOTAL      AXIAL     TILT   SENSE     MAGNITUDE    PHASE      MAGNITUDE    PHASE 
 DEGREES  DEGREES       DB      DB      DB        RATIO     DEG.               VOLTS     DEGREES       VOLTS     DEGREES
   90.00     0.00    -999.99 -999.99 -999.99    0.00000     0.00            0.00000E+00     0.00    1.17373E-11    -4.73
   89.00     0.00    -999.99  -18.63  -18.63    0.00000    90.00  LINEAR    0.00000E+00     0.00    7.71398E+00    -4.80
   88.00     0.00    -999.99  -12.64  -12.64    0.00000    90.00  LINEAR    0.00000E+00     0.00    1.53731E+01    -4.88
   87.00     0.00    -999.99   -9.16   -9.16    0.00000    90.00  LINEAR    0.00000E+00     0.00    2.29576E+01    -4.95
   86.00     0.00    -999.99   -6.70   -6.70    0.00000    90.00  LINEAR    0.00000E+00     0.00    3.04481E+01    -5.01
   85.00     0.00    -999.99   -4.82   -4.82    0.00000    90.00  LINEAR    0.00000E+00     0.00    3.78257E+01    -5.08
   84.00     0.00    -999.99   -3.30   -3.30    0.00000    90.00  LINEAR    0.00000E+00     0.00    4.50720E+01    -5.13
   83.00     0.00    -999.99   -2.03   -2.03    0.00000    90.00  LINEAR    0.00000E+00     0.00    5.21695E+01    -5.19
   82.00     0.00    -999.99   -0.94   -0.94    0.00000    90.00  LINEAR    0.00000E+00     0.00    5.91010E+01    -5.23
   81.00     0.00    -999.99   -0.00   -0.00    0.00000    90.00  LINEAR    0.00000E+00     0.00    6.58506E+01    -5.28
   80.00     0.00    -999.99    0.82    0.82    0.00000    90.00  LINEAR    0.00000E+00     0.00    7.24028E+01    -5.32
   79.00     0.00    -999.99    1.55    1.55    0.00000    90.00  LINEAR    0.00000E+00     0.00    7.87433E+01    -5.35
   78.00     0.00    -999.99    2.20    2.20    0.00000    90.00  LINEAR    0.00000E+00     0.00    8.48588E+01    -5.38
   77.00     0.00    -999.99    2.78    2.78    0.00000    90.00  LINEAR    0.00000E+00     0.00    9.07370E+01    -5.41
   76.00     0.00    -999.99    3.30    3.30    0.00000    90.00  LINEAR    0.00000E+00     0.00    9.63664E+01    -5.43
   75.00     0.00    -999.99    3.77    3.77    0.00000    90.00  LINEAR    0.00000E+00     0.00    1.01737E+02    -5.45
   74.00     0.00    -999.99    4.20    4.20    0.00000    90.00  LINEAR    0.00000E+00     0.00    1.06840E+02    -5.46
   73.00     0.00    -999.99    4.58    4.58    0.00000    90.00  LINEAR    0.00000E+00     0.00    1.11667E+02    -5.47
   72.00     0.00    -999.99    4.93    4.93    0.00000    90.00  LINEAR    0.00000E+00     0.00    1.16211E+02    -5.47
   71.00     0.00    -999.99    5.24    5.24    0.00000    90.00  LINEAR    0.00000E+00     0.00    1.20468E+02    -5.46
   70.00     0.00    -999.99    5.52    5.52    0.00000    90.00  LINEAR    0.00000E+00     0.00    1.24432E+02    -5.45
   69.00     0.00    -999.99    5.78    5.78    0.00000    90.00  LINEAR    0.00000E+00     0.00    1.28100E+02    -5.44
   68.00     0.00    -999.99    6.00    6.00    0.00000    90.00  LINEAR    0.00000E+00     0.00    1.31471E+02    -5.42
   67.00     0.00    -999.99    6.20    6.20    0.00000    90.00  LINEAR    0.00000E+00     0.00    1.34544E+02    -5.40
   66.00     0.00    -999.99    6.38    6.38    0.00000    90.00  LINEAR    0.00000E+00     0.00    1.37317E+02    -5.37
   65.00     0.00    -999.99    6.53    6.53    0.00000    90.00  LINEAR    0.00000E+00     0.00    1.39794E+02    -5.33
   64.00     0.00    -999.99    6.67    6.67    0.00000    90.00  LINEAR    0.00000E+00     0.00    1.41976E+02    -5.29
   63.00     0.00    -999.99    6.78    6.78    0.00000    90.00  LINEAR    0.00000E+00     0.00    1.43866E+02    -5.24
   62.00     0.00    -999.99    6.88    6.88    0.00000    90.00  LINEAR    0.00000E+00     0.00    1.45468E+02    -5.19
   61.00     0.00    -999.99    6.96    6.96    0.00000    90.00  LINEAR    0.00000E+00     0.00    1.46789E+02    -5.13
   60.00     0.00    -999.99    7.02    7.02    0.00000    90.00  LINEAR    0.00000E+00     0.00    1.47833E+02    -5.06
   59.00     0.00    -999.99    7.07    7.07    0.00000    90.00  LINEAR    0.00000E+00     0.00    1.48607E+02    -4.99
   58.00     0.00    -999.99    7.10    7.10    0.00000    90.00  LINEAR    0.00000E+00     0.00    1.49119E+02    -4.91
   57.00     0.00    -999.99    7.11    7.11    0.00000    90.00  LINEAR    0.00000E+00     0.00    1.49377E+02    -4.83
   56.00     0.00    -999.99    7.11    7.11    0.00000    90.00  LINEAR    0.00000E+00     0.00    1.49390E+02    -4.73
   55.00     0.00    -999.99    7.10    7.10    0.00000    90.00  LINEAR    0.00000E+00     0.00    1.49167E+02    -4.63
   54.00     0.00    -999.99    7.07    7.07    0.00000    90.00  LINEAR    0.00000E+00     0.00    1.48718E+02    -4.53
   53.00     0.00    -999.99    7.03    7.03    0.00000    90.00  LINEAR    0.00000E+00     0.00    1.48053E+02    -4.41
   52.00     0.00    -999.99    6.98    6.98    0.00000    90.00  LINEAR    0.00000E+00     0.00    1.47184E+02    -4.29
   51.00     0.00    -999.99    6.92    6.92    0.00000    90.00  LINEAR    0.00000E+00     0.00    1.46119E+02    -4.16
   50.00     0.00    -999.99    6.84    6.84    0.00000    90.00  LINEAR    0.00000E+00     0.00    1.44872E+02    -4.02
   49.00     0.00    -999.99    6.76    6.76    0.00000    90.00  LINEAR    0.00000E+00     0.00    1.43453E+02    -3.88
   48.00     0.00    -999.99    6.66    6.66    0.00000    90.00  LINEAR    0.00000E+00     0.00    1.41874E+02    -3.72
   47.00     0.00    -999.99    6.56    6.56    0.00000    90.00  LINEAR    0.00000E+00     0.00    1.40147E+02    -3.56
   46.00     0.00    -999.99    6.44    6.44    0.00000    90.00  LINEAR    0.00000E+00     0.00    1.38282E+02    -3.39
   45.00     0.00    -999.99    6.31    6.31    0.00000    90.00  LINEAR    0.00000E+00     0.00    1.36292E+02    -3.21
   44.00     0.00    -999.99    6.18    6.18    0.00000    90.00  LINEAR    0.00000E+00     0.00    1.34189E+02    -3.02
   43.00     0.00    -999.99    6.04    6.04    0.00000    90.00  LINEAR    0.00000E+00     0.00    1.31983E+02    -2.81
   42.00     0.00    -999.99    5.88    5.88    0.00000    90.00  LINEAR    0.00000E+00     0.00    1.29687E+02    -2.60
   41.00     0.00    -999.99    5.72    5.72    0.00000    90.00  LINEAR    0.00000E+00     0.00    1.27310E+02    -2.38
   40.00     0.00    -999.99    5.55    5.55    0.00000    90.00  LINEAR    0.00000E+00     0.00    1.24865E+02    -2.15
   39.00     0.00    -999.99    5.38    5.38    0.00000    90.00  LINEAR    0.00000E+00     0.00    1.22362E+02    -1.91
   38.00     0.00    -999.99    5.20    5.20    0.00000    90.00  LINEAR    0.00000E+00     0.00    1.19811E+02    -1.66
   37.00     0.00    -999.99    5.01    5.01    0.00000    90.00  LINEAR    0.00000E+00     0.00    1.17223E+02    -1.39
   36.00     0.00    -999.99    4.81    4.81    0.00000    90.00  LINEAR    0.00000E+00     0.00    1.14606E+02    -1.11
   35.00     0.00    -999.99    4.61    4.61    0.00000    90.00  LINEAR    0.00000E+00     0.00    1.11972E+02    -0.83
   34.00     0.00    -999.99    4.40    4.40    0.00000    90.00  LINEAR    0.00000E+00     0.00    1.09329E+02    -0.53
   33.00     0.00    -999.99    4.19    4.19    0.00000    90.00  LINEAR    0.00000E+00     0.00    1.06685E+02    -0.21
   32.00     0.00    -999.99    3.97    3.97    0.00000    90.00  LINEAR    0.00000E+00     0.00    1.04049E+02     0.11
   31.00     0.00    -999.99    3.75    3.75    0.00000    90.00  LINEAR    0.00000E+00     0.00    1.01430E+02     0.45
   30.00     0.00    -999.99    3.52    3.52    0.00000    90.00  LINEAR    0.00000E+00     0.00    9.88345E+01     0.80
   29.00     0.00    -999.99    3.30    3.30    0.00000    90.00  LINEAR    0.00000E+00     0.00    9.62700E+01     1.16
   28.00     0.00    -999.99    3.06    3.06    0.00000    90.00  LINEAR    0.00000E+00     0.00    9.37436E+01     1.53
   27.00     0.00    -999.99    2.83    2.83    0.00000    90.00  LINEAR    0.00000E+00     0.00    9.12615E+01     1.91
   26.00     0.00    -999.99    2.60    2.60    0.00000    90.00  LINEAR    0.00000E+00     0.00    8.88300E+01     2.31
   25.00     0.00    -999.99    2.36    2.36    0.00000    90.00  LINEAR    0.00000E+00     0.00    8.64547E+01     2.72
   24.00     0.00    -999.99    2.13    2.13    0.00000    90.00  LINEAR    0.00000E+00     0.00    8.41410E+01     3.13
   23.00     0.00    -999.99    1.89    1.89    0.00000    90.00  LINEAR    0.00000E+00     0.00    8.18938E+01     3.56
   22.00     0.00    -999.99    1.66    1.66    0.00000    90.00  LINEAR    0.00000E+00     0.00    7.97177E+01     3.99
   21.00     0.00    -999.99    1.42    1.42    0.00000    90.00  LINEAR    0.00000E+00     0.00    7.76170E+01     4.43
   20.00     0.00    -999.99    1.20    1.20    0.00000    90.00  LINEAR    0.00000E+00     0.00    7.55953E+01     4.88
   19.00     0.00    -999.99    0.97    0.97    0.00000    90.00  LINEAR    0.00000E+00     0.00    7.36564E+01     5.33
   18.00     0.00    -999.99    0.75    0.75    0.00000    90.00  LINEAR    0.00000E+00     0.00    7.18034E+01     5.79
   17.00     0.00    -999.99    0.53    0.53    0.00000    90.00  LINEAR    0.00000E+00     0.00    7.00392E+01     6.24
   16.00     0.00    -999.99    0.32    0.32    0.00000    90.00  LINEAR    0.00000E+00     0.00    6.83662E+01     6.69
   15.00     0.00    -999.99    0.12    0.12    0.00000    90.00  LINEAR    0.00000E+00     0.00    6.67868E+01     7.14
   14.00     0.00    -999.99   -0.08   -0.08    0.00000    90.00  LINEAR    0.00000E+00     0.00    6.53029E+01     7.58
   13.00     0.00    -999.99   -0.26   -0.26    0.00000    90.00  LINEAR    0.00000E+00     0.00    6.39164E+01     8.01
   12.00     0.00    -999.99   -0.44   -0.44    0.00000    90.00  LINEAR    0.00000E+00     0.00    6.26285E+01     8.42
   11.00     0.00    -999.99   -0.61   -0.61    0.00000    90.00  LINEAR    0.00000E+00     0.00    6.14406E+01     8.82
   10.00     0.00    -999.99   -0.76   -0.76    0.00000    90.00  LINEAR    0.00000E+00     0.00    6.03536E+01     9.20
    9.00     0.00    -999.99   -0.90   -0.90    0.00000    90.00  LINEAR    0.00000E+00     0.00    5.93685E+01     9.56
    8.00     0.00    -999.99   -1.03   -1.03    0.00000    90.00  LINEAR    0.00000E+00     0.00    5.84859E+01     9.89
    7.00     0.00    -999.99   -1.15   -1.15    0.00000    90.00  LINEAR    0.00000E+00     0.00    5.77063E+01    10.19
    6.00     0.00    -999.99   -1.25   -1.25    0.00000    90.00  LINEAR    0.00000E+00     0.00    5.70300E+01    10.45
    5.00     0.00    -999.99   -1.34   -1.34    0.00000    90.00  LINEAR    0.00000E+00     0.00    5.64575E+01    10.68
    4.00     0.00    -999.99   -1.41   -1.41    0.00000    90.00  LINEAR    0.00000E+00     0.00    5.59888E+01    10.88
    3.00     0.00    -999.99   -1.47   -1.47    0.00000    90.00  LINEAR    0.00000E+00     0.00    5.56242E+01    11.03
    2.00     0.00    -999.99   -1.51   -1.51    0.00000    90.00  LINEAR    0.00000E+00     0.00    5.53637E+01    11.14
    1.00     0.00    -999.99   -1.53   -1.53    0.00000    90.00  LINEAR    0.00000E+00     0.00    5.52074E+01    11.21
    0.00     0.00    -999.99   -1.54   -1.54    0.00000    90.00  LINEAR    0.00000E+00     0.00    5.51553E+01    11.23
   -1.00     0.00    -999.99   -1.53   -1.53    0.00000    90.00  LINEAR    0.00000E+00     0.00    5.52074E+01    11.21
   -2.00     0.00    -999.99   -1.51   -1.51    0.00000    90.00  LINEAR    0.00000E+00     0.00    5.53637E+01    11.14
   -3.00     0.00    -999.99   -1.47   -1.47    0.00000    90.00  LINEAR    0.00000E+00     0.00    5.56242E+01    11.03
   -4.00     0.00    -999.99   -1.41   -1.41    0.00000    90.00  LINEAR    0.00000E+00     0.00    5.59888E+01    10.88
   -5.00     0.00    -999.99   -1.34   -1.34    0.00000    90.00  LINEAR    0.00000E+00     0.00    5.64575E+01    10.68
   -6.00     0.00    -999.99   -1.25   -1.25    0.00000    90.00  LINEAR    0.00000E+00     0.00    5.70300E+01    10.45
   -7.00     0.00    -999.99   -1.15   -1.15    0.00000    90.00  LINEAR    0.00000E+00     0.00    5.77063E+01    10.19
   -8.00     0.00    -999.99   -1.03   -1.03    0.00000    90.00  LINEAR    0.00000E+00     0.00    5.84859E+01     9.89
   -9.00     0.00    -999.99   -0.90   -0.90    0.00000    90.00  LINEAR    0.00000E+00     0.00    5.93685E+01     9.56
  -10.00     0.00    -999.99   -0.76   -0.76    0.00000    90.00  LINEAR    0.00000E+00     0.00    6.03536E+01     9.20
  -11.00     0.00    -999.99   -0.61   -0.61    0.00000    90.00  LINEAR    0.00000E+00     0.00    6.14406E+01     8.82
  -12.00     0.00    -999.99   -0.44   -0.44    0.00000    90.00  LINEAR    0.00000E+00     0.00    6.26285E+01     8.42
  -13.00     0.00    -999.99   -0.26   -0.26    0.00000    90.00  LINEAR    0.00000E+00     0.00    6.39164E+01     8.01
  -14.00     0.00    -999.99   -0.08   -0.08    0.00000    90.00  LINEAR    0.00000E+00     0.00    6.53029E+01     7.58
  -15.00     0.00    -999.99    0.12    0.12    0.00000    90.00  LINEAR    0.00000E+00     0.00    6.67868E+01     7.14
  -16.00     0.00    -999.99    0.32    0.32    0.00000    90.00  LINEAR    0.00000E+00     0.00    6.83662E+01     6.69
  -17.00     0.00    -999.99    0.53    0.53    0.00000    90.00  LINEAR    0.00000E+00     0.00    7.00392E+01     6.24
  -18.00     0.00    -999.99    0.75    0.75    0.00000    90.00  LINEAR    0.00000E+00     0.00    7.18034E+01     5.79
  -19.00     0.00    -999.99    0.97    0.97    0.00000    90.00  LINEAR    0.00000E+00     0.00    7.36564E+01     5.33
  -20.00     0.00    -999.99    1.20    1.20    0.00000    90.00  LINEAR    0.00000E+00     0.00    7.55953E+01     4.88
  -21.00     0.00    -999.99    1.42    1.42    0.00000    90.00  LINEAR    0.00000E+00     0.00    7.76170E+01     4.43
  -22.00     0.00    -999.99    1.66    1.66    0.00000    90.00  LINEAR    0.00000E+00     0.00    7.97177E+01     3.99
  -23.00     0.00    -999.99    1.89    1.89    0.00000    90.00  LINEAR    0.00000E+00     0.00    8.18938E+01     3.56
  -24.00     0.00    -999.99    2.13    2.13    0.00000    90.00  LINEAR    0.00000E+00     0.00    8.41410E+01     3.13
  -25.00     0.00    -999.99    2.36    2.36    0.00000    90.00  LINEAR    0.00000E+00     0.00    8.64547E+01     2.72
  -26.00     0.00    -999.99    2.60    2.60    0.00000    90.00  LINEAR    0.00000E+00     0.00    8.88300E+01     2.31
  -27.00     0.00    -999.99    2.83    2.83    0.00000    90.00  LINEAR    0.00000E+00     0.00    9.12615E+01     1.91
  -28.00     0.00    -999.99    3.06    3.06    0.00000    90.00  LINEAR    0.00000E+00     0.00    9.37436E+01     1.53
  -29.00     0.00    -999.99    3.30    3.30    0.00000    90.00  LINEAR    0.00000E+00     0.00    9.62700E+01     1.16
  -30.00     0.00    -999.99    3.52    3.52    0.00000    90.00  LINEAR    0.00000E+00     0.00    9.88345E+01     0.80
  -31.00     0.00    -999.99    3.75    3.75    0.00000    90.00  LINEAR    0.00000E+00     0.00    1.01430E+02     0.45
  -32.00     0.00    -999.99    3.97    3.97    0.00000    90.00  LINEAR    0.00000E+00     0.00    1.04049E+02     0.11
  -33.00     0.00    -999.99    4.19    4.19    0.00000    90.00  LINEAR    0.00000E+00     0.00    1.06685E+02    -0.21
  -34.00     0.00    -999.99    4.40    4.40    0.00000    90.00  LINEAR    0.00000E+00     0.00    1.09329E+02    -0.53
  -35.00     0.00    -999.99    4.61    4.61    0.00000    90.00  LINEAR    0.00000E+00     0.00    1.11972E+02    -0.83
  -36.00     0.00    -999.99    4.81    4.81    0.00000    90.00  LINEAR    0.00000E+00     0.00    1.14606E+02    -1.11
  -37.00     0.00    -999.99    5.01    5.01    0.00000    90.00  LINEAR    0.00000E+00     0.00    1.17223E+02    -1.39
  -38.00     0.00    -999.99    5.20    5.20    0.00000    90.00  LINEAR    0.00000E+00     0.00    1.19811E+02    -1.66
  -39.00     0.00    -999.99    5.38    5.38    0.00000    90.00  LINEAR    0.00000E+00     0.00    1.22362E+02    -1.91
  -40.00     0.00    -999.99    5.55    5.55    0.00000    90.00  LINEAR    0.00000E+00     0.00    1.24865E+02    -2.15
  -41.00     0.00    -999.99    5.72    5.72    0.00000    90.00  LINEAR    0.00000E+00     0.00    1.27310E+02    -2.38
  -42.00     0.00    -999.99    5.88    5.88    0.00000    90.00  LINEAR    0.00000E+00     0.00    1.29687E+02    -2.60
  -43.00     0.00    -999.99    6.04    6.04    0.00000    90.00  LINEAR    0.00000E+00     0.00    1.31983E+02    -2.81
  -44.00     0.00    -999.99    6.18    6.18    0.00000    90.00  LINEAR    0.00000E+00     0.00    1.34189E+02    -3.02
  -45.00     0.00    -999.99    6.31    6.31    0.00000    90.00  LINEAR    0.00000E+00     0.00    1.36292E+02    -3.21
  -46.00     0.00    -999.99    6.44    6.44    0.00000    90.00  LINEAR    0.00000E+00     0.00    1.38282E+02    -3.39
  -47.00     0.00    -999.99    6.56    6.56    0.00000    90.00  LINEAR    0.00000E+00     0.00    1.40147E+02    -3.56
  -48.00     0.00    -999.99    6.66    6.66    0.00000    90.00  LINEAR    0.00000E+00     0.00    1.41874E+02    -3.72
  -49.00     0.00    -999.99    6.76    6.76    0.00000    90.00  LINEAR    0.00000E+00     0.00    1.43453E+02    -3.88
  -50.00     0.00    -999.99    6.84    6.84    0.00000    90.00  LINEAR    0.00000E+00     0.00    1.44872E+02    -4.02
  -51.00     0.00    -999.99    6.92    6.92    0.00000    90.00  LINEAR    0.00000E+00     0.00    1.46119E+02    -4.16
  -52.00     0.00    -999.99    6.98    6.98    0.00000    90.00  LINEAR    0.00000E+00     0.00    1.47184E+02    -4.29
  -53.00     0.00    -999.99    7.03    7.03    0.00000    90.00  LINEAR    0.00000E+00     0.00    1.48053E+02    -4.41
  -54.00     0.00    -999.99    7.07    7.07    0.00000    90.00  LINEAR    0.00000E+00     0.00    1.48718E+02    -4.53
  -55.00     0.00    -999.99    7.10    7.10    0.00000    90.00  LINEAR    0.00000E+00     0.00    1.49167E+02    -4.63
  -56.00     0.00    -999.99    7.11    7.11    0.00000    90.00  LINEAR    0.00000E+00     0.00    1.49390E+02    -4.73
  -57.00     0.00    -999.99    7.11    7.11    0.00000    90.00  LINEAR    0.00000E+00     0.00    1.49377E+02    -4.83
  -58.00     0.00    -999.99    7.10    7.10    0.00000    90.00  LINEAR    0.00000E+00     0.00    1.49119E+02    -4.91
  -59.00     0.00    -999.99    7.07    7.07    0.00000    90.00  LINEAR    0.00000E+00     0.00    1.48607E+02    -4.99
  -60.00     0.00    -999.99    7.02    7.02    0.00000    90.00  LINEAR    0.00000E+00     0.00    1.47833E+02    -5.06
  -61.00     0.00    -999.99    6.96    6.96    0.00000    90.00  LINEAR    0.00000E+00     0.00    1.46789E+02    -5.13
  -62.00     0.00    -999.99    6.88    6.88    0.00000    90.00  LINEAR    0.00000E+00     0.00    1.45468E+02    -5.19
  -63.00     0.00    -999.99    6.78    6.78    0.00000    90.00  LINEAR    0.00000E+00     0.00    1.43866E+02    -5.24
  -64.00     0.00    -999.99    6.67    6.67    0.00000    90.00  LINEAR    0.00000E+00     0.00    1.41976E+02    -5.29
  -65.00     0.00    -999.99    6.53    6.53    0.00000    90.00  LINEAR    0.00000E+00     0.00    1.39794E+02    -5.33
  -66.00     0.00    -999.99    6.38    6.38    0.00000    90.00  LINEAR    0.00000E+00     0.00    1.37317E+02    -5.37
  -67.00     0.00    -999.99    6.20    6.20    0.00000    90.00  LINEAR    0.00000E+00     0.00    1.34544E+02    -5.40
  -68.00     0.00    -999.99    6.00    6.00    0.00000    90.00  LINEAR    0.00000E+00     0.00    1.31471E+02    -5.42
  -69.00     0.00    -999.99    5.78    5.78    0.00000    90.00  LINEAR    0.00000E+00     0.00    1.28100E+02    -5.44
  -70.00     0.00    -999.99    5.52    5.52    0.00000    90.00  LINEAR    0.00000E+00     0.00    1.24432E+02    -5.45
  -71.00     0.00    -999.99    5.24    5.24    0.00000    90.00  LINEAR    0.00000E+00     0.00    1.20468E+02    -5.46
  -72.00     0.00    -999.99    4.93    4.93    0.00000    90.00  LINEAR    0.00000E+00     0.00    1.16211E+02    -5.47
  -73.00     0.00    -999.99    4.58    4.58    0.00000    90.00  LINEAR    0.00000E+00     0.00    1.11667E+02    -5.47
  -74.00     0.00    -999.99    4.20    4.20    0.00000    90.00  LINEAR    0.00000E+00     0.00    1.06840E+02    -5.46
  -75.00     0.00    -999.99    3.77    3.77    0.00000    90.00  LINEAR    0.00000E+00     0.00    1.01737E+02    -5.45
  -76.00     0.00    -999.99    3.30    3.30    0.00000    90.00  LINEAR    0.00000E+00     0.00    9.63664E+01    -5.43
  -77.00     0.00    -999.99    2.78    2.78    0.00000    90.00  LINEAR    0.00000E+00     0.00    9.07370E+01    -5.41
  -78.00     0.00    -999.99    2.20    2.20    0.00000    90.00  LINEAR    0.00000E+00     0.00    8.48588E+01    -5.38
  -79.00     0.00    -999.99    1.55    1.55    0.00000    90.00  LINEAR    0.00000E+00     0.00    7.87433E+01    -5.35
  -80.00     0.00    -999.99    0.82    0.82    0.00000    90.00  LINEAR    0.00000E+00     0.00    7.24028E+01    -5.32
  -81.00     0.00    -999.99   -0.00   -0.00    0.00000    90.00  LINEAR    0.00000E+00     0.00    6.58506E+01    -5.28
  -82.00     0.00    -999.99   -0.94   -0.94    0.00000    90.00  LINEAR    0.00000E+00     0.00    5.91010E+01    -5.23
  -83.00     0.00    -999.99   -2.03   -2.03    0.00000    90.00  LINEAR    0.00000E+00     0.00    5.21695E+01    -5.19
  -84.00     0.00    -999.99   -3.30   -3.30    0.00000    90.00  LINEAR    0.00000E+00     0.00    4.50720E+01    -5.13
  -85.00     0.00    -999.99   -4.82   -4.82    0.00000    90.00  LINEAR    0.00000E+00     0.00    3.78257E+01    -5.08
  -86.00     0.00    -999.99   -6.70   -6.70    0.00000    90.00  LINEAR    0.00000E+00     0.00    3.04481E+01    -5.01
  -87.00     0.00    -999.99   -9.16   -9.16    0.00000    90.00  LINEAR    0.00000E+00     0.00    2.29576E+01    -4.95
  -88.00     0.00    -999.99  -12.64  -12.64    0.00000    90.00  LINEAR    0.00000E+00     0.00    1.53731E+01    -4.88
  -89.00     0.00    -999.99  -18.63  -18.63    0.00000    90.00  LINEAR    0.00000E+00     0.00    7.71398E+00    -4.80
  -90.00     0.00    -999.99 -999.99 -999.99    0.00000     0.00            0.00000E+00     0.00    1.17373E-11    -4.73






 ***** INPUT LINE  6  EN   0    0    0    0  0.00000E+00  0.00000E+00  0.00000E+00  0.00000E+00  0.00000E+00  0.00000E+00

Sommerfeld integral tables written in previous run:
Potentials: 11 12 13 14 15 21 23 31 33
E and H:

 RUN TIME =     0.000
