1
 x13



                                ***********************************************
                                *                                             *
                                *  NUMERICAL ELECTROMAGNETICS CODE (NEC-5)    *
                                *                                             *
                                ***********************************************




                      **********************************************************

                          Back yard dipole                                                             
                                                                                                       
                          EZNEC Pro/2+ v. 7.0.4  2026-08-25 16:02:56                                   
                                                                                                       
                          ! Written by EZNEC/Pro+ v. 7.0 in NEC-5 format.                              
                                                                                                       

                      **********************************************************





                                 - - - STRUCTURE SPECIFICATION - - -

                                     COORDINATES MUST BE INPUT IN
                                     METERS OR BE SCALED TO METERS
                                     BEFORE STRUCTURE INPUT IS ENDED

 Model definition commands:

 GW    1    11  0.00000E+00  0.00000E+00  9.14400E+00  0.00000E+00  1.01895E+01  9.14400E+00  1.02620E-03
 GE    0   -1

 Number of nodes :    12
 Number of wire elements :    11
 Number of patch elements:     0
 Number unknowns:    10




 ***** INPUT LINE  1  FR   0    1    0    0  1.40000E+01  0.00000E+00  0.00000E+00  0.00000E+00  0.00000E+00  0.00000E+00
 ***** INPUT LINE  2  GN  -1    0    0    0  0.00000E+00  0.00000E+00  0.00000E+00  0.00000E+00  0.00000E+00  0.00000E+00
 ***** INPUT LINE  3  EX   4    1    6    0  1.41421E+00  0.00000E+00  0.00000E+00  0.00000E+00  0.00000E+00  0.00000E+00
 ***** INPUT LINE  4  PQ   0    0    0    0  0.00000E+00  0.00000E+00  0.00000E+00  0.00000E+00  0.00000E+00  0.00000E+00
 ***** INPUT LINE  5  NE   0    2    3    4  3.04800E-01  6.09600E-01  9.14400E-01  6.09600E-01  6.09600E-01  6.09600E-01




                                 - - - - - - FREQUENCY - - - - - -

                                    FREQUENCY= 1.4000E+01 MHZ
                                    WAVELENGTH= 2.1414E+01 METERS



                                  - - - ANTENNA ENVIRONMENT - - -

                                            FREE SPACE



                               - - - STRUCTURE IMPEDANCE LOADING - - -

                                   THIS STRUCTURE IS NOT LOADED
ALLOCATE CM:            100



                                - - - MATRIX TIMING - - -

                        FILL=    0.000 SEC.,  FACTOR=    0.000 SEC.



                                          - - - ANTENNA INPUT PARAMETERS - - -

   TAG   SEG.    VOLTAGE (VOLTS)         CURRENT (AMPS)         IMPEDANCE (OHMS)        ADMITTANCE (MHOS)      POWER
   NO.   NO.    REAL        IMAG.       REAL        IMAG.       REAL        IMAG.       REAL        IMAG.     (WATTS)
   1     6 1  9.3898E+01 -6.4318E+01  1.4142E+00  0.0000E+00  6.6396E+01 -4.5480E+01  1.0251E-02  7.0219E-03  6.6396E+01



                                       - - - Wire Currents - - -

                             Lengths normalized by wavelength (or 2.*pi/CABS(k))

  Elem.  Tag            Coord. of seg. center          Seg.            - - - Current (Amps) - - -
   No.   No.     X            Y            Z           Length       Real         Imag.        Mag.         Phase
      1    1  0.00000E+00  2.16284E-02  4.27005E-01  4.32569E-02  2.07000E-01 -1.47111E-02  2.07522E-01   -4.0651
      2    1  0.00000E+00  6.48853E-02  4.27005E-01  4.32569E-02  5.91702E-01 -3.84497E-02  5.92950E-01   -3.7179
      3    1  0.00000E+00  1.08142E-01  4.27005E-01  4.32569E-02  9.15214E-01 -5.08388E-02  9.16625E-01   -3.1794
      4    1  0.00000E+00  1.51399E-01  4.27005E-01  4.32569E-02  1.16701E+00 -5.15893E-02  1.16815E+00   -2.5312
      5    1  0.00000E+00  1.94656E-01  4.27005E-01  4.32569E-02  1.33281E+00 -4.02333E-02  1.33341E+00   -1.7291
      6    1  0.00000E+00  2.37913E-01  4.27005E-01  4.32569E-02  1.40342E+00 -1.57443E-02  1.40351E+00   -0.6427
      7    1  0.00000E+00  2.81170E-01  4.27005E-01  4.32569E-02  1.35230E+00 -1.18290E-02  1.35236E+00   -0.5012
      8    1  0.00000E+00  3.24426E-01  4.27005E-01  4.32569E-02  1.18270E+00 -2.87915E-02  1.18305E+00   -1.3945
      9    1  0.00000E+00  3.67683E-01  4.27005E-01  4.32569E-02  9.27180E-01 -3.34982E-02  9.27785E-01   -2.0691
     10    1  0.00000E+00  4.10940E-01  4.27005E-01  4.32569E-02  5.99335E-01 -2.74181E-02  5.99962E-01   -2.6193
     11    1  0.00000E+00  4.54197E-01  4.27005E-01  4.32569E-02  2.09654E-01 -1.08825E-02  2.09937E-01   -2.9714



                             - - - Wire Charge Densities - - -

                     Lengths normalized by wavelength (or 2.*pi/CABS(k))

  ELEM.  TAG          Coord. of Seg. Center           Seg.        Charge Density (C/m)
   No.   No.     X            Y            Z          Length        Mag.         Phase
      1    1  0.00000E+00  2.16284E-02  4.27005E-01  4.32569E-02  5.09364E-09   85.9349
      2    1  0.00000E+00  6.48853E-02  4.27005E-01  4.32569E-02  4.36732E-09   87.0918
      3    1  0.00000E+00  1.08142E-01  4.27005E-01  4.32569E-02  3.57987E-09   88.6793
      4    1  0.00000E+00  1.51399E-01  4.27005E-01  4.32569E-02  2.60212E-09   91.4114
      5    1  0.00000E+00  1.94656E-01  4.27005E-01  4.32569E-02  1.48383E-09   98.3171
      6    1  0.00000E+00  2.37913E-01  4.27005E-01  4.32569E-02  4.68564E-10  145.5626
      7    1  0.00000E+00  2.81170E-01  4.27005E-01  4.32569E-02  1.54709E-09  -79.1831
      8    1  0.00000E+00  3.24426E-01  4.27005E-01  4.32569E-02  2.64642E-09  -87.2710
      9    1  0.00000E+00  3.67683E-01  4.27005E-01  4.32569E-02  3.62824E-09  -90.1655
     10    1  0.00000E+00  4.10940E-01  4.27005E-01  4.32569E-02  4.42092E-09  -91.7986
     11    1  0.00000E+00  4.54197E-01  4.27005E-01  4.32569E-02  5.15290E-09  -92.9714



                                        - - - POWER BUDGET - - -

                                           INPUT POWER   = 6.6396E+01 WATTS
                                           RADIATED POWER= 6.6396E+01 WATTS
                                           WIRE LOSS     = 0.0000E+00 WATTS
                                           EFFICIENCY    = 100.00 PERCENT



                                      - - - NEAR ELECTRIC FIELDS - - -

              -  LOCATION  -                     -  EX  -               -  EY  -               -  EZ  -
        X           Y           Z           MAGNITUDE   PHASE      MAGNITUDE   PHASE      MAGNITUDE   PHASE
      METERS      METERS      METERS         VOLTS/M   DEGREES      VOLTS/M   DEGREES      VOLTS/M   DEGREES
    3.0480E-01  6.0960E-01  9.1440E-01     1.3819E-01    45.25    6.3779E+00   100.26    3.7311E+00  -134.75
    9.1440E-01  6.0960E-01  9.1440E-01     4.0888E-01    44.79    6.3614E+00    99.53    3.6799E+00  -135.21
    3.0480E-01  1.2192E+00  9.1440E-01     1.2885E-01    47.46    6.7837E+00   101.12    3.4789E+00  -132.54
    9.1440E-01  1.2192E+00  9.1440E-01     3.8104E-01    47.01    6.7643E+00   100.41    3.4294E+00  -132.99
    3.0480E-01  1.8288E+00  9.1440E-01     1.1606E-01    49.34    7.1654E+00   101.77    3.1335E+00  -130.66
    9.1440E-01  1.8288E+00  9.1440E-01     3.4305E-01    48.89    7.1430E+00   101.08    3.0874E+00  -131.11
    3.0480E-01  6.0960E-01  1.5240E+00     1.6775E-01    51.23    6.6108E+00   110.25    4.1938E+00  -128.77
    9.1440E-01  6.0960E-01  1.5240E+00     4.9530E-01    50.77    6.5915E+00   109.45    4.1275E+00  -129.23
    3.0480E-01  1.2192E+00  1.5240E+00     1.5763E-01    53.39    7.0575E+00   110.77    3.9406E+00  -126.61
    9.1440E-01  1.2192E+00  1.5240E+00     4.6509E-01    52.93    7.0349E+00   109.99    3.8758E+00  -127.07
    3.0480E-01  1.8288E+00  1.5240E+00     1.4292E-01    55.22    7.4811E+00   111.10    3.5730E+00  -124.78
    9.1440E-01  1.8288E+00  1.5240E+00     4.2147E-01    54.77    7.4551E+00   110.35    3.5123E+00  -125.23
    3.0480E-01  6.0960E-01  2.1336E+00     2.0648E-01    56.86    6.8663E+00   120.47    4.7490E+00  -123.14
    9.1440E-01  6.0960E-01  2.1336E+00     6.0802E-01    56.39    6.8430E+00   119.57    4.6615E+00  -123.61
    3.0480E-01  1.2192E+00  2.1336E+00     1.9573E-01    58.95    7.3547E+00   120.55    4.5019E+00  -121.05
    9.1440E-01  1.2192E+00  2.1336E+00     5.7592E-01    58.49    7.3279E+00   119.69    4.4154E+00  -121.51
    3.0480E-01  1.8288E+00  2.1336E+00     1.7882E-01    60.71    7.8224E+00   120.46    4.1128E+00  -119.29
    9.1440E-01  1.8288E+00  2.1336E+00     5.2577E-01    60.25    7.7917E+00   119.65    4.0309E+00  -119.75
    3.0480E-01  6.0960E-01  2.7432E+00     2.5833E-01    62.10    7.1549E+00   131.00    5.4248E+00  -117.90
    9.1440E-01  6.0960E-01  2.7432E+00     7.5810E-01    61.62    7.1257E+00   129.99    5.3067E+00  -118.38
    3.0480E-01  1.2192E+00  2.7432E+00     2.4738E-01    64.10    7.6829E+00   130.51    5.1950E+00  -115.90
    9.1440E-01  1.2192E+00  2.7432E+00     7.2523E-01    63.63    7.6502E+00   129.56    5.0766E+00  -116.37
    3.0480E-01  1.8288E+00  2.7432E+00     2.2792E-01    65.77    8.1943E+00   129.88    4.7864E+00  -114.23
    9.1440E-01  1.8288E+00  2.7432E+00     6.6762E-01    65.31    8.1575E+00   128.98    4.6734E+00  -114.69




 ***** INPUT LINE  6  EN   0    0    0    0  0.00000E+00  0.00000E+00  0.00000E+00  0.00000E+00  0.00000E+00  0.00000E+00

 RUN TIME =     0.000
