1
 x13



                                ***********************************************
                                *                                             *
                                *  NUMERICAL ELECTROMAGNETICS CODE (NEC-5)    *
                                *                                             *
                                ***********************************************




                      **********************************************************

                          Dipole in free space                                                         
                                                                                                       
                          EZNEC Pro/2+ v. 7.0.4  2026-08-25 16:07:06                                   
                                                                                                       
                          ! Written by EZNEC/Pro+ v. 7.0 in NEC-5 format.                              
                                                                                                       

                      **********************************************************





                                 - - - STRUCTURE SPECIFICATION - - -

                                     COORDINATES MUST BE INPUT IN
                                     METERS OR BE SCALED TO METERS
                                     BEFORE STRUCTURE INPUT IS ENDED

 Model definition commands:

 GW    1    11  0.00000E+00 -2.50000E-01  0.00000E+00  0.00000E+00  2.50000E-01  0.00000E+00  5.00000E-04
 GE    0   -1

 Number of nodes :    12
 Number of wire elements :    11
 Number of patch elements:     0
 Number unknowns:    10




 ***** INPUT LINE  1  FR   0    1    0    0  3.32000E+02  0.00000E+00  0.00000E+00  0.00000E+00  0.00000E+00  0.00000E+00
 ***** INPUT LINE  2  GN  -1    0    0    0  0.00000E+00  0.00000E+00  0.00000E+00  0.00000E+00  0.00000E+00  0.00000E+00
 ***** INPUT LINE  3  EX   4    1    6    0  1.41421E+00  0.00000E+00  0.00000E+00  0.00000E+00  0.00000E+00  0.00000E+00
 ***** INPUT LINE  4  PQ   0    0    0    0  0.00000E+00  0.00000E+00  0.00000E+00  0.00000E+00  0.00000E+00  0.00000E+00
 ***** INPUT LINE  5  XQ   0    0    0    0  0.00000E+00  0.00000E+00  0.00000E+00  0.00000E+00  0.00000E+00  0.00000E+00




                                 - - - - - - FREQUENCY - - - - - -

                                    FREQUENCY= 3.3200E+02 MHZ
                                    WAVELENGTH= 9.0301E-01 METERS



                                  - - - ANTENNA ENVIRONMENT - - -

                                            FREE SPACE



                               - - - STRUCTURE IMPEDANCE LOADING - - -

                                   THIS STRUCTURE IS NOT LOADED
ALLOCATE CM:            100



                                - - - MATRIX TIMING - - -

                        FILL=    0.000 SEC.,  FACTOR=    0.000 SEC.



                                          - - - ANTENNA INPUT PARAMETERS - - -

   TAG   SEG.    VOLTAGE (VOLTS)         CURRENT (AMPS)         IMPEDANCE (OHMS)        ADMITTANCE (MHOS)      POWER
   NO.   NO.    REAL        IMAG.       REAL        IMAG.       REAL        IMAG.       REAL        IMAG.     (WATTS)
   1     6 1  1.6207E+02  2.0768E+02  1.4142E+00  0.0000E+00  1.1460E+02  1.4685E+02  3.3028E-03 -4.2323E-03  1.1460E+02



                                       - - - Wire Currents - - -

                             Lengths normalized by wavelength (or 2.*pi/CABS(k))

  Elem.  Tag            Coord. of seg. center          Seg.            - - - Current (Amps) - - -
   No.   No.     X            Y            Z           Length       Real         Imag.        Mag.         Phase
      1    1  0.00000E+00 -2.51683E-01  0.00000E+00  5.03366E-02  2.71132E-01 -4.58869E-02  2.74987E-01   -9.6058
      2    1  0.00000E+00 -2.01346E-01  0.00000E+00  5.03366E-02  7.59713E-01 -1.19695E-01  7.69084E-01   -8.9535
      3    1  0.00000E+00 -1.51010E-01  0.00000E+00  5.03366E-02  1.14062E+00 -1.58334E-01  1.15156E+00   -7.9030
      4    1  0.00000E+00 -1.00673E-01  0.00000E+00  5.03366E-02  1.40142E+00 -1.61399E-01  1.41069E+00   -6.5697
      5    1  0.00000E+00 -5.03366E-02  0.00000E+00  5.03366E-02  1.52064E+00 -1.27102E-01  1.52594E+00   -4.7779
      6    1  0.00000E+00  3.84208E-17  0.00000E+00  5.03366E-02  1.47836E+00 -5.02288E-02  1.47921E+00   -1.9459
      7    1  0.00000E+00  5.03366E-02  0.00000E+00  5.03366E-02  1.40555E+00 -3.66456E-02  1.40603E+00   -1.4935
      8    1  0.00000E+00  1.00673E-01  0.00000E+00  5.03366E-02  1.30852E+00 -8.77550E-02  1.31146E+00   -3.8368
      9    1  0.00000E+00  1.51010E-01  0.00000E+00  5.03366E-02  1.06801E+00 -1.00311E-01  1.07271E+00   -5.3657
     10    1  0.00000E+00  2.01346E-01  0.00000E+00  5.03366E-02  7.12295E-01 -8.15113E-02  7.16944E-01   -6.5282
     11    1  0.00000E+00  2.51683E-01  0.00000E+00  5.03366E-02  2.54362E-01 -3.23094E-02  2.56405E-01   -7.2390



                             - - - Wire Charge Densities - - -

                     Lengths normalized by wavelength (or 2.*pi/CABS(k))

  ELEM.  TAG          Coord. of Seg. Center           Seg.        Charge Density (C/m)
   No.   No.     X            Y            Z          Length        Mag.         Phase
      1    1  0.00000E+00 -2.51683E-01  0.00000E+00  5.03366E-02  5.80025E-09   80.3942
      2    1  0.00000E+00 -2.01346E-01  0.00000E+00  5.03366E-02  4.62428E-09   82.6830
      3    1  0.00000E+00 -1.51010E-01  0.00000E+00  5.03366E-02  3.45520E-09   86.2487
      4    1  0.00000E+00 -1.00673E-01  0.00000E+00  5.03366E-02  2.05960E-09   94.4951
      5    1  0.00000E+00 -5.03366E-02  0.00000E+00  5.03366E-02  7.27070E-10  140.6216
      6    1  0.00000E+00  3.84208E-17  0.00000E+00  5.03366E-02  1.71847E-09 -128.0624
      7    1  0.00000E+00  5.03366E-02  0.00000E+00  5.03366E-02  7.94269E-10  -13.3023
      8    1  0.00000E+00  1.00673E-01  0.00000E+00  5.03366E-02  1.88873E-09  -80.7044
      9    1  0.00000E+00  1.51010E-01  0.00000E+00  5.03366E-02  3.20934E-09  -90.7183
     10    1  0.00000E+00  2.01346E-01  0.00000E+00  5.03366E-02  4.30867E-09  -94.7436
     11    1  0.00000E+00  2.51683E-01  0.00000E+00  5.03366E-02  5.40831E-09  -97.2390



                                        - - - POWER BUDGET - - -

                                           INPUT POWER   = 1.1460E+02 WATTS
                                           RADIATED POWER= 1.1460E+02 WATTS
                                           WIRE LOSS     = 0.0000E+00 WATTS
                                           EFFICIENCY    = 100.00 PERCENT




 ***** INPUT LINE  6  EN   0    0    0    0  0.00000E+00  0.00000E+00  0.00000E+00  0.00000E+00  0.00000E+00  0.00000E+00

 RUN TIME =     0.000
