1
 x13



                                ***********************************************
                                *                                             *
                                *  NUMERICAL ELECTROMAGNETICS CODE (NEC-5)    *
                                *                                             *
                                ***********************************************




                      **********************************************************

                          Dipole in free space                                                         
                                                                                                       
                          EZNEC Pro/2+ v. 7.0.4  2026-08-25 16:07:00                                   
                                                                                                       
                          ! Written by EZNEC/Pro+ v. 7.0 in NEC-5 format.                              
                                                                                                       

                      **********************************************************





                                 - - - STRUCTURE SPECIFICATION - - -

                                     COORDINATES MUST BE INPUT IN
                                     METERS OR BE SCALED TO METERS
                                     BEFORE STRUCTURE INPUT IS ENDED

 Model definition commands:

 GW    1    11  0.00000E+00 -2.50000E-01  0.00000E+00  0.00000E+00  2.50000E-01  0.00000E+00  5.00000E-04
 GE    0   -1

 Number of nodes :    12
 Number of wire elements :    11
 Number of patch elements:     0
 Number unknowns:    10




 ***** INPUT LINE  1  FR   0    1    0    0  3.03000E+02  0.00000E+00  0.00000E+00  0.00000E+00  0.00000E+00  0.00000E+00
 ***** INPUT LINE  2  GN  -1    0    0    0  0.00000E+00  0.00000E+00  0.00000E+00  0.00000E+00  0.00000E+00  0.00000E+00
 ***** INPUT LINE  3  EX   4    1    6    0  1.41421E+00  0.00000E+00  0.00000E+00  0.00000E+00  0.00000E+00  0.00000E+00
 ***** INPUT LINE  4  PQ   0    0    0    0  0.00000E+00  0.00000E+00  0.00000E+00  0.00000E+00  0.00000E+00  0.00000E+00
 ***** INPUT LINE  5  XQ   0    0    0    0  0.00000E+00  0.00000E+00  0.00000E+00  0.00000E+00  0.00000E+00  0.00000E+00




                                 - - - - - - FREQUENCY - - - - - -

                                    FREQUENCY= 3.0300E+02 MHZ
                                    WAVELENGTH= 9.8944E-01 METERS



                                  - - - ANTENNA ENVIRONMENT - - -

                                            FREE SPACE



                               - - - STRUCTURE IMPEDANCE LOADING - - -

                                   THIS STRUCTURE IS NOT LOADED
ALLOCATE CM:            100



                                - - - MATRIX TIMING - - -

                        FILL=    0.000 SEC.,  FACTOR=    0.000 SEC.



                                          - - - ANTENNA INPUT PARAMETERS - - -

   TAG   SEG.    VOLTAGE (VOLTS)         CURRENT (AMPS)         IMPEDANCE (OHMS)        ADMITTANCE (MHOS)      POWER
   NO.   NO.    REAL        IMAG.       REAL        IMAG.       REAL        IMAG.       REAL        IMAG.     (WATTS)
   1     6 1  1.1715E+02  5.8519E+01  1.4142E+00  0.0000E+00  8.2837E+01  4.1379E+01  9.6612E-03 -4.8260E-03  8.2837E+01



                                       - - - Wire Currents - - -

                             Lengths normalized by wavelength (or 2.*pi/CABS(k))

  Elem.  Tag            Coord. of seg. center          Seg.            - - - Current (Amps) - - -
   No.   No.     X            Y            Z           Length       Real         Imag.        Mag.         Phase
      1    1  0.00000E+00 -2.29699E-01  0.00000E+00  4.59397E-02  2.34480E-01 -2.98175E-02  2.36368E-01   -7.2471
      2    1  0.00000E+00 -1.83759E-01  0.00000E+00  4.59397E-02  6.60217E-01 -7.74969E-02  6.64750E-01   -6.6948
      3    1  0.00000E+00 -1.37819E-01  0.00000E+00  4.59397E-02  1.00216E+00 -1.02151E-01  1.00735E+00   -5.8201
      4    1  0.00000E+00 -9.18794E-02  0.00000E+00  4.59397E-02  1.25440E+00 -1.04058E-01  1.25870E+00   -4.7421
      5    1  0.00000E+00 -4.59397E-02  0.00000E+00  4.59397E-02  1.40130E+00 -8.21310E-02  1.40370E+00   -3.3543
      6    1  0.00000E+00  3.50648E-17  0.00000E+00  4.59397E-02  1.43043E+00 -3.25446E-02  1.43080E+00   -1.3033
      7    1  0.00000E+00  4.59397E-02  0.00000E+00  4.59397E-02  1.37268E+00 -2.45584E-02  1.37290E+00   -1.0250
      8    1  0.00000E+00  9.18794E-02  0.00000E+00  4.59397E-02  1.23207E+00 -5.88499E-02  1.23347E+00   -2.7347
      9    1  0.00000E+00  1.37819E-01  0.00000E+00  4.59397E-02  9.85118E-01 -6.74246E-02  9.87423E-01   -3.9154
     10    1  0.00000E+00  1.83759E-01  0.00000E+00  4.59397E-02  6.49265E-01 -5.50380E-02  6.51594E-01   -4.8454
     11    1  0.00000E+00  2.29699E-01  0.00000E+00  4.59397E-02  2.30639E-01 -2.19050E-02  2.31677E-01   -5.4254



                             - - - Wire Charge Densities - - -

                     Lengths normalized by wavelength (or 2.*pi/CABS(k))

  ELEM.  TAG          Coord. of Seg. Center           Seg.        Charge Density (C/m)
   No.   No.     X            Y            Z          Length        Mag.         Phase
      1    1  0.00000E+00 -2.29699E-01  0.00000E+00  4.59397E-02  5.46284E-09   82.7529
      2    1  0.00000E+00 -1.83759E-01  0.00000E+00  4.59397E-02  4.43951E-09   84.6645
      3    1  0.00000E+00 -1.37819E-01  0.00000E+00  4.59397E-02  3.48613E-09   87.4192
      4    1  0.00000E+00 -9.18794E-02  0.00000E+00  4.59397E-02  2.34970E-09   92.7541
      5    1  0.00000E+00 -4.59397E-02  0.00000E+00  4.59397E-02  1.11974E-09  110.5942
      6    1  0.00000E+00  3.50648E-17  0.00000E+00  4.59397E-02  8.40388E-10 -153.5101
      7    1  0.00000E+00  4.59397E-02  0.00000E+00  4.59397E-02  1.11510E-09  -59.4028
      8    1  0.00000E+00  9.18794E-02  0.00000E+00  4.59397E-02  2.30102E-09  -84.3897
      9    1  0.00000E+00  1.37819E-01  0.00000E+00  4.59397E-02  3.41752E-09  -90.4489
     10    1  0.00000E+00  1.83759E-01  0.00000E+00  4.59397E-02  4.35244E-09  -93.4181
     11    1  0.00000E+00  2.29699E-01  0.00000E+00  4.59397E-02  5.35442E-09  -95.4254



                                        - - - POWER BUDGET - - -

                                           INPUT POWER   = 8.2837E+01 WATTS
                                           RADIATED POWER= 8.2837E+01 WATTS
                                           WIRE LOSS     = 0.0000E+00 WATTS
                                           EFFICIENCY    = 100.00 PERCENT




 ***** INPUT LINE  6  EN   0    0    0    0  0.00000E+00  0.00000E+00  0.00000E+00  0.00000E+00  0.00000E+00  0.00000E+00

 RUN TIME =     0.000
