1
 x13



                                ***********************************************
                                *                                             *
                                *  NUMERICAL ELECTROMAGNETICS CODE (NEC-5)    *
                                *                                             *
                                ***********************************************




                      **********************************************************

                          4 Sq - L Ntwrk & Z Match                                                     
                                                                                                       
                          EZNEC Pro/2+ v. 7.0.4  2026-08-20 20:32:38                                   
                                                                                                       
                          ! Written by EZNEC/Pro+ v. 7.0 in NEC-5 format.                              
                                                                                                       
                          ! *Wire #5 for virtual segments.                                             
                                                                                                       

                      **********************************************************





                                 - - - STRUCTURE SPECIFICATION - - -

                                     COORDINATES MUST BE INPUT IN
                                     METERS OR BE SCALED TO METERS
                                     BEFORE STRUCTURE INPUT IS ENDED

 Model definition commands:

 GW    1    20  0.00000E+00  0.00000E+00  0.00000E+00  0.00000E+00  0.00000E+00  1.00249E+01  1.90500E-02
 GW    2    20  0.00000E+00  1.04824E+01  0.00000E+00  0.00000E+00  1.04824E+01  1.00249E+01  1.90500E-02
 GW    3    20  1.04824E+01  0.00000E+00  0.00000E+00  1.04824E+01  0.00000E+00  1.00249E+01  1.90500E-02
 GW    4    20  1.04824E+01  1.04824E+01  0.00000E+00  1.04824E+01  1.04824E+01  1.00249E+01  1.90500E-02
 GW    5     5  4.19290E+03  4.19290E+03  4.23483E+03  4.19311E+03  4.19311E+03  4.23504E+03  4.19290E-03
 GE    1   -1

   GROUND PLANE SPECIFIED.

   WHERE WIRE ENDS TOUCH GROUND, CURRENT WILL BE INTERPOLATED TO IMAGE IN GROUND PLANE.


 Number of nodes :    90
 Number of wire elements :    85
 Number of patch elements:     0
 Number unknowns:    84




 ***** INPUT LINE  1  LD   4    1   -1    0  1.80000E+01  0.00000E+00  0.00000E+00  0.00000E+00  0.00000E+00  0.00000E+00
 ***** INPUT LINE  2  LD   4    2   -1    0  1.80000E+01  0.00000E+00  0.00000E+00  0.00000E+00  0.00000E+00  0.00000E+00
 ***** INPUT LINE  3  LD   4    3   -1    0  1.80000E+01  0.00000E+00  0.00000E+00  0.00000E+00  0.00000E+00  0.00000E+00
 ***** INPUT LINE  4  LD   4    4   -1    0  1.80000E+01  0.00000E+00  0.00000E+00  0.00000E+00  0.00000E+00  0.00000E+00
 ***** INPUT LINE  5  LD   4    5    1    0  1.00000E+10  0.00000E+00  0.00000E+00  0.00000E+00  0.00000E+00  0.00000E+00
 ***** INPUT LINE  6  LD   4    5    2    0  1.00000E+10  0.00000E+00  0.00000E+00  0.00000E+00  0.00000E+00  0.00000E+00
 ***** INPUT LINE  7  LD   4    5    3    0  1.00000E+10  0.00000E+00  0.00000E+00  0.00000E+00  0.00000E+00  0.00000E+00
 ***** INPUT LINE  8  LD   4    5    4    0  1.00000E+10  0.00000E+00  0.00000E+00  0.00000E+00  0.00000E+00  0.00000E+00
 ***** INPUT LINE  9  FR   0    1    0    0  7.15000E+00  0.00000E+00  0.00000E+00  0.00000E+00  0.00000E+00  0.00000E+00
 ***** INPUT LINE 10  GD   0    0    0    0  1.30000E+01  5.00000E-03  1.00000E+00  0.00000E+00  0.00000E+00  0.00000E+00
 ***** INPUT LINE 11  EX   4    5    1    0  1.41421E+00  0.00000E+00  0.00000E+00  0.00000E+00  0.00000E+00  0.00000E+00
 ***** INPUT LINE 12  TL   5    3    1   -1  5.00000E+01  1.04822E+01  0.00000E+00  0.00000E+00  0.00000E+00  0.00000E+00
 ***** INPUT LINE 13  TL   5    3    4   -1  5.00000E+01  3.14468E+01  0.00000E+00  0.00000E+00  0.00000E+00  0.00000E+00
 ***** INPUT LINE 14  TL   5    4    2   -1  5.00000E+01  1.04822E+01  0.00000E+00  0.00000E+00  0.00000E+00  0.00000E+00
 ***** INPUT LINE 15  TL   5    4    3   -1  5.00000E+01  1.04822E+01  0.00000E+00  0.00000E+00  0.00000E+00  0.00000E+00
 ***** INPUT LINE 16  NT   5    2    5    3  1.00000E+01  0.00000E+00 -2.00000E+01  0.00000E+00  4.00000E+01  0.00000E+00
 ***** INPUT LINE 17  NT   5    3    5    4  2.11510E-06 -4.59900E-02 -2.11500E-06  4.59910E-02  5.90090E-06  1.55380E-02
 ***** INPUT LINE 18  NT   5    1    5    2  4.28710E-03  6.53350E-02 -4.28700E-03 -6.53400E-02  4.28810E-03  6.53350E-02
 ***** INPUT LINE 19  PQ   0    0    0    0  0.00000E+00  0.00000E+00  0.00000E+00  0.00000E+00  0.00000E+00  0.00000E+00
 ***** INPUT LINE 20  XQ   0    0    0    0  0.00000E+00  0.00000E+00  0.00000E+00  0.00000E+00  0.00000E+00  0.00000E+00




                                 - - - - - - FREQUENCY - - - - - -

                                    FREQUENCY= 7.1500E+00 MHZ
                                    WAVELENGTH= 4.1930E+01 METERS



                                  - - - ANTENNA ENVIRONMENT - - -


 GMPINO: EPSC from file = 1.30000E+01-6.37447E+00
              should be  1.30000E+01-1.25706E+01
 Will compute Sommerfeld-ground tables
                                        FINITE GROUND.  SOMMERFELD SOLUTION
                                        RELATIVE DIELECTRIC CONST.= 13.000
                                        CONDUCTIVITY= 5.000E-03 MHOS/METER
                                        COMPLEX DIELECTRIC CONSTANT= 1.30000E+01-1.25706E+01



                               - - - STRUCTURE IMPEDANCE LOADING - - -


       LOCATION          RESISTANCE   INDUCTANCE  CAPACITANCE       IMPEDANCE (OHMS)     CONDUCTIVITY    TYPE
    ITAG FROM THRU          OHMS        HENRYS       FARADS        REAL      IMAGINARY    MHOS/METER

       1    1    1                                             1.8000E+01                             FIXED IMPEDANCE 
       2    1    1                                             1.8000E+01                             FIXED IMPEDANCE 
       3    1    1                                             1.8000E+01                             FIXED IMPEDANCE 
       4    1    1                                             1.8000E+01                             FIXED IMPEDANCE 
       5    1    1                                             1.0000E+10                             FIXED IMPEDANCE 
       5    2    2                                             1.0000E+10                             FIXED IMPEDANCE 
       5    3    3                                             1.0000E+10                             FIXED IMPEDANCE 
       5    4    4                                             1.0000E+10                             FIXED IMPEDANCE 
ALLOCATE CM:           7056



                                - - - MATRIX TIMING - - -

                        FILL=    0.000 SEC.,  FACTOR=    0.000 SEC.



                                            - - - NETWORK DATA - - -

      - FROM -    - TO -           TRANSMISSION LINE               -  -  SHUNT ADMITTANCES (MHOS)  -  -              LINE
      TAG  SEG.   TAG  SEG.      IMPEDANCE      LENGTH            - END ONE -                 - END TWO -            TYPE
      NO.   NO.   NO.   NO.         OHMS        METERS         REAL          IMAG.         REAL          IMAG.
        5    83     1    -1     5.0000E+01    1.0482E+01    0.0000E+00    0.0000E+00    0.0000E+00    0.0000E+00   STRAIGHT
        5    83     4   -61     5.0000E+01    3.1447E+01    0.0000E+00    0.0000E+00    0.0000E+00    0.0000E+00   STRAIGHT
        5    84     2   -21     5.0000E+01    1.0482E+01    0.0000E+00    0.0000E+00    0.0000E+00    0.0000E+00   STRAIGHT
        5    84     3   -41     5.0000E+01    1.0482E+01    0.0000E+00    0.0000E+00    0.0000E+00    0.0000E+00   STRAIGHT

      - FROM -    - TO -                          -  -  ADMITTANCE MATRIX ELEMENTS (MHOS)  -  -
      TAG   SEG.   TAG  SEG.             (ONE,ONE)                   (ONE,TWO)                   (TWO,TWO)
      NO.   NO.   NO.   NO.        REAL          IMAG.         REAL          IMAG.         REAL          IMAG.
        5    82     5    83     1.0000E+01    0.0000E+00   -2.0000E+01    0.0000E+00    4.0000E+01    0.0000E+00
        5    83     5    84     2.1151E-06   -4.5990E-02   -2.1150E-06    4.5991E-02    5.9009E-06    1.5538E-02
        5    81     5    82     4.2871E-03    6.5335E-02   -4.2870E-03   -6.5340E-02    4.2881E-03    6.5335E-02



                           - - - STRUCTURE EXCITATION DATA AT NETWORK CONNECTION POINTS - - -

   TAG   SEG.    VOLTAGE (VOLTS)         CURRENT (AMPS)         IMPEDANCE (OHMS)        ADMITTANCE (MHOS)      POWER
   NO.   NO.    REAL        IMAG.       REAL        IMAG.       REAL        IMAG.       REAL        IMAG.     (WATTS)
   5    83 1  2.9556E+01  1.0709E+01  2.9556E-09  1.0709E-09  1.0000E+10 -1.6242E+03  1.0000E-10  1.6242E-17  4.9413E-08
   1     1 2 -7.7204E+00 -1.4150E+01  2.1420E-01 -5.9114E-01  1.6976E+01 -1.9212E+01  2.5828E-02  2.9229E-02  3.3555E+00
   4    61 2 -4.7700E+01  3.4066E+01 -2.1426E-01  5.9102E-01  7.6804E+01  5.2865E+01  8.8346E-03 -6.0809E-03  1.5177E+01
   5    84 1  1.2195E+01 -2.9814E+01  1.2195E-09 -2.9814E-09  1.0000E+10 -2.6998E+04  1.0000E-10  2.6998E-16  5.1878E-08
   2    21 2 -3.8715E+01 -7.3371E-01 -5.9627E-01 -2.4394E-01  5.6050E+01 -2.1700E+01  1.5516E-02  6.0070E-03  1.1632E+01
   3    41 2 -3.8715E+01 -7.3371E-01 -5.9627E-01 -2.4394E-01  5.6050E+01 -2.1700E+01  1.5516E-02  6.0070E-03  1.1632E+01
   5    82 1  5.9254E+01  2.1419E+01  5.9254E-09  2.1419E-09  1.0000E+10 -1.0317E+04  1.0000E-10  1.0317E-16  1.9849E-07
   5    81 1  6.0673E+01 -1.3194E-01  6.0673E-09 -1.3185E-11  1.0000E+10 -1.4902E+04  1.0000E-10  1.4902E-16  1.8406E-07



                                          - - - ANTENNA INPUT PARAMETERS - - -

   TAG   SEG.    VOLTAGE (VOLTS)         CURRENT (AMPS)         IMPEDANCE (OHMS)        ADMITTANCE (MHOS)      POWER
   NO.   NO.    REAL        IMAG.       REAL        IMAG.       REAL        IMAG.       REAL        IMAG.     (WATTS)
   5    81 1  6.0673E+01 -1.3194E-01  1.4142E+00  0.0000E+00  4.2902E+01 -9.3298E-02  2.3309E-02  5.0689E-05  4.2902E+01



                                       - - - Wire Currents - - -

                             Lengths normalized by wavelength (or 2.*pi/CABS(k))

  Elem.  Tag            Coord. of seg. center          Seg.            - - - Current (Amps) - - -
   No.   No.     X            Y            Z           Length       Real         Imag.        Mag.         Phase
      1    1  0.00000E+00  0.00000E+00  5.97714E-03  1.19543E-02  2.13194E-01 -5.88003E-01  6.25459E-01  -70.0707
      2    1  0.00000E+00  0.00000E+00  1.79314E-02  1.19543E-02  2.10791E-01 -5.80861E-01  6.17926E-01  -70.0545
      3    1  0.00000E+00  0.00000E+00  2.98857E-02  1.19543E-02  2.07475E-01 -5.71489E-01  6.07985E-01  -70.0469
      4    1  0.00000E+00  0.00000E+00  4.18400E-02  1.19543E-02  2.03095E-01 -5.59363E-01  5.95091E-01  -70.0449
      5    1  0.00000E+00  0.00000E+00  5.37942E-02  1.19543E-02  1.97640E-01 -5.44430E-01  5.79194E-01  -70.0480
      6    1  0.00000E+00  0.00000E+00  6.57485E-02  1.19543E-02  1.91126E-01 -5.26710E-01  5.60315E-01  -70.0558
      7    1  0.00000E+00  0.00000E+00  7.77028E-02  1.19543E-02  1.83581E-01 -5.06257E-01  5.38515E-01  -70.0681
      8    1  0.00000E+00  0.00000E+00  8.96570E-02  1.19543E-02  1.75042E-01 -4.83144E-01  5.13875E-01  -70.0847
      9    1  0.00000E+00  0.00000E+00  1.01611E-01  1.19543E-02  1.65550E-01 -4.57463E-01  4.86496E-01  -70.1055
     10    1  0.00000E+00  0.00000E+00  1.13566E-01  1.19543E-02  1.55154E-01 -4.29314E-01  4.56490E-01  -70.1302
     11    1  0.00000E+00  0.00000E+00  1.25520E-01  1.19543E-02  1.43905E-01 -3.98811E-01  4.23980E-01  -70.1588
     12    1  0.00000E+00  0.00000E+00  1.37474E-01  1.19543E-02  1.31858E-01 -3.66070E-01  3.89093E-01  -70.1910
     13    1  0.00000E+00  0.00000E+00  1.49428E-01  1.19543E-02  1.19068E-01 -3.31210E-01  3.51962E-01  -70.2268
     14    1  0.00000E+00  0.00000E+00  1.61383E-01  1.19543E-02  1.05589E-01 -2.94345E-01  3.12711E-01  -70.2658
     15    1  0.00000E+00  0.00000E+00  1.73337E-01  1.19543E-02  9.14705E-02 -2.55579E-01  2.71454E-01  -70.3079
     16    1  0.00000E+00  0.00000E+00  1.85291E-01  1.19543E-02  7.67502E-02 -2.14980E-01  2.28270E-01  -70.3529
     17    1  0.00000E+00  0.00000E+00  1.97246E-01  1.19543E-02  6.14441E-02 -1.72560E-01  1.83173E-01  -70.4005
     18    1  0.00000E+00  0.00000E+00  2.09200E-01  1.19543E-02  4.55180E-02 -1.28184E-01  1.36026E-01  -70.4501
     19    1  0.00000E+00  0.00000E+00  2.21154E-01  1.19543E-02  2.88044E-02 -8.13436E-02  8.62930E-02  -70.5006
     20    1  0.00000E+00  0.00000E+00  2.33108E-01  1.19543E-02  1.01088E-02 -2.86044E-02  3.03381E-02  -70.5366
     21    2  0.00000E+00  2.49997E-01  5.97714E-03  1.19543E-02 -5.94706E-01 -2.38030E-01  6.40573E-01 -158.1863
     22    2  0.00000E+00  2.49997E-01  1.79314E-02  1.19543E-02 -5.90152E-01 -2.27391E-01  6.32444E-01 -158.9278
     23    2  0.00000E+00  2.49997E-01  2.98857E-02  1.19543E-02 -5.82606E-01 -2.17956E-01  6.22041E-01 -159.4889
     24    2  0.00000E+00  2.49997E-01  4.18400E-02  1.19543E-02 -5.71926E-01 -2.08395E-01  6.08710E-01 -159.9796
     25    2  0.00000E+00  2.49997E-01  5.37942E-02  1.19543E-02 -5.58126E-01 -1.98493E-01  5.92372E-01 -160.4225
     26    2  0.00000E+00  2.49997E-01  6.57485E-02  1.19543E-02 -5.41256E-01 -1.88177E-01  5.73034E-01 -160.8291
     27    2  0.00000E+00  2.49997E-01  7.77028E-02  1.19543E-02 -5.21384E-01 -1.77426E-01  5.50746E-01 -161.2067
     28    2  0.00000E+00  2.49997E-01  8.96570E-02  1.19543E-02 -4.98596E-01 -1.66248E-01  5.25581E-01 -161.5600
     29    2  0.00000E+00  2.49997E-01  1.01611E-01  1.19543E-02 -4.72989E-01 -1.54663E-01  4.97634E-01 -161.8927
     30    2  0.00000E+00  2.49997E-01  1.13566E-01  1.19543E-02 -4.44674E-01 -1.42703E-01  4.67011E-01 -162.2078
     31    2  0.00000E+00  2.49997E-01  1.25520E-01  1.19543E-02 -4.13769E-01 -1.30402E-01  4.33831E-01 -162.5075
     32    2  0.00000E+00  2.49997E-01  1.37474E-01  1.19543E-02 -3.80398E-01 -1.17799E-01  3.98220E-01 -162.7937
     33    2  0.00000E+00  2.49997E-01  1.49428E-01  1.19543E-02 -3.44685E-01 -1.04934E-01  3.60304E-01 -163.0680
     34    2  0.00000E+00  2.49997E-01  1.61383E-01  1.19543E-02 -3.06753E-01 -9.18453E-02  3.20208E-01 -163.3317
     35    2  0.00000E+00  2.49997E-01  1.73337E-01  1.19543E-02 -2.66709E-01 -7.85671E-02  2.78041E-01 -163.5861
     36    2  0.00000E+00  2.49997E-01  1.85291E-01  1.19543E-02 -2.24629E-01 -6.51247E-02  2.33879E-01 -163.8320
     37    2  0.00000E+00  2.49997E-01  1.97246E-01  1.19543E-02 -1.80524E-01 -5.15256E-02  1.87733E-01 -164.0700
     38    2  0.00000E+00  2.49997E-01  2.09200E-01  1.19543E-02 -1.34255E-01 -3.77373E-02  1.39458E-01 -164.3000
     39    2  0.00000E+00  2.49997E-01  2.21154E-01  1.19543E-02 -8.52884E-02 -2.36225E-02  8.84993E-02 -164.5187
     40    2  0.00000E+00  2.49997E-01  2.33108E-01  1.19543E-02 -3.00136E-02 -8.22834E-03  3.11210E-02 -164.6688
     41    3  2.49997E-01  0.00000E+00  5.97714E-03  1.19543E-02 -5.94706E-01 -2.38030E-01  6.40573E-01 -158.1863
     42    3  2.49997E-01  0.00000E+00  1.79314E-02  1.19543E-02 -5.90152E-01 -2.27391E-01  6.32444E-01 -158.9278
     43    3  2.49997E-01  0.00000E+00  2.98857E-02  1.19543E-02 -5.82606E-01 -2.17956E-01  6.22041E-01 -159.4889
     44    3  2.49997E-01  0.00000E+00  4.18400E-02  1.19543E-02 -5.71926E-01 -2.08395E-01  6.08710E-01 -159.9796
     45    3  2.49997E-01  0.00000E+00  5.37942E-02  1.19543E-02 -5.58126E-01 -1.98493E-01  5.92372E-01 -160.4225
     46    3  2.49997E-01  0.00000E+00  6.57485E-02  1.19543E-02 -5.41256E-01 -1.88177E-01  5.73034E-01 -160.8291
     47    3  2.49997E-01  0.00000E+00  7.77028E-02  1.19543E-02 -5.21384E-01 -1.77426E-01  5.50746E-01 -161.2067
     48    3  2.49997E-01  0.00000E+00  8.96570E-02  1.19543E-02 -4.98596E-01 -1.66248E-01  5.25581E-01 -161.5600
     49    3  2.49997E-01  0.00000E+00  1.01611E-01  1.19543E-02 -4.72989E-01 -1.54663E-01  4.97634E-01 -161.8927
     50    3  2.49997E-01  0.00000E+00  1.13566E-01  1.19543E-02 -4.44674E-01 -1.42703E-01  4.67011E-01 -162.2078
     51    3  2.49997E-01  0.00000E+00  1.25520E-01  1.19543E-02 -4.13769E-01 -1.30402E-01  4.33831E-01 -162.5075
     52    3  2.49997E-01  0.00000E+00  1.37474E-01  1.19543E-02 -3.80398E-01 -1.17799E-01  3.98220E-01 -162.7937
     53    3  2.49997E-01  0.00000E+00  1.49428E-01  1.19543E-02 -3.44685E-01 -1.04934E-01  3.60304E-01 -163.0680
     54    3  2.49997E-01  0.00000E+00  1.61383E-01  1.19543E-02 -3.06753E-01 -9.18453E-02  3.20208E-01 -163.3317
     55    3  2.49997E-01  0.00000E+00  1.73337E-01  1.19543E-02 -2.66709E-01 -7.85671E-02  2.78041E-01 -163.5861
     56    3  2.49997E-01  0.00000E+00  1.85291E-01  1.19543E-02 -2.24629E-01 -6.51247E-02  2.33879E-01 -163.8320
     57    3  2.49997E-01  0.00000E+00  1.97246E-01  1.19543E-02 -1.80524E-01 -5.15256E-02  1.87733E-01 -164.0700
     58    3  2.49997E-01  0.00000E+00  2.09200E-01  1.19543E-02 -1.34255E-01 -3.77373E-02  1.39458E-01 -164.3000
     59    3  2.49997E-01  0.00000E+00  2.21154E-01  1.19543E-02 -8.52884E-02 -2.36225E-02  8.84993E-02 -164.5187
     60    3  2.49997E-01  0.00000E+00  2.33108E-01  1.19543E-02 -3.00136E-02 -8.22834E-03  3.11210E-02 -164.6688
     61    4  2.49997E-01  2.49997E-01  5.97714E-03  1.19543E-02 -2.09305E-01  5.98914E-01  6.34434E-01  109.2632
     62    4  2.49997E-01  2.49997E-01  1.79314E-02  1.19543E-02 -2.00364E-01  6.10107E-01  6.42165E-01  108.1806
     63    4  2.49997E-01  2.49997E-01  2.98857E-02  1.19543E-02 -1.92397E-01  6.13964E-01  6.43404E-01  107.3993
     64    4  2.49997E-01  2.49997E-01  4.18400E-02  1.19543E-02 -1.84288E-01  6.12622E-01  6.39740E-01  106.7423
     65    4  2.49997E-01  2.49997E-01  5.37942E-02  1.19543E-02 -1.75858E-01  6.06495E-01  6.31476E-01  106.1699
     66    4  2.49997E-01  2.49997E-01  6.57485E-02  1.19543E-02 -1.67041E-01  5.95803E-01  6.18776E-01  105.6615
     67    4  2.49997E-01  2.49997E-01  7.77028E-02  1.19543E-02 -1.57819E-01  5.80703E-01  6.01766E-01  105.2042
     68    4  2.49997E-01  2.49997E-01  8.96570E-02  1.19543E-02 -1.48194E-01  5.61335E-01  5.80567E-01  104.7888
     69    4  2.49997E-01  2.49997E-01  1.01611E-01  1.19543E-02 -1.38180E-01  5.37835E-01  5.55302E-01  104.4088
     70    4  2.49997E-01  2.49997E-01  1.13566E-01  1.19543E-02 -1.27800E-01  5.10343E-01  5.26102E-01  104.0588
     71    4  2.49997E-01  2.49997E-01  1.25520E-01  1.19543E-02 -1.17078E-01  4.79005E-01  4.93105E-01  103.7349
     72    4  2.49997E-01  2.49997E-01  1.37474E-01  1.19543E-02 -1.06044E-01  4.43970E-01  4.56459E-01  103.4336
     73    4  2.49997E-01  2.49997E-01  1.49428E-01  1.19543E-02 -9.47255E-02  4.05390E-01  4.16310E-01  103.1520
     74    4  2.49997E-01  2.49997E-01  1.61383E-01  1.19543E-02 -8.31512E-02  3.63411E-01  3.72803E-01  102.8878
     75    4  2.49997E-01  2.49997E-01  1.73337E-01  1.19543E-02 -7.13451E-02  3.18163E-01  3.26065E-01  102.6390
     76    4  2.49997E-01  2.49997E-01  1.85291E-01  1.19543E-02 -5.93238E-02  2.69738E-01  2.76184E-01  102.4037
     77    4  2.49997E-01  2.49997E-01  1.97246E-01  1.19543E-02 -4.70876E-02  2.18146E-01  2.23170E-01  102.1806
     78    4  2.49997E-01  2.49997E-01  2.09200E-01  1.19543E-02 -3.46006E-02  1.63213E-01  1.66841E-01  101.9693
     79    4  2.49997E-01  2.49997E-01  2.21154E-01  1.19543E-02 -2.17302E-02  1.04273E-01  1.06513E-01  101.7718
     80    4  2.49997E-01  2.49997E-01  2.33108E-01  1.19543E-02 -7.58682E-03  3.68358E-02  3.76090E-02  101.6381
     81    5  9.99980E+01  9.99980E+01  1.00998E+02  1.73219E-03  3.03364E-09 -6.59268E-12  3.03364E-09   -0.1245
     82    5  9.99990E+01  9.99990E+01  1.00999E+02  1.73219E-03  5.99634E-09  1.06435E-09  6.09007E-09   10.0652
     83    5  1.00000E+02  1.00000E+02  1.01000E+02  1.73219E-03  4.44052E-09  1.60641E-09  4.72216E-09   19.8882
     84    5  1.00001E+02  1.00001E+02  1.01001E+02  1.73219E-03  2.08757E-09 -9.55209E-10  2.29573E-09  -24.5874
     85    5  1.00002E+02  1.00002E+02  1.01002E+02  1.73219E-03  6.09754E-10 -1.49068E-09  1.61057E-09  -67.7532



                             - - - Wire Charge Densities - - -

                     Lengths normalized by wavelength (or 2.*pi/CABS(k))

  ELEM.  TAG          Coord. of Seg. Center           Seg.        Charge Density (C/m)
   No.   No.     X            Y            Z          Length        Mag.         Phase
      1    1  0.00000E+00  0.00000E+00  5.97714E-03  1.19543E-02  2.92259E-10 -162.1387
      2    1  0.00000E+00  0.00000E+00  1.79314E-02  1.19543E-02  3.77054E-10 -160.8289
      3    1  0.00000E+00  0.00000E+00  2.98857E-02  1.19543E-02  5.05893E-10 -160.2903
      4    1  0.00000E+00  0.00000E+00  4.18400E-02  1.19543E-02  6.39298E-10 -160.0162
      5    1  0.00000E+00  0.00000E+00  5.37942E-02  1.19543E-02  7.72695E-10 -159.8633
      6    1  0.00000E+00  0.00000E+00  6.57485E-02  1.19543E-02  9.04061E-10 -159.7765
      7    1  0.00000E+00  0.00000E+00  7.77028E-02  1.19543E-02  1.03220E-09 -159.7309
      8    1  0.00000E+00  0.00000E+00  8.96570E-02  1.19543E-02  1.15624E-09 -159.7138
      9    1  0.00000E+00  0.00000E+00  1.01611E-01  1.19543E-02  1.27554E-09 -159.7180
     10    1  0.00000E+00  0.00000E+00  1.13566E-01  1.19543E-02  1.38957E-09 -159.7393
     11    1  0.00000E+00  0.00000E+00  1.25520E-01  1.19543E-02  1.49799E-09 -159.7746
     12    1  0.00000E+00  0.00000E+00  1.37474E-01  1.19543E-02  1.60058E-09 -159.8223
     13    1  0.00000E+00  0.00000E+00  1.49428E-01  1.19543E-02  1.69738E-09 -159.8807
     14    1  0.00000E+00  0.00000E+00  1.61383E-01  1.19543E-02  1.78877E-09 -159.9490
     15    1  0.00000E+00  0.00000E+00  1.73337E-01  1.19543E-02  1.87563E-09 -160.0263
     16    1  0.00000E+00  0.00000E+00  1.85291E-01  1.19543E-02  1.95989E-09 -160.1120
     17    1  0.00000E+00  0.00000E+00  1.97246E-01  1.19543E-02  2.04554E-09 -160.2055
     18    1  0.00000E+00  0.00000E+00  2.09200E-01  1.19543E-02  2.14191E-09 -160.3066
     19    1  0.00000E+00  0.00000E+00  2.21154E-01  1.19543E-02  2.27521E-09 -160.4152
     20    1  0.00000E+00  0.00000E+00  2.33108E-01  1.19543E-02  2.69453E-09 -160.5366
     21    2  0.00000E+00  2.49997E-01  5.97714E-03  1.19543E-02  5.43207E-10  165.1779
     22    2  0.00000E+00  2.49997E-01  1.79314E-02  1.19543E-02  4.96673E-10  147.6848
     23    2  0.00000E+00  2.49997E-01  2.98857E-02  1.19543E-02  5.81969E-10  135.9488
     24    2  0.00000E+00  2.49997E-01  4.18400E-02  1.19543E-02  6.93976E-10  128.3851
     25    2  0.00000E+00  2.49997E-01  5.37942E-02  1.19543E-02  8.16001E-10  123.3438
     26    2  0.00000E+00  2.49997E-01  6.57485E-02  1.19543E-02  9.41161E-10  119.8014
     27    2  0.00000E+00  2.49997E-01  7.77028E-02  1.19543E-02  1.06605E-09  117.1882
     28    2  0.00000E+00  2.49997E-01  8.96570E-02  1.19543E-02  1.18867E-09  115.1794
     29    2  0.00000E+00  2.49997E-01  1.01611E-01  1.19543E-02  1.30776E-09  113.5814
     30    2  0.00000E+00  2.49997E-01  1.13566E-01  1.19543E-02  1.42242E-09  112.2730
     31    2  0.00000E+00  2.49997E-01  1.25520E-01  1.19543E-02  1.53206E-09  111.1750
     32    2  0.00000E+00  2.49997E-01  1.37474E-01  1.19543E-02  1.63633E-09  110.2339
     33    2  0.00000E+00  2.49997E-01  1.49428E-01  1.19543E-02  1.73515E-09  109.4120
     34    2  0.00000E+00  2.49997E-01  1.61383E-01  1.19543E-02  1.82884E-09  108.6820
     35    2  0.00000E+00  2.49997E-01  1.73337E-01  1.19543E-02  1.91825E-09  108.0237
     36    2  0.00000E+00  2.49997E-01  1.85291E-01  1.19543E-02  2.00529E-09  107.4215
     37    2  0.00000E+00  2.49997E-01  1.97246E-01  1.19543E-02  2.09404E-09  106.8630
     38    2  0.00000E+00  2.49997E-01  2.09200E-01  1.19543E-02  2.19403E-09  106.3379
     39    2  0.00000E+00  2.49997E-01  2.21154E-01  1.19543E-02  2.33215E-09  105.8370
     40    2  0.00000E+00  2.49997E-01  2.33108E-01  1.19543E-02  2.76407E-09  105.3312
     41    3  2.49997E-01  0.00000E+00  5.97714E-03  1.19543E-02  5.43207E-10  165.1779
     42    3  2.49997E-01  0.00000E+00  1.79314E-02  1.19543E-02  4.96673E-10  147.6848
     43    3  2.49997E-01  0.00000E+00  2.98857E-02  1.19543E-02  5.81969E-10  135.9488
     44    3  2.49997E-01  0.00000E+00  4.18400E-02  1.19543E-02  6.93976E-10  128.3851
     45    3  2.49997E-01  0.00000E+00  5.37942E-02  1.19543E-02  8.16001E-10  123.3438
     46    3  2.49997E-01  0.00000E+00  6.57485E-02  1.19543E-02  9.41161E-10  119.8014
     47    3  2.49997E-01  0.00000E+00  7.77028E-02  1.19543E-02  1.06605E-09  117.1882
     48    3  2.49997E-01  0.00000E+00  8.96570E-02  1.19543E-02  1.18867E-09  115.1794
     49    3  2.49997E-01  0.00000E+00  1.01611E-01  1.19543E-02  1.30776E-09  113.5814
     50    3  2.49997E-01  0.00000E+00  1.13566E-01  1.19543E-02  1.42242E-09  112.2730
     51    3  2.49997E-01  0.00000E+00  1.25520E-01  1.19543E-02  1.53206E-09  111.1750
     52    3  2.49997E-01  0.00000E+00  1.37474E-01  1.19543E-02  1.63633E-09  110.2339
     53    3  2.49997E-01  0.00000E+00  1.49428E-01  1.19543E-02  1.73515E-09  109.4120
     54    3  2.49997E-01  0.00000E+00  1.61383E-01  1.19543E-02  1.82884E-09  108.6820
     55    3  2.49997E-01  0.00000E+00  1.73337E-01  1.19543E-02  1.91825E-09  108.0237
     56    3  2.49997E-01  0.00000E+00  1.85291E-01  1.19543E-02  2.00529E-09  107.4215
     57    3  2.49997E-01  0.00000E+00  1.97246E-01  1.19543E-02  2.09404E-09  106.8630
     58    3  2.49997E-01  0.00000E+00  2.09200E-01  1.19543E-02  2.19403E-09  106.3379
     59    3  2.49997E-01  0.00000E+00  2.21154E-01  1.19543E-02  2.33215E-09  105.8370
     60    3  2.49997E-01  0.00000E+00  2.33108E-01  1.19543E-02  2.76407E-09  105.3312
     61    4  2.49997E-01  2.49997E-01  5.97714E-03  1.19543E-02  8.27916E-10  147.8632
     62    4  2.49997E-01  2.49997E-01  1.79314E-02  1.19543E-02  4.59299E-10  129.6433
     63    4  2.49997E-01  2.49997E-01  2.98857E-02  1.19543E-02  3.57435E-10   97.9742
     64    4  2.49997E-01  2.49997E-01  4.18400E-02  1.19543E-02  4.03208E-10   65.2499
     65    4  2.49997E-01  2.49997E-01  5.37942E-02  1.19543E-02  5.35995E-10   45.5453
     66    4  2.49997E-01  2.49997E-01  6.57485E-02  1.19543E-02  7.00127E-10   34.8914
     67    4  2.49997E-01  2.49997E-01  7.77028E-02  1.19543E-02  8.73639E-10   28.6297
     68    4  2.49997E-01  2.49997E-01  8.96570E-02  1.19543E-02  1.04845E-09   24.5893
     69    4  2.49997E-01  2.49997E-01  1.01611E-01  1.19543E-02  1.22100E-09   21.7829
     70    4  2.49997E-01  2.49997E-01  1.13566E-01  1.19543E-02  1.38943E-09   19.7214
     71    4  2.49997E-01  2.49997E-01  1.25520E-01  1.19543E-02  1.55263E-09   18.1401
     72    4  2.49997E-01  2.49997E-01  1.37474E-01  1.19543E-02  1.70995E-09   16.8846
     73    4  2.49997E-01  2.49997E-01  1.49428E-01  1.19543E-02  1.86115E-09   15.8594
     74    4  2.49997E-01  2.49997E-01  1.61383E-01  1.19543E-02  2.00649E-09   15.0020
     75    4  2.49997E-01  2.49997E-01  1.73337E-01  1.19543E-02  2.14692E-09   14.2699
     76    4  2.49997E-01  2.49997E-01  1.85291E-01  1.19543E-02  2.28469E-09   13.6329
     77    4  2.49997E-01  2.49997E-01  1.97246E-01  1.19543E-02  2.42473E-09   13.0687
     78    4  2.49997E-01  2.49997E-01  2.09200E-01  1.19543E-02  2.57871E-09   12.5601
     79    4  2.49997E-01  2.49997E-01  2.21154E-01  1.19543E-02  2.77959E-09   12.0933
     80    4  2.49997E-01  2.49997E-01  2.33108E-01  1.19543E-02  3.34031E-09   11.6381
     81    5  9.99980E+01  9.99980E+01  1.00998E+02  1.73219E-03  1.85946E-15   89.8755
     82    5  9.99990E+01  9.99990E+01  1.00999E+02  1.73219E-03  6.61902E-16 -176.2337
     83    5  1.00000E+02  1.00000E+02  1.01000E+02  1.73219E-03  9.67529E-16  -70.1698
     84    5  1.00001E+02  1.00001E+02  1.01001E+02  1.73219E-03  1.35110E-15  -23.1917
     85    5  1.00002E+02  1.00002E+02  1.01002E+02  1.73219E-03  9.87192E-16 -157.7532



                                        - - - POWER BUDGET - - -

                                           INPUT POWER   = 4.2902E+01 WATTS
                                           RADIATED POWER= 7.0112E+01 WATTS
                                           WIRE LOSS     = 1.4586E+01 WATTS
                                           EFFICIENCY    = 163.42 PERCENT




 ***** INPUT LINE 21  EN   0    0    0    0  0.00000E+00  0.00000E+00  0.00000E+00  0.00000E+00  0.00000E+00  0.00000E+00

 RUN TIME =     0.016
