1
 x13



                                ***********************************************
                                *                                             *
                                *  NUMERICAL ELECTROMAGNETICS CODE (NEC-5)    *
                                *                                             *
                                ***********************************************




                      **********************************************************

                          Dipole in free space                                                         
                                                                                                       
                          EZNEC Pro/2+ v. 7.0.4  2026-08-25 16:07:01                                   
                                                                                                       
                          ! Written by EZNEC/Pro+ v. 7.0 in NEC-5 format.                              
                                                                                                       

                      **********************************************************





                                 - - - STRUCTURE SPECIFICATION - - -

                                     COORDINATES MUST BE INPUT IN
                                     METERS OR BE SCALED TO METERS
                                     BEFORE STRUCTURE INPUT IS ENDED

 Model definition commands:

 GW    1    11  0.00000E+00 -2.50000E-01  0.00000E+00  0.00000E+00  2.50000E-01  0.00000E+00  5.00000E-04
 GE    0   -1

 Number of nodes :    12
 Number of wire elements :    11
 Number of patch elements:     0
 Number unknowns:    10




 ***** INPUT LINE  1  FR   0    1    0    0  3.09000E+02  0.00000E+00  0.00000E+00  0.00000E+00  0.00000E+00  0.00000E+00
 ***** INPUT LINE  2  GN  -1    0    0    0  0.00000E+00  0.00000E+00  0.00000E+00  0.00000E+00  0.00000E+00  0.00000E+00
 ***** INPUT LINE  3  EX   4    1    6    0  1.41421E+00  0.00000E+00  0.00000E+00  0.00000E+00  0.00000E+00  0.00000E+00
 ***** INPUT LINE  4  PQ   0    0    0    0  0.00000E+00  0.00000E+00  0.00000E+00  0.00000E+00  0.00000E+00  0.00000E+00
 ***** INPUT LINE  5  XQ   0    0    0    0  0.00000E+00  0.00000E+00  0.00000E+00  0.00000E+00  0.00000E+00  0.00000E+00




                                 - - - - - - FREQUENCY - - - - - -

                                    FREQUENCY= 3.0900E+02 MHZ
                                    WAVELENGTH= 9.7023E-01 METERS



                                  - - - ANTENNA ENVIRONMENT - - -

                                            FREE SPACE



                               - - - STRUCTURE IMPEDANCE LOADING - - -

                                   THIS STRUCTURE IS NOT LOADED
ALLOCATE CM:            100



                                - - - MATRIX TIMING - - -

                        FILL=    0.000 SEC.,  FACTOR=    0.016 SEC.



                                          - - - ANTENNA INPUT PARAMETERS - - -

   TAG   SEG.    VOLTAGE (VOLTS)         CURRENT (AMPS)         IMPEDANCE (OHMS)        ADMITTANCE (MHOS)      POWER
   NO.   NO.    REAL        IMAG.       REAL        IMAG.       REAL        IMAG.       REAL        IMAG.     (WATTS)
   1     6 1  1.2521E+02  8.8934E+01  1.4142E+00  0.0000E+00  8.8537E+01  6.2886E+01  7.5073E-03 -5.3323E-03  8.8537E+01



                                       - - - Wire Currents - - -

                             Lengths normalized by wavelength (or 2.*pi/CABS(k))

  Elem.  Tag            Coord. of seg. center          Seg.            - - - Current (Amps) - - -
   No.   No.     X            Y            Z           Length       Real         Imag.        Mag.         Phase
      1    1  0.00000E+00 -2.34247E-01  0.00000E+00  4.68494E-02  2.41287E-01 -3.25870E-02  2.43477E-01   -7.6916
      2    1  0.00000E+00 -1.87398E-01  0.00000E+00  4.68494E-02  6.78703E-01 -8.47585E-02  6.83975E-01   -7.1184
      3    1  0.00000E+00 -1.40548E-01  0.00000E+00  4.68494E-02  1.02792E+00 -1.11806E-01  1.03398E+00   -6.2076
      4    1  0.00000E+00 -9.36988E-02  0.00000E+00  4.68494E-02  1.28183E+00 -1.13913E-01  1.28688E+00   -5.0784
      5    1  0.00000E+00 -4.68494E-02  0.00000E+00  4.68494E-02  1.42365E+00 -8.98724E-02  1.42649E+00   -3.6122
      6    1  0.00000E+00  3.57591E-17  0.00000E+00  4.68494E-02  1.43944E+00 -3.55939E-02  1.43988E+00   -1.4165
      7    1  0.00000E+00  4.68494E-02  0.00000E+00  4.68494E-02  1.37899E+00 -2.66907E-02  1.37925E+00   -1.1088
      8    1  0.00000E+00  9.36988E-02  0.00000E+00  4.68494E-02  1.24672E+00 -6.39516E-02  1.24836E+00   -2.9365
      9    1  0.00000E+00  1.40548E-01  0.00000E+00  4.68494E-02  1.00098E+00 -7.32365E-02  1.00365E+00   -4.1846
     10    1  0.00000E+00  1.87398E-01  0.00000E+00  4.68494E-02  6.61319E-01 -5.97277E-02  6.64011E-01   -5.1607
     11    1  0.00000E+00  2.34247E-01  0.00000E+00  4.68494E-02  2.35176E-01 -2.37521E-02  2.36373E-01   -5.7671



                             - - - Wire Charge Densities - - -

                     Lengths normalized by wavelength (or 2.*pi/CABS(k))

  ELEM.  TAG          Coord. of Seg. Center           Seg.        Charge Density (C/m)
   No.   No.     X            Y            Z          Length        Mag.         Phase
      1    1  0.00000E+00 -2.34247E-01  0.00000E+00  4.68494E-02  5.51788E-09   82.3084
      2    1  0.00000E+00 -1.87398E-01  0.00000E+00  4.68494E-02  4.46696E-09   84.2977
      3    1  0.00000E+00 -1.40548E-01  0.00000E+00  4.68494E-02  3.47357E-09   87.2090
      4    1  0.00000E+00 -9.36988E-02  0.00000E+00  4.68494E-02  2.28798E-09   93.0412
      5    1  0.00000E+00 -4.68494E-02  0.00000E+00  4.68494E-02  1.02135E-09  114.4939
      6    1  0.00000E+00  3.57591E-17  0.00000E+00  4.68494E-02  9.88693E-10 -144.6749
      7    1  0.00000E+00  4.68494E-02  0.00000E+00  4.68494E-02  1.00157E-09  -52.8475
      8    1  0.00000E+00  9.36988E-02  0.00000E+00  4.68494E-02  2.21237E-09  -83.7839
      9    1  0.00000E+00  1.40548E-01  0.00000E+00  4.68494E-02  3.36993E-09  -90.4952
     10    1  0.00000E+00  1.87398E-01  0.00000E+00  4.68494E-02  4.33670E-09  -93.6624
     11    1  0.00000E+00  2.34247E-01  0.00000E+00  4.68494E-02  5.35687E-09  -95.7671



                                        - - - POWER BUDGET - - -

                                           INPUT POWER   = 8.8537E+01 WATTS
                                           RADIATED POWER= 8.8537E+01 WATTS
                                           WIRE LOSS     = 0.0000E+00 WATTS
                                           EFFICIENCY    = 100.00 PERCENT




 ***** INPUT LINE  6  EN   0    0    0    0  0.00000E+00  0.00000E+00  0.00000E+00  0.00000E+00  0.00000E+00  0.00000E+00

 RUN TIME =     0.016
