1
 x13



                                ***********************************************
                                *                                             *
                                *  NUMERICAL ELECTROMAGNETICS CODE (NEC-5)    *
                                *                                             *
                                ***********************************************




                      **********************************************************

                          Dipole in free space                                                         
                                                                                                       
                          EZNEC Pro/2+ v. 7.0.4  2026-08-25 16:07:04                                   
                                                                                                       
                          ! Written by EZNEC/Pro+ v. 7.0 in NEC-5 format.                              
                                                                                                       

                      **********************************************************





                                 - - - STRUCTURE SPECIFICATION - - -

                                     COORDINATES MUST BE INPUT IN
                                     METERS OR BE SCALED TO METERS
                                     BEFORE STRUCTURE INPUT IS ENDED

 Model definition commands:

 GW    1    11  0.00000E+00 -2.50000E-01  0.00000E+00  0.00000E+00  2.50000E-01  0.00000E+00  5.00000E-04
 GE    0   -1

 Number of nodes :    12
 Number of wire elements :    11
 Number of patch elements:     0
 Number unknowns:    10




 ***** INPUT LINE  1  FR   0    1    0    0  3.24000E+02  0.00000E+00  0.00000E+00  0.00000E+00  0.00000E+00  0.00000E+00
 ***** INPUT LINE  2  GN  -1    0    0    0  0.00000E+00  0.00000E+00  0.00000E+00  0.00000E+00  0.00000E+00  0.00000E+00
 ***** INPUT LINE  3  EX   4    1    6    0  1.41421E+00  0.00000E+00  0.00000E+00  0.00000E+00  0.00000E+00  0.00000E+00
 ***** INPUT LINE  4  PQ   0    0    0    0  0.00000E+00  0.00000E+00  0.00000E+00  0.00000E+00  0.00000E+00  0.00000E+00
 ***** INPUT LINE  5  XQ   0    0    0    0  0.00000E+00  0.00000E+00  0.00000E+00  0.00000E+00  0.00000E+00  0.00000E+00




                                 - - - - - - FREQUENCY - - - - - -

                                    FREQUENCY= 3.2400E+02 MHZ
                                    WAVELENGTH= 9.2531E-01 METERS



                                  - - - ANTENNA ENVIRONMENT - - -

                                            FREE SPACE



                               - - - STRUCTURE IMPEDANCE LOADING - - -

                                   THIS STRUCTURE IS NOT LOADED
ALLOCATE CM:            100



                                - - - MATRIX TIMING - - -

                        FILL=    0.000 SEC.,  FACTOR=    0.000 SEC.



                                          - - - ANTENNA INPUT PARAMETERS - - -

   TAG   SEG.    VOLTAGE (VOLTS)         CURRENT (AMPS)         IMPEDANCE (OHMS)        ADMITTANCE (MHOS)      POWER
   NO.   NO.    REAL        IMAG.       REAL        IMAG.       REAL        IMAG.       REAL        IMAG.     (WATTS)
   1     6 1  1.4806E+02  1.6587E+02  1.4142E+00  0.0000E+00  1.0469E+02  1.1729E+02  4.2355E-03 -4.7453E-03  1.0469E+02



                                       - - - Wire Currents - - -

                             Lengths normalized by wavelength (or 2.*pi/CABS(k))

  Elem.  Tag            Coord. of seg. center          Seg.            - - - Current (Amps) - - -
   No.   No.     X            Y            Z           Length       Real         Imag.        Mag.         Phase
      1    1  0.00000E+00 -2.45618E-01  0.00000E+00  4.91237E-02  2.60021E-01 -4.07155E-02  2.63189E-01   -8.8994
      2    1  0.00000E+00 -1.96495E-01  0.00000E+00  4.91237E-02  7.29562E-01 -1.06100E-01  7.37237E-01   -8.2745
      3    1  0.00000E+00 -1.47371E-01  0.00000E+00  4.91237E-02  1.09871E+00 -1.40215E-01  1.10762E+00   -7.2727
      4    1  0.00000E+00 -9.82473E-02  0.00000E+00  4.91237E-02  1.35702E+00 -1.42909E-01  1.36453E+00   -6.0117
      5    1  0.00000E+00 -4.91237E-02  0.00000E+00  4.91237E-02  1.48472E+00 -1.12619E-01  1.48898E+00   -4.3377
      6    1  0.00000E+00  3.74950E-17  0.00000E+00  4.91237E-02  1.46397E+00 -4.45409E-02  1.46465E+00   -1.7427
      7    1  0.00000E+00  4.91237E-02  0.00000E+00  4.91237E-02  1.39586E+00 -3.28283E-02  1.39625E+00   -1.3473
      8    1  0.00000E+00  9.82473E-02  0.00000E+00  4.91237E-02  1.28596E+00 -7.86300E-02  1.28836E+00   -3.4990
      9    1  0.00000E+00  1.47371E-01  0.00000E+00  4.91237E-02  1.04352E+00 -8.99401E-02  1.04739E+00   -4.9261
     10    1  0.00000E+00  1.96495E-01  0.00000E+00  4.91237E-02  6.93665E-01 -7.31783E-02  6.97514E-01   -6.0222
     11    1  0.00000E+00  2.45618E-01  0.00000E+00  4.91237E-02  2.47351E-01 -2.90399E-02  2.49049E-01   -6.6961



                             - - - Wire Charge Densities - - -

                     Lengths normalized by wavelength (or 2.*pi/CABS(k))

  ELEM.  TAG          Coord. of Seg. Center           Seg.        Charge Density (C/m)
   No.   No.     X            Y            Z          Length        Mag.         Phase
      1    1  0.00000E+00 -2.45618E-01  0.00000E+00  4.91237E-02  5.68848E-09   81.1006
      2    1  0.00000E+00 -1.96495E-01  0.00000E+00  4.91237E-02  4.55978E-09   83.2850
      3    1  0.00000E+00 -1.47371E-01  0.00000E+00  4.91237E-02  3.45621E-09   86.6132
      4    1  0.00000E+00 -9.82473E-02  0.00000E+00  4.91237E-02  2.13785E-09   93.9149
      5    1  0.00000E+00 -4.91237E-02  0.00000E+00  4.91237E-02  8.07496E-10  129.0498
      6    1  0.00000E+00  3.74950E-17  0.00000E+00  4.91237E-02  1.44341E-09 -131.8326
      7    1  0.00000E+00  4.91237E-02  0.00000E+00  4.91237E-02  8.12884E-10  -29.2067
      8    1  0.00000E+00  9.82473E-02  0.00000E+00  4.91237E-02  1.99852E-09  -81.9345
      9    1  0.00000E+00  1.47371E-01  0.00000E+00  4.91237E-02  3.26147E-09  -90.6316
     10    1  0.00000E+00  1.96495E-01  0.00000E+00  4.91237E-02  4.31269E-09  -94.3396
     11    1  0.00000E+00  2.45618E-01  0.00000E+00  4.91237E-02  5.38286E-09  -96.6961



                                        - - - POWER BUDGET - - -

                                           INPUT POWER   = 1.0469E+02 WATTS
                                           RADIATED POWER= 1.0469E+02 WATTS
                                           WIRE LOSS     = 0.0000E+00 WATTS
                                           EFFICIENCY    = 100.00 PERCENT




 ***** INPUT LINE  6  EN   0    0    0    0  0.00000E+00  0.00000E+00  0.00000E+00  0.00000E+00  0.00000E+00  0.00000E+00

 RUN TIME =     0.000
