1
 x13



                                ***********************************************
                                *                                             *
                                *  NUMERICAL ELECTROMAGNETICS CODE (NEC-5)    *
                                *                                             *
                                ***********************************************




                      **********************************************************

                          4-Square Array - L Ntwk Feed                                                 
                                                                                                       
                          EZNEC Pro/2+ v. 7.0.4  2026-08-20 20:32:26                                   
                                                                                                       
                          ! Written by EZNEC/Pro+ v. 7.0 in NEC-5 format.                              
                                                                                                       
                          ! *Wire #5 for virtual segments.                                             
                                                                                                       

                      **********************************************************





                                 - - - STRUCTURE SPECIFICATION - - -

                                     COORDINATES MUST BE INPUT IN
                                     METERS OR BE SCALED TO METERS
                                     BEFORE STRUCTURE INPUT IS ENDED

 Model definition commands:

 GW    1    20  0.00000E+00  0.00000E+00  0.00000E+00  0.00000E+00  0.00000E+00  1.00249E+01  1.90500E-02
 GW    2    20  0.00000E+00  1.04824E+01  0.00000E+00  0.00000E+00  1.04824E+01  1.00249E+01  1.90500E-02
 GW    3    20  1.04824E+01  0.00000E+00  0.00000E+00  1.04824E+01  0.00000E+00  1.00249E+01  1.90500E-02
 GW    4    20  1.04824E+01  1.04824E+01  0.00000E+00  1.04824E+01  1.04824E+01  1.00249E+01  1.90500E-02
 GW    5     3  4.19290E+03  4.19290E+03  4.23483E+03  4.19303E+03  4.19303E+03  4.23496E+03  4.19290E-03
 GE    1   -1

   GROUND PLANE SPECIFIED.

   WHERE WIRE ENDS TOUCH GROUND, CURRENT WILL BE INTERPOLATED TO IMAGE IN GROUND PLANE.


 Number of nodes :    88
 Number of wire elements :    83
 Number of patch elements:     0
 Number unknowns:    82




 ***** INPUT LINE  1  LD   4    1   -1    0  1.80000E+01  0.00000E+00  0.00000E+00  0.00000E+00  0.00000E+00  0.00000E+00
 ***** INPUT LINE  2  LD   4    2   -1    0  1.80000E+01  0.00000E+00  0.00000E+00  0.00000E+00  0.00000E+00  0.00000E+00
 ***** INPUT LINE  3  LD   4    3   -1    0  1.80000E+01  0.00000E+00  0.00000E+00  0.00000E+00  0.00000E+00  0.00000E+00
 ***** INPUT LINE  4  LD   4    4   -1    0  1.80000E+01  0.00000E+00  0.00000E+00  0.00000E+00  0.00000E+00  0.00000E+00
 ***** INPUT LINE  5  LD   4    5    1    0  1.00000E+10  0.00000E+00  0.00000E+00  0.00000E+00  0.00000E+00  0.00000E+00
 ***** INPUT LINE  6  LD   4    5    2    0  1.00000E+10  0.00000E+00  0.00000E+00  0.00000E+00  0.00000E+00  0.00000E+00
 ***** INPUT LINE  7  FR   0    1    0    0  7.15000E+00  0.00000E+00  0.00000E+00  0.00000E+00  0.00000E+00  0.00000E+00
 ***** INPUT LINE  8  GD   0    0    0    0  1.30000E+01  5.00000E-03  1.00000E+00  0.00000E+00  0.00000E+00  0.00000E+00
 ***** INPUT LINE  9  EX   4    5    1    0  1.41421E+00  0.00000E+00  0.00000E+00  0.00000E+00  0.00000E+00  0.00000E+00
 ***** INPUT LINE 10  TL   5    1    1   -1  5.00000E+01  1.04822E+01  0.00000E+00  0.00000E+00  0.00000E+00  0.00000E+00
 ***** INPUT LINE 11  TL   5    1    4   -1  5.00000E+01  3.14468E+01  0.00000E+00  0.00000E+00  0.00000E+00  0.00000E+00
 ***** INPUT LINE 12  TL   5    2    2   -1  5.00000E+01  1.04822E+01  0.00000E+00  0.00000E+00  0.00000E+00  0.00000E+00
 ***** INPUT LINE 13  TL   5    2    3   -1  5.00000E+01  1.04822E+01  0.00000E+00  0.00000E+00  0.00000E+00  0.00000E+00
 ***** INPUT LINE 14  NT   5    1    5    2  2.11510E-06 -4.59900E-02 -2.11500E-06  4.59910E-02  5.90090E-06  1.55380E-02
 ***** INPUT LINE 15  PQ   0    0    0    0  0.00000E+00  0.00000E+00  0.00000E+00  0.00000E+00  0.00000E+00  0.00000E+00
 ***** INPUT LINE 16  XQ   0    0    0    0  0.00000E+00  0.00000E+00  0.00000E+00  0.00000E+00  0.00000E+00  0.00000E+00




                                 - - - - - - FREQUENCY - - - - - -

                                    FREQUENCY= 7.1500E+00 MHZ
                                    WAVELENGTH= 4.1930E+01 METERS



                                  - - - ANTENNA ENVIRONMENT - - -


 GMPINO: EPSC from file = 1.30000E+01-6.37447E+00
              should be  1.30000E+01-1.25706E+01
 Will compute Sommerfeld-ground tables
                                        FINITE GROUND.  SOMMERFELD SOLUTION
                                        RELATIVE DIELECTRIC CONST.= 13.000
                                        CONDUCTIVITY= 5.000E-03 MHOS/METER
                                        COMPLEX DIELECTRIC CONSTANT= 1.30000E+01-1.25706E+01



                               - - - STRUCTURE IMPEDANCE LOADING - - -


       LOCATION          RESISTANCE   INDUCTANCE  CAPACITANCE       IMPEDANCE (OHMS)     CONDUCTIVITY    TYPE
    ITAG FROM THRU          OHMS        HENRYS       FARADS        REAL      IMAGINARY    MHOS/METER

       1    1    1                                             1.8000E+01                             FIXED IMPEDANCE 
       2    1    1                                             1.8000E+01                             FIXED IMPEDANCE 
       3    1    1                                             1.8000E+01                             FIXED IMPEDANCE 
       4    1    1                                             1.8000E+01                             FIXED IMPEDANCE 
       5    1    1                                             1.0000E+10                             FIXED IMPEDANCE 
       5    2    2                                             1.0000E+10                             FIXED IMPEDANCE 
ALLOCATE CM:           6724



                                - - - MATRIX TIMING - - -

                        FILL=    0.000 SEC.,  FACTOR=    0.000 SEC.



                                            - - - NETWORK DATA - - -

      - FROM -    - TO -           TRANSMISSION LINE               -  -  SHUNT ADMITTANCES (MHOS)  -  -              LINE
      TAG  SEG.   TAG  SEG.      IMPEDANCE      LENGTH            - END ONE -                 - END TWO -            TYPE
      NO.   NO.   NO.   NO.         OHMS        METERS         REAL          IMAG.         REAL          IMAG.
        5    81     1    -1     5.0000E+01    1.0482E+01    0.0000E+00    0.0000E+00    0.0000E+00    0.0000E+00   STRAIGHT
        5    81     4   -61     5.0000E+01    3.1447E+01    0.0000E+00    0.0000E+00    0.0000E+00    0.0000E+00   STRAIGHT
        5    82     2   -21     5.0000E+01    1.0482E+01    0.0000E+00    0.0000E+00    0.0000E+00    0.0000E+00   STRAIGHT
        5    82     3   -41     5.0000E+01    1.0482E+01    0.0000E+00    0.0000E+00    0.0000E+00    0.0000E+00   STRAIGHT

      - FROM -    - TO -                          -  -  ADMITTANCE MATRIX ELEMENTS (MHOS)  -  -
      TAG   SEG.   TAG  SEG.             (ONE,ONE)                   (ONE,TWO)                   (TWO,TWO)
      NO.   NO.   NO.   NO.        REAL          IMAG.         REAL          IMAG.         REAL          IMAG.
        5    81     5    82     2.1151E-06   -4.5990E-02   -2.1150E-06    4.5991E-02    5.9009E-06    1.5538E-02



                           - - - STRUCTURE EXCITATION DATA AT NETWORK CONNECTION POINTS - - -

   TAG   SEG.    VOLTAGE (VOLTS)         CURRENT (AMPS)         IMPEDANCE (OHMS)        ADMITTANCE (MHOS)      POWER
   NO.   NO.    REAL        IMAG.       REAL        IMAG.       REAL        IMAG.       REAL        IMAG.     (WATTS)
   5    81 1  1.4782E+01  5.3493E+00  1.4782E-09  5.3494E-10  1.0000E+10 -2.5576E+04  1.0000E-10  2.5576E-16  1.2356E-08
   1     1 2 -3.8636E+00 -7.0745E+00  1.0699E-01 -2.9565E-01  1.6976E+01 -1.9212E+01  2.5828E-02  2.9229E-02  8.3909E-01
   4    61 2 -2.3846E+01  1.7045E+01 -1.0702E-01  2.9559E-01  7.6804E+01  5.2865E+01  8.8346E-03 -6.0809E-03  3.7952E+00
   5    82 1  6.0922E+00 -1.4911E+01  6.0922E-10 -1.4911E-09  1.0000E+10 -2.6657E+04  1.0000E-10  2.6657E-16  1.2973E-08
   2    21 2 -1.9360E+01 -3.5901E-01 -2.9822E-01 -1.2186E-01  5.6050E+01 -2.1700E+01  1.5516E-02  6.0070E-03  2.9087E+00
   3    41 2 -1.9360E+01 -3.5901E-01 -2.9822E-01 -1.2186E-01  5.6050E+01 -2.1700E+01  1.5516E-02  6.0070E-03  2.9087E+00



                                          - - - ANTENNA INPUT PARAMETERS - - -

   TAG   SEG.    VOLTAGE (VOLTS)         CURRENT (AMPS)         IMPEDANCE (OHMS)        ADMITTANCE (MHOS)      POWER
   NO.   NO.    REAL        IMAG.       REAL        IMAG.       REAL        IMAG.       REAL        IMAG.     (WATTS)
   5    81 1  1.4782E+01  5.3493E+00  1.4142E+00  0.0000E+00  1.0453E+01  3.7826E+00  8.4592E-02 -3.0612E-02  1.0453E+01



                                       - - - Wire Currents - - -

                             Lengths normalized by wavelength (or 2.*pi/CABS(k))

  Elem.  Tag            Coord. of seg. center          Seg.            - - - Current (Amps) - - -
   No.   No.     X            Y            Z           Length       Real         Imag.        Mag.         Phase
      1    1  0.00000E+00  0.00000E+00  5.97714E-03  1.19543E-02  1.06491E-01 -2.94082E-01  3.12769E-01  -70.0941
      2    1  0.00000E+00  0.00000E+00  1.79314E-02  1.19543E-02  1.05290E-01 -2.90510E-01  3.09002E-01  -70.0779
      3    1  0.00000E+00  0.00000E+00  2.98857E-02  1.19543E-02  1.03634E-01 -2.85823E-01  3.04031E-01  -70.0702
      4    1  0.00000E+00  0.00000E+00  4.18400E-02  1.19543E-02  1.01446E-01 -2.79758E-01  2.97583E-01  -70.0683
      5    1  0.00000E+00  0.00000E+00  5.37942E-02  1.19543E-02  9.87213E-02 -2.72289E-01  2.89633E-01  -70.0714
      6    1  0.00000E+00  0.00000E+00  6.57485E-02  1.19543E-02  9.54676E-02 -2.63427E-01  2.80193E-01  -70.0792
      7    1  0.00000E+00  0.00000E+00  7.77028E-02  1.19543E-02  9.16990E-02 -2.53198E-01  2.69291E-01  -70.0915
      8    1  0.00000E+00  0.00000E+00  8.96570E-02  1.19543E-02  8.74333E-02 -2.41638E-01  2.56970E-01  -70.1081
      9    1  0.00000E+00  0.00000E+00  1.01611E-01  1.19543E-02  8.26920E-02 -2.28794E-01  2.43279E-01  -70.1288
     10    1  0.00000E+00  0.00000E+00  1.13566E-01  1.19543E-02  7.74990E-02 -2.14716E-01  2.28274E-01  -70.1536
     11    1  0.00000E+00  0.00000E+00  1.25520E-01  1.19543E-02  7.18802E-02 -1.99460E-01  2.12016E-01  -70.1821
     12    1  0.00000E+00  0.00000E+00  1.37474E-01  1.19543E-02  6.58627E-02 -1.83085E-01  1.94571E-01  -70.2144
     13    1  0.00000E+00  0.00000E+00  1.49428E-01  1.19543E-02  5.94741E-02 -1.65650E-01  1.76003E-01  -70.2501
     14    1  0.00000E+00  0.00000E+00  1.61383E-01  1.19543E-02  5.27413E-02 -1.47213E-01  1.56375E-01  -70.2891
     15    1  0.00000E+00  0.00000E+00  1.73337E-01  1.19543E-02  4.56889E-02 -1.27824E-01  1.35744E-01  -70.3313
     16    1  0.00000E+00  0.00000E+00  1.85291E-01  1.19543E-02  3.83361E-02 -1.07519E-01  1.14149E-01  -70.3762
     17    1  0.00000E+00  0.00000E+00  1.97246E-01  1.19543E-02  3.06908E-02 -8.63031E-02  9.15978E-02  -70.4238
     18    1  0.00000E+00  0.00000E+00  2.09200E-01  1.19543E-02  2.27357E-02 -6.41093E-02  6.80214E-02  -70.4734
     19    1  0.00000E+00  0.00000E+00  2.21154E-01  1.19543E-02  1.43874E-02 -4.06828E-02  4.31519E-02  -70.5239
     20    1  0.00000E+00  0.00000E+00  2.33108E-01  1.19543E-02  5.04919E-03 -1.43061E-02  1.51709E-02  -70.5600
     21    2  0.00000E+00  2.49997E-01  5.97714E-03  1.19543E-02 -2.97439E-01 -1.18909E-01  3.20327E-01 -158.2097
     22    2  0.00000E+00  2.49997E-01  1.79314E-02  1.19543E-02 -2.95159E-01 -1.13590E-01  3.16262E-01 -158.9512
     23    2  0.00000E+00  2.49997E-01  2.98857E-02  1.19543E-02 -2.91384E-01 -1.08873E-01  3.11060E-01 -159.5123
     24    2  0.00000E+00  2.49997E-01  4.18400E-02  1.19543E-02 -2.86041E-01 -1.04094E-01  3.04393E-01 -160.0029
     25    2  0.00000E+00  2.49997E-01  5.37942E-02  1.19543E-02 -2.79138E-01 -9.91452E-02  2.96223E-01 -160.4458
     26    2  0.00000E+00  2.49997E-01  6.57485E-02  1.19543E-02 -2.70700E-01 -9.39898E-02  2.86553E-01 -160.8525
     27    2  0.00000E+00  2.49997E-01  7.77028E-02  1.19543E-02 -2.60761E-01 -8.86178E-02  2.75408E-01 -161.2300
     28    2  0.00000E+00  2.49997E-01  8.96570E-02  1.19543E-02 -2.49363E-01 -8.30326E-02  2.62824E-01 -161.5833
     29    2  0.00000E+00  2.49997E-01  1.01611E-01  1.19543E-02 -2.36556E-01 -7.72449E-02  2.48848E-01 -161.9161
     30    2  0.00000E+00  2.49997E-01  1.13566E-01  1.19543E-02 -2.22394E-01 -7.12697E-02  2.33535E-01 -162.2311
     31    2  0.00000E+00  2.49997E-01  1.25520E-01  1.19543E-02 -2.06937E-01 -6.51247E-02  2.16943E-01 -162.5308
     32    2  0.00000E+00  2.49997E-01  1.37474E-01  1.19543E-02 -1.90247E-01 -5.88294E-02  1.99135E-01 -162.8170
     33    2  0.00000E+00  2.49997E-01  1.49428E-01  1.19543E-02 -1.72386E-01 -5.24034E-02  1.80175E-01 -163.0913
     34    2  0.00000E+00  2.49997E-01  1.61383E-01  1.19543E-02 -1.53415E-01 -4.58659E-02  1.60124E-01 -163.3551
     35    2  0.00000E+00  2.49997E-01  1.73337E-01  1.19543E-02 -1.33387E-01 -3.92341E-02  1.39038E-01 -163.6094
     36    2  0.00000E+00  2.49997E-01  1.85291E-01  1.19543E-02 -1.12342E-01 -3.25207E-02  1.16954E-01 -163.8553
     37    2  0.00000E+00  2.49997E-01  1.97246E-01  1.19543E-02 -9.02836E-02 -2.57292E-02  9.38783E-02 -164.0934
     38    2  0.00000E+00  2.49997E-01  2.09200E-01  1.19543E-02 -6.71436E-02 -1.88437E-02  6.97377E-02 -164.3234
     39    2  0.00000E+00  2.49997E-01  2.21154E-01  1.19543E-02 -4.26543E-02 -1.17954E-02  4.42552E-02 -164.5421
     40    2  0.00000E+00  2.49997E-01  2.33108E-01  1.19543E-02 -1.50103E-02 -4.10857E-03  1.55625E-02 -164.6922
     41    3  2.49997E-01  0.00000E+00  5.97714E-03  1.19543E-02 -2.97439E-01 -1.18909E-01  3.20327E-01 -158.2097
     42    3  2.49997E-01  0.00000E+00  1.79314E-02  1.19543E-02 -2.95159E-01 -1.13590E-01  3.16262E-01 -158.9512
     43    3  2.49997E-01  0.00000E+00  2.98857E-02  1.19543E-02 -2.91384E-01 -1.08873E-01  3.11060E-01 -159.5123
     44    3  2.49997E-01  0.00000E+00  4.18400E-02  1.19543E-02 -2.86041E-01 -1.04094E-01  3.04393E-01 -160.0029
     45    3  2.49997E-01  0.00000E+00  5.37942E-02  1.19543E-02 -2.79138E-01 -9.91452E-02  2.96223E-01 -160.4458
     46    3  2.49997E-01  0.00000E+00  6.57485E-02  1.19543E-02 -2.70700E-01 -9.39898E-02  2.86553E-01 -160.8525
     47    3  2.49997E-01  0.00000E+00  7.77028E-02  1.19543E-02 -2.60761E-01 -8.86178E-02  2.75408E-01 -161.2300
     48    3  2.49997E-01  0.00000E+00  8.96570E-02  1.19543E-02 -2.49363E-01 -8.30326E-02  2.62824E-01 -161.5833
     49    3  2.49997E-01  0.00000E+00  1.01611E-01  1.19543E-02 -2.36556E-01 -7.72449E-02  2.48848E-01 -161.9161
     50    3  2.49997E-01  0.00000E+00  1.13566E-01  1.19543E-02 -2.22394E-01 -7.12697E-02  2.33535E-01 -162.2311
     51    3  2.49997E-01  0.00000E+00  1.25520E-01  1.19543E-02 -2.06937E-01 -6.51247E-02  2.16943E-01 -162.5308
     52    3  2.49997E-01  0.00000E+00  1.37474E-01  1.19543E-02 -1.90247E-01 -5.88294E-02  1.99135E-01 -162.8170
     53    3  2.49997E-01  0.00000E+00  1.49428E-01  1.19543E-02 -1.72386E-01 -5.24034E-02  1.80175E-01 -163.0913
     54    3  2.49997E-01  0.00000E+00  1.61383E-01  1.19543E-02 -1.53415E-01 -4.58659E-02  1.60124E-01 -163.3551
     55    3  2.49997E-01  0.00000E+00  1.73337E-01  1.19543E-02 -1.33387E-01 -3.92341E-02  1.39038E-01 -163.6094
     56    3  2.49997E-01  0.00000E+00  1.85291E-01  1.19543E-02 -1.12342E-01 -3.25207E-02  1.16954E-01 -163.8553
     57    3  2.49997E-01  0.00000E+00  1.97246E-01  1.19543E-02 -9.02836E-02 -2.57292E-02  9.38783E-02 -164.0934
     58    3  2.49997E-01  0.00000E+00  2.09200E-01  1.19543E-02 -6.71436E-02 -1.88437E-02  6.97377E-02 -164.3234
     59    3  2.49997E-01  0.00000E+00  2.21154E-01  1.19543E-02 -4.26543E-02 -1.17954E-02  4.42552E-02 -164.5421
     60    3  2.49997E-01  0.00000E+00  2.33108E-01  1.19543E-02 -1.50103E-02 -4.10857E-03  1.55625E-02 -164.6922
     61    4  2.49997E-01  2.49997E-01  5.97714E-03  1.19543E-02 -1.04544E-01  2.99537E-01  3.17257E-01  109.2399
     62    4  2.49997E-01  2.49997E-01  1.79314E-02  1.19543E-02 -1.00070E-01  3.05132E-01  3.21123E-01  108.1573
     63    4  2.49997E-01  2.49997E-01  2.98857E-02  1.19543E-02 -9.60853E-02  3.07060E-01  3.21742E-01  107.3760
     64    4  2.49997E-01  2.49997E-01  4.18400E-02  1.19543E-02 -9.20310E-02  3.06387E-01  3.19910E-01  106.7190
     65    4  2.49997E-01  2.49997E-01  5.37942E-02  1.19543E-02 -8.78165E-02  3.03321E-01  3.15778E-01  106.1466
     66    4  2.49997E-01  2.49997E-01  6.57485E-02  1.19543E-02 -8.34097E-02  2.97973E-01  3.09427E-01  105.6382
     67    4  2.49997E-01  2.49997E-01  7.77028E-02  1.19543E-02 -7.88010E-02  2.90420E-01  3.00921E-01  105.1808
     68    4  2.49997E-01  2.49997E-01  8.96570E-02  1.19543E-02 -7.39918E-02  2.80733E-01  2.90320E-01  104.7655
     69    4  2.49997E-01  2.49997E-01  1.01611E-01  1.19543E-02 -6.89892E-02  2.68980E-01  2.77686E-01  104.3854
     70    4  2.49997E-01  2.49997E-01  1.13566E-01  1.19543E-02 -6.38039E-02  2.55230E-01  2.63084E-01  104.0355
     71    4  2.49997E-01  2.49997E-01  1.25520E-01  1.19543E-02 -5.84488E-02  2.39556E-01  2.46584E-01  103.7116
     72    4  2.49997E-01  2.49997E-01  1.37474E-01  1.19543E-02 -5.29381E-02  2.22034E-01  2.28258E-01  103.4103
     73    4  2.49997E-01  2.49997E-01  1.49428E-01  1.19543E-02 -4.72861E-02  2.02740E-01  2.08181E-01  103.1287
     74    4  2.49997E-01  2.49997E-01  1.61383E-01  1.19543E-02 -4.15068E-02  1.81745E-01  1.86425E-01  102.8645
     75    4  2.49997E-01  2.49997E-01  1.73337E-01  1.19543E-02 -3.56122E-02  1.59116E-01  1.63053E-01  102.6156
     76    4  2.49997E-01  2.49997E-01  1.85291E-01  1.19543E-02 -2.96107E-02  1.34898E-01  1.38110E-01  102.3803
     77    4  2.49997E-01  2.49997E-01  1.97246E-01  1.19543E-02 -2.35023E-02  1.09096E-01  1.11599E-01  102.1573
     78    4  2.49997E-01  2.49997E-01  2.09200E-01  1.19543E-02 -1.72692E-02  8.16239E-02  8.34308E-02  101.9459
     79    4  2.49997E-01  2.49997E-01  2.21154E-01  1.19543E-02 -1.08452E-02  5.21474E-02  5.32632E-02  101.7485
     80    4  2.49997E-01  2.49997E-01  2.33108E-01  1.19543E-02 -3.78638E-03  1.84218E-02  1.88069E-02  101.6147
     81    5  9.99980E+01  9.99980E+01  1.00998E+02  1.73494E-03  7.39109E-10  2.67469E-10  7.86016E-10   19.8942
     82    5  9.99990E+01  9.99990E+01  1.00999E+02  1.73494E-03  1.04372E-09 -4.78088E-10  1.14801E-09  -24.6107
     83    5  1.00000E+02  1.00000E+02  1.01000E+02  1.73494E-03  3.04611E-10 -7.45557E-10  8.05384E-10  -67.7766



                             - - - Wire Charge Densities - - -

                     Lengths normalized by wavelength (or 2.*pi/CABS(k))

  ELEM.  TAG          Coord. of Seg. Center           Seg.        Charge Density (C/m)
   No.   No.     X            Y            Z          Length        Mag.         Phase
      1    1  0.00000E+00  0.00000E+00  5.97714E-03  1.19543E-02  1.46148E-10 -162.1621
      2    1  0.00000E+00  0.00000E+00  1.79314E-02  1.19543E-02  1.88551E-10 -160.8522
      3    1  0.00000E+00  0.00000E+00  2.98857E-02  1.19543E-02  2.52978E-10 -160.3137
      4    1  0.00000E+00  0.00000E+00  4.18400E-02  1.19543E-02  3.19689E-10 -160.0395
      5    1  0.00000E+00  0.00000E+00  5.37942E-02  1.19543E-02  3.86396E-10 -159.8866
      6    1  0.00000E+00  0.00000E+00  6.57485E-02  1.19543E-02  4.52087E-10 -159.7998
      7    1  0.00000E+00  0.00000E+00  7.77028E-02  1.19543E-02  5.16163E-10 -159.7542
      8    1  0.00000E+00  0.00000E+00  8.96570E-02  1.19543E-02  5.78193E-10 -159.7371
      9    1  0.00000E+00  0.00000E+00  1.01611E-01  1.19543E-02  6.37849E-10 -159.7414
     10    1  0.00000E+00  0.00000E+00  1.13566E-01  1.19543E-02  6.94874E-10 -159.7626
     11    1  0.00000E+00  0.00000E+00  1.25520E-01  1.19543E-02  7.49088E-10 -159.7980
     12    1  0.00000E+00  0.00000E+00  1.37474E-01  1.19543E-02  8.00391E-10 -159.8456
     13    1  0.00000E+00  0.00000E+00  1.49428E-01  1.19543E-02  8.48799E-10 -159.9041
     14    1  0.00000E+00  0.00000E+00  1.61383E-01  1.19543E-02  8.94495E-10 -159.9724
     15    1  0.00000E+00  0.00000E+00  1.73337E-01  1.19543E-02  9.37934E-10 -160.0497
     16    1  0.00000E+00  0.00000E+00  1.85291E-01  1.19543E-02  9.80068E-10 -160.1353
     17    1  0.00000E+00  0.00000E+00  1.97246E-01  1.19543E-02  1.02290E-09 -160.2289
     18    1  0.00000E+00  0.00000E+00  2.09200E-01  1.19543E-02  1.07109E-09 -160.3300
     19    1  0.00000E+00  0.00000E+00  2.21154E-01  1.19543E-02  1.13775E-09 -160.4385
     20    1  0.00000E+00  0.00000E+00  2.33108E-01  1.19543E-02  1.34744E-09 -160.5600
     21    2  0.00000E+00  2.49997E-01  5.97714E-03  1.19543E-02  2.71637E-10  165.1546
     22    2  0.00000E+00  2.49997E-01  1.79314E-02  1.19543E-02  2.48367E-10  147.6615
     23    2  0.00000E+00  2.49997E-01  2.98857E-02  1.19543E-02  2.91021E-10  135.9255
     24    2  0.00000E+00  2.49997E-01  4.18400E-02  1.19543E-02  3.47032E-10  128.3617
     25    2  0.00000E+00  2.49997E-01  5.37942E-02  1.19543E-02  4.08052E-10  123.3204
     26    2  0.00000E+00  2.49997E-01  6.57485E-02  1.19543E-02  4.70640E-10  119.7780
     27    2  0.00000E+00  2.49997E-01  7.77028E-02  1.19543E-02  5.33089E-10  117.1648
     28    2  0.00000E+00  2.49997E-01  8.96570E-02  1.19543E-02  5.94410E-10  115.1561
     29    2  0.00000E+00  2.49997E-01  1.01611E-01  1.19543E-02  6.53960E-10  113.5581
     30    2  0.00000E+00  2.49997E-01  1.13566E-01  1.19543E-02  7.11298E-10  112.2496
     31    2  0.00000E+00  2.49997E-01  1.25520E-01  1.19543E-02  7.66125E-10  111.1517
     32    2  0.00000E+00  2.49997E-01  1.37474E-01  1.19543E-02  8.18266E-10  110.2105
     33    2  0.00000E+00  2.49997E-01  1.49428E-01  1.19543E-02  8.67686E-10  109.3886
     34    2  0.00000E+00  2.49997E-01  1.61383E-01  1.19543E-02  9.14533E-10  108.6586
     35    2  0.00000E+00  2.49997E-01  1.73337E-01  1.19543E-02  9.59244E-10  108.0004
     36    2  0.00000E+00  2.49997E-01  1.85291E-01  1.19543E-02  1.00277E-09  107.3982
     37    2  0.00000E+00  2.49997E-01  1.97246E-01  1.19543E-02  1.04715E-09  106.8397
     38    2  0.00000E+00  2.49997E-01  2.09200E-01  1.19543E-02  1.09715E-09  106.3145
     39    2  0.00000E+00  2.49997E-01  2.21154E-01  1.19543E-02  1.16622E-09  105.8136
     40    2  0.00000E+00  2.49997E-01  2.33108E-01  1.19543E-02  1.38221E-09  105.3078
     41    3  2.49997E-01  0.00000E+00  5.97714E-03  1.19543E-02  2.71637E-10  165.1546
     42    3  2.49997E-01  0.00000E+00  1.79314E-02  1.19543E-02  2.48367E-10  147.6615
     43    3  2.49997E-01  0.00000E+00  2.98857E-02  1.19543E-02  2.91021E-10  135.9255
     44    3  2.49997E-01  0.00000E+00  4.18400E-02  1.19543E-02  3.47032E-10  128.3617
     45    3  2.49997E-01  0.00000E+00  5.37942E-02  1.19543E-02  4.08052E-10  123.3204
     46    3  2.49997E-01  0.00000E+00  6.57485E-02  1.19543E-02  4.70640E-10  119.7780
     47    3  2.49997E-01  0.00000E+00  7.77028E-02  1.19543E-02  5.33089E-10  117.1648
     48    3  2.49997E-01  0.00000E+00  8.96570E-02  1.19543E-02  5.94410E-10  115.1561
     49    3  2.49997E-01  0.00000E+00  1.01611E-01  1.19543E-02  6.53960E-10  113.5581
     50    3  2.49997E-01  0.00000E+00  1.13566E-01  1.19543E-02  7.11298E-10  112.2496
     51    3  2.49997E-01  0.00000E+00  1.25520E-01  1.19543E-02  7.66125E-10  111.1517
     52    3  2.49997E-01  0.00000E+00  1.37474E-01  1.19543E-02  8.18266E-10  110.2105
     53    3  2.49997E-01  0.00000E+00  1.49428E-01  1.19543E-02  8.67686E-10  109.3886
     54    3  2.49997E-01  0.00000E+00  1.61383E-01  1.19543E-02  9.14533E-10  108.6586
     55    3  2.49997E-01  0.00000E+00  1.73337E-01  1.19543E-02  9.59244E-10  108.0004
     56    3  2.49997E-01  0.00000E+00  1.85291E-01  1.19543E-02  1.00277E-09  107.3982
     57    3  2.49997E-01  0.00000E+00  1.97246E-01  1.19543E-02  1.04715E-09  106.8397
     58    3  2.49997E-01  0.00000E+00  2.09200E-01  1.19543E-02  1.09715E-09  106.3145
     59    3  2.49997E-01  0.00000E+00  2.21154E-01  1.19543E-02  1.16622E-09  105.8136
     60    3  2.49997E-01  0.00000E+00  2.33108E-01  1.19543E-02  1.38221E-09  105.3078
     61    4  2.49997E-01  2.49997E-01  5.97714E-03  1.19543E-02  4.14010E-10  147.8398
     62    4  2.49997E-01  2.49997E-01  1.79314E-02  1.19543E-02  2.29679E-10  129.6199
     63    4  2.49997E-01  2.49997E-01  2.98857E-02  1.19543E-02  1.78740E-10   97.9508
     64    4  2.49997E-01  2.49997E-01  4.18400E-02  1.19543E-02  2.01629E-10   65.2265
     65    4  2.49997E-01  2.49997E-01  5.37942E-02  1.19543E-02  2.68031E-10   45.5219
     66    4  2.49997E-01  2.49997E-01  6.57485E-02  1.19543E-02  3.50107E-10   34.8681
     67    4  2.49997E-01  2.49997E-01  7.77028E-02  1.19543E-02  4.36874E-10   28.6064
     68    4  2.49997E-01  2.49997E-01  8.96570E-02  1.19543E-02  5.24290E-10   24.5659
     69    4  2.49997E-01  2.49997E-01  1.01611E-01  1.19543E-02  6.10578E-10   21.7596
     70    4  2.49997E-01  2.49997E-01  1.13566E-01  1.19543E-02  6.94803E-10   19.6981
     71    4  2.49997E-01  2.49997E-01  1.25520E-01  1.19543E-02  7.76411E-10   18.1167
     72    4  2.49997E-01  2.49997E-01  1.37474E-01  1.19543E-02  8.55080E-10   16.8613
     73    4  2.49997E-01  2.49997E-01  1.49428E-01  1.19543E-02  9.30692E-10   15.8360
     74    4  2.49997E-01  2.49997E-01  1.61383E-01  1.19543E-02  1.00337E-09   14.9786
     75    4  2.49997E-01  2.49997E-01  1.73337E-01  1.19543E-02  1.07359E-09   14.2465
     76    4  2.49997E-01  2.49997E-01  1.85291E-01  1.19543E-02  1.14249E-09   13.6095
     77    4  2.49997E-01  2.49997E-01  1.97246E-01  1.19543E-02  1.21252E-09   13.0454
     78    4  2.49997E-01  2.49997E-01  2.09200E-01  1.19543E-02  1.28952E-09   12.5368
     79    4  2.49997E-01  2.49997E-01  2.21154E-01  1.19543E-02  1.38997E-09   12.0699
     80    4  2.49997E-01  2.49997E-01  2.33108E-01  1.19543E-02  1.67037E-09   11.6147
     81    5  9.99980E+01  9.99980E+01  1.00998E+02  1.73494E-03  4.81023E-16  109.8942
     82    5  9.99990E+01  9.99990E+01  1.00999E+02  1.73494E-03  6.74565E-16  -23.2150
     83    5  1.00000E+02  1.00000E+02  1.01000E+02  1.73494E-03  4.92875E-16 -157.7766



                                        - - - POWER BUDGET - - -

                                           INPUT POWER   = 1.0453E+01 WATTS
                                           RADIATED POWER= 1.7257E+01 WATTS
                                           WIRE LOSS     = 3.6473E+00 WATTS
                                           EFFICIENCY    = 165.10 PERCENT




 ***** INPUT LINE 17  EN   0    0    0    0  0.00000E+00  0.00000E+00  0.00000E+00  0.00000E+00  0.00000E+00  0.00000E+00

 RUN TIME =     0.000
