1
 x13



                                ***********************************************
                                *                                             *
                                *  NUMERICAL ELECTROMAGNETICS CODE (NEC-5)    *
                                *                                             *
                                ***********************************************




                      **********************************************************

                          Dipole in free space                                                         
                                                                                                       
                          EZNEC Pro/2+ v. 7.0.4  2026-08-25 16:07:01                                   
                                                                                                       
                          ! Written by EZNEC/Pro+ v. 7.0 in NEC-5 format.                              
                                                                                                       

                      **********************************************************





                                 - - - STRUCTURE SPECIFICATION - - -

                                     COORDINATES MUST BE INPUT IN
                                     METERS OR BE SCALED TO METERS
                                     BEFORE STRUCTURE INPUT IS ENDED

 Model definition commands:

 GW    1    11  0.00000E+00 -2.50000E-01  0.00000E+00  0.00000E+00  2.50000E-01  0.00000E+00  5.00000E-04
 GE    0   -1

 Number of nodes :    12
 Number of wire elements :    11
 Number of patch elements:     0
 Number unknowns:    10




 ***** INPUT LINE  1  FR   0    1    0    0  3.07000E+02  0.00000E+00  0.00000E+00  0.00000E+00  0.00000E+00  0.00000E+00
 ***** INPUT LINE  2  GN  -1    0    0    0  0.00000E+00  0.00000E+00  0.00000E+00  0.00000E+00  0.00000E+00  0.00000E+00
 ***** INPUT LINE  3  EX   4    1    6    0  1.41421E+00  0.00000E+00  0.00000E+00  0.00000E+00  0.00000E+00  0.00000E+00
 ***** INPUT LINE  4  PQ   0    0    0    0  0.00000E+00  0.00000E+00  0.00000E+00  0.00000E+00  0.00000E+00  0.00000E+00
 ***** INPUT LINE  5  XQ   0    0    0    0  0.00000E+00  0.00000E+00  0.00000E+00  0.00000E+00  0.00000E+00  0.00000E+00




                                 - - - - - - FREQUENCY - - - - - -

                                    FREQUENCY= 3.0700E+02 MHZ
                                    WAVELENGTH= 9.7655E-01 METERS



                                  - - - ANTENNA ENVIRONMENT - - -

                                            FREE SPACE



                               - - - STRUCTURE IMPEDANCE LOADING - - -

                                   THIS STRUCTURE IS NOT LOADED
ALLOCATE CM:            100



                                - - - MATRIX TIMING - - -

                        FILL=    0.000 SEC.,  FACTOR=    0.000 SEC.



                                          - - - ANTENNA INPUT PARAMETERS - - -

   TAG   SEG.    VOLTAGE (VOLTS)         CURRENT (AMPS)         IMPEDANCE (OHMS)        ADMITTANCE (MHOS)      POWER
   NO.   NO.    REAL        IMAG.       REAL        IMAG.       REAL        IMAG.       REAL        IMAG.     (WATTS)
   1     6 1  1.2246E+02  7.8779E+01  1.4142E+00  0.0000E+00  8.6593E+01  5.5705E+01  8.1681E-03 -5.2545E-03  8.6593E+01



                                       - - - Wire Currents - - -

                             Lengths normalized by wavelength (or 2.*pi/CABS(k))

  Elem.  Tag            Coord. of seg. center          Seg.            - - - Current (Amps) - - -
   No.   No.     X            Y            Z           Length       Real         Imag.        Mag.         Phase
      1    1  0.00000E+00 -2.32731E-01  0.00000E+00  4.65462E-02  2.38977E-01 -3.16362E-02  2.41062E-01   -7.5411
      2    1  0.00000E+00 -1.86185E-01  0.00000E+00  4.65462E-02  6.72430E-01 -8.22648E-02  6.77444E-01   -6.9749
      3    1  0.00000E+00 -1.39639E-01  0.00000E+00  4.65462E-02  1.01918E+00 -1.08490E-01  1.02494E+00   -6.0761
      4    1  0.00000E+00 -9.30924E-02  0.00000E+00  4.65462E-02  1.27253E+00 -1.10528E-01  1.27732E+00   -4.9641
      5    1  0.00000E+00 -4.65462E-02  0.00000E+00  4.65462E-02  1.41608E+00 -8.72140E-02  1.41876E+00   -3.5243
      6    1  0.00000E+00  3.55277E-17  0.00000E+00  4.65462E-02  1.43639E+00 -3.45470E-02  1.43680E+00   -1.3778
      7    1  0.00000E+00  4.65462E-02  0.00000E+00  4.65462E-02  1.37686E+00 -2.59611E-02  1.37711E+00   -1.0802
      8    1  0.00000E+00  9.30924E-02  0.00000E+00  4.65462E-02  1.24177E+00 -6.22061E-02  1.24333E+00   -2.8678
      9    1  0.00000E+00  1.39639E-01  0.00000E+00  4.65462E-02  9.95621E-01 -7.12484E-02  9.98167E-01   -4.0932
     10    1  0.00000E+00  1.86185E-01  0.00000E+00  4.65462E-02  6.57247E-01 -5.81241E-02  6.59812E-01   -5.0538
     11    1  0.00000E+00  2.32731E-01  0.00000E+00  4.65462E-02  2.33643E-01 -2.31207E-02  2.34785E-01   -5.6514



                             - - - Wire Charge Densities - - -

                     Lengths normalized by wavelength (or 2.*pi/CABS(k))

  ELEM.  TAG          Coord. of Seg. Center           Seg.        Charge Density (C/m)
   No.   No.     X            Y            Z          Length        Mag.         Phase
      1    1  0.00000E+00 -2.32731E-01  0.00000E+00  4.65462E-02  5.49873E-09   82.4589
      2    1  0.00000E+00 -1.86185E-01  0.00000E+00  4.65462E-02  4.45721E-09   84.4222
      3    1  0.00000E+00 -1.39639E-01  0.00000E+00  4.65462E-02  3.47740E-09   87.2807
      4    1  0.00000E+00 -9.30924E-02  0.00000E+00  4.65462E-02  2.30843E-09   92.9420
      5    1  0.00000E+00 -4.65462E-02  0.00000E+00  4.65462E-02  1.05358E-09  113.0981
      6    1  0.00000E+00  3.55277E-17  0.00000E+00  4.65462E-02  9.36403E-10 -147.3046
      7    1  0.00000E+00  4.65462E-02  0.00000E+00  4.65462E-02  1.03763E-09  -55.2002
      8    1  0.00000E+00  9.30924E-02  0.00000E+00  4.65462E-02  2.24171E-09  -83.9933
      9    1  0.00000E+00  1.39639E-01  0.00000E+00  4.65462E-02  3.38552E-09  -90.4793
     10    1  0.00000E+00  1.86185E-01  0.00000E+00  4.65462E-02  4.34155E-09  -93.5794
     11    1  0.00000E+00  2.32731E-01  0.00000E+00  4.65462E-02  5.35555E-09  -95.6514



                                        - - - POWER BUDGET - - -

                                           INPUT POWER   = 8.6593E+01 WATTS
                                           RADIATED POWER= 8.6593E+01 WATTS
                                           WIRE LOSS     = 0.0000E+00 WATTS
                                           EFFICIENCY    = 100.00 PERCENT




 ***** INPUT LINE  6  EN   0    0    0    0  0.00000E+00  0.00000E+00  0.00000E+00  0.00000E+00  0.00000E+00  0.00000E+00

 RUN TIME =     0.000
