1
 x13



                                ***********************************************
                                *                                             *
                                *  NUMERICAL ELECTROMAGNETICS CODE (NEC-5)    *
                                *                                             *
                                ***********************************************




                      **********************************************************

                          Vertical over real ground                                                    
                                                                                                       
                          EZNEC Pro/2+ v. 7.0.4  2026-08-25 15:56:35                                   
                                                                                                       
                          ! Written by EZNEC/Pro+ v. 7.0 in NEC-5 format.                              
                                                                                                       

                      **********************************************************





                                 - - - STRUCTURE SPECIFICATION - - -

                                     COORDINATES MUST BE INPUT IN
                                     METERS OR BE SCALED TO METERS
                                     BEFORE STRUCTURE INPUT IS ENDED

 Model definition commands:

 GW    1    10  0.00000E+00  0.00000E+00  0.00000E+00  0.00000E+00  0.00000E+00  1.03000E+01  2.00000E-02
 GE    1   -1

   GROUND PLANE SPECIFIED.

   WHERE WIRE ENDS TOUCH GROUND, CURRENT WILL BE INTERPOLATED TO IMAGE IN GROUND PLANE.


 Number of nodes :    11
 Number of wire elements :    10
 Number of patch elements:     0
 Number unknowns:    10




 ***** INPUT LINE  1  FR   0    1    0    0  7.00000E+00  0.00000E+00  0.00000E+00  0.00000E+00  0.00000E+00  0.00000E+00
 ***** INPUT LINE  2  GD   0    0    0    0  1.30000E+01  5.00000E-03  1.00000E+00  0.00000E+00  0.00000E+00  0.00000E+00
 ***** INPUT LINE  3  EX   4    1   -1    0  1.41421E+00  0.00000E+00  0.00000E+00  0.00000E+00  0.00000E+00  0.00000E+00
 ***** INPUT LINE  4  PQ   0    0    0    0  0.00000E+00  0.00000E+00  0.00000E+00  0.00000E+00  0.00000E+00  0.00000E+00
 ***** INPUT LINE  5  NE   0    2    3    4  1.00000E+00  2.00000E+00  3.00000E+00  2.00000E+00  2.00000E+00  2.00000E+00




                                 - - - - - - FREQUENCY - - - - - -

                                    FREQUENCY= 7.0000E+00 MHZ
                                    WAVELENGTH= 4.2829E+01 METERS



                                  - - - ANTENNA ENVIRONMENT - - -


 GMPINO: EPSC from file = 2.00000E+01-3.89052E+01
              should be  1.30000E+01-1.28400E+01
 Will compute Sommerfeld-ground tables
                                        FINITE GROUND.  SOMMERFELD SOLUTION
                                        RELATIVE DIELECTRIC CONST.= 13.000
                                        CONDUCTIVITY= 5.000E-03 MHOS/METER
                                        COMPLEX DIELECTRIC CONSTANT= 1.30000E+01-1.28400E+01



                               - - - STRUCTURE IMPEDANCE LOADING - - -

                                   THIS STRUCTURE IS NOT LOADED
ALLOCATE CM:            100



                                - - - MATRIX TIMING - - -

                        FILL=    0.000 SEC.,  FACTOR=    0.000 SEC.



                                          - - - ANTENNA INPUT PARAMETERS - - -

   TAG   SEG.    VOLTAGE (VOLTS)         CURRENT (AMPS)         IMPEDANCE (OHMS)        ADMITTANCE (MHOS)      POWER
   NO.   NO.    REAL        IMAG.       REAL        IMAG.       REAL        IMAG.       REAL        IMAG.     (WATTS)
   1     1 2  5.0305E+01 -2.0114E+00  1.4142E+00  0.0000E+00  3.5571E+01 -1.4223E+00  2.8068E-02  1.1223E-03  3.5571E+01



                                       - - - Wire Currents - - -

                             Lengths normalized by wavelength (or 2.*pi/CABS(k))

  Elem.  Tag            Coord. of seg. center          Seg.            - - - Current (Amps) - - -
   No.   No.     X            Y            Z           Length       Real         Imag.        Mag.         Phase
      1    1  0.00000E+00  0.00000E+00  1.20247E-02  2.40494E-02  1.40560E+00 -1.58886E-02  1.40568E+00   -0.6476
      2    1  0.00000E+00  0.00000E+00  3.60740E-02  2.40494E-02  1.37278E+00 -4.17020E-02  1.37342E+00   -1.7400
      3    1  0.00000E+00  0.00000E+00  6.01234E-02  2.40494E-02  1.30917E+00 -5.82250E-02  1.31046E+00   -2.5465
      4    1  0.00000E+00  0.00000E+00  8.41728E-02  2.40494E-02  1.21582E+00 -6.84623E-02  1.21775E+00   -3.2229
      5    1  0.00000E+00  0.00000E+00  1.08222E-01  2.40494E-02  1.09444E+00 -7.29206E-02  1.09687E+00   -3.8119
      6    1  0.00000E+00  0.00000E+00  1.32272E-01  2.40494E-02  9.47158E-01 -7.18305E-02  9.49878E-01   -4.3369
      7    1  0.00000E+00  0.00000E+00  1.56321E-01  2.40494E-02  7.76354E-01 -6.53642E-02  7.79101E-01   -4.8126
      8    1  0.00000E+00  0.00000E+00  1.80370E-01  2.40494E-02  5.84286E-01 -5.36673E-02  5.86746E-01   -5.2479
      9    1  0.00000E+00  0.00000E+00  2.04420E-01  2.40494E-02  3.72032E-01 -3.67631E-02  3.73844E-01   -5.6435
     10    1  0.00000E+00  0.00000E+00  2.28469E-01  2.40494E-02  1.30435E-01 -1.34996E-02  1.31132E-01   -5.9089



                             - - - Wire Charge Densities - - -

                     Lengths normalized by wavelength (or 2.*pi/CABS(k))

  ELEM.  TAG          Coord. of Seg. Center           Seg.        Charge Density (C/m)
   No.   No.     X            Y            Z          Length        Mag.         Phase
      1    1  0.00000E+00  0.00000E+00  1.20247E-02  2.40494E-02  7.98016E-10  -28.4777
      2    1  0.00000E+00  0.00000E+00  3.60740E-02  2.40494E-02  1.15450E-09  -67.6959
      3    1  0.00000E+00  0.00000E+00  6.01234E-02  2.40494E-02  1.76454E-09  -80.4976
      4    1  0.00000E+00  0.00000E+00  8.41728E-02  2.40494E-02  2.38613E-09  -86.1395
      5    1  0.00000E+00  0.00000E+00  1.08222E-01  2.40494E-02  2.97829E-09  -89.3040
      6    1  0.00000E+00  0.00000E+00  1.32272E-01  2.40494E-02  3.52529E-09  -91.3703
      7    1  0.00000E+00  0.00000E+00  1.56321E-01  2.40494E-02  4.02147E-09  -92.8674
      8    1  0.00000E+00  0.00000E+00  1.80370E-01  2.40494E-02  4.47417E-09  -94.0401
      9    1  0.00000E+00  0.00000E+00  2.04420E-01  2.40494E-02  4.92652E-09  -95.0197
     10    1  0.00000E+00  0.00000E+00  2.28469E-01  2.40494E-02  5.78926E-09  -95.9089



                                        - - - POWER BUDGET - - -

                                           INPUT POWER   = 3.5571E+01 WATTS
                                           RADIATED POWER= 3.5571E+01 WATTS
                                           WIRE LOSS     = 0.0000E+00 WATTS
                                           EFFICIENCY    = 100.00 PERCENT



                                      - - - NEAR ELECTRIC FIELDS - - -

              -  LOCATION  -                     -  EX  -               -  EY  -               -  EZ  -
        X           Y           Z           MAGNITUDE   PHASE      MAGNITUDE   PHASE      MAGNITUDE   PHASE
      METERS      METERS      METERS         VOLTS/M   DEGREES      VOLTS/M   DEGREES      VOLTS/M   DEGREES
    1.0000E+00  2.0000E+00  3.0000E+00     6.7173E+00   -92.44    1.3424E+01   -92.37    1.0850E+01   168.60
    3.0000E+00  2.0000E+00  3.0000E+00     7.3259E+00  -101.05    4.8793E+00  -100.97    9.7008E+00   166.34
    1.0000E+00  4.0000E+00  3.0000E+00     1.8287E+00  -104.37    7.3004E+00  -104.19    9.2755E+00   164.64
    3.0000E+00  4.0000E+00  3.0000E+00     3.5664E+00  -109.60    4.7504E+00  -109.50    8.6053E+00   161.02
    1.0000E+00  6.0000E+00  3.0000E+00     7.5421E-01  -116.50    4.5114E+00  -116.19    7.8579E+00   155.57
    3.0000E+00  6.0000E+00  3.0000E+00     1.7787E+00  -120.26    3.5529E+00  -120.13    7.4684E+00   152.10
    1.0000E+00  2.0000E+00  5.0000E+00     1.0725E+01   -92.60    2.1447E+01   -92.58    8.2422E+00   179.48
    3.0000E+00  2.0000E+00  5.0000E+00     1.1290E+01   -96.18    7.5259E+00   -96.14    7.9530E+00   175.41
    1.0000E+00  4.0000E+00  5.0000E+00     2.7647E+00   -97.91    1.1055E+01   -97.83    7.7421E+00   173.16
    3.0000E+00  4.0000E+00  5.0000E+00     5.2444E+00  -101.02    6.9914E+00  -100.97    7.3416E+00   168.72
    1.0000E+00  6.0000E+00  5.0000E+00     1.0758E+00  -105.56    6.4521E+00  -105.40    6.8234E+00   162.36
    3.0000E+00  6.0000E+00  5.0000E+00     2.5101E+00  -108.25    5.0195E+00  -108.18    6.5351E+00   158.39
    1.0000E+00  2.0000E+00  7.0000E+00     1.3449E+01   -94.19    2.6899E+01   -94.17    8.0680E+00  -152.13
    3.0000E+00  2.0000E+00  7.0000E+00     1.3628E+01   -96.05    9.0854E+00   -96.04    7.3031E+00  -163.04
    1.0000E+00  4.0000E+00  7.0000E+00     3.3010E+00   -97.11    1.3205E+01   -97.07    6.9782E+00  -167.66
    3.0000E+00  4.0000E+00  7.0000E+00     6.1858E+00   -99.22    8.2481E+00   -99.20    6.4663E+00  -175.68
    1.0000E+00  6.0000E+00  7.0000E+00     1.2596E+00  -102.57    7.5593E+00  -102.48    5.9226E+00   174.40
    3.0000E+00  6.0000E+00  7.0000E+00     2.9387E+00  -104.70    5.8780E+00  -104.66    5.6521E+00   168.76
    1.0000E+00  2.0000E+00  9.0000E+00     1.3184E+01   -95.47    2.6370E+01   -95.46    1.3142E+01  -122.22
    3.0000E+00  2.0000E+00  9.0000E+00     1.2842E+01   -96.85    8.5621E+00   -96.83    8.5958E+00  -138.85
    1.0000E+00  4.0000E+00  9.0000E+00     3.1128E+00   -97.72    1.2454E+01   -97.69    7.5834E+00  -145.60
    3.0000E+00  4.0000E+00  9.0000E+00     5.8931E+00   -99.53    7.8584E+00   -99.52    6.3715E+00  -157.12
    1.0000E+00  6.0000E+00  9.0000E+00     1.2238E+00  -102.47    7.3458E+00  -102.41    5.4225E+00  -171.00
    3.0000E+00  6.0000E+00  9.0000E+00     2.8923E+00  -104.39    5.7857E+00  -104.36    5.0408E+00  -178.68




 ***** INPUT LINE  6  EN   0    0    0    0  0.00000E+00  0.00000E+00  0.00000E+00  0.00000E+00  0.00000E+00  0.00000E+00

Sommerfeld integral tables written in previous run:
Potentials:
E and H: 11 12 13 14 15 21 23

 RUN TIME =     0.234
