1



                                 *********************************************

                                    NUMERICAL ELECTROMAGNETICS CODE (NEC-2D)

                                 *********************************************




                                     - - - - COMMENTS - - - -


                          Dual Band 2el (20m, 15m)                                                   
                                                                                                     




                                 - - - STRUCTURE SPECIFICATION - - -

                                     COORDINATES MUST BE INPUT IN
                                     METERS OR BE SCALED TO METERS
                                     BEFORE STRUCTURE INPUT IS ENDED


  WIRE                                                                               NO. OF    FIRST  LAST     TAG
  NO.        X1         Y1         Z1          X2         Y2         Z2      RADIUS   SEG.     SEG.   SEG.     NO.
     1    0.00000    3.17500   20.00000     0.00000   -3.17500   20.00000    0.00800     19        1    19       1
     2    0.00000    3.17500   20.00000     0.00000    4.35600   20.00000    0.00800      3       20    22       2
     3    0.00000   -3.17500   20.00000     0.00000   -4.35600   20.00000    0.00800      3       23    25       3
     4   -2.70000    3.42000   20.00000    -2.70000   -3.42000   20.00000    0.00800     20       26    45       4
     5   -2.70000    3.42000   20.00000    -2.70000    4.34200   20.00000    0.00800      3       46    48       5
     6   -2.70000   -3.42000   20.00000    -2.70000   -4.34200   20.00000    0.00800      3       49    51       6

   GROUND PLANE SPECIFIED.

   WHERE WIRE ENDS TOUCH GROUND, CURRENT WILL BE INTERPOLATED TO IMAGE IN GROUND PLANE.


   TOTAL SEGMENTS USED=   51     NO. SEG. IN A SYMMETRIC CELL=   51     SYMMETRY FLAG=  0


         - MULTIPLE WIRE JUNCTIONS -
 JUNCTION    SEGMENTS  (- FOR END 1, + FOR END 2)
  NONE




                                 - - - - SEGMENTATION DATA - - - -

                                        COORDINATES IN METERS

                         I+ AND I- INDICATE THE SEGMENTS BEFORE AND AFTER I


  SEG.   COORDINATES OF SEG. CENTER     SEG.     ORIENTATION ANGLES    WIRE    CONNECTION DATA   TAG
  NO.       X         Y         Z       LENGTH     ALPHA     BETA      RADIUS    I-   I    I+    NO.
     1   0.00000   3.00789  20.00000   0.33421    0.00000 -90.00000   0.00800   -20    1    2      1
     2   0.00000   2.67368  20.00000   0.33421    0.00000 -90.00000   0.00800     1    2    3      1
     3   0.00000   2.33947  20.00000   0.33421    0.00000 -90.00000   0.00800     2    3    4      1
     4   0.00000   2.00526  20.00000   0.33421    0.00000 -90.00000   0.00800     3    4    5      1
     5   0.00000   1.67105  20.00000   0.33421    0.00000 -90.00000   0.00800     4    5    6      1
     6   0.00000   1.33684  20.00000   0.33421    0.00000 -90.00000   0.00800     5    6    7      1
     7   0.00000   1.00263  20.00000   0.33421    0.00000 -90.00000   0.00800     6    7    8      1
     8   0.00000   0.66842  20.00000   0.33421    0.00000 -90.00000   0.00800     7    8    9      1
     9   0.00000   0.33421  20.00000   0.33421    0.00000 -90.00000   0.00800     8    9   10      1
    10   0.00000   0.00000  20.00000   0.33421    0.00000 -90.00000   0.00800     9   10   11      1
    11   0.00000  -0.33421  20.00000   0.33421    0.00000 -90.00000   0.00800    10   11   12      1
    12   0.00000  -0.66842  20.00000   0.33421    0.00000 -90.00000   0.00800    11   12   13      1
    13   0.00000  -1.00263  20.00000   0.33421    0.00000 -90.00000   0.00800    12   13   14      1
    14   0.00000  -1.33684  20.00000   0.33421    0.00000 -90.00000   0.00800    13   14   15      1
    15   0.00000  -1.67105  20.00000   0.33421    0.00000 -90.00000   0.00800    14   15   16      1
    16   0.00000  -2.00526  20.00000   0.33421    0.00000 -90.00000   0.00800    15   16   17      1
    17   0.00000  -2.33947  20.00000   0.33421    0.00000 -90.00000   0.00800    16   17   18      1
    18   0.00000  -2.67368  20.00000   0.33421    0.00000 -90.00000   0.00800    17   18   19      1
    19   0.00000  -3.00789  20.00000   0.33421    0.00000 -90.00000   0.00800    18   19   23      1
    20   0.00000   3.37183  20.00000   0.39367    0.00000  90.00000   0.00800    -1   20   21      2
    21   0.00000   3.76550  20.00000   0.39367    0.00000  90.00000   0.00800    20   21   22      2
    22   0.00000   4.15917  20.00000   0.39367    0.00000  90.00000   0.00800    21   22    0      2
    23   0.00000  -3.37183  20.00000   0.39367    0.00000 -90.00000   0.00800    19   23   24      3
    24   0.00000  -3.76550  20.00000   0.39367    0.00000 -90.00000   0.00800    23   24   25      3
    25   0.00000  -4.15917  20.00000   0.39367    0.00000 -90.00000   0.00800    24   25    0      3
    26  -2.70000   3.24900  20.00000   0.34200    0.00000 -90.00000   0.00800   -46   26   27      4
    27  -2.70000   2.90700  20.00000   0.34200    0.00000 -90.00000   0.00800    26   27   28      4
    28  -2.70000   2.56500  20.00000   0.34200    0.00000 -90.00000   0.00800    27   28   29      4
    29  -2.70000   2.22300  20.00000   0.34200    0.00000 -90.00000   0.00800    28   29   30      4
    30  -2.70000   1.88100  20.00000   0.34200    0.00000 -90.00000   0.00800    29   30   31      4
    31  -2.70000   1.53900  20.00000   0.34200    0.00000 -90.00000   0.00800    30   31   32      4
    32  -2.70000   1.19700  20.00000   0.34200    0.00000 -90.00000   0.00800    31   32   33      4
    33  -2.70000   0.85500  20.00000   0.34200    0.00000 -90.00000   0.00800    32   33   34      4
    34  -2.70000   0.51300  20.00000   0.34200    0.00000 -90.00000   0.00800    33   34   35      4
    35  -2.70000   0.17100  20.00000   0.34200    0.00000 -90.00000   0.00800    34   35   36      4
    36  -2.70000  -0.17100  20.00000   0.34200    0.00000 -90.00000   0.00800    35   36   37      4
    37  -2.70000  -0.51300  20.00000   0.34200    0.00000 -90.00000   0.00800    36   37   38      4
    38  -2.70000  -0.85500  20.00000   0.34200    0.00000 -90.00000   0.00800    37   38   39      4
    39  -2.70000  -1.19700  20.00000   0.34200    0.00000 -90.00000   0.00800    38   39   40      4
    40  -2.70000  -1.53900  20.00000   0.34200    0.00000 -90.00000   0.00800    39   40   41      4
    41  -2.70000  -1.88100  20.00000   0.34200    0.00000 -90.00000   0.00800    40   41   42      4
    42  -2.70000  -2.22300  20.00000   0.34200    0.00000 -90.00000   0.00800    41   42   43      4
    43  -2.70000  -2.56500  20.00000   0.34200    0.00000 -90.00000   0.00800    42   43   44      4
    44  -2.70000  -2.90700  20.00000   0.34200    0.00000 -90.00000   0.00800    43   44   45      4
    45  -2.70000  -3.24900  20.00000   0.34200    0.00000 -90.00000   0.00800    44   45   49      4
    46  -2.70000   3.57367  20.00000   0.30733    0.00000  90.00000   0.00800   -26   46   47      5
    47  -2.70000   3.88100  20.00000   0.30733    0.00000  90.00000   0.00800    46   47   48      5
    48  -2.70000   4.18833  20.00000   0.30733    0.00000  90.00000   0.00800    47   48    0      5
    49  -2.70000  -3.57367  20.00000   0.30733    0.00000 -90.00000   0.00800    45   49   50      6
    50  -2.70000  -3.88100  20.00000   0.30733    0.00000 -90.00000   0.00800    49   50   51      6
    51  -2.70000  -4.18833  20.00000   0.30733    0.00000 -90.00000   0.00800    50   51    0      6






 ***** DATA CARD NO.  1   EX   0     1    10     0  1.00000E+00  0.00000E+00  0.00000E+00  0.00000E+00  0.00000E+00  0.00000E+00
 ***** DATA CARD NO.  2   LD   1     2     1     1  3.79203E+04  2.86029E-06  2.00000E-11  0.00000E+00  0.00000E+00  0.00000E+00
 ***** DATA CARD NO.  3   LD   1     3     1     1  3.79203E+04  2.86029E-06  2.00000E-11  0.00000E+00  0.00000E+00  0.00000E+00
 ***** DATA CARD NO.  4   LD   1     5     1     1  3.79203E+04  2.86029E-06  2.00000E-11  0.00000E+00  0.00000E+00  0.00000E+00
 ***** DATA CARD NO.  5   LD   1     6     1     1  3.79203E+04  2.86029E-06  2.00000E-11  0.00000E+00  0.00000E+00  0.00000E+00
 ***** DATA CARD NO.  6   GN   2     0     0     0  1.30000E+01  5.00000E-03  0.00000E+00  0.00000E+00  0.00000E+00  0.00000E+00
 ***** DATA CARD NO.  7   FR   0     1     0     0  2.10500E+01  0.00000E+00  0.00000E+00  0.00000E+00  0.00000E+00  0.00000E+00
 ***** DATA CARD NO.  8   XQ   0     0     0     0  0.00000E+00  0.00000E+00  0.00000E+00  0.00000E+00  0.00000E+00  0.00000E+00




                                 - - - - - - FREQUENCY - - - - - -

                                    FREQUENCY= 2.1050E+01 MHZ
                                    WAVELENGTH= 1.4242E+01 METERS




                    APPROXIMATE INTEGRATION EMPLOYED FOR SEGMENTS MORE THAN   1.000 WAVELENGTHS APART



                               - - - STRUCTURE IMPEDANCE LOADING - - -


       LOCATION          RESISTANCE   INDUCTANCE  CAPACITANCE       IMPEDANCE (OHMS)     CONDUCTIVITY    TYPE
    ITAG FROM THRU          OHMS        HENRYS       FARADS        REAL      IMAGINARY    MHOS/METER

       2    1    1      3.7920E+04   2.8603E-06   2.0000E-11                                          PARALLEL

       3    1    1      3.7920E+04   2.8603E-06   2.0000E-11                                          PARALLEL

       5    1    1      3.7920E+04   2.8603E-06   2.0000E-11                                          PARALLEL

       6    1    1      3.7920E+04   2.8603E-06   2.0000E-11                                          PARALLEL



                                  - - - ANTENNA ENVIRONMENT - - -

                                        FINITE GROUND.  SOMMERFELD SOLUTION
                                        RELATIVE DIELECTRIC CONST.= 13.000
                                        CONDUCTIVITY= 5.000E-03 MHOS/METER
                                        COMPLEX DIELECTRIC CONSTANT= 1.30000E+01-4.26984E+00



                                - - - MATRIX TIMING - - -

                        FILL=    0.016 SEC.,  FACTOR=    0.000 SEC.



                                          - - - ANTENNA INPUT PARAMETERS - - -

   TAG   SEG.    VOLTAGE (VOLTS)         CURRENT (AMPS)         IMPEDANCE (OHMS)        ADMITTANCE (MHOS)      POWER
   NO.   NO.    REAL        IMAG.       REAL        IMAG.       REAL        IMAG.       REAL        IMAG.     (WATTS)
     1    10 1.00000E+00 0.00000E+00 1.74454E-02 3.43544E-04 5.72995E+01-1.12837E+00 1.74454E-02 3.43544E-04 8.72269E-03



                             - - - CURRENTS AND LOCATION - - -

                                 DISTANCES IN WAVELENGTHS


  SEG.  TAG    COORD. OF SEG. CENTER     SEG.            - - - CURRENT (AMPS) - - -
  NO.   NO.     X        Y        Z      LENGTH     REAL        IMAG.       MAG.        PHASE
     1    1   0.0000   0.2112   1.4043  0.02347   3.0067E-03 -2.9563E-04  3.0212E-03   -5.615
     2    1   0.0000   0.1877   1.4043  0.02347   5.8497E-03 -4.0034E-04  5.8634E-03   -3.915
     3    1   0.0000   0.1643   1.4043  0.02347   8.3937E-03 -4.6234E-04  8.4064E-03   -3.153
     4    1   0.0000   0.1408   1.4043  0.02347   1.0672E-02 -4.8281E-04  1.0683E-02   -2.590
     5    1   0.0000   0.1173   1.4043  0.02347   1.2665E-02 -4.6048E-04  1.2673E-02   -2.082
     6    1   0.0000   0.0939   1.4043  0.02347   1.4344E-02 -3.9380E-04  1.4350E-02   -1.573
     7    1   0.0000   0.0704   1.4043  0.02347   1.5682E-02 -2.8086E-04  1.5685E-02   -1.026
     8    1   0.0000   0.0469   1.4043  0.02347   1.6656E-02 -1.1826E-04  1.6656E-02   -0.407
     9    1   0.0000   0.0235   1.4043  0.02347   1.7247E-02  1.0760E-04  1.7247E-02    0.357
    10    1   0.0000   0.0000   1.4043  0.02347   1.7445E-02  3.4354E-04  1.7449E-02    1.128
    11    1   0.0000  -0.0235   1.4043  0.02347   1.7247E-02  1.0760E-04  1.7247E-02    0.357
    12    1   0.0000  -0.0469   1.4043  0.02347   1.6656E-02 -1.1826E-04  1.6656E-02   -0.407
    13    1   0.0000  -0.0704   1.4043  0.02347   1.5682E-02 -2.8086E-04  1.5685E-02   -1.026
    14    1   0.0000  -0.0939   1.4043  0.02347   1.4344E-02 -3.9380E-04  1.4350E-02   -1.573
    15    1   0.0000  -0.1173   1.4043  0.02347   1.2665E-02 -4.6048E-04  1.2673E-02   -2.082
    16    1   0.0000  -0.1408   1.4043  0.02347   1.0672E-02 -4.8281E-04  1.0683E-02   -2.590
    17    1   0.0000  -0.1643   1.4043  0.02347   8.3937E-03 -4.6234E-04  8.4064E-03   -3.153
    18    1   0.0000  -0.1877   1.4043  0.02347   5.8497E-03 -4.0034E-04  5.8634E-03   -3.915
    19    1   0.0000  -0.2112   1.4043  0.02347   3.0067E-03 -2.9563E-04  3.0212E-03   -5.615
    20    2   0.0000   0.2367   1.4043  0.02764  -3.2387E-06  1.5500E-04  1.5503E-04   91.197
    21    2   0.0000   0.2644   1.4043  0.02764   2.7009E-05  1.2538E-04  1.2826E-04   77.843
    22    2   0.0000   0.2920   1.4043  0.02764  -6.0710E-05  6.0747E-05  8.5884E-05  134.983
    23    3   0.0000  -0.2367   1.4043  0.02764   3.2387E-06 -1.5500E-04  1.5503E-04  -88.803
    24    3   0.0000  -0.2644   1.4043  0.02764  -2.7009E-05 -1.2538E-04  1.2826E-04 -102.157
    25    3   0.0000  -0.2920   1.4043  0.02764   6.0710E-05 -6.0747E-05  8.5884E-05  -45.017
    26    4  -0.1896   0.2281   1.4043  0.02401  -1.1919E-03  1.1863E-03  1.6816E-03  135.133
    27    4  -0.1896   0.2041   1.4043  0.02401  -2.5247E-03  2.3715E-03  3.4638E-03  136.792
    28    4  -0.1896   0.1801   1.4043  0.02401  -3.7379E-03  3.4424E-03  5.0816E-03  137.357
    29    4  -0.1896   0.1561   1.4043  0.02401  -4.8478E-03  4.4148E-03  6.5568E-03  137.676
    30    4  -0.1896   0.1321   1.4043  0.02401  -5.8416E-03  5.2797E-03  7.8740E-03  137.892
    31    4  -0.1896   0.1081   1.4043  0.02401  -6.7028E-03  6.0248E-03  9.0125E-03  138.049
    32    4  -0.1896   0.0840   1.4043  0.02401  -7.4145E-03  6.6376E-03  9.9515E-03  138.165
    33    4  -0.1896   0.0600   1.4043  0.02401  -7.9621E-03  7.1073E-03  1.0673E-02  138.247
    34    4  -0.1896   0.0360   1.4043  0.02401  -8.3340E-03  7.4254E-03  1.1162E-02  138.300
    35    4  -0.1896   0.0120   1.4043  0.02401  -8.5220E-03  7.5859E-03  1.1409E-02  138.326
    36    4  -0.1896  -0.0120   1.4043  0.02401  -8.5220E-03  7.5859E-03  1.1409E-02  138.326
    37    4  -0.1896  -0.0360   1.4043  0.02401  -8.3340E-03  7.4254E-03  1.1162E-02  138.300
    38    4  -0.1896  -0.0600   1.4043  0.02401  -7.9621E-03  7.1073E-03  1.0673E-02  138.247
    39    4  -0.1896  -0.0840   1.4043  0.02401  -7.4145E-03  6.6376E-03  9.9515E-03  138.165
    40    4  -0.1896  -0.1081   1.4043  0.02401  -6.7028E-03  6.0248E-03  9.0125E-03  138.049
    41    4  -0.1896  -0.1321   1.4043  0.02401  -5.8416E-03  5.2797E-03  7.8740E-03  137.892
    42    4  -0.1896  -0.1561   1.4043  0.02401  -4.8478E-03  4.4148E-03  6.5568E-03  137.676
    43    4  -0.1896  -0.1801   1.4043  0.02401  -3.7379E-03  3.4424E-03  5.0816E-03  137.357
    44    4  -0.1896  -0.2041   1.4043  0.02401  -2.5247E-03  2.3715E-03  3.4638E-03  136.792
    45    4  -0.1896  -0.2281   1.4043  0.02401  -1.1919E-03  1.1863E-03  1.6816E-03  135.133
    46    5  -0.1896   0.2509   1.4043  0.02158  -5.2665E-05 -6.9403E-05  8.7123E-05 -127.193
    47    5  -0.1896   0.2725   1.4043  0.02158  -5.1433E-05 -3.5137E-05  6.2289E-05 -145.660
    48    5  -0.1896   0.2941   1.4043  0.02158   1.5525E-06 -3.4218E-05  3.4253E-05  -87.402
    49    6  -0.1896  -0.2509   1.4043  0.02158   5.2665E-05  6.9403E-05  8.7123E-05   52.807
    50    6  -0.1896  -0.2725   1.4043  0.02158   5.1433E-05  3.5137E-05  6.2289E-05   34.340
    51    6  -0.1896  -0.2941   1.4043  0.02158  -1.5525E-06  3.4218E-05  3.4253E-05   92.598



                                        - - - POWER BUDGET - - -

                                           INPUT POWER   = 8.7227E-03 WATTS
                                           RADIATED POWER= 7.5293E-03 WATTS
                                           STRUCTURE LOSS= 1.1934E-03 WATTS
                                           NETWORK LOSS  = 0.0000E+00 WATTS
                                           EFFICIENCY    =  86.32 PERCENT






 ***** DATA CARD NO.  9   EN   0     0     0     0  0.00000E+00  0.00000E+00  0.00000E+00  0.00000E+00  0.00000E+00  0.00000E+00

 RUN TIME =     0.063
