1
 x13



                                ***********************************************
                                *                                             *
                                *  NUMERICAL ELECTROMAGNETICS CODE (NEC-5)    *
                                *                                             *
                                ***********************************************




                      **********************************************************

                          Elevated radial system                                                       
                                                                                                       
                          EZNEC Pro/2+ v. 7.0.4  2026-08-20 20:36:10                                   
                                                                                                       
                          ! Written by EZNEC/Pro+ v. 7.0 in NEC-5 format.                              
                                                                                                       

                      **********************************************************





                                 - - - STRUCTURE SPECIFICATION - - -

                                     COORDINATES MUST BE INPUT IN
                                     METERS OR BE SCALED TO METERS
                                     BEFORE STRUCTURE INPUT IS ENDED

 Model definition commands:

 GW    1     3  0.00000E+00  0.00000E+00  1.77800E-02  0.00000E+00  0.00000E+00  7.11200E-02  1.29400E-03
 GW    2     1  0.00000E+00  0.00000E+00  7.11200E-02  0.00000E+00  0.00000E+00  1.42240E-01  1.29400E-03
 GW    3     1  0.00000E+00  0.00000E+00  1.42240E-01  0.00000E+00  0.00000E+00  2.84480E-01  1.29400E-03
 GW    4     1  0.00000E+00  0.00000E+00  2.84480E-01  0.00000E+00  0.00000E+00  5.68960E-01  1.29400E-03
 GW    5     1  0.00000E+00  0.00000E+00  5.68960E-01  0.00000E+00  0.00000E+00  1.13792E+00  1.29400E-03
 GW    6     1  0.00000E+00  0.00000E+00  1.13792E+00  0.00000E+00  0.00000E+00  2.27584E+00  1.29400E-03
 GW    7     1  0.00000E+00  0.00000E+00  2.27584E+00  0.00000E+00  0.00000E+00  4.55168E+00  1.29400E-03
 GW    8     7  0.00000E+00  0.00000E+00  4.55168E+00  0.00000E+00  0.00000E+00  3.55600E+01  1.29400E-03
 GW    9     1  0.00000E+00  0.00000E+00  1.77800E-02  1.77800E-02  0.00000E+00  1.77800E-02  1.29400E-03
 GW   10     1  1.77800E-02  0.00000E+00  1.77800E-02  5.33400E-02  0.00000E+00  1.77800E-02  1.29400E-03
 GW   11     1  5.33400E-02  0.00000E+00  1.77800E-02  1.24460E-01  0.00000E+00  1.77800E-02  1.29400E-03
 GW   12     1  1.24460E-01  0.00000E+00  1.77800E-02  2.66700E-01  0.00000E+00  1.77800E-02  1.29400E-03
 GW   13     1  2.66700E-01  0.00000E+00  1.77800E-02  5.51180E-01  0.00000E+00  1.77800E-02  1.29400E-03
 GW   14     1  5.51180E-01  0.00000E+00  1.77800E-02  1.12014E+00  0.00000E+00  1.77800E-02  1.29400E-03
 GW   15     1  1.12014E+00  0.00000E+00  1.77800E-02  2.25806E+00  0.00000E+00  1.77800E-02  1.29400E-03
 GW   16     1  2.25806E+00  0.00000E+00  1.77800E-02  4.53390E+00  0.00000E+00  1.77800E-02  1.29400E-03
 GW   17     8  4.53390E+00  0.00000E+00  1.77800E-02  3.96240E+01  0.00000E+00  1.77800E-02  1.29400E-03
 GW   18     1  0.00000E+00  0.00000E+00  1.77800E-02  0.00000E+00  1.77800E-02  1.77800E-02  1.29400E-03
 GW   19     1  0.00000E+00  1.77800E-02  1.77800E-02  0.00000E+00  5.33400E-02  1.77800E-02  1.29400E-03
 GW   20     1  0.00000E+00  5.33400E-02  1.77800E-02  0.00000E+00  1.24460E-01  1.77800E-02  1.29400E-03
 GW   21     1  0.00000E+00  1.24460E-01  1.77800E-02  0.00000E+00  2.66700E-01  1.77800E-02  1.29400E-03
 GW   22     1  0.00000E+00  2.66700E-01  1.77800E-02  0.00000E+00  5.51180E-01  1.77800E-02  1.29400E-03
 GW   23     1  0.00000E+00  5.51180E-01  1.77800E-02  0.00000E+00  1.12014E+00  1.77800E-02  1.29400E-03
 GW   24     1  0.00000E+00  1.12014E+00  1.77800E-02  0.00000E+00  2.25806E+00  1.77800E-02  1.29400E-03
 GW   25     1  0.00000E+00  2.25806E+00  1.77800E-02  0.00000E+00  4.53390E+00  1.77800E-02  1.29400E-03
 GW   26     8  0.00000E+00  4.53390E+00  1.77800E-02  0.00000E+00  3.96240E+01  1.77800E-02  1.29400E-03
 GW   27     1  0.00000E+00  0.00000E+00  1.77800E-02 -1.77800E-02  0.00000E+00  1.77800E-02  1.29400E-03
 GW   28     1 -1.77800E-02  0.00000E+00  1.77800E-02 -5.33400E-02  0.00000E+00  1.77800E-02  1.29400E-03
 GW   29     1 -5.33400E-02  0.00000E+00  1.77800E-02 -1.24460E-01  0.00000E+00  1.77800E-02  1.29400E-03
 GW   30     1 -1.24460E-01  0.00000E+00  1.77800E-02 -2.66700E-01  0.00000E+00  1.77800E-02  1.29400E-03
 GW   31     1 -2.66700E-01  0.00000E+00  1.77800E-02 -5.51180E-01  0.00000E+00  1.77800E-02  1.29400E-03
 GW   32     1 -5.51180E-01  0.00000E+00  1.77800E-02 -1.12014E+00  0.00000E+00  1.77800E-02  1.29400E-03
 GW   33     1 -1.12014E+00  0.00000E+00  1.77800E-02 -2.25806E+00  0.00000E+00  1.77800E-02  1.29400E-03
 GW   34     1 -2.25806E+00  0.00000E+00  1.77800E-02 -4.53390E+00  0.00000E+00  1.77800E-02  1.29400E-03
 GW   35     8 -4.53390E+00  0.00000E+00  1.77800E-02 -3.96240E+01  0.00000E+00  1.77800E-02  1.29400E-03
 GW   36     1  0.00000E+00  0.00000E+00  1.77800E-02  0.00000E+00 -1.77800E-02  1.77800E-02  1.29400E-03
 GW   37     1  0.00000E+00 -1.77800E-02  1.77800E-02  0.00000E+00 -5.33400E-02  1.77800E-02  1.29400E-03
 GW   38     1  0.00000E+00 -5.33400E-02  1.77800E-02  0.00000E+00 -1.24460E-01  1.77800E-02  1.29400E-03
 GW   39     1  0.00000E+00 -1.24460E-01  1.77800E-02  0.00000E+00 -2.66700E-01  1.77800E-02  1.29400E-03
 GW   40     1  0.00000E+00 -2.66700E-01  1.77800E-02  0.00000E+00 -5.51180E-01  1.77800E-02  1.29400E-03
 GW   41     1  0.00000E+00 -5.51180E-01  1.77800E-02  0.00000E+00 -1.12014E+00  1.77800E-02  1.29400E-03
 GW   42     1  0.00000E+00 -1.12014E+00  1.77800E-02  0.00000E+00 -2.25806E+00  1.77800E-02  1.29400E-03
 GW   43     1  0.00000E+00 -2.25806E+00  1.77800E-02  0.00000E+00 -4.53390E+00  1.77800E-02  1.29400E-03
 GW   44     8  0.00000E+00 -4.53390E+00  1.77800E-02  0.00000E+00 -3.96240E+01  1.77800E-02  1.29400E-03
 GE    1   -1

   GROUND PLANE SPECIFIED.

   WHERE WIRE ENDS TOUCH GROUND, CURRENT WILL BE INTERPOLATED TO IMAGE IN GROUND PLANE.


 Number of nodes :    81
 Number of wire elements :    80
 Number of patch elements:     0
 Number unknowns:    79




 ***** INPUT LINE  1  FR   0    1    0    0  1.83200E+00  0.00000E+00  0.00000E+00  0.00000E+00  0.00000E+00  0.00000E+00
 ***** INPUT LINE  2  GN   0    0    0    0  1.30000E+01  5.00000E-03  1.00000E+00  0.00000E+00  0.00000E+00  0.00000E+00
 ***** INPUT LINE  3  EX   0    1    2    0  1.41421E+00  0.00000E+00  0.00000E+00  0.00000E+00  0.00000E+00  0.00000E+00
 ***** INPUT LINE  4  PQ   0    0    0    0  0.00000E+00  0.00000E+00  0.00000E+00  0.00000E+00  0.00000E+00  0.00000E+00
 ***** INPUT LINE  5  XQ   0    0    0    0  0.00000E+00  0.00000E+00  0.00000E+00  0.00000E+00  0.00000E+00  0.00000E+00




                                 - - - - - - FREQUENCY - - - - - -

                                    FREQUENCY= 1.8320E+00 MHZ
                                    WAVELENGTH= 1.6365E+02 METERS



                                  - - - ANTENNA ENVIRONMENT - - -


Sommerfeld integral tables read:
Potentials: 11 12 13 14 15 21 23 31 33
E, H:
                                        FINITE GROUND.  SOMMERFELD SOLUTION
                                        RELATIVE DIELECTRIC CONST.= 13.000
                                        CONDUCTIVITY= 5.000E-03 MHOS/METER
                                        COMPLEX DIELECTRIC CONSTANT= 1.30000E+01-4.90612E+01



                               - - - STRUCTURE IMPEDANCE LOADING - - -

                                   THIS STRUCTURE IS NOT LOADED
ALLOCATE CM:           6241



                                - - - MATRIX TIMING - - -

                        FILL=    0.000 SEC.,  FACTOR=    0.000 SEC.



                                          - - - ANTENNA INPUT PARAMETERS - - -

   TAG   SEG.    VOLTAGE (VOLTS)         CURRENT (AMPS)         IMPEDANCE (OHMS)        ADMITTANCE (MHOS)      POWER
   NO.   NO.    REAL        IMAG.       REAL        IMAG.       REAL        IMAG.       REAL        IMAG.     (WATTS)
   1     2 1  1.4142E+00  0.0000E+00  1.6239E-02  1.7325E-02  4.0730E+01 -4.3452E+01  1.1483E-02  1.2250E-02  1.1483E-02



                                       - - - Wire Currents - - -

                             Lengths normalized by wavelength (or 2.*pi/CABS(k))

  Elem.  Tag            Coord. of seg. center          Seg.            - - - Current (Amps) - - -
   No.   No.     X            Y            Z           Length       Real         Imag.        Mag.         Phase
      1    1  0.00000E+00  0.00000E+00  1.62974E-04  1.08649E-04  1.62426E-02  1.73242E-02  2.37476E-02   46.8456
      2    1  0.00000E+00  0.00000E+00  2.71622E-04  1.08649E-04  1.62406E-02  1.73243E-02  2.37463E-02   46.8492
      3    1  0.00000E+00  0.00000E+00  3.80271E-04  1.08649E-04  1.62380E-02  1.73214E-02  2.37425E-02   46.8490
      4    2  0.00000E+00  0.00000E+00  6.51894E-04  4.34596E-04  1.62313E-02  1.73089E-02  2.37287E-02   46.8403
      5    3  0.00000E+00  0.00000E+00  1.30379E-03  8.69192E-04  1.62152E-02  1.72828E-02  2.36987E-02   46.8254
      6    4  0.00000E+00  0.00000E+00  2.60758E-03  1.73838E-03  1.61841E-02  1.72348E-02  2.36424E-02   46.8009
      7    5  0.00000E+00  0.00000E+00  5.21515E-03  3.47677E-03  1.61227E-02  1.71432E-02  2.35336E-02   46.7571
      8    6  0.00000E+00  0.00000E+00  1.04303E-02  6.95353E-03  1.59946E-02  1.69588E-02  2.33115E-02   46.6759
      9    7  0.00000E+00  0.00000E+00  2.08606E-02  1.39071E-02  1.56967E-02  1.65556E-02  2.28140E-02   46.5255
     10    8  0.00000E+00  0.00000E+00  4.13487E-02  2.70691E-02  1.49185E-02  1.55895E-02  2.15776E-02   46.2601
     11    8  0.00000E+00  0.00000E+00  6.84178E-02  2.70691E-02  1.35741E-02  1.40250E-02  1.95181E-02   45.9359
     12    8  0.00000E+00  0.00000E+00  9.54869E-02  2.70691E-02  1.18267E-02  1.20962E-02  1.69171E-02   45.6454
     13    8  0.00000E+00  0.00000E+00  1.22556E-01  2.70691E-02  9.71252E-03  9.84288E-03  1.38281E-02   45.3819
     14    8  0.00000E+00  0.00000E+00  1.49625E-01  2.70691E-02  7.27686E-03  7.31290E-03  1.03166E-02   45.1416
     15    8  0.00000E+00  0.00000E+00  1.76694E-01  2.70691E-02  4.56416E-03  4.55220E-03  6.44625E-03   44.9248
     16    8  0.00000E+00  0.00000E+00  2.03763E-01  2.70691E-02  1.57183E-03  1.55970E-03  2.21434E-03   44.7781
     17    9  5.43245E-05  0.00000E+00  1.08649E-04  1.08649E-04 -4.06214E-03 -4.33158E-03  5.93831E-03 -133.1614
     18   10  2.17298E-04  0.00000E+00  1.08649E-04  2.17298E-04 -4.06773E-03 -4.33369E-03  5.94368E-03 -133.1868
     19   11  5.43245E-04  0.00000E+00  1.08649E-04  4.34596E-04 -4.08136E-03 -4.33916E-03  5.95700E-03 -133.2464
     20   12  1.19514E-03  0.00000E+00  1.08649E-04  8.69192E-04 -4.10991E-03 -4.35140E-03  5.98548E-03 -133.3652
     21   13  2.49893E-03  0.00000E+00  1.08649E-04  1.73838E-03 -4.16752E-03 -4.37723E-03  6.04387E-03 -133.5941
     22   14  5.10650E-03  0.00000E+00  1.08649E-04  3.47677E-03 -4.28168E-03 -4.42969E-03  6.16076E-03 -134.0266
     23   15  1.03217E-02  0.00000E+00  1.08649E-04  6.95353E-03 -4.50288E-03 -4.53164E-03  6.38841E-03 -134.8176
     24   16  2.07520E-02  0.00000E+00  1.08649E-04  1.39071E-02 -4.90999E-03 -4.71218E-03  6.80534E-03 -136.1777
     25   17  4.11071E-02  0.00000E+00  1.08649E-04  2.68033E-02 -5.54048E-03 -4.94954E-03  7.42932E-03 -138.2243
     26   17  6.79105E-02  0.00000E+00  1.08649E-04  2.68033E-02 -6.07243E-03 -5.05955E-03  7.90401E-03 -140.1990
     27   17  9.47138E-02  0.00000E+00  1.08649E-04  2.68033E-02 -6.17342E-03 -4.89180E-03  7.87660E-03 -141.6068
     28   17  1.21517E-01  0.00000E+00  1.08649E-04  2.68033E-02 -5.82465E-03 -4.45104E-03  7.33064E-03 -142.6139
     29   17  1.48320E-01  0.00000E+00  1.08649E-04  2.68033E-02 -5.04648E-03 -3.76024E-03  6.29336E-03 -143.3094
     30   17  1.75124E-01  0.00000E+00  1.08649E-04  2.68033E-02 -3.89488E-03 -2.85658E-03  4.83012E-03 -143.7430
     31   17  2.01927E-01  0.00000E+00  1.08649E-04  2.68033E-02 -2.45596E-03 -1.78825E-03  3.03802E-03 -143.9406
     32   17  2.28730E-01  0.00000E+00  1.08649E-04  2.68033E-02 -8.38558E-04 -6.09769E-04  1.03682E-03 -143.9767
     33   18  0.00000E+00  5.43245E-05  1.08649E-04  1.08649E-04 -4.06214E-03 -4.33158E-03  5.93831E-03 -133.1614
     34   19  0.00000E+00  2.17298E-04  1.08649E-04  2.17298E-04 -4.06773E-03 -4.33369E-03  5.94368E-03 -133.1868
     35   20  0.00000E+00  5.43245E-04  1.08649E-04  4.34596E-04 -4.08136E-03 -4.33916E-03  5.95700E-03 -133.2464
     36   21  0.00000E+00  1.19514E-03  1.08649E-04  8.69192E-04 -4.10991E-03 -4.35140E-03  5.98548E-03 -133.3652
     37   22  0.00000E+00  2.49893E-03  1.08649E-04  1.73838E-03 -4.16752E-03 -4.37723E-03  6.04387E-03 -133.5941
     38   23  0.00000E+00  5.10650E-03  1.08649E-04  3.47677E-03 -4.28168E-03 -4.42969E-03  6.16076E-03 -134.0266
     39   24  0.00000E+00  1.03217E-02  1.08649E-04  6.95353E-03 -4.50288E-03 -4.53164E-03  6.38841E-03 -134.8176
     40   25  0.00000E+00  2.07520E-02  1.08649E-04  1.39071E-02 -4.90999E-03 -4.71218E-03  6.80534E-03 -136.1777
     41   26  0.00000E+00  4.11071E-02  1.08649E-04  2.68033E-02 -5.54048E-03 -4.94954E-03  7.42932E-03 -138.2243
     42   26  0.00000E+00  6.79105E-02  1.08649E-04  2.68033E-02 -6.07243E-03 -5.05955E-03  7.90401E-03 -140.1990
     43   26  0.00000E+00  9.47138E-02  1.08649E-04  2.68033E-02 -6.17342E-03 -4.89180E-03  7.87660E-03 -141.6068
     44   26  0.00000E+00  1.21517E-01  1.08649E-04  2.68033E-02 -5.82465E-03 -4.45104E-03  7.33064E-03 -142.6139
     45   26  0.00000E+00  1.48320E-01  1.08649E-04  2.68033E-02 -5.04648E-03 -3.76024E-03  6.29336E-03 -143.3094
     46   26  0.00000E+00  1.75124E-01  1.08649E-04  2.68033E-02 -3.89488E-03 -2.85658E-03  4.83012E-03 -143.7430
     47   26  0.00000E+00  2.01927E-01  1.08649E-04  2.68033E-02 -2.45596E-03 -1.78825E-03  3.03802E-03 -143.9406
     48   26  0.00000E+00  2.28730E-01  1.08649E-04  2.68033E-02 -8.38558E-04 -6.09769E-04  1.03682E-03 -143.9767
     49   27 -5.43245E-05  0.00000E+00  1.08649E-04  1.08649E-04 -4.06214E-03 -4.33158E-03  5.93831E-03 -133.1614
     50   28 -2.17298E-04  0.00000E+00  1.08649E-04  2.17298E-04 -4.06773E-03 -4.33369E-03  5.94368E-03 -133.1868
     51   29 -5.43245E-04  0.00000E+00  1.08649E-04  4.34596E-04 -4.08136E-03 -4.33916E-03  5.95700E-03 -133.2464
     52   30 -1.19514E-03  0.00000E+00  1.08649E-04  8.69192E-04 -4.10991E-03 -4.35140E-03  5.98548E-03 -133.3652
     53   31 -2.49893E-03  0.00000E+00  1.08649E-04  1.73838E-03 -4.16752E-03 -4.37723E-03  6.04387E-03 -133.5941
     54   32 -5.10650E-03  0.00000E+00  1.08649E-04  3.47677E-03 -4.28168E-03 -4.42969E-03  6.16076E-03 -134.0266
     55   33 -1.03217E-02  0.00000E+00  1.08649E-04  6.95353E-03 -4.50288E-03 -4.53164E-03  6.38841E-03 -134.8176
     56   34 -2.07520E-02  0.00000E+00  1.08649E-04  1.39071E-02 -4.90999E-03 -4.71218E-03  6.80534E-03 -136.1777
     57   35 -4.11071E-02  0.00000E+00  1.08649E-04  2.68033E-02 -5.54048E-03 -4.94954E-03  7.42932E-03 -138.2243
     58   35 -6.79105E-02  0.00000E+00  1.08649E-04  2.68033E-02 -6.07243E-03 -5.05955E-03  7.90401E-03 -140.1990
     59   35 -9.47138E-02  0.00000E+00  1.08649E-04  2.68033E-02 -6.17342E-03 -4.89180E-03  7.87660E-03 -141.6068
     60   35 -1.21517E-01  0.00000E+00  1.08649E-04  2.68033E-02 -5.82465E-03 -4.45104E-03  7.33064E-03 -142.6139
     61   35 -1.48320E-01  0.00000E+00  1.08649E-04  2.68033E-02 -5.04648E-03 -3.76024E-03  6.29336E-03 -143.3094
     62   35 -1.75124E-01  0.00000E+00  1.08649E-04  2.68033E-02 -3.89488E-03 -2.85658E-03  4.83012E-03 -143.7430
     63   35 -2.01927E-01  0.00000E+00  1.08649E-04  2.68033E-02 -2.45596E-03 -1.78825E-03  3.03802E-03 -143.9406
     64   35 -2.28730E-01  0.00000E+00  1.08649E-04  2.68033E-02 -8.38558E-04 -6.09769E-04  1.03682E-03 -143.9767
     65   36  0.00000E+00 -5.43245E-05  1.08649E-04  1.08649E-04 -4.06214E-03 -4.33158E-03  5.93831E-03 -133.1614
     66   37  0.00000E+00 -2.17298E-04  1.08649E-04  2.17298E-04 -4.06773E-03 -4.33369E-03  5.94368E-03 -133.1868
     67   38  0.00000E+00 -5.43245E-04  1.08649E-04  4.34596E-04 -4.08136E-03 -4.33916E-03  5.95700E-03 -133.2464
     68   39  0.00000E+00 -1.19514E-03  1.08649E-04  8.69192E-04 -4.10991E-03 -4.35140E-03  5.98548E-03 -133.3652
     69   40  0.00000E+00 -2.49893E-03  1.08649E-04  1.73838E-03 -4.16752E-03 -4.37723E-03  6.04387E-03 -133.5941
     70   41  0.00000E+00 -5.10650E-03  1.08649E-04  3.47677E-03 -4.28168E-03 -4.42969E-03  6.16076E-03 -134.0266
     71   42  0.00000E+00 -1.03217E-02  1.08649E-04  6.95353E-03 -4.50288E-03 -4.53164E-03  6.38841E-03 -134.8176
     72   43  0.00000E+00 -2.07520E-02  1.08649E-04  1.39071E-02 -4.90999E-03 -4.71218E-03  6.80534E-03 -136.1777
     73   44  0.00000E+00 -4.11071E-02  1.08649E-04  2.68033E-02 -5.54048E-03 -4.94954E-03  7.42932E-03 -138.2243
     74   44  0.00000E+00 -6.79105E-02  1.08649E-04  2.68033E-02 -6.07243E-03 -5.05955E-03  7.90401E-03 -140.1990
     75   44  0.00000E+00 -9.47138E-02  1.08649E-04  2.68033E-02 -6.17342E-03 -4.89180E-03  7.87660E-03 -141.6068
     76   44  0.00000E+00 -1.21517E-01  1.08649E-04  2.68033E-02 -5.82465E-03 -4.45104E-03  7.33064E-03 -142.6139
     77   44  0.00000E+00 -1.48320E-01  1.08649E-04  2.68033E-02 -5.04648E-03 -3.76024E-03  6.29336E-03 -143.3094
     78   44  0.00000E+00 -1.75124E-01  1.08649E-04  2.68033E-02 -3.89488E-03 -2.85658E-03  4.83012E-03 -143.7430
     79   44  0.00000E+00 -2.01927E-01  1.08649E-04  2.68033E-02 -2.45596E-03 -1.78825E-03  3.03802E-03 -143.9406
     80   44  0.00000E+00 -2.28730E-01  1.08649E-04  2.68033E-02 -8.38558E-04 -6.09769E-04  1.03682E-03 -143.9767



                             - - - Wire Charge Densities - - -

                     Lengths normalized by wavelength (or 2.*pi/CABS(k))

  ELEM.  TAG          Coord. of Seg. Center           Seg.        Charge Density (C/m)
   No.   No.     X            Y            Z          Length        Mag.         Phase
      1    1  0.00000E+00  0.00000E+00  1.62974E-04  1.08649E-04  7.08823E-12  -77.2003
      2    1  0.00000E+00  0.00000E+00  2.71622E-04  1.08649E-04  1.24810E-11 -101.3542
      3    1  0.00000E+00  0.00000E+00  3.80271E-04  1.08649E-04  3.31757E-11  -22.9703
      4    2  0.00000E+00  0.00000E+00  6.51894E-04  4.34596E-04  2.64607E-11  -30.1400
      5    3  0.00000E+00  0.00000E+00  1.30379E-03  8.69192E-04  2.42295E-11  -32.4029
      6    4  0.00000E+00  0.00000E+00  2.60758E-03  1.73838E-03  2.28197E-11  -33.3179
      7    5  0.00000E+00  0.00000E+00  5.21515E-03  3.47677E-03  2.22653E-11  -34.0340
      8    6  0.00000E+00  0.00000E+00  1.04303E-02  6.95353E-03  2.31588E-11  -35.1486
      9    7  0.00000E+00  0.00000E+00  2.08606E-02  1.39071E-02  2.66917E-11  -37.0314
     10    8  0.00000E+00  0.00000E+00  4.13487E-02  2.70691E-02  3.49564E-11  -39.5684
     11    8  0.00000E+00  0.00000E+00  6.84178E-02  2.70691E-02  4.59667E-11  -41.5102
     12    8  0.00000E+00  0.00000E+00  9.54869E-02  2.70691E-02  5.61222E-11  -42.7194
     13    8  0.00000E+00  0.00000E+00  1.22556E-01  2.70691E-02  6.50740E-11  -43.5688
     14    8  0.00000E+00  0.00000E+00  1.49625E-01  2.70691E-02  7.26754E-11  -44.2192
     15    8  0.00000E+00  0.00000E+00  1.76694E-01  2.70691E-02  7.91374E-11  -44.7531
     16    8  0.00000E+00  0.00000E+00  2.03763E-01  2.70691E-02  8.68538E-11  -45.2219
     17    9  5.43245E-05  0.00000E+00  1.08649E-04  1.08649E-04  1.37152E-11  -69.4912
     18   10  2.17298E-04  0.00000E+00  1.08649E-04  2.17298E-04  2.23410E-11  -69.2514
     19   11  5.43245E-04  0.00000E+00  1.08649E-04  4.34596E-04  2.47245E-11  -67.6541
     20   12  1.19514E-03  0.00000E+00  1.08649E-04  8.69192E-04  2.55781E-11  -66.3805
     21   13  2.49893E-03  0.00000E+00  1.08649E-04  1.73838E-03  2.57721E-11  -65.5874
     22   14  5.10650E-03  0.00000E+00  1.08649E-04  3.47677E-03  2.54827E-11  -65.1813
     23   15  1.03217E-02  0.00000E+00  1.08649E-04  6.95353E-03  2.44489E-11  -65.2954
     24   16  2.07520E-02  0.00000E+00  1.08649E-04  1.39071E-02  2.17772E-11  -66.5275
     25   17  4.11071E-02  0.00000E+00  1.08649E-04  2.68033E-02  1.54112E-11  -71.4539
     26   17  6.79105E-02  0.00000E+00  1.08649E-04  2.68033E-02  6.48393E-12  -94.8141
     27   17  9.47138E-02  0.00000E+00  1.08649E-04  2.68033E-02  6.57823E-12  158.0323
     28   17  1.21517E-01  0.00000E+00  1.08649E-04  2.68033E-02  1.60608E-11  135.0105
     29   17  1.48320E-01  0.00000E+00  1.08649E-04  2.68033E-02  2.52047E-11  129.4212
     30   17  1.75124E-01  0.00000E+00  1.08649E-04  2.68033E-02  3.27925E-11  127.1225
     31   17  2.01927E-01  0.00000E+00  1.08649E-04  2.68033E-02  3.82014E-11  126.1369
     32   17  2.28730E-01  0.00000E+00  1.08649E-04  2.68033E-02  4.10709E-11  126.0233
     33   18  0.00000E+00  5.43245E-05  1.08649E-04  1.08649E-04  1.37152E-11  -69.4912
     34   19  0.00000E+00  2.17298E-04  1.08649E-04  2.17298E-04  2.23410E-11  -69.2514
     35   20  0.00000E+00  5.43245E-04  1.08649E-04  4.34596E-04  2.47245E-11  -67.6541
     36   21  0.00000E+00  1.19514E-03  1.08649E-04  8.69192E-04  2.55781E-11  -66.3805
     37   22  0.00000E+00  2.49893E-03  1.08649E-04  1.73838E-03  2.57721E-11  -65.5874
     38   23  0.00000E+00  5.10650E-03  1.08649E-04  3.47677E-03  2.54827E-11  -65.1813
     39   24  0.00000E+00  1.03217E-02  1.08649E-04  6.95353E-03  2.44489E-11  -65.2954
     40   25  0.00000E+00  2.07520E-02  1.08649E-04  1.39071E-02  2.17772E-11  -66.5275
     41   26  0.00000E+00  4.11071E-02  1.08649E-04  2.68033E-02  1.54112E-11  -71.4539
     42   26  0.00000E+00  6.79105E-02  1.08649E-04  2.68033E-02  6.48393E-12  -94.8141
     43   26  0.00000E+00  9.47138E-02  1.08649E-04  2.68033E-02  6.57823E-12  158.0323
     44   26  0.00000E+00  1.21517E-01  1.08649E-04  2.68033E-02  1.60608E-11  135.0105
     45   26  0.00000E+00  1.48320E-01  1.08649E-04  2.68033E-02  2.52047E-11  129.4212
     46   26  0.00000E+00  1.75124E-01  1.08649E-04  2.68033E-02  3.27925E-11  127.1225
     47   26  0.00000E+00  2.01927E-01  1.08649E-04  2.68033E-02  3.82014E-11  126.1369
     48   26  0.00000E+00  2.28730E-01  1.08649E-04  2.68033E-02  4.10709E-11  126.0233
     49   27 -5.43245E-05  0.00000E+00  1.08649E-04  1.08649E-04  1.37152E-11  -69.4912
     50   28 -2.17298E-04  0.00000E+00  1.08649E-04  2.17298E-04  2.23410E-11  -69.2514
     51   29 -5.43245E-04  0.00000E+00  1.08649E-04  4.34596E-04  2.47245E-11  -67.6541
     52   30 -1.19514E-03  0.00000E+00  1.08649E-04  8.69192E-04  2.55781E-11  -66.3805
     53   31 -2.49893E-03  0.00000E+00  1.08649E-04  1.73838E-03  2.57721E-11  -65.5874
     54   32 -5.10650E-03  0.00000E+00  1.08649E-04  3.47677E-03  2.54827E-11  -65.1813
     55   33 -1.03217E-02  0.00000E+00  1.08649E-04  6.95353E-03  2.44489E-11  -65.2954
     56   34 -2.07520E-02  0.00000E+00  1.08649E-04  1.39071E-02  2.17772E-11  -66.5275
     57   35 -4.11071E-02  0.00000E+00  1.08649E-04  2.68033E-02  1.54112E-11  -71.4539
     58   35 -6.79105E-02  0.00000E+00  1.08649E-04  2.68033E-02  6.48393E-12  -94.8141
     59   35 -9.47138E-02  0.00000E+00  1.08649E-04  2.68033E-02  6.57823E-12  158.0323
     60   35 -1.21517E-01  0.00000E+00  1.08649E-04  2.68033E-02  1.60608E-11  135.0105
     61   35 -1.48320E-01  0.00000E+00  1.08649E-04  2.68033E-02  2.52047E-11  129.4212
     62   35 -1.75124E-01  0.00000E+00  1.08649E-04  2.68033E-02  3.27925E-11  127.1225
     63   35 -2.01927E-01  0.00000E+00  1.08649E-04  2.68033E-02  3.82014E-11  126.1369
     64   35 -2.28730E-01  0.00000E+00  1.08649E-04  2.68033E-02  4.10709E-11  126.0233
     65   36  0.00000E+00 -5.43245E-05  1.08649E-04  1.08649E-04  1.37152E-11  -69.4912
     66   37  0.00000E+00 -2.17298E-04  1.08649E-04  2.17298E-04  2.23410E-11  -69.2514
     67   38  0.00000E+00 -5.43245E-04  1.08649E-04  4.34596E-04  2.47245E-11  -67.6541
     68   39  0.00000E+00 -1.19514E-03  1.08649E-04  8.69192E-04  2.55781E-11  -66.3805
     69   40  0.00000E+00 -2.49893E-03  1.08649E-04  1.73838E-03  2.57721E-11  -65.5874
     70   41  0.00000E+00 -5.10650E-03  1.08649E-04  3.47677E-03  2.54827E-11  -65.1813
     71   42  0.00000E+00 -1.03217E-02  1.08649E-04  6.95353E-03  2.44489E-11  -65.2954
     72   43  0.00000E+00 -2.07520E-02  1.08649E-04  1.39071E-02  2.17772E-11  -66.5275
     73   44  0.00000E+00 -4.11071E-02  1.08649E-04  2.68033E-02  1.54112E-11  -71.4539
     74   44  0.00000E+00 -6.79105E-02  1.08649E-04  2.68033E-02  6.48393E-12  -94.8141
     75   44  0.00000E+00 -9.47138E-02  1.08649E-04  2.68033E-02  6.57823E-12  158.0323
     76   44  0.00000E+00 -1.21517E-01  1.08649E-04  2.68033E-02  1.60608E-11  135.0105
     77   44  0.00000E+00 -1.48320E-01  1.08649E-04  2.68033E-02  2.52047E-11  129.4212
     78   44  0.00000E+00 -1.75124E-01  1.08649E-04  2.68033E-02  3.27925E-11  127.1225
     79   44  0.00000E+00 -2.01927E-01  1.08649E-04  2.68033E-02  3.82014E-11  126.1369
     80   44  0.00000E+00 -2.28730E-01  1.08649E-04  2.68033E-02  4.10709E-11  126.0233



                                        - - - POWER BUDGET - - -

                                           INPUT POWER   = 1.1483E-02 WATTS
                                           RADIATED POWER= 1.1483E-02 WATTS
                                           WIRE LOSS     = 0.0000E+00 WATTS
                                           EFFICIENCY    = 100.00 PERCENT




 ***** INPUT LINE  6  EN   0    0    0    0  0.00000E+00  0.00000E+00  0.00000E+00  0.00000E+00  0.00000E+00  0.00000E+00

Sommerfeld integral tables written in previous run:
Potentials: 11 12 13 14 15 21 23 31 33
E and H:

 RUN TIME =     0.000
