1
 x13



                                ***********************************************
                                *                                             *
                                *  NUMERICAL ELECTROMAGNETICS CODE (NEC-5)    *
                                *                                             *
                                ***********************************************




                      **********************************************************

                          Dipole in free space                                                         
                                                                                                       
                          EZNEC Pro/2+ v. 7.0.4  2026-08-25 16:07:09                                   
                                                                                                       
                          ! Written by EZNEC/Pro+ v. 7.0 in NEC-5 format.                              
                                                                                                       

                      **********************************************************





                                 - - - STRUCTURE SPECIFICATION - - -

                                     COORDINATES MUST BE INPUT IN
                                     METERS OR BE SCALED TO METERS
                                     BEFORE STRUCTURE INPUT IS ENDED

 Model definition commands:

 GW    1    11  0.00000E+00 -2.50000E-01  0.00000E+00  0.00000E+00  2.50000E-01  0.00000E+00  5.00000E-04
 GE    0   -1

 Number of nodes :    12
 Number of wire elements :    11
 Number of patch elements:     0
 Number unknowns:    10




 ***** INPUT LINE  1  FR   0    1    0    0  3.43000E+02  0.00000E+00  0.00000E+00  0.00000E+00  0.00000E+00  0.00000E+00
 ***** INPUT LINE  2  GN  -1    0    0    0  0.00000E+00  0.00000E+00  0.00000E+00  0.00000E+00  0.00000E+00  0.00000E+00
 ***** INPUT LINE  3  EX   4    1    6    0  1.41421E+00  0.00000E+00  0.00000E+00  0.00000E+00  0.00000E+00  0.00000E+00
 ***** INPUT LINE  4  PQ   0    0    0    0  0.00000E+00  0.00000E+00  0.00000E+00  0.00000E+00  0.00000E+00  0.00000E+00
 ***** INPUT LINE  5  XQ   0    0    0    0  0.00000E+00  0.00000E+00  0.00000E+00  0.00000E+00  0.00000E+00  0.00000E+00




                                 - - - - - - FREQUENCY - - - - - -

                                    FREQUENCY= 3.4300E+02 MHZ
                                    WAVELENGTH= 8.7405E-01 METERS



                                  - - - ANTENNA ENVIRONMENT - - -

                                            FREE SPACE



                               - - - STRUCTURE IMPEDANCE LOADING - - -

                                   THIS STRUCTURE IS NOT LOADED
ALLOCATE CM:            100



                                - - - MATRIX TIMING - - -

                        FILL=    0.000 SEC.,  FACTOR=    0.000 SEC.



                                          - - - ANTENNA INPUT PARAMETERS - - -

   TAG   SEG.    VOLTAGE (VOLTS)         CURRENT (AMPS)         IMPEDANCE (OHMS)        ADMITTANCE (MHOS)      POWER
   NO.   NO.    REAL        IMAG.       REAL        IMAG.       REAL        IMAG.       REAL        IMAG.     (WATTS)
   1     6 1  1.8381E+02  2.6635E+02  1.4142E+00  0.0000E+00  1.2997E+02  1.8834E+02  2.4821E-03 -3.5967E-03  1.2997E+02



                                       - - - Wire Currents - - -

                             Lengths normalized by wavelength (or 2.*pi/CABS(k))

  Elem.  Tag            Coord. of seg. center          Seg.            - - - Current (Amps) - - -
   No.   No.     X            Y            Z           Length       Real         Imag.        Mag.         Phase
      1    1  0.00000E+00 -2.60022E-01  0.00000E+00  5.20044E-02  2.87857E-01 -5.41674E-02  2.92909E-01  -10.6570
      2    1  0.00000E+00 -2.08017E-01  0.00000E+00  5.20044E-02  8.05083E-01 -1.41489E-01  8.17421E-01   -9.9676
      3    1  0.00000E+00 -1.56013E-01  0.00000E+00  5.20044E-02  1.20361E+00 -1.87404E-01  1.21811E+00   -8.8500
      4    1  0.00000E+00 -1.04009E-01  0.00000E+00  5.20044E-02  1.46801E+00 -1.91057E-01  1.48039E+00   -7.4152
      5    1  0.00000E+00 -5.20044E-02  0.00000E+00  5.20044E-02  1.57432E+00 -1.50301E-01  1.58148E+00   -5.4535
      6    1  0.00000E+00  3.96938E-17  0.00000E+00  5.20044E-02  1.49981E+00 -5.93268E-02  1.50098E+00   -2.2652
      7    1  0.00000E+00  5.20044E-02  0.00000E+00  5.20044E-02  1.41971E+00 -4.26282E-02  1.42035E+00   -1.7198
      8    1  0.00000E+00  1.04009E-01  0.00000E+00  5.20044E-02  1.34153E+00 -1.02050E-01  1.34541E+00   -4.3501
      9    1  0.00000E+00  1.56013E-01  0.00000E+00  5.20044E-02  1.10389E+00 -1.16541E-01  1.11003E+00   -6.0265
     10    1  0.00000E+00  2.08017E-01  0.00000E+00  5.20044E-02  7.39603E-01 -9.45264E-02  7.45619E-01   -7.2833
     11    1  0.00000E+00  2.60022E-01  0.00000E+00  5.20044E-02  2.64636E-01 -3.74073E-02  2.67267E-01   -8.0457



                             - - - Wire Charge Densities - - -

                     Lengths normalized by wavelength (or 2.*pi/CABS(k))

  ELEM.  TAG          Coord. of Seg. Center           Seg.        Charge Density (C/m)
   No.   No.     X            Y            Z          Length        Mag.         Phase
      1    1  0.00000E+00 -2.60022E-01  0.00000E+00  5.20044E-02  5.98014E-09   79.3430
      2    1  0.00000E+00 -2.08017E-01  0.00000E+00  5.20044E-02  4.73156E-09   81.7753
      3    1  0.00000E+00 -1.56013E-01  0.00000E+00  5.20044E-02  3.46342E-09   85.6856
      4    1  0.00000E+00 -1.04009E-01  0.00000E+00  5.20044E-02  1.95331E-09   95.4631
      5    1  0.00000E+00 -5.20044E-02  0.00000E+00  5.20044E-02  6.84554E-10  160.7114
      6    1  0.00000E+00  3.96938E-17  0.00000E+00  5.20044E-02  2.12623E-09 -124.7269
      7    1  0.00000E+00  5.20044E-02  0.00000E+00  5.20044E-02  8.77529E-10    7.3528
      8    1  0.00000E+00  1.04009E-01  0.00000E+00  5.20044E-02  1.74255E-09  -78.6525
      9    1  0.00000E+00  1.56013E-01  0.00000E+00  5.20044E-02  3.14364E-09  -90.8568
     10    1  0.00000E+00  2.08017E-01  0.00000E+00  5.20044E-02  4.31301E-09  -95.3541
     11    1  0.00000E+00  2.60022E-01  0.00000E+00  5.20044E-02  5.45662E-09  -98.0457



                                        - - - POWER BUDGET - - -

                                           INPUT POWER   = 1.2997E+02 WATTS
                                           RADIATED POWER= 1.2997E+02 WATTS
                                           WIRE LOSS     = 0.0000E+00 WATTS
                                           EFFICIENCY    = 100.00 PERCENT




 ***** INPUT LINE  6  EN   0    0    0    0  0.00000E+00  0.00000E+00  0.00000E+00  0.00000E+00  0.00000E+00  0.00000E+00

 RUN TIME =     0.016
