1
 x13



                                ***********************************************
                                *                                             *
                                *  NUMERICAL ELECTROMAGNETICS CODE (NEC-5)    *
                                *                                             *
                                ***********************************************




                      **********************************************************

                          Dipole in free space                                                         
                                                                                                       
                          EZNEC Pro/2+ v. 7.0.4  2026-08-25 16:07:06                                   
                                                                                                       
                          ! Written by EZNEC/Pro+ v. 7.0 in NEC-5 format.                              
                                                                                                       

                      **********************************************************





                                 - - - STRUCTURE SPECIFICATION - - -

                                     COORDINATES MUST BE INPUT IN
                                     METERS OR BE SCALED TO METERS
                                     BEFORE STRUCTURE INPUT IS ENDED

 Model definition commands:

 GW    1    11  0.00000E+00 -2.50000E-01  0.00000E+00  0.00000E+00  2.50000E-01  0.00000E+00  5.00000E-04
 GE    0   -1

 Number of nodes :    12
 Number of wire elements :    11
 Number of patch elements:     0
 Number unknowns:    10




 ***** INPUT LINE  1  FR   0    1    0    0  3.30000E+02  0.00000E+00  0.00000E+00  0.00000E+00  0.00000E+00  0.00000E+00
 ***** INPUT LINE  2  GN  -1    0    0    0  0.00000E+00  0.00000E+00  0.00000E+00  0.00000E+00  0.00000E+00  0.00000E+00
 ***** INPUT LINE  3  EX   4    1    6    0  1.41421E+00  0.00000E+00  0.00000E+00  0.00000E+00  0.00000E+00  0.00000E+00
 ***** INPUT LINE  4  PQ   0    0    0    0  0.00000E+00  0.00000E+00  0.00000E+00  0.00000E+00  0.00000E+00  0.00000E+00
 ***** INPUT LINE  5  XQ   0    0    0    0  0.00000E+00  0.00000E+00  0.00000E+00  0.00000E+00  0.00000E+00  0.00000E+00




                                 - - - - - - FREQUENCY - - - - - -

                                    FREQUENCY= 3.3000E+02 MHZ
                                    WAVELENGTH= 9.0848E-01 METERS



                                  - - - ANTENNA ENVIRONMENT - - -

                                            FREE SPACE



                               - - - STRUCTURE IMPEDANCE LOADING - - -

                                   THIS STRUCTURE IS NOT LOADED
ALLOCATE CM:            100



                                - - - MATRIX TIMING - - -

                        FILL=    0.000 SEC.,  FACTOR=    0.000 SEC.



                                          - - - ANTENNA INPUT PARAMETERS - - -

   TAG   SEG.    VOLTAGE (VOLTS)         CURRENT (AMPS)         IMPEDANCE (OHMS)        ADMITTANCE (MHOS)      POWER
   NO.   NO.    REAL        IMAG.       REAL        IMAG.       REAL        IMAG.       REAL        IMAG.     (WATTS)
   1     6 1  1.5843E+02  1.9716E+02  1.4142E+00  0.0000E+00  1.1203E+02  1.3942E+02  3.5023E-03 -4.3585E-03  1.1203E+02



                                       - - - Wire Currents - - -

                             Lengths normalized by wavelength (or 2.*pi/CABS(k))

  Elem.  Tag            Coord. of seg. center          Seg.            - - - Current (Amps) - - -
   No.   No.     X            Y            Z           Length       Real         Imag.        Mag.         Phase
      1    1  0.00000E+00 -2.50167E-01  0.00000E+00  5.00334E-02  2.68275E-01 -4.45323E-02  2.71946E-01   -9.4249
      2    1  0.00000E+00 -2.00133E-01  0.00000E+00  5.00334E-02  7.51961E-01 -1.16133E-01  7.60876E-01   -8.7794
      3    1  0.00000E+00 -1.50100E-01  0.00000E+00  5.00334E-02  1.12985E+00 -1.53585E-01  1.14024E+00   -7.7410
      4    1  0.00000E+00 -1.00067E-01  0.00000E+00  5.00334E-02  1.39002E+00 -1.56553E-01  1.39881E+00   -6.4259
      5    1  0.00000E+00 -5.00334E-02  0.00000E+00  5.00334E-02  1.51142E+00 -1.23308E-01  1.51644E+00   -4.6641
      6    1  0.00000E+00  3.81894E-17  0.00000E+00  5.00334E-02  1.47467E+00 -4.87393E-02  1.47548E+00   -1.8930
      7    1  0.00000E+00  5.00334E-02  0.00000E+00  5.00334E-02  1.40308E+00 -3.56519E-02  1.40353E+00   -1.4556
      8    1  0.00000E+00  1.00067E-01  0.00000E+00  5.00334E-02  1.30277E+00 -8.53800E-02  1.30556E+00   -3.7497
      9    1  0.00000E+00  1.50100E-01  0.00000E+00  5.00334E-02  1.06176E+00 -9.76129E-02  1.06624E+00   -5.2527
     10    1  0.00000E+00  2.00133E-01  0.00000E+00  5.00334E-02  7.07543E-01 -7.93444E-02  7.11978E-01   -6.3985
     11    1  0.00000E+00  2.50167E-01  0.00000E+00  5.00334E-02  2.52573E-01 -3.14596E-02  2.54525E-01   -7.1000



                             - - - Wire Charge Densities - - -

                     Lengths normalized by wavelength (or 2.*pi/CABS(k))

  ELEM.  TAG          Coord. of Seg. Center           Seg.        Charge Density (C/m)
   No.   No.     X            Y            Z          Length        Mag.         Phase
      1    1  0.00000E+00 -2.50167E-01  0.00000E+00  5.00334E-02  5.77087E-09   80.5751
      2    1  0.00000E+00 -2.00133E-01  0.00000E+00  5.00334E-02  4.60713E-09   82.8378
      3    1  0.00000E+00 -1.50100E-01  0.00000E+00  5.00334E-02  3.45491E-09   86.3431
      4    1  0.00000E+00 -1.00067E-01  0.00000E+00  5.00334E-02  2.07907E-09   94.3413
      5    1  0.00000E+00 -5.00334E-02  0.00000E+00  5.00334E-02  7.44000E-10  137.4516
      6    1  0.00000E+00  3.81894E-17  0.00000E+00  5.00334E-02  1.64794E-09 -128.8746
      7    1  0.00000E+00  5.00334E-02  0.00000E+00  5.00334E-02  7.92587E-10  -17.3424
      8    1  0.00000E+00  1.00067E-01  0.00000E+00  5.00334E-02  1.91591E-09  -81.0305
      9    1  0.00000E+00  1.50100E-01  0.00000E+00  5.00334E-02  3.22202E-09  -90.6956
     10    1  0.00000E+00  2.00133E-01  0.00000E+00  5.00334E-02  4.30911E-09  -94.6396
     11    1  0.00000E+00  2.50167E-01  0.00000E+00  5.00334E-02  5.40119E-09  -97.1000



                                        - - - POWER BUDGET - - -

                                           INPUT POWER   = 1.1203E+02 WATTS
                                           RADIATED POWER= 1.1203E+02 WATTS
                                           WIRE LOSS     = 0.0000E+00 WATTS
                                           EFFICIENCY    = 100.00 PERCENT




 ***** INPUT LINE  6  EN   0    0    0    0  0.00000E+00  0.00000E+00  0.00000E+00  0.00000E+00  0.00000E+00  0.00000E+00

 RUN TIME =     0.016
