1
 x13



                                ***********************************************
                                *                                             *
                                *  NUMERICAL ELECTROMAGNETICS CODE (NEC-5)    *
                                *                                             *
                                ***********************************************




                      **********************************************************

                          Cardioid with feed system                                                    
                                                                                                       
                          EZNEC Pro/2+ v. 7.0.4  2026-08-20 20:18:18                                   
                                                                                                       
                          ! Written by EZNEC/Pro+ v. 7.0 in NEC-5 format.                              
                                                                                                       
                          ! *Wire #3 for virtual segments.                                             
                                                                                                       

                      **********************************************************





                                 - - - STRUCTURE SPECIFICATION - - -

                                     COORDINATES MUST BE INPUT IN
                                     METERS OR BE SCALED TO METERS
                                     BEFORE STRUCTURE INPUT IS ENDED

 Model definition commands:

 GW    1    30  0.00000E+00  0.00000E+00  0.00000E+00  0.00000E+00  0.00000E+00  1.00584E+01  1.27000E-02
 GW    2    30  1.04823E+01  0.00000E+00  0.00000E+00  1.04823E+01  0.00000E+00  1.00584E+01  1.27000E-02
 GW    3     2  4.19290E+03  4.19290E+03  4.23483E+03  4.19298E+03  4.19298E+03  4.23491E+03  4.19290E-03
 GE    1   -1

   GROUND PLANE SPECIFIED.

   WHERE WIRE ENDS TOUCH GROUND, CURRENT WILL BE INTERPOLATED TO IMAGE IN GROUND PLANE.


 Number of nodes :    65
 Number of wire elements :    62
 Number of patch elements:     0
 Number unknowns:    61




 ***** INPUT LINE  1  LD   4    1   -1    0  1.80000E+01  0.00000E+00  0.00000E+00  0.00000E+00  0.00000E+00  0.00000E+00
 ***** INPUT LINE  2  LD   4    2   -1    0  1.80000E+01  0.00000E+00  0.00000E+00  0.00000E+00  0.00000E+00  0.00000E+00
 ***** INPUT LINE  3  LD   4    3    1    0  1.00000E+10  0.00000E+00  0.00000E+00  0.00000E+00  0.00000E+00  0.00000E+00
 ***** INPUT LINE  4  FR   0    1    0    0  7.15000E+00  0.00000E+00  0.00000E+00  0.00000E+00  0.00000E+00  0.00000E+00
 ***** INPUT LINE  5  GD   0    0    0    0  1.30000E+01  5.00000E-03  1.00000E+00  0.00000E+00  0.00000E+00  0.00000E+00
 ***** INPUT LINE  6  EX   4    3    1    0  1.41421E+00  0.00000E+00  0.00000E+00  0.00000E+00  0.00000E+00  0.00000E+00
 ***** INPUT LINE  7  TL   3    1    1   -1  7.50000E+01  8.01347E+00  0.00000E+00  0.00000E+00  0.00000E+00  0.00000E+00
 ***** INPUT LINE  8  TL   3    1    2   -1  7.50000E+01  1.81725E+01  0.00000E+00  0.00000E+00  0.00000E+00  0.00000E+00
 ***** INPUT LINE  9  PQ   0    0    0    0  0.00000E+00  0.00000E+00  0.00000E+00  0.00000E+00  0.00000E+00  0.00000E+00
 ***** INPUT LINE 10  XQ   0    0    0    0  0.00000E+00  0.00000E+00  0.00000E+00  0.00000E+00  0.00000E+00  0.00000E+00




                                 - - - - - - FREQUENCY - - - - - -

                                    FREQUENCY= 7.1500E+00 MHZ
                                    WAVELENGTH= 4.1930E+01 METERS



                                  - - - ANTENNA ENVIRONMENT - - -


 GMPINO: EPSC from file = 1.30000E+01-1.28034E+01
              should be  1.30000E+01-1.25706E+01
 Will compute Sommerfeld-ground tables
                                        FINITE GROUND.  SOMMERFELD SOLUTION
                                        RELATIVE DIELECTRIC CONST.= 13.000
                                        CONDUCTIVITY= 5.000E-03 MHOS/METER
                                        COMPLEX DIELECTRIC CONSTANT= 1.30000E+01-1.25706E+01



                               - - - STRUCTURE IMPEDANCE LOADING - - -


       LOCATION          RESISTANCE   INDUCTANCE  CAPACITANCE       IMPEDANCE (OHMS)     CONDUCTIVITY    TYPE
    ITAG FROM THRU          OHMS        HENRYS       FARADS        REAL      IMAGINARY    MHOS/METER

       1    1    1                                             1.8000E+01                             FIXED IMPEDANCE 
       2    1    1                                             1.8000E+01                             FIXED IMPEDANCE 
       3    1    1                                             1.0000E+10                             FIXED IMPEDANCE 
ALLOCATE CM:           3721



                                - - - MATRIX TIMING - - -

                        FILL=    0.000 SEC.,  FACTOR=    0.000 SEC.



                                            - - - NETWORK DATA - - -

      - FROM -    - TO -           TRANSMISSION LINE               -  -  SHUNT ADMITTANCES (MHOS)  -  -              LINE
      TAG  SEG.   TAG  SEG.      IMPEDANCE      LENGTH            - END ONE -                 - END TWO -            TYPE
      NO.   NO.   NO.   NO.         OHMS        METERS         REAL          IMAG.         REAL          IMAG.
        3    61     1    -1     7.5000E+01    8.0135E+00    0.0000E+00    0.0000E+00    0.0000E+00    0.0000E+00   STRAIGHT
        3    61     2   -31     7.5000E+01    1.8173E+01    0.0000E+00    0.0000E+00    0.0000E+00    0.0000E+00   STRAIGHT



                           - - - STRUCTURE EXCITATION DATA AT NETWORK CONNECTION POINTS - - -

   TAG   SEG.    VOLTAGE (VOLTS)         CURRENT (AMPS)         IMPEDANCE (OHMS)        ADMITTANCE (MHOS)      POWER
   NO.   NO.    REAL        IMAG.       REAL        IMAG.       REAL        IMAG.       REAL        IMAG.     (WATTS)
   3    61 1  4.8313E+01  1.8520E+01  4.8313E-09  1.8520E-09  1.0000E+10 -2.5985E+04  1.0000E-10  2.5985E-16  1.3386E-07
   1     1 2  2.9126E+00 -3.4671E+01  4.4415E-01 -6.7586E-01  3.7805E+01 -2.0535E+01  2.0425E-02  1.1095E-02  1.2363E+01
   2    31 2 -3.7799E+01 -4.1992E+01 -6.5129E-01 -4.5198E-01  6.9372E+01  1.6333E+01  1.3658E-02 -3.2155E-03  2.1799E+01



                                          - - - ANTENNA INPUT PARAMETERS - - -

   TAG   SEG.    VOLTAGE (VOLTS)         CURRENT (AMPS)         IMPEDANCE (OHMS)        ADMITTANCE (MHOS)      POWER
   NO.   NO.    REAL        IMAG.       REAL        IMAG.       REAL        IMAG.       REAL        IMAG.     (WATTS)
   3    61 1  4.8313E+01  1.8520E+01  1.4142E+00  0.0000E+00  3.4162E+01  1.3096E+01  2.5522E-02 -9.7835E-03  3.4162E+01



                                       - - - Wire Currents - - -

                             Lengths normalized by wavelength (or 2.*pi/CABS(k))

  Elem.  Tag            Coord. of seg. center          Seg.            - - - Current (Amps) - - -
   No.   No.     X            Y            Z           Length       Real         Imag.        Mag.         Phase
      1    1  0.00000E+00  0.00000E+00  3.99809E-03  7.99617E-03  4.40853E-01 -6.74754E-01  8.06005E-01  -56.8413
      2    1  0.00000E+00  0.00000E+00  1.19943E-02  7.99617E-03  4.34642E-01 -6.71913E-01  8.00238E-01  -57.1023
      3    1  0.00000E+00  0.00000E+00  1.99904E-02  7.99617E-03  4.28575E-01 -6.67671E-01  7.93386E-01  -57.3038
      4    1  0.00000E+00  0.00000E+00  2.79866E-02  7.99617E-03  4.21926E-01 -6.61868E-01  7.84915E-01  -57.4834
      5    1  0.00000E+00  0.00000E+00  3.59828E-02  7.99617E-03  4.14570E-01 -6.54486E-01  7.74739E-01  -57.6486
      6    1  0.00000E+00  0.00000E+00  4.39789E-02  7.99617E-03  4.06459E-01 -6.45525E-01  7.62831E-01  -57.8032
      7    1  0.00000E+00  0.00000E+00  5.19751E-02  7.99617E-03  3.97573E-01 -6.34997E-01  7.49190E-01  -57.9492
      8    1  0.00000E+00  0.00000E+00  5.99713E-02  7.99617E-03  3.87910E-01 -6.22917E-01  7.33825E-01  -58.0882
      9    1  0.00000E+00  0.00000E+00  6.79675E-02  7.99617E-03  3.77475E-01 -6.09307E-01  7.16759E-01  -58.2212
     10    1  0.00000E+00  0.00000E+00  7.59636E-02  7.99617E-03  3.66280E-01 -5.94194E-01  6.98017E-01  -58.3490
     11    1  0.00000E+00  0.00000E+00  8.39598E-02  7.99617E-03  3.54341E-01 -5.77605E-01  6.77632E-01  -58.4723
     12    1  0.00000E+00  0.00000E+00  9.19560E-02  7.99617E-03  3.41676E-01 -5.59574E-01  6.55641E-01  -58.5917
     13    1  0.00000E+00  0.00000E+00  9.99521E-02  7.99617E-03  3.28308E-01 -5.40134E-01  6.32085E-01  -58.7076
     14    1  0.00000E+00  0.00000E+00  1.07948E-01  7.99617E-03  3.14261E-01 -5.19324E-01  6.07007E-01  -58.8204
     15    1  0.00000E+00  0.00000E+00  1.15944E-01  7.99617E-03  2.99560E-01 -4.97183E-01  5.80454E-01  -58.9304
     16    1  0.00000E+00  0.00000E+00  1.23941E-01  7.99617E-03  2.84233E-01 -4.73753E-01  5.52476E-01  -59.0379
     17    1  0.00000E+00  0.00000E+00  1.31937E-01  7.99617E-03  2.68307E-01 -4.49075E-01  5.23122E-01  -59.1432
     18    1  0.00000E+00  0.00000E+00  1.39933E-01  7.99617E-03  2.51810E-01 -4.23195E-01  4.92445E-01  -59.2464
     19    1  0.00000E+00  0.00000E+00  1.47929E-01  7.99617E-03  2.34772E-01 -3.96154E-01  4.60495E-01  -59.3479
     20    1  0.00000E+00  0.00000E+00  1.55925E-01  7.99617E-03  2.17220E-01 -3.67997E-01  4.27324E-01  -59.4477
     21    1  0.00000E+00  0.00000E+00  1.63922E-01  7.99617E-03  1.99181E-01 -3.38763E-01  3.92980E-01  -59.5459
     22    1  0.00000E+00  0.00000E+00  1.71918E-01  7.99617E-03  1.80679E-01 -3.08490E-01  3.57506E-01  -59.6429
     23    1  0.00000E+00  0.00000E+00  1.79914E-01  7.99617E-03  1.61736E-01 -2.77207E-01  3.20939E-01  -59.7386
     24    1  0.00000E+00  0.00000E+00  1.87910E-01  7.99617E-03  1.42365E-01 -2.44934E-01  2.83302E-01  -59.8332
     25    1  0.00000E+00  0.00000E+00  1.95906E-01  7.99617E-03  1.22570E-01 -2.11673E-01  2.44599E-01  -59.9267
     26    1  0.00000E+00  0.00000E+00  2.03902E-01  7.99617E-03  1.02339E-01 -1.77394E-01  2.04797E-01  -60.0193
     27    1  0.00000E+00  0.00000E+00  2.11899E-01  7.99617E-03  8.16253E-02 -1.42012E-01  1.63799E-01  -60.1107
     28    1  0.00000E+00  0.00000E+00  2.19895E-01  7.99617E-03  6.03146E-02 -1.05318E-01  1.21367E-01  -60.2008
     29    1  0.00000E+00  0.00000E+00  2.27891E-01  7.99617E-03  3.81142E-02 -6.67884E-02  7.68985E-02  -60.2879
     30    1  0.00000E+00  0.00000E+00  2.35887E-01  7.99617E-03  1.33693E-02 -2.34848E-02  2.70236E-02  -60.3482
     31    2  2.49994E-01  0.00000E+00  3.99809E-03  7.99617E-03 -6.55419E-01 -4.48198E-01  7.94012E-01 -145.6344
     32    2  2.49994E-01  0.00000E+00  1.19943E-02  7.99617E-03 -6.61431E-01 -4.41175E-01  7.95064E-01 -146.2967
     33    2  2.49994E-01  0.00000E+00  1.99904E-02  7.99617E-03 -6.63904E-01 -4.34490E-01  7.93442E-01 -146.7974
     34    2  2.49994E-01  0.00000E+00  2.79866E-02  7.99617E-03 -6.63944E-01 -4.27302E-01  7.89562E-01 -147.2354
     35    2  2.49994E-01  0.00000E+00  3.59828E-02  7.99617E-03 -6.61760E-01 -4.19465E-01  7.83503E-01 -147.6309
     36    2  2.49994E-01  0.00000E+00  4.39789E-02  7.99617E-03 -6.57457E-01 -4.10918E-01  7.75309E-01 -147.9941
     37    2  2.49994E-01  0.00000E+00  5.19751E-02  7.99617E-03 -6.51098E-01 -4.01639E-01  7.65012E-01 -148.3310
     38    2  2.49994E-01  0.00000E+00  5.99713E-02  7.99617E-03 -6.42732E-01 -3.91620E-01  7.52642E-01 -148.6458
     39    2  2.49994E-01  0.00000E+00  6.79675E-02  7.99617E-03 -6.32400E-01 -3.80863E-01  7.38232E-01 -148.9415
     40    2  2.49994E-01  0.00000E+00  7.59636E-02  7.99617E-03 -6.20142E-01 -3.69378E-01  7.21815E-01 -149.2206
     41    2  2.49994E-01  0.00000E+00  8.39598E-02  7.99617E-03 -6.05998E-01 -3.57177E-01  7.03426E-01 -149.4848
     42    2  2.49994E-01  0.00000E+00  9.19560E-02  7.99617E-03 -5.90005E-01 -3.44278E-01  6.83106E-01 -149.7358
     43    2  2.49994E-01  0.00000E+00  9.99521E-02  7.99617E-03 -5.72208E-01 -3.30699E-01  6.60896E-01 -149.9748
     44    2  2.49994E-01  0.00000E+00  1.07948E-01  7.99617E-03 -5.52647E-01 -3.16464E-01  6.36842E-01 -150.2031
     45    2  2.49994E-01  0.00000E+00  1.15944E-01  7.99617E-03 -5.31368E-01 -3.01595E-01  6.10992E-01 -150.4215
     46    2  2.49994E-01  0.00000E+00  1.23941E-01  7.99617E-03 -5.08418E-01 -2.86116E-01  5.83396E-01 -150.6310
     47    2  2.49994E-01  0.00000E+00  1.31937E-01  7.99617E-03 -4.83844E-01 -2.70053E-01  5.54106E-01 -150.8323
     48    2  2.49994E-01  0.00000E+00  1.39933E-01  7.99617E-03 -4.57695E-01 -2.53432E-01  5.23175E-01 -151.0261
     49    2  2.49994E-01  0.00000E+00  1.47929E-01  7.99617E-03 -4.30019E-01 -2.36279E-01  4.90657E-01 -151.2129
     50    2  2.49994E-01  0.00000E+00  1.55925E-01  7.99617E-03 -4.00865E-01 -2.18619E-01  4.56604E-01 -151.3933
     51    2  2.49994E-01  0.00000E+00  1.63922E-01  7.99617E-03 -3.70278E-01 -2.00476E-01  4.21066E-01 -151.5679
     52    2  2.49994E-01  0.00000E+00  1.71918E-01  7.99617E-03 -3.38299E-01 -1.81873E-01  3.84089E-01 -151.7371
     53    2  2.49994E-01  0.00000E+00  1.79914E-01  7.99617E-03 -3.04964E-01 -1.62827E-01  3.45710E-01 -151.9013
     54    2  2.49994E-01  0.00000E+00  1.87910E-01  7.99617E-03 -2.70293E-01 -1.43350E-01  3.05954E-01 -152.0608
     55    2  2.49994E-01  0.00000E+00  1.95906E-01  7.99617E-03 -2.34290E-01 -1.23443E-01  2.64821E-01 -152.2160
     56    2  2.49994E-01  0.00000E+00  2.03902E-01  7.99617E-03 -1.96922E-01 -1.03092E-01  2.22275E-01 -152.3672
     57    2  2.49994E-01  0.00000E+00  2.11899E-01  7.99617E-03 -1.58093E-01 -8.22471E-02  1.78207E-01 -152.5144
     58    2  2.49994E-01  0.00000E+00  2.19895E-01  7.99617E-03 -1.17566E-01 -6.07911E-02  1.32353E-01 -152.6574
     59    2  2.49994E-01  0.00000E+00  2.27891E-01  7.99617E-03 -7.47504E-02 -3.84266E-02  8.40490E-02 -152.7939
     60    2  2.49994E-01  0.00000E+00  2.35887E-01  7.99617E-03 -2.63317E-02 -1.34818E-02  2.95824E-02 -152.8877
     61    3  9.99980E+01  9.99980E+01  1.00998E+02  1.73494E-03  2.41563E-09  9.26015E-10  2.58704E-09   20.9740
     62    3  9.99990E+01  9.99990E+01  1.00999E+02  1.73494E-03  2.41563E-09  9.26015E-10  2.58704E-09   20.9740



                             - - - Wire Charge Densities - - -

                     Lengths normalized by wavelength (or 2.*pi/CABS(k))

  ELEM.  TAG          Coord. of Seg. Center           Seg.        Charge Density (C/m)
   No.   No.     X            Y            Z          Length        Mag.         Phase
      1    1  0.00000E+00  0.00000E+00  3.99809E-03  7.99617E-03  4.62047E-10 -108.5105
      2    1  0.00000E+00  0.00000E+00  1.19943E-02  7.99617E-03  4.49981E-10 -120.8033
      3    1  0.00000E+00  0.00000E+00  1.99904E-02  7.99617E-03  5.35225E-10 -128.4606
      4    1  0.00000E+00  0.00000E+00  2.79866E-02  7.99617E-03  6.37601E-10 -133.3379
      5    1  0.00000E+00  0.00000E+00  3.59828E-02  7.99617E-03  7.46717E-10 -136.6084
      6    1  0.00000E+00  0.00000E+00  4.39789E-02  7.99617E-03  8.58514E-10 -138.9251
      7    1  0.00000E+00  0.00000E+00  5.19751E-02  7.99617E-03  9.71030E-10 -140.6440
      8    1  0.00000E+00  0.00000E+00  5.99713E-02  7.99617E-03  1.08314E-09 -141.9688
      9    1  0.00000E+00  0.00000E+00  6.79675E-02  7.99617E-03  1.19409E-09 -143.0225
     10    1  0.00000E+00  0.00000E+00  7.59636E-02  7.99617E-03  1.30336E-09 -143.8828
     11    1  0.00000E+00  0.00000E+00  8.39598E-02  7.99617E-03  1.41054E-09 -144.6010
     12    1  0.00000E+00  0.00000E+00  9.19560E-02  7.99617E-03  1.51529E-09 -145.2121
     13    1  0.00000E+00  0.00000E+00  9.99521E-02  7.99617E-03  1.61734E-09 -145.7409
     14    1  0.00000E+00  0.00000E+00  1.07948E-01  7.99617E-03  1.71647E-09 -146.2051
     15    1  0.00000E+00  0.00000E+00  1.15944E-01  7.99617E-03  1.81247E-09 -146.6181
     16    1  0.00000E+00  0.00000E+00  1.23941E-01  7.99617E-03  1.90522E-09 -146.9897
     17    1  0.00000E+00  0.00000E+00  1.31937E-01  7.99617E-03  1.99461E-09 -147.3278
     18    1  0.00000E+00  0.00000E+00  1.39933E-01  7.99617E-03  2.08060E-09 -147.6382
     19    1  0.00000E+00  0.00000E+00  1.47929E-01  7.99617E-03  2.16319E-09 -147.9259
     20    1  0.00000E+00  0.00000E+00  1.55925E-01  7.99617E-03  2.24250E-09 -148.1945
     21    1  0.00000E+00  0.00000E+00  1.63922E-01  7.99617E-03  2.31874E-09 -148.4474
     22    1  0.00000E+00  0.00000E+00  1.71918E-01  7.99617E-03  2.39228E-09 -148.6870
     23    1  0.00000E+00  0.00000E+00  1.79914E-01  7.99617E-03  2.46375E-09 -148.9155
     24    1  0.00000E+00  0.00000E+00  1.87910E-01  7.99617E-03  2.53416E-09 -149.1348
     25    1  0.00000E+00  0.00000E+00  1.95906E-01  7.99617E-03  2.60523E-09 -149.3465
     26    1  0.00000E+00  0.00000E+00  2.03902E-01  7.99617E-03  2.67993E-09 -149.5520
     27    1  0.00000E+00  0.00000E+00  2.11899E-01  7.99617E-03  2.76401E-09 -149.7527
     28    1  0.00000E+00  0.00000E+00  2.19895E-01  7.99617E-03  2.87032E-09 -149.9499
     29    1  0.00000E+00  0.00000E+00  2.27891E-01  7.99617E-03  3.03423E-09 -150.1450
     30    1  0.00000E+00  0.00000E+00  2.35887E-01  7.99617E-03  3.58823E-09 -150.3482
     31    2  2.49994E-01  0.00000E+00  3.99809E-03  7.99617E-03  7.43474E-10 -132.4611
     32    2  2.49994E-01  0.00000E+00  1.19943E-02  7.99617E-03  4.97821E-10 -149.8829
     33    2  2.49994E-01  0.00000E+00  1.99904E-02  7.99617E-03  4.63685E-10 -170.2455
     34    2  2.49994E-01  0.00000E+00  2.79866E-02  7.99617E-03  5.02773E-10  171.6140
     35    2  2.49994E-01  0.00000E+00  3.59828E-02  7.99617E-03  5.84856E-10  158.2660
     36    2  2.49994E-01  0.00000E+00  4.39789E-02  7.99617E-03  6.89757E-10  149.0416
     37    2  2.49994E-01  0.00000E+00  5.19751E-02  7.99617E-03  8.06230E-10  142.6133
     38    2  2.49994E-01  0.00000E+00  5.99713E-02  7.99617E-03  9.28366E-10  137.9877
     39    2  2.49994E-01  0.00000E+00  6.79675E-02  7.99617E-03  1.05295E-09  134.5395
     40    2  2.49994E-01  0.00000E+00  7.59636E-02  7.99617E-03  1.17811E-09  131.8841
     41    2  2.49994E-01  0.00000E+00  8.39598E-02  7.99617E-03  1.30265E-09  129.7812
     42    2  2.49994E-01  0.00000E+00  9.19560E-02  7.99617E-03  1.42577E-09  128.0752
     43    2  2.49994E-01  0.00000E+00  9.99521E-02  7.99617E-03  1.54689E-09  126.6625
     44    2  2.49994E-01  0.00000E+00  1.07948E-01  7.99617E-03  1.66556E-09  125.4720
     45    2  2.49994E-01  0.00000E+00  1.15944E-01  7.99617E-03  1.78146E-09  124.4531
     46    2  2.49994E-01  0.00000E+00  1.23941E-01  7.99617E-03  1.89432E-09  123.5694
     47    2  2.49994E-01  0.00000E+00  1.31937E-01  7.99617E-03  2.00396E-09  122.7938
     48    2  2.49994E-01  0.00000E+00  1.39933E-01  7.99617E-03  2.11026E-09  122.1058
     49    2  2.49994E-01  0.00000E+00  1.47929E-01  7.99617E-03  2.21319E-09  121.4896
     50    2  2.49994E-01  0.00000E+00  1.55925E-01  7.99617E-03  2.31281E-09  120.9329
     51    2  2.49994E-01  0.00000E+00  1.63922E-01  7.99617E-03  2.40932E-09  120.4258
     52    2  2.49994E-01  0.00000E+00  1.71918E-01  7.99617E-03  2.50310E-09  119.9603
     53    2  2.49994E-01  0.00000E+00  1.79914E-01  7.99617E-03  2.59480E-09  119.5300
     54    2  2.49994E-01  0.00000E+00  1.87910E-01  7.99617E-03  2.68552E-09  119.1294
     55    2  2.49994E-01  0.00000E+00  1.95906E-01  7.99617E-03  2.77710E-09  118.7539
     56    2  2.49994E-01  0.00000E+00  2.03902E-01  7.99617E-03  2.87282E-09  118.3996
     57    2  2.49994E-01  0.00000E+00  2.11899E-01  7.99617E-03  2.97900E-09  118.0629
     58    2  2.49994E-01  0.00000E+00  2.19895E-01  7.99617E-03  3.10980E-09  117.7405
     59    2  2.49994E-01  0.00000E+00  2.27891E-01  7.99617E-03  3.30420E-09  117.4291
     60    2  2.49994E-01  0.00000E+00  2.35887E-01  7.99617E-03  3.92798E-09  117.1123
     61    3  9.99980E+01  9.99980E+01  1.00998E+02  1.73494E-03  1.58320E-15  110.9740
     62    3  9.99990E+01  9.99990E+01  1.00999E+02  1.73494E-03  1.58320E-15  -69.0260



                                        - - - POWER BUDGET - - -

                                           INPUT POWER   = 3.4162E+01 WATTS
                                           RADIATED POWER= 5.6782E+01 WATTS
                                           WIRE LOSS     = 1.1543E+01 WATTS
                                           EFFICIENCY    = 166.21 PERCENT




 ***** INPUT LINE 11  EN   0    0    0    0  0.00000E+00  0.00000E+00  0.00000E+00  0.00000E+00  0.00000E+00  0.00000E+00

 RUN TIME =     0.000
