1
 x13



                                ***********************************************
                                *                                             *
                                *  NUMERICAL ELECTROMAGNETICS CODE (NEC-5)    *
                                *                                             *
                                ***********************************************




                      **********************************************************

                          NEC-4 Example                                                                
                                                                                                       
                          EZNEC Pro/2+ v. 7.0.4  2026-08-20 21:16:29                                   
                                                                                                       
                          ! Written by EZNEC/Pro+ v. 7.0 in NEC-5 format.                              
                                                                                                       

                      **********************************************************





                                 - - - STRUCTURE SPECIFICATION - - -

                                     COORDINATES MUST BE INPUT IN
                                     METERS OR BE SCALED TO METERS
                                     BEFORE STRUCTURE INPUT IS ENDED

 Model definition commands:

 GW    1    15  2.00000E+01 -4.00000E+01  3.00000E+02  2.00000E+01 -4.00000E+01  0.00000E+00  5.00000E-03
 GW    2     4  4.00000E+01 -4.00000E+01  0.00000E+00  4.00000E+01  4.00000E+01  0.00000E+00  5.00000E-03
 GW    3     4  4.00000E+01  4.00000E+01  0.00000E+00 -4.00000E+01  4.00000E+01  0.00000E+00  5.00000E-03
 GW    4     4 -4.00000E+01  4.00000E+01  0.00000E+00 -4.00000E+01 -4.00000E+01  0.00000E+00  5.00000E-03
 GW    5     3 -4.00000E+01 -4.00000E+01  0.00000E+00  2.00000E+01 -4.00000E+01  0.00000E+00  5.00000E-03
 GW    6     1  2.00000E+01 -4.00000E+01  0.00000E+00  4.00000E+01 -4.00000E+01  0.00000E+00  5.00000E-03
 GE    0   -1

 Number of nodes :    31
 Number of wire elements :    31
 Number of patch elements:     0
 Number unknowns:    31




 ***** INPUT LINE  1  FR   0    1    0    0  5.00000E-04  0.00000E+00  0.00000E+00  0.00000E+00  0.00000E+00  0.00000E+00
 ***** INPUT LINE  2  GN  -1    0    0    0  0.00000E+00  0.00000E+00  0.00000E+00  0.00000E+00  0.00000E+00  0.00000E+00
 ***** INPUT LINE  3  EX   0    1   14    0  0.00000E+00 -4.04676E+05  0.00000E+00  0.00000E+00  0.00000E+00  0.00000E+00
 ***** INPUT LINE  4  PQ   0    0    0    0  0.00000E+00  0.00000E+00  0.00000E+00  0.00000E+00  0.00000E+00  0.00000E+00
 ***** INPUT LINE  5  XQ   0    0    0    0  0.00000E+00  0.00000E+00  0.00000E+00  0.00000E+00  0.00000E+00  0.00000E+00




                                 - - - - - - FREQUENCY - - - - - -

                                    FREQUENCY= 5.0000E-04 MHZ
                                    WAVELENGTH= 5.9960E+05 METERS



                                  - - - ANTENNA ENVIRONMENT - - -

                                            FREE SPACE



                               - - - STRUCTURE IMPEDANCE LOADING - - -

                                   THIS STRUCTURE IS NOT LOADED
ALLOCATE CM:            961



                                - - - MATRIX TIMING - - -

                        FILL=    0.000 SEC.,  FACTOR=    0.000 SEC.



                                          - - - ANTENNA INPUT PARAMETERS - - -

   TAG   SEG.    VOLTAGE (VOLTS)         CURRENT (AMPS)         IMPEDANCE (OHMS)        ADMITTANCE (MHOS)      POWER
   NO.   NO.    REAL        IMAG.       REAL        IMAG.       REAL        IMAG.       REAL        IMAG.     (WATTS)
   1    14 1  0.0000E+00 -4.0468E+05  1.0863E+00 -1.6382E-10  5.6177E-05 -3.7251E+05  4.0483E-16  2.6845E-06  3.3148E-05



                                       - - - Wire Currents - - -

                             Lengths normalized by wavelength (or 2.*pi/CABS(k))

  Elem.  Tag            Coord. of seg. center          Seg.            - - - Current (Amps) - - -
   No.   No.     X            Y            Z           Length       Real         Imag.        Mag.         Phase
      1    1  3.33556E-05 -6.67111E-05  4.83656E-04  3.33556E-05  3.95187E-02 -1.54033E-11  3.95187E-02   -0.0000
      2    1  3.33556E-05 -6.67111E-05  4.50300E-04  3.33556E-05  1.16304E-01 -4.39235E-11  1.16304E-01   -0.0000
      3    1  3.33556E-05 -6.67111E-05  4.16945E-04  3.33556E-05  1.90132E-01 -6.85479E-11  1.90132E-01   -0.0000
      4    1  3.33556E-05 -6.67111E-05  3.83589E-04  3.33556E-05  2.62956E-01 -9.01292E-11  2.62956E-01   -0.0000
      5    1  3.33556E-05 -6.67111E-05  3.50233E-04  3.33556E-05  3.35391E-01 -1.08927E-10  3.35391E-01   -0.0000
      6    1  3.33556E-05 -6.67111E-05  3.16878E-04  3.33556E-05  4.07803E-01 -1.25076E-10  4.07803E-01   -0.0000
      7    1  3.33556E-05 -6.67111E-05  2.83522E-04  3.33556E-05  4.80478E-01 -1.38660E-10  4.80478E-01   -0.0000
      8    1  3.33556E-05 -6.67111E-05  2.50167E-04  3.33556E-05  5.53694E-01 -1.49737E-10  5.53694E-01   -0.0000
      9    1  3.33556E-05 -6.67111E-05  2.16811E-04  3.33556E-05  6.27759E-01 -1.58354E-10  6.27759E-01   -0.0000
     10    1  3.33556E-05 -6.67111E-05  1.83456E-04  3.33556E-05  7.03064E-01 -1.64550E-10  7.03064E-01   -0.0000
     11    1  3.33556E-05 -6.67111E-05  1.50100E-04  3.33556E-05  7.80150E-01 -1.68359E-10  7.80150E-01   -0.0000
     12    1  3.33556E-05 -6.67111E-05  1.16744E-04  3.33556E-05  8.59867E-01 -1.69822E-10  8.59867E-01   -0.0000
     13    1  3.33556E-05 -6.67111E-05  8.33889E-05  3.33556E-05  9.43785E-01 -1.68984E-10  9.43785E-01   -0.0000
     14    1  3.33556E-05 -6.67111E-05  5.00334E-05  3.33556E-05  1.03670E+00 -1.65910E-10  1.03670E+00   -0.0000
     15    1  3.33556E-05 -6.67111E-05  1.66778E-05  3.33556E-05  1.05240E+00 -1.60758E-10  1.05240E+00   -0.0000
     16    2  6.67111E-05 -5.00334E-05  0.00000E+00  3.33556E-05  4.15355E-01 -6.67865E-11  4.15355E-01   -0.0000
     17    2  6.67111E-05 -1.66778E-05  0.00000E+00  3.33556E-05  3.50632E-01 -5.82962E-11  3.50632E-01   -0.0000
     18    2  6.67111E-05  1.66778E-05  0.00000E+00  3.33556E-05  2.86212E-01 -4.90685E-11  2.86212E-01   -0.0000
     19    2  6.67111E-05  5.00334E-05  0.00000E+00  3.33556E-05  2.22387E-01 -3.91493E-11  2.22387E-01   -0.0000
     20    3  5.00334E-05  6.67111E-05  0.00000E+00  3.33556E-05  1.59008E-01 -2.86261E-11  1.59008E-01   -0.0000
     21    3  1.66778E-05  6.67111E-05  0.00000E+00  3.33556E-05  9.57497E-02 -1.76810E-11  9.57497E-02   -0.0000
     22    3 -1.66778E-05  6.67111E-05  0.00000E+00  3.33556E-05  3.25541E-02 -6.41758E-12  3.25541E-02   -0.0000
     23    3 -5.00334E-05  6.67111E-05  0.00000E+00  3.33556E-05 -3.04431E-02  5.17985E-12  3.04431E-02  180.0000
     24    4 -6.67111E-05  5.00334E-05  0.00000E+00  3.33556E-05 -9.33420E-02  1.68621E-11  9.33420E-02  180.0000
     25    4 -6.67111E-05  1.66778E-05  0.00000E+00  3.33556E-05 -1.56479E-01  2.81219E-11  1.56479E-01  180.0000
     26    4 -6.67111E-05 -1.66778E-05  0.00000E+00  3.33556E-05 -2.19996E-01  3.87214E-11  2.19996E-01  180.0000
     27    4 -6.67111E-05 -5.00334E-05  0.00000E+00  3.33556E-05 -2.83784E-01  4.86671E-11  2.83784E-01  180.0000
     28    5 -5.00334E-05 -6.67111E-05  0.00000E+00  3.33556E-05 -3.47865E-01  5.80104E-11  3.47865E-01  180.0000
     29    5 -1.66778E-05 -6.67111E-05  0.00000E+00  3.33556E-05 -4.12423E-01  6.68755E-11  4.12423E-01  180.0000
     30    5  1.66778E-05 -6.67111E-05  0.00000E+00  3.33556E-05 -4.76316E-01  7.52016E-11  4.76316E-01  180.0000
     31    6  5.00334E-05 -6.67111E-05  0.00000E+00  3.33556E-05  4.79204E-01 -7.46670E-11  4.79204E-01   -0.0000



                             - - - Wire Charge Densities - - -

                     Lengths normalized by wavelength (or 2.*pi/CABS(k))

  ELEM.  TAG          Coord. of Seg. Center           Seg.        Charge Density (C/m)
   No.   No.     X            Y            Z          Length        Mag.         Phase
      1    1  3.33556E-05 -6.67111E-05  4.83656E-04  3.33556E-05  1.25792E-06   90.0000
      2    1  3.33556E-05 -6.67111E-05  4.50300E-04  3.33556E-05  1.18623E-06   90.0000
      3    1  3.33556E-05 -6.67111E-05  4.16945E-04  3.33556E-05  1.16380E-06   90.0000
      4    1  3.33556E-05 -6.67111E-05  3.83589E-04  3.33556E-05  1.15424E-06   90.0000
      5    1  3.33556E-05 -6.67111E-05  3.50233E-04  3.33556E-05  1.15144E-06   90.0000
      6    1  3.33556E-05 -6.67111E-05  3.16878E-04  3.33556E-05  1.15350E-06   90.0000
      7    1  3.33556E-05 -6.67111E-05  2.83522E-04  3.33556E-05  1.15984E-06   90.0000
      8    1  3.33556E-05 -6.67111E-05  2.50167E-04  3.33556E-05  1.17069E-06   90.0000
      9    1  3.33556E-05 -6.67111E-05  2.16811E-04  3.33556E-05  1.18688E-06   90.0000
     10    1  3.33556E-05 -6.67111E-05  1.83456E-04  3.33556E-05  1.21013E-06   90.0000
     11    1  3.33556E-05 -6.67111E-05  1.50100E-04  3.33556E-05  1.24362E-06   90.0000
     12    1  3.33556E-05 -6.67111E-05  1.16744E-04  3.33556E-05  1.29384E-06   90.0000
     13    1  3.33556E-05 -6.67111E-05  8.33889E-05  3.33556E-05  1.37736E-06   90.0000
     14    1  3.33556E-05 -6.67111E-05  5.00334E-05  3.33556E-05  1.58010E-06   90.0000
     15    1  3.33556E-05 -6.67111E-05  1.66778E-05  3.33556E-05  1.08016E-06  -90.0000
     16    2  6.67111E-05 -5.00334E-05  0.00000E+00  3.33556E-05  1.03051E-06  -90.0000
     17    2  6.67111E-05 -1.66778E-05  0.00000E+00  3.33556E-05  1.02968E-06  -90.0000
     18    2  6.67111E-05  1.66778E-05  0.00000E+00  3.33556E-05  1.02090E-06  -90.0000
     19    2  6.67111E-05  5.00334E-05  0.00000E+00  3.33556E-05  1.01071E-06  -90.0000
     20    3  5.00334E-05  6.67111E-05  0.00000E+00  3.33556E-05  1.00668E-06  -90.0000
     21    3  1.66778E-05  6.67111E-05  0.00000E+00  3.33556E-05  1.00690E-06  -90.0000
     22    3 -1.66778E-05  6.67111E-05  0.00000E+00  3.33556E-05  1.00468E-06  -90.0000
     23    3 -5.00334E-05  6.67111E-05  0.00000E+00  3.33556E-05  1.00058E-06  -90.0000
     24    4 -6.67111E-05  5.00334E-05  0.00000E+00  3.33556E-05  1.00155E-06  -90.0000
     25    4 -6.67111E-05  1.66778E-05  0.00000E+00  3.33556E-05  1.00815E-06  -90.0000
     26    4 -6.67111E-05 -1.66778E-05  0.00000E+00  3.33556E-05  1.01367E-06  -90.0000
     27    4 -6.67111E-05 -5.00334E-05  0.00000E+00  3.33556E-05  1.01675E-06  -90.0000
     28    5 -5.00334E-05 -6.67111E-05  0.00000E+00  3.33556E-05  1.02302E-06  -90.0000
     29    5 -1.66778E-05 -6.67111E-05  0.00000E+00  3.33556E-05  1.03193E-06  -90.0000
     30    5  1.66778E-05 -6.67111E-05  0.00000E+00  3.33556E-05  1.00185E-06  -90.0000
     31    6  5.00334E-05 -6.67111E-05  0.00000E+00  3.33556E-05  1.00185E-06  -90.0000



                                        - - - POWER BUDGET - - -

                                           INPUT POWER   = 3.3148E-05 WATTS
                                           RADIATED POWER= 3.3148E-05 WATTS
                                           WIRE LOSS     = 0.0000E+00 WATTS
                                           EFFICIENCY    = 100.00 PERCENT




 ***** INPUT LINE  6  EN   0    0    0    0  0.00000E+00  0.00000E+00  0.00000E+00  0.00000E+00  0.00000E+00  0.00000E+00

 RUN TIME =     0.000
