1
 x13



                                ***********************************************
                                *                                             *
                                *  NUMERICAL ELECTROMAGNETICS CODE (NEC-5)    *
                                *                                             *
                                ***********************************************




                      **********************************************************

                          17-10m Log Per - ARRL Ant Book                                               
                                                                                                       
                          EZNEC Pro/2+ v. 7.0.4  2026-08-24 08:40:05                                   
                                                                                                       
                          ! Written by EZNEC/Pro+ v. 7.0 in NEC-5 format.                              
                                                                                                       

                      **********************************************************





                                 - - - STRUCTURE SPECIFICATION - - -

                                     COORDINATES MUST BE INPUT IN
                                     METERS OR BE SCALED TO METERS
                                     BEFORE STRUCTURE INPUT IS ENDED

 Model definition commands:

 GW    1     8  0.00000E+00 -4.15188E+00 -3.04800E-02  0.00000E+00  0.00000E+00 -3.04800E-02  1.58750E-02
 GW    2     8  0.00000E+00  0.00000E+00  3.04800E-02  0.00000E+00  4.15188E+00  3.04800E-02  1.58750E-02
 GW    3     8  9.96442E-01 -3.32130E+00  3.04800E-02  9.96442E-01  0.00000E+00  3.04800E-02  1.27000E-02
 GW    4     8  9.96442E-01  0.00000E+00 -3.04800E-02  9.96442E-01  3.32130E+00 -3.04800E-02  1.27000E-02
 GW    5     8  1.79375E+00 -2.65735E+00 -3.04800E-02  1.79375E+00  0.00000E+00 -3.04800E-02  9.52500E-03
 GW    6     8  1.79375E+00  0.00000E+00  3.04800E-02  1.79375E+00  2.65735E+00  3.04800E-02  9.52500E-03
 GW    7     8  2.43129E+00 -2.12573E+00  3.04800E-02  2.43129E+00  0.00000E+00  3.04800E-02  7.93750E-03
 GW    8     8  2.43129E+00  0.00000E+00 -3.04800E-02  2.43129E+00  2.12573E+00 -3.04800E-02  7.93750E-03
 GW    9     8  2.94157E+00 -1.70053E+00 -3.04800E-02  2.94157E+00  0.00000E+00 -3.04800E-02  6.35000E-03
 GW   10     8  2.94157E+00  0.00000E+00  3.04800E-02  2.94157E+00  1.70053E+00  3.04800E-02  6.35000E-03
 GW   11     3  0.00000E+00  0.00000E+00 -3.04800E-02  9.96442E-01  0.00000E+00 -3.04800E-02  1.02620E-03
 GW   12     3  9.96442E-01  0.00000E+00 -3.04800E-02  1.79375E+00  0.00000E+00 -3.04800E-02  1.02620E-03
 GW   13     3  1.79375E+00  0.00000E+00 -3.04800E-02  2.43129E+00  0.00000E+00 -3.04800E-02  1.02620E-03
 GW   14     3  2.43129E+00  0.00000E+00 -3.04800E-02  2.94157E+00  0.00000E+00 -3.04800E-02  1.02620E-03
 GW   15     3  0.00000E+00  0.00000E+00  3.04800E-02  9.96442E-01  0.00000E+00  3.04800E-02  1.02620E-03
 GW   16     3  9.96442E-01  0.00000E+00  3.04800E-02  1.79375E+00  0.00000E+00  3.04800E-02  1.02620E-03
 GW   17     3  1.79375E+00  0.00000E+00  3.04800E-02  2.43129E+00  0.00000E+00  3.04800E-02  1.02620E-03
 GW   18     3  2.43129E+00  0.00000E+00  3.04800E-02  2.94157E+00  0.00000E+00  3.04800E-02  1.02620E-03
 GW   19     1  3.04800E+00  0.00000E+00 -3.04800E-02  3.04800E+00  0.00000E+00  3.04800E-02  1.02620E-03
 GW   20     1  0.00000E+00  0.00000E+00 -3.04800E-02 -1.52400E-01  0.00000E+00 -3.04800E-02  1.02620E-03
 GW   21     1  0.00000E+00  0.00000E+00  3.04800E-02 -1.52400E-01  0.00000E+00  3.04800E-02  1.02620E-03
 GW   22     1 -1.52400E-01  0.00000E+00 -3.04800E-02 -1.52400E-01  0.00000E+00  3.04800E-02  1.02620E-03
 GW   23     1  2.94157E+00  0.00000E+00 -3.04800E-02  3.04800E+00  0.00000E+00 -3.04800E-02  1.02620E-03
 GW   24     1  2.94157E+00  0.00000E+00  3.04800E-02  3.04800E+00  0.00000E+00  3.04800E-02  1.02620E-03
 GE    0   -1

 Number of nodes :   110
 Number of wire elements :   110
 Number of patch elements:     0
 Number unknowns:   110




 ***** INPUT LINE  1  FR   0    1    0    0  2.10000E+01  0.00000E+00  0.00000E+00  0.00000E+00  0.00000E+00  0.00000E+00
 ***** INPUT LINE  2  GN  -1    0    0    0  0.00000E+00  0.00000E+00  0.00000E+00  0.00000E+00  0.00000E+00  0.00000E+00
 ***** INPUT LINE  3  EX   4   19   -1    0  1.41421E+00  0.00000E+00  0.00000E+00  0.00000E+00  0.00000E+00  0.00000E+00
 ***** INPUT LINE  4  PQ   0    0    0    0  0.00000E+00  0.00000E+00  0.00000E+00  0.00000E+00  0.00000E+00  0.00000E+00
 ***** INPUT LINE  5  RP   0    1  361 1000  9.00000E+01  0.00000E+00  0.00000E+00  1.00000E+00  0.00000E+00  0.00000E+00




                                 - - - - - - FREQUENCY - - - - - -

                                    FREQUENCY= 2.1000E+01 MHZ
                                    WAVELENGTH= 1.4276E+01 METERS



                                  - - - ANTENNA ENVIRONMENT - - -

                                            FREE SPACE



                               - - - STRUCTURE IMPEDANCE LOADING - - -

                                   THIS STRUCTURE IS NOT LOADED
ALLOCATE CM:          12100



                                - - - MATRIX TIMING - - -

                        FILL=    0.016 SEC.,  FACTOR=    0.000 SEC.



                                          - - - ANTENNA INPUT PARAMETERS - - -

   TAG   SEG.    VOLTAGE (VOLTS)         CURRENT (AMPS)         IMPEDANCE (OHMS)        ADMITTANCE (MHOS)      POWER
   NO.   NO.    REAL        IMAG.       REAL        IMAG.       REAL        IMAG.       REAL        IMAG.     (WATTS)
  19   105 2  1.8329E+02 -6.8605E+01  1.4142E+00  0.0000E+00  1.2961E+02 -4.8511E+01  6.7676E-03  2.5331E-03  1.2961E+02



                                       - - - Wire Currents - - -

                             Lengths normalized by wavelength (or 2.*pi/CABS(k))

  Elem.  Tag            Coord. of seg. center          Seg.            - - - Current (Amps) - - -
   No.   No.     X            Y            Z           Length       Real         Imag.        Mag.         Phase
      1    1  0.00000E+00 -2.72649E-01 -2.13502E-03  3.63532E-02 -5.51962E-02  5.63407E-02  7.88727E-02  134.4121
      2    1  0.00000E+00 -2.36296E-01 -2.13502E-03  3.63532E-02 -1.68359E-01  1.56560E-01  2.29904E-01  137.0796
      3    1  0.00000E+00 -1.99943E-01 -2.13502E-03  3.63532E-02 -2.88638E-01  2.35776E-01  3.72696E-01  140.7560
      4    1  0.00000E+00 -1.63589E-01 -2.13502E-03  3.63532E-02 -4.12329E-01  2.99024E-01  5.09343E-01  144.0500
      5    1  0.00000E+00 -1.27236E-01 -2.13502E-03  3.63532E-02 -5.28555E-01  3.48018E-01  6.32840E-01  146.6378
      6    1  0.00000E+00 -9.08831E-02 -2.13502E-03  3.63532E-02 -6.27194E-01  3.83469E-01  7.35133E-01  148.5582
      7    1  0.00000E+00 -5.45298E-02 -2.13502E-03  3.63532E-02 -7.00498E-01  4.05613E-01  8.09456E-01  149.9276
      8    1  0.00000E+00 -1.81766E-02 -2.13502E-03  3.63532E-02 -7.44201E-01  4.14863E-01  8.52025E-01  150.8620
      9    2  0.00000E+00  1.81766E-02  2.13502E-03  3.63532E-02 -7.44608E-01  4.13841E-01  8.51884E-01  150.9354
     10    2  0.00000E+00  5.45298E-02  2.13502E-03  3.63532E-02 -7.00896E-01  4.04616E-01  8.09302E-01  150.0028
     11    2  0.00000E+00  9.08831E-02  2.13502E-03  3.63532E-02 -6.27563E-01  3.82548E-01  7.34968E-01  148.6345
     12    2  0.00000E+00  1.27236E-01  2.13502E-03  3.63532E-02 -5.28875E-01  3.47222E-01  6.32671E-01  146.7140
     13    2  0.00000E+00  1.63589E-01  2.13502E-03  3.63532E-02 -4.12585E-01  2.98391E-01  5.09179E-01  144.1246
     14    2  0.00000E+00  1.99943E-01  2.13502E-03  3.63532E-02 -2.88819E-01  2.35330E-01  3.72555E-01  140.8268
     15    2  0.00000E+00  2.36296E-01  2.13502E-03  3.63532E-02 -1.68465E-01  1.56301E-01  2.29805E-01  137.1450
     16    2  0.00000E+00  2.72649E-01  2.13502E-03  3.63532E-02 -5.52312E-02  5.62563E-02  7.88369E-02  134.4732
     17    3  6.97975E-02 -2.18106E-01  2.13502E-03  2.90808E-02  1.64103E-01  1.13279E-01  1.99404E-01   34.6171
     18    3  6.97975E-02 -1.89025E-01  2.13502E-03  2.90808E-02  4.55941E-01  3.24580E-01  5.59673E-01   35.4467
     19    3  6.97975E-02 -1.59944E-01  2.13502E-03  2.90808E-02  6.88615E-01  5.13692E-01  8.59110E-01   36.7222
     20    3  6.97975E-02 -1.30864E-01  2.13502E-03  2.90808E-02  8.77718E-01  6.87504E-01  1.11492E+00   38.0711
     21    3  6.97975E-02 -1.01783E-01  2.13502E-03  2.90808E-02  1.02581E+00  8.42308E-01  1.32731E+00   39.3900
     22    3  6.97975E-02 -7.27020E-02  2.13502E-03  2.90808E-02  1.13314E+00  9.73793E-01  1.49408E+00   40.6750
     23    3  6.97975E-02 -4.36212E-02  2.13502E-03  2.90808E-02  1.19917E+00  1.07871E+00  1.61296E+00   41.9727
     24    3  6.97975E-02 -1.45404E-02  2.13502E-03  2.90808E-02  1.22298E+00  1.15907E+00  1.68496E+00   43.4631
     25    4  6.97975E-02  1.45404E-02 -2.13502E-03  2.90808E-02  1.22535E+00  1.16542E+00  1.69106E+00   43.5639
     26    4  6.97975E-02  4.36212E-02 -2.13502E-03  2.90808E-02  1.20142E+00  1.08471E+00  1.61865E+00   42.0774
     27    4  6.97975E-02  7.27020E-02 -2.13502E-03  2.90808E-02  1.13518E+00  9.79243E-01  1.49918E+00   40.7821
     28    4  6.97975E-02  1.01783E-01 -2.13502E-03  2.90808E-02  1.02758E+00  8.47027E-01  1.33168E+00   39.4986
     29    4  6.97975E-02  1.30864E-01 -2.13502E-03  2.90808E-02  8.79158E-01  6.91347E-01  1.11843E+00   38.1806
     30    4  6.97975E-02  1.59944E-01 -2.13502E-03  2.90808E-02  6.89684E-01  5.16545E-01  8.61675E-01   36.8317
     31    4  6.97975E-02  1.89025E-01 -2.13502E-03  2.90808E-02  4.56611E-01  3.26368E-01  5.61257E-01   35.5557
     32    4  6.97975E-02  2.18106E-01 -2.13502E-03  2.90808E-02  1.64335E-01  1.13900E-01  1.99948E-01   34.7255
     33    5  1.25646E-01 -1.74505E-01 -2.13502E-03  2.32673E-02  1.57166E-01 -3.05808E-02  1.60113E-01  -11.0108
     34    5  1.25646E-01 -1.51237E-01 -2.13502E-03  2.32673E-02  4.46183E-01 -8.46728E-02  4.54146E-01  -10.7453
     35    5  1.25646E-01 -1.27970E-01 -2.13502E-03  2.32673E-02  6.98496E-01 -1.26988E-01  7.09946E-01  -10.3039
     36    5  1.25646E-01 -1.04703E-01 -2.13502E-03  2.32673E-02  9.28084E-01 -1.60522E-01  9.41864E-01   -9.8128
     37    5  1.25646E-01 -8.14356E-02 -2.13502E-03  2.32673E-02  1.13374E+00 -1.86216E-01  1.14893E+00   -9.3275
     38    5  1.25646E-01 -5.81683E-02 -2.13502E-03  2.32673E-02  1.31295E+00 -2.04381E-01  1.32876E+00   -8.8479
     39    5  1.25646E-01 -3.49010E-02 -2.13502E-03  2.32673E-02  1.46398E+00 -2.14930E-01  1.47967E+00   -8.3521
     40    5  1.25646E-01 -1.16337E-02 -2.13502E-03  2.32673E-02  1.59272E+00 -2.17480E-01  1.60750E+00   -7.7754
     41    6  1.25646E-01  1.16337E-02  2.13502E-03  2.32673E-02  1.59072E+00 -2.22859E-01  1.60626E+00   -7.9752
     42    6  1.25646E-01  3.49010E-02  2.13502E-03  2.32673E-02  1.46212E+00 -2.19916E-01  1.47856E+00   -8.5537
     43    6  1.25646E-01  5.81683E-02  2.13502E-03  2.32673E-02  1.31128E+00 -2.08855E-01  1.32781E+00   -9.0498
     44    6  1.25646E-01  8.14356E-02  2.13502E-03  2.32673E-02  1.13230E+00 -1.90082E-01  1.14814E+00   -9.5296
     45    6  1.25646E-01  1.04703E-01  2.13502E-03  2.32673E-02  9.26902E-01 -1.63694E-01  9.41245E-01  -10.0154
     46    6  1.25646E-01  1.27970E-01  2.13502E-03  2.32673E-02  6.97603E-01 -1.29384E-01  7.09500E-01  -10.5072
     47    6  1.25646E-01  1.51237E-01  2.13502E-03  2.32673E-02  4.45611E-01 -8.62073E-02  4.53873E-01  -10.9491
     48    6  1.25646E-01  1.74505E-01  2.13502E-03  2.32673E-02  1.56964E-01 -3.11215E-02  1.60020E-01  -11.2147
     49    7  1.70304E-01 -1.39594E-01  2.13502E-03  1.86125E-02 -4.46359E-02 -4.95956E-02  6.67240E-02 -131.9871
     50    7  1.70304E-01 -1.20981E-01  2.13502E-03  1.86125E-02 -1.31252E-01 -1.41080E-01  1.92693E-01 -132.9332
     51    7  1.70304E-01 -1.02369E-01  2.13502E-03  1.86125E-02 -2.15206E-01 -2.21760E-01  3.09016E-01 -134.1406
     52    7  1.70304E-01 -8.37563E-02  2.13502E-03  1.86125E-02 -2.98435E-01 -2.96370E-01  4.20593E-01 -135.1990
     53    7  1.70304E-01 -6.51438E-02  2.13502E-03  1.86125E-02 -3.79361E-01 -3.64706E-01  5.26237E-01 -136.1283
     54    7  1.70304E-01 -4.65313E-02  2.13502E-03  1.86125E-02 -4.56409E-01 -4.26095E-01  6.24393E-01 -136.9673
     55    7  1.70304E-01 -2.79188E-02  2.13502E-03  1.86125E-02 -5.28614E-01 -4.80070E-01  7.14073E-01 -137.7553
     56    7  1.70304E-01 -9.30626E-03  2.13502E-03  1.86125E-02 -5.99729E-01 -5.29026E-01  7.99715E-01 -138.5842
     57    8  1.70304E-01  9.30626E-03 -2.13502E-03  1.86125E-02 -6.00805E-01 -5.31923E-01  8.02439E-01 -138.4799
     58    8  1.70304E-01  2.79188E-02 -2.13502E-03  1.86125E-02 -5.29578E-01 -4.82634E-01  7.16511E-01 -137.6554
     59    8  1.70304E-01  4.65313E-02 -2.13502E-03  1.86125E-02 -4.57235E-01 -4.28294E-01  6.26498E-01 -136.8719
     60    8  1.70304E-01  6.51438E-02 -2.13502E-03  1.86125E-02 -3.80051E-01 -3.66545E-01  5.28010E-01 -136.0364
     61    8  1.70304E-01  8.37563E-02 -2.13502E-03  1.86125E-02 -2.98989E-01 -2.97845E-01  4.22026E-01 -135.1098
     62    8  1.70304E-01  1.02369E-01 -2.13502E-03  1.86125E-02 -2.15619E-01 -2.22860E-01  3.10094E-01 -134.0538
     63    8  1.70304E-01  1.20981E-01 -2.13502E-03  1.86125E-02 -1.31515E-01 -1.41782E-01  1.93386E-01 -132.8487
     64    8  1.70304E-01  1.39594E-01 -2.13502E-03  1.86125E-02 -4.47289E-02 -4.98432E-02  6.69703E-02 -131.9045
     65    9  2.06048E-01 -1.11672E-01 -2.13502E-03  1.48896E-02  2.15438E-02  1.73085E-02  2.76355E-02   38.7788
     66    9  2.06048E-01 -9.67822E-02 -2.13502E-03  1.48896E-02  6.13183E-02  5.09140E-02  7.97004E-02   39.7036
     67    9  2.06048E-01 -8.18926E-02 -2.13502E-03  1.48896E-02  9.64961E-02  8.37367E-02  1.27763E-01   40.9506
     68    9  2.06048E-01 -6.70030E-02 -2.13502E-03  1.48896E-02  1.29341E-01  1.17056E-01  1.74446E-01   42.1457
     69    9  2.06048E-01 -5.21135E-02 -2.13502E-03  1.48896E-02  1.60130E-01  1.50885E-01  2.20018E-01   43.2973
     70    9  2.06048E-01 -3.72239E-02 -2.13502E-03  1.48896E-02  1.88896E-01  1.85235E-01  2.64563E-01   44.4395
     71    9  2.06048E-01 -2.23343E-02 -2.13502E-03  1.48896E-02  2.15725E-01  2.20537E-01  3.08503E-01   45.6321
     72    9  2.06048E-01 -7.44478E-03 -2.13502E-03  1.48896E-02  2.42255E-01  2.60274E-01  3.55570E-01   47.0536
     73   10  2.06048E-01  7.44478E-03  2.13502E-03  1.48896E-02  2.41224E-01  2.57534E-01  3.52864E-01   46.8729
     74   10  2.06048E-01  2.23343E-02  2.13502E-03  1.48896E-02  2.15178E-01  2.19107E-01  3.07098E-01   45.5183
     75   10  2.06048E-01  3.72239E-02  2.13502E-03  1.48896E-02  1.88530E-01  1.84281E-01  2.63635E-01   44.3470
     76   10  2.06048E-01  5.21135E-02  2.13502E-03  1.48896E-02  1.59867E-01  1.50198E-01  2.19356E-01   43.2140
     77   10  2.06048E-01  6.70030E-02  2.13502E-03  1.48896E-02  1.29150E-01  1.16559E-01  1.73970E-01   42.0665
     78   10  2.06048E-01  8.18926E-02  2.13502E-03  1.48896E-02  9.63628E-02  8.33905E-02  1.27435E-01   40.8723
     79   10  2.06048E-01  9.67822E-02  2.13502E-03  1.48896E-02  6.12370E-02  5.07032E-02  7.95033E-02   39.6242
     80   10  2.06048E-01  1.11672E-01  2.13502E-03  1.48896E-02  2.15158E-02  1.72359E-02  2.75681E-02   38.6975
     81   11  1.16329E-02 -2.33302E-17 -2.13502E-03  2.32658E-02 -2.58215E-01  5.27261E-01  5.87094E-01  116.0923
     82   11  3.48987E-02  0.00000E+00 -2.13502E-03  2.32658E-02 -2.58385E-01  5.14737E-01  5.75949E-01  116.6555
     83   11  5.81646E-02  0.00000E+00 -2.13502E-03  2.32658E-02 -2.53127E-01  4.91501E-01  5.52853E-01  117.2488
     84   12  7.91056E-02  0.00000E+00 -2.13502E-03  1.86162E-02 -1.46643E+00 -7.33967E-01  1.63985E+00 -153.4114
     85   12  9.77218E-02  0.00000E+00 -2.13502E-03  1.86162E-02 -1.43802E+00 -7.50900E-01  1.62227E+00 -152.4276
     86   12  1.16338E-01 -1.55535E-17 -2.13502E-03  1.86162E-02 -1.39059E+00 -7.57884E-01  1.58371E+00 -151.4092
     87   13  1.33089E-01 -1.55535E-17 -2.13502E-03  1.48859E-02  3.16344E-01 -9.72065E-01  1.02224E+00  -71.9733
     88   13  1.47975E-01  0.00000E+00 -2.13502E-03  1.48859E-02  3.66442E-01 -9.60990E-01  1.02849E+00  -69.1273
     89   13  1.62861E-01  0.00000E+00 -2.13502E-03  1.48859E-02  4.13485E-01 -9.41849E-01  1.02862E+00  -66.2978
     90   14  1.76261E-01  0.00000E+00 -2.13502E-03  1.19146E-02  1.08864E+00 -3.63186E-01  1.14762E+00  -18.4495
     91   14  1.88176E-01  0.00000E+00 -2.13502E-03  1.19146E-02  1.11718E+00 -3.39372E-01  1.16759E+00  -16.8975
     92   14  2.00090E-01  9.72093E-18 -2.13502E-03  1.19146E-02  1.13984E+00 -3.13570E-01  1.18218E+00  -15.3816
     93   15  1.16329E-02  0.00000E+00  2.13502E-03  2.32658E-02  2.58619E-01 -5.26250E-01  5.86364E-01  -63.8288
     94   15  3.48987E-02  0.00000E+00  2.13502E-03  2.32658E-02  2.58782E-01 -5.13744E-01  5.75240E-01  -63.2648
     95   15  5.81646E-02  1.16651E-17  2.13502E-03  2.32658E-02  2.53513E-01 -4.90534E-01  5.52171E-01  -62.6697
     96   16  7.91056E-02  1.16651E-17  2.13502E-03  1.86162E-02  1.46439E+00  7.28451E-01  1.63557E+00   26.4477
     97   16  9.77218E-02  0.00000E+00  2.13502E-03  1.86162E-02  1.43599E+00  7.45399E-01  1.61793E+00   27.4330
     98   16  1.16338E-01  0.00000E+00  2.13502E-03  1.86162E-02  1.38858E+00  7.52424E-01  1.57933E+00   28.4518
     99   17  1.33089E-01  0.00000E+00  2.13502E-03  1.48859E-02 -3.16288E-01  9.72201E-01  1.02236E+00  108.0214
    100   17  1.47975E-01  0.00000E+00  2.13502E-03  1.48859E-02 -3.66357E-01  9.61199E-01  1.02865E+00  110.8641
    101   17  1.62861E-01  1.16651E-17  2.13502E-03  1.48859E-02 -4.13365E-01  9.42143E-01  1.02884E+00  113.6894
    102   18  1.76261E-01  1.16651E-17  2.13502E-03  1.19146E-02 -1.08736E+00  3.66612E-01  1.14750E+00  161.3681
    103   18  1.88176E-01  0.00000E+00  2.13502E-03  1.19146E-02 -1.11585E+00  3.42930E-01  1.16736E+00  162.9165
    104   18  2.00090E-01  0.00000E+00  2.13502E-03  1.19146E-02 -1.13841E+00  3.17404E-01  1.18183E+00  164.4208
    105   19  2.13502E-01  0.00000E+00  0.00000E+00  4.27005E-03  1.41224E+00 -5.28850E-03  1.41225E+00   -0.2146
    106   20 -5.33756E-03 -2.33302E-17 -2.13502E-03  1.06751E-02 -5.02265E-01 -1.14592E-01  5.15171E-01 -167.1479
    107   21 -5.33756E-03  0.00000E+00  2.13502E-03  1.06751E-02  5.02264E-01  1.14594E-01  5.15170E-01   12.8523
    108   22 -1.06751E-02  0.00000E+00  0.00000E+00  4.27005E-03 -5.02919E-01 -1.14768E-01  5.15848E-01 -167.1450
    109   23  2.09775E-01  9.72093E-18 -2.13502E-03  7.45479E-03  1.40978E+00 -9.15852E-03  1.40981E+00   -0.3722
    110   24  2.09775E-01  0.00000E+00  2.13502E-03  7.45479E-03 -1.40635E+00  1.83256E-02  1.40647E+00  179.2534



                             - - - Wire Charge Densities - - -

                     Lengths normalized by wavelength (or 2.*pi/CABS(k))

  ELEM.  TAG          Coord. of Seg. Center           Seg.        Charge Density (C/m)
   No.   No.     X            Y            Z          Length        Mag.         Phase
      1    1  0.00000E+00 -2.72649E-01 -2.13502E-03  3.63532E-02  2.30357E-09 -135.5879
      2    1  0.00000E+00 -2.36296E-01 -2.13502E-03  3.63532E-02  2.12332E-09 -127.1245
      3    1  0.00000E+00 -1.99943E-01 -2.13502E-03  3.63532E-02  2.09221E-09 -119.5576
      4    1  0.00000E+00 -1.63589E-01 -2.13502E-03  3.63532E-02  1.96926E-09 -114.4528
      5    1  0.00000E+00 -1.27236E-01 -2.13502E-03  3.63532E-02  1.71619E-09 -111.0261
      6    1  0.00000E+00 -9.08831E-02 -2.13502E-03  3.63532E-02  1.34603E-09 -108.1645
      7    1  0.00000E+00 -5.45298E-02 -2.13502E-03  3.63532E-02  8.91390E-10 -104.7625
      8    1  0.00000E+00 -1.81766E-02 -2.13502E-03  3.63532E-02  4.16679E-10  -95.9249
      9    2  0.00000E+00  1.81766E-02  2.13502E-03  3.63532E-02  4.16647E-10   84.0682
     10    2  0.00000E+00  5.45298E-02  2.13502E-03  3.63532E-02  8.91475E-10   75.2895
     11    2  0.00000E+00  9.08831E-02  2.13502E-03  3.63532E-02  1.34612E-09   71.9030
     12    2  0.00000E+00  1.27236E-01  2.13502E-03  3.63532E-02  1.71621E-09   69.0506
     13    2  0.00000E+00  1.63589E-01  2.13502E-03  3.63532E-02  1.96912E-09   65.6295
     14    2  0.00000E+00  1.99943E-01  2.13502E-03  3.63532E-02  2.09179E-09   60.5250
     15    2  0.00000E+00  2.36296E-01  2.13502E-03  3.63532E-02  2.12258E-09   52.9496
     16    2  0.00000E+00  2.72649E-01  2.13502E-03  3.63532E-02  2.30253E-09   44.4732
     17    3  6.97975E-02 -2.18106E-01  2.13502E-03  2.90808E-02  7.28024E-09  124.6171
     18    3  6.97975E-02 -1.89025E-01  2.13502E-03  2.90808E-02  5.87850E-09  127.5018
     19    3  6.97975E-02 -1.59944E-01  2.13502E-03  2.90808E-02  5.07342E-09  130.9594
     20    3  6.97975E-02 -1.30864E-01  2.13502E-03  2.90808E-02  4.30855E-09  134.5045
     21    3  6.97975E-02 -1.01783E-01  2.13502E-03  2.90808E-02  3.51758E-09  138.4317
     22    3  6.97975E-02 -7.27020E-02  2.13502E-03  2.90808E-02  2.68605E-09  143.8460
     23    3  6.97975E-02 -4.36212E-02  2.13502E-03  2.90808E-02  1.85570E-09  153.5590
     24    3  6.97975E-02 -1.45404E-02  2.13502E-03  2.90808E-02  1.27303E-09  178.0747
     25    4  6.97975E-02  1.45404E-02 -2.13502E-03  2.90808E-02  1.27740E-09   -1.9825
     26    4  6.97975E-02  4.36212E-02 -2.13502E-03  2.90808E-02  1.86463E-09  -26.4129
     27    4  6.97975E-02  7.27020E-02 -2.13502E-03  2.90808E-02  2.69822E-09  -36.0819
     28    4  6.97975E-02  1.01783E-01 -2.13502E-03  2.90808E-02  3.53236E-09  -41.4762
     29    4  6.97975E-02  1.30864E-01 -2.13502E-03  2.90808E-02  4.32522E-09  -45.3928
     30    4  6.97975E-02  1.59944E-01 -2.13502E-03  2.90808E-02  5.09116E-09  -48.9323
     31    4  6.97975E-02  1.89025E-01 -2.13502E-03  2.90808E-02  5.89664E-09  -52.3884
     32    4  6.97975E-02  2.18106E-01 -2.13502E-03  2.90808E-02  7.30010E-09  -55.2745
     33    5  1.25646E-01 -1.74505E-01 -2.13502E-03  2.32673E-02  7.30634E-09   78.9892
     34    5  1.25646E-01 -1.51237E-01 -2.13502E-03  2.32673E-02  6.11159E-09   79.8895
     35    5  1.25646E-01 -1.27970E-01 -2.13502E-03  2.32673E-02  5.56352E-09   81.1278
     36    5  1.25646E-01 -1.04703E-01 -2.13502E-03  2.32673E-02  5.02483E-09   82.3124
     37    5  1.25646E-01 -8.14356E-02 -2.13502E-03  2.32673E-02  4.43311E-09   83.5204
     38    5  1.25646E-01 -5.81683E-02 -2.13502E-03  2.32673E-02  3.78739E-09   85.0223
     39    5  1.25646E-01 -3.49010E-02 -2.13502E-03  2.32673E-02  3.12227E-09   87.1954
     40    5  1.25646E-01 -1.16337E-02 -2.13502E-03  2.32673E-02  2.75645E-09   90.7571
     41    6  1.25646E-01  1.16337E-02  2.13502E-03  2.32673E-02  2.75410E-09  -89.3969
     42    6  1.25646E-01  3.49010E-02  2.13502E-03  2.32673E-02  3.11885E-09  -93.0005
     43    6  1.25646E-01  5.81683E-02  2.13502E-03  2.32673E-02  3.78374E-09  -95.1780
     44    6  1.25646E-01  8.14356E-02  2.13502E-03  2.32673E-02  4.42930E-09  -96.6792
     45    6  1.25646E-01  1.04703E-01  2.13502E-03  2.32673E-02  5.02091E-09  -97.8869
     46    6  1.25646E-01  1.27970E-01  2.13502E-03  2.32673E-02  5.55957E-09  -99.0730
     47    6  1.25646E-01  1.51237E-01  2.13502E-03  2.32673E-02  6.10767E-09 -100.3141
     48    6  1.25646E-01  1.74505E-01  2.13502E-03  2.32673E-02  7.30207E-09 -101.2147
     49    7  1.70304E-01 -1.39594E-01  2.13502E-03  1.86125E-02  3.80623E-09  -41.9871
     50    7  1.70304E-01 -1.20981E-01  2.13502E-03  1.86125E-02  3.38297E-09  -45.0623
     51    7  1.70304E-01 -1.02369E-01  2.13502E-03  1.86125E-02  3.26033E-09  -47.2565
     52    7  1.70304E-01 -8.37563E-02  2.13502E-03  1.86125E-02  3.11661E-09  -49.0355
     53    7  1.70304E-01 -6.51438E-02  2.13502E-03  1.86125E-02  2.92611E-09  -50.6579
     54    7  1.70304E-01 -4.65313E-02  2.13502E-03  1.86125E-02  2.69413E-09  -52.3173
     55    7  1.70304E-01 -2.79188E-02  2.13502E-03  1.86125E-02  2.44906E-09  -54.2147
     56    7  1.70304E-01 -9.30626E-03  2.13502E-03  1.86125E-02  2.47714E-09  -56.6848
     57    8  1.70304E-01  9.30626E-03 -2.13502E-03  1.86125E-02  2.48380E-09  123.4509
     58    8  1.70304E-01  2.79188E-02 -2.13502E-03  1.86125E-02  2.45845E-09  125.9284
     59    8  1.70304E-01  4.65313E-02 -2.13502E-03  1.86125E-02  2.70353E-09  127.8052
     60    8  1.70304E-01  6.51438E-02 -2.13502E-03  1.86125E-02  2.93560E-09  129.4491
     61    8  1.70304E-01  8.37563E-02 -2.13502E-03  1.86125E-02  3.12644E-09  131.0620
     62    8  1.70304E-01  1.02369E-01 -2.13502E-03  1.86125E-02  3.27077E-09  132.8355
     63    8  1.70304E-01  1.20981E-01 -2.13502E-03  1.86125E-02  3.39443E-09  135.0258
     64    8  1.70304E-01  1.39594E-01 -2.13502E-03  1.86125E-02  3.82028E-09  138.0955
     65    9  2.06048E-01 -1.11672E-01 -2.13502E-03  1.48896E-02  1.97062E-09  128.7788
     66    9  2.06048E-01 -9.67822E-02 -2.13502E-03  1.48896E-02  1.74369E-09  131.7945
     67    9  2.06048E-01 -8.18926E-02 -2.13502E-03  1.48896E-02  1.68791E-09  134.2787
     68    9  2.06048E-01 -6.70030E-02 -2.13502E-03  1.48896E-02  1.64902E-09  136.5697
     69    9  2.06048E-01 -5.21135E-02 -2.13502E-03  1.48896E-02  1.61334E-09  138.8412
     70    9  2.06048E-01 -3.72239E-02 -2.13502E-03  1.48896E-02  1.58230E-09  141.2966
     71    9  2.06048E-01 -2.23343E-02 -2.13502E-03  1.48896E-02  1.58051E-09  144.2368
     72    9  2.06048E-01 -7.44478E-03 -2.13502E-03  1.48896E-02  1.82837E-09  148.0292
     73   10  2.06048E-01  7.44478E-03  2.13502E-03  1.48896E-02  1.75450E-09  -32.4763
     74   10  2.06048E-01  2.23343E-02  2.13502E-03  1.48896E-02  1.55732E-09  -35.9920
     75   10  2.06048E-01  3.72239E-02  2.13502E-03  1.48896E-02  1.57059E-09  -38.8413
     76   10  2.06048E-01  5.21135E-02  2.13502E-03  1.48896E-02  1.60571E-09  -41.2594
     77   10  2.06048E-01  6.70030E-02  2.13502E-03  1.48896E-02  1.64326E-09  -43.5136
     78   10  2.06048E-01  8.18926E-02  2.13502E-03  1.48896E-02  1.68307E-09  -45.7971
     79   10  2.06048E-01  9.67822E-02  2.13502E-03  1.48896E-02  1.73923E-09  -48.2808
     80   10  2.06048E-01  1.11672E-01  2.13502E-03  1.48896E-02  1.96582E-09  -51.3025
     81   11  1.16329E-02 -2.33302E-17 -2.13502E-03  2.32658E-02  1.72234E-10  -22.3081
     82   11  3.48987E-02  0.00000E+00 -2.13502E-03  2.32658E-02  4.16215E-10    7.9537
     83   11  5.81646E-02  0.00000E+00 -2.13502E-03  2.32658E-02  6.73326E-10   15.7160
     84   12  7.91056E-02  0.00000E+00 -2.13502E-03  1.86162E-02  8.15137E-10   40.4173
     85   12  9.77218E-02  0.00000E+00 -2.13502E-03  1.86162E-02  1.14472E-09   72.4514
     86   12  1.16338E-01 -1.55535E-17 -2.13502E-03  1.86162E-02  1.61473E-09   88.1132
     87   13  1.33089E-01 -1.55535E-17 -2.13502E-03  1.48859E-02  1.83660E-09   97.6609
     88   13  1.47975E-01  0.00000E+00 -2.13502E-03  1.48859E-02  1.83585E-09  107.2727
     89   13  1.62861E-01  0.00000E+00 -2.13502E-03  1.48859E-02  1.80003E-09  117.1064
     90   14  1.76261E-01  0.00000E+00 -2.13502E-03  1.19146E-02  1.70994E-09  125.8572
     91   14  1.88176E-01  0.00000E+00 -2.13502E-03  1.19146E-02  1.61115E-09  134.0640
     92   14  2.00090E-01  9.72093E-18 -2.13502E-03  1.19146E-02  1.46003E-09  143.8381
     93   15  1.16329E-02  0.00000E+00  2.13502E-03  2.32658E-02  1.71943E-10  157.6922
     94   15  3.48987E-02  0.00000E+00  2.13502E-03  2.32658E-02  4.15658E-10 -172.0030
     95   15  5.81646E-02  1.16651E-17  2.13502E-03  2.32658E-02  6.72833E-10 -164.2502
     96   16  7.91056E-02  1.16651E-17  2.13502E-03  1.86162E-02  8.15156E-10 -139.5810
     97   16  9.77218E-02  0.00000E+00  2.13502E-03  1.86162E-02  1.14466E-09 -107.5957
     98   16  1.16338E-01  0.00000E+00  2.13502E-03  1.86162E-02  1.61416E-09  -91.9388
     99   17  1.33089E-01  0.00000E+00  2.13502E-03  1.48859E-02  1.83545E-09  -82.3991
    100   17  1.47975E-01  0.00000E+00  2.13502E-03  1.48859E-02  1.83374E-09  -72.8096
    101   17  1.62861E-01  1.16651E-17  2.13502E-03  1.48859E-02  1.79756E-09  -62.9589
    102   18  1.76261E-01  1.16651E-17  2.13502E-03  1.19146E-02  1.70627E-09  -54.2175
    103   18  1.88176E-01  0.00000E+00  2.13502E-03  1.19146E-02  1.60360E-09  -46.0610
    104   18  2.00090E-01  0.00000E+00  2.13502E-03  1.19146E-02  1.44269E-09  -36.3499
    105   19  2.13502E-01  0.00000E+00  0.00000E+00  4.27005E-03  1.40398E-09  -20.5107
    106   20 -5.33756E-03 -2.33302E-17 -2.13502E-03  1.06751E-02  6.74578E-11  -75.0431
    107   21 -5.33756E-03  0.00000E+00  2.13502E-03  1.06751E-02  6.73588E-11  104.9035
    108   22 -1.06751E-02  0.00000E+00  0.00000E+00  4.27005E-03  2.97426E-13   68.1579
    109   23  2.09775E-01  9.72093E-18 -2.13502E-03  7.45479E-03  1.44945E-09  154.1475
    110   24  2.09775E-01  0.00000E+00  2.13502E-03  7.45479E-03  1.23607E-09  -26.7704



                                        - - - POWER BUDGET - - -

                                           INPUT POWER   = 1.2961E+02 WATTS
                                           RADIATED POWER= 1.2961E+02 WATTS
                                           WIRE LOSS     = 0.0000E+00 WATTS
                                           EFFICIENCY    = 100.00 PERCENT



                                                - - - RADIATION PATTERNS - - -

  - - ANGLES - -          - POWER GAINS -        - - - POLARIZATION - - -    - - - E(THETA) - - -    - - - E(PHI) - - -
  THETA     PHI        VERT.   HOR.    TOTAL      AXIAL     TILT   SENSE     MAGNITUDE    PHASE      MAGNITUDE    PHASE 
 DEGREES  DEGREES       DB      DB      DB        RATIO     DEG.               VOLTS     DEGREES       VOLTS     DEGREES
   90.00     0.00     -38.48    4.70    4.70    0.00319   -89.65  LEFT      1.05063E+00  -171.93    1.51454E+02   -19.34
   90.00     1.00     -38.48    4.70    4.70    0.00319   -89.65  LEFT      1.05054E+00  -171.94    1.51415E+02   -19.34
   90.00     2.00     -38.48    4.69    4.69    0.00319   -89.65  LEFT      1.05027E+00  -171.98    1.51299E+02   -19.36
   90.00     3.00     -38.48    4.68    4.68    0.00319   -89.65  LEFT      1.04983E+00  -172.04    1.51104E+02   -19.38
   90.00     4.00     -38.49    4.66    4.67    0.00319   -89.65  LEFT      1.04921E+00  -172.12    1.50832E+02   -19.42
   90.00     5.00     -38.49    4.64    4.65    0.00319   -89.65  LEFT      1.04840E+00  -172.23    1.50482E+02   -19.46
   90.00     6.00     -38.50    4.62    4.62    0.00319   -89.64  LEFT      1.04743E+00  -172.36    1.50055E+02   -19.52
   90.00     7.00     -38.51    4.59    4.59    0.00318   -89.64  LEFT      1.04627E+00  -172.51    1.49552E+02   -19.58
   90.00     8.00     -38.52    4.56    4.56    0.00318   -89.64  LEFT      1.04494E+00  -172.69    1.48974E+02   -19.66
   90.00     9.00     -38.54    4.52    4.52    0.00318   -89.64  LEFT      1.04344E+00  -172.89    1.48321E+02   -19.74
   90.00    10.00     -38.55    4.48    4.48    0.00317   -89.64  LEFT      1.04175E+00  -173.11    1.47595E+02   -19.84
   90.00    11.00     -38.57    4.43    4.43    0.00317   -89.64  LEFT      1.03990E+00  -173.36    1.46796E+02   -19.95
   90.00    12.00     -38.58    4.38    4.38    0.00317   -89.64  LEFT      1.03786E+00  -173.63    1.45925E+02   -20.06
   90.00    13.00     -38.60    4.32    4.32    0.00316   -89.63  LEFT      1.03566E+00  -173.93    1.44985E+02   -20.19
   90.00    14.00     -38.62    4.26    4.26    0.00315   -89.63  LEFT      1.03328E+00  -174.25    1.43975E+02   -20.32
   90.00    15.00     -38.64    4.20    4.20    0.00315   -89.63  LEFT      1.03073E+00  -174.60    1.42898E+02   -20.47
   90.00    16.00     -38.66    4.13    4.13    0.00314   -89.63  LEFT      1.02801E+00  -174.97    1.41755E+02   -20.62
   90.00    17.00     -38.69    4.05    4.05    0.00313   -89.62  LEFT      1.02512E+00  -175.36    1.40548E+02   -20.79
   90.00    18.00     -38.72    3.97    3.97    0.00312   -89.62  LEFT      1.02207E+00  -175.78    1.39278E+02   -20.96
   90.00    19.00     -38.74    3.89    3.89    0.00311   -89.62  LEFT      1.01884E+00  -176.22    1.37947E+02   -21.15
   90.00    20.00     -38.77    3.80    3.80    0.00310   -89.61  LEFT      1.01546E+00  -176.69    1.36557E+02   -21.34
   90.00    21.00     -38.80    3.71    3.71    0.00309   -89.61  LEFT      1.01191E+00  -177.18    1.35109E+02   -21.55
   90.00    22.00     -38.83    3.61    3.61    0.00308   -89.61  LEFT      1.00819E+00  -177.69    1.33607E+02   -21.76
   90.00    23.00     -38.87    3.51    3.51    0.00306   -89.60  LEFT      1.00432E+00  -178.23    1.32050E+02   -21.98
   90.00    24.00     -38.90    3.40    3.40    0.00305   -89.60  LEFT      1.00029E+00  -178.80    1.30443E+02   -22.22
   90.00    25.00     -38.94    3.29    3.29    0.00303   -89.59  LEFT      9.96107E-01  -179.39    1.28786E+02   -22.46
   90.00    26.00     -38.98    3.18    3.18    0.00301   -89.59  LEFT      9.91771E-01   179.99    1.27082E+02   -22.71
   90.00    27.00     -39.02    3.06    3.06    0.00299   -89.58  LEFT      9.87285E-01   179.35    1.25332E+02   -22.97
   90.00    28.00     -39.06    2.93    2.93    0.00297   -89.58  LEFT      9.82653E-01   178.68    1.23540E+02   -23.24
   90.00    29.00     -39.10    2.80    2.80    0.00295   -89.57  LEFT      9.77878E-01   177.98    1.21706E+02   -23.52
   90.00    30.00     -39.14    2.67    2.67    0.00292   -89.57  LEFT      9.72963E-01   177.26    1.19834E+02   -23.81
   90.00    31.00     -39.19    2.53    2.53    0.00289   -89.56  LEFT      9.67912E-01   176.51    1.17926E+02   -24.11
   90.00    32.00     -39.23    2.38    2.38    0.00286   -89.55  LEFT      9.62729E-01   175.74    1.15983E+02   -24.42
   90.00    33.00     -39.28    2.23    2.23    0.00283   -89.55  LEFT      9.57417E-01   174.94    1.14008E+02   -24.73
   90.00    34.00     -39.33    2.08    2.08    0.00279   -89.54  LEFT      9.51983E-01   174.11    1.12002E+02   -25.06
   90.00    35.00     -39.38    1.92    1.92    0.00275   -89.53  LEFT      9.46429E-01   173.25    1.09969E+02   -25.39
   90.00    36.00     -39.44    1.76    1.76    0.00271   -89.53  LEFT      9.40762E-01   172.37    1.07910E+02   -25.74
   90.00    37.00     -39.49    1.59    1.59    0.00266   -89.52  LEFT      9.34987E-01   171.46    1.05828E+02   -26.09
   90.00    38.00     -39.54    1.41    1.41    0.00261   -89.51  LEFT      9.29110E-01   170.52    1.03723E+02   -26.45
   90.00    39.00     -39.60    1.23    1.23    0.00256   -89.50  LEFT      9.23136E-01   169.55    1.01600E+02   -26.82
   90.00    40.00     -39.66    1.05    1.05    0.00250   -89.49  LEFT      9.17072E-01   168.55    9.94586E+01   -27.19
   90.00    41.00     -39.72    0.86    0.86    0.00244   -89.48  LEFT      9.10925E-01   167.53    9.73020E+01   -27.58
   90.00    42.00     -39.77    0.66    0.66    0.00237   -89.47  LEFT      9.04703E-01   166.47    9.51319E+01   -27.97
   90.00    43.00     -39.84    0.46    0.46    0.00230   -89.46  LEFT      8.98412E-01   165.39    9.29501E+01   -28.37
   90.00    44.00     -39.90    0.25    0.25    0.00222   -89.45  LEFT      8.92061E-01   164.27    9.07586E+01   -28.78
   90.00    45.00     -39.96    0.04    0.04    0.00213   -89.44  LEFT      8.85658E-01   163.13    8.85592E+01   -29.20
   90.00    46.00     -40.02   -0.18   -0.18    0.00204   -89.43  LEFT      8.79212E-01   161.95    8.63536E+01   -29.62
   90.00    47.00     -40.09   -0.40   -0.40    0.00194   -89.42  LEFT      8.72733E-01   160.74    8.41436E+01   -30.06
   90.00    48.00     -40.15   -0.64   -0.64    0.00184   -89.40  LEFT      8.66229E-01   159.51    8.19309E+01   -30.50
   90.00    49.00     -40.22   -0.87   -0.87    0.00172   -89.39  LEFT      8.59711E-01   158.24    7.97169E+01   -30.94
   90.00    50.00     -40.28   -1.12   -1.12    0.00159   -89.38  LEFT      8.53189E-01   156.93    7.75034E+01   -31.40
   90.00    51.00     -40.35   -1.37   -1.37    0.00146   -89.36  LEFT      8.46675E-01   155.60    7.52917E+01   -31.86
   90.00    52.00     -40.42   -1.63   -1.63    0.00131   -89.35  LEFT      8.40180E-01   154.24    7.30834E+01   -32.33
   90.00    53.00     -40.48   -1.89   -1.89    0.00116   -89.33  LEFT      8.33715E-01   152.84    7.08797E+01   -32.80
   90.00    54.00     -40.55   -2.17   -2.17    0.00099   -89.31  LEFT      8.27293E-01   151.41    6.86820E+01   -33.28
   90.00    55.00     -40.62   -2.45   -2.45    0.00080   -89.29  LEFT      8.20927E-01   149.95    6.64916E+01   -33.77
   90.00    56.00     -40.69   -2.74   -2.74    0.00060   -89.28  LEFT      8.14629E-01   148.45    6.43096E+01   -34.26
   90.00    57.00     -40.75   -3.04   -3.04    0.00038   -89.25  LEFT      8.08413E-01   146.92    6.21371E+01   -34.77
   90.00    58.00     -40.82   -3.35   -3.34    0.00015   -89.23  LEFT      8.02293E-01   145.36    5.99753E+01   -35.27
   90.00    59.00     -40.88   -3.66   -3.66    0.00011   -89.21  RIGHT     7.96282E-01   143.77    5.78252E+01   -35.78
   90.00    60.00     -40.95   -3.99   -3.99    0.00039   -89.19  RIGHT     7.90396E-01   142.14    5.56876E+01   -36.30
   90.00    61.00     -41.01   -4.33   -4.33    0.00069   -89.16  RIGHT     7.84648E-01   140.48    5.35635E+01   -36.82
   90.00    62.00     -41.07   -4.68   -4.68    0.00102   -89.13  RIGHT     7.79054E-01   138.79    5.14537E+01   -37.35
   90.00    63.00     -41.13   -5.04   -5.04    0.00138   -89.11  RIGHT     7.73629E-01   137.06    4.93589E+01   -37.89
   90.00    64.00     -41.19   -5.41   -5.41    0.00177   -89.07  RIGHT     7.68387E-01   135.31    4.72800E+01   -38.42
   90.00    65.00     -41.25   -5.80   -5.80    0.00221   -89.04  RIGHT     7.63344E-01   133.52    4.52175E+01   -38.97
   90.00    66.00     -41.31   -6.20   -6.20    0.00268   -89.01  RIGHT     7.58515E-01   131.70    4.31720E+01   -39.52
   90.00    67.00     -41.36   -6.62   -6.62    0.00321   -88.97  RIGHT     7.53915E-01   129.86    4.11442E+01   -40.07
   90.00    68.00     -41.41   -7.05   -7.05    0.00378   -88.92  RIGHT     7.49559E-01   127.98    3.91345E+01   -40.62
   90.00    69.00     -41.46   -7.51   -7.51    0.00442   -88.88  RIGHT     7.45461E-01   126.07    3.71433E+01   -41.18
   90.00    70.00     -41.50   -7.98   -7.98    0.00514   -88.83  RIGHT     7.41636E-01   124.14    3.51711E+01   -41.75
   90.00    71.00     -41.54   -8.48   -8.48    0.00593   -88.77  RIGHT     7.38098E-01   122.19    3.32183E+01   -42.31
   90.00    72.00     -41.58   -9.00   -9.00    0.00683   -88.71  RIGHT     7.34859E-01   120.21    3.12851E+01   -42.89
   90.00    73.00     -41.62   -9.55   -9.54    0.00784   -88.64  RIGHT     7.31933E-01   118.20    2.93718E+01   -43.46
   90.00    74.00     -41.65  -10.12  -10.12    0.00898   -88.57  RIGHT     7.29332E-01   116.18    2.74787E+01   -44.04
   90.00    75.00     -41.67  -10.74  -10.73    0.01029   -88.48  RIGHT     7.27067E-01   114.13    2.56060E+01   -44.61
   90.00    76.00     -41.70  -11.39  -11.39    0.01179   -88.39  RIGHT     7.25147E-01   112.07    2.37539E+01   -45.20
   90.00    77.00     -41.72  -12.09  -12.08    0.01353   -88.28  RIGHT     7.23584E-01   109.99    2.19224E+01   -45.78
   90.00    78.00     -41.73  -12.84  -12.83    0.01558   -88.15  RIGHT     7.22384E-01   107.90    2.01117E+01   -46.37
   90.00    79.00     -41.74  -13.65  -13.64    0.01801   -87.99  RIGHT     7.21556E-01   105.79    1.83218E+01   -46.95
   90.00    80.00     -41.74  -14.53  -14.52    0.02094   -87.81  RIGHT     7.21104E-01   103.68    1.65528E+01   -47.54
   90.00    81.00     -41.75  -15.50  -15.49    0.02454   -87.59  RIGHT     7.21035E-01   101.55    1.48047E+01   -48.13
   90.00    82.00     -41.74  -16.57  -16.56    0.02905   -87.32  RIGHT     7.21352E-01    99.43    1.30775E+01   -48.72
   90.00    83.00     -41.73  -17.79  -17.77    0.03485   -86.96  RIGHT     7.22056E-01    97.29    1.13712E+01   -49.31
   90.00    84.00     -41.72  -19.18  -19.16    0.04259   -86.49  RIGHT     7.23149E-01    95.16    9.68564E+00   -49.91
   90.00    85.00     -41.70  -20.82  -20.79    0.05342   -85.83  RIGHT     7.24630E-01    93.03    8.02085E+00   -50.50
   90.00    86.00     -41.68  -22.81  -22.76    0.06959   -84.85  RIGHT     7.26498E-01    90.91    6.37673E+00   -51.09
   90.00    87.00     -41.65  -25.37  -25.26    0.09626   -83.19  RIGHT     7.28749E-01    88.79    4.75317E+00   -51.67
   90.00    88.00     -41.62  -28.94  -28.71    0.14795   -79.85  RIGHT     7.31380E-01    86.67    3.15006E+00   -52.24
   90.00    89.00     -41.59  -35.00  -34.14    0.28092   -69.28  RIGHT     7.34384E-01    84.57    1.56728E+00   -52.77
   90.00    90.00     -41.55  -83.32  -41.55    0.00809    -0.06  RIGHT     7.37754E-01    82.48    6.01611E-03   -14.63
   90.00    91.00     -41.50  -35.17  -34.26    0.30410    69.28  LEFT      7.41484E-01    80.40    1.53786E+00   125.76
   90.00    92.00     -41.46  -29.19  -28.94    0.17292    80.26  LEFT      7.45564E-01    78.34    3.06050E+00   125.24
   90.00    93.00     -41.40  -25.72  -25.60    0.12138    83.68  LEFT      7.49983E-01    76.30    4.56339E+00   124.67
   90.00    94.00     -41.35  -23.27  -23.21    0.09474    85.35  LEFT      7.54733E-01    74.27    6.04669E+00   124.09
   90.00    95.00     -41.29  -21.39  -21.35    0.07857    86.35  LEFT      7.59799E-01    72.27    7.51056E+00   123.51
   90.00    96.00     -41.23  -19.86  -19.83    0.06773    87.02  LEFT      7.65172E-01    70.29    8.95517E+00   122.92
   90.00    97.00     -41.17  -18.58  -18.56    0.05997    87.49  LEFT      7.70837E-01    68.33    1.03807E+01   122.34
   90.00    98.00     -41.10  -17.48  -17.46    0.05415    87.85  LEFT      7.76781E-01    66.39    1.17872E+01   121.76
   90.00    99.00     -41.03  -16.51  -16.49    0.04962    88.13  LEFT      7.82990E-01    64.48    1.31750E+01   121.18
   90.00   100.00     -40.96  -15.65  -15.64    0.04600    88.35  LEFT      7.89450E-01    62.59    1.45442E+01   120.60
   90.00   101.00     -40.88  -14.88  -14.87    0.04303    88.53  LEFT      7.96147E-01    60.74    1.58949E+01   120.02
   90.00   102.00     -40.81  -14.18  -14.17    0.04057    88.68  LEFT      8.03065E-01    58.90    1.72274E+01   119.45
   90.00   103.00     -40.73  -13.54  -13.53    0.03849    88.81  LEFT      8.10190E-01    57.10    1.85416E+01   118.88
   90.00   104.00     -40.66  -12.95  -12.95    0.03670    88.93  LEFT      8.17508E-01    55.32    1.98378E+01   118.31
   90.00   105.00     -40.58  -12.41  -12.41    0.03516    89.02  LEFT      8.25002E-01    53.58    2.11162E+01   117.75
   90.00   106.00     -40.50  -11.91  -11.90    0.03381    89.11  LEFT      8.32658E-01    51.86    2.23768E+01   117.19
   90.00   107.00     -40.41  -11.44  -11.43    0.03262    89.18  LEFT      8.40462E-01    50.17    2.36198E+01   116.63
   90.00   108.00     -40.33  -11.00  -10.99    0.03156    89.25  LEFT      8.48399E-01    48.51    2.48454E+01   116.07
   90.00   109.00     -40.25  -10.59  -10.58    0.03061    89.31  LEFT      8.56454E-01    46.88    2.60535E+01   115.53
   90.00   110.00     -40.17  -10.20  -10.19    0.02976    89.37  LEFT      8.64613E-01    45.27    2.72443E+01   114.98
   90.00   111.00     -40.09   -9.83   -9.83    0.02899    89.42  LEFT      8.72864E-01    43.70    2.84180E+01   114.44
   90.00   112.00     -40.00   -9.49   -9.48    0.02829    89.46  LEFT      8.81191E-01    42.15    2.95745E+01   113.90
   90.00   113.00     -39.92   -9.16   -9.15    0.02766    89.51  LEFT      8.89583E-01    40.64    3.07140E+01   113.37
   90.00   114.00     -39.84   -8.85   -8.84    0.02707    89.55  LEFT      8.98025E-01    39.15    3.18366E+01   112.84
   90.00   115.00     -39.76   -8.55   -8.55    0.02653    89.58  LEFT      9.06506E-01    37.69    3.29423E+01   112.32
   90.00   116.00     -39.68   -8.27   -8.26    0.02603    89.62  LEFT      9.15014E-01    36.25    3.40312E+01   111.80
   90.00   117.00     -39.60   -8.00   -7.99    0.02557    89.65  LEFT      9.23537E-01    34.85    3.51034E+01   111.28
   90.00   118.00     -39.52   -7.74   -7.74    0.02515    89.68  LEFT      9.32064E-01    33.47    3.61588E+01   110.78
   90.00   119.00     -39.44   -7.49   -7.49    0.02475    89.70  LEFT      9.40584E-01    32.12    3.71975E+01   110.27
   90.00   120.00     -39.36   -7.26   -7.26    0.02437    89.73  LEFT      9.49087E-01    30.80    3.82196E+01   109.78
   90.00   121.00     -39.28   -7.03   -7.03    0.02402    89.75  LEFT      9.57562E-01    29.51    3.92250E+01   109.29
   90.00   122.00     -39.21   -6.82   -6.81    0.02370    89.77  LEFT      9.66000E-01    28.24    4.02139E+01   108.80
   90.00   123.00     -39.13   -6.61   -6.61    0.02339    89.80  LEFT      9.74392E-01    26.99    4.11861E+01   108.32
   90.00   124.00     -39.06   -6.41   -6.41    0.02310    89.82  LEFT      9.82730E-01    25.78    4.21417E+01   107.85
   90.00   125.00     -38.98   -6.22   -6.22    0.02282    89.83  LEFT      9.91005E-01    24.59    4.30808E+01   107.38
   90.00   126.00     -38.91   -6.04   -6.03    0.02256    89.85  LEFT      9.99208E-01    23.42    4.40032E+01   106.92
   90.00   127.00     -38.84   -5.86   -5.86    0.02231    89.87  LEFT      1.00733E+00    22.28    4.49090E+01   106.46
   90.00   128.00     -38.77   -5.69   -5.69    0.02208    89.89  LEFT      1.01537E+00    21.16    4.57982E+01   106.01
   90.00   129.00     -38.70   -5.52   -5.52    0.02186    89.90  LEFT      1.02332E+00    20.07    4.66708E+01   105.57
   90.00   130.00     -38.64   -5.37   -5.36    0.02165    89.92  LEFT      1.03117E+00    19.00    4.75268E+01   105.13
   90.00   131.00     -38.57   -5.21   -5.21    0.02145    89.93  LEFT      1.03891E+00    17.96    4.83660E+01   104.70
   90.00   132.00     -38.51   -5.07   -5.07    0.02125    89.94  LEFT      1.04655E+00    16.94    4.91886E+01   104.28
   90.00   133.00     -38.45   -4.93   -4.92    0.02107    89.96  LEFT      1.05407E+00    15.94    4.99944E+01   103.86
   90.00   134.00     -38.39   -4.79   -4.79    0.02089    89.97  LEFT      1.06147E+00    14.97    5.07835E+01   103.45
   90.00   135.00     -38.33   -4.66   -4.66    0.02073    89.98  LEFT      1.06874E+00    14.02    5.15558E+01   103.05
   90.00   136.00     -38.27   -4.53   -4.53    0.02057    89.99  LEFT      1.07589E+00    13.09    5.23113E+01   102.66
   90.00   137.00     -38.21   -4.41   -4.41    0.02041   -90.00  LEFT      1.08290E+00    12.19    5.30500E+01   102.27
   90.00   138.00     -38.16   -4.29   -4.29    0.02027   -89.99  LEFT      1.08977E+00    11.31    5.37718E+01   101.89
   90.00   139.00     -38.10   -4.18   -4.18    0.02012   -89.98  LEFT      1.09651E+00    10.45    5.44768E+01   101.52
   90.00   140.00     -38.05   -4.07   -4.07    0.01999   -89.97  LEFT      1.10310E+00     9.61    5.51648E+01   101.15
   90.00   141.00     -38.00   -3.97   -3.96    0.01986   -89.96  LEFT      1.10954E+00     8.80    5.58358E+01   100.80
   90.00   142.00     -37.95   -3.87   -3.86    0.01973   -89.95  LEFT      1.11584E+00     8.01    5.64899E+01   100.45
   90.00   143.00     -37.91   -3.77   -3.77    0.01962   -89.94  LEFT      1.12198E+00     7.24    5.71270E+01   100.10
   90.00   144.00     -37.86   -3.67   -3.67    0.01950   -89.94  LEFT      1.12798E+00     6.49    5.77471E+01    99.77
   90.00   145.00     -37.81   -3.58   -3.58    0.01939   -89.93  LEFT      1.13381E+00     5.76    5.83501E+01    99.44
   90.00   146.00     -37.77   -3.50   -3.50    0.01929   -89.92  LEFT      1.13949E+00     5.05    5.89361E+01    99.13
   90.00   147.00     -37.73   -3.41   -3.41    0.01918   -89.91  LEFT      1.14501E+00     4.37    5.95051E+01    98.82
   90.00   148.00     -37.69   -3.33   -3.33    0.01909   -89.91  LEFT      1.15037E+00     3.70    6.00569E+01    98.52
   90.00   149.00     -37.65   -3.26   -3.26    0.01899   -89.90  LEFT      1.15557E+00     3.06    6.05916E+01    98.22
   90.00   150.00     -37.61   -3.18   -3.18    0.01890   -89.90  LEFT      1.16060E+00     2.44    6.11093E+01    97.94
   90.00   151.00     -37.57   -3.11   -3.11    0.01882   -89.89  LEFT      1.16547E+00     1.84    6.16098E+01    97.66
   90.00   152.00     -37.54   -3.04   -3.04    0.01874   -89.88  LEFT      1.17018E+00     1.26    6.20933E+01    97.39
   90.00   153.00     -37.51   -2.98   -2.98    0.01866   -89.88  LEFT      1.17473E+00     0.70    6.25596E+01    97.13
   90.00   154.00     -37.47   -2.92   -2.92    0.01858   -89.87  LEFT      1.17910E+00     0.16    6.30088E+01    96.88
   90.00   155.00     -37.44   -2.86   -2.86    0.01851   -89.87  LEFT      1.18332E+00    -0.35    6.34409E+01    96.64
   90.00   156.00     -37.41   -2.80   -2.80    0.01845   -89.87  LEFT      1.18736E+00    -0.85    6.38559E+01    96.41
   90.00   157.00     -37.38   -2.75   -2.75    0.01838   -89.86  LEFT      1.19124E+00    -1.33    6.42538E+01    96.18
   90.00   158.00     -37.36   -2.70   -2.69    0.01832   -89.86  LEFT      1.19496E+00    -1.78    6.46346E+01    95.97
   90.00   159.00     -37.33   -2.65   -2.65    0.01826   -89.85  LEFT      1.19850E+00    -2.22    6.49983E+01    95.76
   90.00   160.00     -37.31   -2.60   -2.60    0.01820   -89.85  LEFT      1.20188E+00    -2.63    6.53450E+01    95.57
   90.00   161.00     -37.28   -2.56   -2.56    0.01815   -89.85  LEFT      1.20510E+00    -3.03    6.56747E+01    95.38
   90.00   162.00     -37.26   -2.52   -2.51    0.01810   -89.84  LEFT      1.20814E+00    -3.40    6.59873E+01    95.20
   90.00   163.00     -37.24   -2.48   -2.48    0.01806   -89.84  LEFT      1.21102E+00    -3.75    6.62829E+01    95.03
   90.00   164.00     -37.22   -2.44   -2.44    0.01801   -89.84  LEFT      1.21374E+00    -4.09    6.65615E+01    94.87
   90.00   165.00     -37.20   -2.41   -2.40    0.01797   -89.83  LEFT      1.21629E+00    -4.40    6.68231E+01    94.72
   90.00   166.00     -37.19   -2.37   -2.37    0.01793   -89.83  LEFT      1.21867E+00    -4.69    6.70678E+01    94.58
   90.00   167.00     -37.17   -2.35   -2.34    0.01790   -89.83  LEFT      1.22088E+00    -4.96    6.72956E+01    94.45
   90.00   168.00     -37.16   -2.32   -2.32    0.01787   -89.83  LEFT      1.22294E+00    -5.22    6.75064E+01    94.33
   90.00   169.00     -37.14   -2.29   -2.29    0.01784   -89.83  LEFT      1.22482E+00    -5.45    6.77003E+01    94.21
   90.00   170.00     -37.13   -2.27   -2.27    0.01781   -89.82  LEFT      1.22654E+00    -5.66    6.78773E+01    94.11
   90.00   171.00     -37.12   -2.25   -2.25    0.01778   -89.82  LEFT      1.22810E+00    -5.85    6.80375E+01    94.02
   90.00   172.00     -37.11   -2.23   -2.23    0.01776   -89.82  LEFT      1.22949E+00    -6.02    6.81808E+01    93.93
   90.00   173.00     -37.10   -2.22   -2.21    0.01774   -89.82  LEFT      1.23072E+00    -6.17    6.83072E+01    93.86
   90.00   174.00     -37.09   -2.20   -2.20    0.01772   -89.82  LEFT      1.23178E+00    -6.30    6.84168E+01    93.80
   90.00   175.00     -37.09   -2.19   -2.19    0.01771   -89.82  LEFT      1.23268E+00    -6.42    6.85096E+01    93.74
   90.00   176.00     -37.08   -2.18   -2.18    0.01770   -89.82  LEFT      1.23342E+00    -6.51    6.85857E+01    93.70
   90.00   177.00     -37.08   -2.17   -2.17    0.01769   -89.82  LEFT      1.23399E+00    -6.58    6.86449E+01    93.67
   90.00   178.00     -37.08   -2.17   -2.17    0.01768   -89.82  LEFT      1.23440E+00    -6.63    6.86873E+01    93.64
   90.00   179.00     -37.07   -2.16   -2.16    0.01768   -89.82  LEFT      1.23464E+00    -6.66    6.87129E+01    93.63
   90.00   180.00     -37.07   -2.16   -2.16    0.01768   -89.82  LEFT      1.23473E+00    -6.67    6.87217E+01    93.62
   90.00   181.00     -37.07   -2.16   -2.16    0.01768   -89.82  LEFT      1.23464E+00    -6.66    6.87138E+01    93.63
   90.00   182.00     -37.08   -2.17   -2.17    0.01768   -89.82  LEFT      1.23440E+00    -6.63    6.86890E+01    93.64
   90.00   183.00     -37.08   -2.17   -2.17    0.01769   -89.82  LEFT      1.23399E+00    -6.58    6.86475E+01    93.67
   90.00   184.00     -37.08   -2.18   -2.18    0.01770   -89.82  LEFT      1.23342E+00    -6.51    6.85891E+01    93.70
   90.00   185.00     -37.09   -2.19   -2.19    0.01771   -89.82  LEFT      1.23268E+00    -6.42    6.85140E+01    93.75
   90.00   186.00     -37.09   -2.20   -2.20    0.01772   -89.82  LEFT      1.23178E+00    -6.30    6.84220E+01    93.80
   90.00   187.00     -37.10   -2.21   -2.21    0.01774   -89.82  LEFT      1.23072E+00    -6.17    6.83132E+01    93.87
   90.00   188.00     -37.11   -2.23   -2.23    0.01776   -89.82  LEFT      1.22949E+00    -6.02    6.81875E+01    93.94
   90.00   189.00     -37.12   -2.25   -2.25    0.01778   -89.82  LEFT      1.22810E+00    -5.85    6.80450E+01    94.03
   90.00   190.00     -37.13   -2.27   -2.27    0.01781   -89.82  LEFT      1.22654E+00    -5.66    6.78857E+01    94.12
   90.00   191.00     -37.14   -2.29   -2.29    0.01783   -89.83  LEFT      1.22482E+00    -5.45    6.77094E+01    94.22
   90.00   192.00     -37.16   -2.32   -2.32    0.01786   -89.83  LEFT      1.22294E+00    -5.22    6.75162E+01    94.34
   90.00   193.00     -37.17   -2.34   -2.34    0.01789   -89.83  LEFT      1.22088E+00    -4.96    6.73061E+01    94.46
   90.00   194.00     -37.19   -2.37   -2.37    0.01793   -89.83  LEFT      1.21867E+00    -4.69    6.70791E+01    94.59
   90.00   195.00     -37.20   -2.40   -2.40    0.01797   -89.83  LEFT      1.21629E+00    -4.40    6.68351E+01    94.73
   90.00   196.00     -37.22   -2.44   -2.44    0.01801   -89.84  LEFT      1.21374E+00    -4.09    6.65741E+01    94.88
   90.00   197.00     -37.24   -2.48   -2.47    0.01805   -89.84  LEFT      1.21102E+00    -3.75    6.62960E+01    95.04
   90.00   198.00     -37.26   -2.51   -2.51    0.01810   -89.84  LEFT      1.20814E+00    -3.40    6.60010E+01    95.21
   90.00   199.00     -37.28   -2.56   -2.55    0.01815   -89.85  LEFT      1.20510E+00    -3.03    6.56889E+01    95.39
   90.00   200.00     -37.31   -2.60   -2.60    0.01820   -89.85  LEFT      1.20188E+00    -2.63    6.53598E+01    95.58
   90.00   201.00     -37.33   -2.64   -2.64    0.01826   -89.85  LEFT      1.19850E+00    -2.22    6.50136E+01    95.78
   90.00   202.00     -37.36   -2.69   -2.69    0.01831   -89.86  LEFT      1.19496E+00    -1.78    6.46503E+01    95.99
   90.00   203.00     -37.38   -2.74   -2.74    0.01838   -89.86  LEFT      1.19124E+00    -1.33    6.42699E+01    96.20
   90.00   204.00     -37.41   -2.80   -2.80    0.01844   -89.87  LEFT      1.18736E+00    -0.85    6.38723E+01    96.43
   90.00   205.00     -37.44   -2.86   -2.85    0.01851   -89.87  LEFT      1.18332E+00    -0.35    6.34577E+01    96.66
   90.00   206.00     -37.47   -2.91   -2.91    0.01858   -89.87  LEFT      1.17910E+00     0.16    6.30259E+01    96.90
   90.00   207.00     -37.51   -2.98   -2.98    0.01865   -89.88  LEFT      1.17473E+00     0.70    6.25769E+01    97.15
   90.00   208.00     -37.54   -3.04   -3.04    0.01873   -89.88  LEFT      1.17018E+00     1.26    6.21108E+01    97.42
   90.00   209.00     -37.57   -3.11   -3.11    0.01881   -89.89  LEFT      1.16547E+00     1.84    6.16276E+01    97.68
   90.00   210.00     -37.61   -3.18   -3.18    0.01890   -89.90  LEFT      1.16060E+00     2.44    6.11272E+01    97.96
   90.00   211.00     -37.65   -3.25   -3.25    0.01899   -89.90  LEFT      1.15557E+00     3.06    6.06097E+01    98.25
   90.00   212.00     -37.69   -3.33   -3.33    0.01908   -89.91  LEFT      1.15037E+00     3.70    6.00750E+01    98.54
   90.00   213.00     -37.73   -3.41   -3.41    0.01918   -89.91  LEFT      1.14501E+00     4.37    5.95232E+01    98.84
   90.00   214.00     -37.77   -3.49   -3.49    0.01928   -89.92  LEFT      1.13949E+00     5.05    5.89543E+01    99.15
   90.00   215.00     -37.81   -3.58   -3.58    0.01938   -89.93  LEFT      1.13381E+00     5.76    5.83683E+01    99.47
   90.00   216.00     -37.86   -3.67   -3.67    0.01949   -89.94  LEFT      1.12798E+00     6.49    5.77652E+01    99.80
   90.00   217.00     -37.91   -3.77   -3.76    0.01961   -89.94  LEFT      1.12198E+00     7.24    5.71450E+01   100.13
   90.00   218.00     -37.95   -3.86   -3.86    0.01973   -89.95  LEFT      1.11584E+00     8.01    5.65078E+01   100.48
   90.00   219.00     -38.00   -3.96   -3.96    0.01985   -89.96  LEFT      1.10954E+00     8.80    5.58536E+01   100.83
   90.00   220.00     -38.05   -4.07   -4.07    0.01998   -89.97  LEFT      1.10310E+00     9.61    5.51823E+01   101.18
   90.00   221.00     -38.10   -4.18   -4.18    0.02012   -89.98  LEFT      1.09651E+00    10.45    5.44941E+01   101.55
   90.00   222.00     -38.16   -4.29   -4.29    0.02026   -89.99  LEFT      1.08977E+00    11.31    5.37890E+01   101.92
   90.00   223.00     -38.21   -4.41   -4.41    0.02041   -90.00  LEFT      1.08290E+00    12.19    5.30669E+01   102.30
   90.00   224.00     -38.27   -4.53   -4.53    0.02056    89.99  LEFT      1.07589E+00    13.09    5.23279E+01   102.69
   90.00   225.00     -38.33   -4.66   -4.65    0.02072    89.98  LEFT      1.06874E+00    14.02    5.15721E+01   103.09
   90.00   226.00     -38.39   -4.79   -4.79    0.02089    89.97  LEFT      1.06147E+00    14.97    5.07995E+01   103.49
   90.00   227.00     -38.45   -4.92   -4.92    0.02106    89.96  LEFT      1.05407E+00    15.94    5.00101E+01   103.90
   90.00   228.00     -38.51   -5.06   -5.06    0.02125    89.94  LEFT      1.04655E+00    16.94    4.92039E+01   104.31
   90.00   229.00     -38.57   -5.21   -5.21    0.02144    89.93  LEFT      1.03891E+00    17.96    4.83810E+01   104.74
   90.00   230.00     -38.64   -5.36   -5.36    0.02164    89.92  LEFT      1.03117E+00    19.00    4.75414E+01   105.17
   90.00   231.00     -38.70   -5.52   -5.52    0.02185    89.90  LEFT      1.02332E+00    20.07    4.66850E+01   105.60
   90.00   232.00     -38.77   -5.69   -5.68    0.02208    89.89  LEFT      1.01537E+00    21.16    4.58121E+01   106.05
   90.00   233.00     -38.84   -5.86   -5.85    0.02231    89.87  LEFT      1.00733E+00    22.28    4.49225E+01   106.50
   90.00   234.00     -38.91   -6.03   -6.03    0.02256    89.85  LEFT      9.99208E-01    23.42    4.40162E+01   106.95
   90.00   235.00     -38.98   -6.22   -6.21    0.02282    89.84  LEFT      9.91005E-01    24.59    4.30934E+01   107.42
   90.00   236.00     -39.06   -6.41   -6.41    0.02309    89.82  LEFT      9.82730E-01    25.78    4.21540E+01   107.88
   90.00   237.00     -39.13   -6.61   -6.60    0.02338    89.80  LEFT      9.74392E-01    26.99    4.11979E+01   108.36
   90.00   238.00     -39.21   -6.81   -6.81    0.02369    89.78  LEFT      9.66000E-01    28.24    4.02253E+01   108.84
   90.00   239.00     -39.28   -7.03   -7.03    0.02402    89.75  LEFT      9.57562E-01    29.51    3.92361E+01   109.33
   90.00   240.00     -39.36   -7.26   -7.25    0.02437    89.73  LEFT      9.49087E-01    30.80    3.82303E+01   109.82
   90.00   241.00     -39.44   -7.49   -7.49    0.02474    89.70  LEFT      9.40584E-01    32.12    3.72078E+01   110.32
   90.00   242.00     -39.52   -7.74   -7.74    0.02514    89.68  LEFT      9.32064E-01    33.47    3.61687E+01   110.82
   90.00   243.00     -39.60   -8.00   -7.99    0.02557    89.65  LEFT      9.23537E-01    34.85    3.51130E+01   111.33
   90.00   244.00     -39.68   -8.26   -8.26    0.02603    89.62  LEFT      9.15014E-01    36.25    3.40405E+01   111.84
   90.00   245.00     -39.76   -8.55   -8.54    0.02653    89.58  LEFT      9.06506E-01    37.69    3.29513E+01   112.36
   90.00   246.00     -39.84   -8.84   -8.84    0.02707    89.55  LEFT      8.98025E-01    39.15    3.18453E+01   112.88
   90.00   247.00     -39.92   -9.16   -9.15    0.02765    89.51  LEFT      8.89583E-01    40.64    3.07224E+01   113.41
   90.00   248.00     -40.00   -9.48   -9.48    0.02829    89.47  LEFT      8.81191E-01    42.15    2.95826E+01   113.94
   90.00   249.00     -40.09   -9.83   -9.83    0.02899    89.42  LEFT      8.72864E-01    43.70    2.84258E+01   114.48
   90.00   250.00     -40.17  -10.20  -10.19    0.02976    89.37  LEFT      8.64613E-01    45.27    2.72520E+01   115.02
   90.00   251.00     -40.25  -10.59  -10.58    0.03061    89.32  LEFT      8.56454E-01    46.88    2.60609E+01   115.57
   90.00   252.00     -40.33  -11.00  -10.99    0.03156    89.25  LEFT      8.48399E-01    48.51    2.48527E+01   116.12
   90.00   253.00     -40.41  -11.44  -11.43    0.03262    89.19  LEFT      8.40462E-01    50.17    2.36270E+01   116.68
   90.00   254.00     -40.50  -11.91  -11.90    0.03381    89.11  LEFT      8.32658E-01    51.86    2.23839E+01   117.23
   90.00   255.00     -40.58  -12.41  -12.40    0.03516    89.03  LEFT      8.25002E-01    53.58    2.11232E+01   117.80
   90.00   256.00     -40.66  -12.95  -12.94    0.03670    88.93  LEFT      8.17508E-01    55.32    1.98448E+01   118.36
   90.00   257.00     -40.73  -13.54  -13.53    0.03849    88.82  LEFT      8.10190E-01    57.10    1.85485E+01   118.93
   90.00   258.00     -40.81  -14.18  -14.17    0.04057    88.69  LEFT      8.03065E-01    58.90    1.72343E+01   119.50
   90.00   259.00     -40.88  -14.88  -14.87    0.04304    88.53  LEFT      7.96147E-01    60.74    1.59019E+01   120.08
   90.00   260.00     -40.96  -15.65  -15.63    0.04600    88.35  LEFT      7.89450E-01    62.59    1.45512E+01   120.66
   90.00   261.00     -41.03  -16.51  -16.49    0.04963    88.13  LEFT      7.82990E-01    64.48    1.31822E+01   121.24
   90.00   262.00     -41.10  -17.47  -17.45    0.05416    87.85  LEFT      7.76781E-01    66.39    1.17945E+01   121.82
   90.00   263.00     -41.17  -18.57  -18.55    0.05998    87.50  LEFT      7.70837E-01    68.33    1.03881E+01   122.41
   90.00   264.00     -41.23  -19.86  -19.82    0.06774    87.03  LEFT      7.65172E-01    70.29    8.96277E+00   123.00
   90.00   265.00     -41.29  -21.38  -21.34    0.07858    86.36  LEFT      7.59799E-01    72.27    7.51838E+00   123.59
   90.00   266.00     -41.35  -23.26  -23.20    0.09475    85.37  LEFT      7.54733E-01    74.27    6.05476E+00   124.19
   90.00   267.00     -41.40  -25.70  -25.59    0.12139    83.70  LEFT      7.49983E-01    76.30    4.57174E+00   124.79
   90.00   268.00     -41.46  -29.16  -28.92    0.17296    80.31  LEFT      7.45564E-01    78.34    3.06916E+00   125.40
   90.00   269.00     -41.50  -35.12  -34.22    0.30467    69.49  LEFT      7.41484E-01    80.40    1.54686E+00   126.07
   90.00   270.00     -41.55  -83.32  -41.55    0.00809     0.06  LEFT      7.37754E-01    82.48    6.01611E-03   165.37
   90.00   271.00     -41.59  -35.06  -34.18    0.28063   -69.08  RIGHT     7.34384E-01    84.57    1.55752E+00   -53.02
   90.00   272.00     -41.62  -28.97  -28.74    0.14804   -79.80  RIGHT     7.31380E-01    86.67    3.13988E+00   -52.36
   90.00   273.00     -41.65  -25.38  -25.28    0.09632   -83.17  RIGHT     7.28749E-01    88.79    4.74254E+00   -51.74
   90.00   274.00     -41.68  -22.83  -22.77    0.06964   -84.83  RIGHT     7.26498E-01    90.91    6.36563E+00   -51.13
   90.00   275.00     -41.70  -20.83  -20.80    0.05345   -85.82  RIGHT     7.24630E-01    93.03    8.00926E+00   -50.53
   90.00   276.00     -41.72  -19.19  -19.17    0.04262   -86.49  RIGHT     7.23149E-01    95.16    9.67352E+00   -49.93
   90.00   277.00     -41.73  -17.80  -17.78    0.03487   -86.96  RIGHT     7.22056E-01    97.29    1.13585E+01   -49.33
   90.00   278.00     -41.74  -16.58  -16.57    0.02906   -87.31  RIGHT     7.21352E-01    99.43    1.30643E+01   -48.74
   90.00   279.00     -41.75  -15.50  -15.49    0.02455   -87.59  RIGHT     7.21035E-01   101.55    1.47909E+01   -48.14
   90.00   280.00     -41.74  -14.53  -14.53    0.02096   -87.81  RIGHT     7.21104E-01   103.68    1.65384E+01   -47.55
   90.00   281.00     -41.74  -13.65  -13.65    0.01802   -87.99  RIGHT     7.21556E-01   105.79    1.83068E+01   -46.96
   90.00   282.00     -41.73  -12.84  -12.84    0.01559   -88.14  RIGHT     7.22384E-01   107.90    2.00961E+01   -46.37
   90.00   283.00     -41.72  -12.09  -12.09    0.01354   -88.27  RIGHT     7.23584E-01   109.99    2.19062E+01   -45.78
   90.00   284.00     -41.70  -11.40  -11.39    0.01180   -88.39  RIGHT     7.25147E-01   112.07    2.37370E+01   -45.20
   90.00   285.00     -41.67  -10.74  -10.74    0.01029   -88.48  RIGHT     7.27067E-01   114.13    2.55885E+01   -44.62
   90.00   286.00     -41.65  -10.13  -10.13    0.00899   -88.57  RIGHT     7.29332E-01   116.18    2.74606E+01   -44.04
   90.00   287.00     -41.62   -9.55   -9.55    0.00784   -88.64  RIGHT     7.31933E-01   118.20    2.93530E+01   -43.46
   90.00   288.00     -41.58   -9.00   -9.00    0.00683   -88.71  RIGHT     7.34859E-01   120.21    3.12656E+01   -42.89
   90.00   289.00     -41.54   -8.48   -8.48    0.00594   -88.77  RIGHT     7.38098E-01   122.19    3.31981E+01   -42.31
   90.00   290.00     -41.50   -7.99   -7.98    0.00514   -88.83  RIGHT     7.41636E-01   124.14    3.51503E+01   -41.75
   90.00   291.00     -41.46   -7.51   -7.51    0.00443   -88.88  RIGHT     7.45461E-01   126.07    3.71218E+01   -41.18
   90.00   292.00     -41.41   -7.06   -7.06    0.00379   -88.92  RIGHT     7.49559E-01   127.98    3.91123E+01   -40.62
   90.00   293.00     -41.36   -6.62   -6.62    0.00321   -88.97  RIGHT     7.53915E-01   129.86    4.11213E+01   -40.07
   90.00   294.00     -41.31   -6.21   -6.20    0.00268   -89.00  RIGHT     7.58515E-01   131.70    4.31485E+01   -39.52
   90.00   295.00     -41.25   -5.80   -5.80    0.00221   -89.04  RIGHT     7.63344E-01   133.52    4.51934E+01   -38.97
   90.00   296.00     -41.19   -5.42   -5.41    0.00177   -89.07  RIGHT     7.68387E-01   135.31    4.72552E+01   -38.42
   90.00   297.00     -41.13   -5.04   -5.04    0.00138   -89.11  RIGHT     7.73629E-01   137.06    4.93336E+01   -37.89
   90.00   298.00     -41.07   -4.68   -4.68    0.00102   -89.13  RIGHT     7.79054E-01   138.79    5.14277E+01   -37.35
   90.00   299.00     -41.01   -4.33   -4.33    0.00069   -89.16  RIGHT     7.84648E-01   140.48    5.35369E+01   -36.82
   90.00   300.00     -40.95   -3.99   -3.99    0.00039   -89.19  RIGHT     7.90396E-01   142.14    5.56605E+01   -36.30
   90.00   301.00     -40.88   -3.67   -3.67    0.00011   -89.21  RIGHT     7.96282E-01   143.77    5.77975E+01   -35.78
   90.00   302.00     -40.82   -3.35   -3.35    0.00015   -89.23  LEFT      8.02293E-01   145.36    5.99472E+01   -35.27
   90.00   303.00     -40.75   -3.04   -3.04    0.00038   -89.25  LEFT      8.08413E-01   146.92    6.21085E+01   -34.77
   90.00   304.00     -40.69   -2.74   -2.74    0.00060   -89.27  LEFT      8.14629E-01   148.45    6.42804E+01   -34.27
   90.00   305.00     -40.62   -2.45   -2.45    0.00080   -89.29  LEFT      8.20927E-01   149.95    6.64620E+01   -33.77
   90.00   306.00     -40.55   -2.17   -2.17    0.00099   -89.31  LEFT      8.27293E-01   151.41    6.86520E+01   -33.28
   90.00   307.00     -40.48   -1.90   -1.90    0.00116   -89.33  LEFT      8.33715E-01   152.84    7.08493E+01   -32.80
   90.00   308.00     -40.42   -1.63   -1.63    0.00131   -89.35  LEFT      8.40180E-01   154.24    7.30526E+01   -32.33
   90.00   309.00     -40.35   -1.37   -1.37    0.00146   -89.36  LEFT      8.46675E-01   155.60    7.52606E+01   -31.86
   90.00   310.00     -40.28   -1.12   -1.12    0.00160   -89.38  LEFT      8.53189E-01   156.93    7.74720E+01   -31.40
   90.00   311.00     -40.22   -0.88   -0.88    0.00172   -89.39  LEFT      8.59711E-01   158.24    7.96853E+01   -30.94
   90.00   312.00     -40.15   -0.64   -0.64    0.00184   -89.40  LEFT      8.66229E-01   159.51    8.18990E+01   -30.50
   90.00   313.00     -40.09   -0.41   -0.41    0.00194   -89.42  LEFT      8.72733E-01   160.74    8.41116E+01   -30.06
   90.00   314.00     -40.02   -0.18   -0.18    0.00204   -89.43  LEFT      8.79212E-01   161.95    8.63214E+01   -29.63
   90.00   315.00     -39.96    0.04    0.04    0.00214   -89.44  LEFT      8.85658E-01   163.13    8.85269E+01   -29.20
   90.00   316.00     -39.90    0.25    0.25    0.00222   -89.45  LEFT      8.92061E-01   164.27    9.07262E+01   -28.78
   90.00   317.00     -39.84    0.46    0.46    0.00230   -89.46  LEFT      8.98412E-01   165.39    9.29177E+01   -28.38
   90.00   318.00     -39.77    0.66    0.66    0.00237   -89.47  LEFT      9.04703E-01   166.47    9.50994E+01   -27.97
   90.00   319.00     -39.72    0.85    0.86    0.00244   -89.48  LEFT      9.10925E-01   167.53    9.72696E+01   -27.58
   90.00   320.00     -39.66    1.05    1.05    0.00250   -89.49  LEFT      9.17072E-01   168.55    9.94263E+01   -27.20
   90.00   321.00     -39.60    1.23    1.23    0.00256   -89.50  LEFT      9.23136E-01   169.55    1.01568E+02   -26.82
   90.00   322.00     -39.54    1.41    1.41    0.00261   -89.51  LEFT      9.29110E-01   170.52    1.03691E+02   -26.45
   90.00   323.00     -39.49    1.58    1.58    0.00266   -89.52  LEFT      9.34987E-01   171.46    1.05796E+02   -26.09
   90.00   324.00     -39.44    1.75    1.75    0.00271   -89.53  LEFT      9.40762E-01   172.37    1.07879E+02   -25.74
   90.00   325.00     -39.38    1.92    1.92    0.00275   -89.53  LEFT      9.46429E-01   173.25    1.09938E+02   -25.40
   90.00   326.00     -39.33    2.08    2.08    0.00279   -89.54  LEFT      9.51983E-01   174.11    1.11971E+02   -25.06
   90.00   327.00     -39.28    2.23    2.23    0.00283   -89.55  LEFT      9.57417E-01   174.94    1.13977E+02   -24.74
   90.00   328.00     -39.23    2.38    2.38    0.00286   -89.55  LEFT      9.62729E-01   175.74    1.15953E+02   -24.42
   90.00   329.00     -39.19    2.53    2.53    0.00289   -89.56  LEFT      9.67912E-01   176.51    1.17896E+02   -24.11
   90.00   330.00     -39.14    2.66    2.66    0.00292   -89.57  LEFT      9.72963E-01   177.26    1.19805E+02   -23.82
   90.00   331.00     -39.10    2.80    2.80    0.00295   -89.57  LEFT      9.77878E-01   177.98    1.21678E+02   -23.53
   90.00   332.00     -39.06    2.93    2.93    0.00297   -89.58  LEFT      9.82653E-01   178.68    1.23512E+02   -23.25
   90.00   333.00     -39.02    3.05    3.05    0.00299   -89.58  LEFT      9.87285E-01   179.35    1.25305E+02   -22.98
   90.00   334.00     -38.98    3.17    3.18    0.00301   -89.59  LEFT      9.91771E-01   179.99    1.27055E+02   -22.71
   90.00   335.00     -38.94    3.29    3.29    0.00303   -89.59  LEFT      9.96107E-01  -179.39    1.28760E+02   -22.46
   90.00   336.00     -38.90    3.40    3.40    0.00305   -89.60  LEFT      1.00029E+00  -178.80    1.30417E+02   -22.22
   90.00   337.00     -38.87    3.51    3.51    0.00306   -89.60  LEFT      1.00432E+00  -178.23    1.32026E+02   -21.99
   90.00   338.00     -38.83    3.61    3.61    0.00308   -89.61  LEFT      1.00819E+00  -177.69    1.33583E+02   -21.76
   90.00   339.00     -38.80    3.71    3.71    0.00309   -89.61  LEFT      1.01191E+00  -177.18    1.35086E+02   -21.55
   90.00   340.00     -38.77    3.80    3.80    0.00310   -89.61  LEFT      1.01546E+00  -176.69    1.36535E+02   -21.34
   90.00   341.00     -38.74    3.89    3.89    0.00311   -89.62  LEFT      1.01884E+00  -176.22    1.37926E+02   -21.15
   90.00   342.00     -38.72    3.97    3.97    0.00312   -89.62  LEFT      1.02207E+00  -175.78    1.39257E+02   -20.97
   90.00   343.00     -38.69    4.05    4.05    0.00313   -89.62  LEFT      1.02512E+00  -175.36    1.40528E+02   -20.79
   90.00   344.00     -38.66    4.12    4.13    0.00314   -89.63  LEFT      1.02801E+00  -174.97    1.41737E+02   -20.63
   90.00   345.00     -38.64    4.19    4.19    0.00315   -89.63  LEFT      1.03073E+00  -174.60    1.42881E+02   -20.47
   90.00   346.00     -38.62    4.26    4.26    0.00315   -89.63  LEFT      1.03328E+00  -174.25    1.43959E+02   -20.32
   90.00   347.00     -38.60    4.32    4.32    0.00316   -89.63  LEFT      1.03566E+00  -173.93    1.44969E+02   -20.19
   90.00   348.00     -38.58    4.38    4.38    0.00317   -89.64  LEFT      1.03786E+00  -173.63    1.45911E+02   -20.06
   90.00   349.00     -38.57    4.43    4.43    0.00317   -89.64  LEFT      1.03990E+00  -173.36    1.46783E+02   -19.95
   90.00   350.00     -38.55    4.48    4.48    0.00317   -89.64  LEFT      1.04175E+00  -173.11    1.47583E+02   -19.84
   90.00   351.00     -38.54    4.52    4.52    0.00318   -89.64  LEFT      1.04344E+00  -172.89    1.48311E+02   -19.75
   90.00   352.00     -38.52    4.56    4.56    0.00318   -89.64  LEFT      1.04494E+00  -172.69    1.48965E+02   -19.66
   90.00   353.00     -38.51    4.59    4.59    0.00318   -89.64  LEFT      1.04627E+00  -172.51    1.49544E+02   -19.58
   90.00   354.00     -38.50    4.62    4.62    0.00319   -89.64  LEFT      1.04743E+00  -172.36    1.50048E+02   -19.52
   90.00   355.00     -38.49    4.64    4.64    0.00319   -89.65  LEFT      1.04840E+00  -172.23    1.50476E+02   -19.46
   90.00   356.00     -38.49    4.66    4.66    0.00319   -89.65  LEFT      1.04921E+00  -172.12    1.50827E+02   -19.42
   90.00   357.00     -38.48    4.68    4.68    0.00319   -89.65  LEFT      1.04983E+00  -172.04    1.51100E+02   -19.38
   90.00   358.00     -38.48    4.69    4.69    0.00319   -89.65  LEFT      1.05027E+00  -171.98    1.51296E+02   -19.36
   90.00   359.00     -38.48    4.70    4.70    0.00319   -89.65  LEFT      1.05054E+00  -171.94    1.51414E+02   -19.34
   90.00   360.00     -38.48    4.70    4.70    0.00319   -89.65  LEFT      1.05063E+00  -171.93    1.51454E+02   -19.34






 ***** INPUT LINE  6  EN   0    0    0    0  0.00000E+00  0.00000E+00  0.00000E+00  0.00000E+00  0.00000E+00  0.00000E+00

 RUN TIME =     0.016
