1
 x13



                                ***********************************************
                                *                                             *
                                *  NUMERICAL ELECTROMAGNETICS CODE (NEC-5)    *
                                *                                             *
                                ***********************************************




                      **********************************************************

                          Dipole in free space                                                         
                                                                                                       
                          EZNEC Pro/2+ v. 7.0.4  2026-08-25 16:07:09                                   
                                                                                                       
                          ! Written by EZNEC/Pro+ v. 7.0 in NEC-5 format.                              
                                                                                                       

                      **********************************************************





                                 - - - STRUCTURE SPECIFICATION - - -

                                     COORDINATES MUST BE INPUT IN
                                     METERS OR BE SCALED TO METERS
                                     BEFORE STRUCTURE INPUT IS ENDED

 Model definition commands:

 GW    1    11  0.00000E+00 -2.50000E-01  0.00000E+00  0.00000E+00  2.50000E-01  0.00000E+00  5.00000E-04
 GE    0   -1

 Number of nodes :    12
 Number of wire elements :    11
 Number of patch elements:     0
 Number unknowns:    10




 ***** INPUT LINE  1  FR   0    1    0    0  3.42000E+02  0.00000E+00  0.00000E+00  0.00000E+00  0.00000E+00  0.00000E+00
 ***** INPUT LINE  2  GN  -1    0    0    0  0.00000E+00  0.00000E+00  0.00000E+00  0.00000E+00  0.00000E+00  0.00000E+00
 ***** INPUT LINE  3  EX   4    1    6    0  1.41421E+00  0.00000E+00  0.00000E+00  0.00000E+00  0.00000E+00  0.00000E+00
 ***** INPUT LINE  4  PQ   0    0    0    0  0.00000E+00  0.00000E+00  0.00000E+00  0.00000E+00  0.00000E+00  0.00000E+00
 ***** INPUT LINE  5  XQ   0    0    0    0  0.00000E+00  0.00000E+00  0.00000E+00  0.00000E+00  0.00000E+00  0.00000E+00




                                 - - - - - - FREQUENCY - - - - - -

                                    FREQUENCY= 3.4200E+02 MHZ
                                    WAVELENGTH= 8.7661E-01 METERS



                                  - - - ANTENNA ENVIRONMENT - - -

                                            FREE SPACE



                               - - - STRUCTURE IMPEDANCE LOADING - - -

                                   THIS STRUCTURE IS NOT LOADED
ALLOCATE CM:            100



                                - - - MATRIX TIMING - - -

                        FILL=    0.000 SEC.,  FACTOR=    0.000 SEC.



                                          - - - ANTENNA INPUT PARAMETERS - - -

   TAG   SEG.    VOLTAGE (VOLTS)         CURRENT (AMPS)         IMPEDANCE (OHMS)        ADMITTANCE (MHOS)      POWER
   NO.   NO.    REAL        IMAG.       REAL        IMAG.       REAL        IMAG.       REAL        IMAG.     (WATTS)
   1     6 1  1.8170E+02  2.6095E+02  1.4142E+00  0.0000E+00  1.2848E+02  1.8452E+02  2.5414E-03 -3.6498E-03  1.2848E+02



                                       - - - Wire Currents - - -

                             Lengths normalized by wavelength (or 2.*pi/CABS(k))

  Elem.  Tag            Coord. of seg. center          Seg.            - - - Current (Amps) - - -
   No.   No.     X            Y            Z           Length       Real         Imag.        Mag.         Phase
      1    1  0.00000E+00 -2.59264E-01  0.00000E+00  5.18528E-02  2.86262E-01 -5.33520E-02  2.91191E-01  -10.5574
      2    1  0.00000E+00 -2.07411E-01  0.00000E+00  5.18528E-02  8.00758E-01 -1.39341E-01  8.12791E-01   -9.8713
      3    1  0.00000E+00 -1.55558E-01  0.00000E+00  5.18528E-02  1.19761E+00 -1.84539E-01  1.21174E+00   -8.7598
      4    1  0.00000E+00 -1.03706E-01  0.00000E+00  5.18528E-02  1.46167E+00 -1.88134E-01  1.47373E+00   -7.3343
      5    1  0.00000E+00 -5.18528E-02  0.00000E+00  5.18528E-02  1.56922E+00 -1.48016E-01  1.57619E+00   -5.3885
      6    1  0.00000E+00  3.95781E-17  0.00000E+00  5.18528E-02  1.49777E+00 -5.84314E-02  1.49891E+00   -2.2341
      7    1  0.00000E+00  5.18528E-02  0.00000E+00  5.18528E-02  1.41839E+00 -4.20458E-02  1.41901E+00   -1.6979
      8    1  0.00000E+00  1.03706E-01  0.00000E+00  5.18528E-02  1.33843E+00 -1.00659E-01  1.34221E+00   -4.3009
      9    1  0.00000E+00  1.55558E-01  0.00000E+00  5.18528E-02  1.10052E+00 -1.14962E-01  1.10651E+00   -5.9636
     10    1  0.00000E+00  2.07411E-01  0.00000E+00  5.18528E-02  7.37036E-01 -9.32617E-02  7.42914E-01   -7.2117
     11    1  0.00000E+00  2.59264E-01  0.00000E+00  5.18528E-02  2.63671E-01 -3.69123E-02  2.66242E-01   -7.9693



                             - - - Wire Charge Densities - - -

                     Lengths normalized by wavelength (or 2.*pi/CABS(k))

  ELEM.  TAG          Coord. of Seg. Center           Seg.        Charge Density (C/m)
   No.   No.     X            Y            Z          Length        Mag.         Phase
      1    1  0.00000E+00 -2.59264E-01  0.00000E+00  5.18528E-02  5.96245E-09   79.4426
      2    1  0.00000E+00 -2.07411E-01  0.00000E+00  5.18528E-02  4.72087E-09   81.8619
      3    1  0.00000E+00 -1.55558E-01  0.00000E+00  5.18528E-02  3.46221E-09   85.7400
      4    1  0.00000E+00 -1.03706E-01  0.00000E+00  5.18528E-02  1.96293E-09   95.3657
      5    1  0.00000E+00 -5.18528E-02  0.00000E+00  5.18528E-02  6.84376E-10  158.7631
      6    1  0.00000E+00  3.95781E-17  0.00000E+00  5.18528E-02  2.08778E-09 -124.9647
      7    1  0.00000E+00  5.18528E-02  0.00000E+00  5.18528E-02  8.65158E-10    5.6653
      8    1  0.00000E+00  1.03706E-01  0.00000E+00  5.18528E-02  1.75560E-09  -78.8589
      9    1  0.00000E+00  1.55558E-01  0.00000E+00  5.18528E-02  3.14933E-09  -90.8432
     10    1  0.00000E+00  2.07411E-01  0.00000E+00  5.18528E-02  4.31214E-09  -95.2957
     11    1  0.00000E+00  2.59264E-01  0.00000E+00  5.18528E-02  5.45159E-09  -97.9693



                                        - - - POWER BUDGET - - -

                                           INPUT POWER   = 1.2848E+02 WATTS
                                           RADIATED POWER= 1.2848E+02 WATTS
                                           WIRE LOSS     = 0.0000E+00 WATTS
                                           EFFICIENCY    = 100.00 PERCENT




 ***** INPUT LINE  6  EN   0    0    0    0  0.00000E+00  0.00000E+00  0.00000E+00  0.00000E+00  0.00000E+00  0.00000E+00

 RUN TIME =     0.000
