1
 x13



                                ***********************************************
                                *                                             *
                                *  NUMERICAL ELECTROMAGNETICS CODE (NEC-5)    *
                                *                                             *
                                ***********************************************




                      **********************************************************

                          Back yard dipole                                                             
                                                                                                       
                          EZNEC Pro/2+ v. 7.0.4  2026-08-20 20:21:48                                   
                                                                                                       
                          ! Written by EZNEC/Pro+ v. 7.0 in NEC-5 format.                              
                                                                                                       

                      **********************************************************





                                 - - - STRUCTURE SPECIFICATION - - -

                                     COORDINATES MUST BE INPUT IN
                                     METERS OR BE SCALED TO METERS
                                     BEFORE STRUCTURE INPUT IS ENDED

 Model definition commands:

 GW    1    11  0.00000E+00  0.00000E+00  9.14400E+00  0.00000E+00  1.01895E+01  9.14400E+00  1.02620E-03
 GE    1   -1

   GROUND PLANE SPECIFIED.

   WHERE WIRE ENDS TOUCH GROUND, CURRENT WILL BE INTERPOLATED TO IMAGE IN GROUND PLANE.


 Number of nodes :    12
 Number of wire elements :    11
 Number of patch elements:     0
 Number unknowns:    10




 ***** INPUT LINE  1  FR   0    1    0    0  1.40000E+01  0.00000E+00  0.00000E+00  0.00000E+00  0.00000E+00  0.00000E+00
 ***** INPUT LINE  2  GD   0    0    0    0  2.00000E+01  3.03000E-02  1.00000E+00  0.00000E+00  0.00000E+00  0.00000E+00
 ***** INPUT LINE  3  EX   4    1    6    0  1.41421E+00  0.00000E+00  0.00000E+00  0.00000E+00  0.00000E+00  0.00000E+00
 ***** INPUT LINE  4  PQ   0    0    0    0  0.00000E+00  0.00000E+00  0.00000E+00  0.00000E+00  0.00000E+00  0.00000E+00
 ***** INPUT LINE  5  XQ   0    0    0    0  0.00000E+00  0.00000E+00  0.00000E+00  0.00000E+00  0.00000E+00  0.00000E+00




                                 - - - - - - FREQUENCY - - - - - -

                                    FREQUENCY= 1.4000E+01 MHZ
                                    WAVELENGTH= 2.1414E+01 METERS



                                  - - - ANTENNA ENVIRONMENT - - -


Sommerfeld integral tables read:
Potentials: 11 12 13 14 15 21 23 31 33
E, H:
                                        FINITE GROUND.  SOMMERFELD SOLUTION
                                        RELATIVE DIELECTRIC CONST.= 20.000
                                        CONDUCTIVITY= 3.030E-02 MHOS/METER
                                        COMPLEX DIELECTRIC CONSTANT= 2.00000E+01-3.89052E+01



                               - - - STRUCTURE IMPEDANCE LOADING - - -

                                   THIS STRUCTURE IS NOT LOADED
ALLOCATE CM:            100



                                - - - MATRIX TIMING - - -

                        FILL=    0.000 SEC.,  FACTOR=    0.000 SEC.



                                          - - - ANTENNA INPUT PARAMETERS - - -

   TAG   SEG.    VOLTAGE (VOLTS)         CURRENT (AMPS)         IMPEDANCE (OHMS)        ADMITTANCE (MHOS)      POWER
   NO.   NO.    REAL        IMAG.       REAL        IMAG.       REAL        IMAG.       REAL        IMAG.     (WATTS)
   1     6 1  1.0884E+02 -8.6378E+01  1.4142E+00  0.0000E+00  7.6963E+01 -6.1079E+01  7.9722E-03  6.3269E-03  7.6963E+01



                                       - - - Wire Currents - - -

                             Lengths normalized by wavelength (or 2.*pi/CABS(k))

  Elem.  Tag            Coord. of seg. center          Seg.            - - - Current (Amps) - - -
   No.   No.     X            Y            Z           Length       Real         Imag.        Mag.         Phase
      1    1  0.00000E+00  2.16284E-02  4.27005E-01  4.32569E-02  2.03414E-01 -1.69997E-02  2.04123E-01   -4.7772
      2    1  0.00000E+00  6.48853E-02  4.27005E-01  4.32569E-02  5.82396E-01 -4.44583E-02  5.84091E-01   -4.3653
      3    1  0.00000E+00  1.08142E-01  4.27005E-01  4.32569E-02  9.03027E-01 -5.88309E-02  9.04942E-01   -3.7275
      4    1  0.00000E+00  1.51399E-01  4.27005E-01  4.32569E-02  1.15474E+00 -5.97403E-02  1.15629E+00   -2.9615
      5    1  0.00000E+00  1.94656E-01  4.27005E-01  4.32569E-02  1.32330E+00 -4.66152E-02  1.32413E+00   -2.0175
      6    1  0.00000E+00  2.37913E-01  4.27005E-01  4.32569E-02  1.39971E+00 -1.82473E-02  1.39983E+00   -0.7469
      7    1  0.00000E+00  2.81170E-01  4.27005E-01  4.32569E-02  1.34949E+00 -1.37005E-02  1.34956E+00   -0.5817
      8    1  0.00000E+00  3.24426E-01  4.27005E-01  4.32569E-02  1.17582E+00 -3.33322E-02  1.17629E+00   -1.6238
      9    1  0.00000E+00  3.67683E-01  4.27005E-01  4.32569E-02  9.19105E-01 -3.87519E-02  9.19922E-01   -2.4143
     10    1  0.00000E+00  4.10940E-01  4.27005E-01  4.32569E-02  5.92654E-01 -3.16897E-02  5.93500E-01   -3.0607
     11    1  0.00000E+00  4.54197E-01  4.27005E-01  4.32569E-02  2.06982E-01 -1.25695E-02  2.07363E-01   -3.4752



                             - - - Wire Charge Densities - - -

                     Lengths normalized by wavelength (or 2.*pi/CABS(k))

  ELEM.  TAG          Coord. of Seg. Center           Seg.        Charge Density (C/m)
   No.   No.     X            Y            Z          Length        Mag.         Phase
      1    1  0.00000E+00  2.16284E-02  4.27005E-01  4.32569E-02  5.01022E-09   85.2228
      2    1  0.00000E+00  6.48853E-02  4.27005E-01  4.32569E-02  4.31695E-09   86.5908
      3    1  0.00000E+00  1.08142E-01  4.27005E-01  4.32569E-02  3.56188E-09   88.4545
      4    1  0.00000E+00  1.51399E-01  4.27005E-01  4.32569E-02  2.61880E-09   91.6136
      5    1  0.00000E+00  1.94656E-01  4.27005E-01  4.32569E-02  1.53977E-09   99.2841
      6    1  0.00000E+00  2.37913E-01  4.27005E-01  4.32569E-02  5.72057E-10  141.5297
      7    1  0.00000E+00  2.81170E-01  4.27005E-01  4.32569E-02  1.62376E-09  -78.0476
      8    1  0.00000E+00  3.24426E-01  4.27005E-01  4.32569E-02  2.67823E-09  -86.8840
      9    1  0.00000E+00  3.67683E-01  4.27005E-01  4.32569E-02  3.62682E-09  -90.1983
     10    1  0.00000E+00  4.10940E-01  4.27005E-01  4.32569E-02  4.38891E-09  -92.0995
     11    1  0.00000E+00  4.54197E-01  4.27005E-01  4.32569E-02  5.08973E-09  -93.4752



                                        - - - POWER BUDGET - - -

                                           INPUT POWER   = 7.6963E+01 WATTS
                                           RADIATED POWER= 7.6963E+01 WATTS
                                           WIRE LOSS     = 0.0000E+00 WATTS
                                           EFFICIENCY    = 100.00 PERCENT




 ***** INPUT LINE  6  EN   0    0    0    0  0.00000E+00  0.00000E+00  0.00000E+00  0.00000E+00  0.00000E+00  0.00000E+00

Sommerfeld integral tables written in previous run:
Potentials: 11 12 13 14 15 21 23 31 33
E and H:

 RUN TIME =     0.000
