1
 x13



                                ***********************************************
                                *                                             *
                                *  NUMERICAL ELECTROMAGNETICS CODE (NEC-5)    *
                                *                                             *
                                ***********************************************




                      **********************************************************

                          Back yard dipole                                                             
                                                                                                       
                          EZNEC Pro/2+ v. 7.0.4  2026-08-20 20:21:51                                   
                                                                                                       
                          ! Written by EZNEC/Pro+ v. 7.0 in NEC-5 format.                              
                                                                                                       

                      **********************************************************





                                 - - - STRUCTURE SPECIFICATION - - -

                                     COORDINATES MUST BE INPUT IN
                                     METERS OR BE SCALED TO METERS
                                     BEFORE STRUCTURE INPUT IS ENDED

 Model definition commands:

 GW    1    11  0.00000E+00  0.00000E+00  9.14400E+00  0.00000E+00  1.01895E+01  9.14400E+00  1.02620E-03
 GE    1   -1

   GROUND PLANE SPECIFIED.

   WHERE WIRE ENDS TOUCH GROUND, CURRENT WILL BE INTERPOLATED TO IMAGE IN GROUND PLANE.


 Number of nodes :    12
 Number of wire elements :    11
 Number of patch elements:     0
 Number unknowns:    10




 ***** INPUT LINE  1  FR   0    1    0    0  1.40000E+01  0.00000E+00  0.00000E+00  0.00000E+00  0.00000E+00  0.00000E+00
 ***** INPUT LINE  2  GD   0    0    0    0  2.00000E+01  3.03000E-02  1.00000E+00  0.00000E+00  0.00000E+00  0.00000E+00
 ***** INPUT LINE  3  EX   4    1    6    0  1.41421E+00  0.00000E+00  0.00000E+00  0.00000E+00  0.00000E+00  0.00000E+00
 ***** INPUT LINE  4  PQ   0    0    0    0  0.00000E+00  0.00000E+00  0.00000E+00  0.00000E+00  0.00000E+00  0.00000E+00
 ***** INPUT LINE  5  RP   0  181    1 1000  9.00000E+01  0.00000E+00 -1.00000E+00  0.00000E+00  0.00000E+00  0.00000E+00




                                 - - - - - - FREQUENCY - - - - - -

                                    FREQUENCY= 1.4000E+01 MHZ
                                    WAVELENGTH= 2.1414E+01 METERS



                                  - - - ANTENNA ENVIRONMENT - - -


Sommerfeld integral tables read:
Potentials: 11 12 13 14 15 21 23 31 33
E, H:
                                        FINITE GROUND.  SOMMERFELD SOLUTION
                                        RELATIVE DIELECTRIC CONST.= 20.000
                                        CONDUCTIVITY= 3.030E-02 MHOS/METER
                                        COMPLEX DIELECTRIC CONSTANT= 2.00000E+01-3.89052E+01



                               - - - STRUCTURE IMPEDANCE LOADING - - -

                                   THIS STRUCTURE IS NOT LOADED
ALLOCATE CM:            100



                                - - - MATRIX TIMING - - -

                        FILL=    0.000 SEC.,  FACTOR=    0.000 SEC.



                                          - - - ANTENNA INPUT PARAMETERS - - -

   TAG   SEG.    VOLTAGE (VOLTS)         CURRENT (AMPS)         IMPEDANCE (OHMS)        ADMITTANCE (MHOS)      POWER
   NO.   NO.    REAL        IMAG.       REAL        IMAG.       REAL        IMAG.       REAL        IMAG.     (WATTS)
   1     6 1  1.0884E+02 -8.6378E+01  1.4142E+00  0.0000E+00  7.6963E+01 -6.1079E+01  7.9722E-03  6.3269E-03  7.6963E+01



                                       - - - Wire Currents - - -

                             Lengths normalized by wavelength (or 2.*pi/CABS(k))

  Elem.  Tag            Coord. of seg. center          Seg.            - - - Current (Amps) - - -
   No.   No.     X            Y            Z           Length       Real         Imag.        Mag.         Phase
      1    1  0.00000E+00  2.16284E-02  4.27005E-01  4.32569E-02  2.03414E-01 -1.69997E-02  2.04123E-01   -4.7772
      2    1  0.00000E+00  6.48853E-02  4.27005E-01  4.32569E-02  5.82396E-01 -4.44583E-02  5.84091E-01   -4.3653
      3    1  0.00000E+00  1.08142E-01  4.27005E-01  4.32569E-02  9.03027E-01 -5.88309E-02  9.04942E-01   -3.7275
      4    1  0.00000E+00  1.51399E-01  4.27005E-01  4.32569E-02  1.15474E+00 -5.97403E-02  1.15629E+00   -2.9615
      5    1  0.00000E+00  1.94656E-01  4.27005E-01  4.32569E-02  1.32330E+00 -4.66152E-02  1.32413E+00   -2.0175
      6    1  0.00000E+00  2.37913E-01  4.27005E-01  4.32569E-02  1.39971E+00 -1.82473E-02  1.39983E+00   -0.7469
      7    1  0.00000E+00  2.81170E-01  4.27005E-01  4.32569E-02  1.34949E+00 -1.37005E-02  1.34956E+00   -0.5817
      8    1  0.00000E+00  3.24426E-01  4.27005E-01  4.32569E-02  1.17582E+00 -3.33322E-02  1.17629E+00   -1.6238
      9    1  0.00000E+00  3.67683E-01  4.27005E-01  4.32569E-02  9.19105E-01 -3.87519E-02  9.19922E-01   -2.4143
     10    1  0.00000E+00  4.10940E-01  4.27005E-01  4.32569E-02  5.92654E-01 -3.16897E-02  5.93500E-01   -3.0607
     11    1  0.00000E+00  4.54197E-01  4.27005E-01  4.32569E-02  2.06982E-01 -1.25695E-02  2.07363E-01   -3.4752



                             - - - Wire Charge Densities - - -

                     Lengths normalized by wavelength (or 2.*pi/CABS(k))

  ELEM.  TAG          Coord. of Seg. Center           Seg.        Charge Density (C/m)
   No.   No.     X            Y            Z          Length        Mag.         Phase
      1    1  0.00000E+00  2.16284E-02  4.27005E-01  4.32569E-02  5.01022E-09   85.2228
      2    1  0.00000E+00  6.48853E-02  4.27005E-01  4.32569E-02  4.31695E-09   86.5908
      3    1  0.00000E+00  1.08142E-01  4.27005E-01  4.32569E-02  3.56188E-09   88.4545
      4    1  0.00000E+00  1.51399E-01  4.27005E-01  4.32569E-02  2.61880E-09   91.6136
      5    1  0.00000E+00  1.94656E-01  4.27005E-01  4.32569E-02  1.53977E-09   99.2841
      6    1  0.00000E+00  2.37913E-01  4.27005E-01  4.32569E-02  5.72057E-10  141.5297
      7    1  0.00000E+00  2.81170E-01  4.27005E-01  4.32569E-02  1.62376E-09  -78.0476
      8    1  0.00000E+00  3.24426E-01  4.27005E-01  4.32569E-02  2.67823E-09  -86.8840
      9    1  0.00000E+00  3.67683E-01  4.27005E-01  4.32569E-02  3.62682E-09  -90.1983
     10    1  0.00000E+00  4.10940E-01  4.27005E-01  4.32569E-02  4.38891E-09  -92.0995
     11    1  0.00000E+00  4.54197E-01  4.27005E-01  4.32569E-02  5.08973E-09  -93.4752



                                        - - - POWER BUDGET - - -

                                           INPUT POWER   = 7.6963E+01 WATTS
                                           RADIATED POWER= 7.6963E+01 WATTS
                                           WIRE LOSS     = 0.0000E+00 WATTS
                                           EFFICIENCY    = 100.00 PERCENT



                                                - - - RADIATION PATTERNS - - -

  - - ANGLES - -          - POWER GAINS -        - - - POLARIZATION - - -    - - - E(THETA) - - -    - - - E(PHI) - - -
  THETA     PHI        VERT.   HOR.    TOTAL      AXIAL     TILT   SENSE     MAGNITUDE    PHASE      MAGNITUDE    PHASE 
 DEGREES  DEGREES       DB      DB      DB        RATIO     DEG.               VOLTS     DEGREES       VOLTS     DEGREES
   90.00     0.00    -999.99 -999.99 -999.99    0.00000     0.00            0.00000E+00     0.00    1.17206E-11    -4.82
   89.00     0.00    -999.99  -18.91  -18.91    0.00000    90.00  LINEAR    0.00000E+00     0.00    7.70451E+00    -4.94
   88.00     0.00    -999.99  -12.92  -12.92    0.00000    90.00  LINEAR    0.00000E+00     0.00    1.53542E+01    -5.01
   87.00     0.00    -999.99   -9.43   -9.43    0.00000    90.00  LINEAR    0.00000E+00     0.00    2.29294E+01    -5.08
   86.00     0.00    -999.99   -6.98   -6.98    0.00000    90.00  LINEAR    0.00000E+00     0.00    3.04107E+01    -5.15
   85.00     0.00    -999.99   -5.10   -5.10    0.00000    90.00  LINEAR    0.00000E+00     0.00    3.77793E+01    -5.21
   84.00     0.00    -999.99   -3.57   -3.57    0.00000    90.00  LINEAR    0.00000E+00     0.00    4.50167E+01    -5.27
   83.00     0.00    -999.99   -2.30   -2.30    0.00000    90.00  LINEAR    0.00000E+00     0.00    5.21054E+01    -5.32
   82.00     0.00    -999.99   -1.22   -1.22    0.00000    90.00  LINEAR    0.00000E+00     0.00    5.90285E+01    -5.37
   81.00     0.00    -999.99   -0.28   -0.28    0.00000    90.00  LINEAR    0.00000E+00     0.00    6.57697E+01    -5.41
   80.00     0.00    -999.99    0.54    0.54    0.00000    90.00  LINEAR    0.00000E+00     0.00    7.23139E+01    -5.45
   79.00     0.00    -999.99    1.27    1.27    0.00000    90.00  LINEAR    0.00000E+00     0.00    7.86467E+01    -5.49
   78.00     0.00    -999.99    1.92    1.92    0.00000    90.00  LINEAR    0.00000E+00     0.00    8.47547E+01    -5.52
   77.00     0.00    -999.99    2.50    2.50    0.00000    90.00  LINEAR    0.00000E+00     0.00    9.06256E+01    -5.54
   76.00     0.00    -999.99    3.03    3.03    0.00000    90.00  LINEAR    0.00000E+00     0.00    9.62481E+01    -5.56
   75.00     0.00    -999.99    3.50    3.50    0.00000    90.00  LINEAR    0.00000E+00     0.00    1.01612E+02    -5.58
   74.00     0.00    -999.99    3.92    3.92    0.00000    90.00  LINEAR    0.00000E+00     0.00    1.06709E+02    -5.59
   73.00     0.00    -999.99    4.31    4.31    0.00000    90.00  LINEAR    0.00000E+00     0.00    1.11530E+02    -5.60
   72.00     0.00    -999.99    4.65    4.65    0.00000    90.00  LINEAR    0.00000E+00     0.00    1.16069E+02    -5.60
   71.00     0.00    -999.99    4.97    4.97    0.00000    90.00  LINEAR    0.00000E+00     0.00    1.20320E+02    -5.60
   70.00     0.00    -999.99    5.25    5.25    0.00000    90.00  LINEAR    0.00000E+00     0.00    1.24279E+02    -5.59
   69.00     0.00    -999.99    5.50    5.50    0.00000    90.00  LINEAR    0.00000E+00     0.00    1.27943E+02    -5.57
   68.00     0.00    -999.99    5.72    5.72    0.00000    90.00  LINEAR    0.00000E+00     0.00    1.31310E+02    -5.56
   67.00     0.00    -999.99    5.93    5.93    0.00000    90.00  LINEAR    0.00000E+00     0.00    1.34378E+02    -5.53
   66.00     0.00    -999.99    6.10    6.10    0.00000    90.00  LINEAR    0.00000E+00     0.00    1.37149E+02    -5.50
   65.00     0.00    -999.99    6.26    6.26    0.00000    90.00  LINEAR    0.00000E+00     0.00    1.39622E+02    -5.46
   64.00     0.00    -999.99    6.39    6.39    0.00000    90.00  LINEAR    0.00000E+00     0.00    1.41801E+02    -5.42
   63.00     0.00    -999.99    6.51    6.51    0.00000    90.00  LINEAR    0.00000E+00     0.00    1.43689E+02    -5.38
   62.00     0.00    -999.99    6.60    6.60    0.00000    90.00  LINEAR    0.00000E+00     0.00    1.45290E+02    -5.32
   61.00     0.00    -999.99    6.68    6.68    0.00000    90.00  LINEAR    0.00000E+00     0.00    1.46608E+02    -5.26
   60.00     0.00    -999.99    6.74    6.74    0.00000    90.00  LINEAR    0.00000E+00     0.00    1.47651E+02    -5.20
   59.00     0.00    -999.99    6.79    6.79    0.00000    90.00  LINEAR    0.00000E+00     0.00    1.48424E+02    -5.12
   58.00     0.00    -999.99    6.82    6.82    0.00000    90.00  LINEAR    0.00000E+00     0.00    1.48936E+02    -5.05
   57.00     0.00    -999.99    6.83    6.83    0.00000    90.00  LINEAR    0.00000E+00     0.00    1.49194E+02    -4.96
   56.00     0.00    -999.99    6.83    6.83    0.00000    90.00  LINEAR    0.00000E+00     0.00    1.49207E+02    -4.87
   55.00     0.00    -999.99    6.82    6.82    0.00000    90.00  LINEAR    0.00000E+00     0.00    1.48984E+02    -4.77
   54.00     0.00    -999.99    6.80    6.80    0.00000    90.00  LINEAR    0.00000E+00     0.00    1.48536E+02    -4.66
   53.00     0.00    -999.99    6.76    6.76    0.00000    90.00  LINEAR    0.00000E+00     0.00    1.47872E+02    -4.55
   52.00     0.00    -999.99    6.71    6.71    0.00000    90.00  LINEAR    0.00000E+00     0.00    1.47003E+02    -4.43
   51.00     0.00    -999.99    6.64    6.64    0.00000    90.00  LINEAR    0.00000E+00     0.00    1.45940E+02    -4.30
   50.00     0.00    -999.99    6.57    6.57    0.00000    90.00  LINEAR    0.00000E+00     0.00    1.44694E+02    -4.16
   49.00     0.00    -999.99    6.48    6.48    0.00000    90.00  LINEAR    0.00000E+00     0.00    1.43277E+02    -4.01
   48.00     0.00    -999.99    6.39    6.39    0.00000    90.00  LINEAR    0.00000E+00     0.00    1.41700E+02    -3.86
   47.00     0.00    -999.99    6.28    6.28    0.00000    90.00  LINEAR    0.00000E+00     0.00    1.39975E+02    -3.69
   46.00     0.00    -999.99    6.16    6.16    0.00000    90.00  LINEAR    0.00000E+00     0.00    1.38112E+02    -3.52
   45.00     0.00    -999.99    6.04    6.04    0.00000    90.00  LINEAR    0.00000E+00     0.00    1.36125E+02    -3.34
   44.00     0.00    -999.99    5.90    5.90    0.00000    90.00  LINEAR    0.00000E+00     0.00    1.34024E+02    -3.15
   43.00     0.00    -999.99    5.76    5.76    0.00000    90.00  LINEAR    0.00000E+00     0.00    1.31821E+02    -2.95
   42.00     0.00    -999.99    5.61    5.61    0.00000    90.00  LINEAR    0.00000E+00     0.00    1.29527E+02    -2.74
   41.00     0.00    -999.99    5.45    5.45    0.00000    90.00  LINEAR    0.00000E+00     0.00    1.27154E+02    -2.52
   40.00     0.00    -999.99    5.28    5.28    0.00000    90.00  LINEAR    0.00000E+00     0.00    1.24712E+02    -2.28
   39.00     0.00    -999.99    5.10    5.10    0.00000    90.00  LINEAR    0.00000E+00     0.00    1.22212E+02    -2.04
   38.00     0.00    -999.99    4.92    4.92    0.00000    90.00  LINEAR    0.00000E+00     0.00    1.19664E+02    -1.79
   37.00     0.00    -999.99    4.73    4.73    0.00000    90.00  LINEAR    0.00000E+00     0.00    1.17079E+02    -1.52
   36.00     0.00    -999.99    4.53    4.53    0.00000    90.00  LINEAR    0.00000E+00     0.00    1.14466E+02    -1.25
   35.00     0.00    -999.99    4.33    4.33    0.00000    90.00  LINEAR    0.00000E+00     0.00    1.11835E+02    -0.96
   34.00     0.00    -999.99    4.12    4.12    0.00000    90.00  LINEAR    0.00000E+00     0.00    1.09194E+02    -0.66
   33.00     0.00    -999.99    3.91    3.91    0.00000    90.00  LINEAR    0.00000E+00     0.00    1.06554E+02    -0.35
   32.00     0.00    -999.99    3.69    3.69    0.00000    90.00  LINEAR    0.00000E+00     0.00    1.03922E+02    -0.02
   31.00     0.00    -999.99    3.47    3.47    0.00000    90.00  LINEAR    0.00000E+00     0.00    1.01306E+02     0.31
   30.00     0.00    -999.99    3.25    3.25    0.00000    90.00  LINEAR    0.00000E+00     0.00    9.87132E+01     0.66
   29.00     0.00    -999.99    3.02    3.02    0.00000    90.00  LINEAR    0.00000E+00     0.00    9.61519E+01     1.02
   28.00     0.00    -999.99    2.79    2.79    0.00000    90.00  LINEAR    0.00000E+00     0.00    9.36285E+01     1.40
   27.00     0.00    -999.99    2.55    2.55    0.00000    90.00  LINEAR    0.00000E+00     0.00    9.11495E+01     1.78
   26.00     0.00    -999.99    2.32    2.32    0.00000    90.00  LINEAR    0.00000E+00     0.00    8.87209E+01     2.18
   25.00     0.00    -999.99    2.08    2.08    0.00000    90.00  LINEAR    0.00000E+00     0.00    8.63486E+01     2.58
   24.00     0.00    -999.99    1.85    1.85    0.00000    90.00  LINEAR    0.00000E+00     0.00    8.40377E+01     3.00
   23.00     0.00    -999.99    1.61    1.61    0.00000    90.00  LINEAR    0.00000E+00     0.00    8.17933E+01     3.43
   22.00     0.00    -999.99    1.38    1.38    0.00000    90.00  LINEAR    0.00000E+00     0.00    7.96199E+01     3.86
   21.00     0.00    -999.99    1.15    1.15    0.00000    90.00  LINEAR    0.00000E+00     0.00    7.75217E+01     4.30
   20.00     0.00    -999.99    0.92    0.92    0.00000    90.00  LINEAR    0.00000E+00     0.00    7.55025E+01     4.75
   19.00     0.00    -999.99    0.69    0.69    0.00000    90.00  LINEAR    0.00000E+00     0.00    7.35660E+01     5.20
   18.00     0.00    -999.99    0.47    0.47    0.00000    90.00  LINEAR    0.00000E+00     0.00    7.17153E+01     5.65
   17.00     0.00    -999.99    0.25    0.25    0.00000    90.00  LINEAR    0.00000E+00     0.00    6.99532E+01     6.11
   16.00     0.00    -999.99    0.04    0.04    0.00000    90.00  LINEAR    0.00000E+00     0.00    6.82823E+01     6.56
   15.00     0.00    -999.99   -0.16   -0.16    0.00000    90.00  LINEAR    0.00000E+00     0.00    6.67048E+01     7.00
   14.00     0.00    -999.99   -0.35   -0.35    0.00000    90.00  LINEAR    0.00000E+00     0.00    6.52228E+01     7.44
   13.00     0.00    -999.99   -0.54   -0.54    0.00000    90.00  LINEAR    0.00000E+00     0.00    6.38379E+01     7.87
   12.00     0.00    -999.99   -0.72   -0.72    0.00000    90.00  LINEAR    0.00000E+00     0.00    6.25516E+01     8.29
   11.00     0.00    -999.99   -0.88   -0.88    0.00000    90.00  LINEAR    0.00000E+00     0.00    6.13651E+01     8.69
   10.00     0.00    -999.99   -1.04   -1.04    0.00000    90.00  LINEAR    0.00000E+00     0.00    6.02795E+01     9.07
    9.00     0.00    -999.99   -1.18   -1.18    0.00000    90.00  LINEAR    0.00000E+00     0.00    5.92956E+01     9.42
    8.00     0.00    -999.99   -1.31   -1.31    0.00000    90.00  LINEAR    0.00000E+00     0.00    5.84141E+01     9.75
    7.00     0.00    -999.99   -1.43   -1.43    0.00000    90.00  LINEAR    0.00000E+00     0.00    5.76354E+01    10.05
    6.00     0.00    -999.99   -1.53   -1.53    0.00000    90.00  LINEAR    0.00000E+00     0.00    5.69600E+01    10.32
    5.00     0.00    -999.99   -1.62   -1.62    0.00000    90.00  LINEAR    0.00000E+00     0.00    5.63882E+01    10.55
    4.00     0.00    -999.99   -1.69   -1.69    0.00000    90.00  LINEAR    0.00000E+00     0.00    5.59201E+01    10.74
    3.00     0.00    -999.99   -1.75   -1.75    0.00000    90.00  LINEAR    0.00000E+00     0.00    5.55559E+01    10.90
    2.00     0.00    -999.99   -1.79   -1.79    0.00000    90.00  LINEAR    0.00000E+00     0.00    5.52957E+01    11.01
    1.00     0.00    -999.99   -1.81   -1.81    0.00000    90.00  LINEAR    0.00000E+00     0.00    5.51396E+01    11.07
    0.00     0.00    -999.99   -1.82   -1.82    0.00000    90.00  LINEAR    0.00000E+00     0.00    5.50876E+01    11.10
   -1.00     0.00    -999.99   -1.81   -1.81    0.00000    90.00  LINEAR    0.00000E+00     0.00    5.51396E+01    11.07
   -2.00     0.00    -999.99   -1.79   -1.79    0.00000    90.00  LINEAR    0.00000E+00     0.00    5.52957E+01    11.01
   -3.00     0.00    -999.99   -1.75   -1.75    0.00000    90.00  LINEAR    0.00000E+00     0.00    5.55559E+01    10.90
   -4.00     0.00    -999.99   -1.69   -1.69    0.00000    90.00  LINEAR    0.00000E+00     0.00    5.59201E+01    10.74
   -5.00     0.00    -999.99   -1.62   -1.62    0.00000    90.00  LINEAR    0.00000E+00     0.00    5.63882E+01    10.55
   -6.00     0.00    -999.99   -1.53   -1.53    0.00000    90.00  LINEAR    0.00000E+00     0.00    5.69600E+01    10.32
   -7.00     0.00    -999.99   -1.43   -1.43    0.00000    90.00  LINEAR    0.00000E+00     0.00    5.76354E+01    10.05
   -8.00     0.00    -999.99   -1.31   -1.31    0.00000    90.00  LINEAR    0.00000E+00     0.00    5.84141E+01     9.75
   -9.00     0.00    -999.99   -1.18   -1.18    0.00000    90.00  LINEAR    0.00000E+00     0.00    5.92956E+01     9.42
  -10.00     0.00    -999.99   -1.04   -1.04    0.00000    90.00  LINEAR    0.00000E+00     0.00    6.02795E+01     9.07
  -11.00     0.00    -999.99   -0.88   -0.88    0.00000    90.00  LINEAR    0.00000E+00     0.00    6.13651E+01     8.69
  -12.00     0.00    -999.99   -0.72   -0.72    0.00000    90.00  LINEAR    0.00000E+00     0.00    6.25516E+01     8.29
  -13.00     0.00    -999.99   -0.54   -0.54    0.00000    90.00  LINEAR    0.00000E+00     0.00    6.38379E+01     7.87
  -14.00     0.00    -999.99   -0.35   -0.35    0.00000    90.00  LINEAR    0.00000E+00     0.00    6.52228E+01     7.44
  -15.00     0.00    -999.99   -0.16   -0.16    0.00000    90.00  LINEAR    0.00000E+00     0.00    6.67048E+01     7.00
  -16.00     0.00    -999.99    0.04    0.04    0.00000    90.00  LINEAR    0.00000E+00     0.00    6.82823E+01     6.56
  -17.00     0.00    -999.99    0.25    0.25    0.00000    90.00  LINEAR    0.00000E+00     0.00    6.99532E+01     6.11
  -18.00     0.00    -999.99    0.47    0.47    0.00000    90.00  LINEAR    0.00000E+00     0.00    7.17153E+01     5.65
  -19.00     0.00    -999.99    0.69    0.69    0.00000    90.00  LINEAR    0.00000E+00     0.00    7.35660E+01     5.20
  -20.00     0.00    -999.99    0.92    0.92    0.00000    90.00  LINEAR    0.00000E+00     0.00    7.55025E+01     4.75
  -21.00     0.00    -999.99    1.15    1.15    0.00000    90.00  LINEAR    0.00000E+00     0.00    7.75217E+01     4.30
  -22.00     0.00    -999.99    1.38    1.38    0.00000    90.00  LINEAR    0.00000E+00     0.00    7.96199E+01     3.86
  -23.00     0.00    -999.99    1.61    1.61    0.00000    90.00  LINEAR    0.00000E+00     0.00    8.17933E+01     3.43
  -24.00     0.00    -999.99    1.85    1.85    0.00000    90.00  LINEAR    0.00000E+00     0.00    8.40377E+01     3.00
  -25.00     0.00    -999.99    2.08    2.08    0.00000    90.00  LINEAR    0.00000E+00     0.00    8.63486E+01     2.58
  -26.00     0.00    -999.99    2.32    2.32    0.00000    90.00  LINEAR    0.00000E+00     0.00    8.87209E+01     2.18
  -27.00     0.00    -999.99    2.55    2.55    0.00000    90.00  LINEAR    0.00000E+00     0.00    9.11495E+01     1.78
  -28.00     0.00    -999.99    2.79    2.79    0.00000    90.00  LINEAR    0.00000E+00     0.00    9.36285E+01     1.40
  -29.00     0.00    -999.99    3.02    3.02    0.00000    90.00  LINEAR    0.00000E+00     0.00    9.61519E+01     1.02
  -30.00     0.00    -999.99    3.25    3.25    0.00000    90.00  LINEAR    0.00000E+00     0.00    9.87132E+01     0.66
  -31.00     0.00    -999.99    3.47    3.47    0.00000    90.00  LINEAR    0.00000E+00     0.00    1.01306E+02     0.31
  -32.00     0.00    -999.99    3.69    3.69    0.00000    90.00  LINEAR    0.00000E+00     0.00    1.03922E+02    -0.02
  -33.00     0.00    -999.99    3.91    3.91    0.00000    90.00  LINEAR    0.00000E+00     0.00    1.06554E+02    -0.35
  -34.00     0.00    -999.99    4.12    4.12    0.00000    90.00  LINEAR    0.00000E+00     0.00    1.09194E+02    -0.66
  -35.00     0.00    -999.99    4.33    4.33    0.00000    90.00  LINEAR    0.00000E+00     0.00    1.11835E+02    -0.96
  -36.00     0.00    -999.99    4.53    4.53    0.00000    90.00  LINEAR    0.00000E+00     0.00    1.14466E+02    -1.25
  -37.00     0.00    -999.99    4.73    4.73    0.00000    90.00  LINEAR    0.00000E+00     0.00    1.17079E+02    -1.52
  -38.00     0.00    -999.99    4.92    4.92    0.00000    90.00  LINEAR    0.00000E+00     0.00    1.19664E+02    -1.79
  -39.00     0.00    -999.99    5.10    5.10    0.00000    90.00  LINEAR    0.00000E+00     0.00    1.22212E+02    -2.04
  -40.00     0.00    -999.99    5.28    5.28    0.00000    90.00  LINEAR    0.00000E+00     0.00    1.24712E+02    -2.28
  -41.00     0.00    -999.99    5.45    5.45    0.00000    90.00  LINEAR    0.00000E+00     0.00    1.27154E+02    -2.52
  -42.00     0.00    -999.99    5.61    5.61    0.00000    90.00  LINEAR    0.00000E+00     0.00    1.29527E+02    -2.74
  -43.00     0.00    -999.99    5.76    5.76    0.00000    90.00  LINEAR    0.00000E+00     0.00    1.31821E+02    -2.95
  -44.00     0.00    -999.99    5.90    5.90    0.00000    90.00  LINEAR    0.00000E+00     0.00    1.34024E+02    -3.15
  -45.00     0.00    -999.99    6.04    6.04    0.00000    90.00  LINEAR    0.00000E+00     0.00    1.36125E+02    -3.34
  -46.00     0.00    -999.99    6.16    6.16    0.00000    90.00  LINEAR    0.00000E+00     0.00    1.38112E+02    -3.52
  -47.00     0.00    -999.99    6.28    6.28    0.00000    90.00  LINEAR    0.00000E+00     0.00    1.39975E+02    -3.69
  -48.00     0.00    -999.99    6.39    6.39    0.00000    90.00  LINEAR    0.00000E+00     0.00    1.41700E+02    -3.86
  -49.00     0.00    -999.99    6.48    6.48    0.00000    90.00  LINEAR    0.00000E+00     0.00    1.43277E+02    -4.01
  -50.00     0.00    -999.99    6.57    6.57    0.00000    90.00  LINEAR    0.00000E+00     0.00    1.44694E+02    -4.16
  -51.00     0.00    -999.99    6.64    6.64    0.00000    90.00  LINEAR    0.00000E+00     0.00    1.45940E+02    -4.30
  -52.00     0.00    -999.99    6.71    6.71    0.00000    90.00  LINEAR    0.00000E+00     0.00    1.47003E+02    -4.43
  -53.00     0.00    -999.99    6.76    6.76    0.00000    90.00  LINEAR    0.00000E+00     0.00    1.47872E+02    -4.55
  -54.00     0.00    -999.99    6.80    6.80    0.00000    90.00  LINEAR    0.00000E+00     0.00    1.48536E+02    -4.66
  -55.00     0.00    -999.99    6.82    6.82    0.00000    90.00  LINEAR    0.00000E+00     0.00    1.48984E+02    -4.77
  -56.00     0.00    -999.99    6.83    6.83    0.00000    90.00  LINEAR    0.00000E+00     0.00    1.49207E+02    -4.87
  -57.00     0.00    -999.99    6.83    6.83    0.00000    90.00  LINEAR    0.00000E+00     0.00    1.49194E+02    -4.96
  -58.00     0.00    -999.99    6.82    6.82    0.00000    90.00  LINEAR    0.00000E+00     0.00    1.48936E+02    -5.05
  -59.00     0.00    -999.99    6.79    6.79    0.00000    90.00  LINEAR    0.00000E+00     0.00    1.48424E+02    -5.12
  -60.00     0.00    -999.99    6.74    6.74    0.00000    90.00  LINEAR    0.00000E+00     0.00    1.47651E+02    -5.20
  -61.00     0.00    -999.99    6.68    6.68    0.00000    90.00  LINEAR    0.00000E+00     0.00    1.46608E+02    -5.26
  -62.00     0.00    -999.99    6.60    6.60    0.00000    90.00  LINEAR    0.00000E+00     0.00    1.45290E+02    -5.32
  -63.00     0.00    -999.99    6.51    6.51    0.00000    90.00  LINEAR    0.00000E+00     0.00    1.43689E+02    -5.38
  -64.00     0.00    -999.99    6.39    6.39    0.00000    90.00  LINEAR    0.00000E+00     0.00    1.41801E+02    -5.42
  -65.00     0.00    -999.99    6.26    6.26    0.00000    90.00  LINEAR    0.00000E+00     0.00    1.39622E+02    -5.46
  -66.00     0.00    -999.99    6.10    6.10    0.00000    90.00  LINEAR    0.00000E+00     0.00    1.37149E+02    -5.50
  -67.00     0.00    -999.99    5.93    5.93    0.00000    90.00  LINEAR    0.00000E+00     0.00    1.34378E+02    -5.53
  -68.00     0.00    -999.99    5.72    5.72    0.00000    90.00  LINEAR    0.00000E+00     0.00    1.31310E+02    -5.56
  -69.00     0.00    -999.99    5.50    5.50    0.00000    90.00  LINEAR    0.00000E+00     0.00    1.27943E+02    -5.57
  -70.00     0.00    -999.99    5.25    5.25    0.00000    90.00  LINEAR    0.00000E+00     0.00    1.24279E+02    -5.59
  -71.00     0.00    -999.99    4.97    4.97    0.00000    90.00  LINEAR    0.00000E+00     0.00    1.20320E+02    -5.60
  -72.00     0.00    -999.99    4.65    4.65    0.00000    90.00  LINEAR    0.00000E+00     0.00    1.16069E+02    -5.60
  -73.00     0.00    -999.99    4.31    4.31    0.00000    90.00  LINEAR    0.00000E+00     0.00    1.11530E+02    -5.60
  -74.00     0.00    -999.99    3.92    3.92    0.00000    90.00  LINEAR    0.00000E+00     0.00    1.06709E+02    -5.59
  -75.00     0.00    -999.99    3.50    3.50    0.00000    90.00  LINEAR    0.00000E+00     0.00    1.01612E+02    -5.58
  -76.00     0.00    -999.99    3.03    3.03    0.00000    90.00  LINEAR    0.00000E+00     0.00    9.62481E+01    -5.56
  -77.00     0.00    -999.99    2.50    2.50    0.00000    90.00  LINEAR    0.00000E+00     0.00    9.06256E+01    -5.54
  -78.00     0.00    -999.99    1.92    1.92    0.00000    90.00  LINEAR    0.00000E+00     0.00    8.47547E+01    -5.52
  -79.00     0.00    -999.99    1.27    1.27    0.00000    90.00  LINEAR    0.00000E+00     0.00    7.86467E+01    -5.49
  -80.00     0.00    -999.99    0.54    0.54    0.00000    90.00  LINEAR    0.00000E+00     0.00    7.23139E+01    -5.45
  -81.00     0.00    -999.99   -0.28   -0.28    0.00000    90.00  LINEAR    0.00000E+00     0.00    6.57697E+01    -5.41
  -82.00     0.00    -999.99   -1.22   -1.22    0.00000    90.00  LINEAR    0.00000E+00     0.00    5.90285E+01    -5.37
  -83.00     0.00    -999.99   -2.30   -2.30    0.00000    90.00  LINEAR    0.00000E+00     0.00    5.21054E+01    -5.32
  -84.00     0.00    -999.99   -3.57   -3.57    0.00000    90.00  LINEAR    0.00000E+00     0.00    4.50167E+01    -5.27
  -85.00     0.00    -999.99   -5.10   -5.10    0.00000    90.00  LINEAR    0.00000E+00     0.00    3.77793E+01    -5.21
  -86.00     0.00    -999.99   -6.98   -6.98    0.00000    90.00  LINEAR    0.00000E+00     0.00    3.04107E+01    -5.15
  -87.00     0.00    -999.99   -9.43   -9.43    0.00000    90.00  LINEAR    0.00000E+00     0.00    2.29294E+01    -5.08
  -88.00     0.00    -999.99  -12.92  -12.92    0.00000    90.00  LINEAR    0.00000E+00     0.00    1.53542E+01    -5.01
  -89.00     0.00    -999.99  -18.91  -18.91    0.00000    90.00  LINEAR    0.00000E+00     0.00    7.70451E+00    -4.94
  -90.00     0.00    -999.99 -999.99 -999.99    0.00000     0.00            0.00000E+00     0.00    1.17206E-11    -4.82






 ***** INPUT LINE  6  EN   0    0    0    0  0.00000E+00  0.00000E+00  0.00000E+00  0.00000E+00  0.00000E+00  0.00000E+00

Sommerfeld integral tables written in previous run:
Potentials: 11 12 13 14 15 21 23 31 33
E and H:

 RUN TIME =     0.000
