


                               __________________________________________
                              |                                          |
                              |  NUMERICAL ELECTROMAGNETICS CODE (nec2c) |
                              |   Translated to 'C' in Double Precision  |
                              |__________________________________________|



                               ---------------- COMMENTS ----------------
                               momwire#272 coaxial-rule measurement
                               bent Delta/a rung
                              



                               -------- STRUCTURE SPECIFICATION --------
                                     COORDINATES MUST BE INPUT IN
                                     METERS OR BE SCALED TO METERS
                                     BEFORE STRUCTURE INPUT IS ENDED

  WIRE                                                                                 SEG FIRST  LAST  TAG
   No:        X1         Y1         Z1         X2         Y2         Z2       RADIUS   No:   SEG   SEG  No:
     1    -0.25000    0.00000    0.00000    0.00000    0.00000    0.00000    0.00568    11     1    11    1
     2     0.00000    0.00000    0.00000    0.00000    0.25000    0.00000    0.00568    11    12    22    2

     TOTAL SEGMENTS USED: 22   SEGMENTS IN A SYMMETRIC CELL: 22   SYMMETRY FLAG: 0


                               ---------- SEGMENTATION DATA ----------
                                        COORDINATES IN METERS
                            I+ AND I- INDICATE THE SEGMENTS BEFORE AND AFTER I

   SEG    COORDINATES OF SEGM CENTER     SEGM    ORIENTATION ANGLES    WIRE    CONNECTION DATA   TAG
   No:       X         Y         Z      LENGTH     ALPHA      BETA    RADIUS    I-     I    I+   No:
     1   -0.2386    0.0000    0.0000    0.0227    0.0000    0.0000    0.0057     0     1     2     1
     2   -0.2159    0.0000    0.0000    0.0227    0.0000    0.0000    0.0057     1     2     3     1
     3   -0.1932    0.0000    0.0000    0.0227    0.0000    0.0000    0.0057     2     3     4     1
     4   -0.1705    0.0000    0.0000    0.0227    0.0000    0.0000    0.0057     3     4     5     1
     5   -0.1477    0.0000    0.0000    0.0227    0.0000    0.0000    0.0057     4     5     6     1
     6   -0.1250    0.0000    0.0000    0.0227    0.0000    0.0000    0.0057     5     6     7     1
     7   -0.1023    0.0000    0.0000    0.0227    0.0000    0.0000    0.0057     6     7     8     1
     8   -0.0795    0.0000    0.0000    0.0227    0.0000    0.0000    0.0057     7     8     9     1
     9   -0.0568    0.0000    0.0000    0.0227    0.0000    0.0000    0.0057     8     9    10     1
    10   -0.0341    0.0000    0.0000    0.0227    0.0000    0.0000    0.0057     9    10    11     1
    11   -0.0114    0.0000    0.0000    0.0227    0.0000    0.0000    0.0057    10    11    12     1
    12    0.0000    0.0114    0.0000    0.0227    0.0000   90.0000    0.0057    11    12    13     2
    13    0.0000    0.0341    0.0000    0.0227    0.0000   90.0000    0.0057    12    13    14     2
    14    0.0000    0.0568    0.0000    0.0227    0.0000   90.0000    0.0057    13    14    15     2
    15    0.0000    0.0795    0.0000    0.0227    0.0000   90.0000    0.0057    14    15    16     2
    16    0.0000    0.1023    0.0000    0.0227    0.0000   90.0000    0.0057    15    16    17     2
    17    0.0000    0.1250    0.0000    0.0227    0.0000   90.0000    0.0057    16    17    18     2
    18    0.0000    0.1477    0.0000    0.0227    0.0000   90.0000    0.0057    17    18    19     2
    19    0.0000    0.1705    0.0000    0.0227    0.0000   90.0000    0.0057    18    19    20     2
    20    0.0000    0.1932    0.0000    0.0227    0.0000   90.0000    0.0057    19    20    21     2
    21    0.0000    0.2159    0.0000    0.0227    0.0000   90.0000    0.0057    20    21    22     2
    22    0.0000    0.2386    0.0000    0.0227    0.0000   90.0000    0.0057    21    22     0     2



  DATA CARD No:   1 EK   0     0     0     0  0.00000E+00  0.00000E+00  0.00000E+00  0.00000E+00  0.00000E+00  0.00000E+00
  DATA CARD No:   2 EX   0     1    10     0  1.00000E+00  0.00000E+00  0.00000E+00  0.00000E+00  0.00000E+00  0.00000E+00
  DATA CARD No:   3 FR   0     1     0     0  2.99792E+02  0.00000E+00  0.00000E+00  0.00000E+00  0.00000E+00  0.00000E+00
  DATA CARD No:   4 XQ   0     0     0     0  0.00000E+00  0.00000E+00  0.00000E+00  0.00000E+00  0.00000E+00  0.00000E+00


                               --------- FREQUENCY --------
                                FREQUENCY : 2.9979E+02 MHz
                                WAVELENGTH: 1.0000E+00 Mtr

                        APPROXIMATE INTEGRATION EMPLOYED FOR SEGMENTS 
                        THAT ARE MORE THAN 1.000 WAVELENGTHS APART
                        THE EXTENDED THIN WIRE KERNEL WILL BE USED


                          ------ STRUCTURE IMPEDANCE LOADING ------
                                 THIS STRUCTURE IS NOT LOADED


                            -------- ANTENNA ENVIRONMENT --------
                            FREE SPACE


                             ---------- MATRIX TIMING ----------
                               FILL: 0 msec  FACTOR: 0 msec


                        --------- ANTENNA INPUT PARAMETERS ---------
  TAG   SEG       VOLTAGE (VOLTS)         CURRENT (AMPS)         IMPEDANCE (OHMS)        ADMITTANCE (MHOS)     POWER
  No:   No:     REAL      IMAGINARY     REAL      IMAGINARY     REAL      IMAGINARY    REAL       IMAGINARY   (WATTS)
    1    10  1.0000E+00  0.0000E+00  1.6591E-02 -6.8605E-03  5.1472E+01  2.1284E+01  1.6591E-02 -6.8605E-03  8.2956E-03


                           -------- CURRENTS AND LOCATION --------
                                  DISTANCES IN WAVELENGTHS

   SEG  TAG    COORDINATES OF SEGM CENTER     SEGM    ------------- CURRENT (AMPS) -------------
   No:  No:       X         Y         Z      LENGTH     REAL      IMAGINARY    MAGN        PHASE
     1    1   -0.2386    0.0000    0.0000   0.02273  2.5131E-03 -1.4564E-03  2.9047E-03  -30.094
     2    1   -0.2159    0.0000    0.0000   0.02273  5.2116E-03 -2.9593E-03  5.9932E-03  -29.589
     3    1   -0.1932    0.0000    0.0000   0.02273  7.4722E-03 -4.1516E-03  8.5481E-03  -29.057
     4    1   -0.1705    0.0000    0.0000   0.02273  9.5017E-03 -5.1583E-03  1.0812E-02  -28.497
     5    1   -0.1477    0.0000    0.0000   0.02273  1.1306E-02 -5.9844E-03  1.2792E-02  -27.892
     6    1   -0.1250    0.0000    0.0000   0.02273  1.2878E-02 -6.6253E-03  1.4482E-02  -27.224
     7    1   -0.1023    0.0000    0.0000   0.02273  1.4204E-02 -7.0703E-03  1.5866E-02  -26.463
     8    1   -0.0795    0.0000    0.0000   0.02273  1.5271E-02 -7.3024E-03  1.6927E-02  -25.557
     9    1   -0.0568    0.0000    0.0000   0.02273  1.6069E-02 -7.2468E-03  1.7627E-02  -24.275
    10    1   -0.0341    0.0000    0.0000   0.02273  1.6591E-02 -6.8605E-03  1.7954E-02  -22.465
    11    1   -0.0114    0.0000    0.0000   0.02273  1.6841E-02 -7.6741E-03  1.8507E-02  -24.498
    12    2    0.0000    0.0114    0.0000   0.02273  1.6830E-02 -8.1556E-03  1.8702E-02  -25.854
    13    2    0.0000    0.0341    0.0000   0.02273  1.6564E-02 -8.4299E-03  1.8585E-02  -26.974
    14    2    0.0000    0.0568    0.0000   0.02273  1.6028E-02 -8.5070E-03  1.8145E-02  -27.958
    15    2    0.0000    0.0795    0.0000   0.02273  1.5220E-02 -8.3692E-03  1.7369E-02  -28.806
    16    2    0.0000    0.1023    0.0000   0.02273  1.4146E-02 -8.0196E-03  1.6261E-02  -29.549
    17    2    0.0000    0.1250    0.0000   0.02273  1.2817E-02 -7.4640E-03  1.4832E-02  -30.213
    18    2    0.0000    0.1477    0.0000   0.02273  1.1246E-02 -6.7091E-03  1.3095E-02  -30.819
    19    2    0.0000    0.1705    0.0000   0.02273  9.4459E-03 -5.7612E-03  1.1064E-02  -31.380
    20    2    0.0000    0.1932    0.0000   0.02273  7.4244E-03 -4.6226E-03  8.7458E-03  -31.907
    21    2    0.0000    0.2159    0.0000   0.02273  5.1756E-03 -3.2863E-03  6.1308E-03  -32.414
    22    2    0.0000    0.2386    0.0000   0.02273  2.4945E-03 -1.6137E-03  2.9709E-03  -32.898


                               ---------- POWER BUDGET ---------
                               INPUT POWER   =  8.2956E-03 Watts
                               RADIATED POWER=  8.2956E-03 Watts
                               STRUCTURE LOSS=  0.0000E+00 Watts
                               NETWORK LOSS  =  0.0000E+00 Watts
                               EFFICIENCY    =  100.00 Percent



  DATA CARD No:   5 EN   0     0     0     0  0.00000E+00  0.00000E+00  0.00000E+00  0.00000E+00  0.00000E+00  0.00000E+00

  TOTAL RUN TIME: 0 msec