


                               __________________________________________
                              |                                          |
                              |  NUMERICAL ELECTROMAGNETICS CODE (nec2c) |
                              |   Translated to 'C' in Double Precision  |
                              |__________________________________________|



                               ---------------- COMMENTS ----------------
                               momwire#272 coaxial-rule measurement
                               bent Delta/a rung
                              



                               -------- STRUCTURE SPECIFICATION --------
                                     COORDINATES MUST BE INPUT IN
                                     METERS OR BE SCALED TO METERS
                                     BEFORE STRUCTURE INPUT IS ENDED

  WIRE                                                                                 SEG FIRST  LAST  TAG
   No:        X1         Y1         Z1         X2         Y2         Z2       RADIUS   No:   SEG   SEG  No:
     1    -0.25000    0.00000    0.00000    0.00000    0.00000    0.00000    0.00568    11     1    11    1
     2     0.00000    0.00000    0.00000    0.00000    0.25000    0.00000    0.00568    11    12    22    2

     TOTAL SEGMENTS USED: 22   SEGMENTS IN A SYMMETRIC CELL: 22   SYMMETRY FLAG: 0


                               ---------- SEGMENTATION DATA ----------
                                        COORDINATES IN METERS
                            I+ AND I- INDICATE THE SEGMENTS BEFORE AND AFTER I

   SEG    COORDINATES OF SEGM CENTER     SEGM    ORIENTATION ANGLES    WIRE    CONNECTION DATA   TAG
   No:       X         Y         Z      LENGTH     ALPHA      BETA    RADIUS    I-     I    I+   No:
     1   -0.2386    0.0000    0.0000    0.0227    0.0000    0.0000    0.0057     0     1     2     1
     2   -0.2159    0.0000    0.0000    0.0227    0.0000    0.0000    0.0057     1     2     3     1
     3   -0.1932    0.0000    0.0000    0.0227    0.0000    0.0000    0.0057     2     3     4     1
     4   -0.1705    0.0000    0.0000    0.0227    0.0000    0.0000    0.0057     3     4     5     1
     5   -0.1477    0.0000    0.0000    0.0227    0.0000    0.0000    0.0057     4     5     6     1
     6   -0.1250    0.0000    0.0000    0.0227    0.0000    0.0000    0.0057     5     6     7     1
     7   -0.1023    0.0000    0.0000    0.0227    0.0000    0.0000    0.0057     6     7     8     1
     8   -0.0795    0.0000    0.0000    0.0227    0.0000    0.0000    0.0057     7     8     9     1
     9   -0.0568    0.0000    0.0000    0.0227    0.0000    0.0000    0.0057     8     9    10     1
    10   -0.0341    0.0000    0.0000    0.0227    0.0000    0.0000    0.0057     9    10    11     1
    11   -0.0114    0.0000    0.0000    0.0227    0.0000    0.0000    0.0057    10    11    12     1
    12    0.0000    0.0114    0.0000    0.0227    0.0000   90.0000    0.0057    11    12    13     2
    13    0.0000    0.0341    0.0000    0.0227    0.0000   90.0000    0.0057    12    13    14     2
    14    0.0000    0.0568    0.0000    0.0227    0.0000   90.0000    0.0057    13    14    15     2
    15    0.0000    0.0795    0.0000    0.0227    0.0000   90.0000    0.0057    14    15    16     2
    16    0.0000    0.1023    0.0000    0.0227    0.0000   90.0000    0.0057    15    16    17     2
    17    0.0000    0.1250    0.0000    0.0227    0.0000   90.0000    0.0057    16    17    18     2
    18    0.0000    0.1477    0.0000    0.0227    0.0000   90.0000    0.0057    17    18    19     2
    19    0.0000    0.1705    0.0000    0.0227    0.0000   90.0000    0.0057    18    19    20     2
    20    0.0000    0.1932    0.0000    0.0227    0.0000   90.0000    0.0057    19    20    21     2
    21    0.0000    0.2159    0.0000    0.0227    0.0000   90.0000    0.0057    20    21    22     2
    22    0.0000    0.2386    0.0000    0.0227    0.0000   90.0000    0.0057    21    22     0     2



  DATA CARD No:   1 EX   0     1    10     0  1.00000E+00  0.00000E+00  0.00000E+00  0.00000E+00  0.00000E+00  0.00000E+00
  DATA CARD No:   2 FR   0     1     0     0  2.99792E+02  0.00000E+00  0.00000E+00  0.00000E+00  0.00000E+00  0.00000E+00
  DATA CARD No:   3 XQ   0     0     0     0  0.00000E+00  0.00000E+00  0.00000E+00  0.00000E+00  0.00000E+00  0.00000E+00


                               --------- FREQUENCY --------
                                FREQUENCY : 2.9979E+02 MHz
                                WAVELENGTH: 1.0000E+00 Mtr

                        APPROXIMATE INTEGRATION EMPLOYED FOR SEGMENTS 
                        THAT ARE MORE THAN 1.000 WAVELENGTHS APART


                          ------ STRUCTURE IMPEDANCE LOADING ------
                                 THIS STRUCTURE IS NOT LOADED


                            -------- ANTENNA ENVIRONMENT --------
                            FREE SPACE


                             ---------- MATRIX TIMING ----------
                               FILL: 0 msec  FACTOR: 0 msec


                        --------- ANTENNA INPUT PARAMETERS ---------
  TAG   SEG       VOLTAGE (VOLTS)         CURRENT (AMPS)         IMPEDANCE (OHMS)        ADMITTANCE (MHOS)     POWER
  No:   No:     REAL      IMAGINARY     REAL      IMAGINARY     REAL      IMAGINARY    REAL       IMAGINARY   (WATTS)
    1    10  1.0000E+00  0.0000E+00  1.6099E-02 -7.0761E-03  5.2059E+01  2.2883E+01  1.6099E-02 -7.0761E-03  8.0493E-03


                           -------- CURRENTS AND LOCATION --------
                                  DISTANCES IN WAVELENGTHS

   SEG  TAG    COORDINATES OF SEGM CENTER     SEGM    ------------- CURRENT (AMPS) -------------
   No:  No:       X         Y         Z      LENGTH     REAL      IMAGINARY    MAGN        PHASE
     1    1   -0.2386    0.0000    0.0000   0.02273  2.5337E-03 -1.5533E-03  2.9720E-03  -31.511
     2    1   -0.2159    0.0000    0.0000   0.02273  5.1171E-03 -3.0745E-03  5.9697E-03  -30.998
     3    1   -0.1932    0.0000    0.0000   0.02273  7.2946E-03 -4.2904E-03  8.4628E-03  -30.462
     4    1   -0.1705    0.0000    0.0000   0.02273  9.2538E-03 -5.3211E-03  1.0675E-02  -29.900
     5    1   -0.1477    0.0000    0.0000   0.02273  1.0996E-02 -6.1688E-03  1.2608E-02  -29.292
     6    1   -0.1250    0.0000    0.0000   0.02273  1.2514E-02 -6.8288E-03  1.4256E-02  -28.621
     7    1   -0.1023    0.0000    0.0000   0.02273  1.3795E-02 -7.2899E-03  1.5602E-02  -27.855
     8    1   -0.0795    0.0000    0.0000   0.02273  1.4825E-02 -7.5361E-03  1.6630E-02  -26.946
     9    1   -0.0568    0.0000    0.0000   0.02273  1.5595E-02 -7.4950E-03  1.7302E-02  -25.670
    10    1   -0.0341    0.0000    0.0000   0.02273  1.6099E-02 -7.0761E-03  1.7585E-02  -23.728
    11    1   -0.0114    0.0000    0.0000   0.02273  1.6338E-02 -7.9314E-03  1.8162E-02  -25.894
    12    2    0.0000    0.0114    0.0000   0.02273  1.6327E-02 -8.4157E-03  1.8369E-02  -27.268
    13    2    0.0000    0.0341    0.0000   0.02273  1.6070E-02 -8.6890E-03  1.8269E-02  -28.399
    14    2    0.0000    0.0568    0.0000   0.02273  1.5553E-02 -8.7608E-03  1.7850E-02  -29.393
    15    2    0.0000    0.0795    0.0000   0.02273  1.4772E-02 -8.6137E-03  1.7100E-02  -30.246
    16    2    0.0000    0.1023    0.0000   0.02273  1.3735E-02 -8.2511E-03  1.6023E-02  -30.994
    17    2    0.0000    0.1250    0.0000   0.02273  1.2452E-02 -7.6792E-03  1.4630E-02  -31.662
    18    2    0.0000    0.1477    0.0000   0.02273  1.0935E-02 -6.9049E-03  1.2932E-02  -32.271
    19    2    0.0000    0.1705    0.0000   0.02273  9.1964E-03 -5.9347E-03  1.0945E-02  -32.835
    20    2    0.0000    0.1932    0.0000   0.02273  7.2451E-03 -4.7711E-03  8.6750E-03  -33.366
    21    2    0.0000    0.2159    0.0000   0.02273  5.0797E-03 -3.4103E-03  6.1183E-03  -33.876
    22    2    0.0000    0.2386    0.0000   0.02273  2.5138E-03 -1.7192E-03  3.0455E-03  -34.368


                               ---------- POWER BUDGET ---------
                               INPUT POWER   =  8.0493E-03 Watts
                               RADIATED POWER=  8.0493E-03 Watts
                               STRUCTURE LOSS=  0.0000E+00 Watts
                               NETWORK LOSS  =  0.0000E+00 Watts
                               EFFICIENCY    =  100.00 Percent



  DATA CARD No:   4 EN   0     0     0     0  0.00000E+00  0.00000E+00  0.00000E+00  0.00000E+00  0.00000E+00  0.00000E+00

  TOTAL RUN TIME: 0 msec