


                               __________________________________________
                              |                                          |
                              |  NUMERICAL ELECTROMAGNETICS CODE (nec2c) |
                              |   Translated to 'C' in Double Precision  |
                              |__________________________________________|



                               ---------------- COMMENTS ----------------
                               momwire#272 coaxial-rule measurement
                               bent Delta/a rung
                              



                               -------- STRUCTURE SPECIFICATION --------
                                     COORDINATES MUST BE INPUT IN
                                     METERS OR BE SCALED TO METERS
                                     BEFORE STRUCTURE INPUT IS ENDED

  WIRE                                                                                 SEG FIRST  LAST  TAG
   No:        X1         Y1         Z1         X2         Y2         Z2       RADIUS   No:   SEG   SEG  No:
     1    -0.25000    0.00000    0.00000    0.00000    0.00000    0.00000    0.00227    11     1    11    1
     2     0.00000    0.00000    0.00000    0.00000    0.25000    0.00000    0.00227    11    12    22    2

     TOTAL SEGMENTS USED: 22   SEGMENTS IN A SYMMETRIC CELL: 22   SYMMETRY FLAG: 0


                               ---------- SEGMENTATION DATA ----------
                                        COORDINATES IN METERS
                            I+ AND I- INDICATE THE SEGMENTS BEFORE AND AFTER I

   SEG    COORDINATES OF SEGM CENTER     SEGM    ORIENTATION ANGLES    WIRE    CONNECTION DATA   TAG
   No:       X         Y         Z      LENGTH     ALPHA      BETA    RADIUS    I-     I    I+   No:
     1   -0.2386    0.0000    0.0000    0.0227    0.0000    0.0000    0.0023     0     1     2     1
     2   -0.2159    0.0000    0.0000    0.0227    0.0000    0.0000    0.0023     1     2     3     1
     3   -0.1932    0.0000    0.0000    0.0227    0.0000    0.0000    0.0023     2     3     4     1
     4   -0.1705    0.0000    0.0000    0.0227    0.0000    0.0000    0.0023     3     4     5     1
     5   -0.1477    0.0000    0.0000    0.0227    0.0000    0.0000    0.0023     4     5     6     1
     6   -0.1250    0.0000    0.0000    0.0227    0.0000    0.0000    0.0023     5     6     7     1
     7   -0.1023    0.0000    0.0000    0.0227    0.0000    0.0000    0.0023     6     7     8     1
     8   -0.0795    0.0000    0.0000    0.0227    0.0000    0.0000    0.0023     7     8     9     1
     9   -0.0568    0.0000    0.0000    0.0227    0.0000    0.0000    0.0023     8     9    10     1
    10   -0.0341    0.0000    0.0000    0.0227    0.0000    0.0000    0.0023     9    10    11     1
    11   -0.0114    0.0000    0.0000    0.0227    0.0000    0.0000    0.0023    10    11    12     1
    12    0.0000    0.0114    0.0000    0.0227    0.0000   90.0000    0.0023    11    12    13     2
    13    0.0000    0.0341    0.0000    0.0227    0.0000   90.0000    0.0023    12    13    14     2
    14    0.0000    0.0568    0.0000    0.0227    0.0000   90.0000    0.0023    13    14    15     2
    15    0.0000    0.0795    0.0000    0.0227    0.0000   90.0000    0.0023    14    15    16     2
    16    0.0000    0.1023    0.0000    0.0227    0.0000   90.0000    0.0023    15    16    17     2
    17    0.0000    0.1250    0.0000    0.0227    0.0000   90.0000    0.0023    16    17    18     2
    18    0.0000    0.1477    0.0000    0.0227    0.0000   90.0000    0.0023    17    18    19     2
    19    0.0000    0.1705    0.0000    0.0227    0.0000   90.0000    0.0023    18    19    20     2
    20    0.0000    0.1932    0.0000    0.0227    0.0000   90.0000    0.0023    19    20    21     2
    21    0.0000    0.2159    0.0000    0.0227    0.0000   90.0000    0.0023    20    21    22     2
    22    0.0000    0.2386    0.0000    0.0227    0.0000   90.0000    0.0023    21    22     0     2



  DATA CARD No:   1 EK   0     0     0     0  0.00000E+00  0.00000E+00  0.00000E+00  0.00000E+00  0.00000E+00  0.00000E+00
  DATA CARD No:   2 EX   0     1    10     0  1.00000E+00  0.00000E+00  0.00000E+00  0.00000E+00  0.00000E+00  0.00000E+00
  DATA CARD No:   3 FR   0     1     0     0  2.99792E+02  0.00000E+00  0.00000E+00  0.00000E+00  0.00000E+00  0.00000E+00
  DATA CARD No:   4 XQ   0     0     0     0  0.00000E+00  0.00000E+00  0.00000E+00  0.00000E+00  0.00000E+00  0.00000E+00


                               --------- FREQUENCY --------
                                FREQUENCY : 2.9979E+02 MHz
                                WAVELENGTH: 1.0000E+00 Mtr

                        APPROXIMATE INTEGRATION EMPLOYED FOR SEGMENTS 
                        THAT ARE MORE THAN 1.000 WAVELENGTHS APART
                        THE EXTENDED THIN WIRE KERNEL WILL BE USED


                          ------ STRUCTURE IMPEDANCE LOADING ------
                                 THIS STRUCTURE IS NOT LOADED


                            -------- ANTENNA ENVIRONMENT --------
                            FREE SPACE


                             ---------- MATRIX TIMING ----------
                               FILL: 0 msec  FACTOR: 0 msec


                        --------- ANTENNA INPUT PARAMETERS ---------
  TAG   SEG       VOLTAGE (VOLTS)         CURRENT (AMPS)         IMPEDANCE (OHMS)        ADMITTANCE (MHOS)     POWER
  No:   No:     REAL      IMAGINARY     REAL      IMAGINARY     REAL      IMAGINARY    REAL       IMAGINARY   (WATTS)
    1    10  1.0000E+00  0.0000E+00  1.7957E-02 -7.0851E-03  4.8186E+01  1.9012E+01  1.7957E-02 -7.0851E-03  8.9787E-03


                           -------- CURRENTS AND LOCATION --------
                                  DISTANCES IN WAVELENGTHS

   SEG  TAG    COORDINATES OF SEGM CENTER     SEGM    ------------- CURRENT (AMPS) -------------
   No:  No:       X         Y         Z      LENGTH     REAL      IMAGINARY    MAGN        PHASE
     1    1   -0.2386    0.0000    0.0000   0.02273  2.1827E-03 -1.0936E-03  2.4413E-03  -26.612
     2    1   -0.2159    0.0000    0.0000   0.02273  5.1047E-03 -2.5162E-03  5.6912E-03  -26.240
     3    1   -0.1932    0.0000    0.0000   0.02273  7.6078E-03 -3.6851E-03  8.4534E-03  -25.845
     4    1   -0.1705    0.0000    0.0000   0.02273  9.8747E-03 -4.6952E-03  1.0934E-02  -25.430
     5    1   -0.1477    0.0000    0.0000   0.02273  1.1906E-02 -5.5480E-03  1.3135E-02  -24.985
     6    1   -0.1250    0.0000    0.0000   0.02273  1.3687E-02 -6.2369E-03  1.5041E-02  -24.499
     7    1   -0.1023    0.0000    0.0000   0.02273  1.5198E-02 -6.7515E-03  1.6630E-02  -23.952
     8    1   -0.0795    0.0000    0.0000   0.02273  1.6423E-02 -7.0780E-03  1.7883E-02  -23.315
     9    1   -0.0568    0.0000    0.0000   0.02273  1.7346E-02 -7.1771E-03  1.8772E-02  -22.478
    10    1   -0.0341    0.0000    0.0000   0.02273  1.7957E-02 -7.0851E-03  1.9305E-02  -21.532
    11    1   -0.0114    0.0000    0.0000   0.02273  1.8256E-02 -7.6332E-03  1.9788E-02  -22.691
    12    2    0.0000    0.0114    0.0000   0.02273  1.8251E-02 -7.9859E-03  1.9921E-02  -23.633
    13    2    0.0000    0.0341    0.0000   0.02273  1.7943E-02 -8.1487E-03  1.9706E-02  -24.425
    14    2    0.0000    0.0568    0.0000   0.02273  1.7323E-02 -8.1221E-03  1.9133E-02  -25.120
    15    2    0.0000    0.0795    0.0000   0.02273  1.6395E-02 -7.8996E-03  1.8199E-02  -25.727
    16    2    0.0000    0.1023    0.0000   0.02273  1.5167E-02 -7.4847E-03  1.6913E-02  -26.266
    17    2    0.0000    0.1250    0.0000   0.02273  1.3654E-02 -6.8832E-03  1.5291E-02  -26.754
    18    2    0.0000    0.1477    0.0000   0.02273  1.1873E-02 -6.1027E-03  1.3350E-02  -27.202
    19    2    0.0000    0.1705    0.0000   0.02273  9.8449E-03 -5.1511E-03  1.1111E-02  -27.620
    20    2    0.0000    0.1932    0.0000   0.02273  7.5827E-03 -4.0342E-03  8.5891E-03  -28.014
    21    2    0.0000    0.2159    0.0000   0.02273  5.0865E-03 -2.7494E-03  5.7821E-03  -28.393
    22    2    0.0000    0.2386    0.0000   0.02273  2.1743E-03 -1.1930E-03  2.4801E-03  -28.753


                               ---------- POWER BUDGET ---------
                               INPUT POWER   =  8.9787E-03 Watts
                               RADIATED POWER=  8.9787E-03 Watts
                               STRUCTURE LOSS=  0.0000E+00 Watts
                               NETWORK LOSS  =  0.0000E+00 Watts
                               EFFICIENCY    =  100.00 Percent



  DATA CARD No:   5 EN   0     0     0     0  0.00000E+00  0.00000E+00  0.00000E+00  0.00000E+00  0.00000E+00  0.00000E+00

  TOTAL RUN TIME: 0 msec