


                               __________________________________________
                              |                                          |
                              |  NUMERICAL ELECTROMAGNETICS CODE (nec2c) |
                              |   Translated to 'C' in Double Precision  |
                              |__________________________________________|



                               ---------------- COMMENTS ----------------
                               momwire#272 coaxial-rule measurement
                               bent Delta/a rung
                              



                               -------- STRUCTURE SPECIFICATION --------
                                     COORDINATES MUST BE INPUT IN
                                     METERS OR BE SCALED TO METERS
                                     BEFORE STRUCTURE INPUT IS ENDED

  WIRE                                                                                 SEG FIRST  LAST  TAG
   No:        X1         Y1         Z1         X2         Y2         Z2       RADIUS   No:   SEG   SEG  No:
     1    -0.25000    0.00000    0.00000    0.00000    0.00000    0.00000    0.00152    11     1    11    1
     2     0.00000    0.00000    0.00000    0.00000    0.25000    0.00000    0.00152    11    12    22    2

     TOTAL SEGMENTS USED: 22   SEGMENTS IN A SYMMETRIC CELL: 22   SYMMETRY FLAG: 0


                               ---------- SEGMENTATION DATA ----------
                                        COORDINATES IN METERS
                            I+ AND I- INDICATE THE SEGMENTS BEFORE AND AFTER I

   SEG    COORDINATES OF SEGM CENTER     SEGM    ORIENTATION ANGLES    WIRE    CONNECTION DATA   TAG
   No:       X         Y         Z      LENGTH     ALPHA      BETA    RADIUS    I-     I    I+   No:
     1   -0.2386    0.0000    0.0000    0.0227    0.0000    0.0000    0.0015     0     1     2     1
     2   -0.2159    0.0000    0.0000    0.0227    0.0000    0.0000    0.0015     1     2     3     1
     3   -0.1932    0.0000    0.0000    0.0227    0.0000    0.0000    0.0015     2     3     4     1
     4   -0.1705    0.0000    0.0000    0.0227    0.0000    0.0000    0.0015     3     4     5     1
     5   -0.1477    0.0000    0.0000    0.0227    0.0000    0.0000    0.0015     4     5     6     1
     6   -0.1250    0.0000    0.0000    0.0227    0.0000    0.0000    0.0015     5     6     7     1
     7   -0.1023    0.0000    0.0000    0.0227    0.0000    0.0000    0.0015     6     7     8     1
     8   -0.0795    0.0000    0.0000    0.0227    0.0000    0.0000    0.0015     7     8     9     1
     9   -0.0568    0.0000    0.0000    0.0227    0.0000    0.0000    0.0015     8     9    10     1
    10   -0.0341    0.0000    0.0000    0.0227    0.0000    0.0000    0.0015     9    10    11     1
    11   -0.0114    0.0000    0.0000    0.0227    0.0000    0.0000    0.0015    10    11    12     1
    12    0.0000    0.0114    0.0000    0.0227    0.0000   90.0000    0.0015    11    12    13     2
    13    0.0000    0.0341    0.0000    0.0227    0.0000   90.0000    0.0015    12    13    14     2
    14    0.0000    0.0568    0.0000    0.0227    0.0000   90.0000    0.0015    13    14    15     2
    15    0.0000    0.0795    0.0000    0.0227    0.0000   90.0000    0.0015    14    15    16     2
    16    0.0000    0.1023    0.0000    0.0227    0.0000   90.0000    0.0015    15    16    17     2
    17    0.0000    0.1250    0.0000    0.0227    0.0000   90.0000    0.0015    16    17    18     2
    18    0.0000    0.1477    0.0000    0.0227    0.0000   90.0000    0.0015    17    18    19     2
    19    0.0000    0.1705    0.0000    0.0227    0.0000   90.0000    0.0015    18    19    20     2
    20    0.0000    0.1932    0.0000    0.0227    0.0000   90.0000    0.0015    19    20    21     2
    21    0.0000    0.2159    0.0000    0.0227    0.0000   90.0000    0.0015    20    21    22     2
    22    0.0000    0.2386    0.0000    0.0227    0.0000   90.0000    0.0015    21    22     0     2



  DATA CARD No:   1 EX   0     1    10     0  1.00000E+00  0.00000E+00  0.00000E+00  0.00000E+00  0.00000E+00  0.00000E+00
  DATA CARD No:   2 FR   0     1     0     0  2.99792E+02  0.00000E+00  0.00000E+00  0.00000E+00  0.00000E+00  0.00000E+00
  DATA CARD No:   3 XQ   0     0     0     0  0.00000E+00  0.00000E+00  0.00000E+00  0.00000E+00  0.00000E+00  0.00000E+00


                               --------- FREQUENCY --------
                                FREQUENCY : 2.9979E+02 MHz
                                WAVELENGTH: 1.0000E+00 Mtr

                        APPROXIMATE INTEGRATION EMPLOYED FOR SEGMENTS 
                        THAT ARE MORE THAN 1.000 WAVELENGTHS APART


                          ------ STRUCTURE IMPEDANCE LOADING ------
                                 THIS STRUCTURE IS NOT LOADED


                            -------- ANTENNA ENVIRONMENT --------
                            FREE SPACE


                             ---------- MATRIX TIMING ----------
                               FILL: 0 msec  FACTOR: 0 msec


                        --------- ANTENNA INPUT PARAMETERS ---------
  TAG   SEG       VOLTAGE (VOLTS)         CURRENT (AMPS)         IMPEDANCE (OHMS)        ADMITTANCE (MHOS)     POWER
  No:   No:     REAL      IMAGINARY     REAL      IMAGINARY     REAL      IMAGINARY    REAL       IMAGINARY   (WATTS)
    1    10  1.0000E+00  0.0000E+00  1.8497E-02 -7.0053E-03  4.7282E+01  1.7907E+01  1.8497E-02 -7.0053E-03  9.2484E-03


                           -------- CURRENTS AND LOCATION --------
                                  DISTANCES IN WAVELENGTHS

   SEG  TAG    COORDINATES OF SEGM CENTER     SEGM    ------------- CURRENT (AMPS) -------------
   No:  No:       X         Y         Z      LENGTH     REAL      IMAGINARY    MAGN        PHASE
     1    1   -0.2386    0.0000    0.0000   0.02273  2.0950E-03 -9.8416E-04  2.3146E-03  -25.163
     2    1   -0.2159    0.0000    0.0000   0.02273  5.0903E-03 -2.3552E-03  5.6088E-03  -24.829
     3    1   -0.1932    0.0000    0.0000   0.02273  7.6834E-03 -3.4975E-03  8.4420E-03  -24.475
     4    1   -0.1705    0.0000    0.0000   0.02273  1.0039E-02 -4.4916E-03  1.0998E-02  -24.104
     5    1   -0.1477    0.0000    0.0000   0.02273  1.2156E-02 -5.3377E-03  1.3276E-02  -23.706
     6    1   -0.1250    0.0000    0.0000   0.02273  1.4016E-02 -6.0283E-03  1.5257E-02  -23.273
     7    1   -0.1023    0.0000    0.0000   0.02273  1.5597E-02 -6.5531E-03  1.6918E-02  -22.790
     8    1   -0.0795    0.0000    0.0000   0.02273  1.6881E-02 -6.8993E-03  1.8237E-02  -22.230
     9    1   -0.0568    0.0000    0.0000   0.02273  1.7851E-02 -7.0354E-03  1.9188E-02  -21.510
    10    1   -0.0341    0.0000    0.0000   0.02273  1.8497E-02 -7.0053E-03  1.9779E-02  -20.743
    11    1   -0.0114    0.0000    0.0000   0.02273  1.8814E-02 -7.4909E-03  2.0250E-02  -21.710
    12    2    0.0000    0.0114    0.0000   0.02273  1.8810E-02 -7.8060E-03  2.0365E-02  -22.538
    13    2    0.0000    0.0341    0.0000   0.02273  1.8485E-02 -7.9369E-03  2.0117E-02  -23.238
    14    2    0.0000    0.0568    0.0000   0.02273  1.7833E-02 -7.8842E-03  1.9498E-02  -23.850
    15    2    0.0000    0.0795    0.0000   0.02273  1.6859E-02 -7.6434E-03  1.8510E-02  -24.389
    16    2    0.0000    0.1023    0.0000   0.02273  1.5572E-02 -7.2180E-03  1.7163E-02  -24.869
    17    2    0.0000    0.1250    0.0000   0.02273  1.3989E-02 -6.6140E-03  1.5474E-02  -25.305
    18    2    0.0000    0.1477    0.0000   0.02273  1.2130E-02 -5.8393E-03  1.3462E-02  -25.706
    19    2    0.0000    0.1705    0.0000   0.02273  1.0016E-02 -4.9024E-03  1.1151E-02  -26.081
    20    2    0.0000    0.1932    0.0000   0.02273  7.6635E-03 -3.8100E-03  8.5584E-03  -26.435
    21    2    0.0000    0.2159    0.0000   0.02273  5.0761E-03 -2.5613E-03  5.6857E-03  -26.775
    22    2    0.0000    0.2386    0.0000   0.02273  2.0887E-03 -1.0688E-03  2.3462E-03  -27.098


                               ---------- POWER BUDGET ---------
                               INPUT POWER   =  9.2484E-03 Watts
                               RADIATED POWER=  9.2484E-03 Watts
                               STRUCTURE LOSS=  0.0000E+00 Watts
                               NETWORK LOSS  =  0.0000E+00 Watts
                               EFFICIENCY    =  100.00 Percent



  DATA CARD No:   4 EN   0     0     0     0  0.00000E+00  0.00000E+00  0.00000E+00  0.00000E+00  0.00000E+00  0.00000E+00

  TOTAL RUN TIME: 0 msec