


                               __________________________________________
                              |                                          |
                              |  NUMERICAL ELECTROMAGNETICS CODE (nec2c) |
                              |   Translated to 'C' in Double Precision  |
                              |__________________________________________|



                               ---------------- COMMENTS ----------------
                               momwire#272 coaxial-rule measurement
                               bent Delta/a rung
                              



                               -------- STRUCTURE SPECIFICATION --------
                                     COORDINATES MUST BE INPUT IN
                                     METERS OR BE SCALED TO METERS
                                     BEFORE STRUCTURE INPUT IS ENDED

  WIRE                                                                                 SEG FIRST  LAST  TAG
   No:        X1         Y1         Z1         X2         Y2         Z2       RADIUS   No:   SEG   SEG  No:
     1    -0.25000    0.00000    0.00000    0.00000    0.00000    0.00000    0.00152    11     1    11    1
     2     0.00000    0.00000    0.00000    0.00000    0.25000    0.00000    0.00152    11    12    22    2

     TOTAL SEGMENTS USED: 22   SEGMENTS IN A SYMMETRIC CELL: 22   SYMMETRY FLAG: 0


                               ---------- SEGMENTATION DATA ----------
                                        COORDINATES IN METERS
                            I+ AND I- INDICATE THE SEGMENTS BEFORE AND AFTER I

   SEG    COORDINATES OF SEGM CENTER     SEGM    ORIENTATION ANGLES    WIRE    CONNECTION DATA   TAG
   No:       X         Y         Z      LENGTH     ALPHA      BETA    RADIUS    I-     I    I+   No:
     1   -0.2386    0.0000    0.0000    0.0227    0.0000    0.0000    0.0015     0     1     2     1
     2   -0.2159    0.0000    0.0000    0.0227    0.0000    0.0000    0.0015     1     2     3     1
     3   -0.1932    0.0000    0.0000    0.0227    0.0000    0.0000    0.0015     2     3     4     1
     4   -0.1705    0.0000    0.0000    0.0227    0.0000    0.0000    0.0015     3     4     5     1
     5   -0.1477    0.0000    0.0000    0.0227    0.0000    0.0000    0.0015     4     5     6     1
     6   -0.1250    0.0000    0.0000    0.0227    0.0000    0.0000    0.0015     5     6     7     1
     7   -0.1023    0.0000    0.0000    0.0227    0.0000    0.0000    0.0015     6     7     8     1
     8   -0.0795    0.0000    0.0000    0.0227    0.0000    0.0000    0.0015     7     8     9     1
     9   -0.0568    0.0000    0.0000    0.0227    0.0000    0.0000    0.0015     8     9    10     1
    10   -0.0341    0.0000    0.0000    0.0227    0.0000    0.0000    0.0015     9    10    11     1
    11   -0.0114    0.0000    0.0000    0.0227    0.0000    0.0000    0.0015    10    11    12     1
    12    0.0000    0.0114    0.0000    0.0227    0.0000   90.0000    0.0015    11    12    13     2
    13    0.0000    0.0341    0.0000    0.0227    0.0000   90.0000    0.0015    12    13    14     2
    14    0.0000    0.0568    0.0000    0.0227    0.0000   90.0000    0.0015    13    14    15     2
    15    0.0000    0.0795    0.0000    0.0227    0.0000   90.0000    0.0015    14    15    16     2
    16    0.0000    0.1023    0.0000    0.0227    0.0000   90.0000    0.0015    15    16    17     2
    17    0.0000    0.1250    0.0000    0.0227    0.0000   90.0000    0.0015    16    17    18     2
    18    0.0000    0.1477    0.0000    0.0227    0.0000   90.0000    0.0015    17    18    19     2
    19    0.0000    0.1705    0.0000    0.0227    0.0000   90.0000    0.0015    18    19    20     2
    20    0.0000    0.1932    0.0000    0.0227    0.0000   90.0000    0.0015    19    20    21     2
    21    0.0000    0.2159    0.0000    0.0227    0.0000   90.0000    0.0015    20    21    22     2
    22    0.0000    0.2386    0.0000    0.0227    0.0000   90.0000    0.0015    21    22     0     2



  DATA CARD No:   1 EK   0     0     0     0  0.00000E+00  0.00000E+00  0.00000E+00  0.00000E+00  0.00000E+00  0.00000E+00
  DATA CARD No:   2 EX   0     1    10     0  1.00000E+00  0.00000E+00  0.00000E+00  0.00000E+00  0.00000E+00  0.00000E+00
  DATA CARD No:   3 FR   0     1     0     0  2.99792E+02  0.00000E+00  0.00000E+00  0.00000E+00  0.00000E+00  0.00000E+00
  DATA CARD No:   4 XQ   0     0     0     0  0.00000E+00  0.00000E+00  0.00000E+00  0.00000E+00  0.00000E+00  0.00000E+00


                               --------- FREQUENCY --------
                                FREQUENCY : 2.9979E+02 MHz
                                WAVELENGTH: 1.0000E+00 Mtr

                        APPROXIMATE INTEGRATION EMPLOYED FOR SEGMENTS 
                        THAT ARE MORE THAN 1.000 WAVELENGTHS APART
                        THE EXTENDED THIN WIRE KERNEL WILL BE USED


                          ------ STRUCTURE IMPEDANCE LOADING ------
                                 THIS STRUCTURE IS NOT LOADED


                            -------- ANTENNA ENVIRONMENT --------
                            FREE SPACE


                             ---------- MATRIX TIMING ----------
                               FILL: 0 msec  FACTOR: 0 msec


                        --------- ANTENNA INPUT PARAMETERS ---------
  TAG   SEG       VOLTAGE (VOLTS)         CURRENT (AMPS)         IMPEDANCE (OHMS)        ADMITTANCE (MHOS)     POWER
  No:   No:     REAL      IMAGINARY     REAL      IMAGINARY     REAL      IMAGINARY    REAL       IMAGINARY   (WATTS)
    1    10  1.0000E+00  0.0000E+00  1.8552E-02 -6.9629E-03  4.7247E+01  1.7733E+01  1.8552E-02 -6.9629E-03  9.2760E-03


                           -------- CURRENTS AND LOCATION --------
                                  DISTANCES IN WAVELENGTHS

   SEG  TAG    COORDINATES OF SEGM CENTER     SEGM    ------------- CURRENT (AMPS) -------------
   No:  No:       X         Y         Z      LENGTH     REAL      IMAGINARY    MAGN        PHASE
     1    1   -0.2386    0.0000    0.0000   0.02273  2.0954E-03 -9.7658E-04  2.3118E-03  -24.988
     2    1   -0.2159    0.0000    0.0000   0.02273  5.1004E-03 -2.3409E-03  5.6119E-03  -24.654
     3    1   -0.1932    0.0000    0.0000   0.02273  7.7025E-03 -3.4779E-03  8.4513E-03  -24.301
     4    1   -0.1705    0.0000    0.0000   0.02273  1.0066E-02 -4.4669E-03  1.1013E-02  -23.929
     5    1   -0.1477    0.0000    0.0000   0.02273  1.2190E-02 -5.3084E-03  1.3296E-02  -23.532
     6    1   -0.1250    0.0000    0.0000   0.02273  1.4056E-02 -5.9950E-03  1.5281E-02  -23.099
     7    1   -0.1023    0.0000    0.0000   0.02273  1.5643E-02 -6.5164E-03  1.6946E-02  -22.616
     8    1   -0.0795    0.0000    0.0000   0.02273  1.6931E-02 -6.8597E-03  1.8268E-02  -22.056
     9    1   -0.0568    0.0000    0.0000   0.02273  1.7904E-02 -6.9938E-03  1.9222E-02  -21.337
    10    1   -0.0341    0.0000    0.0000   0.02273  1.8552E-02 -6.9629E-03  1.9816E-02  -20.572
    11    1   -0.0114    0.0000    0.0000   0.02273  1.8870E-02 -7.4472E-03  2.0287E-02  -21.537
    12    2    0.0000    0.0114    0.0000   0.02273  1.8866E-02 -7.7621E-03  2.0400E-02  -22.364
    13    2    0.0000    0.0341    0.0000   0.02273  1.8540E-02 -7.8937E-03  2.0150E-02  -23.063
    14    2    0.0000    0.0568    0.0000   0.02273  1.7886E-02 -7.8423E-03  1.9530E-02  -23.675
    15    2    0.0000    0.0795    0.0000   0.02273  1.6909E-02 -7.6037E-03  1.8540E-02  -24.213
    16    2    0.0000    0.1023    0.0000   0.02273  1.5617E-02 -7.1810E-03  1.7189E-02  -24.693
    17    2    0.0000    0.1250    0.0000   0.02273  1.4029E-02 -6.5805E-03  1.5496E-02  -25.129
    18    2    0.0000    0.1477    0.0000   0.02273  1.2164E-02 -5.8098E-03  1.3480E-02  -25.530
    19    2    0.0000    0.1705    0.0000   0.02273  1.0043E-02 -4.8774E-03  1.1164E-02  -25.904
    20    2    0.0000    0.1932    0.0000   0.02273  7.6827E-03 -3.7901E-03  8.5667E-03  -26.259
    21    2    0.0000    0.2159    0.0000   0.02273  5.0862E-03 -2.5468E-03  5.6882E-03  -26.599
    22    2    0.0000    0.2386    0.0000   0.02273  2.0892E-03 -1.0609E-03  2.3431E-03  -26.922


                               ---------- POWER BUDGET ---------
                               INPUT POWER   =  9.2760E-03 Watts
                               RADIATED POWER=  9.2760E-03 Watts
                               STRUCTURE LOSS=  0.0000E+00 Watts
                               NETWORK LOSS  =  0.0000E+00 Watts
                               EFFICIENCY    =  100.00 Percent



  DATA CARD No:   5 EN   0     0     0     0  0.00000E+00  0.00000E+00  0.00000E+00  0.00000E+00  0.00000E+00  0.00000E+00

  TOTAL RUN TIME: 0 msec