


                               __________________________________________
                              |                                          |
                              |  NUMERICAL ELECTROMAGNETICS CODE (nec2c) |
                              |   Translated to 'C' in Double Precision  |
                              |__________________________________________|



                               ---------------- COMMENTS ----------------
                               momwire#272 coaxial-rule measurement
                               bent Delta/a rung
                              



                               -------- STRUCTURE SPECIFICATION --------
                                     COORDINATES MUST BE INPUT IN
                                     METERS OR BE SCALED TO METERS
                                     BEFORE STRUCTURE INPUT IS ENDED

  WIRE                                                                                 SEG FIRST  LAST  TAG
   No:        X1         Y1         Z1         X2         Y2         Z2       RADIUS   No:   SEG   SEG  No:
     1    -0.25000    0.00000    0.00000    0.00000    0.00000    0.00000    0.00091    11     1    11    1
     2     0.00000    0.00000    0.00000    0.00000    0.25000    0.00000    0.00091    11    12    22    2

     TOTAL SEGMENTS USED: 22   SEGMENTS IN A SYMMETRIC CELL: 22   SYMMETRY FLAG: 0


                               ---------- SEGMENTATION DATA ----------
                                        COORDINATES IN METERS
                            I+ AND I- INDICATE THE SEGMENTS BEFORE AND AFTER I

   SEG    COORDINATES OF SEGM CENTER     SEGM    ORIENTATION ANGLES    WIRE    CONNECTION DATA   TAG
   No:       X         Y         Z      LENGTH     ALPHA      BETA    RADIUS    I-     I    I+   No:
     1   -0.2386    0.0000    0.0000    0.0227    0.0000    0.0000    0.0009     0     1     2     1
     2   -0.2159    0.0000    0.0000    0.0227    0.0000    0.0000    0.0009     1     2     3     1
     3   -0.1932    0.0000    0.0000    0.0227    0.0000    0.0000    0.0009     2     3     4     1
     4   -0.1705    0.0000    0.0000    0.0227    0.0000    0.0000    0.0009     3     4     5     1
     5   -0.1477    0.0000    0.0000    0.0227    0.0000    0.0000    0.0009     4     5     6     1
     6   -0.1250    0.0000    0.0000    0.0227    0.0000    0.0000    0.0009     5     6     7     1
     7   -0.1023    0.0000    0.0000    0.0227    0.0000    0.0000    0.0009     6     7     8     1
     8   -0.0795    0.0000    0.0000    0.0227    0.0000    0.0000    0.0009     7     8     9     1
     9   -0.0568    0.0000    0.0000    0.0227    0.0000    0.0000    0.0009     8     9    10     1
    10   -0.0341    0.0000    0.0000    0.0227    0.0000    0.0000    0.0009     9    10    11     1
    11   -0.0114    0.0000    0.0000    0.0227    0.0000    0.0000    0.0009    10    11    12     1
    12    0.0000    0.0114    0.0000    0.0227    0.0000   90.0000    0.0009    11    12    13     2
    13    0.0000    0.0341    0.0000    0.0227    0.0000   90.0000    0.0009    12    13    14     2
    14    0.0000    0.0568    0.0000    0.0227    0.0000   90.0000    0.0009    13    14    15     2
    15    0.0000    0.0795    0.0000    0.0227    0.0000   90.0000    0.0009    14    15    16     2
    16    0.0000    0.1023    0.0000    0.0227    0.0000   90.0000    0.0009    15    16    17     2
    17    0.0000    0.1250    0.0000    0.0227    0.0000   90.0000    0.0009    16    17    18     2
    18    0.0000    0.1477    0.0000    0.0227    0.0000   90.0000    0.0009    17    18    19     2
    19    0.0000    0.1705    0.0000    0.0227    0.0000   90.0000    0.0009    18    19    20     2
    20    0.0000    0.1932    0.0000    0.0227    0.0000   90.0000    0.0009    19    20    21     2
    21    0.0000    0.2159    0.0000    0.0227    0.0000   90.0000    0.0009    20    21    22     2
    22    0.0000    0.2386    0.0000    0.0227    0.0000   90.0000    0.0009    21    22     0     2



  DATA CARD No:   1 EK   0     0     0     0  0.00000E+00  0.00000E+00  0.00000E+00  0.00000E+00  0.00000E+00  0.00000E+00
  DATA CARD No:   2 EX   0     1    10     0  1.00000E+00  0.00000E+00  0.00000E+00  0.00000E+00  0.00000E+00  0.00000E+00
  DATA CARD No:   3 FR   0     1     0     0  2.99792E+02  0.00000E+00  0.00000E+00  0.00000E+00  0.00000E+00  0.00000E+00
  DATA CARD No:   4 XQ   0     0     0     0  0.00000E+00  0.00000E+00  0.00000E+00  0.00000E+00  0.00000E+00  0.00000E+00


                               --------- FREQUENCY --------
                                FREQUENCY : 2.9979E+02 MHz
                                WAVELENGTH: 1.0000E+00 Mtr

                        APPROXIMATE INTEGRATION EMPLOYED FOR SEGMENTS 
                        THAT ARE MORE THAN 1.000 WAVELENGTHS APART
                        THE EXTENDED THIN WIRE KERNEL WILL BE USED


                          ------ STRUCTURE IMPEDANCE LOADING ------
                                 THIS STRUCTURE IS NOT LOADED


                            -------- ANTENNA ENVIRONMENT --------
                            FREE SPACE


                             ---------- MATRIX TIMING ----------
                               FILL: 0 msec  FACTOR: 0 msec


                        --------- ANTENNA INPUT PARAMETERS ---------
  TAG   SEG       VOLTAGE (VOLTS)         CURRENT (AMPS)         IMPEDANCE (OHMS)        ADMITTANCE (MHOS)     POWER
  No:   No:     REAL      IMAGINARY     REAL      IMAGINARY     REAL      IMAGINARY    REAL       IMAGINARY   (WATTS)
    1    10  1.0000E+00  0.0000E+00  1.9199E-02 -6.7465E-03  4.6362E+01  1.6291E+01  1.9199E-02 -6.7465E-03  9.5994E-03


                           -------- CURRENTS AND LOCATION --------
                                  DISTANCES IN WAVELENGTHS

   SEG  TAG    COORDINATES OF SEGM CENTER     SEGM    ------------- CURRENT (AMPS) -------------
   No:  No:       X         Y         Z      LENGTH     REAL      IMAGINARY    MAGN        PHASE
     1    1   -0.2386    0.0000    0.0000   0.02273  2.0174E-03 -8.6269E-04  2.1941E-03  -23.153
     2    1   -0.2159    0.0000    0.0000   0.02273  5.1038E-03 -2.1514E-03  5.5387E-03  -22.857
     3    1   -0.1932    0.0000    0.0000   0.02273  7.8104E-03 -3.2424E-03  8.4567E-03  -22.545
     4    1   -0.1705    0.0000    0.0000   0.02273  1.0278E-02 -4.1981E-03  1.1102E-02  -22.217
     5    1   -0.1477    0.0000    0.0000   0.02273  1.2501E-02 -5.0173E-03  1.3470E-02  -21.868
     6    1   -0.1250    0.0000    0.0000   0.02273  1.4459E-02 -5.6920E-03  1.5539E-02  -21.488
     7    1   -0.1023    0.0000    0.0000   0.02273  1.6127E-02 -6.2121E-03  1.7282E-02  -21.066
     8    1   -0.0795    0.0000    0.0000   0.02273  1.7485E-02 -6.5655E-03  1.8677E-02  -20.581
     9    1   -0.0568    0.0000    0.0000   0.02273  1.8513E-02 -6.7280E-03  1.9697E-02  -19.973
    10    1   -0.0341    0.0000    0.0000   0.02273  1.9199E-02 -6.7465E-03  2.0350E-02  -19.362
    11    1   -0.0114    0.0000    0.0000   0.02273  1.9538E-02 -7.1722E-03  2.0813E-02  -20.158
    12    2    0.0000    0.0114    0.0000   0.02273  1.9535E-02 -7.4494E-03  2.0907E-02  -20.874
    13    2    0.0000    0.0341    0.0000   0.02273  1.9190E-02 -7.5517E-03  2.0622E-02  -21.481
    14    2    0.0000    0.0568    0.0000   0.02273  1.8499E-02 -7.4793E-03  1.9953E-02  -22.014
    15    2    0.0000    0.0795    0.0000   0.02273  1.7467E-02 -7.2297E-03  1.8904E-02  -22.485
    16    2    0.0000    0.1023    0.0000   0.02273  1.6108E-02 -6.8063E-03  1.7487E-02  -22.906
    17    2    0.0000    0.1250    0.0000   0.02273  1.4438E-02 -6.2152E-03  1.5719E-02  -23.290
    18    2    0.0000    0.1477    0.0000   0.02273  1.2481E-02 -5.4644E-03  1.3625E-02  -23.644
    19    2    0.0000    0.1705    0.0000   0.02273  1.0260E-02 -4.5627E-03  1.1229E-02  -23.976
    20    2    0.0000    0.1932    0.0000   0.02273  7.7952E-03 -3.5179E-03  8.5522E-03  -24.289
    21    2    0.0000    0.2159    0.0000   0.02273  5.0930E-03 -2.3307E-03  5.6010E-03  -24.590
    22    2    0.0000    0.2386    0.0000   0.02273  2.0128E-03 -9.3336E-04  2.2187E-03  -24.877


                               ---------- POWER BUDGET ---------
                               INPUT POWER   =  9.5994E-03 Watts
                               RADIATED POWER=  9.5994E-03 Watts
                               STRUCTURE LOSS=  0.0000E+00 Watts
                               NETWORK LOSS  =  0.0000E+00 Watts
                               EFFICIENCY    =  100.00 Percent



  DATA CARD No:   5 EN   0     0     0     0  0.00000E+00  0.00000E+00  0.00000E+00  0.00000E+00  0.00000E+00  0.00000E+00

  TOTAL RUN TIME: 0 msec