


                               __________________________________________
                              |                                          |
                              |  NUMERICAL ELECTROMAGNETICS CODE (nec2c) |
                              |   Translated to 'C' in Double Precision  |
                              |__________________________________________|



                               ---------------- COMMENTS ----------------
                               momwire#272 coaxial-rule measurement
                               bent Delta/a rung
                              



                               -------- STRUCTURE SPECIFICATION --------
                                     COORDINATES MUST BE INPUT IN
                                     METERS OR BE SCALED TO METERS
                                     BEFORE STRUCTURE INPUT IS ENDED

  WIRE                                                                                 SEG FIRST  LAST  TAG
   No:        X1         Y1         Z1         X2         Y2         Z2       RADIUS   No:   SEG   SEG  No:
     1    -0.25000    0.00000    0.00000    0.00000    0.00000    0.00000    0.00379    11     1    11    1
     2     0.00000    0.00000    0.00000    0.00000    0.25000    0.00000    0.00379    11    12    22    2

     TOTAL SEGMENTS USED: 22   SEGMENTS IN A SYMMETRIC CELL: 22   SYMMETRY FLAG: 0


                               ---------- SEGMENTATION DATA ----------
                                        COORDINATES IN METERS
                            I+ AND I- INDICATE THE SEGMENTS BEFORE AND AFTER I

   SEG    COORDINATES OF SEGM CENTER     SEGM    ORIENTATION ANGLES    WIRE    CONNECTION DATA   TAG
   No:       X         Y         Z      LENGTH     ALPHA      BETA    RADIUS    I-     I    I+   No:
     1   -0.2386    0.0000    0.0000    0.0227    0.0000    0.0000    0.0038     0     1     2     1
     2   -0.2159    0.0000    0.0000    0.0227    0.0000    0.0000    0.0038     1     2     3     1
     3   -0.1932    0.0000    0.0000    0.0227    0.0000    0.0000    0.0038     2     3     4     1
     4   -0.1705    0.0000    0.0000    0.0227    0.0000    0.0000    0.0038     3     4     5     1
     5   -0.1477    0.0000    0.0000    0.0227    0.0000    0.0000    0.0038     4     5     6     1
     6   -0.1250    0.0000    0.0000    0.0227    0.0000    0.0000    0.0038     5     6     7     1
     7   -0.1023    0.0000    0.0000    0.0227    0.0000    0.0000    0.0038     6     7     8     1
     8   -0.0795    0.0000    0.0000    0.0227    0.0000    0.0000    0.0038     7     8     9     1
     9   -0.0568    0.0000    0.0000    0.0227    0.0000    0.0000    0.0038     8     9    10     1
    10   -0.0341    0.0000    0.0000    0.0227    0.0000    0.0000    0.0038     9    10    11     1
    11   -0.0114    0.0000    0.0000    0.0227    0.0000    0.0000    0.0038    10    11    12     1
    12    0.0000    0.0114    0.0000    0.0227    0.0000   90.0000    0.0038    11    12    13     2
    13    0.0000    0.0341    0.0000    0.0227    0.0000   90.0000    0.0038    12    13    14     2
    14    0.0000    0.0568    0.0000    0.0227    0.0000   90.0000    0.0038    13    14    15     2
    15    0.0000    0.0795    0.0000    0.0227    0.0000   90.0000    0.0038    14    15    16     2
    16    0.0000    0.1023    0.0000    0.0227    0.0000   90.0000    0.0038    15    16    17     2
    17    0.0000    0.1250    0.0000    0.0227    0.0000   90.0000    0.0038    16    17    18     2
    18    0.0000    0.1477    0.0000    0.0227    0.0000   90.0000    0.0038    17    18    19     2
    19    0.0000    0.1705    0.0000    0.0227    0.0000   90.0000    0.0038    18    19    20     2
    20    0.0000    0.1932    0.0000    0.0227    0.0000   90.0000    0.0038    19    20    21     2
    21    0.0000    0.2159    0.0000    0.0227    0.0000   90.0000    0.0038    20    21    22     2
    22    0.0000    0.2386    0.0000    0.0227    0.0000   90.0000    0.0038    21    22     0     2



  DATA CARD No:   1 EK   0     0     0     0  0.00000E+00  0.00000E+00  0.00000E+00  0.00000E+00  0.00000E+00  0.00000E+00
  DATA CARD No:   2 EX   0     1    10     0  1.00000E+00  0.00000E+00  0.00000E+00  0.00000E+00  0.00000E+00  0.00000E+00
  DATA CARD No:   3 FR   0     1     0     0  2.99792E+02  0.00000E+00  0.00000E+00  0.00000E+00  0.00000E+00  0.00000E+00
  DATA CARD No:   4 XQ   0     0     0     0  0.00000E+00  0.00000E+00  0.00000E+00  0.00000E+00  0.00000E+00  0.00000E+00


                               --------- FREQUENCY --------
                                FREQUENCY : 2.9979E+02 MHz
                                WAVELENGTH: 1.0000E+00 Mtr

                        APPROXIMATE INTEGRATION EMPLOYED FOR SEGMENTS 
                        THAT ARE MORE THAN 1.000 WAVELENGTHS APART
                        THE EXTENDED THIN WIRE KERNEL WILL BE USED


                          ------ STRUCTURE IMPEDANCE LOADING ------
                                 THIS STRUCTURE IS NOT LOADED


                            -------- ANTENNA ENVIRONMENT --------
                            FREE SPACE


                             ---------- MATRIX TIMING ----------
                               FILL: 0 msec  FACTOR: 0 msec


                        --------- ANTENNA INPUT PARAMETERS ---------
  TAG   SEG       VOLTAGE (VOLTS)         CURRENT (AMPS)         IMPEDANCE (OHMS)        ADMITTANCE (MHOS)     POWER
  No:   No:     REAL      IMAGINARY     REAL      IMAGINARY     REAL      IMAGINARY    REAL       IMAGINARY   (WATTS)
    1    10  1.0000E+00  0.0000E+00  1.7171E-02 -7.0807E-03  4.9775E+01  2.0526E+01  1.7171E-02 -7.0807E-03  8.5853E-03


                           -------- CURRENTS AND LOCATION --------
                                  DISTANCES IN WAVELENGTHS

   SEG  TAG    COORDINATES OF SEGM CENTER     SEGM    ------------- CURRENT (AMPS) -------------
   No:  No:       X         Y         Z      LENGTH     REAL      IMAGINARY    MAGN        PHASE
     1    1   -0.2386    0.0000    0.0000   0.02273  2.3398E-03 -1.2794E-03  2.6667E-03  -28.669
     2    1   -0.2159    0.0000    0.0000   0.02273  5.1394E-03 -2.7595E-03  5.8334E-03  -28.233
     3    1   -0.1932    0.0000    0.0000   0.02273  7.5062E-03 -3.9526E-03  8.4833E-03  -27.771
     4    1   -0.1705    0.0000    0.0000   0.02273  9.6403E-03 -4.9724E-03  1.0847E-02  -27.285
     5    1   -0.1477    0.0000    0.0000   0.02273  1.1545E-02 -5.8221E-03  1.2930E-02  -26.762
     6    1   -0.1250    0.0000    0.0000   0.02273  1.3209E-02 -6.4961E-03  1.4720E-02  -26.187
     7    1   -0.1023    0.0000    0.0000   0.02273  1.4618E-02 -6.9838E-03  1.6200E-02  -25.537
     8    1   -0.0795    0.0000    0.0000   0.02273  1.5754E-02 -7.2698E-03  1.7351E-02  -24.771
     9    1   -0.0568    0.0000    0.0000   0.02273  1.6608E-02 -7.2994E-03  1.8141E-02  -23.726
    10    1   -0.0341    0.0000    0.0000   0.02273  1.7171E-02 -7.0807E-03  1.8573E-02  -22.410
    11    1   -0.0114    0.0000    0.0000   0.02273  1.7442E-02 -7.7474E-03  1.9085E-02  -23.950
    12    2    0.0000    0.0114    0.0000   0.02273  1.7434E-02 -8.1622E-03  1.9250E-02  -25.088
    13    2    0.0000    0.0341    0.0000   0.02273  1.7150E-02 -8.3790E-03  1.9087E-02  -26.039
    14    2    0.0000    0.0568    0.0000   0.02273  1.6577E-02 -8.3998E-03  1.8584E-02  -26.872
    15    2    0.0000    0.0795    0.0000   0.02273  1.5716E-02 -8.2142E-03  1.7733E-02  -27.594
    16    2    0.0000    0.1023    0.0000   0.02273  1.4574E-02 -7.8251E-03  1.6542E-02  -28.232
    17    2    0.0000    0.1250    0.0000   0.02273  1.3164E-02 -7.2386E-03  1.5023E-02  -28.806
    18    2    0.0000    0.1477    0.0000   0.02273  1.1500E-02 -6.4616E-03  1.3191E-02  -29.331
    19    2    0.0000    0.1705    0.0000   0.02273  9.5988E-03 -5.5013E-03  1.1064E-02  -29.818
    20    2    0.0000    0.1932    0.0000   0.02273  7.4710E-03 -4.3618E-03  8.6511E-03  -30.278
    21    2    0.0000    0.2159    0.0000   0.02273  5.1133E-03 -3.0384E-03  5.9479E-03  -30.719
    22    2    0.0000    0.2386    0.0000   0.02273  2.3271E-03 -1.4060E-03  2.7188E-03  -31.140


                               ---------- POWER BUDGET ---------
                               INPUT POWER   =  8.5853E-03 Watts
                               RADIATED POWER=  8.5853E-03 Watts
                               STRUCTURE LOSS=  0.0000E+00 Watts
                               NETWORK LOSS  =  0.0000E+00 Watts
                               EFFICIENCY    =  100.00 Percent



  DATA CARD No:   5 EN   0     0     0     0  0.00000E+00  0.00000E+00  0.00000E+00  0.00000E+00  0.00000E+00  0.00000E+00

  TOTAL RUN TIME: 0 msec