


                               __________________________________________
                              |                                          |
                              |  NUMERICAL ELECTROMAGNETICS CODE (nec2c) |
                              |   Translated to 'C' in Double Precision  |
                              |__________________________________________|



                               ---------------- COMMENTS ----------------
                               momwire#272 coaxial-rule measurement
                               bent Delta/a rung
                              



                               -------- STRUCTURE SPECIFICATION --------
                                     COORDINATES MUST BE INPUT IN
                                     METERS OR BE SCALED TO METERS
                                     BEFORE STRUCTURE INPUT IS ENDED

  WIRE                                                                                 SEG FIRST  LAST  TAG
   No:        X1         Y1         Z1         X2         Y2         Z2       RADIUS   No:   SEG   SEG  No:
     1    -0.25000    0.00000    0.00000    0.00000    0.00000    0.00000    0.01136    11     1    11    1
     2     0.00000    0.00000    0.00000    0.00000    0.25000    0.00000    0.01136    11    12    22    2

     TOTAL SEGMENTS USED: 22   SEGMENTS IN A SYMMETRIC CELL: 22   SYMMETRY FLAG: 0


                               ---------- SEGMENTATION DATA ----------
                                        COORDINATES IN METERS
                            I+ AND I- INDICATE THE SEGMENTS BEFORE AND AFTER I

   SEG    COORDINATES OF SEGM CENTER     SEGM    ORIENTATION ANGLES    WIRE    CONNECTION DATA   TAG
   No:       X         Y         Z      LENGTH     ALPHA      BETA    RADIUS    I-     I    I+   No:
     1   -0.2386    0.0000    0.0000    0.0227    0.0000    0.0000    0.0114     0     1     2     1
     2   -0.2159    0.0000    0.0000    0.0227    0.0000    0.0000    0.0114     1     2     3     1
     3   -0.1932    0.0000    0.0000    0.0227    0.0000    0.0000    0.0114     2     3     4     1
     4   -0.1705    0.0000    0.0000    0.0227    0.0000    0.0000    0.0114     3     4     5     1
     5   -0.1477    0.0000    0.0000    0.0227    0.0000    0.0000    0.0114     4     5     6     1
     6   -0.1250    0.0000    0.0000    0.0227    0.0000    0.0000    0.0114     5     6     7     1
     7   -0.1023    0.0000    0.0000    0.0227    0.0000    0.0000    0.0114     6     7     8     1
     8   -0.0795    0.0000    0.0000    0.0227    0.0000    0.0000    0.0114     7     8     9     1
     9   -0.0568    0.0000    0.0000    0.0227    0.0000    0.0000    0.0114     8     9    10     1
    10   -0.0341    0.0000    0.0000    0.0227    0.0000    0.0000    0.0114     9    10    11     1
    11   -0.0114    0.0000    0.0000    0.0227    0.0000    0.0000    0.0114    10    11    12     1
    12    0.0000    0.0114    0.0000    0.0227    0.0000   90.0000    0.0114    11    12    13     2
    13    0.0000    0.0341    0.0000    0.0227    0.0000   90.0000    0.0114    12    13    14     2
    14    0.0000    0.0568    0.0000    0.0227    0.0000   90.0000    0.0114    13    14    15     2
    15    0.0000    0.0795    0.0000    0.0227    0.0000   90.0000    0.0114    14    15    16     2
    16    0.0000    0.1023    0.0000    0.0227    0.0000   90.0000    0.0114    15    16    17     2
    17    0.0000    0.1250    0.0000    0.0227    0.0000   90.0000    0.0114    16    17    18     2
    18    0.0000    0.1477    0.0000    0.0227    0.0000   90.0000    0.0114    17    18    19     2
    19    0.0000    0.1705    0.0000    0.0227    0.0000   90.0000    0.0114    18    19    20     2
    20    0.0000    0.1932    0.0000    0.0227    0.0000   90.0000    0.0114    19    20    21     2
    21    0.0000    0.2159    0.0000    0.0227    0.0000   90.0000    0.0114    20    21    22     2
    22    0.0000    0.2386    0.0000    0.0227    0.0000   90.0000    0.0114    21    22     0     2



  DATA CARD No:   1 EX   0     1    10     0  1.00000E+00  0.00000E+00  0.00000E+00  0.00000E+00  0.00000E+00  0.00000E+00
  DATA CARD No:   2 FR   0     1     0     0  2.99792E+02  0.00000E+00  0.00000E+00  0.00000E+00  0.00000E+00  0.00000E+00
  DATA CARD No:   3 XQ   0     0     0     0  0.00000E+00  0.00000E+00  0.00000E+00  0.00000E+00  0.00000E+00  0.00000E+00


                               --------- FREQUENCY --------
                                FREQUENCY : 2.9979E+02 MHz
                                WAVELENGTH: 1.0000E+00 Mtr

                        APPROXIMATE INTEGRATION EMPLOYED FOR SEGMENTS 
                        THAT ARE MORE THAN 1.000 WAVELENGTHS APART


                          ------ STRUCTURE IMPEDANCE LOADING ------
                                 THIS STRUCTURE IS NOT LOADED


                            -------- ANTENNA ENVIRONMENT --------
                            FREE SPACE


                             ---------- MATRIX TIMING ----------
                               FILL: 0 msec  FACTOR: 0 msec


                        --------- ANTENNA INPUT PARAMETERS ---------
  TAG   SEG       VOLTAGE (VOLTS)         CURRENT (AMPS)         IMPEDANCE (OHMS)        ADMITTANCE (MHOS)     POWER
  No:   No:     REAL      IMAGINARY     REAL      IMAGINARY     REAL      IMAGINARY    REAL       IMAGINARY   (WATTS)
    1    10  1.0000E+00  0.0000E+00  1.4582E-02 -5.9564E-03  5.8771E+01  2.4006E+01  1.4582E-02 -5.9564E-03  7.2911E-03


                           -------- CURRENTS AND LOCATION --------
                                  DISTANCES IN WAVELENGTHS

   SEG  TAG    COORDINATES OF SEGM CENTER     SEGM    ------------- CURRENT (AMPS) -------------
   No:  No:       X         Y         Z      LENGTH     REAL      IMAGINARY    MAGN        PHASE
     1    1   -0.2386    0.0000    0.0000   0.02273  3.0722E-03 -2.1620E-03  3.7567E-03  -35.136
     2    1   -0.2159    0.0000    0.0000   0.02273  5.2232E-03 -3.5779E-03  6.3311E-03  -34.411
     3    1   -0.1932    0.0000    0.0000   0.02273  7.1228E-03 -4.7494E-03  8.5611E-03  -33.695
     4    1   -0.1705    0.0000    0.0000   0.02273  8.8100E-03 -5.7077E-03  1.0497E-02  -32.938
     5    1   -0.1477    0.0000    0.0000   0.02273  1.0301E-02 -6.4659E-03  1.2162E-02  -32.116
     6    1   -0.1250    0.0000    0.0000   0.02273  1.1591E-02 -7.0190E-03  1.3551E-02  -31.196
     7    1   -0.1023    0.0000    0.0000   0.02273  1.2672E-02 -7.3554E-03  1.4652E-02  -30.133
     8    1   -0.0795    0.0000    0.0000   0.02273  1.3534E-02 -7.4474E-03  1.5448E-02  -28.823
     9    1   -0.0568    0.0000    0.0000   0.02273  1.4171E-02 -7.2488E-03  1.5918E-02  -27.090
    10    1   -0.0341    0.0000    0.0000   0.02273  1.4582E-02 -5.9564E-03  1.5752E-02  -22.219
    11    1   -0.0114    0.0000    0.0000   0.02273  1.4774E-02 -7.6018E-03  1.6615E-02  -27.227
    12    2    0.0000    0.0114    0.0000   0.02273  1.4749E-02 -8.2443E-03  1.6897E-02  -29.204
    13    2    0.0000    0.0341    0.0000   0.02273  1.4527E-02 -8.6452E-03  1.6905E-02  -30.757
    14    2    0.0000    0.0568    0.0000   0.02273  1.4091E-02 -8.8726E-03  1.6651E-02  -32.198
    15    2    0.0000    0.0795    0.0000   0.02273  1.3434E-02 -8.8600E-03  1.6092E-02  -33.406
    16    2    0.0000    0.1023    0.0000   0.02273  1.2559E-02 -8.6132E-03  1.5228E-02  -34.444
    17    2    0.0000    0.1250    0.0000   0.02273  1.1472E-02 -8.1398E-03  1.4066E-02  -35.358
    18    2    0.0000    0.1477    0.0000   0.02273  1.0181E-02 -7.4466E-03  1.2614E-02  -36.182
    19    2    0.0000    0.1705    0.0000   0.02273  8.6967E-03 -6.5388E-03  1.0881E-02  -36.938
    20    2    0.0000    0.1932    0.0000   0.02273  7.0230E-03 -5.4177E-03  8.8698E-03  -37.647
    21    2    0.0000    0.2159    0.0000   0.02273  5.1441E-03 -4.0664E-03  6.5572E-03  -38.326
    22    2    0.0000    0.2386    0.0000   0.02273  3.0221E-03 -2.4489E-03  3.8898E-03  -39.020


                               ---------- POWER BUDGET ---------
                               INPUT POWER   =  7.2911E-03 Watts
                               RADIATED POWER=  7.2911E-03 Watts
                               STRUCTURE LOSS=  0.0000E+00 Watts
                               NETWORK LOSS  =  0.0000E+00 Watts
                               EFFICIENCY    =  100.00 Percent



  DATA CARD No:   4 EN   0     0     0     0  0.00000E+00  0.00000E+00  0.00000E+00  0.00000E+00  0.00000E+00  0.00000E+00

  TOTAL RUN TIME: 0 msec