


                               __________________________________________
                              |                                          |
                              |  NUMERICAL ELECTROMAGNETICS CODE (nec2c) |
                              |   Translated to 'C' in Double Precision  |
                              |__________________________________________|



                               ---------------- COMMENTS ----------------
                               momwire#272 coaxial-rule measurement
                               bent Delta/a rung
                              



                               -------- STRUCTURE SPECIFICATION --------
                                     COORDINATES MUST BE INPUT IN
                                     METERS OR BE SCALED TO METERS
                                     BEFORE STRUCTURE INPUT IS ENDED

  WIRE                                                                                 SEG FIRST  LAST  TAG
   No:        X1         Y1         Z1         X2         Y2         Z2       RADIUS   No:   SEG   SEG  No:
     1    -0.25000    0.00000    0.00000    0.00000    0.00000    0.00000    0.00091    11     1    11    1
     2     0.00000    0.00000    0.00000    0.00000    0.25000    0.00000    0.00091    11    12    22    2

     TOTAL SEGMENTS USED: 22   SEGMENTS IN A SYMMETRIC CELL: 22   SYMMETRY FLAG: 0


                               ---------- SEGMENTATION DATA ----------
                                        COORDINATES IN METERS
                            I+ AND I- INDICATE THE SEGMENTS BEFORE AND AFTER I

   SEG    COORDINATES OF SEGM CENTER     SEGM    ORIENTATION ANGLES    WIRE    CONNECTION DATA   TAG
   No:       X         Y         Z      LENGTH     ALPHA      BETA    RADIUS    I-     I    I+   No:
     1   -0.2386    0.0000    0.0000    0.0227    0.0000    0.0000    0.0009     0     1     2     1
     2   -0.2159    0.0000    0.0000    0.0227    0.0000    0.0000    0.0009     1     2     3     1
     3   -0.1932    0.0000    0.0000    0.0227    0.0000    0.0000    0.0009     2     3     4     1
     4   -0.1705    0.0000    0.0000    0.0227    0.0000    0.0000    0.0009     3     4     5     1
     5   -0.1477    0.0000    0.0000    0.0227    0.0000    0.0000    0.0009     4     5     6     1
     6   -0.1250    0.0000    0.0000    0.0227    0.0000    0.0000    0.0009     5     6     7     1
     7   -0.1023    0.0000    0.0000    0.0227    0.0000    0.0000    0.0009     6     7     8     1
     8   -0.0795    0.0000    0.0000    0.0227    0.0000    0.0000    0.0009     7     8     9     1
     9   -0.0568    0.0000    0.0000    0.0227    0.0000    0.0000    0.0009     8     9    10     1
    10   -0.0341    0.0000    0.0000    0.0227    0.0000    0.0000    0.0009     9    10    11     1
    11   -0.0114    0.0000    0.0000    0.0227    0.0000    0.0000    0.0009    10    11    12     1
    12    0.0000    0.0114    0.0000    0.0227    0.0000   90.0000    0.0009    11    12    13     2
    13    0.0000    0.0341    0.0000    0.0227    0.0000   90.0000    0.0009    12    13    14     2
    14    0.0000    0.0568    0.0000    0.0227    0.0000   90.0000    0.0009    13    14    15     2
    15    0.0000    0.0795    0.0000    0.0227    0.0000   90.0000    0.0009    14    15    16     2
    16    0.0000    0.1023    0.0000    0.0227    0.0000   90.0000    0.0009    15    16    17     2
    17    0.0000    0.1250    0.0000    0.0227    0.0000   90.0000    0.0009    16    17    18     2
    18    0.0000    0.1477    0.0000    0.0227    0.0000   90.0000    0.0009    17    18    19     2
    19    0.0000    0.1705    0.0000    0.0227    0.0000   90.0000    0.0009    18    19    20     2
    20    0.0000    0.1932    0.0000    0.0227    0.0000   90.0000    0.0009    19    20    21     2
    21    0.0000    0.2159    0.0000    0.0227    0.0000   90.0000    0.0009    20    21    22     2
    22    0.0000    0.2386    0.0000    0.0227    0.0000   90.0000    0.0009    21    22     0     2



  DATA CARD No:   1 EX   0     1    10     0  1.00000E+00  0.00000E+00  0.00000E+00  0.00000E+00  0.00000E+00  0.00000E+00
  DATA CARD No:   2 FR   0     1     0     0  2.99792E+02  0.00000E+00  0.00000E+00  0.00000E+00  0.00000E+00  0.00000E+00
  DATA CARD No:   3 XQ   0     0     0     0  0.00000E+00  0.00000E+00  0.00000E+00  0.00000E+00  0.00000E+00  0.00000E+00


                               --------- FREQUENCY --------
                                FREQUENCY : 2.9979E+02 MHz
                                WAVELENGTH: 1.0000E+00 Mtr

                        APPROXIMATE INTEGRATION EMPLOYED FOR SEGMENTS 
                        THAT ARE MORE THAN 1.000 WAVELENGTHS APART


                          ------ STRUCTURE IMPEDANCE LOADING ------
                                 THIS STRUCTURE IS NOT LOADED


                            -------- ANTENNA ENVIRONMENT --------
                            FREE SPACE


                             ---------- MATRIX TIMING ----------
                               FILL: 0 msec  FACTOR: 0 msec


                        --------- ANTENNA INPUT PARAMETERS ---------
  TAG   SEG       VOLTAGE (VOLTS)         CURRENT (AMPS)         IMPEDANCE (OHMS)        ADMITTANCE (MHOS)     POWER
  No:   No:     REAL      IMAGINARY     REAL      IMAGINARY     REAL      IMAGINARY    REAL       IMAGINARY   (WATTS)
    1    10  1.0000E+00  0.0000E+00  1.9179E-02 -6.7637E-03  4.6372E+01  1.6353E+01  1.9179E-02 -6.7637E-03  9.5897E-03


                           -------- CURRENTS AND LOCATION --------
                                  DISTANCES IN WAVELENGTHS

   SEG  TAG    COORDINATES OF SEGM CENTER     SEGM    ------------- CURRENT (AMPS) -------------
   No:  No:       X         Y         Z      LENGTH     REAL      IMAGINARY    MAGN        PHASE
     1    1   -0.2386    0.0000    0.0000   0.02273  2.0171E-03 -8.6528E-04  2.1949E-03  -23.218
     2    1   -0.2159    0.0000    0.0000   0.02273  5.1003E-03 -2.1568E-03  5.5375E-03  -22.922
     3    1   -0.1932    0.0000    0.0000   0.02273  7.8038E-03 -3.2500E-03  8.4535E-03  -22.610
     4    1   -0.1705    0.0000    0.0000   0.02273  1.0269E-02 -4.2078E-03  1.1097E-02  -22.282
     5    1   -0.1477    0.0000    0.0000   0.02273  1.2489E-02 -5.0289E-03  1.3464E-02  -21.933
     6    1   -0.1250    0.0000    0.0000   0.02273  1.4445E-02 -5.7053E-03  1.5531E-02  -21.553
     7    1   -0.1023    0.0000    0.0000   0.02273  1.6111E-02 -6.2268E-03  1.7273E-02  -21.131
     8    1   -0.0795    0.0000    0.0000   0.02273  1.7467E-02 -6.5814E-03  1.8666E-02  -20.646
     9    1   -0.0568    0.0000    0.0000   0.02273  1.8494E-02 -6.7448E-03  1.9686E-02  -20.037
    10    1   -0.0341    0.0000    0.0000   0.02273  1.9179E-02 -6.7637E-03  2.0337E-02  -19.425
    11    1   -0.0114    0.0000    0.0000   0.02273  1.9518E-02 -7.1899E-03  2.0800E-02  -20.222
    12    2    0.0000    0.0114    0.0000   0.02273  1.9515E-02 -7.4671E-03  2.0895E-02  -20.939
    13    2    0.0000    0.0341    0.0000   0.02273  1.9170E-02 -7.5691E-03  2.0610E-02  -21.546
    14    2    0.0000    0.0568    0.0000   0.02273  1.8480E-02 -7.4962E-03  1.9942E-02  -22.079
    15    2    0.0000    0.0795    0.0000   0.02273  1.7450E-02 -7.2457E-03  1.8894E-02  -22.550
    16    2    0.0000    0.1023    0.0000   0.02273  1.6092E-02 -6.8211E-03  1.7478E-02  -22.972
    17    2    0.0000    0.1250    0.0000   0.02273  1.4424E-02 -6.2286E-03  1.5712E-02  -23.355
    18    2    0.0000    0.1477    0.0000   0.02273  1.2469E-02 -5.4761E-03  1.3619E-02  -23.710
    19    2    0.0000    0.1705    0.0000   0.02273  1.0250E-02 -4.5725E-03  1.1224E-02  -24.041
    20    2    0.0000    0.1932    0.0000   0.02273  7.7885E-03 -3.5256E-03  8.5493E-03  -24.355
    21    2    0.0000    0.2159    0.0000   0.02273  5.0895E-03 -2.3362E-03  5.6000E-03  -24.656
    22    2    0.0000    0.2386    0.0000   0.02273  2.0126E-03 -9.3602E-04  2.2196E-03  -24.943


                               ---------- POWER BUDGET ---------
                               INPUT POWER   =  9.5897E-03 Watts
                               RADIATED POWER=  9.5897E-03 Watts
                               STRUCTURE LOSS=  0.0000E+00 Watts
                               NETWORK LOSS  =  0.0000E+00 Watts
                               EFFICIENCY    =  100.00 Percent



  DATA CARD No:   4 EN   0     0     0     0  0.00000E+00  0.00000E+00  0.00000E+00  0.00000E+00  0.00000E+00  0.00000E+00

  TOTAL RUN TIME: 0 msec