


                               __________________________________________
                              |                                          |
                              |  NUMERICAL ELECTROMAGNETICS CODE (nec2c) |
                              |   Translated to 'C' in Double Precision  |
                              |__________________________________________|



                               ---------------- COMMENTS ----------------
                               momwire#272 coaxial-rule measurement
                               bent Delta/a rung
                              



                               -------- STRUCTURE SPECIFICATION --------
                                     COORDINATES MUST BE INPUT IN
                                     METERS OR BE SCALED TO METERS
                                     BEFORE STRUCTURE INPUT IS ENDED

  WIRE                                                                                 SEG FIRST  LAST  TAG
   No:        X1         Y1         Z1         X2         Y2         Z2       RADIUS   No:   SEG   SEG  No:
     1    -0.25000    0.00000    0.00000    0.00000    0.00000    0.00000    0.00758    11     1    11    1
     2     0.00000    0.00000    0.00000    0.00000    0.25000    0.00000    0.00758    11    12    22    2

     TOTAL SEGMENTS USED: 22   SEGMENTS IN A SYMMETRIC CELL: 22   SYMMETRY FLAG: 0


                               ---------- SEGMENTATION DATA ----------
                                        COORDINATES IN METERS
                            I+ AND I- INDICATE THE SEGMENTS BEFORE AND AFTER I

   SEG    COORDINATES OF SEGM CENTER     SEGM    ORIENTATION ANGLES    WIRE    CONNECTION DATA   TAG
   No:       X         Y         Z      LENGTH     ALPHA      BETA    RADIUS    I-     I    I+   No:
     1   -0.2386    0.0000    0.0000    0.0227    0.0000    0.0000    0.0076     0     1     2     1
     2   -0.2159    0.0000    0.0000    0.0227    0.0000    0.0000    0.0076     1     2     3     1
     3   -0.1932    0.0000    0.0000    0.0227    0.0000    0.0000    0.0076     2     3     4     1
     4   -0.1705    0.0000    0.0000    0.0227    0.0000    0.0000    0.0076     3     4     5     1
     5   -0.1477    0.0000    0.0000    0.0227    0.0000    0.0000    0.0076     4     5     6     1
     6   -0.1250    0.0000    0.0000    0.0227    0.0000    0.0000    0.0076     5     6     7     1
     7   -0.1023    0.0000    0.0000    0.0227    0.0000    0.0000    0.0076     6     7     8     1
     8   -0.0795    0.0000    0.0000    0.0227    0.0000    0.0000    0.0076     7     8     9     1
     9   -0.0568    0.0000    0.0000    0.0227    0.0000    0.0000    0.0076     8     9    10     1
    10   -0.0341    0.0000    0.0000    0.0227    0.0000    0.0000    0.0076     9    10    11     1
    11   -0.0114    0.0000    0.0000    0.0227    0.0000    0.0000    0.0076    10    11    12     1
    12    0.0000    0.0114    0.0000    0.0227    0.0000   90.0000    0.0076    11    12    13     2
    13    0.0000    0.0341    0.0000    0.0227    0.0000   90.0000    0.0076    12    13    14     2
    14    0.0000    0.0568    0.0000    0.0227    0.0000   90.0000    0.0076    13    14    15     2
    15    0.0000    0.0795    0.0000    0.0227    0.0000   90.0000    0.0076    14    15    16     2
    16    0.0000    0.1023    0.0000    0.0227    0.0000   90.0000    0.0076    15    16    17     2
    17    0.0000    0.1250    0.0000    0.0227    0.0000   90.0000    0.0076    16    17    18     2
    18    0.0000    0.1477    0.0000    0.0227    0.0000   90.0000    0.0076    17    18    19     2
    19    0.0000    0.1705    0.0000    0.0227    0.0000   90.0000    0.0076    18    19    20     2
    20    0.0000    0.1932    0.0000    0.0227    0.0000   90.0000    0.0076    19    20    21     2
    21    0.0000    0.2159    0.0000    0.0227    0.0000   90.0000    0.0076    20    21    22     2
    22    0.0000    0.2386    0.0000    0.0227    0.0000   90.0000    0.0076    21    22     0     2



  DATA CARD No:   1 EX   0     1    10     0  1.00000E+00  0.00000E+00  0.00000E+00  0.00000E+00  0.00000E+00  0.00000E+00
  DATA CARD No:   2 FR   0     1     0     0  2.99792E+02  0.00000E+00  0.00000E+00  0.00000E+00  0.00000E+00  0.00000E+00
  DATA CARD No:   3 XQ   0     0     0     0  0.00000E+00  0.00000E+00  0.00000E+00  0.00000E+00  0.00000E+00  0.00000E+00


                               --------- FREQUENCY --------
                                FREQUENCY : 2.9979E+02 MHz
                                WAVELENGTH: 1.0000E+00 Mtr

                        APPROXIMATE INTEGRATION EMPLOYED FOR SEGMENTS 
                        THAT ARE MORE THAN 1.000 WAVELENGTHS APART


                          ------ STRUCTURE IMPEDANCE LOADING ------
                                 THIS STRUCTURE IS NOT LOADED


                            -------- ANTENNA ENVIRONMENT --------
                            FREE SPACE


                             ---------- MATRIX TIMING ----------
                               FILL: 0 msec  FACTOR: 0 msec


                        --------- ANTENNA INPUT PARAMETERS ---------
  TAG   SEG       VOLTAGE (VOLTS)         CURRENT (AMPS)         IMPEDANCE (OHMS)        ADMITTANCE (MHOS)     POWER
  No:   No:     REAL      IMAGINARY     REAL      IMAGINARY     REAL      IMAGINARY    REAL       IMAGINARY   (WATTS)
    1    10  1.0000E+00  0.0000E+00  1.5509E-02 -6.7885E-03  5.4111E+01  2.3684E+01  1.5509E-02 -6.7885E-03  7.7546E-03


                           -------- CURRENTS AND LOCATION --------
                                  DISTANCES IN WAVELENGTHS

   SEG  TAG    COORDINATES OF SEGM CENTER     SEGM    ------------- CURRENT (AMPS) -------------
   No:  No:       X         Y         Z      LENGTH     REAL      IMAGINARY    MAGN        PHASE
     1    1   -0.2386    0.0000    0.0000   0.02273  2.7153E-03 -1.7610E-03  3.2364E-03  -32.965
     2    1   -0.2159    0.0000    0.0000   0.02273  5.1554E-03 -3.2694E-03  6.1047E-03  -32.382
     3    1   -0.1932    0.0000    0.0000   0.02273  7.2242E-03 -4.4760E-03  8.4984E-03  -31.782
     4    1   -0.1705    0.0000    0.0000   0.02273  9.0799E-03 -5.4883E-03  1.0610E-02  -31.151
     5    1   -0.1477    0.0000    0.0000   0.02273  1.0725E-02 -6.3096E-03  1.2444E-02  -30.468
     6    1   -0.1250    0.0000    0.0000   0.02273  1.2155E-02 -6.9360E-03  1.3995E-02  -29.710
     7    1   -0.1023    0.0000    0.0000   0.02273  1.3358E-02 -7.3557E-03  1.5249E-02  -28.840
     8    1   -0.0795    0.0000    0.0000   0.02273  1.4323E-02 -7.5517E-03  1.6192E-02  -27.800
     9    1   -0.0568    0.0000    0.0000   0.02273  1.5041E-02 -7.4418E-03  1.6782E-02  -26.324
    10    1   -0.0341    0.0000    0.0000   0.02273  1.5509E-02 -6.7885E-03  1.6930E-02  -23.639
    11    1   -0.0114    0.0000    0.0000   0.02273  1.5730E-02 -7.8538E-03  1.7581E-02  -26.533
    12    2    0.0000    0.0114    0.0000   0.02273  1.5715E-02 -8.3995E-03  1.7819E-02  -28.124
    13    2    0.0000    0.0341    0.0000   0.02273  1.5473E-02 -8.7231E-03  1.7762E-02  -29.413
    14    2    0.0000    0.0568    0.0000   0.02273  1.4988E-02 -8.8478E-03  1.7405E-02  -30.555
    15    2    0.0000    0.0795    0.0000   0.02273  1.4256E-02 -8.7461E-03  1.6725E-02  -31.529
    16    2    0.0000    0.1023    0.0000   0.02273  1.3283E-02 -8.4217E-03  1.5727E-02  -32.376
    17    2    0.0000    0.1250    0.0000   0.02273  1.2076E-02 -7.8809E-03  1.4420E-02  -33.130
    18    2    0.0000    0.1477    0.0000   0.02273  1.0646E-02 -7.1306E-03  1.2813E-02  -33.814
    19    2    0.0000    0.1705    0.0000   0.02273  9.0056E-03 -6.1767E-03  1.0920E-02  -34.445
    20    2    0.0000    0.1932    0.0000   0.02273  7.1597E-03 -5.0204E-03  8.7445E-03  -35.038
    21    2    0.0000    0.2159    0.0000   0.02273  5.1056E-03 -3.6565E-03  6.2799E-03  -35.609
    22    2    0.0000    0.2386    0.0000   0.02273  2.6872E-03 -1.9644E-03  3.3287E-03  -36.168


                               ---------- POWER BUDGET ---------
                               INPUT POWER   =  7.7546E-03 Watts
                               RADIATED POWER=  7.7546E-03 Watts
                               STRUCTURE LOSS=  0.0000E+00 Watts
                               NETWORK LOSS  =  0.0000E+00 Watts
                               EFFICIENCY    =  100.00 Percent



  DATA CARD No:   4 EN   0     0     0     0  0.00000E+00  0.00000E+00  0.00000E+00  0.00000E+00  0.00000E+00  0.00000E+00

  TOTAL RUN TIME: 0 msec