


                               __________________________________________
                              |                                          |
                              |  NUMERICAL ELECTROMAGNETICS CODE (nec2c) |
                              |   Translated to 'C' in Double Precision  |
                              |__________________________________________|



                               ---------------- COMMENTS ----------------
                               momwire#272 coaxial-rule measurement
                               bent Delta/a rung
                              



                               -------- STRUCTURE SPECIFICATION --------
                                     COORDINATES MUST BE INPUT IN
                                     METERS OR BE SCALED TO METERS
                                     BEFORE STRUCTURE INPUT IS ENDED

  WIRE                                                                                 SEG FIRST  LAST  TAG
   No:        X1         Y1         Z1         X2         Y2         Z2       RADIUS   No:   SEG   SEG  No:
     1    -0.25000    0.00000    0.00000    0.00000    0.00000    0.00000    0.00758    11     1    11    1
     2     0.00000    0.00000    0.00000    0.00000    0.25000    0.00000    0.00758    11    12    22    2

     TOTAL SEGMENTS USED: 22   SEGMENTS IN A SYMMETRIC CELL: 22   SYMMETRY FLAG: 0


                               ---------- SEGMENTATION DATA ----------
                                        COORDINATES IN METERS
                            I+ AND I- INDICATE THE SEGMENTS BEFORE AND AFTER I

   SEG    COORDINATES OF SEGM CENTER     SEGM    ORIENTATION ANGLES    WIRE    CONNECTION DATA   TAG
   No:       X         Y         Z      LENGTH     ALPHA      BETA    RADIUS    I-     I    I+   No:
     1   -0.2386    0.0000    0.0000    0.0227    0.0000    0.0000    0.0076     0     1     2     1
     2   -0.2159    0.0000    0.0000    0.0227    0.0000    0.0000    0.0076     1     2     3     1
     3   -0.1932    0.0000    0.0000    0.0227    0.0000    0.0000    0.0076     2     3     4     1
     4   -0.1705    0.0000    0.0000    0.0227    0.0000    0.0000    0.0076     3     4     5     1
     5   -0.1477    0.0000    0.0000    0.0227    0.0000    0.0000    0.0076     4     5     6     1
     6   -0.1250    0.0000    0.0000    0.0227    0.0000    0.0000    0.0076     5     6     7     1
     7   -0.1023    0.0000    0.0000    0.0227    0.0000    0.0000    0.0076     6     7     8     1
     8   -0.0795    0.0000    0.0000    0.0227    0.0000    0.0000    0.0076     7     8     9     1
     9   -0.0568    0.0000    0.0000    0.0227    0.0000    0.0000    0.0076     8     9    10     1
    10   -0.0341    0.0000    0.0000    0.0227    0.0000    0.0000    0.0076     9    10    11     1
    11   -0.0114    0.0000    0.0000    0.0227    0.0000    0.0000    0.0076    10    11    12     1
    12    0.0000    0.0114    0.0000    0.0227    0.0000   90.0000    0.0076    11    12    13     2
    13    0.0000    0.0341    0.0000    0.0227    0.0000   90.0000    0.0076    12    13    14     2
    14    0.0000    0.0568    0.0000    0.0227    0.0000   90.0000    0.0076    13    14    15     2
    15    0.0000    0.0795    0.0000    0.0227    0.0000   90.0000    0.0076    14    15    16     2
    16    0.0000    0.1023    0.0000    0.0227    0.0000   90.0000    0.0076    15    16    17     2
    17    0.0000    0.1250    0.0000    0.0227    0.0000   90.0000    0.0076    16    17    18     2
    18    0.0000    0.1477    0.0000    0.0227    0.0000   90.0000    0.0076    17    18    19     2
    19    0.0000    0.1705    0.0000    0.0227    0.0000   90.0000    0.0076    18    19    20     2
    20    0.0000    0.1932    0.0000    0.0227    0.0000   90.0000    0.0076    19    20    21     2
    21    0.0000    0.2159    0.0000    0.0227    0.0000   90.0000    0.0076    20    21    22     2
    22    0.0000    0.2386    0.0000    0.0227    0.0000   90.0000    0.0076    21    22     0     2



  DATA CARD No:   1 EK   0     0     0     0  0.00000E+00  0.00000E+00  0.00000E+00  0.00000E+00  0.00000E+00  0.00000E+00
  DATA CARD No:   2 EX   0     1    10     0  1.00000E+00  0.00000E+00  0.00000E+00  0.00000E+00  0.00000E+00  0.00000E+00
  DATA CARD No:   3 FR   0     1     0     0  2.99792E+02  0.00000E+00  0.00000E+00  0.00000E+00  0.00000E+00  0.00000E+00
  DATA CARD No:   4 XQ   0     0     0     0  0.00000E+00  0.00000E+00  0.00000E+00  0.00000E+00  0.00000E+00  0.00000E+00


                               --------- FREQUENCY --------
                                FREQUENCY : 2.9979E+02 MHz
                                WAVELENGTH: 1.0000E+00 Mtr

                        APPROXIMATE INTEGRATION EMPLOYED FOR SEGMENTS 
                        THAT ARE MORE THAN 1.000 WAVELENGTHS APART
                        THE EXTENDED THIN WIRE KERNEL WILL BE USED


                          ------ STRUCTURE IMPEDANCE LOADING ------
                                 THIS STRUCTURE IS NOT LOADED


                            -------- ANTENNA ENVIRONMENT --------
                            FREE SPACE


                             ---------- MATRIX TIMING ----------
                               FILL: 0 msec  FACTOR: 0 msec


                        --------- ANTENNA INPUT PARAMETERS ---------
  TAG   SEG       VOLTAGE (VOLTS)         CURRENT (AMPS)         IMPEDANCE (OHMS)        ADMITTANCE (MHOS)     POWER
  No:   No:     REAL      IMAGINARY     REAL      IMAGINARY     REAL      IMAGINARY    REAL       IMAGINARY   (WATTS)
    1    10  1.0000E+00  0.0000E+00  1.6267E-02 -6.5218E-03  5.2962E+01  2.1234E+01  1.6267E-02 -6.5218E-03  8.1334E-03


                           -------- CURRENTS AND LOCATION --------
                                  DISTANCES IN WAVELENGTHS

   SEG  TAG    COORDINATES OF SEGM CENTER     SEGM    ------------- CURRENT (AMPS) -------------
   No:  No:       X         Y         Z      LENGTH     REAL      IMAGINARY    MAGN        PHASE
     1    1   -0.2386    0.0000    0.0000   0.02273  2.6650E-03 -1.5895E-03  3.1030E-03  -30.813
     2    1   -0.2159    0.0000    0.0000   0.02273  5.3030E-03 -3.0924E-03  6.1388E-03  -30.248
     3    1   -0.1932    0.0000    0.0000   0.02273  7.4992E-03 -4.2695E-03  8.6294E-03  -29.654
     4    1   -0.1705    0.0000    0.0000   0.02273  9.4630E-03 -5.2514E-03  1.0822E-02  -29.028
     5    1   -0.1477    0.0000    0.0000   0.02273  1.1204E-02 -6.0454E-03  1.2731E-02  -28.351
     6    1   -0.1250    0.0000    0.0000   0.02273  1.2716E-02 -6.6476E-03  1.4349E-02  -27.599
     7    1   -0.1023    0.0000    0.0000   0.02273  1.3988E-02 -7.0468E-03  1.5663E-02  -26.737
     8    1   -0.0795    0.0000    0.0000   0.02273  1.5010E-02 -7.2247E-03  1.6658E-02  -25.703
     9    1   -0.0568    0.0000    0.0000   0.02273  1.5770E-02 -7.0856E-03  1.7289E-02  -24.194
    10    1   -0.0341    0.0000    0.0000   0.02273  1.6267E-02 -6.5218E-03  1.7526E-02  -21.847
    11    1   -0.0114    0.0000    0.0000   0.02273  1.6502E-02 -7.4873E-03  1.8121E-02  -24.405
    12    2    0.0000    0.0114    0.0000   0.02273  1.6488E-02 -8.0295E-03  1.8339E-02  -25.966
    13    2    0.0000    0.0341    0.0000   0.02273  1.6232E-02 -8.3526E-03  1.8255E-02  -27.229
    14    2    0.0000    0.0568    0.0000   0.02273  1.5719E-02 -8.4827E-03  1.7862E-02  -28.353
    15    2    0.0000    0.0795    0.0000   0.02273  1.4946E-02 -8.3925E-03  1.7141E-02  -29.316
    16    2    0.0000    0.1023    0.0000   0.02273  1.3917E-02 -8.0844E-03  1.6094E-02  -30.153
    17    2    0.0000    0.1250    0.0000   0.02273  1.2640E-02 -7.5648E-03  1.4731E-02  -30.899
    18    2    0.0000    0.1477    0.0000   0.02273  1.1129E-02 -6.8400E-03  1.3063E-02  -31.576
    19    2    0.0000    0.1705    0.0000   0.02273  9.3929E-03 -5.9154E-03  1.1100E-02  -32.201
    20    2    0.0000    0.1932    0.0000   0.02273  7.4387E-03 -4.7919E-03  8.8485E-03  -32.789
    21    2    0.0000    0.2159    0.0000   0.02273  5.2568E-03 -3.4601E-03  6.2934E-03  -33.354
    22    2    0.0000    0.2386    0.0000   0.02273  2.6401E-03 -1.7737E-03  3.1806E-03  -33.894


                               ---------- POWER BUDGET ---------
                               INPUT POWER   =  8.1334E-03 Watts
                               RADIATED POWER=  8.1334E-03 Watts
                               STRUCTURE LOSS=  0.0000E+00 Watts
                               NETWORK LOSS  =  0.0000E+00 Watts
                               EFFICIENCY    =  100.00 Percent



  DATA CARD No:   5 EN   0     0     0     0  0.00000E+00  0.00000E+00  0.00000E+00  0.00000E+00  0.00000E+00  0.00000E+00

  TOTAL RUN TIME: 0 msec