


                               __________________________________________
                              |                                          |
                              |  NUMERICAL ELECTROMAGNETICS CODE (nec2c) |
                              |   Translated to 'C' in Double Precision  |
                              |__________________________________________|



                               ---------------- COMMENTS ----------------
                               momwire#272 coaxial-rule measurement
                               bent Delta/a rung
                              



                               -------- STRUCTURE SPECIFICATION --------
                                     COORDINATES MUST BE INPUT IN
                                     METERS OR BE SCALED TO METERS
                                     BEFORE STRUCTURE INPUT IS ENDED

  WIRE                                                                                 SEG FIRST  LAST  TAG
   No:        X1         Y1         Z1         X2         Y2         Z2       RADIUS   No:   SEG   SEG  No:
     1    -0.25000    0.00000    0.00000    0.00000    0.00000    0.00000    0.00227    11     1    11    1
     2     0.00000    0.00000    0.00000    0.00000    0.25000    0.00000    0.00227    11    12    22    2

     TOTAL SEGMENTS USED: 22   SEGMENTS IN A SYMMETRIC CELL: 22   SYMMETRY FLAG: 0


                               ---------- SEGMENTATION DATA ----------
                                        COORDINATES IN METERS
                            I+ AND I- INDICATE THE SEGMENTS BEFORE AND AFTER I

   SEG    COORDINATES OF SEGM CENTER     SEGM    ORIENTATION ANGLES    WIRE    CONNECTION DATA   TAG
   No:       X         Y         Z      LENGTH     ALPHA      BETA    RADIUS    I-     I    I+   No:
     1   -0.2386    0.0000    0.0000    0.0227    0.0000    0.0000    0.0023     0     1     2     1
     2   -0.2159    0.0000    0.0000    0.0227    0.0000    0.0000    0.0023     1     2     3     1
     3   -0.1932    0.0000    0.0000    0.0227    0.0000    0.0000    0.0023     2     3     4     1
     4   -0.1705    0.0000    0.0000    0.0227    0.0000    0.0000    0.0023     3     4     5     1
     5   -0.1477    0.0000    0.0000    0.0227    0.0000    0.0000    0.0023     4     5     6     1
     6   -0.1250    0.0000    0.0000    0.0227    0.0000    0.0000    0.0023     5     6     7     1
     7   -0.1023    0.0000    0.0000    0.0227    0.0000    0.0000    0.0023     6     7     8     1
     8   -0.0795    0.0000    0.0000    0.0227    0.0000    0.0000    0.0023     7     8     9     1
     9   -0.0568    0.0000    0.0000    0.0227    0.0000    0.0000    0.0023     8     9    10     1
    10   -0.0341    0.0000    0.0000    0.0227    0.0000    0.0000    0.0023     9    10    11     1
    11   -0.0114    0.0000    0.0000    0.0227    0.0000    0.0000    0.0023    10    11    12     1
    12    0.0000    0.0114    0.0000    0.0227    0.0000   90.0000    0.0023    11    12    13     2
    13    0.0000    0.0341    0.0000    0.0227    0.0000   90.0000    0.0023    12    13    14     2
    14    0.0000    0.0568    0.0000    0.0227    0.0000   90.0000    0.0023    13    14    15     2
    15    0.0000    0.0795    0.0000    0.0227    0.0000   90.0000    0.0023    14    15    16     2
    16    0.0000    0.1023    0.0000    0.0227    0.0000   90.0000    0.0023    15    16    17     2
    17    0.0000    0.1250    0.0000    0.0227    0.0000   90.0000    0.0023    16    17    18     2
    18    0.0000    0.1477    0.0000    0.0227    0.0000   90.0000    0.0023    17    18    19     2
    19    0.0000    0.1705    0.0000    0.0227    0.0000   90.0000    0.0023    18    19    20     2
    20    0.0000    0.1932    0.0000    0.0227    0.0000   90.0000    0.0023    19    20    21     2
    21    0.0000    0.2159    0.0000    0.0227    0.0000   90.0000    0.0023    20    21    22     2
    22    0.0000    0.2386    0.0000    0.0227    0.0000   90.0000    0.0023    21    22     0     2



  DATA CARD No:   1 EX   0     1    10     0  1.00000E+00  0.00000E+00  0.00000E+00  0.00000E+00  0.00000E+00  0.00000E+00
  DATA CARD No:   2 FR   0     1     0     0  2.99792E+02  0.00000E+00  0.00000E+00  0.00000E+00  0.00000E+00  0.00000E+00
  DATA CARD No:   3 XQ   0     0     0     0  0.00000E+00  0.00000E+00  0.00000E+00  0.00000E+00  0.00000E+00  0.00000E+00


                               --------- FREQUENCY --------
                                FREQUENCY : 2.9979E+02 MHz
                                WAVELENGTH: 1.0000E+00 Mtr

                        APPROXIMATE INTEGRATION EMPLOYED FOR SEGMENTS 
                        THAT ARE MORE THAN 1.000 WAVELENGTHS APART


                          ------ STRUCTURE IMPEDANCE LOADING ------
                                 THIS STRUCTURE IS NOT LOADED


                            -------- ANTENNA ENVIRONMENT --------
                            FREE SPACE


                             ---------- MATRIX TIMING ----------
                               FILL: 0 msec  FACTOR: 0 msec


                        --------- ANTENNA INPUT PARAMETERS ---------
  TAG   SEG       VOLTAGE (VOLTS)         CURRENT (AMPS)         IMPEDANCE (OHMS)        ADMITTANCE (MHOS)     POWER
  No:   No:     REAL      IMAGINARY     REAL      IMAGINARY     REAL      IMAGINARY    REAL       IMAGINARY   (WATTS)
    1    10  1.0000E+00  0.0000E+00  1.7838E-02 -7.1649E-03  4.8272E+01  1.9389E+01  1.7838E-02 -7.1649E-03  8.9190E-03


                           -------- CURRENTS AND LOCATION --------
                                  DISTANCES IN WAVELENGTHS

   SEG  TAG    COORDINATES OF SEGM CENTER     SEGM    ------------- CURRENT (AMPS) -------------
   No:  No:       X         Y         Z      LENGTH     REAL      IMAGINARY    MAGN        PHASE
     1    1   -0.2386    0.0000    0.0000   0.02273  2.1825E-03 -1.1109E-03  2.4490E-03  -26.977
     2    1   -0.2159    0.0000    0.0000   0.02273  5.0827E-03 -2.5456E-03  5.6845E-03  -26.603
     3    1   -0.1932    0.0000    0.0000   0.02273  7.5660E-03 -3.7243E-03  8.4330E-03  -26.208
     4    1   -0.1705    0.0000    0.0000   0.02273  9.8158E-03 -4.7436E-03  1.0902E-02  -25.793
     5    1   -0.1477    0.0000    0.0000   0.02273  1.1832E-02 -5.6048E-03  1.3092E-02  -25.348
     6    1   -0.1250    0.0000    0.0000   0.02273  1.3599E-02 -6.3011E-03  1.4988E-02  -24.860
     7    1   -0.1023    0.0000    0.0000   0.02273  1.5099E-02 -6.8220E-03  1.6569E-02  -24.314
     8    1   -0.0795    0.0000    0.0000   0.02273  1.6315E-02 -7.1537E-03  1.7814E-02  -23.676
     9    1   -0.0568    0.0000    0.0000   0.02273  1.7231E-02 -7.2566E-03  1.8696E-02  -22.838
    10    1   -0.0341    0.0000    0.0000   0.02273  1.7838E-02 -7.1649E-03  1.9223E-02  -21.884
    11    1   -0.0114    0.0000    0.0000   0.02273  1.8134E-02 -7.7166E-03  1.9708E-02  -23.051
    12    2    0.0000    0.0114    0.0000   0.02273  1.8129E-02 -8.0696E-03  1.9844E-02  -23.995
    13    2    0.0000    0.0341    0.0000   0.02273  1.7823E-02 -8.2314E-03  1.9632E-02  -24.789
    14    2    0.0000    0.0568    0.0000   0.02273  1.7208E-02 -8.2022E-03  1.9063E-02  -25.485
    15    2    0.0000    0.0795    0.0000   0.02273  1.6287E-02 -7.9760E-03  1.8135E-02  -26.092
    16    2    0.0000    0.1023    0.0000   0.02273  1.5068E-02 -7.5560E-03  1.6856E-02  -26.632
    17    2    0.0000    0.1250    0.0000   0.02273  1.3566E-02 -6.9483E-03  1.5242E-02  -27.121
    18    2    0.0000    0.1477    0.0000   0.02273  1.1799E-02 -6.1604E-03  1.3311E-02  -27.569
    19    2    0.0000    0.1705    0.0000   0.02273  9.7859E-03 -5.2004E-03  1.1082E-02  -27.987
    20    2    0.0000    0.1932    0.0000   0.02273  7.5408E-03 -4.0742E-03  8.5711E-03  -28.382
    21    2    0.0000    0.2159    0.0000   0.02273  5.0644E-03 -2.7797E-03  5.7771E-03  -28.761
    22    2    0.0000    0.2386    0.0000   0.02273  2.1741E-03 -1.2111E-03  2.4887E-03  -29.121


                               ---------- POWER BUDGET ---------
                               INPUT POWER   =  8.9190E-03 Watts
                               RADIATED POWER=  8.9190E-03 Watts
                               STRUCTURE LOSS=  0.0000E+00 Watts
                               NETWORK LOSS  =  0.0000E+00 Watts
                               EFFICIENCY    =  100.00 Percent



  DATA CARD No:   4 EN   0     0     0     0  0.00000E+00  0.00000E+00  0.00000E+00  0.00000E+00  0.00000E+00  0.00000E+00

  TOTAL RUN TIME: 0 msec