


                               __________________________________________
                              |                                          |
                              |  NUMERICAL ELECTROMAGNETICS CODE (nec2c) |
                              |   Translated to 'C' in Double Precision  |
                              |__________________________________________|



                               ---------------- COMMENTS ----------------
                               momwire#272 coaxial-rule measurement
                               bent Delta/a rung
                              



                               -------- STRUCTURE SPECIFICATION --------
                                     COORDINATES MUST BE INPUT IN
                                     METERS OR BE SCALED TO METERS
                                     BEFORE STRUCTURE INPUT IS ENDED

  WIRE                                                                                 SEG FIRST  LAST  TAG
   No:        X1         Y1         Z1         X2         Y2         Z2       RADIUS   No:   SEG   SEG  No:
     1    -0.25000    0.00000    0.00000    0.00000    0.00000    0.00000    0.01136    11     1    11    1
     2     0.00000    0.00000    0.00000    0.00000    0.25000    0.00000    0.01136    11    12    22    2

     TOTAL SEGMENTS USED: 22   SEGMENTS IN A SYMMETRIC CELL: 22   SYMMETRY FLAG: 0


                               ---------- SEGMENTATION DATA ----------
                                        COORDINATES IN METERS
                            I+ AND I- INDICATE THE SEGMENTS BEFORE AND AFTER I

   SEG    COORDINATES OF SEGM CENTER     SEGM    ORIENTATION ANGLES    WIRE    CONNECTION DATA   TAG
   No:       X         Y         Z      LENGTH     ALPHA      BETA    RADIUS    I-     I    I+   No:
     1   -0.2386    0.0000    0.0000    0.0227    0.0000    0.0000    0.0114     0     1     2     1
     2   -0.2159    0.0000    0.0000    0.0227    0.0000    0.0000    0.0114     1     2     3     1
     3   -0.1932    0.0000    0.0000    0.0227    0.0000    0.0000    0.0114     2     3     4     1
     4   -0.1705    0.0000    0.0000    0.0227    0.0000    0.0000    0.0114     3     4     5     1
     5   -0.1477    0.0000    0.0000    0.0227    0.0000    0.0000    0.0114     4     5     6     1
     6   -0.1250    0.0000    0.0000    0.0227    0.0000    0.0000    0.0114     5     6     7     1
     7   -0.1023    0.0000    0.0000    0.0227    0.0000    0.0000    0.0114     6     7     8     1
     8   -0.0795    0.0000    0.0000    0.0227    0.0000    0.0000    0.0114     7     8     9     1
     9   -0.0568    0.0000    0.0000    0.0227    0.0000    0.0000    0.0114     8     9    10     1
    10   -0.0341    0.0000    0.0000    0.0227    0.0000    0.0000    0.0114     9    10    11     1
    11   -0.0114    0.0000    0.0000    0.0227    0.0000    0.0000    0.0114    10    11    12     1
    12    0.0000    0.0114    0.0000    0.0227    0.0000   90.0000    0.0114    11    12    13     2
    13    0.0000    0.0341    0.0000    0.0227    0.0000   90.0000    0.0114    12    13    14     2
    14    0.0000    0.0568    0.0000    0.0227    0.0000   90.0000    0.0114    13    14    15     2
    15    0.0000    0.0795    0.0000    0.0227    0.0000   90.0000    0.0114    14    15    16     2
    16    0.0000    0.1023    0.0000    0.0227    0.0000   90.0000    0.0114    15    16    17     2
    17    0.0000    0.1250    0.0000    0.0227    0.0000   90.0000    0.0114    16    17    18     2
    18    0.0000    0.1477    0.0000    0.0227    0.0000   90.0000    0.0114    17    18    19     2
    19    0.0000    0.1705    0.0000    0.0227    0.0000   90.0000    0.0114    18    19    20     2
    20    0.0000    0.1932    0.0000    0.0227    0.0000   90.0000    0.0114    19    20    21     2
    21    0.0000    0.2159    0.0000    0.0227    0.0000   90.0000    0.0114    20    21    22     2
    22    0.0000    0.2386    0.0000    0.0227    0.0000   90.0000    0.0114    21    22     0     2



  DATA CARD No:   1 EK   0     0     0     0  0.00000E+00  0.00000E+00  0.00000E+00  0.00000E+00  0.00000E+00  0.00000E+00
  DATA CARD No:   2 EX   0     1    10     0  1.00000E+00  0.00000E+00  0.00000E+00  0.00000E+00  0.00000E+00  0.00000E+00
  DATA CARD No:   3 FR   0     1     0     0  2.99792E+02  0.00000E+00  0.00000E+00  0.00000E+00  0.00000E+00  0.00000E+00
  DATA CARD No:   4 XQ   0     0     0     0  0.00000E+00  0.00000E+00  0.00000E+00  0.00000E+00  0.00000E+00  0.00000E+00


                               --------- FREQUENCY --------
                                FREQUENCY : 2.9979E+02 MHz
                                WAVELENGTH: 1.0000E+00 Mtr

                        APPROXIMATE INTEGRATION EMPLOYED FOR SEGMENTS 
                        THAT ARE MORE THAN 1.000 WAVELENGTHS APART
                        THE EXTENDED THIN WIRE KERNEL WILL BE USED


                          ------ STRUCTURE IMPEDANCE LOADING ------
                                 THIS STRUCTURE IS NOT LOADED


                            -------- ANTENNA ENVIRONMENT --------
                            FREE SPACE


                             ---------- MATRIX TIMING ----------
                               FILL: 0 msec  FACTOR: 0 msec


                        --------- ANTENNA INPUT PARAMETERS ---------
  TAG   SEG       VOLTAGE (VOLTS)         CURRENT (AMPS)         IMPEDANCE (OHMS)        ADMITTANCE (MHOS)     POWER
  No:   No:     REAL      IMAGINARY     REAL      IMAGINARY     REAL      IMAGINARY    REAL       IMAGINARY   (WATTS)
    1    10  1.0000E+00  0.0000E+00  1.6000E-02 -5.6896E-03  5.5483E+01  1.9729E+01  1.6000E-02 -5.6896E-03  8.0002E-03


                           -------- CURRENTS AND LOCATION --------
                                  DISTANCES IN WAVELENGTHS

   SEG  TAG    COORDINATES OF SEGM CENTER     SEGM    ------------- CURRENT (AMPS) -------------
   No:  No:       X         Y         Z      LENGTH     REAL      IMAGINARY    MAGN        PHASE
     1    1   -0.2386    0.0000    0.0000   0.02273  2.9193E-03 -1.7723E-03  3.4152E-03  -31.261
     2    1   -0.2159    0.0000    0.0000   0.02273  5.5084E-03 -3.2557E-03  6.3986E-03  -30.585
     3    1   -0.1932    0.0000    0.0000   0.02273  7.6410E-03 -4.3899E-03  8.8122E-03  -29.878
     4    1   -0.1705    0.0000    0.0000   0.02273  9.5322E-03 -5.3129E-03  1.0913E-02  -29.134
     5    1   -0.1477    0.0000    0.0000   0.02273  1.1200E-02 -6.0371E-03  1.2724E-02  -28.325
     6    1   -0.1250    0.0000    0.0000   0.02273  1.2643E-02 -6.5600E-03  1.4244E-02  -27.422
     7    1   -0.1023    0.0000    0.0000   0.02273  1.3853E-02 -6.8692E-03  1.5462E-02  -26.376
     8    1   -0.0795    0.0000    0.0000   0.02273  1.4819E-02 -6.9436E-03  1.6365E-02  -25.106
     9    1   -0.0568    0.0000    0.0000   0.02273  1.5535E-02 -6.6429E-03  1.6896E-02  -23.152
    10    1   -0.0341    0.0000    0.0000   0.02273  1.6000E-02 -5.6896E-03  1.6982E-02  -19.575
    11    1   -0.0114    0.0000    0.0000   0.02273  1.6221E-02 -6.9857E-03  1.7661E-02  -23.300
    12    2    0.0000    0.0114    0.0000   0.02273  1.6199E-02 -7.6314E-03  1.7906E-02  -25.226
    13    2    0.0000    0.0341    0.0000   0.02273  1.5950E-02 -8.0247E-03  1.7855E-02  -26.707
    14    2    0.0000    0.0568    0.0000   0.02273  1.5463E-02 -8.2528E-03  1.7528E-02  -28.089
    15    2    0.0000    0.0795    0.0000   0.02273  1.4730E-02 -8.2542E-03  1.6885E-02  -29.264
    16    2    0.0000    0.1023    0.0000   0.02273  1.3753E-02 -8.0288E-03  1.5925E-02  -30.275
    17    2    0.0000    0.1250    0.0000   0.02273  1.2539E-02 -7.5843E-03  1.4654E-02  -31.167
    18    2    0.0000    0.1477    0.0000   0.02273  1.1097E-02 -6.9267E-03  1.3081E-02  -31.972
    19    2    0.0000    0.1705    0.0000   0.02273  9.4353E-03 -6.0604E-03  1.1214E-02  -32.713
    20    2    0.0000    0.1932    0.0000   0.02273  7.5566E-03 -4.9839E-03  9.0522E-03  -33.407
    21    2    0.0000    0.2159    0.0000   0.02273  5.4429E-03 -3.6815E-03  6.5710E-03  -34.074
    22    2    0.0000    0.2386    0.0000   0.02273  2.8822E-03 -1.9971E-03  3.5065E-03  -34.718


                               ---------- POWER BUDGET ---------
                               INPUT POWER   =  8.0002E-03 Watts
                               RADIATED POWER=  8.0002E-03 Watts
                               STRUCTURE LOSS=  0.0000E+00 Watts
                               NETWORK LOSS  =  0.0000E+00 Watts
                               EFFICIENCY    =  100.00 Percent



  DATA CARD No:   5 EN   0     0     0     0  0.00000E+00  0.00000E+00  0.00000E+00  0.00000E+00  0.00000E+00  0.00000E+00

  TOTAL RUN TIME: 0 msec