


                               __________________________________________
                              |                                          |
                              |  NUMERICAL ELECTROMAGNETICS CODE (nec2c) |
                              |   Translated to 'C' in Double Precision  |
                              |__________________________________________|



                               ---------------- COMMENTS ----------------
                               momwire#272 coaxial-rule measurement
                               bent Delta/a rung
                              



                               -------- STRUCTURE SPECIFICATION --------
                                     COORDINATES MUST BE INPUT IN
                                     METERS OR BE SCALED TO METERS
                                     BEFORE STRUCTURE INPUT IS ENDED

  WIRE                                                                                 SEG FIRST  LAST  TAG
   No:        X1         Y1         Z1         X2         Y2         Z2       RADIUS   No:   SEG   SEG  No:
     1    -0.25000    0.00000    0.00000    0.00000    0.00000    0.00000    0.00379    11     1    11    1
     2     0.00000    0.00000    0.00000    0.00000    0.25000    0.00000    0.00379    11    12    22    2

     TOTAL SEGMENTS USED: 22   SEGMENTS IN A SYMMETRIC CELL: 22   SYMMETRY FLAG: 0


                               ---------- SEGMENTATION DATA ----------
                                        COORDINATES IN METERS
                            I+ AND I- INDICATE THE SEGMENTS BEFORE AND AFTER I

   SEG    COORDINATES OF SEGM CENTER     SEGM    ORIENTATION ANGLES    WIRE    CONNECTION DATA   TAG
   No:       X         Y         Z      LENGTH     ALPHA      BETA    RADIUS    I-     I    I+   No:
     1   -0.2386    0.0000    0.0000    0.0227    0.0000    0.0000    0.0038     0     1     2     1
     2   -0.2159    0.0000    0.0000    0.0227    0.0000    0.0000    0.0038     1     2     3     1
     3   -0.1932    0.0000    0.0000    0.0227    0.0000    0.0000    0.0038     2     3     4     1
     4   -0.1705    0.0000    0.0000    0.0227    0.0000    0.0000    0.0038     3     4     5     1
     5   -0.1477    0.0000    0.0000    0.0227    0.0000    0.0000    0.0038     4     5     6     1
     6   -0.1250    0.0000    0.0000    0.0227    0.0000    0.0000    0.0038     5     6     7     1
     7   -0.1023    0.0000    0.0000    0.0227    0.0000    0.0000    0.0038     6     7     8     1
     8   -0.0795    0.0000    0.0000    0.0227    0.0000    0.0000    0.0038     7     8     9     1
     9   -0.0568    0.0000    0.0000    0.0227    0.0000    0.0000    0.0038     8     9    10     1
    10   -0.0341    0.0000    0.0000    0.0227    0.0000    0.0000    0.0038     9    10    11     1
    11   -0.0114    0.0000    0.0000    0.0227    0.0000    0.0000    0.0038    10    11    12     1
    12    0.0000    0.0114    0.0000    0.0227    0.0000   90.0000    0.0038    11    12    13     2
    13    0.0000    0.0341    0.0000    0.0227    0.0000   90.0000    0.0038    12    13    14     2
    14    0.0000    0.0568    0.0000    0.0227    0.0000   90.0000    0.0038    13    14    15     2
    15    0.0000    0.0795    0.0000    0.0227    0.0000   90.0000    0.0038    14    15    16     2
    16    0.0000    0.1023    0.0000    0.0227    0.0000   90.0000    0.0038    15    16    17     2
    17    0.0000    0.1250    0.0000    0.0227    0.0000   90.0000    0.0038    16    17    18     2
    18    0.0000    0.1477    0.0000    0.0227    0.0000   90.0000    0.0038    17    18    19     2
    19    0.0000    0.1705    0.0000    0.0227    0.0000   90.0000    0.0038    18    19    20     2
    20    0.0000    0.1932    0.0000    0.0227    0.0000   90.0000    0.0038    19    20    21     2
    21    0.0000    0.2159    0.0000    0.0227    0.0000   90.0000    0.0038    20    21    22     2
    22    0.0000    0.2386    0.0000    0.0227    0.0000   90.0000    0.0038    21    22     0     2



  DATA CARD No:   1 EX   0     1    10     0  1.00000E+00  0.00000E+00  0.00000E+00  0.00000E+00  0.00000E+00  0.00000E+00
  DATA CARD No:   2 FR   0     1     0     0  2.99792E+02  0.00000E+00  0.00000E+00  0.00000E+00  0.00000E+00  0.00000E+00
  DATA CARD No:   3 XQ   0     0     0     0  0.00000E+00  0.00000E+00  0.00000E+00  0.00000E+00  0.00000E+00  0.00000E+00


                               --------- FREQUENCY --------
                                FREQUENCY : 2.9979E+02 MHz
                                WAVELENGTH: 1.0000E+00 Mtr

                        APPROXIMATE INTEGRATION EMPLOYED FOR SEGMENTS 
                        THAT ARE MORE THAN 1.000 WAVELENGTHS APART


                          ------ STRUCTURE IMPEDANCE LOADING ------
                                 THIS STRUCTURE IS NOT LOADED


                            -------- ANTENNA ENVIRONMENT --------
                            FREE SPACE


                             ---------- MATRIX TIMING ----------
                               FILL: 0 msec  FACTOR: 0 msec


                        --------- ANTENNA INPUT PARAMETERS ---------
  TAG   SEG       VOLTAGE (VOLTS)         CURRENT (AMPS)         IMPEDANCE (OHMS)        ADMITTANCE (MHOS)     POWER
  No:   No:     REAL      IMAGINARY     REAL      IMAGINARY     REAL      IMAGINARY    REAL       IMAGINARY   (WATTS)
    1    10  1.0000E+00  0.0000E+00  1.6893E-02 -7.2313E-03  5.0028E+01  2.1415E+01  1.6893E-02 -7.2313E-03  8.4466E-03


                           -------- CURRENTS AND LOCATION --------
                                  DISTANCES IN WAVELENGTHS

   SEG  TAG    COORDINATES OF SEGM CENTER     SEGM    ------------- CURRENT (AMPS) -------------
   No:  No:       X         Y         Z      LENGTH     REAL      IMAGINARY    MAGN        PHASE
     1    1   -0.2386    0.0000    0.0000   0.02273  2.3442E-03 -1.3253E-03  2.6929E-03  -29.482
     2    1   -0.2159    0.0000    0.0000   0.02273  5.0872E-03 -2.8249E-03  5.8188E-03  -29.043
     3    1   -0.1932    0.0000    0.0000   0.02273  7.4074E-03 -4.0352E-03  8.4352E-03  -28.580
     4    1   -0.1705    0.0000    0.0000   0.02273  9.5019E-03 -5.0719E-03  1.0771E-02  -28.092
     5    1   -0.1477    0.0000    0.0000   0.02273  1.1371E-02 -5.9368E-03  1.2828E-02  -27.568
     6    1   -0.1250    0.0000    0.0000   0.02273  1.3005E-02 -6.6242E-03  1.4595E-02  -26.992
     7    1   -0.1023    0.0000    0.0000   0.02273  1.4387E-02 -7.1233E-03  1.6054E-02  -26.340
     8    1   -0.0795    0.0000    0.0000   0.02273  1.5504E-02 -7.4190E-03  1.7187E-02  -25.573
     9    1   -0.0568    0.0000    0.0000   0.02273  1.6341E-02 -7.4561E-03  1.7962E-02  -24.526
    10    1   -0.0341    0.0000    0.0000   0.02273  1.6893E-02 -7.2313E-03  1.8376E-02  -23.174
    11    1   -0.0114    0.0000    0.0000   0.02273  1.7159E-02 -7.9110E-03  1.8895E-02  -24.751
    12    2    0.0000    0.0114    0.0000   0.02273  1.7151E-02 -8.3270E-03  1.9066E-02  -25.897
    13    2    0.0000    0.0341    0.0000   0.02273  1.6872E-02 -8.5422E-03  1.8912E-02  -26.852
    14    2    0.0000    0.0568    0.0000   0.02273  1.6310E-02 -8.5589E-03  1.8419E-02  -27.689
    15    2    0.0000    0.0795    0.0000   0.02273  1.5465E-02 -8.3665E-03  1.7583E-02  -28.413
    16    2    0.0000    0.1023    0.0000   0.02273  1.4344E-02 -7.9683E-03  1.6409E-02  -29.053
    17    2    0.0000    0.1250    0.0000   0.02273  1.2959E-02 -7.3704E-03  1.4909E-02  -29.629
    18    2    0.0000    0.1477    0.0000   0.02273  1.1326E-02 -6.5800E-03  1.3099E-02  -30.155
    19    2    0.0000    0.1705    0.0000   0.02273  9.4599E-03 -5.6043E-03  1.0995E-02  -30.644
    20    2    0.0000    0.1932    0.0000   0.02273  7.3717E-03 -4.4477E-03  8.6095E-03  -31.105
    21    2    0.0000    0.2159    0.0000   0.02273  5.0606E-03 -3.1070E-03  5.9383E-03  -31.548
    22    2    0.0000    0.2386    0.0000   0.02273  2.3311E-03 -1.4549E-03  2.7479E-03  -31.970


                               ---------- POWER BUDGET ---------
                               INPUT POWER   =  8.4466E-03 Watts
                               RADIATED POWER=  8.4466E-03 Watts
                               STRUCTURE LOSS=  0.0000E+00 Watts
                               NETWORK LOSS  =  0.0000E+00 Watts
                               EFFICIENCY    =  100.00 Percent



  DATA CARD No:   4 EN   0     0     0     0  0.00000E+00  0.00000E+00  0.00000E+00  0.00000E+00  0.00000E+00  0.00000E+00

  TOTAL RUN TIME: 0 msec