


                               __________________________________________
                              |                                          |
                              |  NUMERICAL ELECTROMAGNETICS CODE (nec2c) |
                              |   Translated to 'C' in Double Precision  |
                              |__________________________________________|



                               ---------------- COMMENTS ----------------
                               momwire#272 coaxial-rule measurement
                               k3 Delta/a rung
                              



                               -------- STRUCTURE SPECIFICATION --------
                                     COORDINATES MUST BE INPUT IN
                                     METERS OR BE SCALED TO METERS
                                     BEFORE STRUCTURE INPUT IS ENDED

  WIRE                                                                                 SEG FIRST  LAST  TAG
   No:        X1         Y1         Z1         X2         Y2         Z2       RADIUS   No:   SEG   SEG  No:
     1     0.00000    0.00000    0.00000    0.00000    0.16667    0.00000    0.00152    11     1    11    1
     2     0.00000    0.00000    0.00000   -0.14434   -0.08333    0.00000    0.00152    11    12    22    2
     3     0.00000    0.00000    0.00000    0.14434   -0.08333    0.00000    0.00152    11    23    33    3

     TOTAL SEGMENTS USED: 33   SEGMENTS IN A SYMMETRIC CELL: 33   SYMMETRY FLAG: 0

    ---------- MULTIPLE WIRE JUNCTIONS ----------
    JUNCTION  SEGMENTS (- FOR END 1, + FOR END 2)
       1         -1  -12  -23


                               ---------- SEGMENTATION DATA ----------
                                        COORDINATES IN METERS
                            I+ AND I- INDICATE THE SEGMENTS BEFORE AND AFTER I

   SEG    COORDINATES OF SEGM CENTER     SEGM    ORIENTATION ANGLES    WIRE    CONNECTION DATA   TAG
   No:       X         Y         Z      LENGTH     ALPHA      BETA    RADIUS    I-     I    I+   No:
     1    0.0000    0.0076    0.0000    0.0152    0.0000   90.0000    0.0015   -12     1     2     1
     2    0.0000    0.0227    0.0000    0.0152    0.0000   90.0000    0.0015     1     2     3     1
     3    0.0000    0.0379    0.0000    0.0152    0.0000   90.0000    0.0015     2     3     4     1
     4    0.0000    0.0530    0.0000    0.0152    0.0000   90.0000    0.0015     3     4     5     1
     5    0.0000    0.0682    0.0000    0.0152    0.0000   90.0000    0.0015     4     5     6     1
     6    0.0000    0.0833    0.0000    0.0152    0.0000   90.0000    0.0015     5     6     7     1
     7    0.0000    0.0985    0.0000    0.0152    0.0000   90.0000    0.0015     6     7     8     1
     8    0.0000    0.1136    0.0000    0.0152    0.0000   90.0000    0.0015     7     8     9     1
     9    0.0000    0.1288    0.0000    0.0152    0.0000   90.0000    0.0015     8     9    10     1
    10    0.0000    0.1439    0.0000    0.0152    0.0000   90.0000    0.0015     9    10    11     1
    11    0.0000    0.1591    0.0000    0.0152    0.0000   90.0000    0.0015    10    11     0     1
    12   -0.0066   -0.0038    0.0000    0.0152    0.0000 -150.0002    0.0015   -23    12    13     2
    13   -0.0197   -0.0114    0.0000    0.0152    0.0000 -150.0002    0.0015    12    13    14     2
    14   -0.0328   -0.0189    0.0000    0.0152    0.0000 -150.0002    0.0015    13    14    15     2
    15   -0.0459   -0.0265    0.0000    0.0152    0.0000 -150.0002    0.0015    14    15    16     2
    16   -0.0590   -0.0341    0.0000    0.0152    0.0000 -150.0002    0.0015    15    16    17     2
    17   -0.0722   -0.0417    0.0000    0.0152    0.0000 -150.0002    0.0015    16    17    18     2
    18   -0.0853   -0.0492    0.0000    0.0152    0.0000 -150.0002    0.0015    17    18    19     2
    19   -0.0984   -0.0568    0.0000    0.0152    0.0000 -150.0002    0.0015    18    19    20     2
    20   -0.1115   -0.0644    0.0000    0.0152    0.0000 -150.0002    0.0015    19    20    21     2
    21   -0.1247   -0.0720    0.0000    0.0152    0.0000 -150.0002    0.0015    20    21    22     2
    22   -0.1378   -0.0795    0.0000    0.0152    0.0000 -150.0002    0.0015    21    22     0     2
    23    0.0066   -0.0038    0.0000    0.0152    0.0000  -29.9998    0.0015    -1    23    24     3
    24    0.0197   -0.0114    0.0000    0.0152    0.0000  -29.9998    0.0015    23    24    25     3
    25    0.0328   -0.0189    0.0000    0.0152    0.0000  -29.9998    0.0015    24    25    26     3
    26    0.0459   -0.0265    0.0000    0.0152    0.0000  -29.9998    0.0015    25    26    27     3
    27    0.0590   -0.0341    0.0000    0.0152    0.0000  -29.9998    0.0015    26    27    28     3
    28    0.0722   -0.0417    0.0000    0.0152    0.0000  -29.9998    0.0015    27    28    29     3
    29    0.0853   -0.0492    0.0000    0.0152    0.0000  -29.9998    0.0015    28    29    30     3
    30    0.0984   -0.0568    0.0000    0.0152    0.0000  -29.9998    0.0015    29    30    31     3
    31    0.1115   -0.0644    0.0000    0.0152    0.0000  -29.9998    0.0015    30    31    32     3
    32    0.1247   -0.0720    0.0000    0.0152    0.0000  -29.9998    0.0015    31    32    33     3
    33    0.1378   -0.0795    0.0000    0.0152    0.0000  -29.9998    0.0015    32    33     0     3



  DATA CARD No:   1 EK   0     0     0     0  0.00000E+00  0.00000E+00  0.00000E+00  0.00000E+00  0.00000E+00  0.00000E+00
  DATA CARD No:   2 EX   0     1     2     0  1.00000E+00  0.00000E+00  0.00000E+00  0.00000E+00  0.00000E+00  0.00000E+00
  DATA CARD No:   3 FR   0     1     0     0  2.99792E+02  0.00000E+00  0.00000E+00  0.00000E+00  0.00000E+00  0.00000E+00
  DATA CARD No:   4 XQ   0     0     0     0  0.00000E+00  0.00000E+00  0.00000E+00  0.00000E+00  0.00000E+00  0.00000E+00


                               --------- FREQUENCY --------
                                FREQUENCY : 2.9979E+02 MHz
                                WAVELENGTH: 1.0000E+00 Mtr

                        APPROXIMATE INTEGRATION EMPLOYED FOR SEGMENTS 
                        THAT ARE MORE THAN 1.000 WAVELENGTHS APART
                        THE EXTENDED THIN WIRE KERNEL WILL BE USED


                          ------ STRUCTURE IMPEDANCE LOADING ------
                                 THIS STRUCTURE IS NOT LOADED


                            -------- ANTENNA ENVIRONMENT --------
                            FREE SPACE


                             ---------- MATRIX TIMING ----------
                               FILL: 0 msec  FACTOR: 0 msec


                        --------- ANTENNA INPUT PARAMETERS ---------
  TAG   SEG       VOLTAGE (VOLTS)         CURRENT (AMPS)         IMPEDANCE (OHMS)        ADMITTANCE (MHOS)     POWER
  No:   No:     REAL      IMAGINARY     REAL      IMAGINARY     REAL      IMAGINARY    REAL       IMAGINARY   (WATTS)
    1     2  1.0000E+00  0.0000E+00  4.5502E-04  5.1298E-03  1.7156E+01 -1.9342E+02  4.5502E-04  5.1298E-03  2.2751E-04


                           -------- CURRENTS AND LOCATION --------
                                  DISTANCES IN WAVELENGTHS

   SEG  TAG    COORDINATES OF SEGM CENTER     SEGM    ------------- CURRENT (AMPS) -------------
   No:  No:       X         Y         Z      LENGTH     REAL      IMAGINARY    MAGN        PHASE
     1    1    0.0000    0.0076    0.0000   0.01515  4.6240E-04  4.9998E-03  5.0212E-03   84.716
     2    1    0.0000    0.0227    0.0000   0.01515  4.5502E-04  5.1298E-03  5.1499E-03   84.931
     3    1    0.0000    0.0379    0.0000   0.01515  4.4046E-04  4.6926E-03  4.7132E-03   84.638
     4    1    0.0000    0.0530    0.0000   0.01515  4.1878E-04  4.2355E-03  4.2561E-03   84.353
     5    1    0.0000    0.0682    0.0000   0.01515  3.9005E-04  3.7829E-03  3.8030E-03   84.113
     6    1    0.0000    0.0833    0.0000   0.01515  3.5434E-04  3.3117E-03  3.3307E-03   83.893
     7    1    0.0000    0.0985    0.0000   0.01515  3.1168E-04  2.8171E-03  2.8343E-03   83.686
     8    1    0.0000    0.1136    0.0000   0.01515  2.6206E-04  2.2965E-03  2.3114E-03   83.490
     9    1    0.0000    0.1288    0.0000   0.01515  2.0521E-04  1.7471E-03  1.7591E-03   83.301
    10    1    0.0000    0.1439    0.0000   0.01515  1.4036E-04  1.1627E-03  1.1711E-03   83.116
    11    1    0.0000    0.1591    0.0000   0.01515  6.1335E-05  4.9519E-04  4.9897E-04   82.939
    12    2   -0.0066   -0.0038    0.0000   0.01515 -2.3119E-04 -2.4153E-03  2.4263E-03  -95.468
    13    2   -0.0197   -0.0114    0.0000   0.01515 -2.2749E-04 -2.2679E-03  2.2793E-03  -95.728
    14    2   -0.0328   -0.0189    0.0000   0.01515 -2.2020E-04 -2.1003E-03  2.1118E-03  -95.985
    15    2   -0.0459   -0.0265    0.0000   0.01515 -2.0935E-04 -1.9188E-03  1.9302E-03  -96.227
    16    2   -0.0590   -0.0341    0.0000   0.01515 -1.9498E-04 -1.7234E-03  1.7344E-03  -96.455
    17    2   -0.0722   -0.0417    0.0000   0.01515 -1.7711E-04 -1.5141E-03  1.5244E-03  -96.672
    18    2   -0.0853   -0.0492    0.0000   0.01515 -1.5578E-04 -1.2911E-03  1.3004E-03  -96.880
    19    2   -0.0984   -0.0568    0.0000   0.01515 -1.3097E-04 -1.0544E-03  1.0625E-03  -97.081
    20    2   -0.1115   -0.0644    0.0000   0.01515 -1.0255E-04 -8.0330E-04  8.0982E-04  -97.275
    21    2   -0.1247   -0.0720    0.0000   0.01515 -7.0139E-05 -5.3519E-04  5.3976E-04  -97.466
    22    2   -0.1378   -0.0795    0.0000   0.01515 -3.0647E-05 -2.2815E-04  2.3020E-04  -97.651
    23    3    0.0066   -0.0038    0.0000   0.01515 -2.3119E-04 -2.4153E-03  2.4263E-03  -95.468
    24    3    0.0197   -0.0114    0.0000   0.01515 -2.2749E-04 -2.2679E-03  2.2793E-03  -95.728
    25    3    0.0328   -0.0189    0.0000   0.01515 -2.2020E-04 -2.1003E-03  2.1118E-03  -95.985
    26    3    0.0459   -0.0265    0.0000   0.01515 -2.0935E-04 -1.9188E-03  1.9302E-03  -96.227
    27    3    0.0590   -0.0341    0.0000   0.01515 -1.9498E-04 -1.7234E-03  1.7344E-03  -96.455
    28    3    0.0722   -0.0417    0.0000   0.01515 -1.7711E-04 -1.5141E-03  1.5244E-03  -96.672
    29    3    0.0853   -0.0492    0.0000   0.01515 -1.5578E-04 -1.2911E-03  1.3004E-03  -96.880
    30    3    0.0984   -0.0568    0.0000   0.01515 -1.3097E-04 -1.0544E-03  1.0625E-03  -97.081
    31    3    0.1115   -0.0644    0.0000   0.01515 -1.0255E-04 -8.0330E-04  8.0982E-04  -97.275
    32    3    0.1247   -0.0720    0.0000   0.01515 -7.0139E-05 -5.3519E-04  5.3976E-04  -97.466
    33    3    0.1378   -0.0795    0.0000   0.01515 -3.0647E-05 -2.2815E-04  2.3020E-04  -97.651


                               ---------- POWER BUDGET ---------
                               INPUT POWER   =  2.2751E-04 Watts
                               RADIATED POWER=  2.2751E-04 Watts
                               STRUCTURE LOSS=  0.0000E+00 Watts
                               NETWORK LOSS  =  0.0000E+00 Watts
                               EFFICIENCY    =  100.00 Percent



  DATA CARD No:   5 EN   0     0     0     0  0.00000E+00  0.00000E+00  0.00000E+00  0.00000E+00  0.00000E+00  0.00000E+00

  TOTAL RUN TIME: 0 msec