


                               __________________________________________
                              |                                          |
                              |  NUMERICAL ELECTROMAGNETICS CODE (nec2c) |
                              |   Translated to 'C' in Double Precision  |
                              |__________________________________________|



                               ---------------- COMMENTS ----------------
                               momwire#272 coaxial-rule measurement
                               k3 Delta/a rung
                              



                               -------- STRUCTURE SPECIFICATION --------
                                     COORDINATES MUST BE INPUT IN
                                     METERS OR BE SCALED TO METERS
                                     BEFORE STRUCTURE INPUT IS ENDED

  WIRE                                                                                 SEG FIRST  LAST  TAG
   No:        X1         Y1         Z1         X2         Y2         Z2       RADIUS   No:   SEG   SEG  No:
     1     0.00000    0.00000    0.00000    0.00000    0.16667    0.00000    0.00253    11     1    11    1
     2     0.00000    0.00000    0.00000   -0.14434   -0.08333    0.00000    0.00253    11    12    22    2
     3     0.00000    0.00000    0.00000    0.14434   -0.08333    0.00000    0.00253    11    23    33    3

     TOTAL SEGMENTS USED: 33   SEGMENTS IN A SYMMETRIC CELL: 33   SYMMETRY FLAG: 0

    ---------- MULTIPLE WIRE JUNCTIONS ----------
    JUNCTION  SEGMENTS (- FOR END 1, + FOR END 2)
       1         -1  -12  -23


                               ---------- SEGMENTATION DATA ----------
                                        COORDINATES IN METERS
                            I+ AND I- INDICATE THE SEGMENTS BEFORE AND AFTER I

   SEG    COORDINATES OF SEGM CENTER     SEGM    ORIENTATION ANGLES    WIRE    CONNECTION DATA   TAG
   No:       X         Y         Z      LENGTH     ALPHA      BETA    RADIUS    I-     I    I+   No:
     1    0.0000    0.0076    0.0000    0.0152    0.0000   90.0000    0.0025   -12     1     2     1
     2    0.0000    0.0227    0.0000    0.0152    0.0000   90.0000    0.0025     1     2     3     1
     3    0.0000    0.0379    0.0000    0.0152    0.0000   90.0000    0.0025     2     3     4     1
     4    0.0000    0.0530    0.0000    0.0152    0.0000   90.0000    0.0025     3     4     5     1
     5    0.0000    0.0682    0.0000    0.0152    0.0000   90.0000    0.0025     4     5     6     1
     6    0.0000    0.0833    0.0000    0.0152    0.0000   90.0000    0.0025     5     6     7     1
     7    0.0000    0.0985    0.0000    0.0152    0.0000   90.0000    0.0025     6     7     8     1
     8    0.0000    0.1136    0.0000    0.0152    0.0000   90.0000    0.0025     7     8     9     1
     9    0.0000    0.1288    0.0000    0.0152    0.0000   90.0000    0.0025     8     9    10     1
    10    0.0000    0.1439    0.0000    0.0152    0.0000   90.0000    0.0025     9    10    11     1
    11    0.0000    0.1591    0.0000    0.0152    0.0000   90.0000    0.0025    10    11     0     1
    12   -0.0066   -0.0038    0.0000    0.0152    0.0000 -150.0002    0.0025   -23    12    13     2
    13   -0.0197   -0.0114    0.0000    0.0152    0.0000 -150.0002    0.0025    12    13    14     2
    14   -0.0328   -0.0189    0.0000    0.0152    0.0000 -150.0002    0.0025    13    14    15     2
    15   -0.0459   -0.0265    0.0000    0.0152    0.0000 -150.0002    0.0025    14    15    16     2
    16   -0.0590   -0.0341    0.0000    0.0152    0.0000 -150.0002    0.0025    15    16    17     2
    17   -0.0722   -0.0417    0.0000    0.0152    0.0000 -150.0002    0.0025    16    17    18     2
    18   -0.0853   -0.0492    0.0000    0.0152    0.0000 -150.0002    0.0025    17    18    19     2
    19   -0.0984   -0.0568    0.0000    0.0152    0.0000 -150.0002    0.0025    18    19    20     2
    20   -0.1115   -0.0644    0.0000    0.0152    0.0000 -150.0002    0.0025    19    20    21     2
    21   -0.1247   -0.0720    0.0000    0.0152    0.0000 -150.0002    0.0025    20    21    22     2
    22   -0.1378   -0.0795    0.0000    0.0152    0.0000 -150.0002    0.0025    21    22     0     2
    23    0.0066   -0.0038    0.0000    0.0152    0.0000  -29.9998    0.0025    -1    23    24     3
    24    0.0197   -0.0114    0.0000    0.0152    0.0000  -29.9998    0.0025    23    24    25     3
    25    0.0328   -0.0189    0.0000    0.0152    0.0000  -29.9998    0.0025    24    25    26     3
    26    0.0459   -0.0265    0.0000    0.0152    0.0000  -29.9998    0.0025    25    26    27     3
    27    0.0590   -0.0341    0.0000    0.0152    0.0000  -29.9998    0.0025    26    27    28     3
    28    0.0722   -0.0417    0.0000    0.0152    0.0000  -29.9998    0.0025    27    28    29     3
    29    0.0853   -0.0492    0.0000    0.0152    0.0000  -29.9998    0.0025    28    29    30     3
    30    0.0984   -0.0568    0.0000    0.0152    0.0000  -29.9998    0.0025    29    30    31     3
    31    0.1115   -0.0644    0.0000    0.0152    0.0000  -29.9998    0.0025    30    31    32     3
    32    0.1247   -0.0720    0.0000    0.0152    0.0000  -29.9998    0.0025    31    32    33     3
    33    0.1378   -0.0795    0.0000    0.0152    0.0000  -29.9998    0.0025    32    33     0     3



  DATA CARD No:   1 EX   0     1     2     0  1.00000E+00  0.00000E+00  0.00000E+00  0.00000E+00  0.00000E+00  0.00000E+00
  DATA CARD No:   2 FR   0     1     0     0  2.99792E+02  0.00000E+00  0.00000E+00  0.00000E+00  0.00000E+00  0.00000E+00
  DATA CARD No:   3 XQ   0     0     0     0  0.00000E+00  0.00000E+00  0.00000E+00  0.00000E+00  0.00000E+00  0.00000E+00


                               --------- FREQUENCY --------
                                FREQUENCY : 2.9979E+02 MHz
                                WAVELENGTH: 1.0000E+00 Mtr

                        APPROXIMATE INTEGRATION EMPLOYED FOR SEGMENTS 
                        THAT ARE MORE THAN 1.000 WAVELENGTHS APART


                          ------ STRUCTURE IMPEDANCE LOADING ------
                                 THIS STRUCTURE IS NOT LOADED


                            -------- ANTENNA ENVIRONMENT --------
                            FREE SPACE


                             ---------- MATRIX TIMING ----------
                               FILL: 0 msec  FACTOR: 0 msec


                        --------- ANTENNA INPUT PARAMETERS ---------
  TAG   SEG       VOLTAGE (VOLTS)         CURRENT (AMPS)         IMPEDANCE (OHMS)        ADMITTANCE (MHOS)     POWER
  No:   No:     REAL      IMAGINARY     REAL      IMAGINARY     REAL      IMAGINARY    REAL       IMAGINARY   (WATTS)
    1     2  1.0000E+00  0.0000E+00  6.4600E-04  6.0811E-03  1.7274E+01 -1.6261E+02  6.4600E-04  6.0811E-03  3.2300E-04


                           -------- CURRENTS AND LOCATION --------
                                  DISTANCES IN WAVELENGTHS

   SEG  TAG    COORDINATES OF SEGM CENTER     SEGM    ------------- CURRENT (AMPS) -------------
   No:  No:       X         Y         Z      LENGTH     REAL      IMAGINARY    MAGN        PHASE
     1    1    0.0000    0.0076    0.0000   0.01515  6.5622E-04  5.8842E-03  5.9206E-03   83.637
     2    1    0.0000    0.0227    0.0000   0.01515  6.4600E-04  6.0811E-03  6.1153E-03   83.936
     3    1    0.0000    0.0379    0.0000   0.01515  6.2591E-04  5.5271E-03  5.5624E-03   83.539
     4    1    0.0000    0.0530    0.0000   0.01515  5.9603E-04  4.9904E-03  5.0259E-03   83.189
     5    1    0.0000    0.0682    0.0000   0.01515  5.5642E-04  4.4682E-03  4.5027E-03   82.902
     6    1    0.0000    0.0833    0.0000   0.01515  5.0714E-04  3.9258E-03  3.9584E-03   82.639
     7    1    0.0000    0.0985    0.0000   0.01515  4.4820E-04  3.3567E-03  3.3865E-03   82.395
     8    1    0.0000    0.1136    0.0000   0.01515  3.7952E-04  2.7571E-03  2.7831E-03   82.162
     9    1    0.0000    0.1288    0.0000   0.01515  3.0062E-04  2.1228E-03  2.1439E-03   81.939
    10    1    0.0000    0.1439    0.0000   0.01515  2.1042E-04  1.4462E-03  1.4614E-03   81.722
    11    1    0.0000    0.1591    0.0000   0.01515  9.9093E-05  6.6395E-04  6.7131E-04   81.511
    12    2   -0.0066   -0.0038    0.0000   0.01515 -3.2810E-04 -2.8487E-03  2.8676E-03  -96.570
    13    2   -0.0197   -0.0114    0.0000   0.01515 -3.2298E-04 -2.6773E-03  2.6967E-03  -96.879
    14    2   -0.0328   -0.0189    0.0000   0.01515 -3.1291E-04 -2.4825E-03  2.5022E-03  -97.184
    15    2   -0.0459   -0.0265    0.0000   0.01515 -2.9796E-04 -2.2727E-03  2.2921E-03  -97.469
    16    2   -0.0590   -0.0341    0.0000   0.01515 -2.7814E-04 -2.0470E-03  2.0658E-03  -97.738
    17    2   -0.0722   -0.0417    0.0000   0.01515 -2.5349E-04 -1.8054E-03  1.8231E-03  -97.992
    18    2   -0.0853   -0.0492    0.0000   0.01515 -2.2401E-04 -1.5478E-03  1.5639E-03  -98.236
    19    2   -0.0984   -0.0568    0.0000   0.01515 -1.8967E-04 -1.2737E-03  1.2878E-03  -98.470
    20    2   -0.1115   -0.0644    0.0000   0.01515 -1.5023E-04 -9.8214E-04  9.9356E-04  -98.697
    21    2   -0.1247   -0.0720    0.0000   0.01515 -1.0515E-04 -6.6989E-04  6.7809E-04  -98.920
    22    2   -0.1378   -0.0795    0.0000   0.01515 -4.9514E-05 -3.0785E-04  3.1180E-04  -99.137
    23    3    0.0066   -0.0038    0.0000   0.01515 -3.2810E-04 -2.8487E-03  2.8676E-03  -96.570
    24    3    0.0197   -0.0114    0.0000   0.01515 -3.2298E-04 -2.6773E-03  2.6967E-03  -96.879
    25    3    0.0328   -0.0189    0.0000   0.01515 -3.1291E-04 -2.4825E-03  2.5022E-03  -97.184
    26    3    0.0459   -0.0265    0.0000   0.01515 -2.9796E-04 -2.2727E-03  2.2921E-03  -97.469
    27    3    0.0590   -0.0341    0.0000   0.01515 -2.7814E-04 -2.0470E-03  2.0658E-03  -97.738
    28    3    0.0722   -0.0417    0.0000   0.01515 -2.5349E-04 -1.8054E-03  1.8231E-03  -97.992
    29    3    0.0853   -0.0492    0.0000   0.01515 -2.2401E-04 -1.5478E-03  1.5639E-03  -98.236
    30    3    0.0984   -0.0568    0.0000   0.01515 -1.8967E-04 -1.2737E-03  1.2878E-03  -98.470
    31    3    0.1115   -0.0644    0.0000   0.01515 -1.5023E-04 -9.8214E-04  9.9356E-04  -98.697
    32    3    0.1247   -0.0720    0.0000   0.01515 -1.0515E-04 -6.6989E-04  6.7809E-04  -98.920
    33    3    0.1378   -0.0795    0.0000   0.01515 -4.9514E-05 -3.0785E-04  3.1180E-04  -99.137


                               ---------- POWER BUDGET ---------
                               INPUT POWER   =  3.2300E-04 Watts
                               RADIATED POWER=  3.2300E-04 Watts
                               STRUCTURE LOSS=  0.0000E+00 Watts
                               NETWORK LOSS  =  0.0000E+00 Watts
                               EFFICIENCY    =  100.00 Percent



  DATA CARD No:   4 EN   0     0     0     0  0.00000E+00  0.00000E+00  0.00000E+00  0.00000E+00  0.00000E+00  0.00000E+00

  TOTAL RUN TIME: 0 msec