


                               __________________________________________
                              |                                          |
                              |  NUMERICAL ELECTROMAGNETICS CODE (nec2c) |
                              |   Translated to 'C' in Double Precision  |
                              |__________________________________________|



                               ---------------- COMMENTS ----------------
                               momwire#272 coaxial-rule measurement
                               k3 Delta/a rung
                              



                               -------- STRUCTURE SPECIFICATION --------
                                     COORDINATES MUST BE INPUT IN
                                     METERS OR BE SCALED TO METERS
                                     BEFORE STRUCTURE INPUT IS ENDED

  WIRE                                                                                 SEG FIRST  LAST  TAG
   No:        X1         Y1         Z1         X2         Y2         Z2       RADIUS   No:   SEG   SEG  No:
     1     0.00000    0.00000    0.00000    0.00000    0.16667    0.00000    0.00101    11     1    11    1
     2     0.00000    0.00000    0.00000   -0.14434   -0.08333    0.00000    0.00101    11    12    22    2
     3     0.00000    0.00000    0.00000    0.14434   -0.08333    0.00000    0.00101    11    23    33    3

     TOTAL SEGMENTS USED: 33   SEGMENTS IN A SYMMETRIC CELL: 33   SYMMETRY FLAG: 0

    ---------- MULTIPLE WIRE JUNCTIONS ----------
    JUNCTION  SEGMENTS (- FOR END 1, + FOR END 2)
       1         -1  -12  -23


                               ---------- SEGMENTATION DATA ----------
                                        COORDINATES IN METERS
                            I+ AND I- INDICATE THE SEGMENTS BEFORE AND AFTER I

   SEG    COORDINATES OF SEGM CENTER     SEGM    ORIENTATION ANGLES    WIRE    CONNECTION DATA   TAG
   No:       X         Y         Z      LENGTH     ALPHA      BETA    RADIUS    I-     I    I+   No:
     1    0.0000    0.0076    0.0000    0.0152    0.0000   90.0000    0.0010   -12     1     2     1
     2    0.0000    0.0227    0.0000    0.0152    0.0000   90.0000    0.0010     1     2     3     1
     3    0.0000    0.0379    0.0000    0.0152    0.0000   90.0000    0.0010     2     3     4     1
     4    0.0000    0.0530    0.0000    0.0152    0.0000   90.0000    0.0010     3     4     5     1
     5    0.0000    0.0682    0.0000    0.0152    0.0000   90.0000    0.0010     4     5     6     1
     6    0.0000    0.0833    0.0000    0.0152    0.0000   90.0000    0.0010     5     6     7     1
     7    0.0000    0.0985    0.0000    0.0152    0.0000   90.0000    0.0010     6     7     8     1
     8    0.0000    0.1136    0.0000    0.0152    0.0000   90.0000    0.0010     7     8     9     1
     9    0.0000    0.1288    0.0000    0.0152    0.0000   90.0000    0.0010     8     9    10     1
    10    0.0000    0.1439    0.0000    0.0152    0.0000   90.0000    0.0010     9    10    11     1
    11    0.0000    0.1591    0.0000    0.0152    0.0000   90.0000    0.0010    10    11     0     1
    12   -0.0066   -0.0038    0.0000    0.0152    0.0000 -150.0002    0.0010   -23    12    13     2
    13   -0.0197   -0.0114    0.0000    0.0152    0.0000 -150.0002    0.0010    12    13    14     2
    14   -0.0328   -0.0189    0.0000    0.0152    0.0000 -150.0002    0.0010    13    14    15     2
    15   -0.0459   -0.0265    0.0000    0.0152    0.0000 -150.0002    0.0010    14    15    16     2
    16   -0.0590   -0.0341    0.0000    0.0152    0.0000 -150.0002    0.0010    15    16    17     2
    17   -0.0722   -0.0417    0.0000    0.0152    0.0000 -150.0002    0.0010    16    17    18     2
    18   -0.0853   -0.0492    0.0000    0.0152    0.0000 -150.0002    0.0010    17    18    19     2
    19   -0.0984   -0.0568    0.0000    0.0152    0.0000 -150.0002    0.0010    18    19    20     2
    20   -0.1115   -0.0644    0.0000    0.0152    0.0000 -150.0002    0.0010    19    20    21     2
    21   -0.1247   -0.0720    0.0000    0.0152    0.0000 -150.0002    0.0010    20    21    22     2
    22   -0.1378   -0.0795    0.0000    0.0152    0.0000 -150.0002    0.0010    21    22     0     2
    23    0.0066   -0.0038    0.0000    0.0152    0.0000  -29.9998    0.0010    -1    23    24     3
    24    0.0197   -0.0114    0.0000    0.0152    0.0000  -29.9998    0.0010    23    24    25     3
    25    0.0328   -0.0189    0.0000    0.0152    0.0000  -29.9998    0.0010    24    25    26     3
    26    0.0459   -0.0265    0.0000    0.0152    0.0000  -29.9998    0.0010    25    26    27     3
    27    0.0590   -0.0341    0.0000    0.0152    0.0000  -29.9998    0.0010    26    27    28     3
    28    0.0722   -0.0417    0.0000    0.0152    0.0000  -29.9998    0.0010    27    28    29     3
    29    0.0853   -0.0492    0.0000    0.0152    0.0000  -29.9998    0.0010    28    29    30     3
    30    0.0984   -0.0568    0.0000    0.0152    0.0000  -29.9998    0.0010    29    30    31     3
    31    0.1115   -0.0644    0.0000    0.0152    0.0000  -29.9998    0.0010    30    31    32     3
    32    0.1247   -0.0720    0.0000    0.0152    0.0000  -29.9998    0.0010    31    32    33     3
    33    0.1378   -0.0795    0.0000    0.0152    0.0000  -29.9998    0.0010    32    33     0     3



  DATA CARD No:   1 EK   0     0     0     0  0.00000E+00  0.00000E+00  0.00000E+00  0.00000E+00  0.00000E+00  0.00000E+00
  DATA CARD No:   2 EX   0     1     2     0  1.00000E+00  0.00000E+00  0.00000E+00  0.00000E+00  0.00000E+00  0.00000E+00
  DATA CARD No:   3 FR   0     1     0     0  2.99792E+02  0.00000E+00  0.00000E+00  0.00000E+00  0.00000E+00  0.00000E+00
  DATA CARD No:   4 XQ   0     0     0     0  0.00000E+00  0.00000E+00  0.00000E+00  0.00000E+00  0.00000E+00  0.00000E+00


                               --------- FREQUENCY --------
                                FREQUENCY : 2.9979E+02 MHz
                                WAVELENGTH: 1.0000E+00 Mtr

                        APPROXIMATE INTEGRATION EMPLOYED FOR SEGMENTS 
                        THAT ARE MORE THAN 1.000 WAVELENGTHS APART
                        THE EXTENDED THIN WIRE KERNEL WILL BE USED


                          ------ STRUCTURE IMPEDANCE LOADING ------
                                 THIS STRUCTURE IS NOT LOADED


                            -------- ANTENNA ENVIRONMENT --------
                            FREE SPACE


                             ---------- MATRIX TIMING ----------
                               FILL: 0 msec  FACTOR: 0 msec


                        --------- ANTENNA INPUT PARAMETERS ---------
  TAG   SEG       VOLTAGE (VOLTS)         CURRENT (AMPS)         IMPEDANCE (OHMS)        ADMITTANCE (MHOS)     POWER
  No:   No:     REAL      IMAGINARY     REAL      IMAGINARY     REAL      IMAGINARY    REAL       IMAGINARY   (WATTS)
    1     2  1.0000E+00  0.0000E+00  3.5946E-04  4.5742E-03  1.7075E+01 -2.1728E+02  3.5946E-04  4.5742E-03  1.7973E-04


                           -------- CURRENTS AND LOCATION --------
                                  DISTANCES IN WAVELENGTHS

   SEG  TAG    COORDINATES OF SEGM CENTER     SEGM    ------------- CURRENT (AMPS) -------------
   No:  No:       X         Y         Z      LENGTH     REAL      IMAGINARY    MAGN        PHASE
     1    1    0.0000    0.0076    0.0000   0.01515  3.6537E-04  4.4729E-03  4.4877E-03   85.330
     2    1    0.0000    0.0227    0.0000   0.01515  3.5946E-04  4.5742E-03  4.5883E-03   85.507
     3    1    0.0000    0.0379    0.0000   0.01515  3.4776E-04  4.1964E-03  4.2108E-03   85.263
     4    1    0.0000    0.0530    0.0000   0.01515  3.3034E-04  3.7878E-03  3.8022E-03   85.016
     5    1    0.0000    0.0682    0.0000   0.01515  3.0726E-04  3.3787E-03  3.3927E-03   84.804
     6    1    0.0000    0.0833    0.0000   0.01515  2.7859E-04  2.9519E-03  2.9650E-03   84.609
     7    1    0.0000    0.0985    0.0000   0.01515  2.4437E-04  2.5035E-03  2.5154E-03   84.425
     8    1    0.0000    0.1136    0.0000   0.01515  2.0462E-04  2.0320E-03  2.0423E-03   84.250
     9    1    0.0000    0.1288    0.0000   0.01515  1.5917E-04  1.5353E-03  1.5435E-03   84.081
    10    1    0.0000    0.1439    0.0000   0.01515  1.0746E-04  1.0082E-03  1.0139E-03   83.917
    11    1    0.0000    0.1591    0.0000   0.01515  4.5121E-05  4.1256E-04  4.1502E-04   83.758
    12    2   -0.0066   -0.0038    0.0000   0.01515 -1.8268E-04 -2.1581E-03  2.1658E-03  -94.839
    13    2   -0.0197   -0.0114    0.0000   0.01515 -1.7971E-04 -2.0253E-03  2.0332E-03  -95.071
    14    2   -0.0328   -0.0189    0.0000   0.01515 -1.7385E-04 -1.8743E-03  1.8824E-03  -95.299
    15    2   -0.0459   -0.0265    0.0000   0.01515 -1.6514E-04 -1.7103E-03  1.7183E-03  -95.515
    16    2   -0.0590   -0.0341    0.0000   0.01515 -1.5359E-04 -1.5336E-03  1.5413E-03  -95.719
    17    2   -0.0722   -0.0417    0.0000   0.01515 -1.3925E-04 -1.3443E-03  1.3515E-03  -95.914
    18    2   -0.0853   -0.0492    0.0000   0.01515 -1.2214E-04 -1.1428E-03  1.1493E-03  -96.100
    19    2   -0.0984   -0.0568    0.0000   0.01515 -1.0226E-04 -9.2914E-04  9.3475E-04  -96.281
    20    2   -0.1115   -0.0644    0.0000   0.01515 -7.9541E-05 -7.0297E-04  7.0745E-04  -96.456
    21    2   -0.1247   -0.0720    0.0000   0.01515 -5.3693E-05 -4.6214E-04  4.6525E-04  -96.627
    22    2   -0.1378   -0.0795    0.0000   0.01515 -2.2544E-05 -1.8927E-04  1.9060E-04  -96.793
    23    3    0.0066   -0.0038    0.0000   0.01515 -1.8268E-04 -2.1581E-03  2.1658E-03  -94.839
    24    3    0.0197   -0.0114    0.0000   0.01515 -1.7971E-04 -2.0253E-03  2.0332E-03  -95.071
    25    3    0.0328   -0.0189    0.0000   0.01515 -1.7385E-04 -1.8743E-03  1.8824E-03  -95.299
    26    3    0.0459   -0.0265    0.0000   0.01515 -1.6514E-04 -1.7103E-03  1.7183E-03  -95.515
    27    3    0.0590   -0.0341    0.0000   0.01515 -1.5359E-04 -1.5336E-03  1.5413E-03  -95.719
    28    3    0.0722   -0.0417    0.0000   0.01515 -1.3925E-04 -1.3443E-03  1.3515E-03  -95.914
    29    3    0.0853   -0.0492    0.0000   0.01515 -1.2214E-04 -1.1428E-03  1.1493E-03  -96.100
    30    3    0.0984   -0.0568    0.0000   0.01515 -1.0226E-04 -9.2914E-04  9.3475E-04  -96.281
    31    3    0.1115   -0.0644    0.0000   0.01515 -7.9541E-05 -7.0297E-04  7.0745E-04  -96.456
    32    3    0.1247   -0.0720    0.0000   0.01515 -5.3693E-05 -4.6214E-04  4.6525E-04  -96.627
    33    3    0.1378   -0.0795    0.0000   0.01515 -2.2544E-05 -1.8927E-04  1.9060E-04  -96.793


                               ---------- POWER BUDGET ---------
                               INPUT POWER   =  1.7973E-04 Watts
                               RADIATED POWER=  1.7973E-04 Watts
                               STRUCTURE LOSS=  0.0000E+00 Watts
                               NETWORK LOSS  =  0.0000E+00 Watts
                               EFFICIENCY    =  100.00 Percent



  DATA CARD No:   5 EN   0     0     0     0  0.00000E+00  0.00000E+00  0.00000E+00  0.00000E+00  0.00000E+00  0.00000E+00

  TOTAL RUN TIME: 0 msec