


                               __________________________________________
                              |                                          |
                              |  NUMERICAL ELECTROMAGNETICS CODE (nec2c) |
                              |   Translated to 'C' in Double Precision  |
                              |__________________________________________|



                               ---------------- COMMENTS ----------------
                               momwire#272 coaxial-rule measurement
                               k3 Delta/a rung
                              



                               -------- STRUCTURE SPECIFICATION --------
                                     COORDINATES MUST BE INPUT IN
                                     METERS OR BE SCALED TO METERS
                                     BEFORE STRUCTURE INPUT IS ENDED

  WIRE                                                                                 SEG FIRST  LAST  TAG
   No:        X1         Y1         Z1         X2         Y2         Z2       RADIUS   No:   SEG   SEG  No:
     1     0.00000    0.00000    0.00000    0.00000    0.16667    0.00000    0.00758    11     1    11    1
     2     0.00000    0.00000    0.00000   -0.14434   -0.08333    0.00000    0.00758    11    12    22    2
     3     0.00000    0.00000    0.00000    0.14434   -0.08333    0.00000    0.00758    11    23    33    3

     TOTAL SEGMENTS USED: 33   SEGMENTS IN A SYMMETRIC CELL: 33   SYMMETRY FLAG: 0

    ---------- MULTIPLE WIRE JUNCTIONS ----------
    JUNCTION  SEGMENTS (- FOR END 1, + FOR END 2)
       1         -1  -12  -23


                               ---------- SEGMENTATION DATA ----------
                                        COORDINATES IN METERS
                            I+ AND I- INDICATE THE SEGMENTS BEFORE AND AFTER I

   SEG    COORDINATES OF SEGM CENTER     SEGM    ORIENTATION ANGLES    WIRE    CONNECTION DATA   TAG
   No:       X         Y         Z      LENGTH     ALPHA      BETA    RADIUS    I-     I    I+   No:
     1    0.0000    0.0076    0.0000    0.0152    0.0000   90.0000    0.0076   -12     1     2     1
     2    0.0000    0.0227    0.0000    0.0152    0.0000   90.0000    0.0076     1     2     3     1
     3    0.0000    0.0379    0.0000    0.0152    0.0000   90.0000    0.0076     2     3     4     1
     4    0.0000    0.0530    0.0000    0.0152    0.0000   90.0000    0.0076     3     4     5     1
     5    0.0000    0.0682    0.0000    0.0152    0.0000   90.0000    0.0076     4     5     6     1
     6    0.0000    0.0833    0.0000    0.0152    0.0000   90.0000    0.0076     5     6     7     1
     7    0.0000    0.0985    0.0000    0.0152    0.0000   90.0000    0.0076     6     7     8     1
     8    0.0000    0.1136    0.0000    0.0152    0.0000   90.0000    0.0076     7     8     9     1
     9    0.0000    0.1288    0.0000    0.0152    0.0000   90.0000    0.0076     8     9    10     1
    10    0.0000    0.1439    0.0000    0.0152    0.0000   90.0000    0.0076     9    10    11     1
    11    0.0000    0.1591    0.0000    0.0152    0.0000   90.0000    0.0076    10    11     0     1
    12   -0.0066   -0.0038    0.0000    0.0152    0.0000 -150.0002    0.0076   -23    12    13     2
    13   -0.0197   -0.0114    0.0000    0.0152    0.0000 -150.0002    0.0076    12    13    14     2
    14   -0.0328   -0.0189    0.0000    0.0152    0.0000 -150.0002    0.0076    13    14    15     2
    15   -0.0459   -0.0265    0.0000    0.0152    0.0000 -150.0002    0.0076    14    15    16     2
    16   -0.0590   -0.0341    0.0000    0.0152    0.0000 -150.0002    0.0076    15    16    17     2
    17   -0.0722   -0.0417    0.0000    0.0152    0.0000 -150.0002    0.0076    16    17    18     2
    18   -0.0853   -0.0492    0.0000    0.0152    0.0000 -150.0002    0.0076    17    18    19     2
    19   -0.0984   -0.0568    0.0000    0.0152    0.0000 -150.0002    0.0076    18    19    20     2
    20   -0.1115   -0.0644    0.0000    0.0152    0.0000 -150.0002    0.0076    19    20    21     2
    21   -0.1247   -0.0720    0.0000    0.0152    0.0000 -150.0002    0.0076    20    21    22     2
    22   -0.1378   -0.0795    0.0000    0.0152    0.0000 -150.0002    0.0076    21    22     0     2
    23    0.0066   -0.0038    0.0000    0.0152    0.0000  -29.9998    0.0076    -1    23    24     3
    24    0.0197   -0.0114    0.0000    0.0152    0.0000  -29.9998    0.0076    23    24    25     3
    25    0.0328   -0.0189    0.0000    0.0152    0.0000  -29.9998    0.0076    24    25    26     3
    26    0.0459   -0.0265    0.0000    0.0152    0.0000  -29.9998    0.0076    25    26    27     3
    27    0.0590   -0.0341    0.0000    0.0152    0.0000  -29.9998    0.0076    26    27    28     3
    28    0.0722   -0.0417    0.0000    0.0152    0.0000  -29.9998    0.0076    27    28    29     3
    29    0.0853   -0.0492    0.0000    0.0152    0.0000  -29.9998    0.0076    28    29    30     3
    30    0.0984   -0.0568    0.0000    0.0152    0.0000  -29.9998    0.0076    29    30    31     3
    31    0.1115   -0.0644    0.0000    0.0152    0.0000  -29.9998    0.0076    30    31    32     3
    32    0.1247   -0.0720    0.0000    0.0152    0.0000  -29.9998    0.0076    31    32    33     3
    33    0.1378   -0.0795    0.0000    0.0152    0.0000  -29.9998    0.0076    32    33     0     3



  DATA CARD No:   1 EX   0     1     2     0  1.00000E+00  0.00000E+00  0.00000E+00  0.00000E+00  0.00000E+00  0.00000E+00
  DATA CARD No:   2 FR   0     1     0     0  2.99792E+02  0.00000E+00  0.00000E+00  0.00000E+00  0.00000E+00  0.00000E+00
  DATA CARD No:   3 XQ   0     0     0     0  0.00000E+00  0.00000E+00  0.00000E+00  0.00000E+00  0.00000E+00  0.00000E+00


                               --------- FREQUENCY --------
                                FREQUENCY : 2.9979E+02 MHz
                                WAVELENGTH: 1.0000E+00 Mtr

                        APPROXIMATE INTEGRATION EMPLOYED FOR SEGMENTS 
                        THAT ARE MORE THAN 1.000 WAVELENGTHS APART


                          ------ STRUCTURE IMPEDANCE LOADING ------
                                 THIS STRUCTURE IS NOT LOADED


                            -------- ANTENNA ENVIRONMENT --------
                            FREE SPACE


                             ---------- MATRIX TIMING ----------
                               FILL: 0 msec  FACTOR: 0 msec


                        --------- ANTENNA INPUT PARAMETERS ---------
  TAG   SEG       VOLTAGE (VOLTS)         CURRENT (AMPS)         IMPEDANCE (OHMS)        ADMITTANCE (MHOS)     POWER
  No:   No:     REAL      IMAGINARY     REAL      IMAGINARY     REAL      IMAGINARY    REAL       IMAGINARY   (WATTS)
    1     2  1.0000E+00  0.0000E+00  1.7688E-03  1.0009E-02  1.7121E+01 -9.6885E+01  1.7688E-03  1.0009E-02  8.8438E-04


                           -------- CURRENTS AND LOCATION --------
                                  DISTANCES IN WAVELENGTHS

   SEG  TAG    COORDINATES OF SEGM CENTER     SEGM    ------------- CURRENT (AMPS) -------------
   No:  No:       X         Y         Z      LENGTH     REAL      IMAGINARY    MAGN        PHASE
     1    1    0.0000    0.0076    0.0000   0.01515  1.7953E-03  9.2124E-03  9.3857E-03   78.972
     2    1    0.0000    0.0227    0.0000   0.01515  1.7688E-03  1.0009E-02  1.0164E-02   79.978
     3    1    0.0000    0.0379    0.0000   0.01515  1.7186E-03  8.6728E-03  8.8414E-03   78.792
     4    1    0.0000    0.0530    0.0000   0.01515  1.6444E-03  7.8897E-03  8.0593E-03   78.226
     5    1    0.0000    0.0682    0.0000   0.01515  1.5462E-03  7.1191E-03  7.2850E-03   77.746
     6    1    0.0000    0.0833    0.0000   0.01515  1.4239E-03  6.3290E-03  6.4872E-03   77.321
     7    1    0.0000    0.0985    0.0000   0.01515  1.2772E-03  5.5011E-03  5.6474E-03   76.929
     8    1    0.0000    0.1136    0.0000   0.01515  1.1055E-03  4.6264E-03  4.7566E-03   76.561
     9    1    0.0000    0.1288    0.0000   0.01515  9.0720E-04  3.6960E-03  3.8057E-03   76.209
    10    1    0.0000    0.1439    0.0000   0.01515  6.7747E-04  2.6904E-03  2.7744E-03   75.866
    11    1    0.0000    0.1591    0.0000   0.01515  4.0776E-04  1.5779E-03  1.6298E-03   75.511
    12    2   -0.0066   -0.0038    0.0000   0.01515 -8.9765E-04 -4.5236E-03  4.6118E-03 -101.224
    13    2   -0.0197   -0.0114    0.0000   0.01515 -8.8434E-04 -4.2554E-03  4.3464E-03 -101.740
    14    2   -0.0328   -0.0189    0.0000   0.01515 -8.5921E-04 -3.9625E-03  4.0546E-03 -102.234
    15    2   -0.0459   -0.0265    0.0000   0.01515 -8.2210E-04 -3.6507E-03  3.7421E-03 -102.691
    16    2   -0.0590   -0.0341    0.0000   0.01515 -7.7297E-04 -3.3180E-03  3.4068E-03 -103.114
    17    2   -0.0722   -0.0417    0.0000   0.01515 -7.1177E-04 -2.9623E-03  3.0466E-03 -103.511
    18    2   -0.0853   -0.0492    0.0000   0.01515 -6.3841E-04 -2.5822E-03  2.6600E-03 -103.887
    19    2   -0.0984   -0.0568    0.0000   0.01515 -5.5254E-04 -2.1762E-03  2.2452E-03 -104.247
    20    2   -0.1115   -0.0644    0.0000   0.01515 -4.5341E-04 -1.7413E-03  1.7993E-03 -104.595
    21    2   -0.1247   -0.0720    0.0000   0.01515 -3.3858E-04 -1.2691E-03  1.3134E-03 -104.938
    22    2   -0.1378   -0.0795    0.0000   0.01515 -2.0377E-04 -7.4509E-04  7.7245E-04 -105.296
    23    3    0.0066   -0.0038    0.0000   0.01515 -8.9765E-04 -4.5236E-03  4.6118E-03 -101.224
    24    3    0.0197   -0.0114    0.0000   0.01515 -8.8434E-04 -4.2554E-03  4.3464E-03 -101.740
    25    3    0.0328   -0.0189    0.0000   0.01515 -8.5921E-04 -3.9625E-03  4.0546E-03 -102.234
    26    3    0.0459   -0.0265    0.0000   0.01515 -8.2210E-04 -3.6507E-03  3.7421E-03 -102.691
    27    3    0.0590   -0.0341    0.0000   0.01515 -7.7297E-04 -3.3180E-03  3.4068E-03 -103.114
    28    3    0.0722   -0.0417    0.0000   0.01515 -7.1177E-04 -2.9623E-03  3.0466E-03 -103.511
    29    3    0.0853   -0.0492    0.0000   0.01515 -6.3841E-04 -2.5822E-03  2.6600E-03 -103.887
    30    3    0.0984   -0.0568    0.0000   0.01515 -5.5254E-04 -2.1762E-03  2.2452E-03 -104.247
    31    3    0.1115   -0.0644    0.0000   0.01515 -4.5341E-04 -1.7413E-03  1.7993E-03 -104.595
    32    3    0.1247   -0.0720    0.0000   0.01515 -3.3858E-04 -1.2691E-03  1.3134E-03 -104.938
    33    3    0.1378   -0.0795    0.0000   0.01515 -2.0377E-04 -7.4509E-04  7.7245E-04 -105.296


                               ---------- POWER BUDGET ---------
                               INPUT POWER   =  8.8438E-04 Watts
                               RADIATED POWER=  8.8438E-04 Watts
                               STRUCTURE LOSS=  0.0000E+00 Watts
                               NETWORK LOSS  =  0.0000E+00 Watts
                               EFFICIENCY    =  100.00 Percent



  DATA CARD No:   4 EN   0     0     0     0  0.00000E+00  0.00000E+00  0.00000E+00  0.00000E+00  0.00000E+00  0.00000E+00

  TOTAL RUN TIME: 0 msec