


                               __________________________________________
                              |                                          |
                              |  NUMERICAL ELECTROMAGNETICS CODE (nec2c) |
                              |   Translated to 'C' in Double Precision  |
                              |__________________________________________|



                               ---------------- COMMENTS ----------------
                               momwire#272 coaxial-rule measurement
                               k3 Delta/a rung
                              



                               -------- STRUCTURE SPECIFICATION --------
                                     COORDINATES MUST BE INPUT IN
                                     METERS OR BE SCALED TO METERS
                                     BEFORE STRUCTURE INPUT IS ENDED

  WIRE                                                                                 SEG FIRST  LAST  TAG
   No:        X1         Y1         Z1         X2         Y2         Z2       RADIUS   No:   SEG   SEG  No:
     1     0.00000    0.00000    0.00000    0.00000    0.16667    0.00000    0.00505    11     1    11    1
     2     0.00000    0.00000    0.00000   -0.14434   -0.08333    0.00000    0.00505    11    12    22    2
     3     0.00000    0.00000    0.00000    0.14434   -0.08333    0.00000    0.00505    11    23    33    3

     TOTAL SEGMENTS USED: 33   SEGMENTS IN A SYMMETRIC CELL: 33   SYMMETRY FLAG: 0

    ---------- MULTIPLE WIRE JUNCTIONS ----------
    JUNCTION  SEGMENTS (- FOR END 1, + FOR END 2)
       1         -1  -12  -23


                               ---------- SEGMENTATION DATA ----------
                                        COORDINATES IN METERS
                            I+ AND I- INDICATE THE SEGMENTS BEFORE AND AFTER I

   SEG    COORDINATES OF SEGM CENTER     SEGM    ORIENTATION ANGLES    WIRE    CONNECTION DATA   TAG
   No:       X         Y         Z      LENGTH     ALPHA      BETA    RADIUS    I-     I    I+   No:
     1    0.0000    0.0076    0.0000    0.0152    0.0000   90.0000    0.0051   -12     1     2     1
     2    0.0000    0.0227    0.0000    0.0152    0.0000   90.0000    0.0051     1     2     3     1
     3    0.0000    0.0379    0.0000    0.0152    0.0000   90.0000    0.0051     2     3     4     1
     4    0.0000    0.0530    0.0000    0.0152    0.0000   90.0000    0.0051     3     4     5     1
     5    0.0000    0.0682    0.0000    0.0152    0.0000   90.0000    0.0051     4     5     6     1
     6    0.0000    0.0833    0.0000    0.0152    0.0000   90.0000    0.0051     5     6     7     1
     7    0.0000    0.0985    0.0000    0.0152    0.0000   90.0000    0.0051     6     7     8     1
     8    0.0000    0.1136    0.0000    0.0152    0.0000   90.0000    0.0051     7     8     9     1
     9    0.0000    0.1288    0.0000    0.0152    0.0000   90.0000    0.0051     8     9    10     1
    10    0.0000    0.1439    0.0000    0.0152    0.0000   90.0000    0.0051     9    10    11     1
    11    0.0000    0.1591    0.0000    0.0152    0.0000   90.0000    0.0051    10    11     0     1
    12   -0.0066   -0.0038    0.0000    0.0152    0.0000 -150.0002    0.0051   -23    12    13     2
    13   -0.0197   -0.0114    0.0000    0.0152    0.0000 -150.0002    0.0051    12    13    14     2
    14   -0.0328   -0.0189    0.0000    0.0152    0.0000 -150.0002    0.0051    13    14    15     2
    15   -0.0459   -0.0265    0.0000    0.0152    0.0000 -150.0002    0.0051    14    15    16     2
    16   -0.0590   -0.0341    0.0000    0.0152    0.0000 -150.0002    0.0051    15    16    17     2
    17   -0.0722   -0.0417    0.0000    0.0152    0.0000 -150.0002    0.0051    16    17    18     2
    18   -0.0853   -0.0492    0.0000    0.0152    0.0000 -150.0002    0.0051    17    18    19     2
    19   -0.0984   -0.0568    0.0000    0.0152    0.0000 -150.0002    0.0051    18    19    20     2
    20   -0.1115   -0.0644    0.0000    0.0152    0.0000 -150.0002    0.0051    19    20    21     2
    21   -0.1247   -0.0720    0.0000    0.0152    0.0000 -150.0002    0.0051    20    21    22     2
    22   -0.1378   -0.0795    0.0000    0.0152    0.0000 -150.0002    0.0051    21    22     0     2
    23    0.0066   -0.0038    0.0000    0.0152    0.0000  -29.9998    0.0051    -1    23    24     3
    24    0.0197   -0.0114    0.0000    0.0152    0.0000  -29.9998    0.0051    23    24    25     3
    25    0.0328   -0.0189    0.0000    0.0152    0.0000  -29.9998    0.0051    24    25    26     3
    26    0.0459   -0.0265    0.0000    0.0152    0.0000  -29.9998    0.0051    25    26    27     3
    27    0.0590   -0.0341    0.0000    0.0152    0.0000  -29.9998    0.0051    26    27    28     3
    28    0.0722   -0.0417    0.0000    0.0152    0.0000  -29.9998    0.0051    27    28    29     3
    29    0.0853   -0.0492    0.0000    0.0152    0.0000  -29.9998    0.0051    28    29    30     3
    30    0.0984   -0.0568    0.0000    0.0152    0.0000  -29.9998    0.0051    29    30    31     3
    31    0.1115   -0.0644    0.0000    0.0152    0.0000  -29.9998    0.0051    30    31    32     3
    32    0.1247   -0.0720    0.0000    0.0152    0.0000  -29.9998    0.0051    31    32    33     3
    33    0.1378   -0.0795    0.0000    0.0152    0.0000  -29.9998    0.0051    32    33     0     3



  DATA CARD No:   1 EK   0     0     0     0  0.00000E+00  0.00000E+00  0.00000E+00  0.00000E+00  0.00000E+00  0.00000E+00
  DATA CARD No:   2 EX   0     1     2     0  1.00000E+00  0.00000E+00  0.00000E+00  0.00000E+00  0.00000E+00  0.00000E+00
  DATA CARD No:   3 FR   0     1     0     0  2.99792E+02  0.00000E+00  0.00000E+00  0.00000E+00  0.00000E+00  0.00000E+00
  DATA CARD No:   4 XQ   0     0     0     0  0.00000E+00  0.00000E+00  0.00000E+00  0.00000E+00  0.00000E+00  0.00000E+00


                               --------- FREQUENCY --------
                                FREQUENCY : 2.9979E+02 MHz
                                WAVELENGTH: 1.0000E+00 Mtr

                        APPROXIMATE INTEGRATION EMPLOYED FOR SEGMENTS 
                        THAT ARE MORE THAN 1.000 WAVELENGTHS APART
                        THE EXTENDED THIN WIRE KERNEL WILL BE USED


                          ------ STRUCTURE IMPEDANCE LOADING ------
                                 THIS STRUCTURE IS NOT LOADED


                            -------- ANTENNA ENVIRONMENT --------
                            FREE SPACE


                             ---------- MATRIX TIMING ----------
                               FILL: 0 msec  FACTOR: 0 msec


                        --------- ANTENNA INPUT PARAMETERS ---------
  TAG   SEG       VOLTAGE (VOLTS)         CURRENT (AMPS)         IMPEDANCE (OHMS)        ADMITTANCE (MHOS)     POWER
  No:   No:     REAL      IMAGINARY     REAL      IMAGINARY     REAL      IMAGINARY    REAL       IMAGINARY   (WATTS)
    1     2  1.0000E+00  0.0000E+00  1.1127E-03  7.9271E-03  1.7365E+01 -1.2371E+02  1.1127E-03  7.9271E-03  5.5636E-04


                           -------- CURRENTS AND LOCATION --------
                                  DISTANCES IN WAVELENGTHS

   SEG  TAG    COORDINATES OF SEGM CENTER     SEGM    ------------- CURRENT (AMPS) -------------
   No:  No:       X         Y         Z      LENGTH     REAL      IMAGINARY    MAGN        PHASE
     1    1    0.0000    0.0076    0.0000   0.01515  1.1298E-03  7.5702E-03  7.6541E-03   81.511
     2    1    0.0000    0.0227    0.0000   0.01515  1.1127E-03  7.9271E-03  8.0049E-03   82.010
     3    1    0.0000    0.0379    0.0000   0.01515  1.0795E-03  7.1139E-03  7.1953E-03   81.371
     4    1    0.0000    0.0530    0.0000   0.01515  1.0303E-03  6.4177E-03  6.4998E-03   80.880
     5    1    0.0000    0.0682    0.0000   0.01515  9.6504E-04  5.7643E-03  5.8445E-03   80.496
     6    1    0.0000    0.0833    0.0000   0.01515  8.8380E-04  5.0901E-03  5.1662E-03   80.150
     7    1    0.0000    0.0985    0.0000   0.01515  7.8645E-04  4.3840E-03  4.4540E-03   79.830
     8    1    0.0000    0.1136    0.0000   0.01515  6.7264E-04  3.6392E-03  3.7009E-03   79.528
     9    1    0.0000    0.1288    0.0000   0.01515  5.4130E-04  2.8482E-03  2.8991E-03   79.239
    10    1    0.0000    0.1439    0.0000   0.01515  3.8993E-04  1.9980E-03  2.0357E-03   78.957
    11    1    0.0000    0.1591    0.0000   0.01515  2.0022E-04  1.0005E-03  1.0203E-03   78.683
    12    2   -0.0066   -0.0038    0.0000   0.01515 -5.6493E-04 -3.6854E-03  3.7285E-03  -98.715
    13    2   -0.0197   -0.0114    0.0000   0.01515 -5.5639E-04 -3.4695E-03  3.5139E-03  -99.111
    14    2   -0.0328   -0.0189    0.0000   0.01515 -5.3980E-04 -3.2217E-03  3.2666E-03  -99.512
    15    2   -0.0459   -0.0265    0.0000   0.01515 -5.1521E-04 -2.9573E-03  3.0019E-03  -99.883
    16    2   -0.0590   -0.0341    0.0000   0.01515 -4.8261E-04 -2.6744E-03  2.7176E-03 -100.229
    17    2   -0.0722   -0.0417    0.0000   0.01515 -4.4200E-04 -2.3719E-03  2.4127E-03 -100.556
    18    2   -0.0853   -0.0492    0.0000   0.01515 -3.9333E-04 -2.0489E-03  2.0863E-03 -100.867
    19    2   -0.0984   -0.0568    0.0000   0.01515 -3.3643E-04 -1.7045E-03  1.7373E-03 -101.166
    20    2   -0.1115   -0.0644    0.0000   0.01515 -2.7074E-04 -1.3361E-03  1.3633E-03 -101.455
    21    2   -0.1247   -0.0720    0.0000   0.01515 -1.9504E-04 -9.3854E-04  9.5859E-04 -101.740
    22    2   -0.1378   -0.0795    0.0000   0.01515 -1.0015E-04 -4.7046E-04  4.8100E-04 -102.018
    23    3    0.0066   -0.0038    0.0000   0.01515 -5.6493E-04 -3.6854E-03  3.7285E-03  -98.715
    24    3    0.0197   -0.0114    0.0000   0.01515 -5.5639E-04 -3.4695E-03  3.5139E-03  -99.111
    25    3    0.0328   -0.0189    0.0000   0.01515 -5.3980E-04 -3.2217E-03  3.2666E-03  -99.512
    26    3    0.0459   -0.0265    0.0000   0.01515 -5.1521E-04 -2.9573E-03  3.0019E-03  -99.883
    27    3    0.0590   -0.0341    0.0000   0.01515 -4.8261E-04 -2.6744E-03  2.7176E-03 -100.229
    28    3    0.0722   -0.0417    0.0000   0.01515 -4.4200E-04 -2.3719E-03  2.4127E-03 -100.556
    29    3    0.0853   -0.0492    0.0000   0.01515 -3.9333E-04 -2.0489E-03  2.0863E-03 -100.867
    30    3    0.0984   -0.0568    0.0000   0.01515 -3.3643E-04 -1.7045E-03  1.7373E-03 -101.166
    31    3    0.1115   -0.0644    0.0000   0.01515 -2.7074E-04 -1.3361E-03  1.3633E-03 -101.455
    32    3    0.1247   -0.0720    0.0000   0.01515 -1.9504E-04 -9.3854E-04  9.5859E-04 -101.740
    33    3    0.1378   -0.0795    0.0000   0.01515 -1.0015E-04 -4.7046E-04  4.8100E-04 -102.018


                               ---------- POWER BUDGET ---------
                               INPUT POWER   =  5.5636E-04 Watts
                               RADIATED POWER=  5.5636E-04 Watts
                               STRUCTURE LOSS=  0.0000E+00 Watts
                               NETWORK LOSS  =  0.0000E+00 Watts
                               EFFICIENCY    =  100.00 Percent



  DATA CARD No:   5 EN   0     0     0     0  0.00000E+00  0.00000E+00  0.00000E+00  0.00000E+00  0.00000E+00  0.00000E+00

  TOTAL RUN TIME: 0 msec