


                               __________________________________________
                              |                                          |
                              |  NUMERICAL ELECTROMAGNETICS CODE (nec2c) |
                              |   Translated to 'C' in Double Precision  |
                              |__________________________________________|



                               ---------------- COMMENTS ----------------
                               momwire#272 coaxial-rule measurement
                               k3 Delta/a rung
                              



                               -------- STRUCTURE SPECIFICATION --------
                                     COORDINATES MUST BE INPUT IN
                                     METERS OR BE SCALED TO METERS
                                     BEFORE STRUCTURE INPUT IS ENDED

  WIRE                                                                                 SEG FIRST  LAST  TAG
   No:        X1         Y1         Z1         X2         Y2         Z2       RADIUS   No:   SEG   SEG  No:
     1     0.00000    0.00000    0.00000    0.00000    0.16667    0.00000    0.00758    11     1    11    1
     2     0.00000    0.00000    0.00000   -0.14434   -0.08333    0.00000    0.00758    11    12    22    2
     3     0.00000    0.00000    0.00000    0.14434   -0.08333    0.00000    0.00758    11    23    33    3

     TOTAL SEGMENTS USED: 33   SEGMENTS IN A SYMMETRIC CELL: 33   SYMMETRY FLAG: 0

    ---------- MULTIPLE WIRE JUNCTIONS ----------
    JUNCTION  SEGMENTS (- FOR END 1, + FOR END 2)
       1         -1  -12  -23


                               ---------- SEGMENTATION DATA ----------
                                        COORDINATES IN METERS
                            I+ AND I- INDICATE THE SEGMENTS BEFORE AND AFTER I

   SEG    COORDINATES OF SEGM CENTER     SEGM    ORIENTATION ANGLES    WIRE    CONNECTION DATA   TAG
   No:       X         Y         Z      LENGTH     ALPHA      BETA    RADIUS    I-     I    I+   No:
     1    0.0000    0.0076    0.0000    0.0152    0.0000   90.0000    0.0076   -12     1     2     1
     2    0.0000    0.0227    0.0000    0.0152    0.0000   90.0000    0.0076     1     2     3     1
     3    0.0000    0.0379    0.0000    0.0152    0.0000   90.0000    0.0076     2     3     4     1
     4    0.0000    0.0530    0.0000    0.0152    0.0000   90.0000    0.0076     3     4     5     1
     5    0.0000    0.0682    0.0000    0.0152    0.0000   90.0000    0.0076     4     5     6     1
     6    0.0000    0.0833    0.0000    0.0152    0.0000   90.0000    0.0076     5     6     7     1
     7    0.0000    0.0985    0.0000    0.0152    0.0000   90.0000    0.0076     6     7     8     1
     8    0.0000    0.1136    0.0000    0.0152    0.0000   90.0000    0.0076     7     8     9     1
     9    0.0000    0.1288    0.0000    0.0152    0.0000   90.0000    0.0076     8     9    10     1
    10    0.0000    0.1439    0.0000    0.0152    0.0000   90.0000    0.0076     9    10    11     1
    11    0.0000    0.1591    0.0000    0.0152    0.0000   90.0000    0.0076    10    11     0     1
    12   -0.0066   -0.0038    0.0000    0.0152    0.0000 -150.0002    0.0076   -23    12    13     2
    13   -0.0197   -0.0114    0.0000    0.0152    0.0000 -150.0002    0.0076    12    13    14     2
    14   -0.0328   -0.0189    0.0000    0.0152    0.0000 -150.0002    0.0076    13    14    15     2
    15   -0.0459   -0.0265    0.0000    0.0152    0.0000 -150.0002    0.0076    14    15    16     2
    16   -0.0590   -0.0341    0.0000    0.0152    0.0000 -150.0002    0.0076    15    16    17     2
    17   -0.0722   -0.0417    0.0000    0.0152    0.0000 -150.0002    0.0076    16    17    18     2
    18   -0.0853   -0.0492    0.0000    0.0152    0.0000 -150.0002    0.0076    17    18    19     2
    19   -0.0984   -0.0568    0.0000    0.0152    0.0000 -150.0002    0.0076    18    19    20     2
    20   -0.1115   -0.0644    0.0000    0.0152    0.0000 -150.0002    0.0076    19    20    21     2
    21   -0.1247   -0.0720    0.0000    0.0152    0.0000 -150.0002    0.0076    20    21    22     2
    22   -0.1378   -0.0795    0.0000    0.0152    0.0000 -150.0002    0.0076    21    22     0     2
    23    0.0066   -0.0038    0.0000    0.0152    0.0000  -29.9998    0.0076    -1    23    24     3
    24    0.0197   -0.0114    0.0000    0.0152    0.0000  -29.9998    0.0076    23    24    25     3
    25    0.0328   -0.0189    0.0000    0.0152    0.0000  -29.9998    0.0076    24    25    26     3
    26    0.0459   -0.0265    0.0000    0.0152    0.0000  -29.9998    0.0076    25    26    27     3
    27    0.0590   -0.0341    0.0000    0.0152    0.0000  -29.9998    0.0076    26    27    28     3
    28    0.0722   -0.0417    0.0000    0.0152    0.0000  -29.9998    0.0076    27    28    29     3
    29    0.0853   -0.0492    0.0000    0.0152    0.0000  -29.9998    0.0076    28    29    30     3
    30    0.0984   -0.0568    0.0000    0.0152    0.0000  -29.9998    0.0076    29    30    31     3
    31    0.1115   -0.0644    0.0000    0.0152    0.0000  -29.9998    0.0076    30    31    32     3
    32    0.1247   -0.0720    0.0000    0.0152    0.0000  -29.9998    0.0076    31    32    33     3
    33    0.1378   -0.0795    0.0000    0.0152    0.0000  -29.9998    0.0076    32    33     0     3



  DATA CARD No:   1 EK   0     0     0     0  0.00000E+00  0.00000E+00  0.00000E+00  0.00000E+00  0.00000E+00  0.00000E+00
  DATA CARD No:   2 EX   0     1     2     0  1.00000E+00  0.00000E+00  0.00000E+00  0.00000E+00  0.00000E+00  0.00000E+00
  DATA CARD No:   3 FR   0     1     0     0  2.99792E+02  0.00000E+00  0.00000E+00  0.00000E+00  0.00000E+00  0.00000E+00
  DATA CARD No:   4 XQ   0     0     0     0  0.00000E+00  0.00000E+00  0.00000E+00  0.00000E+00  0.00000E+00  0.00000E+00


                               --------- FREQUENCY --------
                                FREQUENCY : 2.9979E+02 MHz
                                WAVELENGTH: 1.0000E+00 Mtr

                        APPROXIMATE INTEGRATION EMPLOYED FOR SEGMENTS 
                        THAT ARE MORE THAN 1.000 WAVELENGTHS APART
                        THE EXTENDED THIN WIRE KERNEL WILL BE USED


                          ------ STRUCTURE IMPEDANCE LOADING ------
                                 THIS STRUCTURE IS NOT LOADED


                            -------- ANTENNA ENVIRONMENT --------
                            FREE SPACE


                             ---------- MATRIX TIMING ----------
                               FILL: 0 msec  FACTOR: 0 msec


                        --------- ANTENNA INPUT PARAMETERS ---------
  TAG   SEG       VOLTAGE (VOLTS)         CURRENT (AMPS)         IMPEDANCE (OHMS)        ADMITTANCE (MHOS)     POWER
  No:   No:     REAL      IMAGINARY     REAL      IMAGINARY     REAL      IMAGINARY    REAL       IMAGINARY   (WATTS)
    1     2  1.0000E+00  0.0000E+00  1.6218E-03  9.5256E-03  1.7370E+01 -1.0202E+02  1.6218E-03  9.5256E-03  8.1089E-04


                           -------- CURRENTS AND LOCATION --------
                                  DISTANCES IN WAVELENGTHS

   SEG  TAG    COORDINATES OF SEGM CENTER     SEGM    ------------- CURRENT (AMPS) -------------
   No:  No:       X         Y         Z      LENGTH     REAL      IMAGINARY    MAGN        PHASE
     1    1    0.0000    0.0076    0.0000   0.01515  1.6466E-03  8.9730E-03  9.1228E-03   79.602
     2    1    0.0000    0.0227    0.0000   0.01515  1.6218E-03  9.5256E-03  9.6627E-03   80.338
     3    1    0.0000    0.0379    0.0000   0.01515  1.5746E-03  8.4288E-03  8.5746E-03   79.418
     4    1    0.0000    0.0530    0.0000   0.01515  1.5051E-03  7.5953E-03  7.7430E-03   78.791
     5    1    0.0000    0.0682    0.0000   0.01515  1.4131E-03  6.8368E-03  6.9813E-03   78.322
     6    1    0.0000    0.0833    0.0000   0.01515  1.2985E-03  6.0581E-03  6.1957E-03   77.902
     7    1    0.0000    0.0985    0.0000   0.01515  1.1611E-03  5.2444E-03  5.3714E-03   77.517
     8    1    0.0000    0.1136    0.0000   0.01515  1.0001E-03  4.3856E-03  4.4982E-03   77.154
     9    1    0.0000    0.1288    0.0000   0.01515  8.1365E-04  3.4713E-03  3.5654E-03   76.808
    10    1    0.0000    0.1439    0.0000   0.01515  5.9732E-04  2.4824E-03  2.5532E-03   76.470
    11    1    0.0000    0.1591    0.0000   0.01515  3.2343E-04  1.3109E-03  1.3502E-03   76.140
    12    2   -0.0066   -0.0038    0.0000   0.01515 -8.2332E-04 -4.4003E-03  4.4767E-03 -100.598
    13    2   -0.0197   -0.0114    0.0000   0.01515 -8.1110E-04 -4.1531E-03  4.2316E-03 -101.051
    14    2   -0.0328   -0.0189    0.0000   0.01515 -7.8771E-04 -3.8602E-03  3.9397E-03 -101.533
    15    2   -0.0459   -0.0265    0.0000   0.01515 -7.5312E-04 -3.5499E-03  3.6289E-03 -101.978
    16    2   -0.0590   -0.0341    0.0000   0.01515 -7.0727E-04 -3.2194E-03  3.2961E-03 -102.391
    17    2   -0.0722   -0.0417    0.0000   0.01515 -6.5008E-04 -2.8664E-03  2.9392E-03 -102.778
    18    2   -0.0853   -0.0492    0.0000   0.01515 -5.8142E-04 -2.4895E-03  2.5564E-03 -103.146
    19    2   -0.0984   -0.0568    0.0000   0.01515 -5.0093E-04 -2.0868E-03  2.1460E-03 -103.499
    20    2   -0.1115   -0.0644    0.0000   0.01515 -4.0767E-04 -1.6547E-03  1.7042E-03 -103.840
    21    2   -0.1247   -0.0720    0.0000   0.01515 -2.9937E-04 -1.1851E-03  1.2223E-03 -104.177
    22    2   -0.1378   -0.0795    0.0000   0.01515 -1.6215E-04 -6.2656E-04  6.4720E-04 -104.509
    23    3    0.0066   -0.0038    0.0000   0.01515 -8.2332E-04 -4.4003E-03  4.4767E-03 -100.598
    24    3    0.0197   -0.0114    0.0000   0.01515 -8.1110E-04 -4.1531E-03  4.2316E-03 -101.051
    25    3    0.0328   -0.0189    0.0000   0.01515 -7.8771E-04 -3.8602E-03  3.9397E-03 -101.533
    26    3    0.0459   -0.0265    0.0000   0.01515 -7.5312E-04 -3.5499E-03  3.6289E-03 -101.978
    27    3    0.0590   -0.0341    0.0000   0.01515 -7.0727E-04 -3.2194E-03  3.2961E-03 -102.391
    28    3    0.0722   -0.0417    0.0000   0.01515 -6.5008E-04 -2.8664E-03  2.9392E-03 -102.778
    29    3    0.0853   -0.0492    0.0000   0.01515 -5.8142E-04 -2.4895E-03  2.5564E-03 -103.146
    30    3    0.0984   -0.0568    0.0000   0.01515 -5.0093E-04 -2.0868E-03  2.1460E-03 -103.499
    31    3    0.1115   -0.0644    0.0000   0.01515 -4.0767E-04 -1.6547E-03  1.7042E-03 -103.840
    32    3    0.1247   -0.0720    0.0000   0.01515 -2.9937E-04 -1.1851E-03  1.2223E-03 -104.177
    33    3    0.1378   -0.0795    0.0000   0.01515 -1.6215E-04 -6.2656E-04  6.4720E-04 -104.509


                               ---------- POWER BUDGET ---------
                               INPUT POWER   =  8.1089E-04 Watts
                               RADIATED POWER=  8.1089E-04 Watts
                               STRUCTURE LOSS=  0.0000E+00 Watts
                               NETWORK LOSS  =  0.0000E+00 Watts
                               EFFICIENCY    =  100.00 Percent



  DATA CARD No:   5 EN   0     0     0     0  0.00000E+00  0.00000E+00  0.00000E+00  0.00000E+00  0.00000E+00  0.00000E+00

  TOTAL RUN TIME: 0 msec