


                               __________________________________________
                              |                                          |
                              |  NUMERICAL ELECTROMAGNETICS CODE (nec2c) |
                              |   Translated to 'C' in Double Precision  |
                              |__________________________________________|



                               ---------------- COMMENTS ----------------
                               momwire#272 coaxial-rule measurement
                               k3 Delta/a rung
                              



                               -------- STRUCTURE SPECIFICATION --------
                                     COORDINATES MUST BE INPUT IN
                                     METERS OR BE SCALED TO METERS
                                     BEFORE STRUCTURE INPUT IS ENDED

  WIRE                                                                                 SEG FIRST  LAST  TAG
   No:        X1         Y1         Z1         X2         Y2         Z2       RADIUS   No:   SEG   SEG  No:
     1     0.00000    0.00000    0.00000    0.00000    0.16667    0.00000    0.00061    11     1    11    1
     2     0.00000    0.00000    0.00000   -0.14434   -0.08333    0.00000    0.00061    11    12    22    2
     3     0.00000    0.00000    0.00000    0.14434   -0.08333    0.00000    0.00061    11    23    33    3

     TOTAL SEGMENTS USED: 33   SEGMENTS IN A SYMMETRIC CELL: 33   SYMMETRY FLAG: 0

    ---------- MULTIPLE WIRE JUNCTIONS ----------
    JUNCTION  SEGMENTS (- FOR END 1, + FOR END 2)
       1         -1  -12  -23


                               ---------- SEGMENTATION DATA ----------
                                        COORDINATES IN METERS
                            I+ AND I- INDICATE THE SEGMENTS BEFORE AND AFTER I

   SEG    COORDINATES OF SEGM CENTER     SEGM    ORIENTATION ANGLES    WIRE    CONNECTION DATA   TAG
   No:       X         Y         Z      LENGTH     ALPHA      BETA    RADIUS    I-     I    I+   No:
     1    0.0000    0.0076    0.0000    0.0152    0.0000   90.0000    0.0006   -12     1     2     1
     2    0.0000    0.0227    0.0000    0.0152    0.0000   90.0000    0.0006     1     2     3     1
     3    0.0000    0.0379    0.0000    0.0152    0.0000   90.0000    0.0006     2     3     4     1
     4    0.0000    0.0530    0.0000    0.0152    0.0000   90.0000    0.0006     3     4     5     1
     5    0.0000    0.0682    0.0000    0.0152    0.0000   90.0000    0.0006     4     5     6     1
     6    0.0000    0.0833    0.0000    0.0152    0.0000   90.0000    0.0006     5     6     7     1
     7    0.0000    0.0985    0.0000    0.0152    0.0000   90.0000    0.0006     6     7     8     1
     8    0.0000    0.1136    0.0000    0.0152    0.0000   90.0000    0.0006     7     8     9     1
     9    0.0000    0.1288    0.0000    0.0152    0.0000   90.0000    0.0006     8     9    10     1
    10    0.0000    0.1439    0.0000    0.0152    0.0000   90.0000    0.0006     9    10    11     1
    11    0.0000    0.1591    0.0000    0.0152    0.0000   90.0000    0.0006    10    11     0     1
    12   -0.0066   -0.0038    0.0000    0.0152    0.0000 -150.0002    0.0006   -23    12    13     2
    13   -0.0197   -0.0114    0.0000    0.0152    0.0000 -150.0002    0.0006    12    13    14     2
    14   -0.0328   -0.0189    0.0000    0.0152    0.0000 -150.0002    0.0006    13    14    15     2
    15   -0.0459   -0.0265    0.0000    0.0152    0.0000 -150.0002    0.0006    14    15    16     2
    16   -0.0590   -0.0341    0.0000    0.0152    0.0000 -150.0002    0.0006    15    16    17     2
    17   -0.0722   -0.0417    0.0000    0.0152    0.0000 -150.0002    0.0006    16    17    18     2
    18   -0.0853   -0.0492    0.0000    0.0152    0.0000 -150.0002    0.0006    17    18    19     2
    19   -0.0984   -0.0568    0.0000    0.0152    0.0000 -150.0002    0.0006    18    19    20     2
    20   -0.1115   -0.0644    0.0000    0.0152    0.0000 -150.0002    0.0006    19    20    21     2
    21   -0.1247   -0.0720    0.0000    0.0152    0.0000 -150.0002    0.0006    20    21    22     2
    22   -0.1378   -0.0795    0.0000    0.0152    0.0000 -150.0002    0.0006    21    22     0     2
    23    0.0066   -0.0038    0.0000    0.0152    0.0000  -29.9998    0.0006    -1    23    24     3
    24    0.0197   -0.0114    0.0000    0.0152    0.0000  -29.9998    0.0006    23    24    25     3
    25    0.0328   -0.0189    0.0000    0.0152    0.0000  -29.9998    0.0006    24    25    26     3
    26    0.0459   -0.0265    0.0000    0.0152    0.0000  -29.9998    0.0006    25    26    27     3
    27    0.0590   -0.0341    0.0000    0.0152    0.0000  -29.9998    0.0006    26    27    28     3
    28    0.0722   -0.0417    0.0000    0.0152    0.0000  -29.9998    0.0006    27    28    29     3
    29    0.0853   -0.0492    0.0000    0.0152    0.0000  -29.9998    0.0006    28    29    30     3
    30    0.0984   -0.0568    0.0000    0.0152    0.0000  -29.9998    0.0006    29    30    31     3
    31    0.1115   -0.0644    0.0000    0.0152    0.0000  -29.9998    0.0006    30    31    32     3
    32    0.1247   -0.0720    0.0000    0.0152    0.0000  -29.9998    0.0006    31    32    33     3
    33    0.1378   -0.0795    0.0000    0.0152    0.0000  -29.9998    0.0006    32    33     0     3



  DATA CARD No:   1 EX   0     1     2     0  1.00000E+00  0.00000E+00  0.00000E+00  0.00000E+00  0.00000E+00  0.00000E+00
  DATA CARD No:   2 FR   0     1     0     0  2.99792E+02  0.00000E+00  0.00000E+00  0.00000E+00  0.00000E+00  0.00000E+00
  DATA CARD No:   3 XQ   0     0     0     0  0.00000E+00  0.00000E+00  0.00000E+00  0.00000E+00  0.00000E+00  0.00000E+00


                               --------- FREQUENCY --------
                                FREQUENCY : 2.9979E+02 MHz
                                WAVELENGTH: 1.0000E+00 Mtr

                        APPROXIMATE INTEGRATION EMPLOYED FOR SEGMENTS 
                        THAT ARE MORE THAN 1.000 WAVELENGTHS APART


                          ------ STRUCTURE IMPEDANCE LOADING ------
                                 THIS STRUCTURE IS NOT LOADED


                            -------- ANTENNA ENVIRONMENT --------
                            FREE SPACE


                             ---------- MATRIX TIMING ----------
                               FILL: 0 msec  FACTOR: 0 msec


                        --------- ANTENNA INPUT PARAMETERS ---------
  TAG   SEG       VOLTAGE (VOLTS)         CURRENT (AMPS)         IMPEDANCE (OHMS)        ADMITTANCE (MHOS)     POWER
  No:   No:     REAL      IMAGINARY     REAL      IMAGINARY     REAL      IMAGINARY    REAL       IMAGINARY   (WATTS)
    1     2  1.0000E+00  0.0000E+00  2.7687E-04  4.0276E-03  1.6988E+01 -2.4712E+02  2.7687E-04  4.0276E-03  1.3843E-04


                           -------- CURRENTS AND LOCATION --------
                                  DISTANCES IN WAVELENGTHS

   SEG  TAG    COORDINATES OF SEGM CENTER     SEGM    ------------- CURRENT (AMPS) -------------
   No:  No:       X         Y         Z      LENGTH     REAL      IMAGINARY    MAGN        PHASE
     1    1    0.0000    0.0076    0.0000   0.01515  2.8149E-04  3.9496E-03  3.9596E-03   85.923
     2    1    0.0000    0.0227    0.0000   0.01515  2.7687E-04  4.0276E-03  4.0371E-03   86.068
     3    1    0.0000    0.0379    0.0000   0.01515  2.6771E-04  3.7042E-03  3.7139E-03   85.866
     4    1    0.0000    0.0530    0.0000   0.01515  2.5406E-04  3.3439E-03  3.3535E-03   85.655
     5    1    0.0000    0.0682    0.0000   0.01515  2.3599E-04  2.9791E-03  2.9884E-03   85.471
     6    1    0.0000    0.0833    0.0000   0.01515  2.1355E-04  2.5975E-03  2.6063E-03   85.300
     7    1    0.0000    0.0985    0.0000   0.01515  1.8680E-04  2.1966E-03  2.2045E-03   85.139
     8    1    0.0000    0.1136    0.0000   0.01515  1.5577E-04  1.7752E-03  1.7820E-03   84.985
     9    1    0.0000    0.1288    0.0000   0.01515  1.2037E-04  1.3321E-03  1.3375E-03   84.837
    10    1    0.0000    0.1439    0.0000   0.01515  8.0218E-05  8.6338E-04  8.6710E-04   84.692
    11    1    0.0000    0.1591    0.0000   0.01515  3.2430E-05  3.4006E-04  3.4161E-04   84.553
    12    2   -0.0066   -0.0038    0.0000   0.01515 -1.4074E-04 -1.9035E-03  1.9087E-03  -94.229
    13    2   -0.0197   -0.0114    0.0000   0.01515 -1.3842E-04 -1.7853E-03  1.7907E-03  -94.433
    14    2   -0.0328   -0.0189    0.0000   0.01515 -1.3383E-04 -1.6511E-03  1.6565E-03  -94.634
    15    2   -0.0459   -0.0265    0.0000   0.01515 -1.2700E-04 -1.5049E-03  1.5103E-03  -94.824
    16    2   -0.0590   -0.0341    0.0000   0.01515 -1.1796E-04 -1.3472E-03  1.3523E-03  -95.004
    17    2   -0.0722   -0.0417    0.0000   0.01515 -1.0674E-04 -1.1783E-03  1.1831E-03  -95.176
    18    2   -0.0853   -0.0492    0.0000   0.01515 -9.3360E-05 -9.9853E-04  1.0029E-03  -95.342
    19    2   -0.0984   -0.0568    0.0000   0.01515 -7.7845E-05 -8.0827E-04  8.1201E-04  -95.501
    20    2   -0.1115   -0.0644    0.0000   0.01515 -6.0150E-05 -6.0730E-04  6.1027E-04  -95.656
    21    2   -0.1247   -0.0720    0.0000   0.01515 -4.0081E-05 -3.9401E-04  3.9605E-04  -95.808
    22    2   -0.1378   -0.0795    0.0000   0.01515 -1.6202E-05 -1.5532E-04  1.5616E-04  -95.955
    23    3    0.0066   -0.0038    0.0000   0.01515 -1.4074E-04 -1.9035E-03  1.9087E-03  -94.229
    24    3    0.0197   -0.0114    0.0000   0.01515 -1.3842E-04 -1.7853E-03  1.7907E-03  -94.433
    25    3    0.0328   -0.0189    0.0000   0.01515 -1.3383E-04 -1.6511E-03  1.6565E-03  -94.634
    26    3    0.0459   -0.0265    0.0000   0.01515 -1.2700E-04 -1.5049E-03  1.5103E-03  -94.824
    27    3    0.0590   -0.0341    0.0000   0.01515 -1.1796E-04 -1.3472E-03  1.3523E-03  -95.004
    28    3    0.0722   -0.0417    0.0000   0.01515 -1.0674E-04 -1.1783E-03  1.1831E-03  -95.176
    29    3    0.0853   -0.0492    0.0000   0.01515 -9.3360E-05 -9.9853E-04  1.0029E-03  -95.342
    30    3    0.0984   -0.0568    0.0000   0.01515 -7.7845E-05 -8.0827E-04  8.1201E-04  -95.501
    31    3    0.1115   -0.0644    0.0000   0.01515 -6.0150E-05 -6.0730E-04  6.1027E-04  -95.656
    32    3    0.1247   -0.0720    0.0000   0.01515 -4.0081E-05 -3.9401E-04  3.9605E-04  -95.808
    33    3    0.1378   -0.0795    0.0000   0.01515 -1.6202E-05 -1.5532E-04  1.5616E-04  -95.955


                               ---------- POWER BUDGET ---------
                               INPUT POWER   =  1.3843E-04 Watts
                               RADIATED POWER=  1.3843E-04 Watts
                               STRUCTURE LOSS=  0.0000E+00 Watts
                               NETWORK LOSS  =  0.0000E+00 Watts
                               EFFICIENCY    =  100.00 Percent



  DATA CARD No:   4 EN   0     0     0     0  0.00000E+00  0.00000E+00  0.00000E+00  0.00000E+00  0.00000E+00  0.00000E+00

  TOTAL RUN TIME: 0 msec