


                               __________________________________________
                              |                                          |
                              |  NUMERICAL ELECTROMAGNETICS CODE (nec2c) |
                              |   Translated to 'C' in Double Precision  |
                              |__________________________________________|



                               ---------------- COMMENTS ----------------
                               momwire#272 coaxial-rule measurement
                               k3 Delta/a rung
                              



                               -------- STRUCTURE SPECIFICATION --------
                                     COORDINATES MUST BE INPUT IN
                                     METERS OR BE SCALED TO METERS
                                     BEFORE STRUCTURE INPUT IS ENDED

  WIRE                                                                                 SEG FIRST  LAST  TAG
   No:        X1         Y1         Z1         X2         Y2         Z2       RADIUS   No:   SEG   SEG  No:
     1     0.00000    0.00000    0.00000    0.00000    0.16667    0.00000    0.00379    11     1    11    1
     2     0.00000    0.00000    0.00000   -0.14434   -0.08333    0.00000    0.00379    11    12    22    2
     3     0.00000    0.00000    0.00000    0.14434   -0.08333    0.00000    0.00379    11    23    33    3

     TOTAL SEGMENTS USED: 33   SEGMENTS IN A SYMMETRIC CELL: 33   SYMMETRY FLAG: 0

    ---------- MULTIPLE WIRE JUNCTIONS ----------
    JUNCTION  SEGMENTS (- FOR END 1, + FOR END 2)
       1         -1  -12  -23


                               ---------- SEGMENTATION DATA ----------
                                        COORDINATES IN METERS
                            I+ AND I- INDICATE THE SEGMENTS BEFORE AND AFTER I

   SEG    COORDINATES OF SEGM CENTER     SEGM    ORIENTATION ANGLES    WIRE    CONNECTION DATA   TAG
   No:       X         Y         Z      LENGTH     ALPHA      BETA    RADIUS    I-     I    I+   No:
     1    0.0000    0.0076    0.0000    0.0152    0.0000   90.0000    0.0038   -12     1     2     1
     2    0.0000    0.0227    0.0000    0.0152    0.0000   90.0000    0.0038     1     2     3     1
     3    0.0000    0.0379    0.0000    0.0152    0.0000   90.0000    0.0038     2     3     4     1
     4    0.0000    0.0530    0.0000    0.0152    0.0000   90.0000    0.0038     3     4     5     1
     5    0.0000    0.0682    0.0000    0.0152    0.0000   90.0000    0.0038     4     5     6     1
     6    0.0000    0.0833    0.0000    0.0152    0.0000   90.0000    0.0038     5     6     7     1
     7    0.0000    0.0985    0.0000    0.0152    0.0000   90.0000    0.0038     6     7     8     1
     8    0.0000    0.1136    0.0000    0.0152    0.0000   90.0000    0.0038     7     8     9     1
     9    0.0000    0.1288    0.0000    0.0152    0.0000   90.0000    0.0038     8     9    10     1
    10    0.0000    0.1439    0.0000    0.0152    0.0000   90.0000    0.0038     9    10    11     1
    11    0.0000    0.1591    0.0000    0.0152    0.0000   90.0000    0.0038    10    11     0     1
    12   -0.0066   -0.0038    0.0000    0.0152    0.0000 -150.0002    0.0038   -23    12    13     2
    13   -0.0197   -0.0114    0.0000    0.0152    0.0000 -150.0002    0.0038    12    13    14     2
    14   -0.0328   -0.0189    0.0000    0.0152    0.0000 -150.0002    0.0038    13    14    15     2
    15   -0.0459   -0.0265    0.0000    0.0152    0.0000 -150.0002    0.0038    14    15    16     2
    16   -0.0590   -0.0341    0.0000    0.0152    0.0000 -150.0002    0.0038    15    16    17     2
    17   -0.0722   -0.0417    0.0000    0.0152    0.0000 -150.0002    0.0038    16    17    18     2
    18   -0.0853   -0.0492    0.0000    0.0152    0.0000 -150.0002    0.0038    17    18    19     2
    19   -0.0984   -0.0568    0.0000    0.0152    0.0000 -150.0002    0.0038    18    19    20     2
    20   -0.1115   -0.0644    0.0000    0.0152    0.0000 -150.0002    0.0038    19    20    21     2
    21   -0.1247   -0.0720    0.0000    0.0152    0.0000 -150.0002    0.0038    20    21    22     2
    22   -0.1378   -0.0795    0.0000    0.0152    0.0000 -150.0002    0.0038    21    22     0     2
    23    0.0066   -0.0038    0.0000    0.0152    0.0000  -29.9998    0.0038    -1    23    24     3
    24    0.0197   -0.0114    0.0000    0.0152    0.0000  -29.9998    0.0038    23    24    25     3
    25    0.0328   -0.0189    0.0000    0.0152    0.0000  -29.9998    0.0038    24    25    26     3
    26    0.0459   -0.0265    0.0000    0.0152    0.0000  -29.9998    0.0038    25    26    27     3
    27    0.0590   -0.0341    0.0000    0.0152    0.0000  -29.9998    0.0038    26    27    28     3
    28    0.0722   -0.0417    0.0000    0.0152    0.0000  -29.9998    0.0038    27    28    29     3
    29    0.0853   -0.0492    0.0000    0.0152    0.0000  -29.9998    0.0038    28    29    30     3
    30    0.0984   -0.0568    0.0000    0.0152    0.0000  -29.9998    0.0038    29    30    31     3
    31    0.1115   -0.0644    0.0000    0.0152    0.0000  -29.9998    0.0038    30    31    32     3
    32    0.1247   -0.0720    0.0000    0.0152    0.0000  -29.9998    0.0038    31    32    33     3
    33    0.1378   -0.0795    0.0000    0.0152    0.0000  -29.9998    0.0038    32    33     0     3



  DATA CARD No:   1 EX   0     1     2     0  1.00000E+00  0.00000E+00  0.00000E+00  0.00000E+00  0.00000E+00  0.00000E+00
  DATA CARD No:   2 FR   0     1     0     0  2.99792E+02  0.00000E+00  0.00000E+00  0.00000E+00  0.00000E+00  0.00000E+00
  DATA CARD No:   3 XQ   0     0     0     0  0.00000E+00  0.00000E+00  0.00000E+00  0.00000E+00  0.00000E+00  0.00000E+00


                               --------- FREQUENCY --------
                                FREQUENCY : 2.9979E+02 MHz
                                WAVELENGTH: 1.0000E+00 Mtr

                        APPROXIMATE INTEGRATION EMPLOYED FOR SEGMENTS 
                        THAT ARE MORE THAN 1.000 WAVELENGTHS APART


                          ------ STRUCTURE IMPEDANCE LOADING ------
                                 THIS STRUCTURE IS NOT LOADED


                            -------- ANTENNA ENVIRONMENT --------
                            FREE SPACE


                             ---------- MATRIX TIMING ----------
                               FILL: 0 msec  FACTOR: 0 msec


                        --------- ANTENNA INPUT PARAMETERS ---------
  TAG   SEG       VOLTAGE (VOLTS)         CURRENT (AMPS)         IMPEDANCE (OHMS)        ADMITTANCE (MHOS)     POWER
  No:   No:     REAL      IMAGINARY     REAL      IMAGINARY     REAL      IMAGINARY    REAL       IMAGINARY   (WATTS)
    1     2  1.0000E+00  0.0000E+00  8.9131E-04  7.1173E-03  1.7324E+01 -1.3833E+02  8.9131E-04  7.1173E-03  4.4565E-04


                           -------- CURRENTS AND LOCATION --------
                                  DISTANCES IN WAVELENGTHS

   SEG  TAG    COORDINATES OF SEGM CENTER     SEGM    ------------- CURRENT (AMPS) -------------
   No:  No:       X         Y         Z      LENGTH     REAL      IMAGINARY    MAGN        PHASE
     1    1    0.0000    0.0076    0.0000   0.01515  9.0510E-04  6.8203E-03  6.8801E-03   82.441
     2    1    0.0000    0.0227    0.0000   0.01515  8.9131E-04  7.1173E-03  7.1729E-03   82.862
     3    1    0.0000    0.0379    0.0000   0.01515  8.6435E-04  6.4112E-03  6.4692E-03   82.322
     4    1    0.0000    0.0530    0.0000   0.01515  8.2430E-04  5.7924E-03  5.8508E-03   81.901
     5    1    0.0000    0.0682    0.0000   0.01515  7.7121E-04  5.1990E-03  5.2558E-03   81.562
     6    1    0.0000    0.0833    0.0000   0.01515  7.0512E-04  4.5838E-03  4.6377E-03   81.255
     7    1    0.0000    0.0985    0.0000   0.01515  6.2599E-04  3.9388E-03  3.9882E-03   80.970
     8    1    0.0000    0.1136    0.0000   0.01515  5.3363E-04  3.2586E-03  3.3020E-03   80.700
     9    1    0.0000    0.1288    0.0000   0.01515  4.2729E-04  2.5372E-03  2.5730E-03   80.441
    10    1    0.0000    0.1439    0.0000   0.01515  3.0543E-04  1.7660E-03  1.7922E-03   80.188
    11    1    0.0000    0.1591    0.0000   0.01515  1.5458E-04  8.7139E-04  8.8500E-04   79.940
    12    2   -0.0066   -0.0038    0.0000   0.01515 -4.5255E-04 -3.3109E-03  3.3417E-03  -97.783
    13    2   -0.0197   -0.0114    0.0000   0.01515 -4.4562E-04 -3.1137E-03  3.1455E-03  -98.145
    14    2   -0.0328   -0.0189    0.0000   0.01515 -4.3212E-04 -2.8906E-03  2.9227E-03  -98.502
    15    2   -0.0459   -0.0265    0.0000   0.01515 -4.1208E-04 -2.6514E-03  2.6832E-03  -98.834
    16    2   -0.0590   -0.0341    0.0000   0.01515 -3.8552E-04 -2.3947E-03  2.4256E-03  -99.145
    17    2   -0.0722   -0.0417    0.0000   0.01515 -3.5245E-04 -2.1199E-03  2.1490E-03  -99.439
    18    2   -0.0853   -0.0492    0.0000   0.01515 -3.1289E-04 -1.8266E-03  1.8532E-03  -99.720
    19    2   -0.0984   -0.0568    0.0000   0.01515 -2.6671E-04 -1.5142E-03  1.5375E-03  -99.989
    20    2   -0.1115   -0.0644    0.0000   0.01515 -2.1354E-04 -1.1808E-03  1.2000E-03 -100.251
    21    2   -0.1247   -0.0720    0.0000   0.01515 -1.5263E-04 -8.2288E-04  8.3691E-04 -100.508
    22    2   -0.1378   -0.0795    0.0000   0.01515 -7.7244E-05 -4.0644E-04  4.1372E-04 -100.761
    23    3    0.0066   -0.0038    0.0000   0.01515 -4.5255E-04 -3.3109E-03  3.3417E-03  -97.783
    24    3    0.0197   -0.0114    0.0000   0.01515 -4.4562E-04 -3.1137E-03  3.1455E-03  -98.145
    25    3    0.0328   -0.0189    0.0000   0.01515 -4.3212E-04 -2.8906E-03  2.9227E-03  -98.502
    26    3    0.0459   -0.0265    0.0000   0.01515 -4.1208E-04 -2.6514E-03  2.6832E-03  -98.834
    27    3    0.0590   -0.0341    0.0000   0.01515 -3.8552E-04 -2.3947E-03  2.4256E-03  -99.145
    28    3    0.0722   -0.0417    0.0000   0.01515 -3.5245E-04 -2.1199E-03  2.1490E-03  -99.439
    29    3    0.0853   -0.0492    0.0000   0.01515 -3.1289E-04 -1.8266E-03  1.8532E-03  -99.720
    30    3    0.0984   -0.0568    0.0000   0.01515 -2.6671E-04 -1.5142E-03  1.5375E-03  -99.989
    31    3    0.1115   -0.0644    0.0000   0.01515 -2.1354E-04 -1.1808E-03  1.2000E-03 -100.251
    32    3    0.1247   -0.0720    0.0000   0.01515 -1.5263E-04 -8.2288E-04  8.3691E-04 -100.508
    33    3    0.1378   -0.0795    0.0000   0.01515 -7.7244E-05 -4.0644E-04  4.1372E-04 -100.761


                               ---------- POWER BUDGET ---------
                               INPUT POWER   =  4.4565E-04 Watts
                               RADIATED POWER=  4.4565E-04 Watts
                               STRUCTURE LOSS=  0.0000E+00 Watts
                               NETWORK LOSS  =  0.0000E+00 Watts
                               EFFICIENCY    =  100.00 Percent



  DATA CARD No:   4 EN   0     0     0     0  0.00000E+00  0.00000E+00  0.00000E+00  0.00000E+00  0.00000E+00  0.00000E+00

  TOTAL RUN TIME: 0 msec