


                               __________________________________________
                              |                                          |
                              |  NUMERICAL ELECTROMAGNETICS CODE (nec2c) |
                              |   Translated to 'C' in Double Precision  |
                              |__________________________________________|



                               ---------------- COMMENTS ----------------
                               momwire#272 coaxial-rule measurement
                               k3 Delta/a rung
                              



                               -------- STRUCTURE SPECIFICATION --------
                                     COORDINATES MUST BE INPUT IN
                                     METERS OR BE SCALED TO METERS
                                     BEFORE STRUCTURE INPUT IS ENDED

  WIRE                                                                                 SEG FIRST  LAST  TAG
   No:        X1         Y1         Z1         X2         Y2         Z2       RADIUS   No:   SEG   SEG  No:
     1     0.00000    0.00000    0.00000    0.00000    0.16667    0.00000    0.00379    11     1    11    1
     2     0.00000    0.00000    0.00000   -0.14434   -0.08333    0.00000    0.00379    11    12    22    2
     3     0.00000    0.00000    0.00000    0.14434   -0.08333    0.00000    0.00379    11    23    33    3

     TOTAL SEGMENTS USED: 33   SEGMENTS IN A SYMMETRIC CELL: 33   SYMMETRY FLAG: 0

    ---------- MULTIPLE WIRE JUNCTIONS ----------
    JUNCTION  SEGMENTS (- FOR END 1, + FOR END 2)
       1         -1  -12  -23


                               ---------- SEGMENTATION DATA ----------
                                        COORDINATES IN METERS
                            I+ AND I- INDICATE THE SEGMENTS BEFORE AND AFTER I

   SEG    COORDINATES OF SEGM CENTER     SEGM    ORIENTATION ANGLES    WIRE    CONNECTION DATA   TAG
   No:       X         Y         Z      LENGTH     ALPHA      BETA    RADIUS    I-     I    I+   No:
     1    0.0000    0.0076    0.0000    0.0152    0.0000   90.0000    0.0038   -12     1     2     1
     2    0.0000    0.0227    0.0000    0.0152    0.0000   90.0000    0.0038     1     2     3     1
     3    0.0000    0.0379    0.0000    0.0152    0.0000   90.0000    0.0038     2     3     4     1
     4    0.0000    0.0530    0.0000    0.0152    0.0000   90.0000    0.0038     3     4     5     1
     5    0.0000    0.0682    0.0000    0.0152    0.0000   90.0000    0.0038     4     5     6     1
     6    0.0000    0.0833    0.0000    0.0152    0.0000   90.0000    0.0038     5     6     7     1
     7    0.0000    0.0985    0.0000    0.0152    0.0000   90.0000    0.0038     6     7     8     1
     8    0.0000    0.1136    0.0000    0.0152    0.0000   90.0000    0.0038     7     8     9     1
     9    0.0000    0.1288    0.0000    0.0152    0.0000   90.0000    0.0038     8     9    10     1
    10    0.0000    0.1439    0.0000    0.0152    0.0000   90.0000    0.0038     9    10    11     1
    11    0.0000    0.1591    0.0000    0.0152    0.0000   90.0000    0.0038    10    11     0     1
    12   -0.0066   -0.0038    0.0000    0.0152    0.0000 -150.0002    0.0038   -23    12    13     2
    13   -0.0197   -0.0114    0.0000    0.0152    0.0000 -150.0002    0.0038    12    13    14     2
    14   -0.0328   -0.0189    0.0000    0.0152    0.0000 -150.0002    0.0038    13    14    15     2
    15   -0.0459   -0.0265    0.0000    0.0152    0.0000 -150.0002    0.0038    14    15    16     2
    16   -0.0590   -0.0341    0.0000    0.0152    0.0000 -150.0002    0.0038    15    16    17     2
    17   -0.0722   -0.0417    0.0000    0.0152    0.0000 -150.0002    0.0038    16    17    18     2
    18   -0.0853   -0.0492    0.0000    0.0152    0.0000 -150.0002    0.0038    17    18    19     2
    19   -0.0984   -0.0568    0.0000    0.0152    0.0000 -150.0002    0.0038    18    19    20     2
    20   -0.1115   -0.0644    0.0000    0.0152    0.0000 -150.0002    0.0038    19    20    21     2
    21   -0.1247   -0.0720    0.0000    0.0152    0.0000 -150.0002    0.0038    20    21    22     2
    22   -0.1378   -0.0795    0.0000    0.0152    0.0000 -150.0002    0.0038    21    22     0     2
    23    0.0066   -0.0038    0.0000    0.0152    0.0000  -29.9998    0.0038    -1    23    24     3
    24    0.0197   -0.0114    0.0000    0.0152    0.0000  -29.9998    0.0038    23    24    25     3
    25    0.0328   -0.0189    0.0000    0.0152    0.0000  -29.9998    0.0038    24    25    26     3
    26    0.0459   -0.0265    0.0000    0.0152    0.0000  -29.9998    0.0038    25    26    27     3
    27    0.0590   -0.0341    0.0000    0.0152    0.0000  -29.9998    0.0038    26    27    28     3
    28    0.0722   -0.0417    0.0000    0.0152    0.0000  -29.9998    0.0038    27    28    29     3
    29    0.0853   -0.0492    0.0000    0.0152    0.0000  -29.9998    0.0038    28    29    30     3
    30    0.0984   -0.0568    0.0000    0.0152    0.0000  -29.9998    0.0038    29    30    31     3
    31    0.1115   -0.0644    0.0000    0.0152    0.0000  -29.9998    0.0038    30    31    32     3
    32    0.1247   -0.0720    0.0000    0.0152    0.0000  -29.9998    0.0038    31    32    33     3
    33    0.1378   -0.0795    0.0000    0.0152    0.0000  -29.9998    0.0038    32    33     0     3



  DATA CARD No:   1 EK   0     0     0     0  0.00000E+00  0.00000E+00  0.00000E+00  0.00000E+00  0.00000E+00  0.00000E+00
  DATA CARD No:   2 EX   0     1     2     0  1.00000E+00  0.00000E+00  0.00000E+00  0.00000E+00  0.00000E+00  0.00000E+00
  DATA CARD No:   3 FR   0     1     0     0  2.99792E+02  0.00000E+00  0.00000E+00  0.00000E+00  0.00000E+00  0.00000E+00
  DATA CARD No:   4 XQ   0     0     0     0  0.00000E+00  0.00000E+00  0.00000E+00  0.00000E+00  0.00000E+00  0.00000E+00


                               --------- FREQUENCY --------
                                FREQUENCY : 2.9979E+02 MHz
                                WAVELENGTH: 1.0000E+00 Mtr

                        APPROXIMATE INTEGRATION EMPLOYED FOR SEGMENTS 
                        THAT ARE MORE THAN 1.000 WAVELENGTHS APART
                        THE EXTENDED THIN WIRE KERNEL WILL BE USED


                          ------ STRUCTURE IMPEDANCE LOADING ------
                                 THIS STRUCTURE IS NOT LOADED


                            -------- ANTENNA ENVIRONMENT --------
                            FREE SPACE


                             ---------- MATRIX TIMING ----------
                               FILL: 0 msec  FACTOR: 0 msec


                        --------- ANTENNA INPUT PARAMETERS ---------
  TAG   SEG       VOLTAGE (VOLTS)         CURRENT (AMPS)         IMPEDANCE (OHMS)        ADMITTANCE (MHOS)     POWER
  No:   No:     REAL      IMAGINARY     REAL      IMAGINARY     REAL      IMAGINARY    REAL       IMAGINARY   (WATTS)
    1     2  1.0000E+00  0.0000E+00  8.7232E-04  7.0402E-03  1.7334E+01 -1.3989E+02  8.7232E-04  7.0402E-03  4.3616E-04


                           -------- CURRENTS AND LOCATION --------
                                  DISTANCES IN WAVELENGTHS

   SEG  TAG    COORDINATES OF SEGM CENTER     SEGM    ------------- CURRENT (AMPS) -------------
   No:  No:       X         Y         Z      LENGTH     REAL      IMAGINARY    MAGN        PHASE
     1    1    0.0000    0.0076    0.0000   0.01515  8.8589E-04  6.7703E-03  6.8280E-03   82.545
     2    1    0.0000    0.0227    0.0000   0.01515  8.7232E-04  7.0402E-03  7.0940E-03   82.937
     3    1    0.0000    0.0379    0.0000   0.01515  8.4578E-04  6.3609E-03  6.4169E-03   82.426
     4    1    0.0000    0.0530    0.0000   0.01515  8.0638E-04  5.7403E-03  5.7967E-03   82.004
     5    1    0.0000    0.0682    0.0000   0.01515  7.5414E-04  5.1480E-03  5.2029E-03   81.666
     6    1    0.0000    0.0833    0.0000   0.01515  6.8911E-04  4.5350E-03  4.5871E-03   81.360
     7    1    0.0000    0.0985    0.0000   0.01515  6.1125E-04  3.8926E-03  3.9403E-03   81.076
     8    1    0.0000    0.1136    0.0000   0.01515  5.2034E-04  3.2153E-03  3.2571E-03   80.807
     9    1    0.0000    0.1288    0.0000   0.01515  4.1565E-04  2.4971E-03  2.5315E-03   80.550
    10    1    0.0000    0.1439    0.0000   0.01515  2.9538E-04  1.7277E-03  1.7528E-03   80.298
    11    1    0.0000    0.1591    0.0000   0.01515  1.4554E-04  8.3009E-04  8.4275E-04   80.055
    12    2   -0.0066   -0.0038    0.0000   0.01515 -4.4294E-04 -3.2866E-03  3.3164E-03  -97.676
    13    2   -0.0197   -0.0114    0.0000   0.01515 -4.3615E-04 -3.0914E-03  3.1220E-03  -98.031
    14    2   -0.0328   -0.0189    0.0000   0.01515 -4.2288E-04 -2.8687E-03  2.8997E-03  -98.386
    15    2   -0.0459   -0.0265    0.0000   0.01515 -4.0317E-04 -2.6299E-03  2.6606E-03  -98.716
    16    2   -0.0590   -0.0341    0.0000   0.01515 -3.7705E-04 -2.3738E-03  2.4036E-03  -99.025
    17    2   -0.0722   -0.0417    0.0000   0.01515 -3.4453E-04 -2.0998E-03  2.1279E-03  -99.318
    18    2   -0.0853   -0.0492    0.0000   0.01515 -3.0560E-04 -1.8074E-03  1.8331E-03  -99.597
    19    2   -0.0984   -0.0568    0.0000   0.01515 -2.6015E-04 -1.4960E-03  1.5185E-03  -99.865
    20    2   -0.1115   -0.0644    0.0000   0.01515 -2.0780E-04 -1.1637E-03  1.1821E-03 -100.125
    21    2   -0.1247   -0.0720    0.0000   0.01515 -1.4767E-04 -8.0614E-04  8.1955E-04 -100.381
    22    2   -0.1378   -0.0795    0.0000   0.01515 -7.2761E-05 -3.8770E-04  3.9447E-04 -100.629
    23    3    0.0066   -0.0038    0.0000   0.01515 -4.4294E-04 -3.2866E-03  3.3164E-03  -97.676
    24    3    0.0197   -0.0114    0.0000   0.01515 -4.3615E-04 -3.0914E-03  3.1220E-03  -98.031
    25    3    0.0328   -0.0189    0.0000   0.01515 -4.2288E-04 -2.8687E-03  2.8997E-03  -98.386
    26    3    0.0459   -0.0265    0.0000   0.01515 -4.0317E-04 -2.6299E-03  2.6606E-03  -98.716
    27    3    0.0590   -0.0341    0.0000   0.01515 -3.7705E-04 -2.3738E-03  2.4036E-03  -99.025
    28    3    0.0722   -0.0417    0.0000   0.01515 -3.4453E-04 -2.0998E-03  2.1279E-03  -99.318
    29    3    0.0853   -0.0492    0.0000   0.01515 -3.0560E-04 -1.8074E-03  1.8331E-03  -99.597
    30    3    0.0984   -0.0568    0.0000   0.01515 -2.6015E-04 -1.4960E-03  1.5185E-03  -99.865
    31    3    0.1115   -0.0644    0.0000   0.01515 -2.0780E-04 -1.1637E-03  1.1821E-03 -100.125
    32    3    0.1247   -0.0720    0.0000   0.01515 -1.4767E-04 -8.0614E-04  8.1955E-04 -100.381
    33    3    0.1378   -0.0795    0.0000   0.01515 -7.2761E-05 -3.8770E-04  3.9447E-04 -100.629


                               ---------- POWER BUDGET ---------
                               INPUT POWER   =  4.3616E-04 Watts
                               RADIATED POWER=  4.3616E-04 Watts
                               STRUCTURE LOSS=  0.0000E+00 Watts
                               NETWORK LOSS  =  0.0000E+00 Watts
                               EFFICIENCY    =  100.00 Percent



  DATA CARD No:   5 EN   0     0     0     0  0.00000E+00  0.00000E+00  0.00000E+00  0.00000E+00  0.00000E+00  0.00000E+00

  TOTAL RUN TIME: 0 msec