


                               __________________________________________
                              |                                          |
                              |  NUMERICAL ELECTROMAGNETICS CODE (nec2c) |
                              |   Translated to 'C' in Double Precision  |
                              |__________________________________________|



                               ---------------- COMMENTS ----------------
                               momwire#272 coaxial-rule measurement
                               k3 Delta/a rung
                              



                               -------- STRUCTURE SPECIFICATION --------
                                     COORDINATES MUST BE INPUT IN
                                     METERS OR BE SCALED TO METERS
                                     BEFORE STRUCTURE INPUT IS ENDED

  WIRE                                                                                 SEG FIRST  LAST  TAG
   No:        X1         Y1         Z1         X2         Y2         Z2       RADIUS   No:   SEG   SEG  No:
     1     0.00000    0.00000    0.00000    0.00000    0.16667    0.00000    0.00061    11     1    11    1
     2     0.00000    0.00000    0.00000   -0.14434   -0.08333    0.00000    0.00061    11    12    22    2
     3     0.00000    0.00000    0.00000    0.14434   -0.08333    0.00000    0.00061    11    23    33    3

     TOTAL SEGMENTS USED: 33   SEGMENTS IN A SYMMETRIC CELL: 33   SYMMETRY FLAG: 0

    ---------- MULTIPLE WIRE JUNCTIONS ----------
    JUNCTION  SEGMENTS (- FOR END 1, + FOR END 2)
       1         -1  -12  -23


                               ---------- SEGMENTATION DATA ----------
                                        COORDINATES IN METERS
                            I+ AND I- INDICATE THE SEGMENTS BEFORE AND AFTER I

   SEG    COORDINATES OF SEGM CENTER     SEGM    ORIENTATION ANGLES    WIRE    CONNECTION DATA   TAG
   No:       X         Y         Z      LENGTH     ALPHA      BETA    RADIUS    I-     I    I+   No:
     1    0.0000    0.0076    0.0000    0.0152    0.0000   90.0000    0.0006   -12     1     2     1
     2    0.0000    0.0227    0.0000    0.0152    0.0000   90.0000    0.0006     1     2     3     1
     3    0.0000    0.0379    0.0000    0.0152    0.0000   90.0000    0.0006     2     3     4     1
     4    0.0000    0.0530    0.0000    0.0152    0.0000   90.0000    0.0006     3     4     5     1
     5    0.0000    0.0682    0.0000    0.0152    0.0000   90.0000    0.0006     4     5     6     1
     6    0.0000    0.0833    0.0000    0.0152    0.0000   90.0000    0.0006     5     6     7     1
     7    0.0000    0.0985    0.0000    0.0152    0.0000   90.0000    0.0006     6     7     8     1
     8    0.0000    0.1136    0.0000    0.0152    0.0000   90.0000    0.0006     7     8     9     1
     9    0.0000    0.1288    0.0000    0.0152    0.0000   90.0000    0.0006     8     9    10     1
    10    0.0000    0.1439    0.0000    0.0152    0.0000   90.0000    0.0006     9    10    11     1
    11    0.0000    0.1591    0.0000    0.0152    0.0000   90.0000    0.0006    10    11     0     1
    12   -0.0066   -0.0038    0.0000    0.0152    0.0000 -150.0002    0.0006   -23    12    13     2
    13   -0.0197   -0.0114    0.0000    0.0152    0.0000 -150.0002    0.0006    12    13    14     2
    14   -0.0328   -0.0189    0.0000    0.0152    0.0000 -150.0002    0.0006    13    14    15     2
    15   -0.0459   -0.0265    0.0000    0.0152    0.0000 -150.0002    0.0006    14    15    16     2
    16   -0.0590   -0.0341    0.0000    0.0152    0.0000 -150.0002    0.0006    15    16    17     2
    17   -0.0722   -0.0417    0.0000    0.0152    0.0000 -150.0002    0.0006    16    17    18     2
    18   -0.0853   -0.0492    0.0000    0.0152    0.0000 -150.0002    0.0006    17    18    19     2
    19   -0.0984   -0.0568    0.0000    0.0152    0.0000 -150.0002    0.0006    18    19    20     2
    20   -0.1115   -0.0644    0.0000    0.0152    0.0000 -150.0002    0.0006    19    20    21     2
    21   -0.1247   -0.0720    0.0000    0.0152    0.0000 -150.0002    0.0006    20    21    22     2
    22   -0.1378   -0.0795    0.0000    0.0152    0.0000 -150.0002    0.0006    21    22     0     2
    23    0.0066   -0.0038    0.0000    0.0152    0.0000  -29.9998    0.0006    -1    23    24     3
    24    0.0197   -0.0114    0.0000    0.0152    0.0000  -29.9998    0.0006    23    24    25     3
    25    0.0328   -0.0189    0.0000    0.0152    0.0000  -29.9998    0.0006    24    25    26     3
    26    0.0459   -0.0265    0.0000    0.0152    0.0000  -29.9998    0.0006    25    26    27     3
    27    0.0590   -0.0341    0.0000    0.0152    0.0000  -29.9998    0.0006    26    27    28     3
    28    0.0722   -0.0417    0.0000    0.0152    0.0000  -29.9998    0.0006    27    28    29     3
    29    0.0853   -0.0492    0.0000    0.0152    0.0000  -29.9998    0.0006    28    29    30     3
    30    0.0984   -0.0568    0.0000    0.0152    0.0000  -29.9998    0.0006    29    30    31     3
    31    0.1115   -0.0644    0.0000    0.0152    0.0000  -29.9998    0.0006    30    31    32     3
    32    0.1247   -0.0720    0.0000    0.0152    0.0000  -29.9998    0.0006    31    32    33     3
    33    0.1378   -0.0795    0.0000    0.0152    0.0000  -29.9998    0.0006    32    33     0     3



  DATA CARD No:   1 EK   0     0     0     0  0.00000E+00  0.00000E+00  0.00000E+00  0.00000E+00  0.00000E+00  0.00000E+00
  DATA CARD No:   2 EX   0     1     2     0  1.00000E+00  0.00000E+00  0.00000E+00  0.00000E+00  0.00000E+00  0.00000E+00
  DATA CARD No:   3 FR   0     1     0     0  2.99792E+02  0.00000E+00  0.00000E+00  0.00000E+00  0.00000E+00  0.00000E+00
  DATA CARD No:   4 XQ   0     0     0     0  0.00000E+00  0.00000E+00  0.00000E+00  0.00000E+00  0.00000E+00  0.00000E+00


                               --------- FREQUENCY --------
                                FREQUENCY : 2.9979E+02 MHz
                                WAVELENGTH: 1.0000E+00 Mtr

                        APPROXIMATE INTEGRATION EMPLOYED FOR SEGMENTS 
                        THAT ARE MORE THAN 1.000 WAVELENGTHS APART
                        THE EXTENDED THIN WIRE KERNEL WILL BE USED


                          ------ STRUCTURE IMPEDANCE LOADING ------
                                 THIS STRUCTURE IS NOT LOADED


                            -------- ANTENNA ENVIRONMENT --------
                            FREE SPACE


                             ---------- MATRIX TIMING ----------
                               FILL: 0 msec  FACTOR: 0 msec


                        --------- ANTENNA INPUT PARAMETERS ---------
  TAG   SEG       VOLTAGE (VOLTS)         CURRENT (AMPS)         IMPEDANCE (OHMS)        ADMITTANCE (MHOS)     POWER
  No:   No:     REAL      IMAGINARY     REAL      IMAGINARY     REAL      IMAGINARY    REAL       IMAGINARY   (WATTS)
    1     2  1.0000E+00  0.0000E+00  2.7674E-04  4.0268E-03  1.6986E+01 -2.4717E+02  2.7674E-04  4.0268E-03  1.3837E-04


                           -------- CURRENTS AND LOCATION --------
                                  DISTANCES IN WAVELENGTHS

   SEG  TAG    COORDINATES OF SEGM CENTER     SEGM    ------------- CURRENT (AMPS) -------------
   No:  No:       X         Y         Z      LENGTH     REAL      IMAGINARY    MAGN        PHASE
     1    1    0.0000    0.0076    0.0000   0.01515  2.8136E-04  3.9489E-03  3.9589E-03   85.925
     2    1    0.0000    0.0227    0.0000   0.01515  2.7674E-04  4.0268E-03  4.0363E-03   86.069
     3    1    0.0000    0.0379    0.0000   0.01515  2.6758E-04  3.7036E-03  3.7132E-03   85.868
     4    1    0.0000    0.0530    0.0000   0.01515  2.5394E-04  3.3432E-03  3.3529E-03   85.656
     5    1    0.0000    0.0682    0.0000   0.01515  2.3588E-04  2.9785E-03  2.9878E-03   85.472
     6    1    0.0000    0.0833    0.0000   0.01515  2.1344E-04  2.5969E-03  2.6057E-03   85.301
     7    1    0.0000    0.0985    0.0000   0.01515  1.8671E-04  2.1960E-03  2.2039E-03   85.140
     8    1    0.0000    0.1136    0.0000   0.01515  1.5568E-04  1.7746E-03  1.7814E-03   84.986
     9    1    0.0000    0.1288    0.0000   0.01515  1.2030E-04  1.3316E-03  1.3370E-03   84.838
    10    1    0.0000    0.1439    0.0000   0.01515  8.0153E-05  8.6292E-04  8.6663E-04   84.693
    11    1    0.0000    0.1591    0.0000   0.01515  3.2386E-05  3.3969E-04  3.4123E-04   84.554
    12    2   -0.0066   -0.0038    0.0000   0.01515 -1.4068E-04 -1.9032E-03  1.9084E-03  -94.227
    13    2   -0.0197   -0.0114    0.0000   0.01515 -1.3836E-04 -1.7850E-03  1.7904E-03  -94.432
    14    2   -0.0328   -0.0189    0.0000   0.01515 -1.3377E-04 -1.6508E-03  1.6562E-03  -94.633
    15    2   -0.0459   -0.0265    0.0000   0.01515 -1.2694E-04 -1.5046E-03  1.5100E-03  -94.822
    16    2   -0.0590   -0.0341    0.0000   0.01515 -1.1790E-04 -1.3469E-03  1.3521E-03  -95.003
    17    2   -0.0722   -0.0417    0.0000   0.01515 -1.0668E-04 -1.1780E-03  1.1828E-03  -95.175
    18    2   -0.0853   -0.0492    0.0000   0.01515 -9.3311E-05 -9.9827E-04  1.0026E-03  -95.340
    19    2   -0.0984   -0.0568    0.0000   0.01515 -7.7801E-05 -8.0803E-04  8.1177E-04  -95.500
    20    2   -0.1115   -0.0644    0.0000   0.01515 -6.0112E-05 -6.0707E-04  6.1004E-04  -95.655
    21    2   -0.1247   -0.0720    0.0000   0.01515 -4.0049E-05 -3.9380E-04  3.9583E-04  -95.807
    22    2   -0.1378   -0.0795    0.0000   0.01515 -1.6181E-05 -1.5515E-04  1.5599E-04  -95.954
    23    3    0.0066   -0.0038    0.0000   0.01515 -1.4068E-04 -1.9032E-03  1.9084E-03  -94.227
    24    3    0.0197   -0.0114    0.0000   0.01515 -1.3836E-04 -1.7850E-03  1.7904E-03  -94.432
    25    3    0.0328   -0.0189    0.0000   0.01515 -1.3377E-04 -1.6508E-03  1.6562E-03  -94.633
    26    3    0.0459   -0.0265    0.0000   0.01515 -1.2694E-04 -1.5046E-03  1.5100E-03  -94.822
    27    3    0.0590   -0.0341    0.0000   0.01515 -1.1790E-04 -1.3469E-03  1.3521E-03  -95.003
    28    3    0.0722   -0.0417    0.0000   0.01515 -1.0668E-04 -1.1780E-03  1.1828E-03  -95.175
    29    3    0.0853   -0.0492    0.0000   0.01515 -9.3311E-05 -9.9827E-04  1.0026E-03  -95.340
    30    3    0.0984   -0.0568    0.0000   0.01515 -7.7801E-05 -8.0803E-04  8.1177E-04  -95.500
    31    3    0.1115   -0.0644    0.0000   0.01515 -6.0112E-05 -6.0707E-04  6.1004E-04  -95.655
    32    3    0.1247   -0.0720    0.0000   0.01515 -4.0049E-05 -3.9380E-04  3.9583E-04  -95.807
    33    3    0.1378   -0.0795    0.0000   0.01515 -1.6181E-05 -1.5515E-04  1.5599E-04  -95.954


                               ---------- POWER BUDGET ---------
                               INPUT POWER   =  1.3837E-04 Watts
                               RADIATED POWER=  1.3837E-04 Watts
                               STRUCTURE LOSS=  0.0000E+00 Watts
                               NETWORK LOSS  =  0.0000E+00 Watts
                               EFFICIENCY    =  100.00 Percent



  DATA CARD No:   5 EN   0     0     0     0  0.00000E+00  0.00000E+00  0.00000E+00  0.00000E+00  0.00000E+00  0.00000E+00

  TOTAL RUN TIME: 0 msec