


                               __________________________________________
                              |                                          |
                              |  NUMERICAL ELECTROMAGNETICS CODE (nec2c) |
                              |   Translated to 'C' in Double Precision  |
                              |__________________________________________|



                               ---------------- COMMENTS ----------------
                               momwire#272 coaxial-rule measurement
                               k3 Delta/a rung
                              



                               -------- STRUCTURE SPECIFICATION --------
                                     COORDINATES MUST BE INPUT IN
                                     METERS OR BE SCALED TO METERS
                                     BEFORE STRUCTURE INPUT IS ENDED

  WIRE                                                                                 SEG FIRST  LAST  TAG
   No:        X1         Y1         Z1         X2         Y2         Z2       RADIUS   No:   SEG   SEG  No:
     1     0.00000    0.00000    0.00000    0.00000    0.16667    0.00000    0.00505    11     1    11    1
     2     0.00000    0.00000    0.00000   -0.14434   -0.08333    0.00000    0.00505    11    12    22    2
     3     0.00000    0.00000    0.00000    0.14434   -0.08333    0.00000    0.00505    11    23    33    3

     TOTAL SEGMENTS USED: 33   SEGMENTS IN A SYMMETRIC CELL: 33   SYMMETRY FLAG: 0

    ---------- MULTIPLE WIRE JUNCTIONS ----------
    JUNCTION  SEGMENTS (- FOR END 1, + FOR END 2)
       1         -1  -12  -23


                               ---------- SEGMENTATION DATA ----------
                                        COORDINATES IN METERS
                            I+ AND I- INDICATE THE SEGMENTS BEFORE AND AFTER I

   SEG    COORDINATES OF SEGM CENTER     SEGM    ORIENTATION ANGLES    WIRE    CONNECTION DATA   TAG
   No:       X         Y         Z      LENGTH     ALPHA      BETA    RADIUS    I-     I    I+   No:
     1    0.0000    0.0076    0.0000    0.0152    0.0000   90.0000    0.0051   -12     1     2     1
     2    0.0000    0.0227    0.0000    0.0152    0.0000   90.0000    0.0051     1     2     3     1
     3    0.0000    0.0379    0.0000    0.0152    0.0000   90.0000    0.0051     2     3     4     1
     4    0.0000    0.0530    0.0000    0.0152    0.0000   90.0000    0.0051     3     4     5     1
     5    0.0000    0.0682    0.0000    0.0152    0.0000   90.0000    0.0051     4     5     6     1
     6    0.0000    0.0833    0.0000    0.0152    0.0000   90.0000    0.0051     5     6     7     1
     7    0.0000    0.0985    0.0000    0.0152    0.0000   90.0000    0.0051     6     7     8     1
     8    0.0000    0.1136    0.0000    0.0152    0.0000   90.0000    0.0051     7     8     9     1
     9    0.0000    0.1288    0.0000    0.0152    0.0000   90.0000    0.0051     8     9    10     1
    10    0.0000    0.1439    0.0000    0.0152    0.0000   90.0000    0.0051     9    10    11     1
    11    0.0000    0.1591    0.0000    0.0152    0.0000   90.0000    0.0051    10    11     0     1
    12   -0.0066   -0.0038    0.0000    0.0152    0.0000 -150.0002    0.0051   -23    12    13     2
    13   -0.0197   -0.0114    0.0000    0.0152    0.0000 -150.0002    0.0051    12    13    14     2
    14   -0.0328   -0.0189    0.0000    0.0152    0.0000 -150.0002    0.0051    13    14    15     2
    15   -0.0459   -0.0265    0.0000    0.0152    0.0000 -150.0002    0.0051    14    15    16     2
    16   -0.0590   -0.0341    0.0000    0.0152    0.0000 -150.0002    0.0051    15    16    17     2
    17   -0.0722   -0.0417    0.0000    0.0152    0.0000 -150.0002    0.0051    16    17    18     2
    18   -0.0853   -0.0492    0.0000    0.0152    0.0000 -150.0002    0.0051    17    18    19     2
    19   -0.0984   -0.0568    0.0000    0.0152    0.0000 -150.0002    0.0051    18    19    20     2
    20   -0.1115   -0.0644    0.0000    0.0152    0.0000 -150.0002    0.0051    19    20    21     2
    21   -0.1247   -0.0720    0.0000    0.0152    0.0000 -150.0002    0.0051    20    21    22     2
    22   -0.1378   -0.0795    0.0000    0.0152    0.0000 -150.0002    0.0051    21    22     0     2
    23    0.0066   -0.0038    0.0000    0.0152    0.0000  -29.9998    0.0051    -1    23    24     3
    24    0.0197   -0.0114    0.0000    0.0152    0.0000  -29.9998    0.0051    23    24    25     3
    25    0.0328   -0.0189    0.0000    0.0152    0.0000  -29.9998    0.0051    24    25    26     3
    26    0.0459   -0.0265    0.0000    0.0152    0.0000  -29.9998    0.0051    25    26    27     3
    27    0.0590   -0.0341    0.0000    0.0152    0.0000  -29.9998    0.0051    26    27    28     3
    28    0.0722   -0.0417    0.0000    0.0152    0.0000  -29.9998    0.0051    27    28    29     3
    29    0.0853   -0.0492    0.0000    0.0152    0.0000  -29.9998    0.0051    28    29    30     3
    30    0.0984   -0.0568    0.0000    0.0152    0.0000  -29.9998    0.0051    29    30    31     3
    31    0.1115   -0.0644    0.0000    0.0152    0.0000  -29.9998    0.0051    30    31    32     3
    32    0.1247   -0.0720    0.0000    0.0152    0.0000  -29.9998    0.0051    31    32    33     3
    33    0.1378   -0.0795    0.0000    0.0152    0.0000  -29.9998    0.0051    32    33     0     3



  DATA CARD No:   1 EX   0     1     2     0  1.00000E+00  0.00000E+00  0.00000E+00  0.00000E+00  0.00000E+00  0.00000E+00
  DATA CARD No:   2 FR   0     1     0     0  2.99792E+02  0.00000E+00  0.00000E+00  0.00000E+00  0.00000E+00  0.00000E+00
  DATA CARD No:   3 XQ   0     0     0     0  0.00000E+00  0.00000E+00  0.00000E+00  0.00000E+00  0.00000E+00  0.00000E+00


                               --------- FREQUENCY --------
                                FREQUENCY : 2.9979E+02 MHz
                                WAVELENGTH: 1.0000E+00 Mtr

                        APPROXIMATE INTEGRATION EMPLOYED FOR SEGMENTS 
                        THAT ARE MORE THAN 1.000 WAVELENGTHS APART


                          ------ STRUCTURE IMPEDANCE LOADING ------
                                 THIS STRUCTURE IS NOT LOADED


                            -------- ANTENNA ENVIRONMENT --------
                            FREE SPACE


                             ---------- MATRIX TIMING ----------
                               FILL: 0 msec  FACTOR: 0 msec


                        --------- ANTENNA INPUT PARAMETERS ---------
  TAG   SEG       VOLTAGE (VOLTS)         CURRENT (AMPS)         IMPEDANCE (OHMS)        ADMITTANCE (MHOS)     POWER
  No:   No:     REAL      IMAGINARY     REAL      IMAGINARY     REAL      IMAGINARY    REAL       IMAGINARY   (WATTS)
    1     2  1.0000E+00  0.0000E+00  1.1560E-03  8.0910E-03  1.7305E+01 -1.2112E+02  1.1560E-03  8.0910E-03  5.7800E-04


                           -------- CURRENTS AND LOCATION --------
                                  DISTANCES IN WAVELENGTHS

   SEG  TAG    COORDINATES OF SEGM CENTER     SEGM    ------------- CURRENT (AMPS) -------------
   No:  No:       X         Y         Z      LENGTH     REAL      IMAGINARY    MAGN        PHASE
     1    1    0.0000    0.0076    0.0000   0.01515  1.1736E-03  7.6664E-03  7.7557E-03   81.296
     2    1    0.0000    0.0227    0.0000   0.01515  1.1560E-03  8.0910E-03  8.1731E-03   81.869
     3    1    0.0000    0.0379    0.0000   0.01515  1.1218E-03  7.2108E-03  7.2976E-03   81.157
     4    1    0.0000    0.0530    0.0000   0.01515  1.0712E-03  6.5231E-03  6.6105E-03   80.674
     5    1    0.0000    0.0682    0.0000   0.01515  1.0040E-03  5.8671E-03  5.9524E-03   80.289
     6    1    0.0000    0.0833    0.0000   0.01515  9.2043E-04  5.1884E-03  5.2694E-03   79.940
     7    1    0.0000    0.0985    0.0000   0.01515  8.2025E-04  4.4771E-03  4.5516E-03   79.618
     8    1    0.0000    0.1136    0.0000   0.01515  7.0318E-04  3.7264E-03  3.7921E-03   79.314
     9    1    0.0000    0.1288    0.0000   0.01515  5.6814E-04  2.9289E-03  2.9835E-03   79.022
    10    1    0.0000    0.1439    0.0000   0.01515  4.1306E-04  2.0742E-03  2.1149E-03   78.737
    11    1    0.0000    0.1591    0.0000   0.01515  2.2245E-04  1.0889E-03  1.1114E-03   78.454
    12    2   -0.0066   -0.0038    0.0000   0.01515 -5.8680E-04 -3.7328E-03  3.7787E-03  -98.934
    13    2   -0.0197   -0.0114    0.0000   0.01515 -5.7796E-04 -3.5119E-03  3.5592E-03  -99.345
    14    2   -0.0328   -0.0189    0.0000   0.01515 -5.6086E-04 -3.2636E-03  3.3114E-03  -99.751
    15    2   -0.0459   -0.0265    0.0000   0.01515 -5.3550E-04 -2.9984E-03  3.0459E-03 -100.126
    16    2   -0.0590   -0.0341    0.0000   0.01515 -5.0191E-04 -2.7144E-03  2.7604E-03 -100.476
    17    2   -0.0722   -0.0417    0.0000   0.01515 -4.6009E-04 -2.4105E-03  2.4540E-03 -100.806
    18    2   -0.0853   -0.0492    0.0000   0.01515 -4.0999E-04 -2.0859E-03  2.1258E-03 -101.120
    19    2   -0.0984   -0.0568    0.0000   0.01515 -3.5145E-04 -1.7397E-03  1.7748E-03 -101.421
    20    2   -0.1115   -0.0644    0.0000   0.01515 -2.8394E-04 -1.3695E-03  1.3987E-03 -101.713
    21    2   -0.1247   -0.0720    0.0000   0.01515 -2.0642E-04 -9.7106E-04  9.9276E-04 -102.001
    22    2   -0.1378   -0.0795    0.0000   0.01515 -1.1116E-04 -5.1032E-04  5.2228E-04 -102.288
    23    3    0.0066   -0.0038    0.0000   0.01515 -5.8680E-04 -3.7328E-03  3.7787E-03  -98.934
    24    3    0.0197   -0.0114    0.0000   0.01515 -5.7796E-04 -3.5119E-03  3.5592E-03  -99.345
    25    3    0.0328   -0.0189    0.0000   0.01515 -5.6086E-04 -3.2636E-03  3.3114E-03  -99.751
    26    3    0.0459   -0.0265    0.0000   0.01515 -5.3550E-04 -2.9984E-03  3.0459E-03 -100.126
    27    3    0.0590   -0.0341    0.0000   0.01515 -5.0191E-04 -2.7144E-03  2.7604E-03 -100.476
    28    3    0.0722   -0.0417    0.0000   0.01515 -4.6009E-04 -2.4105E-03  2.4540E-03 -100.806
    29    3    0.0853   -0.0492    0.0000   0.01515 -4.0999E-04 -2.0859E-03  2.1258E-03 -101.120
    30    3    0.0984   -0.0568    0.0000   0.01515 -3.5145E-04 -1.7397E-03  1.7748E-03 -101.421
    31    3    0.1115   -0.0644    0.0000   0.01515 -2.8394E-04 -1.3695E-03  1.3987E-03 -101.713
    32    3    0.1247   -0.0720    0.0000   0.01515 -2.0642E-04 -9.7106E-04  9.9276E-04 -102.001
    33    3    0.1378   -0.0795    0.0000   0.01515 -1.1116E-04 -5.1032E-04  5.2228E-04 -102.288


                               ---------- POWER BUDGET ---------
                               INPUT POWER   =  5.7800E-04 Watts
                               RADIATED POWER=  5.7800E-04 Watts
                               STRUCTURE LOSS=  0.0000E+00 Watts
                               NETWORK LOSS  =  0.0000E+00 Watts
                               EFFICIENCY    =  100.00 Percent



  DATA CARD No:   4 EN   0     0     0     0  0.00000E+00  0.00000E+00  0.00000E+00  0.00000E+00  0.00000E+00  0.00000E+00

  TOTAL RUN TIME: 0 msec