


                               __________________________________________
                              |                                          |
                              |  NUMERICAL ELECTROMAGNETICS CODE (nec2c) |
                              |   Translated to 'C' in Double Precision  |
                              |__________________________________________|



                               ---------------- COMMENTS ----------------
                               momwire#272 coaxial-rule measurement
                               straight Delta/a rung
                              



                               -------- STRUCTURE SPECIFICATION --------
                                     COORDINATES MUST BE INPUT IN
                                     METERS OR BE SCALED TO METERS
                                     BEFORE STRUCTURE INPUT IS ENDED

  WIRE                                                                                 SEG FIRST  LAST  TAG
   No:        X1         Y1         Z1         X2         Y2         Z2       RADIUS   No:   SEG   SEG  No:
     1    -0.25000    0.00000    0.00000    0.00000    0.00000    0.00000    0.01136    11     1    11    1
     2     0.00000    0.00000    0.00000    0.25000    0.00000    0.00000    0.01136    11    12    22    2

     TOTAL SEGMENTS USED: 22   SEGMENTS IN A SYMMETRIC CELL: 22   SYMMETRY FLAG: 0


                               ---------- SEGMENTATION DATA ----------
                                        COORDINATES IN METERS
                            I+ AND I- INDICATE THE SEGMENTS BEFORE AND AFTER I

   SEG    COORDINATES OF SEGM CENTER     SEGM    ORIENTATION ANGLES    WIRE    CONNECTION DATA   TAG
   No:       X         Y         Z      LENGTH     ALPHA      BETA    RADIUS    I-     I    I+   No:
     1   -0.2386    0.0000    0.0000    0.0227    0.0000    0.0000    0.0114     0     1     2     1
     2   -0.2159    0.0000    0.0000    0.0227    0.0000    0.0000    0.0114     1     2     3     1
     3   -0.1932    0.0000    0.0000    0.0227    0.0000    0.0000    0.0114     2     3     4     1
     4   -0.1705    0.0000    0.0000    0.0227    0.0000    0.0000    0.0114     3     4     5     1
     5   -0.1477    0.0000    0.0000    0.0227    0.0000    0.0000    0.0114     4     5     6     1
     6   -0.1250    0.0000    0.0000    0.0227    0.0000    0.0000    0.0114     5     6     7     1
     7   -0.1023    0.0000    0.0000    0.0227    0.0000    0.0000    0.0114     6     7     8     1
     8   -0.0795    0.0000    0.0000    0.0227    0.0000    0.0000    0.0114     7     8     9     1
     9   -0.0568    0.0000    0.0000    0.0227    0.0000    0.0000    0.0114     8     9    10     1
    10   -0.0341    0.0000    0.0000    0.0227    0.0000    0.0000    0.0114     9    10    11     1
    11   -0.0114    0.0000    0.0000    0.0227    0.0000    0.0000    0.0114    10    11    12     1
    12    0.0114    0.0000    0.0000    0.0227    0.0000    0.0000    0.0114    11    12    13     2
    13    0.0341    0.0000    0.0000    0.0227    0.0000    0.0000    0.0114    12    13    14     2
    14    0.0568    0.0000    0.0000    0.0227    0.0000    0.0000    0.0114    13    14    15     2
    15    0.0795    0.0000    0.0000    0.0227    0.0000    0.0000    0.0114    14    15    16     2
    16    0.1023    0.0000    0.0000    0.0227    0.0000    0.0000    0.0114    15    16    17     2
    17    0.1250    0.0000    0.0000    0.0227    0.0000    0.0000    0.0114    16    17    18     2
    18    0.1477    0.0000    0.0000    0.0227    0.0000    0.0000    0.0114    17    18    19     2
    19    0.1705    0.0000    0.0000    0.0227    0.0000    0.0000    0.0114    18    19    20     2
    20    0.1932    0.0000    0.0000    0.0227    0.0000    0.0000    0.0114    19    20    21     2
    21    0.2159    0.0000    0.0000    0.0227    0.0000    0.0000    0.0114    20    21    22     2
    22    0.2386    0.0000    0.0000    0.0227    0.0000    0.0000    0.0114    21    22     0     2



  DATA CARD No:   1 EK   0     0     0     0  0.00000E+00  0.00000E+00  0.00000E+00  0.00000E+00  0.00000E+00  0.00000E+00
  DATA CARD No:   2 EX   0     1    10     0  1.00000E+00  0.00000E+00  0.00000E+00  0.00000E+00  0.00000E+00  0.00000E+00
  DATA CARD No:   3 FR   0     1     0     0  2.99792E+02  0.00000E+00  0.00000E+00  0.00000E+00  0.00000E+00  0.00000E+00
  DATA CARD No:   4 XQ   0     0     0     0  0.00000E+00  0.00000E+00  0.00000E+00  0.00000E+00  0.00000E+00  0.00000E+00


                               --------- FREQUENCY --------
                                FREQUENCY : 2.9979E+02 MHz
                                WAVELENGTH: 1.0000E+00 Mtr

                        APPROXIMATE INTEGRATION EMPLOYED FOR SEGMENTS 
                        THAT ARE MORE THAN 1.000 WAVELENGTHS APART
                        THE EXTENDED THIN WIRE KERNEL WILL BE USED


                          ------ STRUCTURE IMPEDANCE LOADING ------
                                 THIS STRUCTURE IS NOT LOADED


                            -------- ANTENNA ENVIRONMENT --------
                            FREE SPACE


                             ---------- MATRIX TIMING ----------
                               FILL: 0 msec  FACTOR: 0 msec


                        --------- ANTENNA INPUT PARAMETERS ---------
  TAG   SEG       VOLTAGE (VOLTS)         CURRENT (AMPS)         IMPEDANCE (OHMS)        ADMITTANCE (MHOS)     POWER
  No:   No:     REAL      IMAGINARY     REAL      IMAGINARY     REAL      IMAGINARY    REAL       IMAGINARY   (WATTS)
    1    10  1.0000E+00  0.0000E+00  7.8547E-03 -2.6280E-03  1.1450E+02  3.8308E+01  7.8547E-03 -2.6280E-03  3.9274E-03


                           -------- CURRENTS AND LOCATION --------
                                  DISTANCES IN WAVELENGTHS

   SEG  TAG    COORDINATES OF SEGM CENTER     SEGM    ------------- CURRENT (AMPS) -------------
   No:  No:       X         Y         Z      LENGTH     REAL      IMAGINARY    MAGN        PHASE
     1    1   -0.2386    0.0000    0.0000   0.02273  1.3643E-03 -1.0973E-03  1.7508E-03  -38.808
     2    1   -0.2159    0.0000    0.0000   0.02273  2.5909E-03 -2.0097E-03  3.2790E-03  -37.800
     3    1   -0.1932    0.0000    0.0000   0.02273  3.6165E-03 -2.6982E-03  4.5121E-03  -36.725
     4    1   -0.1705    0.0000    0.0000   0.02273  4.5388E-03 -3.2457E-03  5.5799E-03  -35.568
     5    1   -0.1477    0.0000    0.0000   0.02273  5.3642E-03 -3.6569E-03  6.4921E-03  -34.283
     6    1   -0.1250    0.0000    0.0000   0.02273  6.0895E-03 -3.9264E-03  7.2456E-03  -32.813
     7    1   -0.1023    0.0000    0.0000   0.02273  6.7080E-03 -4.0407E-03  7.8310E-03  -31.063
     8    1   -0.0795    0.0000    0.0000   0.02273  7.2126E-03 -3.9782E-03  8.2370E-03  -28.879
     9    1   -0.0568    0.0000    0.0000   0.02273  7.5966E-03 -3.5985E-03  8.4058E-03  -25.347
    10    1   -0.0341    0.0000    0.0000   0.02273  7.8547E-03 -2.6280E-03  8.2827E-03  -18.499
    11    1   -0.0114    0.0000    0.0000   0.02273  7.9833E-03 -3.9878E-03  8.9239E-03  -26.543
    12    2    0.0114    0.0000    0.0000   0.02273  7.9806E-03 -4.7502E-03  9.2873E-03  -30.762
    13    2    0.0341    0.0000    0.0000   0.02273  7.8466E-03 -5.1825E-03  9.4036E-03  -33.444
    14    2    0.0568    0.0000    0.0000   0.02273  7.5835E-03 -5.4193E-03  9.3208E-03  -35.550
    15    2    0.0795    0.0000    0.0000   0.02273  7.1951E-03 -5.4778E-03  9.0430E-03  -37.283
    16    2    0.1023    0.0000    0.0000   0.02273  6.6870E-03 -5.3690E-03  8.5757E-03  -38.761
    17    2    0.1250    0.0000    0.0000   0.02273  6.0660E-03 -5.0999E-03  7.9249E-03  -40.055
    18    2    0.1477    0.0000    0.0000   0.02273  5.3395E-03 -4.6763E-03  7.0978E-03  -41.212
    19    2    0.1705    0.0000    0.0000   0.02273  4.5144E-03 -4.1029E-03  6.1003E-03  -42.266
    20    2    0.1932    0.0000    0.0000   0.02273  3.5942E-03 -3.3803E-03  4.9340E-03  -43.243
    21    2    0.2159    0.0000    0.0000   0.02273  2.5727E-03 -2.4995E-03  3.5870E-03  -44.173
    22    2    0.2386    0.0000    0.0000   0.02273  1.3535E-03 -1.3564E-03  1.9162E-03  -45.061


                               ---------- POWER BUDGET ---------
                               INPUT POWER   =  3.9274E-03 Watts
                               RADIATED POWER=  3.9274E-03 Watts
                               STRUCTURE LOSS=  0.0000E+00 Watts
                               NETWORK LOSS  =  0.0000E+00 Watts
                               EFFICIENCY    =  100.00 Percent



  DATA CARD No:   5 EN   0     0     0     0  0.00000E+00  0.00000E+00  0.00000E+00  0.00000E+00  0.00000E+00  0.00000E+00

  TOTAL RUN TIME: 0 msec