


                               __________________________________________
                              |                                          |
                              |  NUMERICAL ELECTROMAGNETICS CODE (nec2c) |
                              |   Translated to 'C' in Double Precision  |
                              |__________________________________________|



                               ---------------- COMMENTS ----------------
                               momwire#272 coaxial-rule measurement
                               straight Delta/a rung
                              



                               -------- STRUCTURE SPECIFICATION --------
                                     COORDINATES MUST BE INPUT IN
                                     METERS OR BE SCALED TO METERS
                                     BEFORE STRUCTURE INPUT IS ENDED

  WIRE                                                                                 SEG FIRST  LAST  TAG
   No:        X1         Y1         Z1         X2         Y2         Z2       RADIUS   No:   SEG   SEG  No:
     1    -0.25000    0.00000    0.00000    0.00000    0.00000    0.00000    0.00758    11     1    11    1
     2     0.00000    0.00000    0.00000    0.25000    0.00000    0.00000    0.00758    11    12    22    2

     TOTAL SEGMENTS USED: 22   SEGMENTS IN A SYMMETRIC CELL: 22   SYMMETRY FLAG: 0


                               ---------- SEGMENTATION DATA ----------
                                        COORDINATES IN METERS
                            I+ AND I- INDICATE THE SEGMENTS BEFORE AND AFTER I

   SEG    COORDINATES OF SEGM CENTER     SEGM    ORIENTATION ANGLES    WIRE    CONNECTION DATA   TAG
   No:       X         Y         Z      LENGTH     ALPHA      BETA    RADIUS    I-     I    I+   No:
     1   -0.2386    0.0000    0.0000    0.0227    0.0000    0.0000    0.0076     0     1     2     1
     2   -0.2159    0.0000    0.0000    0.0227    0.0000    0.0000    0.0076     1     2     3     1
     3   -0.1932    0.0000    0.0000    0.0227    0.0000    0.0000    0.0076     2     3     4     1
     4   -0.1705    0.0000    0.0000    0.0227    0.0000    0.0000    0.0076     3     4     5     1
     5   -0.1477    0.0000    0.0000    0.0227    0.0000    0.0000    0.0076     4     5     6     1
     6   -0.1250    0.0000    0.0000    0.0227    0.0000    0.0000    0.0076     5     6     7     1
     7   -0.1023    0.0000    0.0000    0.0227    0.0000    0.0000    0.0076     6     7     8     1
     8   -0.0795    0.0000    0.0000    0.0227    0.0000    0.0000    0.0076     7     8     9     1
     9   -0.0568    0.0000    0.0000    0.0227    0.0000    0.0000    0.0076     8     9    10     1
    10   -0.0341    0.0000    0.0000    0.0227    0.0000    0.0000    0.0076     9    10    11     1
    11   -0.0114    0.0000    0.0000    0.0227    0.0000    0.0000    0.0076    10    11    12     1
    12    0.0114    0.0000    0.0000    0.0227    0.0000    0.0000    0.0076    11    12    13     2
    13    0.0341    0.0000    0.0000    0.0227    0.0000    0.0000    0.0076    12    13    14     2
    14    0.0568    0.0000    0.0000    0.0227    0.0000    0.0000    0.0076    13    14    15     2
    15    0.0795    0.0000    0.0000    0.0227    0.0000    0.0000    0.0076    14    15    16     2
    16    0.1023    0.0000    0.0000    0.0227    0.0000    0.0000    0.0076    15    16    17     2
    17    0.1250    0.0000    0.0000    0.0227    0.0000    0.0000    0.0076    16    17    18     2
    18    0.1477    0.0000    0.0000    0.0227    0.0000    0.0000    0.0076    17    18    19     2
    19    0.1705    0.0000    0.0000    0.0227    0.0000    0.0000    0.0076    18    19    20     2
    20    0.1932    0.0000    0.0000    0.0227    0.0000    0.0000    0.0076    19    20    21     2
    21    0.2159    0.0000    0.0000    0.0227    0.0000    0.0000    0.0076    20    21    22     2
    22    0.2386    0.0000    0.0000    0.0227    0.0000    0.0000    0.0076    21    22     0     2



  DATA CARD No:   1 EX   0     1    10     0  1.00000E+00  0.00000E+00  0.00000E+00  0.00000E+00  0.00000E+00  0.00000E+00
  DATA CARD No:   2 FR   0     1     0     0  2.99792E+02  0.00000E+00  0.00000E+00  0.00000E+00  0.00000E+00  0.00000E+00
  DATA CARD No:   3 XQ   0     0     0     0  0.00000E+00  0.00000E+00  0.00000E+00  0.00000E+00  0.00000E+00  0.00000E+00


                               --------- FREQUENCY --------
                                FREQUENCY : 2.9979E+02 MHz
                                WAVELENGTH: 1.0000E+00 Mtr

                        APPROXIMATE INTEGRATION EMPLOYED FOR SEGMENTS 
                        THAT ARE MORE THAN 1.000 WAVELENGTHS APART


                          ------ STRUCTURE IMPEDANCE LOADING ------
                                 THIS STRUCTURE IS NOT LOADED


                            -------- ANTENNA ENVIRONMENT --------
                            FREE SPACE


                             ---------- MATRIX TIMING ----------
                               FILL: 0 msec  FACTOR: 0 msec


                        --------- ANTENNA INPUT PARAMETERS ---------
  TAG   SEG       VOLTAGE (VOLTS)         CURRENT (AMPS)         IMPEDANCE (OHMS)        ADMITTANCE (MHOS)     POWER
  No:   No:     REAL      IMAGINARY     REAL      IMAGINARY     REAL      IMAGINARY    REAL       IMAGINARY   (WATTS)
    1    10  1.0000E+00  0.0000E+00  7.5785E-03 -3.3308E-03  1.1059E+02  4.8605E+01  7.5785E-03 -3.3308E-03  3.7893E-03


                           -------- CURRENTS AND LOCATION --------
                                  DISTANCES IN WAVELENGTHS

   SEG  TAG    COORDINATES OF SEGM CENTER     SEGM    ------------- CURRENT (AMPS) -------------
   No:  No:       X         Y         Z      LENGTH     REAL      IMAGINARY    MAGN        PHASE
     1    1   -0.2386    0.0000    0.0000   0.02273  1.2703E-03 -1.0615E-03  1.6555E-03  -39.885
     2    1   -0.2159    0.0000    0.0000   0.02273  2.4256E-03 -1.9646E-03  3.1214E-03  -39.007
     3    1   -0.1932    0.0000    0.0000   0.02273  3.4175E-03 -2.6781E-03  4.3418E-03  -38.084
     4    1   -0.1705    0.0000    0.0000   0.02273  4.3179E-03 -3.2649E-03  5.4134E-03  -37.094
     5    1   -0.1477    0.0000    0.0000   0.02273  5.1266E-03 -3.7245E-03  6.3367E-03  -35.999
     6    1   -0.1250    0.0000    0.0000   0.02273  5.8389E-03 -4.0514E-03  7.1069E-03  -34.755
     7    1   -0.1023    0.0000    0.0000   0.02273  6.4475E-03 -4.2338E-03  7.7134E-03  -33.291
     8    1   -0.0795    0.0000    0.0000   0.02273  6.9447E-03 -4.2548E-03  8.1444E-03  -31.495
     9    1   -0.0568    0.0000    0.0000   0.02273  7.3235E-03 -4.0324E-03  8.3603E-03  -28.838
    10    1   -0.0341    0.0000    0.0000   0.02273  7.5785E-03 -3.3308E-03  8.2782E-03  -23.726
    11    1   -0.0114    0.0000    0.0000   0.02273  7.7060E-03 -4.4193E-03  8.8833E-03  -29.834
    12    2    0.0114    0.0000    0.0000   0.02273  7.7041E-03 -5.0220E-03  9.1964E-03  -33.099
    13    2    0.0341    0.0000    0.0000   0.02273  7.5727E-03 -5.3683E-03  9.2825E-03  -35.333
    14    2    0.0568    0.0000    0.0000   0.02273  7.3141E-03 -5.5344E-03  9.1720E-03  -37.114
    15    2    0.0795    0.0000    0.0000   0.02273  6.9322E-03 -5.5324E-03  8.8692E-03  -38.592
    16    2    0.1023    0.0000    0.0000   0.02273  6.4325E-03 -5.3713E-03  8.3802E-03  -39.862
    17    2    0.1250    0.0000    0.0000   0.02273  5.8223E-03 -5.0575E-03  7.7121E-03  -40.979
    18    2    0.1477    0.0000    0.0000   0.02273  5.1091E-03 -4.5972E-03  6.8730E-03  -41.981
    19    2    0.1705    0.0000    0.0000   0.02273  4.3008E-03 -3.9959E-03  5.8706E-03  -42.896
    20    2    0.1932    0.0000    0.0000   0.02273  3.4019E-03 -3.2560E-03  4.7090E-03  -43.745
    21    2    0.2159    0.0000    0.0000   0.02273  2.4130E-03 -2.3755E-03  3.3861E-03  -44.552
    22    2    0.2386    0.0000    0.0000   0.02273  1.2629E-03 -1.2776E-03  1.7964E-03  -45.333


                               ---------- POWER BUDGET ---------
                               INPUT POWER   =  3.7893E-03 Watts
                               RADIATED POWER=  3.7893E-03 Watts
                               STRUCTURE LOSS=  0.0000E+00 Watts
                               NETWORK LOSS  =  0.0000E+00 Watts
                               EFFICIENCY    =  100.00 Percent



  DATA CARD No:   4 EN   0     0     0     0  0.00000E+00  0.00000E+00  0.00000E+00  0.00000E+00  0.00000E+00  0.00000E+00

  TOTAL RUN TIME: 0 msec