


                               __________________________________________
                              |                                          |
                              |  NUMERICAL ELECTROMAGNETICS CODE (nec2c) |
                              |   Translated to 'C' in Double Precision  |
                              |__________________________________________|



                               ---------------- COMMENTS ----------------
                               momwire#272 coaxial-rule measurement
                               straight Delta/a rung
                              



                               -------- STRUCTURE SPECIFICATION --------
                                     COORDINATES MUST BE INPUT IN
                                     METERS OR BE SCALED TO METERS
                                     BEFORE STRUCTURE INPUT IS ENDED

  WIRE                                                                                 SEG FIRST  LAST  TAG
   No:        X1         Y1         Z1         X2         Y2         Z2       RADIUS   No:   SEG   SEG  No:
     1    -0.25000    0.00000    0.00000    0.00000    0.00000    0.00000    0.00091    11     1    11    1
     2     0.00000    0.00000    0.00000    0.25000    0.00000    0.00000    0.00091    11    12    22    2

     TOTAL SEGMENTS USED: 22   SEGMENTS IN A SYMMETRIC CELL: 22   SYMMETRY FLAG: 0


                               ---------- SEGMENTATION DATA ----------
                                        COORDINATES IN METERS
                            I+ AND I- INDICATE THE SEGMENTS BEFORE AND AFTER I

   SEG    COORDINATES OF SEGM CENTER     SEGM    ORIENTATION ANGLES    WIRE    CONNECTION DATA   TAG
   No:       X         Y         Z      LENGTH     ALPHA      BETA    RADIUS    I-     I    I+   No:
     1   -0.2386    0.0000    0.0000    0.0227    0.0000    0.0000    0.0009     0     1     2     1
     2   -0.2159    0.0000    0.0000    0.0227    0.0000    0.0000    0.0009     1     2     3     1
     3   -0.1932    0.0000    0.0000    0.0227    0.0000    0.0000    0.0009     2     3     4     1
     4   -0.1705    0.0000    0.0000    0.0227    0.0000    0.0000    0.0009     3     4     5     1
     5   -0.1477    0.0000    0.0000    0.0227    0.0000    0.0000    0.0009     4     5     6     1
     6   -0.1250    0.0000    0.0000    0.0227    0.0000    0.0000    0.0009     5     6     7     1
     7   -0.1023    0.0000    0.0000    0.0227    0.0000    0.0000    0.0009     6     7     8     1
     8   -0.0795    0.0000    0.0000    0.0227    0.0000    0.0000    0.0009     7     8     9     1
     9   -0.0568    0.0000    0.0000    0.0227    0.0000    0.0000    0.0009     8     9    10     1
    10   -0.0341    0.0000    0.0000    0.0227    0.0000    0.0000    0.0009     9    10    11     1
    11   -0.0114    0.0000    0.0000    0.0227    0.0000    0.0000    0.0009    10    11    12     1
    12    0.0114    0.0000    0.0000    0.0227    0.0000    0.0000    0.0009    11    12    13     2
    13    0.0341    0.0000    0.0000    0.0227    0.0000    0.0000    0.0009    12    13    14     2
    14    0.0568    0.0000    0.0000    0.0227    0.0000    0.0000    0.0009    13    14    15     2
    15    0.0795    0.0000    0.0000    0.0227    0.0000    0.0000    0.0009    14    15    16     2
    16    0.1023    0.0000    0.0000    0.0227    0.0000    0.0000    0.0009    15    16    17     2
    17    0.1250    0.0000    0.0000    0.0227    0.0000    0.0000    0.0009    16    17    18     2
    18    0.1477    0.0000    0.0000    0.0227    0.0000    0.0000    0.0009    17    18    19     2
    19    0.1705    0.0000    0.0000    0.0227    0.0000    0.0000    0.0009    18    19    20     2
    20    0.1932    0.0000    0.0000    0.0227    0.0000    0.0000    0.0009    19    20    21     2
    21    0.2159    0.0000    0.0000    0.0227    0.0000    0.0000    0.0009    20    21    22     2
    22    0.2386    0.0000    0.0000    0.0227    0.0000    0.0000    0.0009    21    22     0     2



  DATA CARD No:   1 EX   0     1    10     0  1.00000E+00  0.00000E+00  0.00000E+00  0.00000E+00  0.00000E+00  0.00000E+00
  DATA CARD No:   2 FR   0     1     0     0  2.99792E+02  0.00000E+00  0.00000E+00  0.00000E+00  0.00000E+00  0.00000E+00
  DATA CARD No:   3 XQ   0     0     0     0  0.00000E+00  0.00000E+00  0.00000E+00  0.00000E+00  0.00000E+00  0.00000E+00


                               --------- FREQUENCY --------
                                FREQUENCY : 2.9979E+02 MHz
                                WAVELENGTH: 1.0000E+00 Mtr

                        APPROXIMATE INTEGRATION EMPLOYED FOR SEGMENTS 
                        THAT ARE MORE THAN 1.000 WAVELENGTHS APART


                          ------ STRUCTURE IMPEDANCE LOADING ------
                                 THIS STRUCTURE IS NOT LOADED


                            -------- ANTENNA ENVIRONMENT --------
                            FREE SPACE


                             ---------- MATRIX TIMING ----------
                               FILL: 0 msec  FACTOR: 0 msec


                        --------- ANTENNA INPUT PARAMETERS ---------
  TAG   SEG       VOLTAGE (VOLTS)         CURRENT (AMPS)         IMPEDANCE (OHMS)        ADMITTANCE (MHOS)     POWER
  No:   No:     REAL      IMAGINARY     REAL      IMAGINARY     REAL      IMAGINARY    REAL       IMAGINARY   (WATTS)
    1    10  1.0000E+00  0.0000E+00  8.5903E-03 -4.7826E-03  8.8865E+01  4.9475E+01  8.5903E-03 -4.7826E-03  4.2952E-03


                           -------- CURRENTS AND LOCATION --------
                                  DISTANCES IN WAVELENGTHS

   SEG  TAG    COORDINATES OF SEGM CENTER     SEGM    ------------- CURRENT (AMPS) -------------
   No:  No:       X         Y         Z      LENGTH     REAL      IMAGINARY    MAGN        PHASE
     1    1   -0.2386    0.0000    0.0000   0.02273  8.8295E-04 -6.3012E-04  1.0847E-03  -35.514
     2    1   -0.2159    0.0000    0.0000   0.02273  2.2392E-03 -1.5713E-03  2.7355E-03  -35.058
     3    1   -0.1932    0.0000    0.0000   0.02273  3.4364E-03 -2.3677E-03  4.1731E-03  -34.568
     4    1   -0.1705    0.0000    0.0000   0.02273  4.5348E-03 -3.0638E-03  5.4727E-03  -34.044
     5    1   -0.1477    0.0000    0.0000   0.02273  5.5307E-03 -3.6571E-03  6.6305E-03  -33.474
     6    1   -0.1250    0.0000    0.0000   0.02273  6.4138E-03 -4.1402E-03  7.6340E-03  -32.843
     7    1   -0.1023    0.0000    0.0000   0.02273  7.1720E-03 -4.5038E-03  8.4688E-03  -32.128
     8    1   -0.0795    0.0000    0.0000   0.02273  7.7937E-03 -4.7364E-03  9.1200E-03  -31.288
     9    1   -0.0568    0.0000    0.0000   0.02273  8.2691E-03 -4.8138E-03  9.5682E-03  -30.206
    10    1   -0.0341    0.0000    0.0000   0.02273  8.5903E-03 -4.7826E-03  9.8320E-03  -29.107
    11    1   -0.0114    0.0000    0.0000   0.02273  8.7521E-03 -5.1947E-03  1.0178E-02  -30.691
    12    2    0.0114    0.0000    0.0000   0.02273  8.7516E-03 -5.4914E-03  1.0332E-02  -32.107
    13    2    0.0341    0.0000    0.0000   0.02273  8.5889E-03 -5.6193E-03  1.0264E-02  -33.195
    14    2    0.0568    0.0000    0.0000   0.02273  8.2667E-03 -5.5968E-03  9.9831E-03  -34.099
    15    2    0.0795    0.0000    0.0000   0.02273  7.7905E-03 -5.4299E-03  9.4961E-03  -34.876
    16    2    0.1023    0.0000    0.0000   0.02273  7.1682E-03 -5.1242E-03  8.8114E-03  -35.559
    17    2    0.1250    0.0000    0.0000   0.02273  6.4097E-03 -4.6862E-03  7.9400E-03  -36.171
    18    2    0.1477    0.0000    0.0000   0.02273  5.5265E-03 -4.1234E-03  6.8952E-03  -36.727
    19    2    0.1705    0.0000    0.0000   0.02273  4.5307E-03 -3.4439E-03  5.6910E-03  -37.240
    20    2    0.1932    0.0000    0.0000   0.02273  3.4328E-03 -2.6550E-03  4.3397E-03  -37.718
    21    2    0.2159    0.0000    0.0000   0.02273  2.2366E-03 -1.7582E-03  2.8450E-03  -38.171
    22    2    0.2386    0.0000    0.0000   0.02273  8.8181E-04 -7.0386E-04  1.1283E-03  -38.597


                               ---------- POWER BUDGET ---------
                               INPUT POWER   =  4.2952E-03 Watts
                               RADIATED POWER=  4.2952E-03 Watts
                               STRUCTURE LOSS=  0.0000E+00 Watts
                               NETWORK LOSS  =  0.0000E+00 Watts
                               EFFICIENCY    =  100.00 Percent



  DATA CARD No:   4 EN   0     0     0     0  0.00000E+00  0.00000E+00  0.00000E+00  0.00000E+00  0.00000E+00  0.00000E+00

  TOTAL RUN TIME: 0 msec