


                               __________________________________________
                              |                                          |
                              |  NUMERICAL ELECTROMAGNETICS CODE (nec2c) |
                              |   Translated to 'C' in Double Precision  |
                              |__________________________________________|



                               ---------------- COMMENTS ----------------
                               momwire#272 coaxial-rule measurement
                               straight Delta/a rung
                              



                               -------- STRUCTURE SPECIFICATION --------
                                     COORDINATES MUST BE INPUT IN
                                     METERS OR BE SCALED TO METERS
                                     BEFORE STRUCTURE INPUT IS ENDED

  WIRE                                                                                 SEG FIRST  LAST  TAG
   No:        X1         Y1         Z1         X2         Y2         Z2       RADIUS   No:   SEG   SEG  No:
     1    -0.25000    0.00000    0.00000    0.00000    0.00000    0.00000    0.00152    11     1    11    1
     2     0.00000    0.00000    0.00000    0.25000    0.00000    0.00000    0.00152    11    12    22    2

     TOTAL SEGMENTS USED: 22   SEGMENTS IN A SYMMETRIC CELL: 22   SYMMETRY FLAG: 0


                               ---------- SEGMENTATION DATA ----------
                                        COORDINATES IN METERS
                            I+ AND I- INDICATE THE SEGMENTS BEFORE AND AFTER I

   SEG    COORDINATES OF SEGM CENTER     SEGM    ORIENTATION ANGLES    WIRE    CONNECTION DATA   TAG
   No:       X         Y         Z      LENGTH     ALPHA      BETA    RADIUS    I-     I    I+   No:
     1   -0.2386    0.0000    0.0000    0.0227    0.0000    0.0000    0.0015     0     1     2     1
     2   -0.2159    0.0000    0.0000    0.0227    0.0000    0.0000    0.0015     1     2     3     1
     3   -0.1932    0.0000    0.0000    0.0227    0.0000    0.0000    0.0015     2     3     4     1
     4   -0.1705    0.0000    0.0000    0.0227    0.0000    0.0000    0.0015     3     4     5     1
     5   -0.1477    0.0000    0.0000    0.0227    0.0000    0.0000    0.0015     4     5     6     1
     6   -0.1250    0.0000    0.0000    0.0227    0.0000    0.0000    0.0015     5     6     7     1
     7   -0.1023    0.0000    0.0000    0.0227    0.0000    0.0000    0.0015     6     7     8     1
     8   -0.0795    0.0000    0.0000    0.0227    0.0000    0.0000    0.0015     7     8     9     1
     9   -0.0568    0.0000    0.0000    0.0227    0.0000    0.0000    0.0015     8     9    10     1
    10   -0.0341    0.0000    0.0000    0.0227    0.0000    0.0000    0.0015     9    10    11     1
    11   -0.0114    0.0000    0.0000    0.0227    0.0000    0.0000    0.0015    10    11    12     1
    12    0.0114    0.0000    0.0000    0.0227    0.0000    0.0000    0.0015    11    12    13     2
    13    0.0341    0.0000    0.0000    0.0227    0.0000    0.0000    0.0015    12    13    14     2
    14    0.0568    0.0000    0.0000    0.0227    0.0000    0.0000    0.0015    13    14    15     2
    15    0.0795    0.0000    0.0000    0.0227    0.0000    0.0000    0.0015    14    15    16     2
    16    0.1023    0.0000    0.0000    0.0227    0.0000    0.0000    0.0015    15    16    17     2
    17    0.1250    0.0000    0.0000    0.0227    0.0000    0.0000    0.0015    16    17    18     2
    18    0.1477    0.0000    0.0000    0.0227    0.0000    0.0000    0.0015    17    18    19     2
    19    0.1705    0.0000    0.0000    0.0227    0.0000    0.0000    0.0015    18    19    20     2
    20    0.1932    0.0000    0.0000    0.0227    0.0000    0.0000    0.0015    19    20    21     2
    21    0.2159    0.0000    0.0000    0.0227    0.0000    0.0000    0.0015    20    21    22     2
    22    0.2386    0.0000    0.0000    0.0227    0.0000    0.0000    0.0015    21    22     0     2



  DATA CARD No:   1 EX   0     1    10     0  1.00000E+00  0.00000E+00  0.00000E+00  0.00000E+00  0.00000E+00  0.00000E+00
  DATA CARD No:   2 FR   0     1     0     0  2.99792E+02  0.00000E+00  0.00000E+00  0.00000E+00  0.00000E+00  0.00000E+00
  DATA CARD No:   3 XQ   0     0     0     0  0.00000E+00  0.00000E+00  0.00000E+00  0.00000E+00  0.00000E+00  0.00000E+00


                               --------- FREQUENCY --------
                                FREQUENCY : 2.9979E+02 MHz
                                WAVELENGTH: 1.0000E+00 Mtr

                        APPROXIMATE INTEGRATION EMPLOYED FOR SEGMENTS 
                        THAT ARE MORE THAN 1.000 WAVELENGTHS APART


                          ------ STRUCTURE IMPEDANCE LOADING ------
                                 THIS STRUCTURE IS NOT LOADED


                            -------- ANTENNA ENVIRONMENT --------
                            FREE SPACE


                             ---------- MATRIX TIMING ----------
                               FILL: 0 msec  FACTOR: 0 msec


                        --------- ANTENNA INPUT PARAMETERS ---------
  TAG   SEG       VOLTAGE (VOLTS)         CURRENT (AMPS)         IMPEDANCE (OHMS)        ADMITTANCE (MHOS)     POWER
  No:   No:     REAL      IMAGINARY     REAL      IMAGINARY     REAL      IMAGINARY    REAL       IMAGINARY   (WATTS)
    1    10  1.0000E+00  0.0000E+00  8.3810E-03 -4.6354E-03  9.1367E+01  5.0534E+01  8.3810E-03 -4.6354E-03  4.1905E-03


                           -------- CURRENTS AND LOCATION --------
                                  DISTANCES IN WAVELENGTHS

   SEG  TAG    COORDINATES OF SEGM CENTER     SEGM    ------------- CURRENT (AMPS) -------------
   No:  No:       X         Y         Z      LENGTH     REAL      IMAGINARY    MAGN        PHASE
     1    1   -0.2386    0.0000    0.0000   0.02273  9.2478E-04 -6.8255E-04  1.1494E-03  -36.430
     2    1   -0.2159    0.0000    0.0000   0.02273  2.2546E-03 -1.6330E-03  2.7839E-03  -35.916
     3    1   -0.1932    0.0000    0.0000   0.02273  3.4146E-03 -2.4233E-03  4.1871E-03  -35.363
     4    1   -0.1705    0.0000    0.0000   0.02273  4.4761E-03 -3.1075E-03  5.4490E-03  -34.770
     5    1   -0.1477    0.0000    0.0000   0.02273  5.4368E-03 -3.6844E-03  6.5676E-03  -34.124
     6    1   -0.1250    0.0000    0.0000   0.02273  6.2876E-03 -4.1468E-03  7.5319E-03  -33.406
     7    1   -0.1023    0.0000    0.0000   0.02273  7.0173E-03 -4.4854E-03  8.3283E-03  -32.587
     8    1   -0.0795    0.0000    0.0000   0.02273  7.6153E-03 -4.6880E-03  8.9426E-03  -31.616
     9    1   -0.0568    0.0000    0.0000   0.02273  8.0723E-03 -4.7235E-03  9.3527E-03  -30.334
    10    1   -0.0341    0.0000    0.0000   0.02273  8.3810E-03 -4.6354E-03  9.5775E-03  -28.946
    11    1   -0.0114    0.0000    0.0000   0.02273  8.5363E-03 -5.1066E-03  9.9472E-03  -30.889
    12    2    0.0114    0.0000    0.0000   0.02273  8.5357E-03 -5.4475E-03  1.0126E-02  -32.546
    13    2    0.0341    0.0000    0.0000   0.02273  8.3791E-03 -5.6080E-03  1.0083E-02  -33.794
    14    2    0.0568    0.0000    0.0000   0.02273  8.0692E-03 -5.6129E-03  9.8294E-03  -34.822
    15    2    0.0795    0.0000    0.0000   0.02273  7.6112E-03 -5.4694E-03  9.3726E-03  -35.701
    16    2    0.1023    0.0000    0.0000   0.02273  7.0124E-03 -5.1834E-03  8.7202E-03  -36.471
    17    2    0.1250    0.0000    0.0000   0.02273  6.2822E-03 -4.7613E-03  7.8826E-03  -37.159
    18    2    0.1477    0.0000    0.0000   0.02273  5.4313E-03 -4.2103E-03  6.8721E-03  -37.783
    19    2    0.1705    0.0000    0.0000   0.02273  4.4708E-03 -3.5380E-03  5.7013E-03  -38.357
    20    2    0.1932    0.0000    0.0000   0.02273  3.4100E-03 -2.7507E-03  4.3811E-03  -38.892
    21    2    0.2159    0.0000    0.0000   0.02273  2.2512E-03 -1.8491E-03  2.9132E-03  -39.399
    22    2    0.2386    0.0000    0.0000   0.02273  9.2319E-04 -7.7120E-04  1.2029E-03  -39.874


                               ---------- POWER BUDGET ---------
                               INPUT POWER   =  4.1905E-03 Watts
                               RADIATED POWER=  4.1905E-03 Watts
                               STRUCTURE LOSS=  0.0000E+00 Watts
                               NETWORK LOSS  =  0.0000E+00 Watts
                               EFFICIENCY    =  100.00 Percent



  DATA CARD No:   4 EN   0     0     0     0  0.00000E+00  0.00000E+00  0.00000E+00  0.00000E+00  0.00000E+00  0.00000E+00

  TOTAL RUN TIME: 0 msec