


                               __________________________________________
                              |                                          |
                              |  NUMERICAL ELECTROMAGNETICS CODE (nec2c) |
                              |   Translated to 'C' in Double Precision  |
                              |__________________________________________|



                               ---------------- COMMENTS ----------------
                               momwire#272 coaxial-rule measurement
                               straight Delta/a rung
                              



                               -------- STRUCTURE SPECIFICATION --------
                                     COORDINATES MUST BE INPUT IN
                                     METERS OR BE SCALED TO METERS
                                     BEFORE STRUCTURE INPUT IS ENDED

  WIRE                                                                                 SEG FIRST  LAST  TAG
   No:        X1         Y1         Z1         X2         Y2         Z2       RADIUS   No:   SEG   SEG  No:
     1    -0.25000    0.00000    0.00000    0.00000    0.00000    0.00000    0.00152    11     1    11    1
     2     0.00000    0.00000    0.00000    0.25000    0.00000    0.00000    0.00152    11    12    22    2

     TOTAL SEGMENTS USED: 22   SEGMENTS IN A SYMMETRIC CELL: 22   SYMMETRY FLAG: 0


                               ---------- SEGMENTATION DATA ----------
                                        COORDINATES IN METERS
                            I+ AND I- INDICATE THE SEGMENTS BEFORE AND AFTER I

   SEG    COORDINATES OF SEGM CENTER     SEGM    ORIENTATION ANGLES    WIRE    CONNECTION DATA   TAG
   No:       X         Y         Z      LENGTH     ALPHA      BETA    RADIUS    I-     I    I+   No:
     1   -0.2386    0.0000    0.0000    0.0227    0.0000    0.0000    0.0015     0     1     2     1
     2   -0.2159    0.0000    0.0000    0.0227    0.0000    0.0000    0.0015     1     2     3     1
     3   -0.1932    0.0000    0.0000    0.0227    0.0000    0.0000    0.0015     2     3     4     1
     4   -0.1705    0.0000    0.0000    0.0227    0.0000    0.0000    0.0015     3     4     5     1
     5   -0.1477    0.0000    0.0000    0.0227    0.0000    0.0000    0.0015     4     5     6     1
     6   -0.1250    0.0000    0.0000    0.0227    0.0000    0.0000    0.0015     5     6     7     1
     7   -0.1023    0.0000    0.0000    0.0227    0.0000    0.0000    0.0015     6     7     8     1
     8   -0.0795    0.0000    0.0000    0.0227    0.0000    0.0000    0.0015     7     8     9     1
     9   -0.0568    0.0000    0.0000    0.0227    0.0000    0.0000    0.0015     8     9    10     1
    10   -0.0341    0.0000    0.0000    0.0227    0.0000    0.0000    0.0015     9    10    11     1
    11   -0.0114    0.0000    0.0000    0.0227    0.0000    0.0000    0.0015    10    11    12     1
    12    0.0114    0.0000    0.0000    0.0227    0.0000    0.0000    0.0015    11    12    13     2
    13    0.0341    0.0000    0.0000    0.0227    0.0000    0.0000    0.0015    12    13    14     2
    14    0.0568    0.0000    0.0000    0.0227    0.0000    0.0000    0.0015    13    14    15     2
    15    0.0795    0.0000    0.0000    0.0227    0.0000    0.0000    0.0015    14    15    16     2
    16    0.1023    0.0000    0.0000    0.0227    0.0000    0.0000    0.0015    15    16    17     2
    17    0.1250    0.0000    0.0000    0.0227    0.0000    0.0000    0.0015    16    17    18     2
    18    0.1477    0.0000    0.0000    0.0227    0.0000    0.0000    0.0015    17    18    19     2
    19    0.1705    0.0000    0.0000    0.0227    0.0000    0.0000    0.0015    18    19    20     2
    20    0.1932    0.0000    0.0000    0.0227    0.0000    0.0000    0.0015    19    20    21     2
    21    0.2159    0.0000    0.0000    0.0227    0.0000    0.0000    0.0015    20    21    22     2
    22    0.2386    0.0000    0.0000    0.0227    0.0000    0.0000    0.0015    21    22     0     2



  DATA CARD No:   1 EK   0     0     0     0  0.00000E+00  0.00000E+00  0.00000E+00  0.00000E+00  0.00000E+00  0.00000E+00
  DATA CARD No:   2 EX   0     1    10     0  1.00000E+00  0.00000E+00  0.00000E+00  0.00000E+00  0.00000E+00  0.00000E+00
  DATA CARD No:   3 FR   0     1     0     0  2.99792E+02  0.00000E+00  0.00000E+00  0.00000E+00  0.00000E+00  0.00000E+00
  DATA CARD No:   4 XQ   0     0     0     0  0.00000E+00  0.00000E+00  0.00000E+00  0.00000E+00  0.00000E+00  0.00000E+00


                               --------- FREQUENCY --------
                                FREQUENCY : 2.9979E+02 MHz
                                WAVELENGTH: 1.0000E+00 Mtr

                        APPROXIMATE INTEGRATION EMPLOYED FOR SEGMENTS 
                        THAT ARE MORE THAN 1.000 WAVELENGTHS APART
                        THE EXTENDED THIN WIRE KERNEL WILL BE USED


                          ------ STRUCTURE IMPEDANCE LOADING ------
                                 THIS STRUCTURE IS NOT LOADED


                            -------- ANTENNA ENVIRONMENT --------
                            FREE SPACE


                             ---------- MATRIX TIMING ----------
                               FILL: 0 msec  FACTOR: 0 msec


                        --------- ANTENNA INPUT PARAMETERS ---------
  TAG   SEG       VOLTAGE (VOLTS)         CURRENT (AMPS)         IMPEDANCE (OHMS)        ADMITTANCE (MHOS)     POWER
  No:   No:     REAL      IMAGINARY     REAL      IMAGINARY     REAL      IMAGINARY    REAL       IMAGINARY   (WATTS)
    1    10  1.0000E+00  0.0000E+00  8.3985E-03 -4.6320E-03  9.1298E+01  5.0353E+01  8.3985E-03 -4.6320E-03  4.1992E-03


                           -------- CURRENTS AND LOCATION --------
                                  DISTANCES IN WAVELENGTHS

   SEG  TAG    COORDINATES OF SEGM CENTER     SEGM    ------------- CURRENT (AMPS) -------------
   No:  No:       X         Y         Z      LENGTH     REAL      IMAGINARY    MAGN        PHASE
     1    1   -0.2386    0.0000    0.0000   0.02273  9.2416E-04 -6.8020E-04  1.1475E-03  -36.354
     2    1   -0.2159    0.0000    0.0000   0.02273  2.2571E-03 -1.6303E-03  2.7843E-03  -35.840
     3    1   -0.1932    0.0000    0.0000   0.02273  3.4200E-03 -2.4203E-03  4.1898E-03  -35.287
     4    1   -0.1705    0.0000    0.0000   0.02273  4.4841E-03 -3.1044E-03  5.4538E-03  -34.695
     5    1   -0.1477    0.0000    0.0000   0.02273  5.4472E-03 -3.6810E-03  6.5743E-03  -34.049
     6    1   -0.1250    0.0000    0.0000   0.02273  6.3000E-03 -4.1432E-03  7.5403E-03  -33.331
     7    1   -0.1023    0.0000    0.0000   0.02273  7.0315E-03 -4.4817E-03  8.3383E-03  -32.512
     8    1   -0.0795    0.0000    0.0000   0.02273  7.6309E-03 -4.6840E-03  8.9538E-03  -31.543
     9    1   -0.0568    0.0000    0.0000   0.02273  8.0891E-03 -4.7194E-03  9.3651E-03  -30.261
    10    1   -0.0341    0.0000    0.0000   0.02273  8.3985E-03 -4.6320E-03  9.5911E-03  -28.878
    11    1   -0.0114    0.0000    0.0000   0.02273  8.5542E-03 -5.1025E-03  9.9604E-03  -30.816
    12    2    0.0114    0.0000    0.0000   0.02273  8.5535E-03 -5.4433E-03  1.0139E-02  -32.472
    13    2    0.0341    0.0000    0.0000   0.02273  8.3966E-03 -5.6038E-03  1.0095E-02  -33.719
    14    2    0.0568    0.0000    0.0000   0.02273  8.0860E-03 -5.6088E-03  9.8408E-03  -34.747
    15    2    0.0795    0.0000    0.0000   0.02273  7.6268E-03 -5.4654E-03  9.3829E-03  -35.625
    16    2    0.1023    0.0000    0.0000   0.02273  7.0266E-03 -5.1795E-03  8.7293E-03  -36.395
    17    2    0.1250    0.0000    0.0000   0.02273  6.2946E-03 -4.7576E-03  7.8903E-03  -37.083
    18    2    0.1477    0.0000    0.0000   0.02273  5.4416E-03 -4.2067E-03  6.8781E-03  -37.706
    19    2    0.1705    0.0000    0.0000   0.02273  4.4788E-03 -3.5346E-03  5.7056E-03  -38.280
    20    2    0.1932    0.0000    0.0000   0.02273  3.4154E-03 -2.7475E-03  4.3834E-03  -38.815
    21    2    0.2159    0.0000    0.0000   0.02273  2.2536E-03 -1.8460E-03  2.9131E-03  -39.322
    22    2    0.2386    0.0000    0.0000   0.02273  9.2257E-04 -7.6859E-04  1.2008E-03  -39.797


                               ---------- POWER BUDGET ---------
                               INPUT POWER   =  4.1992E-03 Watts
                               RADIATED POWER=  4.1992E-03 Watts
                               STRUCTURE LOSS=  0.0000E+00 Watts
                               NETWORK LOSS  =  0.0000E+00 Watts
                               EFFICIENCY    =  100.00 Percent



  DATA CARD No:   5 EN   0     0     0     0  0.00000E+00  0.00000E+00  0.00000E+00  0.00000E+00  0.00000E+00  0.00000E+00

  TOTAL RUN TIME: 0 msec