


                               __________________________________________
                              |                                          |
                              |  NUMERICAL ELECTROMAGNETICS CODE (nec2c) |
                              |   Translated to 'C' in Double Precision  |
                              |__________________________________________|



                               ---------------- COMMENTS ----------------
                               momwire#272 coaxial-rule measurement
                               straight Delta/a rung
                              



                               -------- STRUCTURE SPECIFICATION --------
                                     COORDINATES MUST BE INPUT IN
                                     METERS OR BE SCALED TO METERS
                                     BEFORE STRUCTURE INPUT IS ENDED

  WIRE                                                                                 SEG FIRST  LAST  TAG
   No:        X1         Y1         Z1         X2         Y2         Z2       RADIUS   No:   SEG   SEG  No:
     1    -0.25000    0.00000    0.00000    0.00000    0.00000    0.00000    0.00379    11     1    11    1
     2     0.00000    0.00000    0.00000    0.25000    0.00000    0.00000    0.00379    11    12    22    2

     TOTAL SEGMENTS USED: 22   SEGMENTS IN A SYMMETRIC CELL: 22   SYMMETRY FLAG: 0


                               ---------- SEGMENTATION DATA ----------
                                        COORDINATES IN METERS
                            I+ AND I- INDICATE THE SEGMENTS BEFORE AND AFTER I

   SEG    COORDINATES OF SEGM CENTER     SEGM    ORIENTATION ANGLES    WIRE    CONNECTION DATA   TAG
   No:       X         Y         Z      LENGTH     ALPHA      BETA    RADIUS    I-     I    I+   No:
     1   -0.2386    0.0000    0.0000    0.0227    0.0000    0.0000    0.0038     0     1     2     1
     2   -0.2159    0.0000    0.0000    0.0227    0.0000    0.0000    0.0038     1     2     3     1
     3   -0.1932    0.0000    0.0000    0.0227    0.0000    0.0000    0.0038     2     3     4     1
     4   -0.1705    0.0000    0.0000    0.0227    0.0000    0.0000    0.0038     3     4     5     1
     5   -0.1477    0.0000    0.0000    0.0227    0.0000    0.0000    0.0038     4     5     6     1
     6   -0.1250    0.0000    0.0000    0.0227    0.0000    0.0000    0.0038     5     6     7     1
     7   -0.1023    0.0000    0.0000    0.0227    0.0000    0.0000    0.0038     6     7     8     1
     8   -0.0795    0.0000    0.0000    0.0227    0.0000    0.0000    0.0038     7     8     9     1
     9   -0.0568    0.0000    0.0000    0.0227    0.0000    0.0000    0.0038     8     9    10     1
    10   -0.0341    0.0000    0.0000    0.0227    0.0000    0.0000    0.0038     9    10    11     1
    11   -0.0114    0.0000    0.0000    0.0227    0.0000    0.0000    0.0038    10    11    12     1
    12    0.0114    0.0000    0.0000    0.0227    0.0000    0.0000    0.0038    11    12    13     2
    13    0.0341    0.0000    0.0000    0.0227    0.0000    0.0000    0.0038    12    13    14     2
    14    0.0568    0.0000    0.0000    0.0227    0.0000    0.0000    0.0038    13    14    15     2
    15    0.0795    0.0000    0.0000    0.0227    0.0000    0.0000    0.0038    14    15    16     2
    16    0.1023    0.0000    0.0000    0.0227    0.0000    0.0000    0.0038    15    16    17     2
    17    0.1250    0.0000    0.0000    0.0227    0.0000    0.0000    0.0038    16    17    18     2
    18    0.1477    0.0000    0.0000    0.0227    0.0000    0.0000    0.0038    17    18    19     2
    19    0.1705    0.0000    0.0000    0.0227    0.0000    0.0000    0.0038    18    19    20     2
    20    0.1932    0.0000    0.0000    0.0227    0.0000    0.0000    0.0038    19    20    21     2
    21    0.2159    0.0000    0.0000    0.0227    0.0000    0.0000    0.0038    20    21    22     2
    22    0.2386    0.0000    0.0000    0.0227    0.0000    0.0000    0.0038    21    22     0     2



  DATA CARD No:   1 EX   0     1    10     0  1.00000E+00  0.00000E+00  0.00000E+00  0.00000E+00  0.00000E+00  0.00000E+00
  DATA CARD No:   2 FR   0     1     0     0  2.99792E+02  0.00000E+00  0.00000E+00  0.00000E+00  0.00000E+00  0.00000E+00
  DATA CARD No:   3 XQ   0     0     0     0  0.00000E+00  0.00000E+00  0.00000E+00  0.00000E+00  0.00000E+00  0.00000E+00


                               --------- FREQUENCY --------
                                FREQUENCY : 2.9979E+02 MHz
                                WAVELENGTH: 1.0000E+00 Mtr

                        APPROXIMATE INTEGRATION EMPLOYED FOR SEGMENTS 
                        THAT ARE MORE THAN 1.000 WAVELENGTHS APART


                          ------ STRUCTURE IMPEDANCE LOADING ------
                                 THIS STRUCTURE IS NOT LOADED


                            -------- ANTENNA ENVIRONMENT --------
                            FREE SPACE


                             ---------- MATRIX TIMING ----------
                               FILL: 0 msec  FACTOR: 0 msec


                        --------- ANTENNA INPUT PARAMETERS ---------
  TAG   SEG       VOLTAGE (VOLTS)         CURRENT (AMPS)         IMPEDANCE (OHMS)        ADMITTANCE (MHOS)     POWER
  No:   No:     REAL      IMAGINARY     REAL      IMAGINARY     REAL      IMAGINARY    REAL       IMAGINARY   (WATTS)
    1    10  1.0000E+00  0.0000E+00  7.9199E-03 -4.1488E-03  9.9076E+01  5.1900E+01  7.9199E-03 -4.1488E-03  3.9600E-03


                           -------- CURRENTS AND LOCATION --------
                                  DISTANCES IN WAVELENGTHS

   SEG  TAG    COORDINATES OF SEGM CENTER     SEGM    ------------- CURRENT (AMPS) -------------
   No:  No:       X         Y         Z      LENGTH     REAL      IMAGINARY    MAGN        PHASE
     1    1   -0.2386    0.0000    0.0000   0.02273  1.0620E-03 -8.4217E-04  1.3554E-03  -38.414
     2    1   -0.2159    0.0000    0.0000   0.02273  2.3148E-03 -1.7920E-03  2.9274E-03  -37.745
     3    1   -0.1932    0.0000    0.0000   0.02273  3.3853E-03 -2.5533E-03  4.2402E-03  -37.025
     4    1   -0.1705    0.0000    0.0000   0.02273  4.3607E-03 -3.1978E-03  5.4075E-03  -36.254
     5    1   -0.1477    0.0000    0.0000   0.02273  5.2399E-03 -3.7248E-03  6.4289E-03  -35.407
     6    1   -0.1250    0.0000    0.0000   0.02273  6.0164E-03 -4.1281E-03  7.2964E-03  -34.456
     7    1   -0.1023    0.0000    0.0000   0.02273  6.6810E-03 -4.3976E-03  7.9984E-03  -33.354
     8    1   -0.0795    0.0000    0.0000   0.02273  7.2249E-03 -4.5189E-03  8.5217E-03  -32.024
     9    1   -0.0568    0.0000    0.0000   0.02273  7.6400E-03 -4.4370E-03  8.8349E-03  -30.146
    10    1   -0.0341    0.0000    0.0000   0.02273  7.9199E-03 -4.1488E-03  8.9408E-03  -27.648
    11    1   -0.0114    0.0000    0.0000   0.02273  8.0605E-03 -4.8231E-03  9.3933E-03  -30.895
    12    2    0.0114    0.0000    0.0000   0.02273  8.0593E-03 -5.2843E-03  9.6372E-03  -33.252
    13    2    0.0341    0.0000    0.0000   0.02273  7.9166E-03 -5.5292E-03  9.6563E-03  -34.931
    14    2    0.0568    0.0000    0.0000   0.02273  7.6345E-03 -5.6066E-03  9.4721E-03  -36.293
    15    2    0.0795    0.0000    0.0000   0.02273  7.2177E-03 -5.5264E-03  9.0904E-03  -37.440
    16    2    0.1023    0.0000    0.0000   0.02273  6.6724E-03 -5.2954E-03  8.5184E-03  -38.436
    17    2    0.1250    0.0000    0.0000   0.02273  6.0068E-03 -4.9199E-03  7.7645E-03  -39.319
    18    2    0.1477    0.0000    0.0000   0.02273  5.2300E-03 -4.4066E-03  6.8389E-03  -40.116
    19    2    0.1705    0.0000    0.0000   0.02273  4.3511E-03 -3.7619E-03  5.7518E-03  -40.846
    20    2    0.1932    0.0000    0.0000   0.02273  3.3767E-03 -2.9902E-03  4.5104E-03  -41.526
    21    2    0.2159    0.0000    0.0000   0.02273  2.3082E-03 -2.0908E-03  3.1144E-03  -42.170
    22    2    0.2386    0.0000    0.0000   0.02273  1.0586E-03 -9.7950E-04  1.4422E-03  -42.777


                               ---------- POWER BUDGET ---------
                               INPUT POWER   =  3.9600E-03 Watts
                               RADIATED POWER=  3.9600E-03 Watts
                               STRUCTURE LOSS=  0.0000E+00 Watts
                               NETWORK LOSS  =  0.0000E+00 Watts
                               EFFICIENCY    =  100.00 Percent



  DATA CARD No:   4 EN   0     0     0     0  0.00000E+00  0.00000E+00  0.00000E+00  0.00000E+00  0.00000E+00  0.00000E+00

  TOTAL RUN TIME: 0 msec