


                               __________________________________________
                              |                                          |
                              |  NUMERICAL ELECTROMAGNETICS CODE (nec2c) |
                              |   Translated to 'C' in Double Precision  |
                              |__________________________________________|



                               ---------------- COMMENTS ----------------
                               momwire#272 coaxial-rule measurement
                               straight Delta/a rung
                              



                               -------- STRUCTURE SPECIFICATION --------
                                     COORDINATES MUST BE INPUT IN
                                     METERS OR BE SCALED TO METERS
                                     BEFORE STRUCTURE INPUT IS ENDED

  WIRE                                                                                 SEG FIRST  LAST  TAG
   No:        X1         Y1         Z1         X2         Y2         Z2       RADIUS   No:   SEG   SEG  No:
     1    -0.25000    0.00000    0.00000    0.00000    0.00000    0.00000    0.00568    11     1    11    1
     2     0.00000    0.00000    0.00000    0.25000    0.00000    0.00000    0.00568    11    12    22    2

     TOTAL SEGMENTS USED: 22   SEGMENTS IN A SYMMETRIC CELL: 22   SYMMETRY FLAG: 0


                               ---------- SEGMENTATION DATA ----------
                                        COORDINATES IN METERS
                            I+ AND I- INDICATE THE SEGMENTS BEFORE AND AFTER I

   SEG    COORDINATES OF SEGM CENTER     SEGM    ORIENTATION ANGLES    WIRE    CONNECTION DATA   TAG
   No:       X         Y         Z      LENGTH     ALPHA      BETA    RADIUS    I-     I    I+   No:
     1   -0.2386    0.0000    0.0000    0.0227    0.0000    0.0000    0.0057     0     1     2     1
     2   -0.2159    0.0000    0.0000    0.0227    0.0000    0.0000    0.0057     1     2     3     1
     3   -0.1932    0.0000    0.0000    0.0227    0.0000    0.0000    0.0057     2     3     4     1
     4   -0.1705    0.0000    0.0000    0.0227    0.0000    0.0000    0.0057     3     4     5     1
     5   -0.1477    0.0000    0.0000    0.0227    0.0000    0.0000    0.0057     4     5     6     1
     6   -0.1250    0.0000    0.0000    0.0227    0.0000    0.0000    0.0057     5     6     7     1
     7   -0.1023    0.0000    0.0000    0.0227    0.0000    0.0000    0.0057     6     7     8     1
     8   -0.0795    0.0000    0.0000    0.0227    0.0000    0.0000    0.0057     7     8     9     1
     9   -0.0568    0.0000    0.0000    0.0227    0.0000    0.0000    0.0057     8     9    10     1
    10   -0.0341    0.0000    0.0000    0.0227    0.0000    0.0000    0.0057     9    10    11     1
    11   -0.0114    0.0000    0.0000    0.0227    0.0000    0.0000    0.0057    10    11    12     1
    12    0.0114    0.0000    0.0000    0.0227    0.0000    0.0000    0.0057    11    12    13     2
    13    0.0341    0.0000    0.0000    0.0227    0.0000    0.0000    0.0057    12    13    14     2
    14    0.0568    0.0000    0.0000    0.0227    0.0000    0.0000    0.0057    13    14    15     2
    15    0.0795    0.0000    0.0000    0.0227    0.0000    0.0000    0.0057    14    15    16     2
    16    0.1023    0.0000    0.0000    0.0227    0.0000    0.0000    0.0057    15    16    17     2
    17    0.1250    0.0000    0.0000    0.0227    0.0000    0.0000    0.0057    16    17    18     2
    18    0.1477    0.0000    0.0000    0.0227    0.0000    0.0000    0.0057    17    18    19     2
    19    0.1705    0.0000    0.0000    0.0227    0.0000    0.0000    0.0057    18    19    20     2
    20    0.1932    0.0000    0.0000    0.0227    0.0000    0.0000    0.0057    19    20    21     2
    21    0.2159    0.0000    0.0000    0.0227    0.0000    0.0000    0.0057    20    21    22     2
    22    0.2386    0.0000    0.0000    0.0227    0.0000    0.0000    0.0057    21    22     0     2



  DATA CARD No:   1 EK   0     0     0     0  0.00000E+00  0.00000E+00  0.00000E+00  0.00000E+00  0.00000E+00  0.00000E+00
  DATA CARD No:   2 EX   0     1    10     0  1.00000E+00  0.00000E+00  0.00000E+00  0.00000E+00  0.00000E+00  0.00000E+00
  DATA CARD No:   3 FR   0     1     0     0  2.99792E+02  0.00000E+00  0.00000E+00  0.00000E+00  0.00000E+00  0.00000E+00
  DATA CARD No:   4 XQ   0     0     0     0  0.00000E+00  0.00000E+00  0.00000E+00  0.00000E+00  0.00000E+00  0.00000E+00


                               --------- FREQUENCY --------
                                FREQUENCY : 2.9979E+02 MHz
                                WAVELENGTH: 1.0000E+00 Mtr

                        APPROXIMATE INTEGRATION EMPLOYED FOR SEGMENTS 
                        THAT ARE MORE THAN 1.000 WAVELENGTHS APART
                        THE EXTENDED THIN WIRE KERNEL WILL BE USED


                          ------ STRUCTURE IMPEDANCE LOADING ------
                                 THIS STRUCTURE IS NOT LOADED


                            -------- ANTENNA ENVIRONMENT --------
                            FREE SPACE


                             ---------- MATRIX TIMING ----------
                               FILL: 0 msec  FACTOR: 0 msec


                        --------- ANTENNA INPUT PARAMETERS ---------
  TAG   SEG       VOLTAGE (VOLTS)         CURRENT (AMPS)         IMPEDANCE (OHMS)        ADMITTANCE (MHOS)     POWER
  No:   No:     REAL      IMAGINARY     REAL      IMAGINARY     REAL      IMAGINARY    REAL       IMAGINARY   (WATTS)
    1    10  1.0000E+00  0.0000E+00  7.8697E-03 -3.7632E-03  1.0342E+02  4.9455E+01  7.8697E-03 -3.7632E-03  3.9348E-03


                           -------- CURRENTS AND LOCATION --------
                                  DISTANCES IN WAVELENGTHS

   SEG  TAG    COORDINATES OF SEGM CENTER     SEGM    ------------- CURRENT (AMPS) -------------
   No:  No:       X         Y         Z      LENGTH     REAL      IMAGINARY    MAGN        PHASE
     1    1   -0.2386    0.0000    0.0000   0.02273  1.1464E-03 -9.1648E-04  1.4677E-03  -38.641
     2    1   -0.2159    0.0000    0.0000   0.02273  2.3892E-03 -1.8584E-03  3.0269E-03  -37.877
     3    1   -0.1932    0.0000    0.0000   0.02273  3.4425E-03 -2.5992E-03  4.3135E-03  -37.055
     4    1   -0.1705    0.0000    0.0000   0.02273  4.3983E-03 -3.2158E-03  5.4486E-03  -36.172
     5    1   -0.1477    0.0000    0.0000   0.02273  5.2579E-03 -3.7089E-03  6.4344E-03  -35.199
     6    1   -0.1250    0.0000    0.0000   0.02273  6.0158E-03 -4.0729E-03  7.2649E-03  -34.099
     7    1   -0.1023    0.0000    0.0000   0.02273  6.6638E-03 -4.2970E-03  7.9291E-03  -32.815
     8    1   -0.0795    0.0000    0.0000   0.02273  7.1935E-03 -4.3645E-03  8.4140E-03  -31.246
     9    1   -0.0568    0.0000    0.0000   0.02273  7.5974E-03 -4.2007E-03  8.6814E-03  -28.939
    10    1   -0.0341    0.0000    0.0000   0.02273  7.8697E-03 -3.7632E-03  8.7231E-03  -25.557
    11    1   -0.0114    0.0000    0.0000   0.02273  8.0060E-03 -4.5873E-03  9.2272E-03  -29.812
    12    2    0.0114    0.0000    0.0000   0.02273  8.0045E-03 -5.1311E-03  9.5079E-03  -32.661
    13    2    0.0341    0.0000    0.0000   0.02273  7.8652E-03 -5.4305E-03  9.5578E-03  -34.623
    14    2    0.0568    0.0000    0.0000   0.02273  7.5902E-03 -5.5545E-03  9.4055E-03  -36.197
    15    2    0.0795    0.0000    0.0000   0.02273  7.1838E-03 -5.5149E-03  9.0566E-03  -37.513
    16    2    0.1023    0.0000    0.0000   0.02273  6.6522E-03 -5.3197E-03  8.5177E-03  -38.649
    17    2    0.1250    0.0000    0.0000   0.02273  6.0030E-03 -4.9753E-03  7.7967E-03  -39.652
    18    2    0.1477    0.0000    0.0000   0.02273  5.2446E-03 -4.4879E-03  6.9027E-03  -40.554
    19    2    0.1705    0.0000    0.0000   0.02273  4.3853E-03 -3.8634E-03  5.8444E-03  -41.380
    20    2    0.1932    0.0000    0.0000   0.02273  3.4308E-03 -3.1051E-03  4.6273E-03  -42.147
    21    2    0.2159    0.0000    0.0000   0.02273  2.3800E-03 -2.2097E-03  3.2477E-03  -42.875
    22    2    0.2386    0.0000    0.0000   0.02273  1.1414E-03 -1.0855E-03  1.5751E-03  -43.561


                               ---------- POWER BUDGET ---------
                               INPUT POWER   =  3.9348E-03 Watts
                               RADIATED POWER=  3.9348E-03 Watts
                               STRUCTURE LOSS=  0.0000E+00 Watts
                               NETWORK LOSS  =  0.0000E+00 Watts
                               EFFICIENCY    =  100.00 Percent



  DATA CARD No:   5 EN   0     0     0     0  0.00000E+00  0.00000E+00  0.00000E+00  0.00000E+00  0.00000E+00  0.00000E+00

  TOTAL RUN TIME: 0 msec