


                               __________________________________________
                              |                                          |
                              |  NUMERICAL ELECTROMAGNETICS CODE (nec2c) |
                              |   Translated to 'C' in Double Precision  |
                              |__________________________________________|



                               ---------------- COMMENTS ----------------
                               momwire#272 coaxial-rule measurement
                               straight Delta/a rung
                              



                               -------- STRUCTURE SPECIFICATION --------
                                     COORDINATES MUST BE INPUT IN
                                     METERS OR BE SCALED TO METERS
                                     BEFORE STRUCTURE INPUT IS ENDED

  WIRE                                                                                 SEG FIRST  LAST  TAG
   No:        X1         Y1         Z1         X2         Y2         Z2       RADIUS   No:   SEG   SEG  No:
     1    -0.25000    0.00000    0.00000    0.00000    0.00000    0.00000    0.00379    11     1    11    1
     2     0.00000    0.00000    0.00000    0.25000    0.00000    0.00000    0.00379    11    12    22    2

     TOTAL SEGMENTS USED: 22   SEGMENTS IN A SYMMETRIC CELL: 22   SYMMETRY FLAG: 0


                               ---------- SEGMENTATION DATA ----------
                                        COORDINATES IN METERS
                            I+ AND I- INDICATE THE SEGMENTS BEFORE AND AFTER I

   SEG    COORDINATES OF SEGM CENTER     SEGM    ORIENTATION ANGLES    WIRE    CONNECTION DATA   TAG
   No:       X         Y         Z      LENGTH     ALPHA      BETA    RADIUS    I-     I    I+   No:
     1   -0.2386    0.0000    0.0000    0.0227    0.0000    0.0000    0.0038     0     1     2     1
     2   -0.2159    0.0000    0.0000    0.0227    0.0000    0.0000    0.0038     1     2     3     1
     3   -0.1932    0.0000    0.0000    0.0227    0.0000    0.0000    0.0038     2     3     4     1
     4   -0.1705    0.0000    0.0000    0.0227    0.0000    0.0000    0.0038     3     4     5     1
     5   -0.1477    0.0000    0.0000    0.0227    0.0000    0.0000    0.0038     4     5     6     1
     6   -0.1250    0.0000    0.0000    0.0227    0.0000    0.0000    0.0038     5     6     7     1
     7   -0.1023    0.0000    0.0000    0.0227    0.0000    0.0000    0.0038     6     7     8     1
     8   -0.0795    0.0000    0.0000    0.0227    0.0000    0.0000    0.0038     7     8     9     1
     9   -0.0568    0.0000    0.0000    0.0227    0.0000    0.0000    0.0038     8     9    10     1
    10   -0.0341    0.0000    0.0000    0.0227    0.0000    0.0000    0.0038     9    10    11     1
    11   -0.0114    0.0000    0.0000    0.0227    0.0000    0.0000    0.0038    10    11    12     1
    12    0.0114    0.0000    0.0000    0.0227    0.0000    0.0000    0.0038    11    12    13     2
    13    0.0341    0.0000    0.0000    0.0227    0.0000    0.0000    0.0038    12    13    14     2
    14    0.0568    0.0000    0.0000    0.0227    0.0000    0.0000    0.0038    13    14    15     2
    15    0.0795    0.0000    0.0000    0.0227    0.0000    0.0000    0.0038    14    15    16     2
    16    0.1023    0.0000    0.0000    0.0227    0.0000    0.0000    0.0038    15    16    17     2
    17    0.1250    0.0000    0.0000    0.0227    0.0000    0.0000    0.0038    16    17    18     2
    18    0.1477    0.0000    0.0000    0.0227    0.0000    0.0000    0.0038    17    18    19     2
    19    0.1705    0.0000    0.0000    0.0227    0.0000    0.0000    0.0038    18    19    20     2
    20    0.1932    0.0000    0.0000    0.0227    0.0000    0.0000    0.0038    19    20    21     2
    21    0.2159    0.0000    0.0000    0.0227    0.0000    0.0000    0.0038    20    21    22     2
    22    0.2386    0.0000    0.0000    0.0227    0.0000    0.0000    0.0038    21    22     0     2



  DATA CARD No:   1 EK   0     0     0     0  0.00000E+00  0.00000E+00  0.00000E+00  0.00000E+00  0.00000E+00  0.00000E+00
  DATA CARD No:   2 EX   0     1    10     0  1.00000E+00  0.00000E+00  0.00000E+00  0.00000E+00  0.00000E+00  0.00000E+00
  DATA CARD No:   3 FR   0     1     0     0  2.99792E+02  0.00000E+00  0.00000E+00  0.00000E+00  0.00000E+00  0.00000E+00
  DATA CARD No:   4 XQ   0     0     0     0  0.00000E+00  0.00000E+00  0.00000E+00  0.00000E+00  0.00000E+00  0.00000E+00


                               --------- FREQUENCY --------
                                FREQUENCY : 2.9979E+02 MHz
                                WAVELENGTH: 1.0000E+00 Mtr

                        APPROXIMATE INTEGRATION EMPLOYED FOR SEGMENTS 
                        THAT ARE MORE THAN 1.000 WAVELENGTHS APART
                        THE EXTENDED THIN WIRE KERNEL WILL BE USED


                          ------ STRUCTURE IMPEDANCE LOADING ------
                                 THIS STRUCTURE IS NOT LOADED


                            -------- ANTENNA ENVIRONMENT --------
                            FREE SPACE


                             ---------- MATRIX TIMING ----------
                               FILL: 0 msec  FACTOR: 0 msec


                        --------- ANTENNA INPUT PARAMETERS ---------
  TAG   SEG       VOLTAGE (VOLTS)         CURRENT (AMPS)         IMPEDANCE (OHMS)        ADMITTANCE (MHOS)     POWER
  No:   No:     REAL      IMAGINARY     REAL      IMAGINARY     REAL      IMAGINARY    REAL       IMAGINARY   (WATTS)
    1    10  1.0000E+00  0.0000E+00  8.0057E-03 -4.1454E-03  9.8500E+01  5.1004E+01  8.0057E-03 -4.1454E-03  4.0029E-03


                           -------- CURRENTS AND LOCATION --------
                                  DISTANCES IN WAVELENGTHS

   SEG  TAG    COORDINATES OF SEGM CENTER     SEGM    ------------- CURRENT (AMPS) -------------
   No:  No:       X         Y         Z      LENGTH     REAL      IMAGINARY    MAGN        PHASE
     1    1   -0.2386    0.0000    0.0000   0.02273  1.0542E-03 -8.2516E-04  1.3388E-03  -38.050
     2    1   -0.2159    0.0000    0.0000   0.02273  2.3258E-03 -1.7773E-03  2.9271E-03  -37.385
     3    1   -0.1932    0.0000    0.0000   0.02273  3.4117E-03 -2.5399E-03  4.2533E-03  -36.667
     4    1   -0.1705    0.0000    0.0000   0.02273  4.4000E-03 -3.1848E-03  5.4317E-03  -35.898
     5    1   -0.1477    0.0000    0.0000   0.02273  5.2908E-03 -3.7119E-03  6.4631E-03  -35.053
     6    1   -0.1250    0.0000    0.0000   0.02273  6.0774E-03 -4.1153E-03  7.3396E-03  -34.104
     7    1   -0.1023    0.0000    0.0000   0.02273  6.7507E-03 -4.3848E-03  8.0498E-03  -33.005
     8    1   -0.0795    0.0000    0.0000   0.02273  7.3016E-03 -4.5056E-03  8.5799E-03  -31.678
     9    1   -0.0568    0.0000    0.0000   0.02273  7.7221E-03 -4.4230E-03  8.8991E-03  -29.803
    10    1   -0.0341    0.0000    0.0000   0.02273  8.0057E-03 -4.1454E-03  9.0153E-03  -27.375
    11    1   -0.0114    0.0000    0.0000   0.02273  8.1481E-03 -4.8089E-03  9.4613E-03  -30.548
    12    2    0.0114    0.0000    0.0000   0.02273  8.1470E-03 -5.2706E-03  9.7032E-03  -32.901
    13    2    0.0341    0.0000    0.0000   0.02273  8.0024E-03 -5.5158E-03  9.7192E-03  -34.577
    14    2    0.0568    0.0000    0.0000   0.02273  7.7167E-03 -5.5932E-03  9.5305E-03  -35.935
    15    2    0.0795    0.0000    0.0000   0.02273  7.2945E-03 -5.5128E-03  9.1433E-03  -37.080
    16    2    0.1023    0.0000    0.0000   0.02273  6.7422E-03 -5.2816E-03  8.5646E-03  -38.074
    17    2    0.1250    0.0000    0.0000   0.02273  6.0679E-03 -4.9058E-03  7.8030E-03  -38.955
    18    2    0.1477    0.0000    0.0000   0.02273  5.2810E-03 -4.3922E-03  6.8688E-03  -39.750
    19    2    0.1705    0.0000    0.0000   0.02273  4.3905E-03 -3.7471E-03  5.7721E-03  -40.479
    20    2    0.1932    0.0000    0.0000   0.02273  3.4032E-03 -2.9748E-03  4.5201E-03  -41.157
    21    2    0.2159    0.0000    0.0000   0.02273  2.3193E-03 -2.0737E-03  3.1112E-03  -41.800
    22    2    0.2386    0.0000    0.0000   0.02273  1.0509E-03 -9.5978E-04  1.4232E-03  -42.404


                               ---------- POWER BUDGET ---------
                               INPUT POWER   =  4.0029E-03 Watts
                               RADIATED POWER=  4.0029E-03 Watts
                               STRUCTURE LOSS=  0.0000E+00 Watts
                               NETWORK LOSS  =  0.0000E+00 Watts
                               EFFICIENCY    =  100.00 Percent



  DATA CARD No:   5 EN   0     0     0     0  0.00000E+00  0.00000E+00  0.00000E+00  0.00000E+00  0.00000E+00  0.00000E+00

  TOTAL RUN TIME: 0 msec