


                               __________________________________________
                              |                                          |
                              |  NUMERICAL ELECTROMAGNETICS CODE (nec2c) |
                              |   Translated to 'C' in Double Precision  |
                              |__________________________________________|



                               ---------------- COMMENTS ----------------
                               momwire#272 coaxial-rule measurement
                               straight Delta/a rung
                              



                               -------- STRUCTURE SPECIFICATION --------
                                     COORDINATES MUST BE INPUT IN
                                     METERS OR BE SCALED TO METERS
                                     BEFORE STRUCTURE INPUT IS ENDED

  WIRE                                                                                 SEG FIRST  LAST  TAG
   No:        X1         Y1         Z1         X2         Y2         Z2       RADIUS   No:   SEG   SEG  No:
     1    -0.25000    0.00000    0.00000    0.00000    0.00000    0.00000    0.01136    11     1    11    1
     2     0.00000    0.00000    0.00000    0.25000    0.00000    0.00000    0.01136    11    12    22    2

     TOTAL SEGMENTS USED: 22   SEGMENTS IN A SYMMETRIC CELL: 22   SYMMETRY FLAG: 0


                               ---------- SEGMENTATION DATA ----------
                                        COORDINATES IN METERS
                            I+ AND I- INDICATE THE SEGMENTS BEFORE AND AFTER I

   SEG    COORDINATES OF SEGM CENTER     SEGM    ORIENTATION ANGLES    WIRE    CONNECTION DATA   TAG
   No:       X         Y         Z      LENGTH     ALPHA      BETA    RADIUS    I-     I    I+   No:
     1   -0.2386    0.0000    0.0000    0.0227    0.0000    0.0000    0.0114     0     1     2     1
     2   -0.2159    0.0000    0.0000    0.0227    0.0000    0.0000    0.0114     1     2     3     1
     3   -0.1932    0.0000    0.0000    0.0227    0.0000    0.0000    0.0114     2     3     4     1
     4   -0.1705    0.0000    0.0000    0.0227    0.0000    0.0000    0.0114     3     4     5     1
     5   -0.1477    0.0000    0.0000    0.0227    0.0000    0.0000    0.0114     4     5     6     1
     6   -0.1250    0.0000    0.0000    0.0227    0.0000    0.0000    0.0114     5     6     7     1
     7   -0.1023    0.0000    0.0000    0.0227    0.0000    0.0000    0.0114     6     7     8     1
     8   -0.0795    0.0000    0.0000    0.0227    0.0000    0.0000    0.0114     7     8     9     1
     9   -0.0568    0.0000    0.0000    0.0227    0.0000    0.0000    0.0114     8     9    10     1
    10   -0.0341    0.0000    0.0000    0.0227    0.0000    0.0000    0.0114     9    10    11     1
    11   -0.0114    0.0000    0.0000    0.0227    0.0000    0.0000    0.0114    10    11    12     1
    12    0.0114    0.0000    0.0000    0.0227    0.0000    0.0000    0.0114    11    12    13     2
    13    0.0341    0.0000    0.0000    0.0227    0.0000    0.0000    0.0114    12    13    14     2
    14    0.0568    0.0000    0.0000    0.0227    0.0000    0.0000    0.0114    13    14    15     2
    15    0.0795    0.0000    0.0000    0.0227    0.0000    0.0000    0.0114    14    15    16     2
    16    0.1023    0.0000    0.0000    0.0227    0.0000    0.0000    0.0114    15    16    17     2
    17    0.1250    0.0000    0.0000    0.0227    0.0000    0.0000    0.0114    16    17    18     2
    18    0.1477    0.0000    0.0000    0.0227    0.0000    0.0000    0.0114    17    18    19     2
    19    0.1705    0.0000    0.0000    0.0227    0.0000    0.0000    0.0114    18    19    20     2
    20    0.1932    0.0000    0.0000    0.0227    0.0000    0.0000    0.0114    19    20    21     2
    21    0.2159    0.0000    0.0000    0.0227    0.0000    0.0000    0.0114    20    21    22     2
    22    0.2386    0.0000    0.0000    0.0227    0.0000    0.0000    0.0114    21    22     0     2



  DATA CARD No:   1 EX   0     1    10     0  1.00000E+00  0.00000E+00  0.00000E+00  0.00000E+00  0.00000E+00  0.00000E+00
  DATA CARD No:   2 FR   0     1     0     0  2.99792E+02  0.00000E+00  0.00000E+00  0.00000E+00  0.00000E+00  0.00000E+00
  DATA CARD No:   3 XQ   0     0     0     0  0.00000E+00  0.00000E+00  0.00000E+00  0.00000E+00  0.00000E+00  0.00000E+00


                               --------- FREQUENCY --------
                                FREQUENCY : 2.9979E+02 MHz
                                WAVELENGTH: 1.0000E+00 Mtr

                        APPROXIMATE INTEGRATION EMPLOYED FOR SEGMENTS 
                        THAT ARE MORE THAN 1.000 WAVELENGTHS APART


                          ------ STRUCTURE IMPEDANCE LOADING ------
                                 THIS STRUCTURE IS NOT LOADED


                            -------- ANTENNA ENVIRONMENT --------
                            FREE SPACE


                             ---------- MATRIX TIMING ----------
                               FILL: 0 msec  FACTOR: 0 msec


                        --------- ANTENNA INPUT PARAMETERS ---------
  TAG   SEG       VOLTAGE (VOLTS)         CURRENT (AMPS)         IMPEDANCE (OHMS)        ADMITTANCE (MHOS)     POWER
  No:   No:     REAL      IMAGINARY     REAL      IMAGINARY     REAL      IMAGINARY    REAL       IMAGINARY   (WATTS)
    1    10  1.0000E+00  0.0000E+00  7.3910E-03 -2.3935E-03  1.2246E+02  3.9657E+01  7.3910E-03 -2.3935E-03  3.6955E-03


                           -------- CURRENTS AND LOCATION --------
                                  DISTANCES IN WAVELENGTHS

   SEG  TAG    COORDINATES OF SEGM CENTER     SEGM    ------------- CURRENT (AMPS) -------------
   No:  No:       X         Y         Z      LENGTH     REAL      IMAGINARY    MAGN        PHASE
     1    1   -0.2386    0.0000    0.0000   0.02273  1.4798E-03 -1.2738E-03  1.9525E-03  -40.722
     2    1   -0.2159    0.0000    0.0000   0.02273  2.5333E-03 -2.0989E-03  3.2898E-03  -39.642
     3    1   -0.1932    0.0000    0.0000   0.02273  3.4765E-03 -2.7704E-03  4.4453E-03  -38.552
     4    1   -0.1705    0.0000    0.0000   0.02273  4.3262E-03 -3.3045E-03  5.4439E-03  -37.374
     5    1   -0.1477    0.0000    0.0000   0.02273  5.0885E-03 -3.7059E-03  6.2949E-03  -36.065
     6    1   -0.1250    0.0000    0.0000   0.02273  5.7588E-03 -3.9679E-03  6.9934E-03  -34.567
     7    1   -0.1023    0.0000    0.0000   0.02273  6.3308E-03 -4.0782E-03  7.5306E-03  -32.789
     8    1   -0.0795    0.0000    0.0000   0.02273  6.7974E-03 -4.0089E-03  7.8915E-03  -30.531
     9    1   -0.0568    0.0000    0.0000   0.02273  7.1524E-03 -3.7143E-03  8.0593E-03  -27.443
    10    1   -0.0341    0.0000    0.0000   0.02273  7.3910E-03 -2.3935E-03  7.7689E-03  -17.944
    11    1   -0.0114    0.0000    0.0000   0.02273  7.5097E-03 -4.1020E-03  8.5570E-03  -28.645
    12    2    0.0114    0.0000    0.0000   0.02273  7.5068E-03 -4.7777E-03  8.8982E-03  -32.475
    13    2    0.0341    0.0000    0.0000   0.02273  7.3824E-03 -5.2151E-03  9.0387E-03  -35.238
    14    2    0.0568    0.0000    0.0000   0.02273  7.1386E-03 -5.4542E-03  8.9837E-03  -37.382
    15    2    0.0795    0.0000    0.0000   0.02273  6.7788E-03 -5.5182E-03  8.7409E-03  -39.147
    16    2    0.1023    0.0000    0.0000   0.02273  6.3085E-03 -5.4166E-03  8.3148E-03  -40.650
    17    2    0.1250    0.0000    0.0000   0.02273  5.7339E-03 -5.1563E-03  7.7114E-03  -41.964
    18    2    0.1477    0.0000    0.0000   0.02273  5.0622E-03 -4.7434E-03  6.9372E-03  -43.138
    19    2    0.1705    0.0000    0.0000   0.02273  4.3001E-03 -4.1825E-03  5.9986E-03  -44.206
    20    2    0.1932    0.0000    0.0000   0.02273  3.4523E-03 -3.4761E-03  4.8992E-03  -45.196
    21    2    0.2159    0.0000    0.0000   0.02273  2.5133E-03 -2.6149E-03  3.6269E-03  -46.135
    22    2    0.2386    0.0000    0.0000   0.02273  1.4666E-03 -1.5772E-03  2.1537E-03  -47.082


                               ---------- POWER BUDGET ---------
                               INPUT POWER   =  3.6955E-03 Watts
                               RADIATED POWER=  3.6955E-03 Watts
                               STRUCTURE LOSS=  0.0000E+00 Watts
                               NETWORK LOSS  =  0.0000E+00 Watts
                               EFFICIENCY    =  100.00 Percent



  DATA CARD No:   4 EN   0     0     0     0  0.00000E+00  0.00000E+00  0.00000E+00  0.00000E+00  0.00000E+00  0.00000E+00

  TOTAL RUN TIME: 0 msec