


                               __________________________________________
                              |                                          |
                              |  NUMERICAL ELECTROMAGNETICS CODE (nec2c) |
                              |   Translated to 'C' in Double Precision  |
                              |__________________________________________|



                               ---------------- COMMENTS ----------------
                               momwire#272 coaxial-rule measurement
                               straight Delta/a rung
                              



                               -------- STRUCTURE SPECIFICATION --------
                                     COORDINATES MUST BE INPUT IN
                                     METERS OR BE SCALED TO METERS
                                     BEFORE STRUCTURE INPUT IS ENDED

  WIRE                                                                                 SEG FIRST  LAST  TAG
   No:        X1         Y1         Z1         X2         Y2         Z2       RADIUS   No:   SEG   SEG  No:
     1    -0.25000    0.00000    0.00000    0.00000    0.00000    0.00000    0.00758    11     1    11    1
     2     0.00000    0.00000    0.00000    0.25000    0.00000    0.00000    0.00758    11    12    22    2

     TOTAL SEGMENTS USED: 22   SEGMENTS IN A SYMMETRIC CELL: 22   SYMMETRY FLAG: 0


                               ---------- SEGMENTATION DATA ----------
                                        COORDINATES IN METERS
                            I+ AND I- INDICATE THE SEGMENTS BEFORE AND AFTER I

   SEG    COORDINATES OF SEGM CENTER     SEGM    ORIENTATION ANGLES    WIRE    CONNECTION DATA   TAG
   No:       X         Y         Z      LENGTH     ALPHA      BETA    RADIUS    I-     I    I+   No:
     1   -0.2386    0.0000    0.0000    0.0227    0.0000    0.0000    0.0076     0     1     2     1
     2   -0.2159    0.0000    0.0000    0.0227    0.0000    0.0000    0.0076     1     2     3     1
     3   -0.1932    0.0000    0.0000    0.0227    0.0000    0.0000    0.0076     2     3     4     1
     4   -0.1705    0.0000    0.0000    0.0227    0.0000    0.0000    0.0076     3     4     5     1
     5   -0.1477    0.0000    0.0000    0.0227    0.0000    0.0000    0.0076     4     5     6     1
     6   -0.1250    0.0000    0.0000    0.0227    0.0000    0.0000    0.0076     5     6     7     1
     7   -0.1023    0.0000    0.0000    0.0227    0.0000    0.0000    0.0076     6     7     8     1
     8   -0.0795    0.0000    0.0000    0.0227    0.0000    0.0000    0.0076     7     8     9     1
     9   -0.0568    0.0000    0.0000    0.0227    0.0000    0.0000    0.0076     8     9    10     1
    10   -0.0341    0.0000    0.0000    0.0227    0.0000    0.0000    0.0076     9    10    11     1
    11   -0.0114    0.0000    0.0000    0.0227    0.0000    0.0000    0.0076    10    11    12     1
    12    0.0114    0.0000    0.0000    0.0227    0.0000    0.0000    0.0076    11    12    13     2
    13    0.0341    0.0000    0.0000    0.0227    0.0000    0.0000    0.0076    12    13    14     2
    14    0.0568    0.0000    0.0000    0.0227    0.0000    0.0000    0.0076    13    14    15     2
    15    0.0795    0.0000    0.0000    0.0227    0.0000    0.0000    0.0076    14    15    16     2
    16    0.1023    0.0000    0.0000    0.0227    0.0000    0.0000    0.0076    15    16    17     2
    17    0.1250    0.0000    0.0000    0.0227    0.0000    0.0000    0.0076    16    17    18     2
    18    0.1477    0.0000    0.0000    0.0227    0.0000    0.0000    0.0076    17    18    19     2
    19    0.1705    0.0000    0.0000    0.0227    0.0000    0.0000    0.0076    18    19    20     2
    20    0.1932    0.0000    0.0000    0.0227    0.0000    0.0000    0.0076    19    20    21     2
    21    0.2159    0.0000    0.0000    0.0227    0.0000    0.0000    0.0076    20    21    22     2
    22    0.2386    0.0000    0.0000    0.0227    0.0000    0.0000    0.0076    21    22     0     2



  DATA CARD No:   1 EK   0     0     0     0  0.00000E+00  0.00000E+00  0.00000E+00  0.00000E+00  0.00000E+00  0.00000E+00
  DATA CARD No:   2 EX   0     1    10     0  1.00000E+00  0.00000E+00  0.00000E+00  0.00000E+00  0.00000E+00  0.00000E+00
  DATA CARD No:   3 FR   0     1     0     0  2.99792E+02  0.00000E+00  0.00000E+00  0.00000E+00  0.00000E+00  0.00000E+00
  DATA CARD No:   4 XQ   0     0     0     0  0.00000E+00  0.00000E+00  0.00000E+00  0.00000E+00  0.00000E+00  0.00000E+00


                               --------- FREQUENCY --------
                                FREQUENCY : 2.9979E+02 MHz
                                WAVELENGTH: 1.0000E+00 Mtr

                        APPROXIMATE INTEGRATION EMPLOYED FOR SEGMENTS 
                        THAT ARE MORE THAN 1.000 WAVELENGTHS APART
                        THE EXTENDED THIN WIRE KERNEL WILL BE USED


                          ------ STRUCTURE IMPEDANCE LOADING ------
                                 THIS STRUCTURE IS NOT LOADED


                            -------- ANTENNA ENVIRONMENT --------
                            FREE SPACE


                             ---------- MATRIX TIMING ----------
                               FILL: 0 msec  FACTOR: 0 msec


                        --------- ANTENNA INPUT PARAMETERS ---------
  TAG   SEG       VOLTAGE (VOLTS)         CURRENT (AMPS)         IMPEDANCE (OHMS)        ADMITTANCE (MHOS)     POWER
  No:   No:     REAL      IMAGINARY     REAL      IMAGINARY     REAL      IMAGINARY    REAL       IMAGINARY   (WATTS)
    1    10  1.0000E+00  0.0000E+00  7.8208E-03 -3.3865E-03  1.0768E+02  4.6625E+01  7.8208E-03 -3.3865E-03  3.9104E-03


                           -------- CURRENTS AND LOCATION --------
                                  DISTANCES IN WAVELENGTHS

   SEG  TAG    COORDINATES OF SEGM CENTER     SEGM    ------------- CURRENT (AMPS) -------------
   No:  No:       X         Y         Z      LENGTH     REAL      IMAGINARY    MAGN        PHASE
     1    1   -0.2386    0.0000    0.0000   0.02273  1.2273E-03 -9.8926E-04  1.5763E-03  -38.871
     2    1   -0.2159    0.0000    0.0000   0.02273  2.4557E-03 -1.9200E-03  3.1172E-03  -38.019
     3    1   -0.1932    0.0000    0.0000   0.02273  3.4916E-03 -2.6413E-03  4.3781E-03  -37.106
     4    1   -0.1705    0.0000    0.0000   0.02273  4.4291E-03 -3.2326E-03  5.4833E-03  -36.124
     5    1   -0.1477    0.0000    0.0000   0.02273  5.2706E-03 -3.6957E-03  6.4372E-03  -35.038
     6    1   -0.1250    0.0000    0.0000   0.02273  6.0116E-03 -4.0251E-03  7.2347E-03  -33.805
     7    1   -0.1023    0.0000    0.0000   0.02273  6.6445E-03 -4.2094E-03  7.8656E-03  -32.355
     8    1   -0.0795    0.0000    0.0000   0.02273  7.1615E-03 -4.2299E-03  8.3174E-03  -30.568
     9    1   -0.0568    0.0000    0.0000   0.02273  7.5555E-03 -3.9911E-03  8.5448E-03  -27.845
    10    1   -0.0341    0.0000    0.0000   0.02273  7.8208E-03 -3.3865E-03  8.5225E-03  -23.413
    11    1   -0.0114    0.0000    0.0000   0.02273  7.9534E-03 -4.3784E-03  9.0790E-03  -28.833
    12    2    0.0114    0.0000    0.0000   0.02273  7.9515E-03 -4.9980E-03  9.3918E-03  -32.152
    13    2    0.0341    0.0000    0.0000   0.02273  7.8151E-03 -5.3452E-03  9.4682E-03  -34.370
    14    2    0.0568    0.0000    0.0000   0.02273  7.5463E-03 -5.5099E-03  9.3438E-03  -36.135
    15    2    0.0795    0.0000    0.0000   0.02273  7.1493E-03 -5.5061E-03  9.0239E-03  -37.602
    16    2    0.1023    0.0000    0.0000   0.02273  6.6299E-03 -5.3424E-03  8.5145E-03  -38.862
    17    2    0.1250    0.0000    0.0000   0.02273  5.9953E-03 -5.0255E-03  7.8230E-03  -39.971
    18    2    0.1477    0.0000    0.0000   0.02273  5.2536E-03 -4.5614E-03  6.9575E-03  -40.966
    19    2    0.1705    0.0000    0.0000   0.02273  4.4125E-03 -3.9556E-03  5.9259E-03  -41.875
    20    2    0.1932    0.0000    0.0000   0.02273  3.4766E-03 -3.2102E-03  4.7320E-03  -42.719
    21    2    0.2159    0.0000    0.0000   0.02273  2.4437E-03 -2.3206E-03  3.3700E-03  -43.520
    22    2    0.2386    0.0000    0.0000   0.02273  1.2205E-03 -1.1902E-03  1.7048E-03  -44.279


                               ---------- POWER BUDGET ---------
                               INPUT POWER   =  3.9104E-03 Watts
                               RADIATED POWER=  3.9104E-03 Watts
                               STRUCTURE LOSS=  0.0000E+00 Watts
                               NETWORK LOSS  =  0.0000E+00 Watts
                               EFFICIENCY    =  100.00 Percent



  DATA CARD No:   5 EN   0     0     0     0  0.00000E+00  0.00000E+00  0.00000E+00  0.00000E+00  0.00000E+00  0.00000E+00

  TOTAL RUN TIME: 0 msec