


                               __________________________________________
                              |                                          |
                              |  NUMERICAL ELECTROMAGNETICS CODE (nec2c) |
                              |   Translated to 'C' in Double Precision  |
                              |__________________________________________|



                               ---------------- COMMENTS ----------------
                               momwire#272 coaxial-rule measurement
                               straight Delta/a rung
                              



                               -------- STRUCTURE SPECIFICATION --------
                                     COORDINATES MUST BE INPUT IN
                                     METERS OR BE SCALED TO METERS
                                     BEFORE STRUCTURE INPUT IS ENDED

  WIRE                                                                                 SEG FIRST  LAST  TAG
   No:        X1         Y1         Z1         X2         Y2         Z2       RADIUS   No:   SEG   SEG  No:
     1    -0.25000    0.00000    0.00000    0.00000    0.00000    0.00000    0.00227    11     1    11    1
     2     0.00000    0.00000    0.00000    0.25000    0.00000    0.00000    0.00227    11    12    22    2

     TOTAL SEGMENTS USED: 22   SEGMENTS IN A SYMMETRIC CELL: 22   SYMMETRY FLAG: 0


                               ---------- SEGMENTATION DATA ----------
                                        COORDINATES IN METERS
                            I+ AND I- INDICATE THE SEGMENTS BEFORE AND AFTER I

   SEG    COORDINATES OF SEGM CENTER     SEGM    ORIENTATION ANGLES    WIRE    CONNECTION DATA   TAG
   No:       X         Y         Z      LENGTH     ALPHA      BETA    RADIUS    I-     I    I+   No:
     1   -0.2386    0.0000    0.0000    0.0227    0.0000    0.0000    0.0023     0     1     2     1
     2   -0.2159    0.0000    0.0000    0.0227    0.0000    0.0000    0.0023     1     2     3     1
     3   -0.1932    0.0000    0.0000    0.0227    0.0000    0.0000    0.0023     2     3     4     1
     4   -0.1705    0.0000    0.0000    0.0227    0.0000    0.0000    0.0023     3     4     5     1
     5   -0.1477    0.0000    0.0000    0.0227    0.0000    0.0000    0.0023     4     5     6     1
     6   -0.1250    0.0000    0.0000    0.0227    0.0000    0.0000    0.0023     5     6     7     1
     7   -0.1023    0.0000    0.0000    0.0227    0.0000    0.0000    0.0023     6     7     8     1
     8   -0.0795    0.0000    0.0000    0.0227    0.0000    0.0000    0.0023     7     8     9     1
     9   -0.0568    0.0000    0.0000    0.0227    0.0000    0.0000    0.0023     8     9    10     1
    10   -0.0341    0.0000    0.0000    0.0227    0.0000    0.0000    0.0023     9    10    11     1
    11   -0.0114    0.0000    0.0000    0.0227    0.0000    0.0000    0.0023    10    11    12     1
    12    0.0114    0.0000    0.0000    0.0227    0.0000    0.0000    0.0023    11    12    13     2
    13    0.0341    0.0000    0.0000    0.0227    0.0000    0.0000    0.0023    12    13    14     2
    14    0.0568    0.0000    0.0000    0.0227    0.0000    0.0000    0.0023    13    14    15     2
    15    0.0795    0.0000    0.0000    0.0227    0.0000    0.0000    0.0023    14    15    16     2
    16    0.1023    0.0000    0.0000    0.0227    0.0000    0.0000    0.0023    15    16    17     2
    17    0.1250    0.0000    0.0000    0.0227    0.0000    0.0000    0.0023    16    17    18     2
    18    0.1477    0.0000    0.0000    0.0227    0.0000    0.0000    0.0023    17    18    19     2
    19    0.1705    0.0000    0.0000    0.0227    0.0000    0.0000    0.0023    18    19    20     2
    20    0.1932    0.0000    0.0000    0.0227    0.0000    0.0000    0.0023    19    20    21     2
    21    0.2159    0.0000    0.0000    0.0227    0.0000    0.0000    0.0023    20    21    22     2
    22    0.2386    0.0000    0.0000    0.0227    0.0000    0.0000    0.0023    21    22     0     2



  DATA CARD No:   1 EK   0     0     0     0  0.00000E+00  0.00000E+00  0.00000E+00  0.00000E+00  0.00000E+00  0.00000E+00
  DATA CARD No:   2 EX   0     1    10     0  1.00000E+00  0.00000E+00  0.00000E+00  0.00000E+00  0.00000E+00  0.00000E+00
  DATA CARD No:   3 FR   0     1     0     0  2.99792E+02  0.00000E+00  0.00000E+00  0.00000E+00  0.00000E+00  0.00000E+00
  DATA CARD No:   4 XQ   0     0     0     0  0.00000E+00  0.00000E+00  0.00000E+00  0.00000E+00  0.00000E+00  0.00000E+00


                               --------- FREQUENCY --------
                                FREQUENCY : 2.9979E+02 MHz
                                WAVELENGTH: 1.0000E+00 Mtr

                        APPROXIMATE INTEGRATION EMPLOYED FOR SEGMENTS 
                        THAT ARE MORE THAN 1.000 WAVELENGTHS APART
                        THE EXTENDED THIN WIRE KERNEL WILL BE USED


                          ------ STRUCTURE IMPEDANCE LOADING ------
                                 THIS STRUCTURE IS NOT LOADED


                            -------- ANTENNA ENVIRONMENT --------
                            FREE SPACE


                             ---------- MATRIX TIMING ----------
                               FILL: 0 msec  FACTOR: 0 msec


                        --------- ANTENNA INPUT PARAMETERS ---------
  TAG   SEG       VOLTAGE (VOLTS)         CURRENT (AMPS)         IMPEDANCE (OHMS)        ADMITTANCE (MHOS)     POWER
  No:   No:     REAL      IMAGINARY     REAL      IMAGINARY     REAL      IMAGINARY    REAL       IMAGINARY   (WATTS)
    1    10  1.0000E+00  0.0000E+00  8.2230E-03 -4.4631E-03  9.3937E+01  5.0985E+01  8.2230E-03 -4.4631E-03  4.1115E-03


                           -------- CURRENTS AND LOCATION --------
                                  DISTANCES IN WAVELENGTHS

   SEG  TAG    COORDINATES OF SEGM CENTER     SEGM    ------------- CURRENT (AMPS) -------------
   No:  No:       X         Y         Z      LENGTH     REAL      IMAGINARY    MAGN        PHASE
     1    1   -0.2386    0.0000    0.0000   0.02273  9.7070E-04 -7.3452E-04  1.2173E-03  -37.114
     2    1   -0.2159    0.0000    0.0000   0.02273  2.2788E-03 -1.6889E-03  2.8364E-03  -36.543
     3    1   -0.1932    0.0000    0.0000   0.02273  3.4088E-03 -2.4701E-03  4.2097E-03  -35.927
     4    1   -0.1705    0.0000    0.0000   0.02273  4.4405E-03 -3.1403E-03  5.4387E-03  -35.267
     5    1   -0.1477    0.0000    0.0000   0.02273  5.3727E-03 -3.6989E-03  6.5229E-03  -34.546
     6    1   -0.1250    0.0000    0.0000   0.02273  6.1972E-03 -4.1393E-03  7.4524E-03  -33.740
     7    1   -0.1023    0.0000    0.0000   0.02273  6.9038E-03 -4.4519E-03  8.2148E-03  -32.816
     8    1   -0.0795    0.0000    0.0000   0.02273  7.4826E-03 -4.6235E-03  8.7958E-03  -31.712
     9    1   -0.0568    0.0000    0.0000   0.02273  7.9246E-03 -4.6152E-03  9.1706E-03  -30.216
    10    1   -0.0341    0.0000    0.0000   0.02273  8.2230E-03 -4.4631E-03  9.3561E-03  -28.491
    11    1   -0.0114    0.0000    0.0000   0.02273  8.3731E-03 -4.9997E-03  9.7522E-03  -30.842
    12    2    0.0114    0.0000    0.0000   0.02273  8.3722E-03 -5.3858E-03  9.9550E-03  -32.753
    13    2    0.0341    0.0000    0.0000   0.02273  8.2206E-03 -5.5786E-03  9.9348E-03  -34.161
    14    2    0.0568    0.0000    0.0000   0.02273  7.9207E-03 -5.6111E-03  9.7069E-03  -35.314
    15    2    0.0795    0.0000    0.0000   0.02273  7.4774E-03 -5.4916E-03  9.2774E-03  -36.295
    16    2    0.1023    0.0000    0.0000   0.02273  6.8977E-03 -5.2262E-03  8.6540E-03  -37.150
    17    2    0.1250    0.0000    0.0000   0.02273  6.1904E-03 -4.8212E-03  7.8464E-03  -37.912
    18    2    0.1477    0.0000    0.0000   0.02273  5.3657E-03 -4.2837E-03  6.8659E-03  -38.602
    19    2    0.1705    0.0000    0.0000   0.02273  4.4338E-03 -3.6207E-03  5.7244E-03  -39.236
    20    2    0.1932    0.0000    0.0000   0.02273  3.4029E-03 -2.8379E-03  4.4309E-03  -39.826
    21    2    0.2159    0.0000    0.0000   0.02273  2.2743E-03 -1.9346E-03  2.9858E-03  -40.386
    22    2    0.2386    0.0000    0.0000   0.02273  9.6856E-04 -8.3930E-04  1.2816E-03  -40.910


                               ---------- POWER BUDGET ---------
                               INPUT POWER   =  4.1115E-03 Watts
                               RADIATED POWER=  4.1115E-03 Watts
                               STRUCTURE LOSS=  0.0000E+00 Watts
                               NETWORK LOSS  =  0.0000E+00 Watts
                               EFFICIENCY    =  100.00 Percent



  DATA CARD No:   5 EN   0     0     0     0  0.00000E+00  0.00000E+00  0.00000E+00  0.00000E+00  0.00000E+00  0.00000E+00

  TOTAL RUN TIME: 0 msec