


                               __________________________________________
                              |                                          |
                              |  NUMERICAL ELECTROMAGNETICS CODE (nec2c) |
                              |   Translated to 'C' in Double Precision  |
                              |__________________________________________|



                               ---------------- COMMENTS ----------------
                               momwire#272 coaxial-rule measurement
                               straight Delta/a rung
                              



                               -------- STRUCTURE SPECIFICATION --------
                                     COORDINATES MUST BE INPUT IN
                                     METERS OR BE SCALED TO METERS
                                     BEFORE STRUCTURE INPUT IS ENDED

  WIRE                                                                                 SEG FIRST  LAST  TAG
   No:        X1         Y1         Z1         X2         Y2         Z2       RADIUS   No:   SEG   SEG  No:
     1    -0.25000    0.00000    0.00000    0.00000    0.00000    0.00000    0.00227    11     1    11    1
     2     0.00000    0.00000    0.00000    0.25000    0.00000    0.00000    0.00227    11    12    22    2

     TOTAL SEGMENTS USED: 22   SEGMENTS IN A SYMMETRIC CELL: 22   SYMMETRY FLAG: 0


                               ---------- SEGMENTATION DATA ----------
                                        COORDINATES IN METERS
                            I+ AND I- INDICATE THE SEGMENTS BEFORE AND AFTER I

   SEG    COORDINATES OF SEGM CENTER     SEGM    ORIENTATION ANGLES    WIRE    CONNECTION DATA   TAG
   No:       X         Y         Z      LENGTH     ALPHA      BETA    RADIUS    I-     I    I+   No:
     1   -0.2386    0.0000    0.0000    0.0227    0.0000    0.0000    0.0023     0     1     2     1
     2   -0.2159    0.0000    0.0000    0.0227    0.0000    0.0000    0.0023     1     2     3     1
     3   -0.1932    0.0000    0.0000    0.0227    0.0000    0.0000    0.0023     2     3     4     1
     4   -0.1705    0.0000    0.0000    0.0227    0.0000    0.0000    0.0023     3     4     5     1
     5   -0.1477    0.0000    0.0000    0.0227    0.0000    0.0000    0.0023     4     5     6     1
     6   -0.1250    0.0000    0.0000    0.0227    0.0000    0.0000    0.0023     5     6     7     1
     7   -0.1023    0.0000    0.0000    0.0227    0.0000    0.0000    0.0023     6     7     8     1
     8   -0.0795    0.0000    0.0000    0.0227    0.0000    0.0000    0.0023     7     8     9     1
     9   -0.0568    0.0000    0.0000    0.0227    0.0000    0.0000    0.0023     8     9    10     1
    10   -0.0341    0.0000    0.0000    0.0227    0.0000    0.0000    0.0023     9    10    11     1
    11   -0.0114    0.0000    0.0000    0.0227    0.0000    0.0000    0.0023    10    11    12     1
    12    0.0114    0.0000    0.0000    0.0227    0.0000    0.0000    0.0023    11    12    13     2
    13    0.0341    0.0000    0.0000    0.0227    0.0000    0.0000    0.0023    12    13    14     2
    14    0.0568    0.0000    0.0000    0.0227    0.0000    0.0000    0.0023    13    14    15     2
    15    0.0795    0.0000    0.0000    0.0227    0.0000    0.0000    0.0023    14    15    16     2
    16    0.1023    0.0000    0.0000    0.0227    0.0000    0.0000    0.0023    15    16    17     2
    17    0.1250    0.0000    0.0000    0.0227    0.0000    0.0000    0.0023    16    17    18     2
    18    0.1477    0.0000    0.0000    0.0227    0.0000    0.0000    0.0023    17    18    19     2
    19    0.1705    0.0000    0.0000    0.0227    0.0000    0.0000    0.0023    18    19    20     2
    20    0.1932    0.0000    0.0000    0.0227    0.0000    0.0000    0.0023    19    20    21     2
    21    0.2159    0.0000    0.0000    0.0227    0.0000    0.0000    0.0023    20    21    22     2
    22    0.2386    0.0000    0.0000    0.0227    0.0000    0.0000    0.0023    21    22     0     2



  DATA CARD No:   1 EX   0     1    10     0  1.00000E+00  0.00000E+00  0.00000E+00  0.00000E+00  0.00000E+00  0.00000E+00
  DATA CARD No:   2 FR   0     1     0     0  2.99792E+02  0.00000E+00  0.00000E+00  0.00000E+00  0.00000E+00  0.00000E+00
  DATA CARD No:   3 XQ   0     0     0     0  0.00000E+00  0.00000E+00  0.00000E+00  0.00000E+00  0.00000E+00  0.00000E+00


                               --------- FREQUENCY --------
                                FREQUENCY : 2.9979E+02 MHz
                                WAVELENGTH: 1.0000E+00 Mtr

                        APPROXIMATE INTEGRATION EMPLOYED FOR SEGMENTS 
                        THAT ARE MORE THAN 1.000 WAVELENGTHS APART


                          ------ STRUCTURE IMPEDANCE LOADING ------
                                 THIS STRUCTURE IS NOT LOADED


                            -------- ANTENNA ENVIRONMENT --------
                            FREE SPACE


                             ---------- MATRIX TIMING ----------
                               FILL: 0 msec  FACTOR: 0 msec


                        --------- ANTENNA INPUT PARAMETERS ---------
  TAG   SEG       VOLTAGE (VOLTS)         CURRENT (AMPS)         IMPEDANCE (OHMS)        ADMITTANCE (MHOS)     POWER
  No:   No:     REAL      IMAGINARY     REAL      IMAGINARY     REAL      IMAGINARY    REAL       IMAGINARY   (WATTS)
    1    10  1.0000E+00  0.0000E+00  8.1859E-03 -4.4684E-03  9.4117E+01  5.1375E+01  8.1859E-03 -4.4684E-03  4.0929E-03


                           -------- CURRENTS AND LOCATION --------
                                  DISTANCES IN WAVELENGTHS

   SEG  TAG    COORDINATES OF SEGM CENTER     SEGM    ------------- CURRENT (AMPS) -------------
   No:  No:       X         Y         Z      LENGTH     REAL      IMAGINARY    MAGN        PHASE
     1    1   -0.2386    0.0000    0.0000   0.02273  9.7270E-04 -7.4030E-04  1.2224E-03  -37.274
     2    1   -0.2159    0.0000    0.0000   0.02273  2.2738E-03 -1.6950E-03  2.8360E-03  -36.702
     3    1   -0.1932    0.0000    0.0000   0.02273  3.3974E-03 -2.4761E-03  4.2039E-03  -36.085
     4    1   -0.1705    0.0000    0.0000   0.02273  4.4235E-03 -3.1465E-03  5.4284E-03  -35.425
     5    1   -0.1477    0.0000    0.0000   0.02273  5.3507E-03 -3.7053E-03  6.5084E-03  -34.703
     6    1   -0.1250    0.0000    0.0000   0.02273  6.1708E-03 -4.1460E-03  7.4343E-03  -33.896
     7    1   -0.1023    0.0000    0.0000   0.02273  6.8737E-03 -4.4589E-03  8.1932E-03  -32.971
     8    1   -0.0795    0.0000    0.0000   0.02273  7.4493E-03 -4.6308E-03  8.7713E-03  -31.866
     9    1   -0.0568    0.0000    0.0000   0.02273  7.8890E-03 -4.6226E-03  9.1436E-03  -30.368
    10    1   -0.0341    0.0000    0.0000   0.02273  8.1859E-03 -4.4684E-03  9.3261E-03  -28.629
    11    1   -0.0114    0.0000    0.0000   0.02273  8.3351E-03 -5.0073E-03  9.7236E-03  -30.995
    12    2    0.0114    0.0000    0.0000   0.02273  8.3343E-03 -5.3935E-03  9.9272E-03  -32.909
    13    2    0.0341    0.0000    0.0000   0.02273  8.1835E-03 -5.5862E-03  9.9083E-03  -34.318
    14    2    0.0568    0.0000    0.0000   0.02273  7.8852E-03 -5.6187E-03  9.6822E-03  -35.472
    15    2    0.0795    0.0000    0.0000   0.02273  7.4442E-03 -5.4990E-03  9.2550E-03  -36.453
    16    2    0.1023    0.0000    0.0000   0.02273  6.8675E-03 -5.2335E-03  8.6344E-03  -37.310
    17    2    0.1250    0.0000    0.0000   0.02273  6.1640E-03 -4.8284E-03  7.8300E-03  -38.072
    18    2    0.1477    0.0000    0.0000   0.02273  5.3437E-03 -4.2907E-03  6.8531E-03  -38.763
    19    2    0.1705    0.0000    0.0000   0.02273  4.4168E-03 -3.6276E-03  5.7155E-03  -39.397
    20    2    0.1932    0.0000    0.0000   0.02273  3.3914E-03 -2.8445E-03  4.4264E-03  -39.988
    21    2    0.2159    0.0000    0.0000   0.02273  2.2693E-03 -1.9414E-03  2.9864E-03  -40.548
    22    2    0.2386    0.0000    0.0000   0.02273  9.7054E-04 -8.4585E-04  1.2874E-03  -41.073


                               ---------- POWER BUDGET ---------
                               INPUT POWER   =  4.0929E-03 Watts
                               RADIATED POWER=  4.0929E-03 Watts
                               STRUCTURE LOSS=  0.0000E+00 Watts
                               NETWORK LOSS  =  0.0000E+00 Watts
                               EFFICIENCY    =  100.00 Percent



  DATA CARD No:   4 EN   0     0     0     0  0.00000E+00  0.00000E+00  0.00000E+00  0.00000E+00  0.00000E+00  0.00000E+00

  TOTAL RUN TIME: 0 msec