


                               __________________________________________
                              |                                          |
                              |  NUMERICAL ELECTROMAGNETICS CODE (nec2c) |
                              |   Translated to 'C' in Double Precision  |
                              |__________________________________________|



                               ---------------- COMMENTS ----------------
                               momwire#272 coaxial-rule measurement
                               straight Delta/a rung
                              



                               -------- STRUCTURE SPECIFICATION --------
                                     COORDINATES MUST BE INPUT IN
                                     METERS OR BE SCALED TO METERS
                                     BEFORE STRUCTURE INPUT IS ENDED

  WIRE                                                                                 SEG FIRST  LAST  TAG
   No:        X1         Y1         Z1         X2         Y2         Z2       RADIUS   No:   SEG   SEG  No:
     1    -0.25000    0.00000    0.00000    0.00000    0.00000    0.00000    0.00568    11     1    11    1
     2     0.00000    0.00000    0.00000    0.25000    0.00000    0.00000    0.00568    11    12    22    2

     TOTAL SEGMENTS USED: 22   SEGMENTS IN A SYMMETRIC CELL: 22   SYMMETRY FLAG: 0


                               ---------- SEGMENTATION DATA ----------
                                        COORDINATES IN METERS
                            I+ AND I- INDICATE THE SEGMENTS BEFORE AND AFTER I

   SEG    COORDINATES OF SEGM CENTER     SEGM    ORIENTATION ANGLES    WIRE    CONNECTION DATA   TAG
   No:       X         Y         Z      LENGTH     ALPHA      BETA    RADIUS    I-     I    I+   No:
     1   -0.2386    0.0000    0.0000    0.0227    0.0000    0.0000    0.0057     0     1     2     1
     2   -0.2159    0.0000    0.0000    0.0227    0.0000    0.0000    0.0057     1     2     3     1
     3   -0.1932    0.0000    0.0000    0.0227    0.0000    0.0000    0.0057     2     3     4     1
     4   -0.1705    0.0000    0.0000    0.0227    0.0000    0.0000    0.0057     3     4     5     1
     5   -0.1477    0.0000    0.0000    0.0227    0.0000    0.0000    0.0057     4     5     6     1
     6   -0.1250    0.0000    0.0000    0.0227    0.0000    0.0000    0.0057     5     6     7     1
     7   -0.1023    0.0000    0.0000    0.0227    0.0000    0.0000    0.0057     6     7     8     1
     8   -0.0795    0.0000    0.0000    0.0227    0.0000    0.0000    0.0057     7     8     9     1
     9   -0.0568    0.0000    0.0000    0.0227    0.0000    0.0000    0.0057     8     9    10     1
    10   -0.0341    0.0000    0.0000    0.0227    0.0000    0.0000    0.0057     9    10    11     1
    11   -0.0114    0.0000    0.0000    0.0227    0.0000    0.0000    0.0057    10    11    12     1
    12    0.0114    0.0000    0.0000    0.0227    0.0000    0.0000    0.0057    11    12    13     2
    13    0.0341    0.0000    0.0000    0.0227    0.0000    0.0000    0.0057    12    13    14     2
    14    0.0568    0.0000    0.0000    0.0227    0.0000    0.0000    0.0057    13    14    15     2
    15    0.0795    0.0000    0.0000    0.0227    0.0000    0.0000    0.0057    14    15    16     2
    16    0.1023    0.0000    0.0000    0.0227    0.0000    0.0000    0.0057    15    16    17     2
    17    0.1250    0.0000    0.0000    0.0227    0.0000    0.0000    0.0057    16    17    18     2
    18    0.1477    0.0000    0.0000    0.0227    0.0000    0.0000    0.0057    17    18    19     2
    19    0.1705    0.0000    0.0000    0.0227    0.0000    0.0000    0.0057    18    19    20     2
    20    0.1932    0.0000    0.0000    0.0227    0.0000    0.0000    0.0057    19    20    21     2
    21    0.2159    0.0000    0.0000    0.0227    0.0000    0.0000    0.0057    20    21    22     2
    22    0.2386    0.0000    0.0000    0.0227    0.0000    0.0000    0.0057    21    22     0     2



  DATA CARD No:   1 EX   0     1    10     0  1.00000E+00  0.00000E+00  0.00000E+00  0.00000E+00  0.00000E+00  0.00000E+00
  DATA CARD No:   2 FR   0     1     0     0  2.99792E+02  0.00000E+00  0.00000E+00  0.00000E+00  0.00000E+00  0.00000E+00
  DATA CARD No:   3 XQ   0     0     0     0  0.00000E+00  0.00000E+00  0.00000E+00  0.00000E+00  0.00000E+00  0.00000E+00


                               --------- FREQUENCY --------
                                FREQUENCY : 2.9979E+02 MHz
                                WAVELENGTH: 1.0000E+00 Mtr

                        APPROXIMATE INTEGRATION EMPLOYED FOR SEGMENTS 
                        THAT ARE MORE THAN 1.000 WAVELENGTHS APART


                          ------ STRUCTURE IMPEDANCE LOADING ------
                                 THIS STRUCTURE IS NOT LOADED


                            -------- ANTENNA ENVIRONMENT --------
                            FREE SPACE


                             ---------- MATRIX TIMING ----------
                               FILL: 0 msec  FACTOR: 0 msec


                        --------- ANTENNA INPUT PARAMETERS ---------
  TAG   SEG       VOLTAGE (VOLTS)         CURRENT (AMPS)         IMPEDANCE (OHMS)        ADMITTANCE (MHOS)     POWER
  No:   No:     REAL      IMAGINARY     REAL      IMAGINARY     REAL      IMAGINARY    REAL       IMAGINARY   (WATTS)
    1    10  1.0000E+00  0.0000E+00  7.7149E-03 -3.7484E-03  1.0486E+02  5.0949E+01  7.7149E-03 -3.7484E-03  3.8575E-03


                           -------- CURRENTS AND LOCATION --------
                                  DISTANCES IN WAVELENGTHS

   SEG  TAG    COORDINATES OF SEGM CENTER     SEGM    ------------- CURRENT (AMPS) -------------
   No:  No:       X         Y         Z      LENGTH     REAL      IMAGINARY    MAGN        PHASE
     1    1   -0.2386    0.0000    0.0000   0.02273  1.1675E-03 -9.5532E-04  1.5085E-03  -39.293
     2    1   -0.2159    0.0000    0.0000   0.02273  2.3698E-03 -1.8861E-03  3.0288E-03  -38.516
     3    1   -0.1932    0.0000    0.0000   0.02273  3.3949E-03 -2.6229E-03  4.2901E-03  -37.689
     4    1   -0.1705    0.0000    0.0000   0.02273  4.3273E-03 -3.2375E-03  5.4044E-03  -36.802
     5    1   -0.1477    0.0000    0.0000   0.02273  5.1660E-03 -3.7291E-03  6.3713E-03  -35.824
     6    1   -0.1250    0.0000    0.0000   0.02273  5.9056E-03 -4.0921E-03  7.1848E-03  -34.719
     7    1   -0.1023    0.0000    0.0000   0.02273  6.5380E-03 -4.3155E-03  7.8338E-03  -33.428
     8    1   -0.0795    0.0000    0.0000   0.02273  7.0550E-03 -4.3837E-03  8.3060E-03  -31.855
     9    1   -0.0568    0.0000    0.0000   0.02273  7.4492E-03 -4.2246E-03  8.5638E-03  -29.558
    10    1   -0.0341    0.0000    0.0000   0.02273  7.7149E-03 -3.7484E-03  8.5773E-03  -25.913
    11    1   -0.0114    0.0000    0.0000   0.02273  7.8480E-03 -4.6112E-03  9.1024E-03  -30.437
    12    2    0.0114    0.0000    0.0000   0.02273  7.8465E-03 -5.1502E-03  9.3857E-03  -33.280
    13    2    0.0341    0.0000    0.0000   0.02273  7.7104E-03 -5.4489E-03  9.4414E-03  -35.249
    14    2    0.0568    0.0000    0.0000   0.02273  7.4419E-03 -5.5734E-03  9.2976E-03  -36.830
    15    2    0.0795    0.0000    0.0000   0.02273  7.0452E-03 -5.5347E-03  8.9592E-03  -38.153
    16    2    0.1023    0.0000    0.0000   0.02273  6.5263E-03 -5.3406E-03  8.4329E-03  -39.294
    17    2    0.1250    0.0000    0.0000   0.02273  5.8926E-03 -4.9975E-03  7.7264E-03  -40.301
    18    2    0.1477    0.0000    0.0000   0.02273  5.1524E-03 -4.5118E-03  6.8486E-03  -41.207
    19    2    0.1705    0.0000    0.0000   0.02273  4.3141E-03 -3.8893E-03  5.8085E-03  -42.036
    20    2    0.1932    0.0000    0.0000   0.02273  3.3830E-03 -3.1333E-03  4.6111E-03  -42.806
    21    2    0.2159    0.0000    0.0000   0.02273  2.3604E-03 -2.2428E-03  3.2560E-03  -43.537
    22    2    0.2386    0.0000    0.0000   0.02273  1.1623E-03 -1.1316E-03  1.6221E-03  -44.234


                               ---------- POWER BUDGET ---------
                               INPUT POWER   =  3.8575E-03 Watts
                               RADIATED POWER=  3.8575E-03 Watts
                               STRUCTURE LOSS=  0.0000E+00 Watts
                               NETWORK LOSS  =  0.0000E+00 Watts
                               EFFICIENCY    =  100.00 Percent



  DATA CARD No:   4 EN   0     0     0     0  0.00000E+00  0.00000E+00  0.00000E+00  0.00000E+00  0.00000E+00  0.00000E+00

  TOTAL RUN TIME: 0 msec