


                               __________________________________________
                              |                                          |
                              |  NUMERICAL ELECTROMAGNETICS CODE (nec2c) |
                              |   Translated to 'C' in Double Precision  |
                              |__________________________________________|



                               ---------------- COMMENTS ----------------
                               momwire#272 coaxial-rule measurement
                               straight Delta/a rung
                              



                               -------- STRUCTURE SPECIFICATION --------
                                     COORDINATES MUST BE INPUT IN
                                     METERS OR BE SCALED TO METERS
                                     BEFORE STRUCTURE INPUT IS ENDED

  WIRE                                                                                 SEG FIRST  LAST  TAG
   No:        X1         Y1         Z1         X2         Y2         Z2       RADIUS   No:   SEG   SEG  No:
     1    -0.25000    0.00000    0.00000    0.00000    0.00000    0.00000    0.00091    11     1    11    1
     2     0.00000    0.00000    0.00000    0.25000    0.00000    0.00000    0.00091    11    12    22    2

     TOTAL SEGMENTS USED: 22   SEGMENTS IN A SYMMETRIC CELL: 22   SYMMETRY FLAG: 0


                               ---------- SEGMENTATION DATA ----------
                                        COORDINATES IN METERS
                            I+ AND I- INDICATE THE SEGMENTS BEFORE AND AFTER I

   SEG    COORDINATES OF SEGM CENTER     SEGM    ORIENTATION ANGLES    WIRE    CONNECTION DATA   TAG
   No:       X         Y         Z      LENGTH     ALPHA      BETA    RADIUS    I-     I    I+   No:
     1   -0.2386    0.0000    0.0000    0.0227    0.0000    0.0000    0.0009     0     1     2     1
     2   -0.2159    0.0000    0.0000    0.0227    0.0000    0.0000    0.0009     1     2     3     1
     3   -0.1932    0.0000    0.0000    0.0227    0.0000    0.0000    0.0009     2     3     4     1
     4   -0.1705    0.0000    0.0000    0.0227    0.0000    0.0000    0.0009     3     4     5     1
     5   -0.1477    0.0000    0.0000    0.0227    0.0000    0.0000    0.0009     4     5     6     1
     6   -0.1250    0.0000    0.0000    0.0227    0.0000    0.0000    0.0009     5     6     7     1
     7   -0.1023    0.0000    0.0000    0.0227    0.0000    0.0000    0.0009     6     7     8     1
     8   -0.0795    0.0000    0.0000    0.0227    0.0000    0.0000    0.0009     7     8     9     1
     9   -0.0568    0.0000    0.0000    0.0227    0.0000    0.0000    0.0009     8     9    10     1
    10   -0.0341    0.0000    0.0000    0.0227    0.0000    0.0000    0.0009     9    10    11     1
    11   -0.0114    0.0000    0.0000    0.0227    0.0000    0.0000    0.0009    10    11    12     1
    12    0.0114    0.0000    0.0000    0.0227    0.0000    0.0000    0.0009    11    12    13     2
    13    0.0341    0.0000    0.0000    0.0227    0.0000    0.0000    0.0009    12    13    14     2
    14    0.0568    0.0000    0.0000    0.0227    0.0000    0.0000    0.0009    13    14    15     2
    15    0.0795    0.0000    0.0000    0.0227    0.0000    0.0000    0.0009    14    15    16     2
    16    0.1023    0.0000    0.0000    0.0227    0.0000    0.0000    0.0009    15    16    17     2
    17    0.1250    0.0000    0.0000    0.0227    0.0000    0.0000    0.0009    16    17    18     2
    18    0.1477    0.0000    0.0000    0.0227    0.0000    0.0000    0.0009    17    18    19     2
    19    0.1705    0.0000    0.0000    0.0227    0.0000    0.0000    0.0009    18    19    20     2
    20    0.1932    0.0000    0.0000    0.0227    0.0000    0.0000    0.0009    19    20    21     2
    21    0.2159    0.0000    0.0000    0.0227    0.0000    0.0000    0.0009    20    21    22     2
    22    0.2386    0.0000    0.0000    0.0227    0.0000    0.0000    0.0009    21    22     0     2



  DATA CARD No:   1 EK   0     0     0     0  0.00000E+00  0.00000E+00  0.00000E+00  0.00000E+00  0.00000E+00  0.00000E+00
  DATA CARD No:   2 EX   0     1    10     0  1.00000E+00  0.00000E+00  0.00000E+00  0.00000E+00  0.00000E+00  0.00000E+00
  DATA CARD No:   3 FR   0     1     0     0  2.99792E+02  0.00000E+00  0.00000E+00  0.00000E+00  0.00000E+00  0.00000E+00
  DATA CARD No:   4 XQ   0     0     0     0  0.00000E+00  0.00000E+00  0.00000E+00  0.00000E+00  0.00000E+00  0.00000E+00


                               --------- FREQUENCY --------
                                FREQUENCY : 2.9979E+02 MHz
                                WAVELENGTH: 1.0000E+00 Mtr

                        APPROXIMATE INTEGRATION EMPLOYED FOR SEGMENTS 
                        THAT ARE MORE THAN 1.000 WAVELENGTHS APART
                        THE EXTENDED THIN WIRE KERNEL WILL BE USED


                          ------ STRUCTURE IMPEDANCE LOADING ------
                                 THIS STRUCTURE IS NOT LOADED


                            -------- ANTENNA ENVIRONMENT --------
                            FREE SPACE


                             ---------- MATRIX TIMING ----------
                               FILL: 0 msec  FACTOR: 0 msec


                        --------- ANTENNA INPUT PARAMETERS ---------
  TAG   SEG       VOLTAGE (VOLTS)         CURRENT (AMPS)         IMPEDANCE (OHMS)        ADMITTANCE (MHOS)     POWER
  No:   No:     REAL      IMAGINARY     REAL      IMAGINARY     REAL      IMAGINARY    REAL       IMAGINARY   (WATTS)
    1    10  1.0000E+00  0.0000E+00  8.5967E-03 -4.7810E-03  8.8844E+01  4.9410E+01  8.5967E-03 -4.7810E-03  4.2983E-03


                           -------- CURRENTS AND LOCATION --------
                                  DISTANCES IN WAVELENGTHS

   SEG  TAG    COORDINATES OF SEGM CENTER     SEGM    ------------- CURRENT (AMPS) -------------
   No:  No:       X         Y         Z      LENGTH     REAL      IMAGINARY    MAGN        PHASE
     1    1   -0.2386    0.0000    0.0000   0.02273  8.8283E-04 -6.2939E-04  1.0842E-03  -35.486
     2    1   -0.2159    0.0000    0.0000   0.02273  2.2401E-03 -1.5703E-03  2.7357E-03  -35.030
     3    1   -0.1932    0.0000    0.0000   0.02273  3.4383E-03 -2.3666E-03  4.1741E-03  -34.540
     4    1   -0.1705    0.0000    0.0000   0.02273  4.5377E-03 -3.0625E-03  5.4744E-03  -34.016
     5    1   -0.1477    0.0000    0.0000   0.02273  5.5345E-03 -3.6558E-03  6.6329E-03  -33.446
     6    1   -0.1250    0.0000    0.0000   0.02273  6.4183E-03 -4.1388E-03  7.6370E-03  -32.815
     7    1   -0.1023    0.0000    0.0000   0.02273  7.1771E-03 -4.5022E-03  8.4724E-03  -32.100
     8    1   -0.0795    0.0000    0.0000   0.02273  7.7994E-03 -4.7348E-03  9.1240E-03  -31.261
     9    1   -0.0568    0.0000    0.0000   0.02273  8.2752E-03 -4.8121E-03  9.5726E-03  -30.178
    10    1   -0.0341    0.0000    0.0000   0.02273  8.5967E-03 -4.7810E-03  9.8367E-03  -29.080
    11    1   -0.0114    0.0000    0.0000   0.02273  8.7586E-03 -5.1929E-03  1.0182E-02  -30.664
    12    2    0.0114    0.0000    0.0000   0.02273  8.7581E-03 -5.4896E-03  1.0336E-02  -32.080
    13    2    0.0341    0.0000    0.0000   0.02273  8.5952E-03 -5.6176E-03  1.0268E-02  -33.167
    14    2    0.0568    0.0000    0.0000   0.02273  8.2728E-03 -5.5951E-03  9.9872E-03  -34.071
    15    2    0.0795    0.0000    0.0000   0.02273  7.7962E-03 -5.4282E-03  9.4998E-03  -34.848
    16    2    0.1023    0.0000    0.0000   0.02273  7.1733E-03 -5.1226E-03  8.8146E-03  -35.531
    17    2    0.1250    0.0000    0.0000   0.02273  6.4142E-03 -4.6846E-03  7.9428E-03  -36.143
    18    2    0.1477    0.0000    0.0000   0.02273  5.5303E-03 -4.1220E-03  6.8974E-03  -36.699
    19    2    0.1705    0.0000    0.0000   0.02273  4.5336E-03 -3.4427E-03  5.6926E-03  -37.212
    20    2    0.1932    0.0000    0.0000   0.02273  3.4348E-03 -2.6538E-03  4.3406E-03  -37.690
    21    2    0.2159    0.0000    0.0000   0.02273  2.2375E-03 -1.7572E-03  2.8450E-03  -38.143
    22    2    0.2386    0.0000    0.0000   0.02273  8.8168E-04 -7.0305E-04  1.1277E-03  -38.569


                               ---------- POWER BUDGET ---------
                               INPUT POWER   =  4.2983E-03 Watts
                               RADIATED POWER=  4.2983E-03 Watts
                               STRUCTURE LOSS=  0.0000E+00 Watts
                               NETWORK LOSS  =  0.0000E+00 Watts
                               EFFICIENCY    =  100.00 Percent



  DATA CARD No:   5 EN   0     0     0     0  0.00000E+00  0.00000E+00  0.00000E+00  0.00000E+00  0.00000E+00  0.00000E+00

  TOTAL RUN TIME: 0 msec