1
 x13



                                ***********************************************
                                *                                             *
                                *  NUMERICAL ELECTROMAGNETICS CODE (NEC-5)    *
                                *                                             *
                                ***********************************************




                      **********************************************************

                          Dipole in free space                                                         
                                                                                                       
                          EZNEC Pro/2+ v. 7.0.4  2026-08-25 16:07:10                                   
                                                                                                       
                          ! Written by EZNEC/Pro+ v. 7.0 in NEC-5 format.                              
                                                                                                       

                      **********************************************************





                                 - - - STRUCTURE SPECIFICATION - - -

                                     COORDINATES MUST BE INPUT IN
                                     METERS OR BE SCALED TO METERS
                                     BEFORE STRUCTURE INPUT IS ENDED

 Model definition commands:

 GW    1    11  0.00000E+00 -2.50000E-01  0.00000E+00  0.00000E+00  2.50000E-01  0.00000E+00  5.00000E-04
 GE    0   -1

 Number of nodes :    12
 Number of wire elements :    11
 Number of patch elements:     0
 Number unknowns:    10




 ***** INPUT LINE  1  FR   0    1    0    0  3.46000E+02  0.00000E+00  0.00000E+00  0.00000E+00  0.00000E+00  0.00000E+00
 ***** INPUT LINE  2  GN  -1    0    0    0  0.00000E+00  0.00000E+00  0.00000E+00  0.00000E+00  0.00000E+00  0.00000E+00
 ***** INPUT LINE  3  EX   4    1    6    0  1.41421E+00  0.00000E+00  0.00000E+00  0.00000E+00  0.00000E+00  0.00000E+00
 ***** INPUT LINE  4  PQ   0    0    0    0  0.00000E+00  0.00000E+00  0.00000E+00  0.00000E+00  0.00000E+00  0.00000E+00
 ***** INPUT LINE  5  XQ   0    0    0    0  0.00000E+00  0.00000E+00  0.00000E+00  0.00000E+00  0.00000E+00  0.00000E+00




                                 - - - - - - FREQUENCY - - - - - -

                                    FREQUENCY= 3.4600E+02 MHZ
                                    WAVELENGTH= 8.6647E-01 METERS



                                  - - - ANTENNA ENVIRONMENT - - -

                                            FREE SPACE



                               - - - STRUCTURE IMPEDANCE LOADING - - -

                                   THIS STRUCTURE IS NOT LOADED
ALLOCATE CM:            100



                                - - - MATRIX TIMING - - -

                        FILL=    0.000 SEC.,  FACTOR=    0.000 SEC.



                                          - - - ANTENNA INPUT PARAMETERS - - -

   TAG   SEG.    VOLTAGE (VOLTS)         CURRENT (AMPS)         IMPEDANCE (OHMS)        ADMITTANCE (MHOS)      POWER
   NO.   NO.    REAL        IMAG.       REAL        IMAG.       REAL        IMAG.       REAL        IMAG.     (WATTS)
   1     6 1  1.9030E+02  2.8264E+02  1.4142E+00  0.0000E+00  1.3457E+02  1.9985E+02  2.3181E-03 -3.4428E-03  1.3457E+02



                                       - - - Wire Currents - - -

                             Lengths normalized by wavelength (or 2.*pi/CABS(k))

  Elem.  Tag            Coord. of seg. center          Seg.            - - - Current (Amps) - - -
   No.   No.     X            Y            Z           Length       Real         Imag.        Mag.         Phase
      1    1  0.00000E+00 -2.62296E-01  0.00000E+00  5.24592E-02  2.92735E-01 -5.66960E-02  2.98175E-01  -10.9611
      2    1  0.00000E+00 -2.09837E-01  0.00000E+00  5.24592E-02  8.18314E-01 -1.48148E-01  8.31616E-01  -10.2617
      3    1  0.00000E+00 -1.57378E-01  0.00000E+00  5.24592E-02  1.22196E+00 -1.96293E-01  1.23763E+00   -9.1259
      4    1  0.00000E+00 -1.04918E-01  0.00000E+00  5.24592E-02  1.48738E+00 -2.00124E-01  1.50078E+00   -7.6630
      5    1  0.00000E+00 -5.24592E-02  0.00000E+00  5.24592E-02  1.58990E+00 -1.57386E-01  1.59767E+00   -5.6533
      6    1  0.00000E+00  4.00410E-17  0.00000E+00  5.24592E-02  1.50602E+00 -6.21023E-02  1.50730E+00   -2.3613
      7    1  0.00000E+00  5.24592E-02  0.00000E+00  5.24592E-02  1.42376E+00 -4.44252E-02  1.42445E+00   -1.7872
      8    1  0.00000E+00  1.04918E-01  0.00000E+00  5.24592E-02  1.35096E+00 -1.06342E-01  1.35514E+00   -4.5008
      9    1  0.00000E+00  1.57378E-01  0.00000E+00  5.24592E-02  1.11415E+00 -1.21410E-01  1.12074E+00   -6.2191
     10    1  0.00000E+00  2.09837E-01  0.00000E+00  5.24592E-02  7.47407E-01 -9.84258E-02  7.53860E-01   -7.5021
     11    1  0.00000E+00  2.62296E-01  0.00000E+00  5.24592E-02  2.67572E-01 -3.89327E-02  2.70390E-01   -8.2787



                             - - - Wire Charge Densities - - -

                     Lengths normalized by wavelength (or 2.*pi/CABS(k))

  ELEM.  TAG          Coord. of Seg. Center           Seg.        Charge Density (C/m)
   No.   No.     X            Y            Z          Length        Mag.         Phase
      1    1  0.00000E+00 -2.62296E-01  0.00000E+00  5.24592E-02  6.03487E-09   79.0389
      2    1  0.00000E+00 -2.09837E-01  0.00000E+00  5.24592E-02  4.76480E-09   81.5102
      3    1  0.00000E+00 -1.57378E-01  0.00000E+00  5.24592E-02  3.46764E-09   85.5183
      4    1  0.00000E+00 -1.04918E-01  0.00000E+00  5.24592E-02  1.92450E-09   95.7683
      5    1  0.00000E+00 -5.24592E-02  0.00000E+00  5.24592E-02  6.90429E-10  166.5761
      6    1  0.00000E+00  4.00410E-17  0.00000E+00  5.24592E-02  2.24326E-09 -124.0769
      7    1  0.00000E+00  5.24592E-02  0.00000E+00  5.24592E-02  9.19642E-10   12.1220
      8    1  0.00000E+00  1.04918E-01  0.00000E+00  5.24592E-02  1.70367E-09  -78.0066
      9    1  0.00000E+00  1.57378E-01  0.00000E+00  5.24592E-02  3.12686E-09  -90.8989
     10    1  0.00000E+00  2.09837E-01  0.00000E+00  5.24592E-02  4.31617E-09  -95.5326
     11    1  0.00000E+00  2.62296E-01  0.00000E+00  5.24592E-02  5.47251E-09  -98.2787



                                        - - - POWER BUDGET - - -

                                           INPUT POWER   = 1.3457E+02 WATTS
                                           RADIATED POWER= 1.3457E+02 WATTS
                                           WIRE LOSS     = 0.0000E+00 WATTS
                                           EFFICIENCY    = 100.00 PERCENT




 ***** INPUT LINE  6  EN   0    0    0    0  0.00000E+00  0.00000E+00  0.00000E+00  0.00000E+00  0.00000E+00  0.00000E+00

 RUN TIME =     0.000
