1
 x13



                                ***********************************************
                                *                                             *
                                *  NUMERICAL ELECTROMAGNETICS CODE (NEC-5)    *
                                *                                             *
                                ***********************************************




                      **********************************************************

                          Cardioid with feed system                                                    
                                                                                                       
                          EZNEC Pro/2+ v. 7.0.4  2026-08-20 20:35:28                                   
                                                                                                       
                          ! Written by EZNEC/Pro+ v. 7.0 in NEC-5 format.                              
                                                                                                       
                          ! *Wire #3 for virtual segments.                                             
                                                                                                       

                      **********************************************************





                                 - - - STRUCTURE SPECIFICATION - - -

                                     COORDINATES MUST BE INPUT IN
                                     METERS OR BE SCALED TO METERS
                                     BEFORE STRUCTURE INPUT IS ENDED

 Model definition commands:

 GW    1     6  0.00000E+00  0.00000E+00  0.00000E+00  0.00000E+00  0.00000E+00  2.42000E-01  1.21000E-04
 GW    2     6  2.50000E-01  0.00000E+00  0.00000E+00  2.50000E-01  0.00000E+00  2.42000E-01  1.21000E-04
 GW    3     2  1.00000E+02  1.00000E+02  1.01000E+02  1.00002E+02  1.00002E+02  1.01002E+02  1.00000E-04
 GE    1   -1

   GROUND PLANE SPECIFIED.

   WHERE WIRE ENDS TOUCH GROUND, CURRENT WILL BE INTERPOLATED TO IMAGE IN GROUND PLANE.


 Number of nodes :    17
 Number of wire elements :    14
 Number of patch elements:     0
 Number unknowns:    13




 ***** INPUT LINE  1  LD   4    3    1    0  1.00000E+10  0.00000E+00  0.00000E+00  0.00000E+00  0.00000E+00  0.00000E+00
 ***** INPUT LINE  2  FR   0    1    0    0  2.99793E+02  0.00000E+00  0.00000E+00  0.00000E+00  0.00000E+00  0.00000E+00
 ***** INPUT LINE  3  GN   1    0    0    0  0.00000E+00  0.00000E+00  0.00000E+00  0.00000E+00  0.00000E+00  0.00000E+00
 ***** INPUT LINE  4  EX   4    3    1    0  1.41421E+00  0.00000E+00  0.00000E+00  0.00000E+00  0.00000E+00  0.00000E+00
 ***** INPUT LINE  5  TL   3    1    1   -1  5.00000E+01  2.23778E-01  0.00000E+00  0.00000E+00  0.00000E+00  0.00000E+00
 ***** INPUT LINE  6  TL   3    1    2   -1  5.00000E+01  4.29250E-01  0.00000E+00  0.00000E+00  0.00000E+00  0.00000E+00
 ***** INPUT LINE  7  PQ   0    0    0    0  0.00000E+00  0.00000E+00  0.00000E+00  0.00000E+00  0.00000E+00  0.00000E+00
 ***** INPUT LINE  8  XQ   0    0    0    0  0.00000E+00  0.00000E+00  0.00000E+00  0.00000E+00  0.00000E+00  0.00000E+00




                                 - - - - - - FREQUENCY - - - - - -

                                    FREQUENCY= 2.9979E+02 MHZ
                                    WAVELENGTH= 1.0000E+00 METERS



                                  - - - ANTENNA ENVIRONMENT - - -

                                          PERFECT GROUND



                               - - - STRUCTURE IMPEDANCE LOADING - - -


       LOCATION          RESISTANCE   INDUCTANCE  CAPACITANCE       IMPEDANCE (OHMS)     CONDUCTIVITY    TYPE
    ITAG FROM THRU          OHMS        HENRYS       FARADS        REAL      IMAGINARY    MHOS/METER

       3    1    1                                             1.0000E+10                             FIXED IMPEDANCE 
ALLOCATE CM:            169



                                - - - MATRIX TIMING - - -

                        FILL=    0.000 SEC.,  FACTOR=    0.000 SEC.



                                            - - - NETWORK DATA - - -

      - FROM -    - TO -           TRANSMISSION LINE               -  -  SHUNT ADMITTANCES (MHOS)  -  -              LINE
      TAG  SEG.   TAG  SEG.      IMPEDANCE      LENGTH            - END ONE -                 - END TWO -            TYPE
      NO.   NO.   NO.   NO.         OHMS        METERS         REAL          IMAG.         REAL          IMAG.
        3    13     1    -1     5.0000E+01    2.2378E-01    0.0000E+00    0.0000E+00    0.0000E+00    0.0000E+00   STRAIGHT
        3    13     2    -7     5.0000E+01    4.2925E-01    0.0000E+00    0.0000E+00    0.0000E+00    0.0000E+00   STRAIGHT



                           - - - STRUCTURE EXCITATION DATA AT NETWORK CONNECTION POINTS - - -

   TAG   SEG.    VOLTAGE (VOLTS)         CURRENT (AMPS)         IMPEDANCE (OHMS)        ADMITTANCE (MHOS)      POWER
   NO.   NO.    REAL        IMAG.       REAL        IMAG.       REAL        IMAG.       REAL        IMAG.     (WATTS)
   3    13 1  3.3124E+01  1.8059E+01  3.3124E-09  1.8059E-09  1.0000E+10 -2.6855E+04  1.0000E-10  2.6855E-16  7.1165E-08
   1     1 2 -6.7149E+00 -2.7357E+01  4.5713E-01 -6.9390E-01  2.3048E+01 -2.4860E+01  2.0055E-02  2.1632E-02  7.9568E+00
   2     7 2 -2.4606E+01 -3.3496E+01 -5.6643E-01 -5.0730E-01  5.3495E+01  1.1225E+01  1.7905E-02 -3.7572E-03  1.5465E+01



                                          - - - ANTENNA INPUT PARAMETERS - - -

   TAG   SEG.    VOLTAGE (VOLTS)         CURRENT (AMPS)         IMPEDANCE (OHMS)        ADMITTANCE (MHOS)      POWER
   NO.   NO.    REAL        IMAG.       REAL        IMAG.       REAL        IMAG.       REAL        IMAG.     (WATTS)
   3    13 1  3.3124E+01  1.8059E+01  1.4142E+00  0.0000E+00  2.3422E+01  1.2770E+01  3.2912E-02 -1.7944E-02  2.3422E+01



                                       - - - Wire Currents - - -

                             Lengths normalized by wavelength (or 2.*pi/CABS(k))

  Elem.  Tag            Coord. of seg. center          Seg.            - - - Current (Amps) - - -
   No.   No.     X            Y            Z           Length       Real         Imag.        Mag.         Phase
      1    1  0.00000E+00  0.00000E+00  2.01662E-02  4.03323E-02  4.40803E-01 -6.80657E-01  8.10926E-01  -57.0723
      2    1  0.00000E+00  0.00000E+00  6.04985E-02  4.03323E-02  3.98155E-01 -6.33720E-01  7.48417E-01  -57.8596
      3    1  0.00000E+00  0.00000E+00  1.00831E-01  4.03323E-02  3.35880E-01 -5.47427E-01  6.42255E-01  -58.4683
      4    1  0.00000E+00  0.00000E+00  1.41163E-01  4.03323E-02  2.56024E-01 -4.25908E-01  4.96936E-01  -58.9888
      5    1  0.00000E+00  0.00000E+00  1.81495E-01  4.03323E-02  1.62166E-01 -2.74697E-01  3.18992E-01  -59.4448
      6    1  0.00000E+00  0.00000E+00  2.21828E-01  4.03323E-02  5.61055E-02 -9.62005E-02  1.11366E-01  -59.7486
      7    2  2.49994E-01  0.00000E+00  2.01662E-02  4.03323E-02 -5.68365E-01 -4.91148E-01  7.51176E-01 -139.1684
      8    2  2.49994E-01  0.00000E+00  6.04985E-02  4.03323E-02 -5.49413E-01 -4.46983E-01  7.08272E-01 -140.8695
      9    2  2.49994E-01  0.00000E+00  1.00831E-01  4.03323E-02 -4.87311E-01 -3.79579E-01  6.17699E-01 -142.0841
     10    2  2.49994E-01  0.00000E+00  1.41163E-01  4.03323E-02 -3.87034E-01 -2.91198E-01  4.84346E-01 -143.0428
     11    2  2.49994E-01  0.00000E+00  1.81495E-01  4.03323E-02 -2.53786E-01 -1.85604E-01  3.14414E-01 -143.8205
     12    2  2.49994E-01  0.00000E+00  2.21828E-01  4.03323E-02 -8.98022E-02 -6.45020E-02  1.10566E-01 -144.3115
     13    3  9.99980E+01  9.99980E+01  1.00998E+02  1.74357E-03  1.65618E-09  9.02946E-10  1.88633E-09   28.5992
     14    3  9.99990E+01  9.99990E+01  1.00999E+02  1.74357E-03  1.65618E-09  9.02946E-10  1.88633E-09   28.5992



                             - - - Wire Charge Densities - - -

                     Lengths normalized by wavelength (or 2.*pi/CABS(k))

  ELEM.  TAG          Coord. of Seg. Center           Seg.        Charge Density (C/m)
   No.   No.     X            Y            Z          Length        Mag.         Phase
      1    1  0.00000E+00  0.00000E+00  2.01662E-02  4.03323E-02  5.53463E-10 -129.0597
      2    1  0.00000E+00  0.00000E+00  6.04985E-02  4.03323E-02  1.12546E-09 -141.9976
      3    1  0.00000E+00  0.00000E+00  1.00831E-01  4.03323E-02  1.67732E-09 -145.6497
      4    1  0.00000E+00  0.00000E+00  1.41163E-01  4.03323E-02  2.15106E-09 -147.4997
      5    1  0.00000E+00  0.00000E+00  1.81495E-01  4.03323E-02  2.53431E-09 -148.7418
      6    1  0.00000E+00  0.00000E+00  2.21828E-01  4.03323E-02  2.93169E-09 -149.7486
      7    2  2.49994E-01  0.00000E+00  2.01662E-02  4.03323E-02  4.28176E-10 -173.1503
      8    2  2.49994E-01  0.00000E+00  6.04985E-02  4.03323E-02  9.19997E-10  143.2880
      9    2  2.49994E-01  0.00000E+00  1.00831E-01  4.03323E-02  1.50068E-09  133.7042
     10    2  2.49994E-01  0.00000E+00  1.41163E-01  4.03323E-02  2.02021E-09  129.6748
     11    2  2.49994E-01  0.00000E+00  1.81495E-01  4.03323E-02  2.45632E-09  127.3433
     12    2  2.49994E-01  0.00000E+00  2.21828E-01  4.03323E-02  2.91064E-09  125.6885
     13    3  9.99980E+01  9.99980E+01  1.00998E+02  1.74357E-03  1.14867E-15  118.5992
     14    3  9.99990E+01  9.99990E+01  1.00999E+02  1.74357E-03  1.14867E-15  -61.4008



                                        - - - POWER BUDGET - - -

                                           INPUT POWER   = 2.3422E+01 WATTS
                                           RADIATED POWER= 4.6844E+01 WATTS
                                           WIRE LOSS     = 7.1165E-08 WATTS
                                           EFFICIENCY    = 200.00 PERCENT




 ***** INPUT LINE  9  EN   0    0    0    0  0.00000E+00  0.00000E+00  0.00000E+00  0.00000E+00  0.00000E+00  0.00000E+00

 RUN TIME =     0.000
