1
 x13



                                ***********************************************
                                *                                             *
                                *  NUMERICAL ELECTROMAGNETICS CODE (NEC-5)    *
                                *                                             *
                                ***********************************************




                      **********************************************************

                          Dipole in free space                                                         
                                                                                                       
                          EZNEC Pro/2+ v. 7.0.4  2026-08-25 16:07:06                                   
                                                                                                       
                          ! Written by EZNEC/Pro+ v. 7.0 in NEC-5 format.                              
                                                                                                       

                      **********************************************************





                                 - - - STRUCTURE SPECIFICATION - - -

                                     COORDINATES MUST BE INPUT IN
                                     METERS OR BE SCALED TO METERS
                                     BEFORE STRUCTURE INPUT IS ENDED

 Model definition commands:

 GW    1    11  0.00000E+00 -2.50000E-01  0.00000E+00  0.00000E+00  2.50000E-01  0.00000E+00  5.00000E-04
 GE    0   -1

 Number of nodes :    12
 Number of wire elements :    11
 Number of patch elements:     0
 Number unknowns:    10




 ***** INPUT LINE  1  FR   0    1    0    0  3.31000E+02  0.00000E+00  0.00000E+00  0.00000E+00  0.00000E+00  0.00000E+00
 ***** INPUT LINE  2  GN  -1    0    0    0  0.00000E+00  0.00000E+00  0.00000E+00  0.00000E+00  0.00000E+00  0.00000E+00
 ***** INPUT LINE  3  EX   4    1    6    0  1.41421E+00  0.00000E+00  0.00000E+00  0.00000E+00  0.00000E+00  0.00000E+00
 ***** INPUT LINE  4  PQ   0    0    0    0  0.00000E+00  0.00000E+00  0.00000E+00  0.00000E+00  0.00000E+00  0.00000E+00
 ***** INPUT LINE  5  XQ   0    0    0    0  0.00000E+00  0.00000E+00  0.00000E+00  0.00000E+00  0.00000E+00  0.00000E+00




                                 - - - - - - FREQUENCY - - - - - -

                                    FREQUENCY= 3.3100E+02 MHZ
                                    WAVELENGTH= 9.0574E-01 METERS



                                  - - - ANTENNA ENVIRONMENT - - -

                                            FREE SPACE



                               - - - STRUCTURE IMPEDANCE LOADING - - -

                                   THIS STRUCTURE IS NOT LOADED
ALLOCATE CM:            100



                                - - - MATRIX TIMING - - -

                        FILL=    0.000 SEC.,  FACTOR=    0.000 SEC.



                                          - - - ANTENNA INPUT PARAMETERS - - -

   TAG   SEG.    VOLTAGE (VOLTS)         CURRENT (AMPS)         IMPEDANCE (OHMS)        ADMITTANCE (MHOS)      POWER
   NO.   NO.    REAL        IMAG.       REAL        IMAG.       REAL        IMAG.       REAL        IMAG.     (WATTS)
   1     6 1  1.6024E+02  2.0241E+02  1.4142E+00  0.0000E+00  1.1330E+02  1.4313E+02  3.4001E-03 -4.2951E-03  1.1330E+02



                                       - - - Wire Currents - - -

                             Lengths normalized by wavelength (or 2.*pi/CABS(k))

  Elem.  Tag            Coord. of seg. center          Seg.            - - - Current (Amps) - - -
   No.   No.     X            Y            Z           Length       Real         Imag.        Mag.         Phase
      1    1  0.00000E+00 -2.50925E-01  0.00000E+00  5.01850E-02  2.69696E-01 -4.52042E-02  2.73459E-01   -9.5150
      2    1  0.00000E+00 -2.00740E-01  0.00000E+00  5.01850E-02  7.55819E-01 -1.17900E-01  7.64959E-01   -8.8661
      3    1  0.00000E+00 -1.50555E-01  0.00000E+00  5.01850E-02  1.13521E+00 -1.55941E-01  1.14587E+00   -7.8216
      4    1  0.00000E+00 -1.00370E-01  0.00000E+00  5.01850E-02  1.39570E+00 -1.58957E-01  1.40472E+00   -6.4975
      5    1  0.00000E+00 -5.01850E-02  0.00000E+00  5.01850E-02  1.51601E+00 -1.25190E-01  1.52117E+00   -4.7207
      6    1  0.00000E+00  3.83051E-17  0.00000E+00  5.01850E-02  1.47651E+00 -4.94782E-02  1.47734E+00   -1.9193
      7    1  0.00000E+00  5.01850E-02  0.00000E+00  5.01850E-02  1.40431E+00 -3.61453E-02  1.40478E+00   -1.4744
      8    1  0.00000E+00  1.00370E-01  0.00000E+00  5.01850E-02  1.30563E+00 -8.65594E-02  1.30850E+00   -3.7930
      9    1  0.00000E+00  1.50555E-01  0.00000E+00  5.01850E-02  1.06488E+00 -9.89531E-02  1.06946E+00   -5.3089
     10    1  0.00000E+00  2.00740E-01  0.00000E+00  5.01850E-02  7.09911E-01 -8.04206E-02  7.14452E-01   -6.4631
     11    1  0.00000E+00  2.50925E-01  0.00000E+00  5.01850E-02  2.53465E-01 -3.18817E-02  2.55462E-01   -7.1692



                             - - - Wire Charge Densities - - -

                     Lengths normalized by wavelength (or 2.*pi/CABS(k))

  ELEM.  TAG          Coord. of Seg. Center           Seg.        Charge Density (C/m)
   No.   No.     X            Y            Z          Length        Mag.         Phase
      1    1  0.00000E+00 -2.50925E-01  0.00000E+00  5.01850E-02  5.78544E-09   80.4850
      2    1  0.00000E+00 -2.00740E-01  0.00000E+00  5.01850E-02  4.61562E-09   82.7608
      3    1  0.00000E+00 -1.50555E-01  0.00000E+00  5.01850E-02  3.45501E-09   86.2962
      4    1  0.00000E+00 -1.00370E-01  0.00000E+00  5.01850E-02  2.06933E-09   94.4174
      5    1  0.00000E+00 -5.01850E-02  0.00000E+00  5.01850E-02  7.35237E-10  139.0139
      6    1  0.00000E+00  3.83051E-17  0.00000E+00  5.01850E-02  1.68306E-09 -128.4590
      7    1  0.00000E+00  5.01850E-02  0.00000E+00  5.01850E-02  7.92890E-10  -15.3214
      8    1  0.00000E+00  1.00370E-01  0.00000E+00  5.01850E-02  1.90230E-09  -80.8691
      9    1  0.00000E+00  1.50555E-01  0.00000E+00  5.01850E-02  3.21565E-09  -90.7069
     10    1  0.00000E+00  2.00740E-01  0.00000E+00  5.01850E-02  4.30884E-09  -94.6913
     11    1  0.00000E+00  2.50925E-01  0.00000E+00  5.01850E-02  5.40469E-09  -97.1692



                                        - - - POWER BUDGET - - -

                                           INPUT POWER   = 1.1330E+02 WATTS
                                           RADIATED POWER= 1.1330E+02 WATTS
                                           WIRE LOSS     = 0.0000E+00 WATTS
                                           EFFICIENCY    = 100.00 PERCENT




 ***** INPUT LINE  6  EN   0    0    0    0  0.00000E+00  0.00000E+00  0.00000E+00  0.00000E+00  0.00000E+00  0.00000E+00

 RUN TIME =     0.000
