1
 x13



                                ***********************************************
                                *                                             *
                                *  NUMERICAL ELECTROMAGNETICS CODE (NEC-5)    *
                                *                                             *
                                ***********************************************




                      **********************************************************

                          Dipole in free space                                                         
                                                                                                       
                          EZNEC Pro/2+ v. 7.0.4  2026-08-25 16:07:10                                   
                                                                                                       
                          ! Written by EZNEC/Pro+ v. 7.0 in NEC-5 format.                              
                                                                                                       

                      **********************************************************





                                 - - - STRUCTURE SPECIFICATION - - -

                                     COORDINATES MUST BE INPUT IN
                                     METERS OR BE SCALED TO METERS
                                     BEFORE STRUCTURE INPUT IS ENDED

 Model definition commands:

 GW    1    11  0.00000E+00 -2.50000E-01  0.00000E+00  0.00000E+00  2.50000E-01  0.00000E+00  5.00000E-04
 GE    0   -1

 Number of nodes :    12
 Number of wire elements :    11
 Number of patch elements:     0
 Number unknowns:    10




 ***** INPUT LINE  1  FR   0    1    0    0  3.44000E+02  0.00000E+00  0.00000E+00  0.00000E+00  0.00000E+00  0.00000E+00
 ***** INPUT LINE  2  GN  -1    0    0    0  0.00000E+00  0.00000E+00  0.00000E+00  0.00000E+00  0.00000E+00  0.00000E+00
 ***** INPUT LINE  3  EX   4    1    6    0  1.41421E+00  0.00000E+00  0.00000E+00  0.00000E+00  0.00000E+00  0.00000E+00
 ***** INPUT LINE  4  PQ   0    0    0    0  0.00000E+00  0.00000E+00  0.00000E+00  0.00000E+00  0.00000E+00  0.00000E+00
 ***** INPUT LINE  5  XQ   0    0    0    0  0.00000E+00  0.00000E+00  0.00000E+00  0.00000E+00  0.00000E+00  0.00000E+00




                                 - - - - - - FREQUENCY - - - - - -

                                    FREQUENCY= 3.4400E+02 MHZ
                                    WAVELENGTH= 8.7151E-01 METERS



                                  - - - ANTENNA ENVIRONMENT - - -

                                            FREE SPACE



                               - - - STRUCTURE IMPEDANCE LOADING - - -

                                   THIS STRUCTURE IS NOT LOADED
ALLOCATE CM:            100



                                - - - MATRIX TIMING - - -

                        FILL=    0.000 SEC.,  FACTOR=    0.000 SEC.



                                          - - - ANTENNA INPUT PARAMETERS - - -

   TAG   SEG.    VOLTAGE (VOLTS)         CURRENT (AMPS)         IMPEDANCE (OHMS)        ADMITTANCE (MHOS)      POWER
   NO.   NO.    REAL        IMAG.       REAL        IMAG.       REAL        IMAG.       REAL        IMAG.     (WATTS)
   1     6 1  1.8595E+02  2.7176E+02  1.4142E+00  0.0000E+00  1.3148E+02  1.9217E+02  2.4252E-03 -3.5445E-03  1.3148E+02



                                       - - - Wire Currents - - -

                             Lengths normalized by wavelength (or 2.*pi/CABS(k))

  Elem.  Tag            Coord. of seg. center          Seg.            - - - Current (Amps) - - -
   No.   No.     X            Y            Z           Length       Real         Imag.        Mag.         Phase
      1    1  0.00000E+00 -2.60780E-01  0.00000E+00  5.21560E-02  2.89467E-01 -5.49964E-02  2.94645E-01  -10.7575
      2    1  0.00000E+00 -2.08624E-01  0.00000E+00  5.21560E-02  8.09451E-01 -1.43672E-01  8.22102E-01  -10.0648
      3    1  0.00000E+00 -1.56468E-01  0.00000E+00  5.21560E-02  1.20967E+00 -1.90318E-01  1.22455E+00   -8.9411
      4    1  0.00000E+00 -1.04312E-01  0.00000E+00  5.21560E-02  1.47441E+00 -1.94029E-01  1.48712E+00   -7.4969
      5    1  0.00000E+00 -5.21560E-02  0.00000E+00  5.21560E-02  1.57947E+00 -1.52624E-01  1.58683E+00   -5.5193
      6    1  0.00000E+00  3.98095E-17  0.00000E+00  5.21560E-02  1.50186E+00 -6.02368E-02  1.50307E+00   -2.2968
      7    1  0.00000E+00  5.21560E-02  0.00000E+00  5.21560E-02  1.42105E+00 -4.32188E-02  1.42171E+00   -1.7420
      8    1  0.00000E+00  1.04312E-01  0.00000E+00  5.21560E-02  1.34465E+00 -1.03461E-01  1.34863E+00   -4.3998
      9    1  0.00000E+00  1.56468E-01  0.00000E+00  5.21560E-02  1.10729E+00 -1.18141E-01  1.11357E+00   -6.0901
     10    1  0.00000E+00  2.08624E-01  0.00000E+00  5.21560E-02  7.42187E-01 -9.58085E-02  7.48345E-01   -7.3556
     11    1  0.00000E+00  2.60780E-01  0.00000E+00  5.21560E-02  2.65608E-01 -3.79089E-02  2.68300E-01   -8.1227



                             - - - Wire Charge Densities - - -

                     Lengths normalized by wavelength (or 2.*pi/CABS(k))

  ELEM.  TAG          Coord. of Seg. Center           Seg.        Charge Density (C/m)
   No.   No.     X            Y            Z          Length        Mag.         Phase
      1    1  0.00000E+00 -2.60780E-01  0.00000E+00  5.21560E-02  5.99810E-09   79.2425
      2    1  0.00000E+00 -2.08624E-01  0.00000E+00  5.21560E-02  4.74244E-09   81.6878
      3    1  0.00000E+00 -1.56468E-01  0.00000E+00  5.21560E-02  3.46473E-09   85.6305
      4    1  0.00000E+00 -1.04312E-01  0.00000E+00  5.21560E-02  1.94370E-09   95.5627
      5    1  0.00000E+00 -5.21560E-02  0.00000E+00  5.21560E-02  6.85615E-10  162.6665
      6    1  0.00000E+00  3.98095E-17  0.00000E+00  5.21560E-02  2.16496E-09 -124.4999
      7    1  0.00000E+00  5.21560E-02  0.00000E+00  5.21560E-02  8.90753E-10    8.9921
      8    1  0.00000E+00  1.04312E-01  0.00000E+00  5.21560E-02  1.72954E-09  -78.4417
      9    1  0.00000E+00  1.56468E-01  0.00000E+00  5.21560E-02  3.13799E-09  -90.8706
     10    1  0.00000E+00  2.08624E-01  0.00000E+00  5.21560E-02  4.31397E-09  -95.4130
     11    1  0.00000E+00  2.60780E-01  0.00000E+00  5.21560E-02  5.46179E-09  -98.1227



                                        - - - POWER BUDGET - - -

                                           INPUT POWER   = 1.3148E+02 WATTS
                                           RADIATED POWER= 1.3148E+02 WATTS
                                           WIRE LOSS     = 0.0000E+00 WATTS
                                           EFFICIENCY    = 100.00 PERCENT




 ***** INPUT LINE  6  EN   0    0    0    0  0.00000E+00  0.00000E+00  0.00000E+00  0.00000E+00  0.00000E+00  0.00000E+00

 RUN TIME =     0.000
