1
 x13



                                ***********************************************
                                *                                             *
                                *  NUMERICAL ELECTROMAGNETICS CODE (NEC-5)    *
                                *                                             *
                                ***********************************************




                      **********************************************************

                          Dipole in free space                                                         
                                                                                                       
                          EZNEC Pro/2+ v. 7.0.4  2026-08-25 16:07:03                                   
                                                                                                       
                          ! Written by EZNEC/Pro+ v. 7.0 in NEC-5 format.                              
                                                                                                       

                      **********************************************************





                                 - - - STRUCTURE SPECIFICATION - - -

                                     COORDINATES MUST BE INPUT IN
                                     METERS OR BE SCALED TO METERS
                                     BEFORE STRUCTURE INPUT IS ENDED

 Model definition commands:

 GW    1    11  0.00000E+00 -2.50000E-01  0.00000E+00  0.00000E+00  2.50000E-01  0.00000E+00  5.00000E-04
 GE    0   -1

 Number of nodes :    12
 Number of wire elements :    11
 Number of patch elements:     0
 Number unknowns:    10




 ***** INPUT LINE  1  FR   0    1    0    0  3.17000E+02  0.00000E+00  0.00000E+00  0.00000E+00  0.00000E+00  0.00000E+00
 ***** INPUT LINE  2  GN  -1    0    0    0  0.00000E+00  0.00000E+00  0.00000E+00  0.00000E+00  0.00000E+00  0.00000E+00
 ***** INPUT LINE  3  EX   4    1    6    0  1.41421E+00  0.00000E+00  0.00000E+00  0.00000E+00  0.00000E+00  0.00000E+00
 ***** INPUT LINE  4  PQ   0    0    0    0  0.00000E+00  0.00000E+00  0.00000E+00  0.00000E+00  0.00000E+00  0.00000E+00
 ***** INPUT LINE  5  XQ   0    0    0    0  0.00000E+00  0.00000E+00  0.00000E+00  0.00000E+00  0.00000E+00  0.00000E+00




                                 - - - - - - FREQUENCY - - - - - -

                                    FREQUENCY= 3.1700E+02 MHZ
                                    WAVELENGTH= 9.4574E-01 METERS



                                  - - - ANTENNA ENVIRONMENT - - -

                                            FREE SPACE



                               - - - STRUCTURE IMPEDANCE LOADING - - -

                                   THIS STRUCTURE IS NOT LOADED
ALLOCATE CM:            100



                                - - - MATRIX TIMING - - -

                        FILL=    0.000 SEC.,  FACTOR=    0.000 SEC.



                                          - - - ANTENNA INPUT PARAMETERS - - -

   TAG   SEG.    VOLTAGE (VOLTS)         CURRENT (AMPS)         IMPEDANCE (OHMS)        ADMITTANCE (MHOS)      POWER
   NO.   NO.    REAL        IMAG.       REAL        IMAG.       REAL        IMAG.       REAL        IMAG.     (WATTS)
   1     6 1  1.3688E+02  1.2977E+02  1.4142E+00  0.0000E+00  9.6790E+01  9.1764E+01  5.4410E-03 -5.1585E-03  9.6790E+01



                                       - - - Wire Currents - - -

                             Lengths normalized by wavelength (or 2.*pi/CABS(k))

  Elem.  Tag            Coord. of seg. center          Seg.            - - - Current (Amps) - - -
   No.   No.     X            Y            Z           Length       Real         Imag.        Mag.         Phase
      1    1  0.00000E+00 -2.40312E-01  0.00000E+00  4.80623E-02  2.50957E-01 -3.66901E-02  2.53625E-01   -8.3178
      2    1  0.00000E+00 -1.92249E-01  0.00000E+00  4.80623E-02  7.04959E-01 -9.55263E-02  7.11401E-01   -7.7169
      3    1  0.00000E+00 -1.44187E-01  0.00000E+00  4.80623E-02  1.06448E+00 -1.26134E-01  1.07193E+00   -6.7577
      4    1  0.00000E+00 -9.61247E-02  0.00000E+00  4.80623E-02  1.32069E+00 -1.28538E-01  1.32694E+00   -5.5589
      5    1  0.00000E+00 -4.80623E-02  0.00000E+00  4.80623E-02  1.45526E+00 -1.01351E-01  1.45878E+00   -3.9839
      6    1  0.00000E+00  3.66849E-17  0.00000E+00  4.80623E-02  1.45215E+00 -4.01109E-02  1.45270E+00   -1.5822
      7    1  0.00000E+00  4.80623E-02  0.00000E+00  4.80623E-02  1.38779E+00 -2.98107E-02  1.38811E+00   -1.2306
      8    1  0.00000E+00  9.61247E-02  0.00000E+00  4.80623E-02  1.26717E+00 -7.14143E-02  1.26918E+00   -3.2256
      9    1  0.00000E+00  1.44187E-01  0.00000E+00  4.80623E-02  1.02314E+00 -8.17322E-02  1.02640E+00   -4.5673
     10    1  0.00000E+00  1.92249E-01  0.00000E+00  4.80623E-02  6.78164E-01 -6.65737E-02  6.81424E-01   -5.6066
     11    1  0.00000E+00  2.40312E-01  0.00000E+00  4.80623E-02  2.41517E-01 -2.64452E-02  2.42960E-01   -6.2488



                             - - - Wire Charge Densities - - -

                     Lengths normalized by wavelength (or 2.*pi/CABS(k))

  ELEM.  TAG          Coord. of Seg. Center           Seg.        Charge Density (C/m)
   No.   No.     X            Y            Z          Length        Mag.         Phase
      1    1  0.00000E+00 -2.40312E-01  0.00000E+00  4.80623E-02  5.60280E-09   81.6822
      2    1  0.00000E+00 -1.92249E-01  0.00000E+00  4.80623E-02  4.51205E-09   83.7754
      3    1  0.00000E+00 -1.44187E-01  0.00000E+00  4.80623E-02  3.46181E-09   86.9045
      4    1  0.00000E+00 -9.61247E-02  0.00000E+00  4.80623E-02  2.20727E-09   93.4764
      5    1  0.00000E+00 -4.80623E-02  0.00000E+00  4.80623E-02  8.99872E-10  121.2442
      6    1  0.00000E+00  3.66849E-17  0.00000E+00  4.80623E-02  1.21959E-09 -136.5977
      7    1  0.00000E+00  4.80623E-02  0.00000E+00  4.80623E-02  8.80082E-10  -41.5586
      8    1  0.00000E+00  9.61247E-02  0.00000E+00  4.80623E-02  2.09698E-09  -82.8635
      9    1  0.00000E+00  1.44187E-01  0.00000E+00  4.80623E-02  3.31029E-09  -90.5640
     10    1  0.00000E+00  1.92249E-01  0.00000E+00  4.80623E-02  4.32120E-09  -94.0113
     11    1  0.00000E+00  2.40312E-01  0.00000E+00  4.80623E-02  5.36721E-09  -96.2488



                                        - - - POWER BUDGET - - -

                                           INPUT POWER   = 9.6790E+01 WATTS
                                           RADIATED POWER= 9.6790E+01 WATTS
                                           WIRE LOSS     = 0.0000E+00 WATTS
                                           EFFICIENCY    = 100.00 PERCENT




 ***** INPUT LINE  6  EN   0    0    0    0  0.00000E+00  0.00000E+00  0.00000E+00  0.00000E+00  0.00000E+00  0.00000E+00

 RUN TIME =     0.000
