1
 x13



                                ***********************************************
                                *                                             *
                                *  NUMERICAL ELECTROMAGNETICS CODE (NEC-5)    *
                                *                                             *
                                ***********************************************




                      **********************************************************

                          VHF Ground Plane                                                             
                                                                                                       
                          EZNEC Pro/2+ v. 7.0.4  2026-08-20 20:30:13                                   
                                                                                                       
                          ! Written by EZNEC/Pro+ v. 7.0 in NEC-5 format.                              
                                                                                                       

                      **********************************************************





                                 - - - STRUCTURE SPECIFICATION - - -

                                     COORDINATES MUST BE INPUT IN
                                     METERS OR BE SCALED TO METERS
                                     BEFORE STRUCTURE INPUT IS ENDED

 Model definition commands:

 GW    1     6  0.00000E+00  0.00000E+00  1.02669E+01  0.00000E+00  3.62988E-01  9.90388E+00  1.02620E-03
 GW    2     6  0.00000E+00  0.00000E+00  1.02669E+01  3.62988E-01  0.00000E+00  9.90388E+00  1.02620E-03
 GW    3     6  0.00000E+00  0.00000E+00  1.02669E+01  0.00000E+00 -3.62988E-01  9.90388E+00  1.02620E-03
 GW    4     6  0.00000E+00  0.00000E+00  1.02669E+01 -3.62988E-01  0.00000E+00  9.90388E+00  1.02620E-03
 GW    5     5  0.00000E+00  0.00000E+00  1.02669E+01  0.00000E+00  0.00000E+00  1.07597E+01  1.02620E-03
 GE    0   -1

 Number of nodes :    30
 Number of wire elements :    29
 Number of patch elements:     0
 Number unknowns:    28




 ***** INPUT LINE  1  FR   0    1    0    0  1.46000E+02  0.00000E+00  0.00000E+00  0.00000E+00  0.00000E+00  0.00000E+00
 ***** INPUT LINE  2  GN  -1    0    0    0  0.00000E+00  0.00000E+00  0.00000E+00  0.00000E+00  0.00000E+00  0.00000E+00
 ***** INPUT LINE  3  EX   4    5   -1    0  1.41421E+00  0.00000E+00  0.00000E+00  0.00000E+00  0.00000E+00  0.00000E+00
 ***** INPUT LINE  4  PQ   0    0    0    0  0.00000E+00  0.00000E+00  0.00000E+00  0.00000E+00  0.00000E+00  0.00000E+00
 ***** INPUT LINE  5  XQ   0    0    0    0  0.00000E+00  0.00000E+00  0.00000E+00  0.00000E+00  0.00000E+00  0.00000E+00




                                 - - - - - - FREQUENCY - - - - - -

                                    FREQUENCY= 1.4600E+02 MHZ
                                    WAVELENGTH= 2.0534E+00 METERS



                                  - - - ANTENNA ENVIRONMENT - - -

                                            FREE SPACE



                               - - - STRUCTURE IMPEDANCE LOADING - - -

                                   THIS STRUCTURE IS NOT LOADED
ALLOCATE CM:            784



                                - - - MATRIX TIMING - - -

                        FILL=    0.000 SEC.,  FACTOR=    0.000 SEC.



                                          - - - ANTENNA INPUT PARAMETERS - - -

   TAG   SEG.    VOLTAGE (VOLTS)         CURRENT (AMPS)         IMPEDANCE (OHMS)        ADMITTANCE (MHOS)      POWER
   NO.   NO.    REAL        IMAG.       REAL        IMAG.       REAL        IMAG.       REAL        IMAG.     (WATTS)
   5    25 2  7.8661E+01  1.1699E+01  1.4142E+00  0.0000E+00  5.5621E+01  8.2725E+00  1.7590E-02 -2.6161E-03  5.5621E+01



                                       - - - Wire Currents - - -

                             Lengths normalized by wavelength (or 2.*pi/CABS(k))

  Elem.  Tag            Coord. of seg. center          Seg.            - - - Current (Amps) - - -
   No.   No.     X            Y            Z           Length       Real         Imag.        Mag.         Phase
      1    1  0.00000E+00  1.47310E-02  4.98515E+00  4.16658E-02 -3.54535E-01  1.01861E-02  3.54681E-01  178.3543
      2    1  0.00000E+00  4.41931E-02  4.95568E+00  4.16658E-02 -3.43409E-01  2.69570E-02  3.44465E-01  175.5116
      3    1  0.00000E+00  7.36551E-02  4.92622E+00  4.16658E-02 -3.06196E-01  3.59997E-02  3.08305E-01  173.2945
      4    1  0.00000E+00  1.03117E-01  4.89676E+00  4.16658E-02 -2.44396E-01  3.65640E-02  2.47117E-01  171.4911
      5    1  0.00000E+00  1.32579E-01  4.86730E+00  4.16658E-02 -1.61231E-01  2.84407E-02  1.63720E-01  169.9961
      6    1  0.00000E+00  1.62041E-01  4.83783E+00  4.16658E-02 -5.73799E-02  1.11055E-02  5.84448E-02  169.0463
      7    2  1.47310E-02  0.00000E+00  4.98515E+00  4.16658E-02 -3.54535E-01  1.01861E-02  3.54681E-01  178.3543
      8    2  4.41931E-02  0.00000E+00  4.95568E+00  4.16658E-02 -3.43409E-01  2.69570E-02  3.44465E-01  175.5116
      9    2  7.36551E-02  0.00000E+00  4.92622E+00  4.16658E-02 -3.06196E-01  3.59997E-02  3.08305E-01  173.2945
     10    2  1.03117E-01  0.00000E+00  4.89676E+00  4.16658E-02 -2.44396E-01  3.65640E-02  2.47117E-01  171.4911
     11    2  1.32579E-01  0.00000E+00  4.86730E+00  4.16658E-02 -1.61231E-01  2.84407E-02  1.63720E-01  169.9961
     12    2  1.62041E-01  0.00000E+00  4.83783E+00  4.16658E-02 -5.73799E-02  1.11055E-02  5.84448E-02  169.0463
     13    3  0.00000E+00 -1.47310E-02  4.98515E+00  4.16658E-02 -3.54535E-01  1.01861E-02  3.54681E-01  178.3543
     14    3  0.00000E+00 -4.41931E-02  4.95568E+00  4.16658E-02 -3.43409E-01  2.69570E-02  3.44465E-01  175.5116
     15    3  0.00000E+00 -7.36551E-02  4.92622E+00  4.16658E-02 -3.06196E-01  3.59997E-02  3.08305E-01  173.2945
     16    3  0.00000E+00 -1.03117E-01  4.89676E+00  4.16658E-02 -2.44396E-01  3.65640E-02  2.47117E-01  171.4911
     17    3  0.00000E+00 -1.32579E-01  4.86730E+00  4.16658E-02 -1.61231E-01  2.84407E-02  1.63720E-01  169.9961
     18    3  0.00000E+00 -1.62041E-01  4.83783E+00  4.16658E-02 -5.73799E-02  1.11055E-02  5.84448E-02  169.0463
     19    4 -1.47310E-02  0.00000E+00  4.98515E+00  4.16658E-02 -3.54535E-01  1.01861E-02  3.54681E-01  178.3543
     20    4 -4.41931E-02  0.00000E+00  4.95568E+00  4.16658E-02 -3.43409E-01  2.69570E-02  3.44465E-01  175.5116
     21    4 -7.36551E-02  0.00000E+00  4.92622E+00  4.16658E-02 -3.06196E-01  3.59997E-02  3.08305E-01  173.2945
     22    4 -1.03117E-01  0.00000E+00  4.89676E+00  4.16658E-02 -2.44396E-01  3.65640E-02  2.47117E-01  171.4911
     23    4 -1.32579E-01  0.00000E+00  4.86730E+00  4.16658E-02 -1.61231E-01  2.84407E-02  1.63720E-01  169.9961
     24    4 -1.62041E-01  0.00000E+00  4.83783E+00  4.16658E-02 -5.73799E-02  1.11055E-02  5.84448E-02  169.0463
     25    5  0.00000E+00  0.00000E+00  5.02388E+00  4.79988E-02  1.37985E+00 -2.50942E-02  1.38007E+00   -1.0419
     26    5  0.00000E+00  0.00000E+00  5.07187E+00  4.79988E-02  1.25009E+00 -5.97544E-02  1.25152E+00   -2.7367
     27    5  0.00000E+00  0.00000E+00  5.11987E+00  4.79988E-02  1.00637E+00 -6.79827E-02  1.00867E+00   -3.8646
     28    5  0.00000E+00  0.00000E+00  5.16787E+00  4.79988E-02  6.66047E-01 -5.52703E-02  6.68336E-01   -4.7437
     29    5  0.00000E+00  0.00000E+00  5.21587E+00  4.79988E-02  2.37024E-01 -2.19478E-02  2.38038E-01   -5.2904



                             - - - Wire Charge Densities - - -

                     Lengths normalized by wavelength (or 2.*pi/CABS(k))

  ELEM.  TAG          Coord. of Seg. Center           Seg.        Charge Density (C/m)
   No.   No.     X            Y            Z          Length        Mag.         Phase
      1    1  0.00000E+00  1.47310E-02  4.98515E+00  4.16658E-02  2.60767E-10 -174.4961
      2    1  0.00000E+00  4.41931E-02  4.95568E+00  4.16658E-02  3.51213E-10  118.5393
      3    1  0.00000E+00  7.36551E-02  4.92622E+00  4.16658E-02  6.42784E-10   95.5918
      4    1  0.00000E+00  1.03117E-01  4.89676E+00  4.16658E-02  9.36313E-10   87.0460
      5    1  0.00000E+00  1.32579E-01  4.86730E+00  4.16658E-02  1.19478E-09   82.3646
      6    1  0.00000E+00  1.62041E-01  4.83783E+00  4.16658E-02  1.48931E-09   79.0463
      7    2  1.47310E-02  0.00000E+00  4.98515E+00  4.16658E-02  2.60767E-10 -174.4961
      8    2  4.41931E-02  0.00000E+00  4.95568E+00  4.16658E-02  3.51213E-10  118.5393
      9    2  7.36551E-02  0.00000E+00  4.92622E+00  4.16658E-02  6.42784E-10   95.5918
     10    2  1.03117E-01  0.00000E+00  4.89676E+00  4.16658E-02  9.36313E-10   87.0460
     11    2  1.32579E-01  0.00000E+00  4.86730E+00  4.16658E-02  1.19478E-09   82.3646
     12    2  1.62041E-01  0.00000E+00  4.83783E+00  4.16658E-02  1.48931E-09   79.0463
     13    3  0.00000E+00 -1.47310E-02  4.98515E+00  4.16658E-02  2.60767E-10 -174.4961
     14    3  0.00000E+00 -4.41931E-02  4.95568E+00  4.16658E-02  3.51213E-10  118.5393
     15    3  0.00000E+00 -7.36551E-02  4.92622E+00  4.16658E-02  6.42784E-10   95.5918
     16    3  0.00000E+00 -1.03117E-01  4.89676E+00  4.16658E-02  9.36313E-10   87.0460
     17    3  0.00000E+00 -1.32579E-01  4.86730E+00  4.16658E-02  1.19478E-09   82.3646
     18    3  0.00000E+00 -1.62041E-01  4.83783E+00  4.16658E-02  1.48931E-09   79.0463
     19    4 -1.47310E-02  0.00000E+00  4.98515E+00  4.16658E-02  2.60767E-10 -174.4961
     20    4 -4.41931E-02  0.00000E+00  4.95568E+00  4.16658E-02  3.51213E-10  118.5393
     21    4 -7.36551E-02  0.00000E+00  4.92622E+00  4.16658E-02  6.42784E-10   95.5918
     22    4 -1.03117E-01  0.00000E+00  4.89676E+00  4.16658E-02  9.36313E-10   87.0460
     23    4 -1.32579E-01  0.00000E+00  4.86730E+00  4.16658E-02  1.19478E-09   82.3646
     24    4 -1.62041E-01  0.00000E+00  4.83783E+00  4.16658E-02  1.48931E-09   79.0463
     25    5  0.00000E+00  0.00000E+00  5.02388E+00  4.79988E-02  9.41310E-10  -53.8645
     26    5  0.00000E+00  0.00000E+00  5.07187E+00  4.79988E-02  2.12062E-09  -84.2733
     27    5  0.00000E+00  0.00000E+00  5.11987E+00  4.79988E-02  3.28112E-09  -90.5167
     28    5  0.00000E+00  0.00000E+00  5.16787E+00  4.79988E-02  4.25450E-09  -93.3905
     29    5  0.00000E+00  0.00000E+00  5.21587E+00  4.79988E-02  5.26542E-09  -95.2904



                                        - - - POWER BUDGET - - -

                                           INPUT POWER   = 5.5621E+01 WATTS
                                           RADIATED POWER= 5.5621E+01 WATTS
                                           WIRE LOSS     = 0.0000E+00 WATTS
                                           EFFICIENCY    = 100.00 PERCENT




 ***** INPUT LINE  6  EN   0    0    0    0  0.00000E+00  0.00000E+00  0.00000E+00  0.00000E+00  0.00000E+00  0.00000E+00

 RUN TIME =     0.000
