1
 x13



                                ***********************************************
                                *                                             *
                                *  NUMERICAL ELECTROMAGNETICS CODE (NEC-5)    *
                                *                                             *
                                ***********************************************




                      **********************************************************

                          Dipole in free space                                                         
                                                                                                       
                          EZNEC Pro/2+ v. 7.0.4  2026-08-25 16:07:09                                   
                                                                                                       
                          ! Written by EZNEC/Pro+ v. 7.0 in NEC-5 format.                              
                                                                                                       

                      **********************************************************





                                 - - - STRUCTURE SPECIFICATION - - -

                                     COORDINATES MUST BE INPUT IN
                                     METERS OR BE SCALED TO METERS
                                     BEFORE STRUCTURE INPUT IS ENDED

 Model definition commands:

 GW    1    11  0.00000E+00 -2.50000E-01  0.00000E+00  0.00000E+00  2.50000E-01  0.00000E+00  5.00000E-04
 GE    0   -1

 Number of nodes :    12
 Number of wire elements :    11
 Number of patch elements:     0
 Number unknowns:    10




 ***** INPUT LINE  1  FR   0    1    0    0  3.41000E+02  0.00000E+00  0.00000E+00  0.00000E+00  0.00000E+00  0.00000E+00
 ***** INPUT LINE  2  GN  -1    0    0    0  0.00000E+00  0.00000E+00  0.00000E+00  0.00000E+00  0.00000E+00  0.00000E+00
 ***** INPUT LINE  3  EX   4    1    6    0  1.41421E+00  0.00000E+00  0.00000E+00  0.00000E+00  0.00000E+00  0.00000E+00
 ***** INPUT LINE  4  PQ   0    0    0    0  0.00000E+00  0.00000E+00  0.00000E+00  0.00000E+00  0.00000E+00  0.00000E+00
 ***** INPUT LINE  5  XQ   0    0    0    0  0.00000E+00  0.00000E+00  0.00000E+00  0.00000E+00  0.00000E+00  0.00000E+00




                                 - - - - - - FREQUENCY - - - - - -

                                    FREQUENCY= 3.4100E+02 MHZ
                                    WAVELENGTH= 8.7918E-01 METERS



                                  - - - ANTENNA ENVIRONMENT - - -

                                            FREE SPACE



                               - - - STRUCTURE IMPEDANCE LOADING - - -

                                   THIS STRUCTURE IS NOT LOADED
ALLOCATE CM:            100



                                - - - MATRIX TIMING - - -

                        FILL=    0.000 SEC.,  FACTOR=    0.000 SEC.



                                          - - - ANTENNA INPUT PARAMETERS - - -

   TAG   SEG.    VOLTAGE (VOLTS)         CURRENT (AMPS)         IMPEDANCE (OHMS)        ADMITTANCE (MHOS)      POWER
   NO.   NO.    REAL        IMAG.       REAL        IMAG.       REAL        IMAG.       REAL        IMAG.     (WATTS)
   1     6 1  1.7962E+02  2.5557E+02  1.4142E+00  0.0000E+00  1.2701E+02  1.8071E+02  2.6033E-03 -3.7040E-03  1.2701E+02



                                       - - - Wire Currents - - -

                             Lengths normalized by wavelength (or 2.*pi/CABS(k))

  Elem.  Tag            Coord. of seg. center          Seg.            - - - Current (Amps) - - -
   No.   No.     X            Y            Z           Length       Real         Imag.        Mag.         Phase
      1    1  0.00000E+00 -2.58506E-01  0.00000E+00  5.17011E-02  2.84683E-01 -5.25498E-02  2.89492E-01  -10.4586
      2    1  0.00000E+00 -2.06805E-01  0.00000E+00  5.17011E-02  7.96474E-01 -1.37229E-01  8.08209E-01   -9.7758
      3    1  0.00000E+00 -1.55103E-01  0.00000E+00  5.17011E-02  1.19167E+00 -1.81720E-01  1.20544E+00   -8.6704
      4    1  0.00000E+00 -1.03402E-01  0.00000E+00  5.17011E-02  1.45539E+00 -1.85259E-01  1.46714E+00   -7.2543
      5    1  0.00000E+00 -5.17011E-02  0.00000E+00  5.17011E-02  1.56417E+00 -1.45769E-01  1.57095E+00   -5.3242
      6    1  0.00000E+00  3.94624E-17  0.00000E+00  5.17011E-02  1.49576E+00 -5.75505E-02  1.49686E+00   -2.2034
      7    1  0.00000E+00  5.17011E-02  0.00000E+00  5.17011E-02  1.41706E+00 -4.14714E-02  1.41767E+00   -1.6763
      8    1  0.00000E+00  1.03402E-01  0.00000E+00  5.17011E-02  1.33535E+00 -9.92865E-02  1.33904E+00   -4.2523
      9    1  0.00000E+00  1.55103E-01  0.00000E+00  5.17011E-02  1.09717E+00 -1.13405E-01  1.10302E+00   -5.9012
     10    1  0.00000E+00  2.06805E-01  0.00000E+00  5.17011E-02  7.34487E-01 -9.20140E-02  7.40228E-01   -7.1406
     11    1  0.00000E+00  2.58506E-01  0.00000E+00  5.17011E-02  2.62711E-01 -3.64239E-02  2.65224E-01   -7.8935



                             - - - Wire Charge Densities - - -

                     Lengths normalized by wavelength (or 2.*pi/CABS(k))

  ELEM.  TAG          Coord. of Seg. Center           Seg.        Charge Density (C/m)
   No.   No.     X            Y            Z          Length        Mag.         Phase
      1    1  0.00000E+00 -2.58506E-01  0.00000E+00  5.17011E-02  5.94504E-09   79.5414
      2    1  0.00000E+00 -2.06805E-01  0.00000E+00  5.17011E-02  4.71037E-09   81.9477
      3    1  0.00000E+00 -1.55103E-01  0.00000E+00  5.17011E-02  3.46108E-09   85.7937
      4    1  0.00000E+00 -1.03402E-01  0.00000E+00  5.17011E-02  1.97256E-09   95.2702
      5    1  0.00000E+00 -5.17011E-02  0.00000E+00  5.17011E-02  6.85070E-10  156.8265
      6    1  0.00000E+00  3.94624E-17  0.00000E+00  5.17011E-02  2.04961E-09 -125.2139
      7    1  0.00000E+00  5.17011E-02  0.00000E+00  5.17011E-02  8.53671E-10    3.9311
      8    1  0.00000E+00  1.03402E-01  0.00000E+00  5.17011E-02  1.76871E-09  -79.0610
      9    1  0.00000E+00  1.55103E-01  0.00000E+00  5.17011E-02  3.15508E-09  -90.8298
     10    1  0.00000E+00  2.06805E-01  0.00000E+00  5.17011E-02  4.31137E-09  -95.2380
     11    1  0.00000E+00  2.58506E-01  0.00000E+00  5.17011E-02  5.44668E-09  -97.8935



                                        - - - POWER BUDGET - - -

                                           INPUT POWER   = 1.2701E+02 WATTS
                                           RADIATED POWER= 1.2701E+02 WATTS
                                           WIRE LOSS     = 0.0000E+00 WATTS
                                           EFFICIENCY    = 100.00 PERCENT




 ***** INPUT LINE  6  EN   0    0    0    0  0.00000E+00  0.00000E+00  0.00000E+00  0.00000E+00  0.00000E+00  0.00000E+00

 RUN TIME =     0.000
