1
 x13



                                ***********************************************
                                *                                             *
                                *  NUMERICAL ELECTROMAGNETICS CODE (NEC-5)    *
                                *                                             *
                                ***********************************************




                      **********************************************************

                          Dipole in free space                                                         
                                                                                                       
                          EZNEC Pro/2+ v. 7.0.4  2026-08-25 16:07:07                                   
                                                                                                       
                          ! Written by EZNEC/Pro+ v. 7.0 in NEC-5 format.                              
                                                                                                       

                      **********************************************************





                                 - - - STRUCTURE SPECIFICATION - - -

                                     COORDINATES MUST BE INPUT IN
                                     METERS OR BE SCALED TO METERS
                                     BEFORE STRUCTURE INPUT IS ENDED

 Model definition commands:

 GW    1    11  0.00000E+00 -2.50000E-01  0.00000E+00  0.00000E+00  2.50000E-01  0.00000E+00  5.00000E-04
 GE    0   -1

 Number of nodes :    12
 Number of wire elements :    11
 Number of patch elements:     0
 Number unknowns:    10




 ***** INPUT LINE  1  FR   0    1    0    0  3.35000E+02  0.00000E+00  0.00000E+00  0.00000E+00  0.00000E+00  0.00000E+00
 ***** INPUT LINE  2  GN  -1    0    0    0  0.00000E+00  0.00000E+00  0.00000E+00  0.00000E+00  0.00000E+00  0.00000E+00
 ***** INPUT LINE  3  EX   4    1    6    0  1.41421E+00  0.00000E+00  0.00000E+00  0.00000E+00  0.00000E+00  0.00000E+00
 ***** INPUT LINE  4  PQ   0    0    0    0  0.00000E+00  0.00000E+00  0.00000E+00  0.00000E+00  0.00000E+00  0.00000E+00
 ***** INPUT LINE  5  XQ   0    0    0    0  0.00000E+00  0.00000E+00  0.00000E+00  0.00000E+00  0.00000E+00  0.00000E+00




                                 - - - - - - FREQUENCY - - - - - -

                                    FREQUENCY= 3.3500E+02 MHZ
                                    WAVELENGTH= 8.9493E-01 METERS



                                  - - - ANTENNA ENVIRONMENT - - -

                                            FREE SPACE



                               - - - STRUCTURE IMPEDANCE LOADING - - -

                                   THIS STRUCTURE IS NOT LOADED
ALLOCATE CM:            100



                                - - - MATRIX TIMING - - -

                        FILL=    0.000 SEC.,  FACTOR=    0.000 SEC.



                                          - - - ANTENNA INPUT PARAMETERS - - -

   TAG   SEG.    VOLTAGE (VOLTS)         CURRENT (AMPS)         IMPEDANCE (OHMS)        ADMITTANCE (MHOS)      POWER
   NO.   NO.    REAL        IMAG.       REAL        IMAG.       REAL        IMAG.       REAL        IMAG.     (WATTS)
   1     6 1  1.6769E+02  2.2353E+02  1.4142E+00  0.0000E+00  1.1858E+02  1.5806E+02  3.0371E-03 -4.0483E-03  1.1858E+02



                                       - - - Wire Currents - - -

                             Lengths normalized by wavelength (or 2.*pi/CABS(k))

  Elem.  Tag            Coord. of seg. center          Seg.            - - - Current (Amps) - - -
   No.   No.     X            Y            Z           Length       Real         Imag.        Mag.         Phase
      1    1  0.00000E+00 -2.53957E-01  0.00000E+00  5.07914E-02  2.75519E-01 -4.80015E-02  2.79670E-01   -9.8830
      2    1  0.00000E+00 -2.03166E-01  0.00000E+00  5.07914E-02  7.71618E-01 -1.25258E-01  7.81718E-01   -9.2205
      3    1  0.00000E+00 -1.52374E-01  0.00000E+00  5.07914E-02  1.15716E+00 -1.65752E-01  1.16897E+00   -8.1516
      4    1  0.00000E+00 -1.01583E-01  0.00000E+00  5.07914E-02  1.41892E+00 -1.68967E-01  1.42895E+00   -6.7909
      5    1  0.00000E+00 -5.07914E-02  0.00000E+00  5.07914E-02  1.53476E+00 -1.33026E-01  1.54052E+00   -4.9537
      6    1  0.00000E+00  3.87680E-17  0.00000E+00  5.07914E-02  1.48401E+00 -5.25533E-02  1.48494E+00   -2.0282
      7    1  0.00000E+00  5.07914E-02  0.00000E+00  5.07914E-02  1.40931E+00 -3.81881E-02  1.40983E+00   -1.5522
      8    1  0.00000E+00  1.01583E-01  0.00000E+00  5.07914E-02  1.31729E+00 -9.14414E-02  1.32046E+00   -3.9709
      9    1  0.00000E+00  1.52374E-01  0.00000E+00  5.07914E-02  1.07754E+00 -1.04499E-01  1.08259E+00   -5.5392
     10    1  0.00000E+00  2.03166E-01  0.00000E+00  5.07914E-02  7.19544E-01 -8.48721E-02  7.24532E-01   -6.7271
     11    1  0.00000E+00  2.53957E-01  0.00000E+00  5.07914E-02  2.57089E-01 -3.36267E-02  2.59279E-01   -7.4519



                             - - - Wire Charge Densities - - -

                     Lengths normalized by wavelength (or 2.*pi/CABS(k))

  ELEM.  TAG          Coord. of Seg. Center           Seg.        Charge Density (C/m)
   No.   No.     X            Y            Z          Length        Mag.         Phase
      1    1  0.00000E+00 -2.53957E-01  0.00000E+00  5.07914E-02  5.84620E-09   80.1170
      2    1  0.00000E+00 -2.03166E-01  0.00000E+00  5.07914E-02  4.65134E-09   82.4450
      3    1  0.00000E+00 -1.52374E-01  0.00000E+00  5.07914E-02  3.45633E-09   86.1026
      4    1  0.00000E+00 -1.01583E-01  0.00000E+00  5.07914E-02  2.03049E-09   94.7377
      5    1  0.00000E+00 -5.07914E-02  0.00000E+00  5.07914E-02  7.06434E-10  145.7048
      6    1  0.00000E+00  3.87680E-17  0.00000E+00  5.07914E-02  1.82636E-09 -126.9780
      7    1  0.00000E+00  5.07914E-02  0.00000E+00  5.07914E-02  8.04826E-10   -7.3122
      8    1  0.00000E+00  1.01583E-01  0.00000E+00  5.07914E-02  1.84831E-09  -80.1898
      9    1  0.00000E+00  1.52374E-01  0.00000E+00  5.07914E-02  3.19075E-09  -90.7538
     10    1  0.00000E+00  2.03166E-01  0.00000E+00  5.07914E-02  4.30872E-09  -94.9035
     11    1  0.00000E+00  2.53957E-01  0.00000E+00  5.07914E-02  5.41995E-09  -97.4519



                                        - - - POWER BUDGET - - -

                                           INPUT POWER   = 1.1858E+02 WATTS
                                           RADIATED POWER= 1.1858E+02 WATTS
                                           WIRE LOSS     = 0.0000E+00 WATTS
                                           EFFICIENCY    = 100.00 PERCENT




 ***** INPUT LINE  6  EN   0    0    0    0  0.00000E+00  0.00000E+00  0.00000E+00  0.00000E+00  0.00000E+00  0.00000E+00

 RUN TIME =     0.000
